11-11 11:00:54.501   127   227 I BufferQueue: [FramebufferSurface](this:0x4250c008,api:1) [release] fps:3.33, dur:1502.89, max:696.50, min:200.92
11-11 11:00:54.501   127   227 I BufferQueue: [FramebufferSurface](this:0x4250c008,api:1) [queue] fps:3.33, dur:1502.89, max:696.53, min:200.91
11-11 11:00:54.501   127   227 I SurfaceFlinger: [SurfaceFlinger] fps:3.327085,dur:1502.82,max:696.54,min:200.87
11-11 11:00:54.566   677   677 D StatusBar.NetworkControllerGemini: mNetworkName, sim1Inserted is false, sim2Inserted is true.networkname[0]=;networkname[1]=
11-11 11:00:54.580   677   677 D StatusBar.NetworkControllerGemini: mNetworkName, sim1Inserted is false, sim2Inserted is true.networkname[0]=;networkname[1]=
11-11 11:00:55.025   578   610 D BatteryService: mBatteryVoltage=3864
11-11 11:00:55.025   578   610 E BatteryService: Enter GetStatus success
11-11 11:00:55.025   578   610 E BatteryService: ioctl ok: 289
11-11 11:00:55.026   578   594 V ActivityManager: Broadcast sticky: Intent { act=android.intent.action.BATTERY_CHANGED flg=0x60000010 (has extras) } ordered=false userid=-1 callerApp=null
11-11 11:00:55.042   578   610 E BatteryService: Enter GetStatus success
11-11 11:00:55.042   578   610 E BatteryService: ioctl ok: 289
11-11 11:00:55.043   578   610 E BatteryService: Enter GetStatus success
11-11 11:00:55.043   578   610 E BatteryService: ioctl ok: 289
11-11 11:00:55.044   762   762 D Bluetooth HS/HF: [BT][HFG] [API] mStateReceiver.onReceive(android.intent.action.BATTERY_CHANGED)
11-11 11:00:55.045   762  1417 D Bluetooth HS/HF: [BT][HFG] [API] mHandler.handleMessage(9)
11-11 11:00:55.045   762  1417 D Bluetooth HS/HF: [BT][HFG] [API] updateBatteryState
11-11 11:00:55.046  1029  1029 D BatteryInfoReceiver: 53
11-11 11:00:55.577   677   677 D StatusBar.NetworkControllerGemini: mNetworkName, sim1Inserted is false, sim2Inserted is true.networkname[0]=;networkname[1]=
11-11 11:00:55.591   677   677 D StatusBar.NetworkControllerGemini: mNetworkName, sim1Inserted is false, sim2Inserted is true.networkname[0]=;networkname[1]=
11-11 11:00:55.732   677   677 I SurfaceTextureClient: [STC::queueBuffer] (this:0x5c22cdc0) fps:3.21, dur:1247.32, max:679.71, min:164.48
11-11 11:00:55.733   127   127 I BufferQueue: [StatusBar](this:0x45a36108,api:1) [queue] fps:3.21, dur:1247.33, max:679.80, min:164.37
11-11 11:00:55.746   127   227 I BufferQueue: [StatusBar](this:0x45a36108,api:1) [release] fps:3.21, dur:1246.16, max:678.08, min:164.92
11-11 11:00:55.747   127   227 I SurfaceTextureClient: [STC::queueBuffer] (this:0x424ca8c8) fps:3.21, dur:1245.92, max:677.55, min:165.27
11-11 11:00:55.747   127   227 I BufferQueue: [FramebufferSurface](this:0x4250c008,api:1) [release] fps:3.21, dur:1245.93, max:677.62, min:165.27
11-11 11:00:55.747   127   227 I BufferQueue: [FramebufferSurface](this:0x4250c008,api:1) [queue] fps:3.21, dur:1245.92, max:677.64, min:165.29
11-11 11:00:55.747   127   227 I SurfaceFlinger: [SurfaceFlinger] fps:3.210432,dur:1245.94,max:677.69,min:165.26
11-11 11:00:55.979   578   645 D WifiNative-wlan0: doString: SIGNAL_POLL
11-11 11:00:56.000   578   645 V WifiManager: calculateSignalLevel(),numLevels = 5
11-11 11:00:56.001   578   645 V ActivityManager: Broadcast sticky: Intent { act=android.net.wifi.RSSI_CHANGED flg=0x8000010 (has extras) } ordered=false userid=-1 callerApp=ProcessRecord{42697b88 578:system/1000}
11-11 11:00:56.003   578   657 V WifiManager: calculateSignalLevel(),numLevels = 5
11-11 11:00:56.003   578   657 D WifiWatchdogStateMachine: RSSI current: 3 new: -70, 2
11-11 11:00:56.004   677   677 V WifiManager: calculateSignalLevel(),numLevels = 5
11-11 11:00:56.022   677   677 D StatusBar.NetworkControllerGemini: mNetworkName, sim1Inserted is false, sim2Inserted is true.networkname[0]=;networkname[1]=
11-11 11:00:56.026   677   677 D StatusBar.NetworkControllerGemini: mNetworkName, sim1Inserted is false, sim2Inserted is true.networkname[0]=;networkname[1]=
11-11 11:00:56.587   677   677 D StatusBar.NetworkControllerGemini: mNetworkName, sim1Inserted is false, sim2Inserted is true.networkname[0]=;networkname[1]=
11-11 11:00:56.604   677   677 D StatusBar.NetworkControllerGemini: mNetworkName, sim1Inserted is false, sim2Inserted is true.networkname[0]=;networkname[1]=
11-11 11:00:56.740   677   677 I SurfaceTextureClient: [STC::queueBuffer] (this:0x5c22cdc0) fps:5.95, dur:1007.95, max:202.79, min:96.76
11-11 11:00:56.741   127   602 I BufferQueue: [StatusBar](this:0x45a36108,api:1) [queue] fps:5.95, dur:1007.94, max:202.87, min:96.75
11-11 11:00:56.754   127   227 I BufferQueue: [StatusBar](this:0x45a36108,api:1) [release] fps:5.95, dur:1007.93, max:201.61, min:91.35
11-11 11:00:56.755   127   227 I SurfaceTextureClient: [STC::queueBuffer] (this:0x424ca8c8) fps:5.95, dur:1007.96, max:202.13, min:90.46
11-11 11:00:56.755   127   227 I BufferQueue: [FramebufferSurface](this:0x4250c008,api:1) [release] fps:5.95, dur:1007.95, max:202.05, min:90.45
11-11 11:00:56.755   127   227 I BufferQueue: [FramebufferSurface](this:0x4250c008,api:1) [queue] fps:5.95, dur:1007.96, max:202.01, min:90.45
11-11 11:00:56.755   127   227 I SurfaceFlinger: [SurfaceFlinger] fps:5.952713,dur:1007.94,max:201.98,min:90.42
11-11 11:00:57.600   677   677 D StatusBar.NetworkControllerGemini: mNetworkName, sim1Inserted is false, sim2Inserted is true.networkname[0]=;networkname[1]=
11-11 11:00:57.616   677   677 D StatusBar.NetworkControllerGemini: mNetworkName, sim1Inserted is false, sim2Inserted is true.networkname[0]=;networkname[1]=
11-11 11:00:57.748   677   677 I SurfaceTextureClient: [STC::queueBuffer] (this:0x5c22cdc0) fps:4.96, dur:1008.20, max:203.13, min:200.48
11-11 11:00:57.749   127   424 I BufferQueue: [StatusBar](this:0x45a36108,api:1) [queue] fps:4.96, dur:1008.21, max:203.22, min:200.40
11-11 11:00:57.762   127   227 I BufferQueue: [StatusBar](this:0x45a36108,api:1) [release] fps:4.96, dur:1007.98, max:201.66, min:201.49
11-11 11:00:57.763   127   227 I SurfaceTextureClient: [STC::queueBuffer] (this:0x424ca8c8) fps:4.96, dur:1008.22, max:202.17, min:201.28
11-11 11:00:57.763   127   227 I BufferQueue: [FramebufferSurface](this:0x4250c008,api:1) [release] fps:4.96, dur:1008.23, max:202.18, min:201.28
11-11 11:00:57.763   127   227 I BufferQueue: [FramebufferSurface](this:0x4250c008,api:1) [queue] fps:4.96, dur:1008.23, max:202.18, min:201.27
11-11 11:00:57.763   127   227 I SurfaceFlinger: [SurfaceFlinger] fps:4.959198,dur:1008.23,max:202.17,min:201.28
11-11 11:00:58.611   677   677 D StatusBar.NetworkControllerGemini: mNetworkName, sim1Inserted is false, sim2Inserted is true.networkname[0]=;networkname[1]=
11-11 11:00:58.624   677   677 D StatusBar.NetworkControllerGemini: mNetworkName, sim1Inserted is false, sim2Inserted is true.networkname[0]=;networkname[1]=
11-11 11:00:58.847   677   677 I SurfaceTextureClient: [STC::queueBuffer] (this:0x5c22cdc0) fps:2.73, dur:1098.12, max:695.24, min:200.27
11-11 11:00:58.847   127   424 I BufferQueue: [StatusBar](this:0x45a36108,api:1) [queue] fps:2.73, dur:1098.12, max:695.14, min:200.18
11-11 11:00:58.861   127   227 I BufferQueue: [StatusBar](this:0x45a36108,api:1) [release] fps:2.73, dur:1099.51, max:696.11, min:201.56
11-11 11:00:58.863   127   227 I SurfaceTextureClient: [STC::queueBuffer] (this:0x424ca8c8) fps:2.73, dur:1099.48, max:695.67, min:201.52
11-11 11:00:58.863   127   227 I BufferQueue: [FramebufferSurface](this:0x4250c008,api:1) [release] fps:2.73, dur:1099.48, max:695.65, min:201.45
11-11 11:00:58.863   127   227 I BufferQueue: [FramebufferSurface](this:0x4250c008,api:1) [queue] fps:2.73, dur:1099.48, max:695.65, min:201.41
11-11 11:00:58.863   127   227 I SurfaceFlinger: [SurfaceFlinger] fps:2.728557,dur:1099.48,max:695.61,min:201.40
11-11 11:00:59.015   578   645 D WifiNative-wlan0: doString: SIGNAL_POLL
11-11 11:00:59.030   578   645 V WifiManager: calculateSignalLevel(),numLevels = 5
11-11 11:00:59.621   677   677 D StatusBar.NetworkControllerGemini: mNetworkName, sim1Inserted is false, sim2Inserted is true.networkname[0]=;networkname[1]=
11-11 11:00:59.637   677   677 D StatusBar.NetworkControllerGemini: mNetworkName, sim1Inserted is false, sim2Inserted is true.networkname[0]=;networkname[1]=
11-11 11:01:00.000   578   613 V AlarmManager: Native set alarm :Alarm{43959920 type 3 com.miui.providers.weather}
11-11 11:01:00.000   578   613 I AlarmManager: reset poweroff alarm none
11-11 11:01:00.000   578   613 V ActivityManager: Broadcast: Intent { act=android.intent.action.TIME_TICK flg=0x50000014 (has extras) } ordered=true userid=-1 callerApp=null
11-11 11:01:00.012   578   613 D PowerManagerDisplayController: requestPowerState: screenState=2, useProximitySensor=false, forceProximitySensorEnable=false, forceWakeUpEnable=false, screenBrightness=60, screenAutoBrightnessAdjustment=0.0, useAutoBrightness=false, useEcoBrightness=false, blockScreenOn=false, waitForNegativeProximity=false
11-11 11:01:00.012   578   613 I PowerManagerService: setBrightness mButtonLight 0.
11-11 11:01:00.013   578   594 V AlarmManager: Native set alarm :Alarm{4397b5d8 type 3 android}
11-11 11:01:00.039   855   855 I SurfaceTextureClient: [STC::queueBuffer] (this:0x5f767c10) fps:0.03, dur:59983.13, max:59947.31, min:35.82
11-11 11:01:00.039   855   855 I SurfaceTextureClient: [STC::queueBuffer] this:0x5f767c10, api:1, last queue time elapsed:59947.31
11-11 11:01:00.039   127   424 I BufferQueue: [com.miui.home/com.miui.home.launcher.Launcher](this:0x45a3c108,api:1) [queue] fps:0.03, dur:59983.06, max:59947.36, min:35.70
11-11 11:01:00.042   677   677 I SurfaceTextureClient: [STC::queueBuffer] (this:0x5c22cdc0) fps:5.02, dur:1195.27, max:205.72, min:190.17
11-11 11:01:00.042   127  1180 I BufferQueue: [StatusBar](this:0x45a36108,api:1) [queue] fps:5.02, dur:1195.08, max:205.61, min:190.16
11-11 11:01:00.049   677   677 D PictureClock: newTime=11:01
11-11 11:01:00.052   127   227 I BufferQueue: [com.miui.home/com.miui.home.launcher.Launcher](this:0x45a3c108,api:1) [release] fps:0.03, dur:59980.69, max:59944.03, min:36.66
11-11 11:01:00.053   127   227 I BufferQueue: [StatusBar](this:0x45a36108,api:1) [release] fps:5.04, dur:1191.19, max:201.85, min:183.02
11-11 11:01:00.053   127   227 I SurfaceTextureClient: [STC::queueBuffer] (this:0x424ca8c8) fps:5.04, dur:1190.62, max:202.41, min:182.68
11-11 11:01:00.053   127   227 I BufferQueue: [FramebufferSurface](this:0x4250c008,api:1) [release] fps:5.04, dur:1190.56, max:202.42, min:182.67
11-11 11:01:00.053   127   227 I BufferQueue: [FramebufferSurface](this:0x4250c008,api:1) [queue] fps:5.04, dur:1190.55, max:202.42, min:182.67
11-11 11:01:00.053   127   227 I SurfaceFlinger: [SurfaceFlinger] fps:5.039778,dur:1190.53,max:202.46,min:182.63
11-11 11:01:00.054   855   855 I NotifierManager: onNotify: miui.maml.NotifierManager$BroadcastNotifier@42fd5cf8
11-11 11:01:00.059   578   594 D PowerManagerDisplayController: requestPowerState: screenState=2, useProximitySensor=false, forceProximitySensorEnable=false, forceWakeUpEnable=false, screenBrightness=60, screenAutoBrightnessAdjustment=0.0, useAutoBrightness=false, useEcoBrightness=false, blockScreenOn=false, waitForNegativeProximity=false
11-11 11:01:00.059   578   594 I PowerManagerService: setBrightness mButtonLight 0.
11-11 11:01:00.633   677   677 D StatusBar.NetworkControllerGemini: mNetworkName, sim1Inserted is false, sim2Inserted is true.networkname[0]=;networkname[1]=
11-11 11:01:00.649   677   677 D StatusBar.NetworkControllerGemini: mNetworkName, sim1Inserted is false, sim2Inserted is true.networkname[0]=;networkname[1]=
11-11 11:01:01.559   677   677 I SurfaceTextureClient: [STC::queueBuffer] (this:0x5c22cdc0) fps:3.30, dur:1517.00, max:696.33, min:197.85
11-11 11:01:01.559   127   602 I BufferQueue: [StatusBar](this:0x45a36108,api:1) [queue] fps:3.30, dur:1517.19, max:696.41, min:197.96
11-11 11:01:01.574   127   227 I BufferQueue: [StatusBar](this:0x45a36108,api:1) [release] fps:3.29, dur:1521.05, max:696.39, min:201.58
11-11 11:01:01.575   127   227 I SurfaceTextureClient: [STC::queueBuffer] (this:0x424ca8c8) fps:3.94, dur:1521.38, max:696.45, min:36.38
11-11 11:01:01.575   127   227 I BufferQueue: [FramebufferSurface](this:0x4250c008,api:1) [release] fps:3.94, dur:1521.43, max:696.52, min:36.35
11-11 11:01:01.575   127   227 I BufferQueue: [FramebufferSurface](this:0x4250c008,api:1) [queue] fps:3.94, dur:1521.44, max:696.56, min:36.31
11-11 11:01:01.575   127   227 I SurfaceFlinger: [SurfaceFlinger] fps:3.943581,dur:1521.46,max:696.57,min:36.29
11-11 11:01:01.644   677   677 D StatusBar.NetworkControllerGemini: mNetworkName, sim1Inserted is false, sim2Inserted is true.networkname[0]=;networkname[1]=
11-11 11:01:01.655   677   677 D StatusBar.NetworkControllerGemini: mNetworkName, sim1Inserted is false, sim2Inserted is true.networkname[0]=;networkname[1]=
11-11 11:01:02.034   578   645 D WifiNative-wlan0: doString: SIGNAL_POLL
11-11 11:01:02.050   578   645 V WifiManager: calculateSignalLevel(),numLevels = 5
11-11 11:01:02.567   677   677 I SurfaceTextureClient: [STC::queueBuffer] (this:0x5c22cdc0) fps:4.96, dur:1007.84, max:202.72, min:200.54
11-11 11:01:02.567   127   424 I BufferQueue: [StatusBar](this:0x45a36108,api:1) [queue] fps:4.96, dur:1007.83, max:202.65, min:200.54
11-11 11:01:02.582   127   227 I BufferQueue: [StatusBar](this:0x45a36108,api:1) [release] fps:4.96, dur:1007.93, max:201.65, min:201.53
11-11 11:01:02.583   127   227 I SurfaceTextureClient: [STC::queueBuffer] (this:0x424ca8c8) fps:4.96, dur:1008.19, max:202.15, min:201.29
11-11 11:01:02.583   127   227 I BufferQueue: [FramebufferSurface](this:0x4250c008,api:1) [release] fps:4.96, dur:1008.19, max:202.16, min:201.29
11-11 11:01:02.583   127   227 I BufferQueue: [FramebufferSurface](this:0x4250c008,api:1) [queue] fps:4.96, dur:1008.19, max:202.16, min:201.29
11-11 11:01:02.583   127   227 I SurfaceFlinger: [SurfaceFlinger] fps:4.959384,dur:1008.19,max:202.15,min:201.30
11-11 11:01:02.654   677   677 D StatusBar.NetworkControllerGemini: mNetworkName, sim1Inserted is false, sim2Inserted is true.networkname[0]=;networkname[1]=
11-11 11:01:02.670   677   677 D StatusBar.NetworkControllerGemini: mNetworkName, sim1Inserted is false, sim2Inserted is true.networkname[0]=;networkname[1]=
11-11 11:01:03.575   677   677 I SurfaceTextureClient: [STC::queueBuffer] (this:0x5c22cdc0) fps:4.96, dur:1007.94, max:201.84, min:201.45
11-11 11:01:03.575   127  1180 I BufferQueue: [StatusBar](this:0x45a36108,api:1) [queue] fps:4.96, dur:1007.95, max:201.77, min:201.45
11-11 11:01:03.590   127   227 I BufferQueue: [StatusBar](this:0x45a36108,api:1) [release] fps:4.96, dur:1007.92, max:201.60, min:201.55
11-11 11:01:03.591   127   227 I SurfaceTextureClient: [STC::queueBuffer] (this:0x424ca8c8) fps:4.96, dur:1007.91, max:202.17, min:201.31
11-11 11:01:03.591   127   227 I BufferQueue: [FramebufferSurface](this:0x4250c008,api:1) [release] fps:4.96, dur:1007.91, max:202.17, min:201.35
11-11 11:01:03.591   127   227 I BufferQueue: [FramebufferSurface](this:0x4250c008,api:1) [queue] fps:4.96, dur:1007.91, max:202.17, min:201.35
11-11 11:01:03.591   127   227 I SurfaceFlinger: [SurfaceFlinger] fps:4.960758,dur:1007.91,max:202.16,min:201.35
11-11 11:01:04.249   843   997 I System.out: [socket][237:46506] exception
11-11 11:01:04.249   843   997 I System.out: [CDS]close[46506]
11-11 11:01:04.250   843   997 W PushService: 2015-11-11 11:01:04,249 - [WARN::PushService] - SMACK: Could not connect to:app01.nodes.gslb.mi-idc.com
11-11 11:01:04.250   843   997 W PushService: 2015-11-11 11:01:04,250 - [WARN::PushService] - [Thread:45] begin to connect to 42.62.48.181
11-11 11:01:04.251  1375  6909 I XiaomiFirewall: firewall pkgName:com.xiaomi.xmsf, result:0
11-11 11:01:04.252   843   997 I System.out: [socket][237] connection /42.62.48.181:5222;LocalPort=45635(10000)
11-11 11:01:04.252   843   997 I System.out: [CDS]connect[/42.62.48.181:5222] tm:10
11-11 11:01:04.253   843   997 D Posix   : [Posix_connect Debug]Process com.xiaomi.xmsf :5222 
11-11 11:01:04.667   677   677 D StatusBar.NetworkControllerGemini: mNetworkName, sim1Inserted is false, sim2Inserted is true.networkname[0]=;networkname[1]=
11-11 11:01:04.683   677   677 D StatusBar.NetworkControllerGemini: mNetworkName, sim1Inserted is false, sim2Inserted is true.networkname[0]=;networkname[1]=
11-11 11:01:04.693   677   677 I SurfaceTextureClient: [STC::queueBuffer] (this:0x5c22cdc0) fps:2.68, dur:1118.32, max:696.43, min:201.69
11-11 11:01:04.693   127  1180 I BufferQueue: [StatusBar](this:0x45a36108,api:1) [queue] fps:2.68, dur:1118.20, max:696.43, min:201.61
11-11 11:01:04.707   127   227 I BufferQueue: [StatusBar](this:0x45a36108,api:1) [release] fps:2.68, dur:1117.63, max:696.38, min:201.61
11-11 11:01:04.708   127   227 I SurfaceTextureClient: [STC::queueBuffer] (this:0x424ca8c8) fps:2.69, dur:1117.06, max:696.73, min:201.56
11-11 11:01:04.708   127   227 I BufferQueue: [FramebufferSurface](this:0x4250c008,api:1) [release] fps:2.69, dur:1117.00, max:696.73, min:201.49
11-11 11:01:04.708   127   227 I BufferQueue: [FramebufferSurface](this:0x4250c008,api:1) [queue] fps:2.69, dur:1116.99, max:696.73, min:201.45
11-11 11:01:04.708   127   227 I SurfaceFlinger: [SurfaceFlinger] fps:2.685850,dur:1116.96,max:696.72,min:201.44
11-11 11:01:05.025   578   610 D BatteryService: mBatteryVoltage=3868
11-11 11:01:05.025   578   610 E BatteryService: Enter GetStatus success
11-11 11:01:05.025   578   610 E BatteryService: ioctl ok: 291
11-11 11:01:05.026   578   594 V ActivityManager: Broadcast sticky: Intent { act=android.intent.action.BATTERY_CHANGED flg=0x60000010 (has extras) } ordered=false userid=-1 callerApp=null
11-11 11:01:05.037   578   610 E BatteryService: Enter GetStatus success
11-11 11:01:05.038   578   610 E BatteryService: ioctl ok: 291
11-11 11:01:05.040   578   610 E BatteryService: Enter GetStatus success
11-11 11:01:05.040   578   610 E BatteryService: ioctl ok: 291
11-11 11:01:05.054   578   645 D WifiNative-wlan0: doString: SIGNAL_POLL
11-11 11:01:05.063   762   762 D Bluetooth HS/HF: [BT][HFG] [API] mStateReceiver.onReceive(android.intent.action.BATTERY_CHANGED)
11-11 11:01:05.063   762  1417 D Bluetooth HS/HF: [BT][HFG] [API] mHandler.handleMessage(9)
11-11 11:01:05.064   762  1417 D Bluetooth HS/HF: [BT][HFG] [API] updateBatteryState
11-11 11:01:05.065  1029  1029 D BatteryInfoReceiver: 53
11-11 11:01:05.070   578   645 V WifiManager: calculateSignalLevel(),numLevels = 5
11-11 11:01:05.371   745 32075 I System.out: [socket][89:53257] exception
11-11 11:01:05.371   745 32075 I System.out: [CDS]close[53257]
11-11 11:01:05.373  1375  6909 I XiaomiFirewall: firewall pkgName:com.sohu.inputmethod.sogou, result:0
11-11 11:01:05.373   745 32075 I System.out: [socket][89] connection /36.110.147.35:80;LocalPort=53069(20000)
11-11 11:01:05.374   745 32075 I System.out: [CDS]connect[/36.110.147.35:80] tm:20
11-11 11:01:05.374   745 32075 D Posix   : [Posix_connect Debug]Process com.sohu.inputmethod.sogou :80 
11-11 11:01:05.438   578 31719 I LocationManagerService: remove 42d31b20
11-11 11:01:05.438   578 31719 D LocationManagerService: removeUpdatesLocked remove Pending uid:1000
11-11 11:01:05.438   578 31719 D LocationManagerService: provider request: passive ProviderRequest[ON interval=0]
11-11 11:01:05.439   578 31719 D LocationManagerService: getAllProviders()=[passive, gps, network]
11-11 11:01:05.439   578 31719 D LocationManagerService: getLastLocation: Request[POWER_NONE passive fastest=0 num=1]
11-11 11:01:05.440   578 31719 D LocationManagerService: moms getLastLocation pkg:android result:0
11-11 11:01:05.440   578 31719 D LocationManagerService: getLastLocation location: null
11-11 11:01:05.441   578 31719 D LocationManagerService: getLastLocation: Request[ACCURACY_FINE gps requested=0 fastest=0 num=1]
11-11 11:01:05.441   578 31719 D LocationManagerService: moms getLastLocation pkg:android result:0
11-11 11:01:05.442   578 31719 D LocationManagerService: getLastLocation location: null
11-11 11:01:05.442   578 31719 D LocationManagerService: getLastLocation: Request[POWER_LOW network requested=0 fastest=0 num=1]
11-11 11:01:05.442   578 31719 D LocationManagerService: moms getLastLocation pkg:android result:0
11-11 11:01:05.443   578 31719 D LocationManagerService: getLastLocation location: null
11-11 11:01:05.443   578 31719 D CountryDetector: Country detected via LocationBasedCountryDetector
11-11 11:01:05.443   578 31719 D CountryDetector: LBS CountryDetector CountryDetected From country: null To country: null
11-11 11:01:05.444   578 31719 V CountryDetector: phonetype=1
11-11 11:01:05.445   578 31719 D CountryDetector: getNetworkBasedCountry: null
11-11 11:01:05.445   578 31719 D CountryDetector: getLastKnownLocationBasedCountry: null
11-11 11:01:05.446   578 31719 D CountryDetector: getSimBasedCountry: CN
11-11 11:01:05.447   578 31719 D CountryDetector: tries to stop LocationBasedDetector (current detector: com.android.server.location.LocationBasedCountryDetector@42d5a390)
11-11 11:01:05.448   578   751 D CountryDetector: startLocationBasedDetection=false detectCountry=(source: 2, countryISO: CN) isAirplaneModeOff()=true mListener=com.android.server.CountryDetectorService$1@428600c0 isGeoCoderImplemnted()=true
11-11 11:01:05.680   677   677 D StatusBar.NetworkControllerGemini: mNetworkName, sim1Inserted is false, sim2Inserted is true.networkname[0]=;networkname[1]=
11-11 11:01:05.693   677   677 D StatusBar.NetworkControllerGemini: mNetworkName, sim1Inserted is false, sim2Inserted is true.networkname[0]=;networkname[1]=
11-11 11:01:05.754   677   677 I SurfaceTextureClient: [STC::queueBuffer] (this:0x5c22cdc0) fps:2.83, dur:1061.48, max:689.01, min:171.30
11-11 11:01:05.755   127  1180 I BufferQueue: [StatusBar](this:0x45a36108,api:1) [queue] fps:2.83, dur:1061.47, max:688.94, min:171.32
11-11 11:01:05.770   127   227 I BufferQueue: [StatusBar](this:0x45a36108,api:1) [release] fps:2.82, dur:1063.18, max:696.62, min:164.70
11-11 11:01:05.771   127   227 I SurfaceTextureClient: [STC::queueBuffer] (this:0x424ca8c8) fps:2.82, dur:1063.77, max:697.04, min:164.13
11-11 11:01:05.772   127   227 I BufferQueue: [FramebufferSurface](this:0x4250c008,api:1) [release] fps:2.82, dur:1063.82, max:697.12, min:164.12
11-11 11:01:05.772   127   227 I BufferQueue: [FramebufferSurface](this:0x4250c008,api:1) [queue] fps:2.82, dur:1063.83, max:697.17, min:164.11
11-11 11:01:05.772   127   227 I SurfaceFlinger: [SurfaceFlinger] fps:2.819927,dur:1063.86,max:697.21,min:164.09
11-11 11:01:06.690   677   677 D StatusBar.NetworkControllerGemini: mNetworkName, sim1Inserted is false, sim2Inserted is true.networkname[0]=;networkname[1]=
11-11 11:01:06.702   677   677 D StatusBar.NetworkControllerGemini: mNetworkName, sim1Inserted is false, sim2Inserted is true.networkname[0]=;networkname[1]=
11-11 11:01:06.762   677   677 I SurfaceTextureClient: [STC::queueBuffer] (this:0x5c22cdc0) fps:4.96, dur:1007.90, max:202.73, min:200.47
11-11 11:01:06.762   127   127 I BufferQueue: [StatusBar](this:0x45a36108,api:1) [queue] fps:4.96, dur:1007.90, max:202.77, min:200.42
11-11 11:01:06.778   127   227 I BufferQueue: [StatusBar](this:0x45a36108,api:1) [release] fps:4.96, dur:1008.02, max:201.66, min:201.57
11-11 11:01:06.780   127   227 I SurfaceTextureClient: [STC::queueBuffer] (this:0x424ca8c8) fps:4.96, dur:1008.30, max:202.25, min:201.37
11-11 11:01:06.780   127   227 I BufferQueue: [FramebufferSurface](this:0x4250c008,api:1) [release] fps:4.96, dur:1008.29, max:202.32, min:201.37
11-11 11:01:06.780   127   227 I BufferQueue: [FramebufferSurface](this:0x4250c008,api:1) [queue] fps:4.96, dur:1008.29, max:202.36, min:201.37
11-11 11:01:06.780   127   227 I SurfaceFlinger: [SurfaceFlinger] fps:4.958889,dur:1008.29,max:202.37,min:201.38
11-11 11:01:07.771   677   677 I SurfaceTextureClient: [STC::queueBuffer] (this:0x5c22cdc0) fps:4.96, dur:1009.05, max:202.68, min:201.34
11-11 11:01:07.772   127   424 I BufferQueue: [StatusBar](this:0x45a36108,api:1) [queue] fps:4.95, dur:1009.18, max:202.74, min:201.34
11-11 11:01:07.786   127   227 I BufferQueue: [StatusBar](this:0x45a36108,api:1) [release] fps:4.96, dur:1007.85, max:201.62, min:201.51
11-11 11:01:07.787   127   227 I SurfaceTextureClient: [STC::queueBuffer] (this:0x424ca8c8) fps:4.96, dur:1007.31, max:201.64, min:201.17
11-11 11:01:07.787   127   227 I BufferQueue: [FramebufferSurface](this:0x4250c008,api:1) [release] fps:4.96, dur:1007.32, max:201.71, min:201.11
11-11 11:01:07.787   127   227 I BufferQueue: [FramebufferSurface](this:0x4250c008,api:1) [queue] fps:4.96, dur:1007.32, max:201.75, min:201.07
11-11 11:01:07.787   127   227 I SurfaceFlinger: [SurfaceFlinger] fps:4.963682,dur:1007.32,max:201.76,min:201.05
11-11 11:01:08.074   578   645 D WifiNative-wlan0: doString: SIGNAL_POLL
11-11 11:01:08.091   578   645 V WifiManager: calculateSignalLevel(),numLevels = 5
11-11 11:01:08.871   677   677 I SurfaceTextureClient: [STC::queueBuffer] (this:0x5c22cdc0) fps:2.73, dur:1099.46, max:696.57, min:201.44
11-11 11:01:08.871   127   424 I BufferQueue: [StatusBar](this:0x45a36108,api:1) [queue] fps:2.73, dur:1099.46, max:696.57, min:201.37
11-11 11:01:08.886   127   227 I BufferQueue: [StatusBar](this:0x45a36108,api:1) [release] fps:2.73, dur:1099.53, max:696.35, min:201.55
11-11 11:01:08.887   127   227 I SurfaceTextureClient: [STC::queueBuffer] (this:0x424ca8c8) fps:2.73, dur:1099.53, max:695.73, min:201.59
11-11 11:01:08.887   127   227 I BufferQueue: [FramebufferSurface](this:0x4250c008,api:1) [release] fps:2.73, dur:1099.53, max:695.72, min:201.66
11-11 11:01:08.887   127   227 I BufferQueue: [FramebufferSurface](this:0x4250c008,api:1) [queue] fps:2.73, dur:1099.53, max:695.71, min:201.70
11-11 11:01:08.887   127   227 I SurfaceFlinger: [SurfaceFlinger] fps:2.728443,dur:1099.53,max:695.73,min:201.70
11-11 11:01:09.707   677   677 D StatusBar.NetworkControllerGemini: mNetworkName, sim1Inserted is false, sim2Inserted is true.networkname[0]=;networkname[1]=
11-11 11:01:09.723   677   677 D StatusBar.NetworkControllerGemini: mNetworkName, sim1Inserted is false, sim2Inserted is true.networkname[0]=;networkname[1]=
11-11 11:01:09.880   677   677 I SurfaceTextureClient: [STC::queueBuffer] (this:0x5c22cdc0) fps:4.95, dur:1009.51, max:203.17, min:201.49
11-11 11:01:09.881   127   127 I BufferQueue: [StatusBar](this:0x45a36108,api:1) [queue] fps:4.95, dur:1009.51, max:203.25, min:201.46
11-11 11:01:09.894   127   227 I BufferQueue: [StatusBar](this:0x45a36108,api:1) [release] fps:4.96, dur:1007.95, max:201.70, min:201.47
11-11 11:01:09.895   127   227 I SurfaceTextureClient: [STC::queueBuffer] (this:0x424ca8c8) fps:4.96, dur:1008.00, max:202.17, min:201.27
11-11 11:01:09.895   127   227 I BufferQueue: [FramebufferSurface](this:0x4250c008,api:1) [release] fps:4.96, dur:1008.00, max:202.17, min:201.30
11-11 11:01:09.895   127   227 I BufferQueue: [FramebufferSurface](this:0x4250c008,api:1) [queue] fps:4.96, dur:1008.00, max:202.17, min:201.30
11-11 11:01:09.895   127   227 I SurfaceFlinger: [SurfaceFlinger] fps:4.960294,dur:1008.00,max:202.16,min:201.31
11-11 11:01:10.240   578   824 V ActivityManager: Broadcast sticky: Intent { act=android.intent.action.SIG_STR flg=0x10 (has extras) } ordered=false userid=-1 callerApp=ProcessRecord{42697b88 578:system/1000}
11-11 11:01:10.241   677   677 D StatusBar.NetworkControllerGemini: PhoneStateListener:onSignalStrengthsChanged, sim2 before.
11-11 11:01:10.241   677   677 D StatusBar.NetworkControllerGemini: PhoneStateListener:onSignalStrengthsChanged, signalStrength=5
11-11 11:01:10.246   677   677 D StatusBar.NetworkControllerGemini: mNetworkName, sim1Inserted is false, sim2Inserted is true.networkname[0]=;networkname[1]=
11-11 11:01:10.249   762   762 D Bluetooth HS/HF: [BT][HFG] [API] mStateReceiver.onReceive(android.intent.action.SIG_STR)
11-11 11:01:10.249   762  1417 D Bluetooth HS/HF: [BT][HFG] [API] mHandler.handleMessage(10)
11-11 11:01:10.249   677   677 D StatusBar.NetworkControllerGemini: PhoneStateListener:onSignalStrengthsChanged, sim2 after.
11-11 11:01:10.713   677   677 D StatusBar.NetworkControllerGemini: mNetworkName, sim1Inserted is false, sim2Inserted is true.networkname[0]=;networkname[1]=
11-11 11:01:10.730   677   677 D StatusBar.NetworkControllerGemini: mNetworkName, sim1Inserted is false, sim2Inserted is true.networkname[0]=;networkname[1]=
11-11 11:01:10.887   677   677 I SurfaceTextureClient: [STC::queueBuffer] (this:0x5c22cdc0) fps:4.97, dur:1006.56, max:201.81, min:200.17
11-11 11:01:10.887   127   602 I BufferQueue: [StatusBar](this:0x45a36108,api:1) [queue] fps:4.97, dur:1006.64, max:201.96, min:200.09
11-11 11:01:10.902   127   227 I BufferQueue: [StatusBar](this:0x45a36108,api:1) [release] fps:4.96, dur:1007.95, max:201.68, min:201.48
11-11 11:01:10.903   127   227 I SurfaceTextureClient: [STC::queueBuffer] (this:0x424ca8c8) fps:4.96, dur:1008.19, max:202.24, min:201.34
11-11 11:01:10.903   127   227 I BufferQueue: [FramebufferSurface](this:0x4250c008,api:1) [release] fps:4.96, dur:1008.19, max:202.24, min:201.34
11-11 11:01:10.903   127   227 I BufferQueue: [FramebufferSurface](this:0x4250c008,api:1) [queue] fps:4.96, dur:1008.19, max:202.24, min:201.34
11-11 11:01:10.903   127   227 I SurfaceFlinger: [SurfaceFlinger] fps:4.959372,dur:1008.19,max:202.23,min:201.36
11-11 11:01:11.095   578   645 D WifiNative-wlan0: doString: SIGNAL_POLL
11-11 11:01:11.110   578   645 V WifiManager: calculateSignalLevel(),numLevels = 5
11-11 11:01:11.716   677   677 D StatusBar.NetworkControllerGemini: mNetworkName, sim1Inserted is false, sim2Inserted is true.networkname[0]=;networkname[1]=
11-11 11:01:11.731   677   677 D StatusBar.NetworkControllerGemini: mNetworkName, sim1Inserted is false, sim2Inserted is true.networkname[0]=;networkname[1]=
11-11 11:01:11.986   677   677 I SurfaceTextureClient: [STC::queueBuffer] (this:0x5c22cdc0) fps:2.73, dur:1099.42, max:696.33, min:200.43
11-11 11:01:11.987   127   602 I BufferQueue: [StatusBar](this:0x45a36108,api:1) [queue] fps:2.73, dur:1099.34, max:696.18, min:200.32
11-11 11:01:12.001   127   227 I BufferQueue: [StatusBar](this:0x45a36108,api:1) [release] fps:2.73, dur:1099.53, max:696.36, min:201.56
11-11 11:01:12.002   127   227 I SurfaceTextureClient: [STC::queueBuffer] (this:0x424ca8c8) fps:2.73, dur:1099.48, max:697.71, min:200.18
11-11 11:01:12.002   127   227 I BufferQueue: [FramebufferSurface](this:0x4250c008,api:1) [release] fps:2.73, dur:1099.48, max:697.64, min:200.17
11-11 11:01:12.002   127   227 I BufferQueue: [FramebufferSurface](this:0x4250c008,api:1) [queue] fps:2.73, dur:1099.48, max:697.62, min:200.15
11-11 11:01:12.002   127   227 I SurfaceFlinger: [SurfaceFlinger] fps:2.728552,dur:1099.48,max:697.59,min:200.17
11-11 11:01:12.728   677   677 D StatusBar.NetworkControllerGemini: mNetworkName, sim1Inserted is false, sim2Inserted is true.networkname[0]=;networkname[1]=
11-11 11:01:12.749   677   677 D StatusBar.NetworkControllerGemini: mNetworkName, sim1Inserted is false, sim2Inserted is true.networkname[0]=;networkname[1]=
11-11 11:01:12.993   677   677 I SurfaceTextureClient: [STC::queueBuffer] (this:0x5c22cdc0) fps:4.97, dur:1006.43, max:201.80, min:200.86
11-11 11:01:12.993   127  1332 I BufferQueue: [StatusBar](this:0x45a36108,api:1) [queue] fps:4.97, dur:1006.30, max:201.80, min:200.82
11-11 11:01:13.009   127   227 I BufferQueue: [StatusBar](this:0x45a36108,api:1) [release] fps:4.96, dur:1007.94, max:201.68, min:201.43
11-11 11:01:13.010   127   227 I SurfaceTextureClient: [STC::queueBuffer] (this:0x424ca8c8) fps:4.96, dur:1008.19, max:202.50, min:201.14
11-11 11:01:13.011   127   227 I BufferQueue: [FramebufferSurface](this:0x4250c008,api:1) [release] fps:4.96, dur:1008.18, max:202.58, min:201.14
11-11 11:01:13.011   127   227 I BufferQueue: [FramebufferSurface](this:0x4250c008,api:1) [queue] fps:4.96, dur:1008.18, max:202.62, min:201.13
11-11 11:01:13.011   127   227 I SurfaceFlinger: [SurfaceFlinger] fps:4.959421,dur:1008.18,max:202.66,min:201.09
11-11 11:01:13.739   677   677 D StatusBar.NetworkControllerGemini: mNetworkName, sim1Inserted is false, sim2Inserted is true.networkname[0]=;networkname[1]=
11-11 11:01:13.752   677   677 D StatusBar.NetworkControllerGemini: mNetworkName, sim1Inserted is false, sim2Inserted is true.networkname[0]=;networkname[1]=
11-11 11:01:13.951   578   594 D InputReader: InputReader::monitor: lock
11-11 11:01:13.951   578   594 D InputReader: InputReader::monitor: wait 
11-11 11:01:13.951   578   594 D InputReader: InputReader::monitor: unlock
11-11 11:01:13.951   578   594 D InputReader: InputReader::monitor: done
11-11 11:01:14.113   578   645 D WifiNative-wlan0: doString: SIGNAL_POLL
11-11 11:01:14.131   578   645 V WifiManager: calculateSignalLevel(),numLevels = 5
11-11 11:01:14.262   843   997 I System.out: [socket][238:45635] exception
11-11 11:01:14.262   843   997 I System.out: [CDS]close[45635]
11-11 11:01:14.264   843   997 W PushService: 2015-11-11 11:01:14,263 - [WARN::PushService] - SMACK: Could not connect to:42.62.48.181
11-11 11:01:14.264   843   997 W PushService: 2015-11-11 11:01:14,264 - [WARN::PushService] - [Thread:45] begin to connect to 223.202.68.46
11-11 11:01:14.265  1375  6909 I XiaomiFirewall: firewall pkgName:com.xiaomi.xmsf, result:0
11-11 11:01:14.266   843   997 I System.out: [socket][238] connection /223.202.68.46:5222;LocalPort=52723(10000)
11-11 11:01:14.266   843   997 I System.out: [CDS]connect[/223.202.68.46:5222] tm:10
11-11 11:01:14.267   843   997 D Posix   : [Posix_connect Debug]Process com.xiaomi.xmsf :5222 
11-11 11:01:14.497   677   677 I SurfaceTextureClient: [STC::queueBuffer] (this:0x5c22cdc0) fps:3.32, dur:1504.32, max:697.96, min:199.02
11-11 11:01:14.497   127   127 I BufferQueue: [StatusBar](this:0x45a36108,api:1) [queue] fps:3.32, dur:1504.44, max:698.14, min:198.91
11-11 11:01:14.512   127   227 I BufferQueue: [StatusBar](this:0x45a36108,api:1) [release] fps:3.33, dur:1502.73, max:696.36, min:201.54
11-11 11:01:14.513   127   227 I SurfaceTextureClient: [STC::queueBuffer] (this:0x424ca8c8) fps:3.33, dur:1502.49, max:696.67, min:201.31
11-11 11:01:14.513   127   227 I BufferQueue: [FramebufferSurface](this:0x4250c008,api:1) [release] fps:3.33, dur:1502.49, max:696.74, min:201.24
11-11 11:01:14.513   127   227 I BufferQueue: [FramebufferSurface](this:0x4250c008,api:1) [queue] fps:3.33, dur:1502.50, max:696.78, min:201.21
11-11 11:01:14.513   127   227 I SurfaceFlinger: [SurfaceFlinger] fps:3.327798,dur:1502.50,max:696.79,min:201.19
11-11 11:01:14.751   677   677 D StatusBar.NetworkControllerGemini: mNetworkName, sim1Inserted is false, sim2Inserted is true.networkname[0]=;networkname[1]=
11-11 11:01:14.766   677   677 D StatusBar.NetworkControllerGemini: mNetworkName, sim1Inserted is false, sim2Inserted is true.networkname[0]=;networkname[1]=
11-11 11:01:14.972   578   594 D LocationManagerService: status timer finished
11-11 11:01:15.025   578   610 D BatteryService: mBatteryVoltage=3871
11-11 11:01:15.026   578   610 E BatteryService: Enter GetStatus success
11-11 11:01:15.026   578   610 E BatteryService: ioctl ok: 281
11-11 11:01:15.027   578   594 V ActivityManager: Broadcast sticky: Intent { act=android.intent.action.BATTERY_CHANGED flg=0x60000010 (has extras) } ordered=false userid=-1 callerApp=null
11-11 11:01:15.040   762   762 D Bluetooth HS/HF: [BT][HFG] [API] mStateReceiver.onReceive(android.intent.action.BATTERY_CHANGED)
11-11 11:01:15.041   762  1417 D Bluetooth HS/HF: [BT][HFG] [API] mHandler.handleMessage(9)
11-11 11:01:15.041   762  1417 D Bluetooth HS/HF: [BT][HFG] [API] updateBatteryState
11-11 11:01:15.044  1029  1029 D BatteryInfoReceiver: 53
11-11 11:01:15.047   578   610 E BatteryService: Enter GetStatus success
11-11 11:01:15.047   578   610 E BatteryService: ioctl ok: 281
11-11 11:01:15.048   578   610 E BatteryService: Enter GetStatus success
11-11 11:01:15.048   578   610 E BatteryService: ioctl ok: 281
11-11 11:01:15.742   677   677 I SurfaceTextureClient: [STC::queueBuffer] (this:0x5c22cdc0) fps:3.21, dur:1244.53, max:690.01, min:150.35
11-11 11:01:15.742   127   424 I BufferQueue: [StatusBar](this:0x45a36108,api:1) [queue] fps:3.21, dur:1244.41, max:689.94, min:150.36
11-11 11:01:15.758   127   227 I BufferQueue: [StatusBar](this:0x45a36108,api:1) [release] fps:3.21, dur:1245.90, max:696.13, min:146.60
11-11 11:01:15.758   127   227 I SurfaceTextureClient: [STC::queueBuffer] (this:0x424ca8c8) fps:3.21, dur:1245.37, max:695.89, min:146.61
11-11 11:01:15.758   127   227 I BufferQueue: [FramebufferSurface](this:0x4250c008,api:1) [release] fps:3.21, dur:1245.32, max:695.92, min:146.61
11-11 11:01:15.758   127   227 I BufferQueue: [FramebufferSurface](this:0x4250c008,api:1) [queue] fps:3.21, dur:1245.30, max:695.94, min:146.61
11-11 11:01:15.758   127   227 I SurfaceFlinger: [SurfaceFlinger] fps:3.212162,dur:1245.27,max:695.92,min:146.61
11-11 11:01:16.763   677   677 D StatusBar.NetworkControllerGemini: mNetworkName, sim1Inserted is false, sim2Inserted is true.networkname[0]=;networkname[1]=
11-11 11:01:16.779   677   677 D StatusBar.NetworkControllerGemini: mNetworkName, sim1Inserted is false, sim2Inserted is true.networkname[0]=;networkname[1]=
11-11 11:01:16.788   677   677 I SurfaceTextureClient: [STC::queueBuffer] (this:0x5c22cdc0) fps:4.78, dur:1046.37, max:238.14, min:201.54
11-11 11:01:16.789   127   127 I BufferQueue: [StatusBar](this:0x45a36108,api:1) [queue] fps:4.78, dur:1046.86, max:238.58, min:201.55
11-11 11:01:16.802   127   227 I BufferQueue: [StatusBar](this:0x45a36108,api:1) [release] fps:4.79, dur:1044.57, max:237.95, min:201.57
11-11 11:01:16.803   127   227 I SurfaceTextureClient: [STC::queueBuffer] (this:0x424ca8c8) fps:4.79, dur:1044.67, max:237.82, min:201.37
11-11 11:01:16.803   127   227 I BufferQueue: [FramebufferSurface](this:0x4250c008,api:1) [release] fps:4.79, dur:1044.66, max:237.84, min:201.37
11-11 11:01:16.803   127   227 I BufferQueue: [FramebufferSurface](this:0x4250c008,api:1) [queue] fps:4.79, dur:1044.67, max:237.87, min:201.37
11-11 11:01:16.803   127   227 I SurfaceFlinger: [SurfaceFlinger] fps:4.786172,dur:1044.68,max:237.85,min:201.37
11-11 11:01:17.135   578   645 D WifiNative-wlan0: doString: SIGNAL_POLL
11-11 11:01:17.150   578   645 V WifiManager: calculateSignalLevel(),numLevels = 5
11-11 11:01:17.773   677   677 D StatusBar.NetworkControllerGemini: mNetworkName, sim1Inserted is false, sim2Inserted is true.networkname[0]=;networkname[1]=
11-11 11:01:17.790   677   677 D StatusBar.NetworkControllerGemini: mNetworkName, sim1Inserted is false, sim2Inserted is true.networkname[0]=;networkname[1]=
11-11 11:01:17.797   677   677 I SurfaceTextureClient: [STC::queueBuffer] (this:0x5c22cdc0) fps:4.95, dur:1009.11, max:203.16, min:201.44
11-11 11:01:17.797   127  1180 I BufferQueue: [StatusBar](this:0x45a36108,api:1) [queue] fps:4.96, dur:1008.62, max:203.11, min:200.99
11-11 11:01:17.810   127   227 I BufferQueue: [StatusBar](this:0x45a36108,api:1) [release] fps:4.96, dur:1007.94, max:201.85, min:201.24
11-11 11:01:17.811   127   227 I SurfaceTextureClient: [STC::queueBuffer] (this:0x424ca8c8) fps:4.96, dur:1007.96, max:202.17, min:200.65
11-11 11:01:17.811   127   227 I BufferQueue: [FramebufferSurface](this:0x4250c008,api:1) [release] fps:4.96, dur:1007.96, max:202.17, min:200.67
11-11 11:01:17.811   127   227 I BufferQueue: [FramebufferSurface](this:0x4250c008,api:1) [queue] fps:4.96, dur:1007.96, max:202.17, min:200.70
11-11 11:01:17.811   127   227 I SurfaceFlinger: [SurfaceFlinger] fps:4.960505,dur:1007.96,max:202.16,min:200.69
11-11 11:01:18.487   578   898 V ActivityManager: Broadcast sticky: Intent { act=android.intent.action.SIG_STR flg=0x10 (has extras) } ordered=false userid=-1 callerApp=ProcessRecord{42697b88 578:system/1000}
11-11 11:01:18.489   677   677 D StatusBar.NetworkControllerGemini: PhoneStateListener:onSignalStrengthsChanged, sim2 before.
11-11 11:01:18.489   677   677 D StatusBar.NetworkControllerGemini: PhoneStateListener:onSignalStrengthsChanged, signalStrength=5
11-11 11:01:18.492   677   677 D StatusBar.NetworkControllerGemini: mNetworkName, sim1Inserted is false, sim2Inserted is true.networkname[0]=;networkname[1]=
11-11 11:01:18.494   677   677 D StatusBar.NetworkControllerGemini: PhoneStateListener:onSignalStrengthsChanged, sim2 after.
11-11 11:01:18.495   762   762 D Bluetooth HS/HF: [BT][HFG] [API] mStateReceiver.onReceive(android.intent.action.SIG_STR)
11-11 11:01:18.495   762  1417 D Bluetooth HS/HF: [BT][HFG] [API] mHandler.handleMessage(10)
11-11 11:01:18.785   677   677 D StatusBar.NetworkControllerGemini: mNetworkName, sim1Inserted is false, sim2Inserted is true.networkname[0]=;networkname[1]=
11-11 11:01:18.800   677   677 D StatusBar.NetworkControllerGemini: mNetworkName, sim1Inserted is false, sim2Inserted is true.networkname[0]=;networkname[1]=
11-11 11:01:18.894   677   677 I SurfaceTextureClient: [STC::queueBuffer] (this:0x5c22cdc0) fps:2.74, dur:1096.61, max:695.95, min:199.92
11-11 11:01:18.894   127   424 I BufferQueue: [StatusBar](this:0x45a36108,api:1) [queue] fps:2.74, dur:1096.61, max:695.95, min:199.86
11-11 11:01:18.910   127   227 I BufferQueue: [StatusBar](this:0x45a36108,api:1) [release] fps:2.73, dur:1099.56, max:696.41, min:201.27
11-11 11:01:18.910   127   227 I SurfaceTextureClient: [STC::queueBuffer] (this:0x424ca8c8) fps:2.73, dur:1099.55, max:696.63, min:200.68
11-11 11:01:18.911   127   227 I BufferQueue: [FramebufferSurface](this:0x4250c008,api:1) [release] fps:2.73, dur:1099.55, max:696.63, min:200.70
11-11 11:01:18.911   127   227 I BufferQueue: [FramebufferSurface](this:0x4250c008,api:1) [queue] fps:2.73, dur:1099.55, max:696.63, min:200.73
11-11 11:01:18.911   127   227 I SurfaceFlinger: [SurfaceFlinger] fps:2.728382,dur:1099.55,max:696.62,min:200.72
11-11 11:01:19.409   745 32075 I System.out: [socket][90:53069] exception
11-11 11:01:19.409   745 32075 I System.out: [CDS]close[53069]
11-11 11:01:19.411  1375  6909 I XiaomiFirewall: firewall pkgName:com.sohu.inputmethod.sogou, result:0
11-11 11:01:19.411   745 32075 I System.out: [socket][90] connection /36.110.147.36:80;LocalPort=50648(20000)
11-11 11:01:19.411   745 32075 I System.out: [CDS]connect[/36.110.147.36:80] tm:20
11-11 11:01:19.412   745 32075 D Posix   : [Posix_connect Debug]Process com.sohu.inputmethod.sogou :80 
11-11 11:01:19.798   677   677 D StatusBar.NetworkControllerGemini: mNetworkName, sim1Inserted is false, sim2Inserted is true.networkname[0]=;networkname[1]=
11-11 11:01:19.811   677   677 D StatusBar.NetworkControllerGemini: mNetworkName, sim1Inserted is false, sim2Inserted is true.networkname[0]=;networkname[1]=
11-11 11:01:19.904   677   677 I SurfaceTextureClient: [STC::queueBuffer] (this:0x5c22cdc0) fps:4.95, dur:1010.49, max:203.06, min:201.43
11-11 11:01:19.905   127  1332 I BufferQueue: [StatusBar](this:0x45a36108,api:1) [queue] fps:4.95, dur:1010.70, max:203.17, min:201.43
11-11 11:01:19.918   127   227 I BufferQueue: [StatusBar](this:0x45a36108,api:1) [release] fps:4.96, dur:1008.18, max:201.85, min:201.57
11-11 11:01:19.919   127   227 I SurfaceTextureClient: [STC::queueBuffer] (this:0x424ca8c8) fps:4.96, dur:1008.94, max:202.23, min:201.33
11-11 11:01:19.920   127   227 I BufferQueue: [FramebufferSurface](this:0x4250c008,api:1) [release] fps:4.96, dur:1008.99, max:202.30, min:201.33
11-11 11:01:19.920   127   227 I BufferQueue: [FramebufferSurface](this:0x4250c008,api:1) [queue] fps:4.96, dur:1008.99, max:202.35, min:201.33
11-11 11:01:19.920   127   227 I SurfaceFlinger: [SurfaceFlinger] fps:4.955298,dur:1009.02,max:202.36,min:201.33
11-11 11:01:20.154   578   645 D WifiNative-wlan0: doString: SIGNAL_POLL
11-11 11:01:20.170   578   645 V WifiManager: calculateSignalLevel(),numLevels = 5
11-11 11:01:20.809   677   677 D StatusBar.NetworkControllerGemini: mNetworkName, sim1Inserted is false, sim2Inserted is true.networkname[0]=;networkname[1]=
11-11 11:01:20.822   677   677 D StatusBar.NetworkControllerGemini: mNetworkName, sim1Inserted is false, sim2Inserted is true.networkname[0]=;networkname[1]=
11-11 11:01:20.910   677   677 I SurfaceTextureClient: [STC::queueBuffer] (this:0x5c22cdc0) fps:4.97, dur:1005.90, max:201.79, min:200.53
11-11 11:01:20.910   127  1180 I BufferQueue: [StatusBar](this:0x45a36108,api:1) [queue] fps:4.97, dur:1005.69, max:201.80, min:200.48
11-11 11:01:20.926   127   227 I BufferQueue: [StatusBar](this:0x45a36108,api:1) [release] fps:4.96, dur:1007.97, max:201.63, min:201.57
11-11 11:01:20.927   127   227 I SurfaceTextureClient: [STC::queueBuffer] (this:0x424ca8c8) fps:4.96, dur:1007.39, max:201.64, min:201.21
11-11 11:01:20.927   127   227 I BufferQueue: [FramebufferSurface](this:0x4250c008,api:1) [release] fps:4.96, dur:1007.39, max:201.72, min:201.14
11-11 11:01:20.927   127   227 I BufferQueue: [FramebufferSurface](this:0x4250c008,api:1) [queue] fps:4.96, dur:1007.39, max:201.76, min:201.10
11-11 11:01:20.927   127   227 I SurfaceFlinger: [SurfaceFlinger] fps:4.963299,dur:1007.39,max:201.77,min:201.09
11-11 11:01:22.011   677   677 I SurfaceTextureClient: [STC::queueBuffer] (this:0x5c22cdc0) fps:2.73, dur:1100.57, max:697.54, min:201.38
11-11 11:01:22.011   127  1180 I BufferQueue: [StatusBar](this:0x45a36108,api:1) [queue] fps:2.73, dur:1100.70, max:697.59, min:201.45
11-11 11:01:22.026   127   227 I BufferQueue: [StatusBar](this:0x45a36108,api:1) [release] fps:2.73, dur:1099.51, max:696.37, min:201.54
11-11 11:01:22.026   127   227 I SurfaceTextureClient: [STC::queueBuffer] (this:0x424ca8c8) fps:2.73, dur:1099.49, max:696.56, min:201.36
11-11 11:01:22.026   127   227 I BufferQueue: [FramebufferSurface](this:0x4250c008,api:1) [release] fps:2.73, dur:1099.49, max:696.49, min:201.36
11-11 11:01:22.026   127   227 I BufferQueue: [FramebufferSurface](this:0x4250c008,api:1) [queue] fps:2.73, dur:1099.49, max:696.45, min:201.36
11-11 11:01:22.027   127   227 I SurfaceFlinger: [SurfaceFlinger] fps:2.728544,dur:1099.49,max:696.44,min:201.36
11-11 11:01:23.019   677   677 I SurfaceTextureClient: [STC::queueBuffer] (this:0x5c22cdc0) fps:4.96, dur:1007.86, max:201.61, min:201.48
11-11 11:01:23.019   127   424 I BufferQueue: [StatusBar](this:0x45a36108,api:1) [queue] fps:4.96, dur:1007.85, max:201.69, min:201.48
11-11 11:01:23.033   127   227 I BufferQueue: [StatusBar](this:0x45a36108,api:1) [release] fps:4.96, dur:1007.95, max:201.67, min:201.51
11-11 11:01:23.035   127   227 I SurfaceTextureClient: [STC::queueBuffer] (this:0x424ca8c8) fps:4.96, dur:1008.25, max:202.26, min:201.24
11-11 11:01:23.035   127   227 I BufferQueue: [FramebufferSurface](this:0x4250c008,api:1) [release] fps:4.96, dur:1008.25, max:202.26, min:201.24
11-11 11:01:23.035   127   227 I BufferQueue: [FramebufferSurface](this:0x4250c008,api:1) [queue] fps:4.96, dur:1008.25, max:202.26, min:201.24
11-11 11:01:23.035   127   227 I SurfaceFlinger: [SurfaceFlinger] fps:4.959094,dur:1008.25,max:202.25,min:201.24
11-11 11:01:23.174   578   645 D WifiNative-wlan0: doString: SIGNAL_POLL
11-11 11:01:23.190   578   645 V WifiManager: calculateSignalLevel(),numLevels = 5
11-11 11:01:23.821   677   677 D StatusBar.NetworkControllerGemini: mNetworkName, sim1Inserted is false, sim2Inserted is true.networkname[0]=;networkname[1]=
11-11 11:01:23.833   677   677 D StatusBar.NetworkControllerGemini: mNetworkName, sim1Inserted is false, sim2Inserted is true.networkname[0]=;networkname[1]=
11-11 11:01:24.269   843   997 I System.out: [socket][239:52723] exception
11-11 11:01:24.269   843   997 I System.out: [CDS]close[52723]
11-11 11:01:24.270   843   997 W PushService: 2015-11-11 11:01:24,269 - [WARN::PushService] - SMACK: Could not connect to:223.202.68.46
11-11 11:01:24.270   843   997 W PushService: 2015-11-11 11:01:24,270 - [WARN::PushService] - [Thread:45] begin to connect to app02.nodes.gslb.mi-idc.com
11-11 11:01:24.271  1375  6909 I XiaomiFirewall: firewall pkgName:com.xiaomi.xmsf, result:0
11-11 11:01:24.272   122   500 D FrameworkListener: dispatchCommand data = (getaddrinfo app02.nodes.gslb.mi-idc.com ^ 1024 0 1 0)
11-11 11:01:24.273   122 32083 D libc-netbsd: getaddrinfo: app02.nodes.gslb.mi-idc.com NO result from proxy 
11-11 11:01:24.273   122 32083 D libc-netbsd: res_queryN name = app02.nodes.gslb.mi-idc.com, class = 1, type = 1
11-11 11:01:24.274   122 32083 D libc-netbsd: res_queryN name = app02.nodes.gslb.mi-idc.com succeed
11-11 11:01:24.274   843   997 D libc-netbsd: getaddrinfo: app02.nodes.gslb.mi-idc.com get result from proxy >>
11-11 11:01:24.275   843   997 I System.out: propertyValue:true
11-11 11:01:24.275   843   997 I System.out: [socket][239] connection app02.nodes.gslb.mi-idc.com/42.62.94.2:5222;LocalPort=55164(10000)
11-11 11:01:24.275   843   997 I System.out: [CDS]connect[app02.nodes.gslb.mi-idc.com/42.62.94.2:5222] tm:10
11-11 11:01:24.276   843   997 D Posix   : [Posix_connect Debug]Process com.xiaomi.xmsf :5222 
11-11 11:01:24.540   677   677 I SurfaceTextureClient: [STC::queueBuffer] (this:0x5c22cdc0) fps:3.29, dur:1521.32, max:695.12, min:201.41
11-11 11:01:24.540   127  1180 I BufferQueue: [StatusBar](this:0x45a36108,api:1) [queue] fps:3.29, dur:1521.40, max:695.38, min:201.41
11-11 11:01:24.554   127   227 I BufferQueue: [StatusBar](this:0x45a36108,api:1) [release] fps:3.29, dur:1521.04, max:696.64, min:201.58
11-11 11:01:24.555   127   227 I SurfaceTextureClient: [STC::queueBuffer] (this:0x424ca8c8) fps:3.29, dur:1520.76, max:696.64, min:201.27
