I/BufferQueue(  127): [StatusBar](this:0x45a36108,api:1) [release] fps:4.96, dur:1008.04, max:201.96, min:201.32
I/SurfaceTextureClient(  127): [STC::queueBuffer] (this:0x424ca8c8) fps:24.81, dur:1007.84, max:201.90, min:14.25
I/BufferQueue(  127): [FramebufferSurface](this:0x4250c008,api:1) [release] fps:24.81, dur:1007.85, max:201.90, min:14.24
I/BufferQueue(  127): [FramebufferSurface](this:0x4250c008,api:1) [queue] fps:24.81, dur:1007.85, max:201.90, min:14.24
I/SurfaceFlinger(  127): [SurfaceFlinger] fps:24.805273,dur:1007.85,max:201.91,min:14.25
D/ConnectivityService(  578): getActiveNetworkInfo:NetworkInfo: type: WIFI[], state: CONNECTED/CONNECTED, reason: (unspecified), extra: "wifi-confine", roaming: false, failover: false, isAvailable: true, simId: 0/10075
D/PowerManagerDisplayController(  578): requestPowerState: screenState=2, useProximitySensor=false, forceProximitySensorEnable=false, forceWakeUpEnable=false, screenBrightness=60, screenAutoBrightnessAdjustment=0.0, useAutoBrightness=false, useEcoBrightness=false, blockScreenOn=false, waitForNegativeProximity=false
I/PowerManagerService(  578): setBrightness mButtonLight, screenBrightness=60
D/BufferQueue(  127): [com.android.settings/com.android.settings.MiuiSettings](this:0x4474e108,api:1) cancelBuffer: slot=3
D/WindowManager(  578): interceptKeyTi keyCode=4 down=true repeatCount=0 keyguardOn=false mHomePressed=false canceled=false
D/WindowManager(  578): interceptKeyBeforeDispatching KEYCODE_BACK,keyevent actiondown 
I/BufferQueue(  127): [com.android.settings/com.android.settings.MiuiSettings](this:0x4474e108,api:1) disconnect: api=1
I/SurfaceTexture(  127): [com.android.settings/com.android.settings.MiuiSettings] [virtual android::status_t android::SurfaceTexture::forceAuxConversionLocked()] mCurrentTexture:2, mCurrentBuf:0x44ad48c8
I/BufferQueue(  127): [com.android.settings/com.android.settings.MiuiSettings](this:0x4474e108,api:0) getReleasedBuffers: returning mask 0xffffffff
I/SurfaceTexture(  127): [com.android.settings/com.android.settings.MiuiSettings](this:0x4302fe70,api:0) destroying EGLImage dpy=0x1 img=0x10000004
I/SurfaceTexture(  127): [com.android.settings/com.android.settings.MiuiSettings](this:0x4302fe70,api:0) destroying EGLImage dpy=0x1 img=0x10000007
I/SurfaceTexture(  127): [com.android.settings/com.android.settings.MiuiSettings](this:0x4302fe70,api:0) destroying EGLImage dpy=0x1 img=0x10000008
I/SurfaceTexture(  127): [com.android.settings/com.android.settings.MiuiSettings](this:0x4302fe70,api:0) destroying EGLImage dpy=0x1 img=0x1000000a
V/ActivityManager(  578): Activity idle: Token{4294dba8 ActivityRecord{4294d9f8 u0 com.miui.home/.launcher.Launcher}}
I/libPerfService(  578): 1: set: 1
D/InputReader(  578): K_lock
D/InputReader(  578): SK_Lock_r
D/PowerManagerDisplayController(  578): requestPowerState: screenState=2, useProximitySensor=false, forceProximitySensorEnable=false, forceWakeUpEnable=false, screenBrightness=60, screenAutoBrightnessAdjustment=0.0, useAutoBrightness=false, useEcoBrightness=false, blockScreenOn=false, waitForNegativeProximity=false
I/PowerManagerService(  578): setBrightness mButtonLight, screenBrightness=60
V/ActivityManager(  578): Stopping ActivityRecord{427d5cd0 u0 com.android.settings/.MiuiSettings}: nowVisible=false waitingVisible=true finishing=true
I/View    (  855): Key down dispatch to android.widget.FrameLayout{4272c8b8 VFE..... .F...... 0,50-1,1280 #7f070094 app:id/default_position}, event = KeyEvent { action=ACTION_DOWN, keyCode=KEYCODE_BACK, scanCode=158, metaState=0, flags=0x48, repeatCount=0, eventTime=2865311, downTime=2865311, deviceId=3, source=0x101 }
D/WindowManager(  578): interceptKeyTq keycode=4 screenIsOn=true keyguardActive=false policyFlags = #2000100 down =false canceled = false isWakeKey=false mVolumeDownKeyTriggered =false mVolumeUpKeyTriggered =false
W/HapticFeedbackUtil(  578): vibrate: null or empty pattern
W/HapticFeedbackUtil(  578): vibrate: null or empty pattern
D/WindowManager(  578): interceptKeyTi keyCode=4 down=false repeatCount=0 keyguardOn=false mHomePressed=false canceled=false
D/InputReader(  578): K_lock
D/InputReader(  578): SK_Lock_r
D/PowerManagerDisplayController(  578): requestPowerState: screenState=2, useProximitySensor=false, forceProximitySensorEnable=false, forceWakeUpEnable=false, screenBrightness=60, screenAutoBrightnessAdjustment=0.0, useAutoBrightness=false, useEcoBrightness=false, blockScreenOn=false, waitForNegativeProximity=false
I/PowerManagerService(  578): setBrightness mButtonLight, screenBrightness=60
D/WindowManager(  578): interceptKeyTq keycode=4 screenIsOn=true keyguardActive=false policyFlags = #2000100 down =true canceled = false isWakeKey=false mVolumeDownKeyTriggered =false mVolumeUpKeyTriggered =false
D/PowerManagerDisplayController(  578): requestPowerState: screenState=2, useProximitySensor=false, forceProximitySensorEnable=false, forceWakeUpEnable=false, screenBrightness=60, screenAutoBrightnessAdjustment=0.0, useAutoBrightness=false, useEcoBrightness=false, blockScreenOn=false, waitForNegativeProximity=false
I/PowerManagerService(  578): setBrightness mButtonLight, screenBrightness=60
D/WindowManager(  578): interceptKeyTi keyCode=4 down=true repeatCount=0 keyguardOn=false mHomePressed=false canceled=false
D/WindowManager(  578): interceptKeyBeforeDispatching KEYCODE_BACK,keyevent actiondown 
D/InputReader(  578): K_lock
D/InputReader(  578): SK_Lock_r
I/View    (  855): Key down dispatch to android.widget.FrameLayout{4272c8b8 VFE..... .F...... 0,50-1,1280 #7f070094 app:id/default_position}, event = KeyEvent { action=ACTION_DOWN, keyCode=KEYCODE_BACK, scanCode=158, metaState=0, flags=0x48, repeatCount=0, eventTime=2865499, downTime=2865499, deviceId=3, source=0x101 }
D/WindowManager(  578): interceptKeyTq keycode=4 screenIsOn=true keyguardActive=false policyFlags = #2000100 down =false canceled = false isWakeKey=false mVolumeDownKeyTriggered =false mVolumeUpKeyTriggered =false
W/HapticFeedbackUtil(  578): vibrate: null or empty pattern
W/HapticFeedbackUtil(  578): vibrate: null or empty pattern
D/WindowManager(  578): interceptKeyTi keyCode=4 down=false repeatCount=0 keyguardOn=false mHomePressed=false canceled=false
D/InputReader(  578): K_lock
D/InputReader(  578): SK_Lock_r
D/PowerManagerDisplayController(  578): requestPowerState: screenState=2, useProximitySensor=false, forceProximitySensorEnable=false, forceWakeUpEnable=false, screenBrightness=60, screenAutoBrightnessAdjustment=0.0, useAutoBrightness=false, useEcoBrightness=false, blockScreenOn=false, waitForNegativeProximity=false
I/PowerManagerService(  578): setBrightness mButtonLight, screenBrightness=60
D/StatusBar.NetworkControllerGemini(  677): mNetworkName, sim1Inserted is false, sim2Inserted is true.networkname[0]=Êó†ÊúçÂä°;networkname[1]=Âè™ËÉΩÊã®ÊâìÁ¥ßÊÄ•ÂëºÊïëÁîµËØù
D/StatusBar.NetworkControllerGemini(  677): mNetworkName, sim1Inserted is false, sim2Inserted is true.networkname[0]=Êó†ÊúçÂä°;networkname[1]=Âè™ËÉΩÊã®ÊâìÁ¥ßÊÄ•ÂëºÊïëÁîµËØù
D/WindowManager(  578): interceptKeyTq keycode=4 screenIsOn=true keyguardActive=false policyFlags = #2000100 down =true canceled = false isWakeKey=false mVolumeDownKeyTriggered =false mVolumeUpKeyTriggered =false
D/PowerManagerDisplayController(  578): requestPowerState: screenState=2, useProximitySensor=false, forceProximitySensorEnable=false, forceWakeUpEnable=false, screenBrightness=60, screenAutoBrightnessAdjustment=0.0, useAutoBrightness=false, useEcoBrightness=false, blockScreenOn=false, waitForNegativeProximity=false
I/PowerManagerService(  578): setBrightness mButtonLight, screenBrightness=60
D/PowerManagerNotifier(  578): onUserActivity: event=1, uid=1000
D/PowerManagerDisplayController(  578): requestPowerState: screenState=2, useProximitySensor=false, forceProximitySensorEnable=false, forceWakeUpEnable=false, screenBrightness=60, screenAutoBrightnessAdjustment=0.0, useAutoBrightness=false, useEcoBrightness=false, blockScreenOn=false, waitForNegativeProximity=false
I/PowerManagerService(  578): setBrightness mButtonLight, screenBrightness=60
D/WindowManager(  578): interceptKeyTi keyCode=4 down=true repeatCount=0 keyguardOn=false mHomePressed=false canceled=false
D/WindowManager(  578): interceptKeyBeforeDispatching KEYCODE_BACK,keyevent actiondown 
D/InputReader(  578): K_lock
D/WindowManager(  578): interceptKeyTq keycode=4 screenIsOn=true keyguardActive=false policyFlags = #2000100 down =false canceled = false isWakeKey=false mVolumeDownKeyTriggered =false mVolumeUpKeyTriggered =false
D/InputReader(  578): SK_Lock_r
W/HapticFeedbackUtil(  578): vibrate: null or empty pattern
W/HapticFeedbackUtil(  578): vibrate: null or empty pattern
D/WindowManager(  578): interceptKeyTi keyCode=4 down=false repeatCount=0 keyguardOn=false mHomePressed=false canceled=false
D/ActivityManager(  578): ACT-IDLE_NOW_MSG from windowsVisible() for idle: ActivityRecord{4294d9f8 u0 com.miui.home/.launcher.Launcher}
V/ActivityManager(  578): Activity idle: null
V/ActivityManager(  578): Stopping ActivityRecord{427d5cd0 u0 com.android.settings/.MiuiSettings}: nowVisible=true waitingVisible=false finishing=true
V/ActivityManager(  578): Ready to stop: ActivityRecord{427d5cd0 u0 com.android.settings/.MiuiSettings}
I/View    (  855): Key down dispatch to android.widget.FrameLayout{4272c8b8 VFE..... .F...... 0,50-1,1280 #7f070094 app:id/default_position}, event = KeyEvent { action=ACTION_DOWN, keyCode=KEYCODE_BACK, scanCode=158, metaState=0, flags=0x48, repeatCount=0, eventTime=2865669, downTime=2865669, deviceId=3, source=0x101 }
D/NetworkPolicy(  578): onRecv: MSG_FOREGROUND_ACTIVITIES_CHANGED pid:uid:act=925:1000:false
D/InputReader(  578): K_lock
D/InputReader(  578): SK_Lock_r
I/BufferQueue(  127): [com.android.settings/com.android.settings.MiuiSettings](this:0x4474e108,api:0) consumerDisconnect
I/BufferQueue(  127): [com.android.settings/com.android.settings.MiuiSettings](this:0x4474e108,api:0) ~BufferQueue
D/PowerManagerDisplayController(  578): requestPowerState: screenState=2, useProximitySensor=false, forceProximitySensorEnable=false, forceWakeUpEnable=false, screenBrightness=60, screenAutoBrightnessAdjustment=0.0, useAutoBrightness=false, useEcoBrightness=false, blockScreenOn=false, waitForNegativeProximity=false
I/PowerManagerService(  578): setBrightness mButtonLight, screenBrightness=60
D/WindowManager(  578): interceptKeyTq keycode=4 screenIsOn=true keyguardActive=false policyFlags = #2000100 down =true canceled = false isWakeKey=false mVolumeDownKeyTriggered =false mVolumeUpKeyTriggered =false
D/PowerManagerDisplayController(  578): requestPowerState: screenState=2, useProximitySensor=false, forceProximitySensorEnable=false, forceWakeUpEnable=false, screenBrightness=60, screenAutoBrightnessAdjustment=0.0, useAutoBrightness=false, useEcoBrightness=false, blockScreenOn=false, waitForNegativeProximity=false
I/PowerManagerService(  578): setBrightness mButtonLight, screenBrightness=60
D/WindowManager(  578): interceptKeyTi keyCode=4 down=true repeatCount=0 keyguardOn=false mHomePressed=false canceled=false
D/WindowManager(  578): interceptKeyBeforeDispatching KEYCODE_BACK,keyevent actiondown 
D/InputReader(  578): K_lock
D/InputReader(  578): SK_Lock_r
I/View    (  855): Key down dispatch to android.widget.FrameLayout{4272c8b8 VFE..... .F...... 0,50-1,1280 #7f070094 app:id/default_position}, event = KeyEvent { action=ACTION_DOWN, keyCode=KEYCODE_BACK, scanCode=158, metaState=0, flags=0x48, repeatCount=0, eventTime=2865809, downTime=2865809, deviceId=3, source=0x101 }
D/WindowManager(  578): interceptKeyTq keycode=4 screenIsOn=true keyguardActive=false policyFlags = #2000100 down =false canceled = false isWakeKey=false mVolumeDownKeyTriggered =false mVolumeUpKeyTriggered =false
W/HapticFeedbackUtil(  578): vibrate: null or empty pattern
W/HapticFeedbackUtil(  578): vibrate: null or empty pattern
D/WindowManager(  578): interceptKeyTi keyCode=4 down=false repeatCount=0 keyguardOn=false mHomePressed=false canceled=false
D/InputReader(  578): K_lock
D/InputReader(  578): SK_Lock_r
D/PowerManagerDisplayController(  578): requestPowerState: screenState=2, useProximitySensor=false, forceProximitySensorEnable=false, forceWakeUpEnable=false, screenBrightness=60, screenAutoBrightnessAdjustment=0.0, useAutoBrightness=false, useEcoBrightness=false, blockScreenOn=false, waitForNegativeProximity=false
I/PowerManagerService(  578): setBrightness mButtonLight, screenBrightness=60
D/WindowManager(  578): interceptKeyTq keycode=4 screenIsOn=true keyguardActive=false policyFlags = #2000100 down =true canceled = false isWakeKey=false mVolumeDownKeyTriggered =false mVolumeUpKeyTriggered =false
D/PowerManagerDisplayController(  578): requestPowerState: screenState=2, useProximitySensor=false, forceProximitySensorEnable=false, forceWakeUpEnable=false, screenBrightness=60, screenAutoBrightnessAdjustment=0.0, useAutoBrightness=false, useEcoBrightness=false, blockScreenOn=false, waitForNegativeProximity=false
I/PowerManagerService(  578): setBrightness mButtonLight, screenBrightness=60
D/WindowManager(  578): interceptKeyTi keyCode=4 down=true repeatCount=0 keyguardOn=false mHomePressed=false canceled=false
D/WindowManager(  578): interceptKeyBeforeDispatching KEYCODE_BACK,keyevent actiondown 
D/InputReader(  578): K_lock
D/InputReader(  578): SK_Lock_r
I/View    (  855): Key down dispatch to android.widget.FrameLayout{4272c8b8 VFE..... .F...... 0,50-1,1280 #7f070094 app:id/default_position}, event = KeyEvent { action=ACTION_DOWN, keyCode=KEYCODE_BACK, scanCode=158, metaState=0, flags=0x48, repeatCount=0, eventTime=2865959, downTime=2865959, deviceId=3, source=0x101 }
D/WindowManager(  578): interceptKeyTq keycode=4 screenIsOn=true keyguardActive=false policyFlags = #2000100 down =false canceled = false isWakeKey=false mVolumeDownKeyTriggered =false mVolumeUpKeyTriggered =false
D/PowerManagerDisplayController(  578): requestPowerState: screenState=2, useProximitySensor=false, forceProximitySensorEnable=false, forceWakeUpEnable=false, screenBrightness=60, screenAutoBrightnessAdjustment=0.0, useAutoBrightness=false, useEcoBrightness=false, blockScreenOn=false, waitForNegativeProximity=false
I/PowerManagerService(  578): setBrightness mButtonLight, screenBrightness=60
W/HapticFeedbackUtil(  578): vibrate: null or empty pattern
W/HapticFeedbackUtil(  578): vibrate: null or empty pattern
D/WindowManager(  578): interceptKeyTi keyCode=4 down=false repeatCount=0 keyguardOn=false mHomePressed=false canceled=false
D/InputReader(  578): K_lock
D/InputReader(  578): SK_Lock_r
D/WifiNative-wlan0(  578): doString: SIGNAL_POLL
V/WifiManager(  578): calculateSignalLevel(),numLevels = 5
D/StatusBar.NetworkControllerGemini(  677): mNetworkName, sim1Inserted is false, sim2Inserted is true.networkname[0]=Êó†ÊúçÂä°;networkname[1]=Âè™ËÉΩÊã®ÊâìÁ¥ßÊÄ•ÂëºÊïëÁîµËØù
D/StatusBar.NetworkControllerGemini(  677): mNetworkName, sim1Inserted is false, sim2Inserted is true.networkname[0]=Êó†ÊúçÂä°;networkname[1]=Âè™ËÉΩÊã®ÊâìÁ¥ßÊÄ•ÂëºÊïëÁîµËØù
I/SurfaceTextureClient(  677): [STC::queueBuffer] (this:0x5c22cdc0) fps:16.29, dur:1289.26, max:694.92, min:12.01
I/BufferQueue(  127): [StatusBar](this:0x45a36108,api:1) [queue] fps:16.31, dur:1287.82, max:694.99, min:11.97
I/BufferQueue(  127): [StatusBar](this:0x45a36108,api:1) [release] fps:16.14, dur:1301.03, max:696.26, min:18.11
I/SurfaceTextureClient(  127): [STC::queueBuffer] (this:0x424ca8c8) fps:26.13, dur:1301.23, max:696.24, min:17.67
I/BufferQueue(  127): [FramebufferSurface](this:0x4250c008,api:1) [release] fps:26.13, dur:1301.23, max:696.28, min:17.66
I/BufferQueue(  127): [FramebufferSurface](this:0x4250c008,api:1) [queue] fps:26.13, dur:1301.23, max:696.31, min:17.66
I/SurfaceFlinger(  127): [SurfaceFlinger] fps:26.129162,dur:1301.23,max:696.32,min:17.66
I/SurfaceTextureClient(  677): [STC::queueBuffer] (this:0x5c22cdc0) fps:4.96, dur:1008.93, max:202.31, min:201.40
I/BufferQueue(  127): [StatusBar](this:0x45a36108,api:1) [queue] fps:4.95, dur:1009.11, max:202.23, min:201.50
I/BufferQueue(  127): [StatusBar](this:0x45a36108,api:1) [release] fps:4.96, dur:1008.15, max:201.78, min:201.50
I/SurfaceTextureClient(  127): [STC::queueBuffer] (this:0x424ca8c8) fps:4.96, dur:1008.52, max:202.30, min:201.31
I/BufferQueue(  127): [FramebufferSurface](this:0x4250c008,api:1) [release] fps:4.96, dur:1008.56, max:202.30, min:201.39
I/BufferQueue(  127): [FramebufferSurface](this:0x4250c008,api:1) [queue] fps:4.96, dur:1008.58, max:202.30, min:201.43
I/SurfaceFlinger(  127): [SurfaceFlinger] fps:4.957346,dur:1008.60,max:202.32,min:201.45
W/WhetstoneService(  829): Process { PackageName :com.comtop.mim Pid: 21252 Start by: service Score:50 Old score:50 state:0 mBackgroundTimeInMillis:1447208743210 WakelockCount:0 wakelogsize:0  ActivityDestroied:false Activity size: 0 PackageInfo:{WhetstonePackageInfo#PacakgeName:com.comtop.mimFlag:5184 [,TRIMHEAPS,SOFT_RESET,FLAG_DEAL_SCHEDULE] Type:0[] } tasknum:-1} not exist!
D/StatusBar.NetworkControllerGemini(  677): mNetworkName, sim1Inserted is false, sim2Inserted is true.networkname[0]=Êó†ÊúçÂä°;networkname[1]=Âè™ËÉΩÊã®ÊâìÁ¥ßÊÄ•ÂëºÊïëÁîµËØù
D/StatusBar.NetworkControllerGemini(  677): mNetworkName, sim1Inserted is false, sim2Inserted is true.networkname[0]=Êó†ÊúçÂä°;networkname[1]=Âè™ËÉΩÊã®ÊâìÁ¥ßÊÄ•ÂëºÊïëÁîµËØù
I/SurfaceTextureClient(  677): [STC::queueBuffer] (this:0x5c22cdc0) fps:4.97, dur:1006.96, max:201.70, min:200.70
I/BufferQueue(  127): [StatusBar](this:0x45a36108,api:1) [queue] fps:4.97, dur:1006.85, max:201.70, min:200.76
I/BufferQueue(  127): [StatusBar](this:0x45a36108,api:1) [release] fps:4.96, dur:1007.67, max:201.59, min:201.34
I/SurfaceTextureClient(  127): [STC::queueBuffer] (this:0x424ca8c8) fps:4.96, dur:1007.41, max:201.59, min:201.33
I/BufferQueue(  127): [FramebufferSurface](this:0x4250c008,api:1) [release] fps:4.96, dur:1007.36, max:201.59, min:201.33
I/BufferQueue(  127): [FramebufferSurface](this:0x4250c008,api:1) [queue] fps:4.96, dur:1007.34, max:201.59, min:201.33
I/SurfaceFlinger(  127): [SurfaceFlinger] fps:4.963717,dur:1007.31,max:201.59,min:201.33
V/ActivityManager(  578): Broadcast sticky: Intent { act=android.intent.action.SIG_STR flg=0x10 (has extras) } ordered=false userid=-1 callerApp=ProcessRecord{42697b88 578:system/1000}
D/StatusBar.NetworkControllerGemini(  677): PhoneStateListener:onSignalStrengthsChanged, sim2 before.
D/StatusBar.NetworkControllerGemini(  677): PhoneStateListener:onSignalStrengthsChanged, signalStrength=5
D/StatusBar.NetworkControllerGemini(  677): mNetworkName, sim1Inserted is false, sim2Inserted is true.networkname[0]=Êó†ÊúçÂä°;networkname[1]=Âè™ËÉΩÊã®ÊâìÁ¥ßÊÄ•ÂëºÊïëÁîµËØù
D/StatusBar.NetworkControllerGemini(  677): PhoneStateListener:onSignalStrengthsChanged, sim2 after.
D/Bluetooth HS/HF(  762): [BT][HFG] [API] mStateReceiver.onReceive(android.intent.action.SIG_STR)
D/Bluetooth HS/HF(  762): [BT][HFG] [API] mHandler.handleMessage(10)
D/WifiNative-wlan0(  578): doString: SIGNAL_POLL
V/WifiManager(  578): calculateSignalLevel(),numLevels = 5
D/StatusBar.NetworkControllerGemini(  677): mNetworkName, sim1Inserted is false, sim2Inserted is true.networkname[0]=Êó†ÊúçÂä°;networkname[1]=Âè™ËÉΩÊã®ÊâìÁ¥ßÊÄ•ÂëºÊïëÁîµËØù
D/ADB_SERVICES(  164): adb fdevent_process list (18) (20) 
D/ADB_SERVICES(  164): adb socket read list (20) 
D/ADB_SERVICES(  164): read_data=38227
D/ADB_SERVICES(  164): max_read_time=0.000091 max_send_time=0.000258 
D/ADB_SERVICES(  164): adb local_socket_ready list (20) 
D/StatusBar.NetworkControllerGemini(  677): mNetworkName, sim1Inserted is false, sim2Inserted is true.networkname[0]=Êó†ÊúçÂä°;networkname[1]=Âè™ËÉΩÊã®ÊâìÁ¥ßÊÄ•ÂëºÊïëÁîµËØù
I/SurfaceTextureClient(  677): [STC::queueBuffer] (this:0x5c22cdc0) fps:3.07, dur:1302.36, max:696.46, min:196.38
D/InputReader(  578): InputReader::monitor: lock
D/InputReader(  578): InputReader::monitor: wait 
D/InputReader(  578): InputReader::monitor: unlock
D/InputReader(  578): InputReader::monitor: done
I/BufferQueue(  127): [StatusBar](this:0x45a36108,api:1) [queue] fps:3.06, dur:1305.21, max:699.24, min:196.49
I/BufferQueue(  127): [StatusBar](this:0x45a36108,api:1) [release] fps:3.07, dur:1301.42, max:696.40, min:201.58
I/SurfaceTextureClient(  127): [STC::queueBuffer] (this:0x424ca8c8) fps:3.07, dur:1301.69, max:696.49, min:201.33
I/BufferQueue(  127): [FramebufferSurface](this:0x4250c008,api:1) [release] fps:3.07, dur:1301.75, max:696.57, min:201.33
I/BufferQueue(  127): [FramebufferSurface](this:0x4250c008,api:1) [queue] fps:3.07, dur:1301.76, max:696.61, min:201.33
I/SurfaceFlinger(  127): [SurfaceFlinger] fps:3.072690,dur:1301.79,max:696.62,min:201.33
D/LocationManagerService(  578): status timer finished
I/SurfaceTextureClient(  677): [STC::queueBuffer] (this:0x5c22cdc0) fps:4.96, dur:1007.70, max:201.84, min:201.39
I/BufferQueue(  127): [StatusBar](this:0x45a36108,api:1) [queue] fps:4.98, dur:1004.95, max:201.84, min:198.54
I/BufferQueue(  127): [StatusBar](this:0x45a36108,api:1) [release] fps:4.96, dur:1007.95, max:201.62, min:201.57
I/SurfaceTextureClient(  127): [STC::queueBuffer] (this:0x424ca8c8) fps:4.96, dur:1007.69, max:201.72, min:201.37
I/BufferQueue(  127): [FramebufferSurface](this:0x4250c008,api:1) [release] fps:4.96, dur:1007.76, max:201.87, min:201.37
I/BufferQueue(  127): [FramebufferSurface](this:0x4250c008,api:1) [queue] fps:4.96, dur:1007.76, max:201.92, min:201.35
I/SurfaceFlinger(  127): [SurfaceFlinger] fps:4.961470,dur:1007.77,max:201.93,min:201.35
I/System.out(  843): [socket][184:50404] exception
I/System.out(  843): [CDS]close[50404]
W/PushService(  843): 2015-11-11 10:28:15,007 - [WARN::PushService] - SMACK: Could not connect to:app.chat.xiaomi.net
W/PushService(  843): 2015-11-11 10:28:15,021 - [WARN::PushService] - fail to create xmpp connection
W/PushService(  843): 
W/PushService(  843): SMACK: Could not connect to 58.68.235.232 port:5222 failed to connect to /58.68.235.232 (port 5222) after 10000ms
W/PushService(  843): SMACK: Could not connect to app01.nodes.gslb.mi-idc.com port:5222 failed to connect to app01.nodes.gslb.mi-idc.com/120.134.33.29 (port 5222) after 10000ms
W/PushService(  843): SMACK: Could not connect to 42.62.48.181 port:5222 failed to connect to /42.62.48.181 (port 5222) after 10000ms
W/PushService(  843): SMACK: Could not connect to 223.202.68.46 port:5222 failed to connect to /223.202.68.46 (port 5222) after 10000ms
W/PushService(  843): SMACK: Could not connect to app02.nodes.gslb.mi-idc.com port:5222 failed to connect to app02.nodes.gslb.mi-idc.com/120.134.33.29 (port 5222) after 10000ms
W/PushService(  843): SMACK: Could not connect to app.chat.xiaomi.net port:5222 failed to connect to app.chat.xiaomi.net/42.62.94.2 (port 5222) after 10000ms
W/PushService(  843): : 
W/PushService(  843): 	at com.xiaomi.smack.XMPPConnection.connectDirectly(XMPPConnection.java:407)
W/PushService(  843): 	at com.xiaomi.smack.XMPPConnection.connectUsingConfiguration(XMPPConnection.java:326)
W/PushService(  843): 	at com.xiaomi.smack.XMPPConnection.connect(XMPPConnection.java:486)
W/PushService(  843): 	at com.xiaomi.push.service.XMPushService.connectByXMPP(XMPushService.java:1015)
W/PushService(  843): 	at com.xiaomi.push.service.XMPushService.connect(XMPushService.java:1000)
W/PushService(  843): 	at com.xiaomi.push.service.XMPushService.access$600(XMPushService.java:61)
W/PushService(  843): 	at com.xiaomi.push.service.XMPushService$ConnectJob.process(XMPushService.java:1281)
W/PushService(  843): 	at com.xiaomi.push.service.XMPushService$Job.run(XMPushService.java:1114)
W/PushService(  843): 	at com.xiaomi.push.service.ConnectionJobController$1.handleMessage(ConnectionJobController.java:41)
W/PushService(  843): 	at android.os.Handler.dispatchMessage(Handler.java:107)
W/PushService(  843): 	at android.os.Looper.loop(Looper.java:194)
W/PushService(  843): 	at android.os.HandlerThread.run(HandlerThread.java:60)
W/PushService(  843): 2015-11-11 10:28:15,027 - [WARN::PushService] - [Thread:45] update the connection status. connecting -> disconnected : ERROR_NETWORK_FAILED 
D/ConnectivityService(  578): getActiveNetworkInfo:NetworkInfo: type: WIFI[], state: CONNECTED/CONNECTED, reason: (unspecified), extra: "wifi-confine", roaming: false, failover: false, isAvailable: true, simId: 0/10070
D/ConnectivityService(  578): getActiveNetworkInfo:NetworkInfo: type: WIFI[], state: CONNECTED/CONNECTED, reason: (unspecified), extra: "wifi-confine", roaming: false, failover: false, isAvailable: true, simId: 0/10070
I/System.out(  843): close [socket][/0.0.0.0:50404]
W/PushService(  843): 2015-11-11 10:28:15,034 - [WARN::PushService] - [Thread:45] JOB: shutdown the connection. com.xiaomi.kenai.jbosh.BOSHException: Could not obtain response
W/PushService(  843): 2015-11-11 10:28:15,034 - [WARN::PushService] - [Thread:45] disconnect 1113424416, null
I/SurfaceTextureClient(  677): [STC::queueBuffer] (this:0x5c22cdc0) fps:4.96, dur:1008.00, max:203.04, min:200.03
I/BufferQueue(  127): [StatusBar](this:0x45a36108,api:1) [queue] fps:4.96, dur:1008.01, max:203.14, min:199.77
I/BufferQueue(  127): [StatusBar](this:0x45a36108,api:1) [release] fps:4.96, dur:1007.90, max:201.66, min:201.52
I/SurfaceTextureClient(  127): [STC::queueBuffer] (this:0x424ca8c8) fps:4.96, dur:1007.88, max:201.97, min:201.25
I/BufferQueue(  127): [FramebufferSurface](this:0x4250c008,api:1) [release] fps:4.96, dur:1007.81, max:201.82, min:201.24
I/BufferQueue(  127): [FramebufferSurface](this:0x4250c008,api:1) [queue] fps:4.96, dur:1007.80, max:201.78, min:201.24
I/SurfaceFlinger(  127): [SurfaceFlinger] fps:4.961294,dur:1007.80,max:201.78,min:201.24
D/WifiNative-wlan0(  578): doString: SIGNAL_POLL
V/WifiManager(  578): calculateSignalLevel(),numLevels = 5
V/ActivityManager(  578): Broadcast sticky: Intent { act=android.net.wifi.RSSI_CHANGED flg=0x8000010 (has extras) } ordered=false userid=-1 callerApp=ProcessRecord{42697b88 578:system/1000}
V/WifiManager(  677): calculateSignalLevel(),numLevels = 5
V/WifiManager(  578): calculateSignalLevel(),numLevels = 5
D/WifiWatchdogStateMachine(  578): RSSI current: 2 new: -65, 3
D/StatusBar.NetworkControllerGemini(  677): mNetworkName, sim1Inserted is false, sim2Inserted is true.networkname[0]=Êó†ÊúçÂä°;networkname[1]=Âè™ËÉΩÊã®ÊâìÁ¥ßÊÄ•ÂëºÊïëÁîµËØù
D/StatusBar.NetworkControllerGemini(  677): mNetworkName, sim1Inserted is false, sim2Inserted is true.networkname[0]=Êó†ÊúçÂä°;networkname[1]=Âè™ËÉΩÊã®ÊâìÁ¥ßÊÄ•ÂëºÊïëÁîµËØù
E/BatteryService(  578): Enter GetStatus success
E/BatteryService(  578): ioctl ok: 279
E/BatteryService(  578): Enter GetStatus success
E/BatteryService(  578): ioctl ok: 279
E/BatteryService(  578): Enter GetStatus success
E/BatteryService(  578): ioctl ok: 279
I/SurfaceTextureClient(  677): [STC::queueBuffer] (this:0x5c22cdc0) fps:3.03, dur:1319.54, max:696.58, min:198.98
I/BufferQueue(  127): [StatusBar](this:0x45a36108,api:1) [queue] fps:3.03, dur:1319.53, max:696.75, min:199.07
I/BufferQueue(  127): [StatusBar](this:0x45a36108,api:1) [release] fps:3.03, dur:1319.47, max:696.33, min:201.64
I/SurfaceTextureClient(  127): [STC::queueBuffer] (this:0x424ca8c8) fps:3.03, dur:1319.51, max:695.75, min:202.16
I/BufferQueue(  127): [FramebufferSurface](this:0x4250c008,api:1) [release] fps:3.03, dur:1319.51, max:695.81, min:202.17
I/BufferQueue(  127): [FramebufferSurface](this:0x4250c008,api:1) [queue] fps:3.03, dur:1319.51, max:695.85, min:202.17
I/SurfaceFlinger(  127): [SurfaceFlinger] fps:3.031424,dur:1319.51,max:695.88,min:202.21
D/PowerManagerDisplayController(  578): requestPowerState: screenState=2, useProximitySensor=false, forceProximitySensorEnable=false, forceWakeUpEnable=false, screenBrightness=60, screenAutoBrightnessAdjustment=0.0, useAutoBrightness=false, useEcoBrightness=false, blockScreenOn=false, waitForNegativeProximity=false
D/LightsService(  578): setLight_native: light=2, colorARGB=0x0, flashMode=0, onMS=0, offMS=0, brightnessMode=0
D/lights  (  578): write_int open fd=-1
I/PowerManagerService(  578): setBrightness mButtonLight 0.
I/SurfaceTextureClient(  677): [STC::queueBuffer] (this:0x5c22cdc0) fps:4.96, dur:1007.68, max:201.57, min:201.45
I/BufferQueue(  127): [StatusBar](this:0x45a36108,api:1) [queue] fps:4.96, dur:1007.67, max:201.69, min:201.29
I/BufferQueue(  127): [StatusBar](this:0x45a36108,api:1) [release] fps:4.96, dur:1007.93, max:201.62, min:201.56
I/SurfaceTextureClient(  127): [STC::queueBuffer] (this:0x424ca8c8) fps:4.96, dur:1008.14, max:202.23, min:201.21
I/BufferQueue(  127): [FramebufferSurface](this:0x4250c008,api:1) [release] fps:4.96, dur:1008.14, max:202.23, min:201.21
I/BufferQueue(  127): [FramebufferSurface](this:0x4250c008,api:1) [queue] fps:4.96, dur:1008.14, max:202.23, min:201.20
I/SurfaceFlinger(  127): [SurfaceFlinger] fps:4.959603,dur:1008.15,max:202.22,min:201.21
D/WifiNative-wlan0(  578): doString: SIGNAL_POLL
D/ADB_SERVICES(  164): adb fdevent_process list (18) (20) 
D/ADB_SERVICES(  164): adb socket read list (20) 
D/ADB_SERVICES(  164): read_data=11542
D/ADB_SERVICES(  164): max_read_time=0.000086 max_send_time=0.000239 
D/ADB_SERVICES(  164): adb local_socket_ready list (20) 
V/WifiManager(  578): calculateSignalLevel(),numLevels = 5
I/SurfaceTextureClient(  677): [STC::queueBuffer] (this:0x5c22cdc0) fps:4.96, dur:1008.05, max:201.67, min:201.50
I/BufferQueue(  127): [StatusBar](this:0x45a36108,api:1) [queue] fps:4.96, dur:1008.05, max:201.82, min:201.49
I/BufferQueue(  127): [StatusBar](this:0x45a36108,api:1) [release] fps:4.96, dur:1007.94, max:201.64, min:201.56
I/SurfaceTextureClient(  127): [STC::queueBuffer] (this:0x424ca8c8) fps:4.96, dur:1007.97, max:202.16, min:201.23
I/BufferQueue(  127): [FramebufferSurface](this:0x4250c008,api:1) [release] fps:4.96, dur:1007.97, max:202.16, min:201.15
I/BufferQueue(  127): [FramebufferSurface](this:0x4250c008,api:1) [queue] fps:4.96, dur:1007.97, max:202.16, min:201.11
I/SurfaceFlinger(  127): [SurfaceFlinger] fps:4.960463,dur:1007.97,max:202.15,min:201.10
D/StatusBar.NetworkControllerGemini(  677): mNetworkName, sim1Inserted is false, sim2Inserted is true.networkname[0]=Êó†ÊúçÂä°;networkname[1]=Âè™ËÉΩÊã®ÊâìÁ¥ßÊÄ•ÂëºÊïëÁîµËØù
D/StatusBar.NetworkControllerGemini(  677): mNetworkName, sim1Inserted is false, sim2Inserted is true.networkname[0]=Êó†ÊúçÂä°;networkname[1]=Âè™ËÉΩÊã®ÊâìÁ¥ßÊÄ•ÂëºÊïëÁîµËØù
I/SurfaceTextureClient(  677): [STC::queueBuffer] (this:0x5c22cdc0) fps:3.07, dur:1301.12, max:696.25, min:200.68
I/BufferQueue(  127): [StatusBar](this:0x45a36108,api:1) [queue] fps:3.07, dur:1301.13, max:696.41, min:200.57
I/BufferQueue(  127): [StatusBar](this:0x45a36108,api:1) [release] fps:3.07, dur:1301.17, max:696.44, min:201.55
I/SurfaceTextureClient(  127): [STC::queueBuffer] (this:0x424ca8c8) fps:3.07, dur:1301.16, max:696.77, min:201.31
I/BufferQueue(  127): [FramebufferSurface](this:0x4250c008,api:1) [release] fps:3.07, dur:1301.17, max:696.85, min:201.31
I/BufferQueue(  127): [FramebufferSurface](this:0x4250c008,api:1) [queue] fps:3.07, dur:1301.17, max:696.90, min:201.31
I/SurfaceFlinger(  127): [SurfaceFlinger] fps:3.074161,dur:1301.17,max:696.91,min:201.30
D/StatusBar.NetworkControllerGemini(  677): mNetworkName, sim1Inserted is false, sim2Inserted is true.networkname[0]=Êó†ÊúçÂä°;networkname[1]=Âè™ËÉΩÊã®ÊâìÁ¥ßÊÄ•ÂëºÊïëÁîµËØù
D/StatusBar.NetworkControllerGemini(  677): mNetworkName, sim1Inserted is false, sim2Inserted is true.networkname[0]=Êó†ÊúçÂä°;networkname[1]=Âè™ËÉΩÊã®ÊâìÁ¥ßÊÄ•ÂëºÊïëÁîµËØù
V/ActivityManager(  578): Broadcast sticky: Intent { act=android.intent.action.SIG_STR flg=0x10 (has extras) } ordered=false userid=-1 callerApp=ProcessRecord{42697b88 578:system/1000}
D/StatusBar.NetworkControllerGemini(  677): PhoneStateListener:onSignalStrengthsChanged, sim2 before.
D/StatusBar.NetworkControllerGemini(  677): PhoneStateListener:onSignalStrengthsChanged, signalStrength=5
D/StatusBar.NetworkControllerGemini(  677): mNetworkName, sim1Inserted is false, sim2Inserted is true.networkname[0]=Êó†ÊúçÂä°;networkname[1]=Âè™ËÉΩÊã®ÊâìÁ¥ßÊÄ•ÂëºÊïëÁîµËØù
D/StatusBar.NetworkControllerGemini(  677): PhoneStateListener:onSignalStrengthsChanged, sim2 after.
D/Bluetooth HS/HF(  762): [BT][HFG] [API] mStateReceiver.onReceive(android.intent.action.SIG_STR)
D/Bluetooth HS/HF(  762): [BT][HFG] [API] mHandler.handleMessage(10)
I/SurfaceTextureClient(  677): [STC::queueBuffer] (this:0x5c22cdc0) fps:4.96, dur:1007.99, max:201.95, min:201.28
I/BufferQueue(  127): [StatusBar](this:0x45a36108,api:1) [queue] fps:4.96, dur:1007.99, max:201.80, min:201.28
I/BufferQueue(  127): [StatusBar](this:0x45a36108,api:1) [release] fps:4.96, dur:1007.93, max:201.61, min:201.56
I/SurfaceTextureClient(  127): [STC::queueBuffer] (this:0x424ca8c8) fps:4.96, dur:1007.92, max:202.19, min:201.32
I/BufferQueue(  127): [FramebufferSurface](this:0x4250c008,api:1) [release] fps:4.96, dur:1007.92, max:202.19, min:201.32
I/BufferQueue(  127): [FramebufferSurface](this:0x4250c008,api:1) [queue] fps:4.96, dur:1007.92, max:202.20, min:201.32
I/SurfaceFlinger(  127): [SurfaceFlinger] fps:4.960715,dur:1007.92,max:202.18,min:201.32
D/WifiNative-wlan0(  578): doString: SIGNAL_POLL
V/WifiManager(  578): calculateSignalLevel(),numLevels = 5
V/ActivityManager(  578): Broadcast sticky: Intent { act=android.net.wifi.RSSI_CHANGED flg=0x8000010 (has extras) } ordered=false userid=-1 callerApp=ProcessRecord{42697b88 578:system/1000}
V/WifiManager(  578): calculateSignalLevel(),numLevels = 5
D/WifiWatchdogStateMachine(  578): RSSI current: 3 new: -68, 2
V/WifiManager(  677): calculateSignalLevel(),numLevels = 5
D/StatusBar.NetworkControllerGemini(  677): mNetworkName, sim1Inserted is false, sim2Inserted is true.networkname[0]=Êó†ÊúçÂä°;networkname[1]=Âè™ËÉΩÊã®ÊâìÁ¥ßÊÄ•ÂëºÊïëÁîµËØù
D/StatusBar.NetworkControllerGemini(  677): mNetworkName, sim1Inserted is false, sim2Inserted is true.networkname[0]=Êó†ÊúçÂä°;networkname[1]=Âè™ËÉΩÊã®ÊâìÁ¥ßÊÄ•ÂëºÊïëÁîµËØù
I/SurfaceTextureClient(  677): [STC::queueBuffer] (this:0x5c22cdc0) fps:4.87, dur:1026.23, max:233.96, min:187.86
I/BufferQueue(  127): [StatusBar](this:0x45a36108,api:1) [queue] fps:4.87, dur:1026.23, max:233.89, min:187.94
I/BufferQueue(  127): [StatusBar](this:0x45a36108,api:1) [release] fps:4.87, dur:1026.24, max:219.65, min:201.56
I/SurfaceTextureClient(  127): [STC::queueBuffer] (this:0x424ca8c8) fps:4.87, dur:1026.02, max:219.07, min:201.50
I/BufferQueue(  127): [FramebufferSurface](this:0x4250c008,api:1) [release] fps:4.87, dur:1026.02, max:219.06, min:201.43
I/BufferQueue(  127): [FramebufferSurface](this:0x4250c008,api:1) [queue] fps:4.87, dur:1026.02, max:219.05, min:201.38
I/SurfaceFlinger(  127): [SurfaceFlinger] fps:4.873210,dur:1026.02,max:219.02,min:201.37
I/SurfaceTextureClient(  677): [STC::queueBuffer] (this:0x5c22cdc0) fps:3.07, dur:1301.25, max:696.57, min:201.50
I/BufferQueue(  127): [StatusBar](this:0x45a36108,api:1) [queue] fps:3.07, dur:1301.25, max:696.75, min:201.34
I/BufferQueue(  127): [StatusBar](this:0x45a36108,api:1) [release] fps:3.07, dur:1301.12, max:696.39, min:201.43
I/SurfaceTextureClient(  127): [STC::queueBuffer] (this:0x424ca8c8) fps:3.07, dur:1301.08, max:696.22, min:201.38
I/BufferQueue(  127): [FramebufferSurface](this:0x4250c008,api:1) [release] fps:3.07, dur:1301.08, max:696.30, min:201.33
I/BufferQueue(  127): [FramebufferSurface](this:0x4250c008,api:1) [queue] fps:3.07, dur:1301.08, max:696.34, min:201.29
I/SurfaceFlinger(  127): [SurfaceFlinger] fps:3.074373,dur:1301.08,max:696.36,min:201.35
D/ADB_SERVICES(  164): adb fdevent_process list (18) (20) 
W/ADB_SERVICES(  164): create_local_service_socket() name=shell:export ANDROID_LOG_TAGS="" ; exec logcat
W/ADB_SERVICES(  164): LS(10278): bound to 'shell:export ANDROID_LOG_TAGS="" ; exec logcat' via 22
D/ADB_SERVICES(  164): adb local_socket_ready list (20) (22) 
D/ADB_SERVICES(  164): adb socket read list (20) 
D/ADB_SERVICES(  164): read_data=8799
D/ADB_SERVICES(  164): max_read_time=0.000080 max_send_time=0.000132 
W/ADB_SERVICES(23244): adb: unable to open /proc/23244/oom_adj
I/SurfaceTextureClient(  677): [STC::queueBuffer] (this:0x5c22cdc0) fps:4.97, dur:1006.49, max:205.65, min:196.25
I/BufferQueue(  127): [StatusBar](this:0x45a36108,api:1) [queue] fps:4.97, dur:1006.23, max:206.48, min:195.32
I/BufferQueue(  127): [StatusBar](this:0x45a36108,api:1) [release] fps:4.96, dur:1007.63, max:201.63, min:201.36
I/SurfaceTextureClient(  127): [STC::queueBuffer] (this:0x424ca8c8) fps:4.96, dur:1007.30, max:202.06, min:200.85
I/BufferQueue(  127): [FramebufferSurface](this:0x4250c008,api:1) [release] fps:4.96, dur:1007.25, max:201.98, min:200.84
I/BufferQueue(  127): [FramebufferSurface](this:0x4250c008,api:1) [queue] fps:4.96, dur:1007.23, max:201.94, min:200.84
I/SurfaceFlinger(  127): [SurfaceFlinger] fps:4.964262,dur:1007.20,max:201.92,min:200.80
D/WifiNative-wlan0(  578): doString: SIGNAL_POLL
V/WifiManager(  578): calculateSignalLevel(),numLevels = 5
W/ADB_SERVICES(  164): create_local_service_socket() name=sync:
W/ADB_SERVICES(  164): LS(10279): bound to 'sync:' via 23
D/ADB_SERVICES(  164): adb socket write list (24) (23) 
D/ADB_SERVICES(  164): write_data=142
D/StatusBar.NetworkControllerGemini(  677): mNetworkName, sim1Inserted is false, sim2Inserted is true.networkname[0]=Êó†ÊúçÂä°;networkname[1]=Âè™ËÉΩÊã®ÊâìÁ¥ßÊÄ•ÂëºÊïëÁîµËØù
D/StatusBar.NetworkControllerGemini(  677): mNetworkName, sim1Inserted is false, sim2Inserted is true.networkname[0]=Êó†ÊúçÂä°;networkname[1]=Âè™ËÉΩÊã®ÊâìÁ¥ßÊÄ•ÂëºÊïëÁîµËØù
I/SurfaceTextureClient(  677): [STC::queueBuffer] (this:0x5c22cdc0) fps:4.95, dur:1009.33, max:202.90, min:200.74
I/BufferQueue(  127): [StatusBar](this:0x45a36108,api:1) [queue] fps:4.95, dur:1009.59, max:202.93, min:200.91
I/BufferQueue(  127): [StatusBar](this:0x45a36108,api:1) [release] fps:4.96, dur:1008.15, max:201.82, min:201.55
I/SurfaceTextureClient(  127): [STC::queueBuffer] (this:0x424ca8c8) fps:4.96, dur:1008.77, max:202.12, min:201.55
I/BufferQueue(  127): [FramebufferSurface](this:0x4250c008,api:1) [release] fps:4.96, dur:1008.82, max:202.10, min:201.55
I/BufferQueue(  127): [FramebufferSurface](this:0x4250c008,api:1) [queue] fps:4.96, dur:1008.84, max:202.07, min:201.55
I/SurfaceFlinger(  127): [SurfaceFlinger] fps:4.956059,dur:1008.87,max:202.08,min:201.54
E/BatteryService(  578): Enter GetStatus success
E/BatteryService(  578): ioctl ok: 279
E/BatteryService(  578): Enter GetStatus success
E/BatteryService(  578): ioctl ok: 279
E/BatteryService(  578): Enter GetStatus success
E/BatteryService(  578): ioctl ok: 279
D/StatusBar.NetworkControllerGemini(  677): mNetworkName, sim1Inserted is false, sim2Inserted is true.networkname[0]=Êó†ÊúçÂä°;networkname[1]=Âè™ËÉΩÊã®ÊâìÁ¥ßÊÄ•ÂëºÊïëÁîµËØù
D/StatusBar.NetworkControllerGemini(  677): mNetworkName, sim1Inserted is false, sim2Inserted is true.networkname[0]=Êó†ÊúçÂä°;networkname[1]=Âè™ËÉΩÊã®ÊâìÁ¥ßÊÄ•ÂëºÊïëÁîµËØù
I/SurfaceTextureClient(  677): [STC::queueBuffer] (this:0x5c22cdc0) fps:3.07, dur:1301.25, max:697.14, min:200.87
I/BufferQueue(  127): [StatusBar](this:0x45a36108,api:1) [queue] fps:3.07, dur:1301.20, max:697.34, min:200.78
I/BufferQueue(  127): [StatusBar](this:0x45a36108,api:1) [release] fps:3.07, dur:1301.19, max:696.42, min:201.57
I/SurfaceTextureClient(  127): [STC::queueBuffer] (this:0x424ca8c8) fps:3.07, dur:1300.97, max:696.03, min:201.29
I/BufferQueue(  127): [FramebufferSurface](this:0x4250c008,api:1) [release] fps:3.07, dur:1300.97, max:696.11, min:201.22
I/BufferQueue(  127): [FramebufferSurface](this:0x4250c008,api:1) [queue] fps:3.07, dur:1300.97, max:696.15, min:201.17
I/SurfaceFlinger(  127): [SurfaceFlinger] fps:3.074638,dur:1300.97,max:696.18,min:201.15
D/WifiNative-wlan0(  578): doString: SIGNAL_POLL
I/SurfaceTextureClient(  677): [STC::queueBuffer] (this:0x5c22cdc0) fps:4.96, dur:1007.84, max:202.72, min:200.71
I/BufferQueue(  127): [StatusBar](this:0x45a36108,api:1) [queue] fps:4.96, dur:1007.93, max:202.61, min:200.98
V/WifiManager(  578): calculateSignalLevel(),numLevels = 5
I/BufferQueue(  127): [StatusBar](this:0x45a36108,api:1) [release] fps:4.96, dur:1007.98, max:201.62, min:201.55
I/SurfaceTextureClient(  127): [STC::queueBuffer] (this:0x424ca8c8) fps:4.96, dur:1008.28, max:201.85, min:201.46
I/BufferQueue(  127): [FramebufferSurface](this:0x4250c008,api:1) [release] fps:4.96, dur:1008.28, max:201.86, min:201.38
I/BufferQueue(  127): [FramebufferSurface](this:0x4250c008,api:1) [queue] fps:4.96, dur:1008.28, max:201.90, min:201.34
I/SurfaceFlinger(  127): [SurfaceFlinger] fps:4.958919,dur:1008.28,max:201.93,min:201.31
I/SurfaceTextureClient(  677): [STC::queueBuffer] (this:0x5c22cdc0) fps:4.96, dur:1008.57, max:202.00, min:201.52
I/BufferQueue(  127): [StatusBar](this:0x45a36108,api:1) [queue] fps:4.95, dur:1009.15, max:203.00, min:200.36
I/BufferQueue(  127): [StatusBar](this:0x45a36108,api:1) [release] fps:4.96, dur:1007.97, max:201.76, min:201.46
I/SurfaceTextureClient(  127): [STC::queueBuffer] (this:0x424ca8c8) fps:4.96, dur:1007.90, max:202.19, min:201.08
I/BufferQueue(  127): [FramebufferSurface](this:0x4250c008,api:1) [release] fps:4.96, dur:1007.91, max:202.19, min:201.00
I/BufferQueue(  127): [FramebufferSurface](this:0x4250c008,api:1) [queue] fps:4.96, dur:1007.91, max:202.19, min:200.96
I/SurfaceFlinger(  127): [SurfaceFlinger] fps:4.960803,dur:1007.90,max:202.18,min:200.92
D/ADB_SERVICES(  164): adb fdevent_process list (20) (18) (22) 
D/ADB_SERVICES(  164): adb socket read list (20) (22) 
D/ADB_SERVICES(  164): read_data=498494
D/ADB_SERVICES(  164): max_read_time=0.002861 max_send_time=0.000591 
D/ADB_SERVICES(  164): adb local_socket_ready list (20) (22) (23) 
D/ADB_SERVICES(  164): recv: CLSE 00000000 00002827 
W/ADB_SERVICES(  164): entered. LS(10279) fd=23
W/ADB_SERVICES(  164): readx: fd=24 disconnected
W/ADB_SERVICES(  164): writex: fd=24 error 32: Broken pipe
W/ADB_SERVICES(  164): create_local_service_socket() name=shell:pm install -r "/data/local/tmp/com.comtop.mim"
W/ADB_SERVICES(  164): LS(10280): bound to 'shell:pm install -r "/data/local/tmp/com.comtop.mim"' via 23
W/ADB_SERVICES(23252): adb: unable to open /proc/23252/oom_adj
D/AndroidRuntime(23253): 
D/AndroidRuntime(23253): >>>>>> AndroidRuntime START com.android.internal.os.RuntimeInit (tool) <<<<<<
D/AndroidRuntime(23253): JNI trace buf :-Xjnitrace:
D/AndroidRuntime(23253): CheckJNI is OFF
D/AndroidRuntime(23253): language=-Duser.language=zh region=-Duser.region=CN
D/jdwp    (23253): prepping for JDWP over ADB
D/jdwp    (23253): JDWP: thread running
D/ADB_SERVICES(  164): Adding socket 24 pid 23253 to jdwp process list
D/jdwp    (23253): trying to receive file descriptor from ADB
W/ADB_SERVICES(  164): create_local_service_socket() name=jdwp:23253
W/ADB_SERVICES(  164): looking for pid 23253 in JDWP process list return fds0(25) fds1(26)
W/ADB_SERVICES(  164): LS(10281): bound to 'jdwp:23253' via 25
W/ADB_SERVICES(  164): trying to write to JDWP socket=24 pid=23253 count=1 out_fds=26
D/jdwp    (23253): received file descriptor 34 from ADB
D/AndroidRuntime(23253): Calling main entry com.android.commands.pm.Pm
I/ActivityManager(  578): START u0 {act=android.intent.action.VIEW dat=file:///data/local/tmp/com.comtop.mim typ=application/vnd.android.package-archive flg=0x10000000 cmp=com.android.packageinstaller/.PackageInstallerActivity (has extras)} from pid 23253
I/libPerfService(  578): 1: set: 2
W/ActivityManager(  578): [LTK] pid, app, 3d=855, 0, 94105600
D/PowerManagerDisplayController(  578): requestPowerState: screenState=2, useProximitySensor=false, forceProximitySensorEnable=false, forceWakeUpEnable=false, screenBrightness=60, screenAutoBrightnessAdjustment=0.0, useAutoBrightness=false, useEcoBrightness=false, blockScreenOn=false, waitForNegativeProximity=false
I/PowerManagerService(  578): setBrightness mButtonLight 0.
I/NotifierManager(  855): onUnregister: miui.maml.NotifierManager$BroadcastNotifier@42fd5cf8
W/ActivityManager(  578): Unable to write /sys/module/mlog/parameters/do_mlog
D/InputReader(  578): InputReader:: getSwitchState lock 
D/InputReader(  578): InputReader::getStateLocked:: return 
V/ActivityManager(  578): ACT-Launching: ActivityRecord{43428640 u0 com.android.packageinstaller/.PackageInstallerActivity}
W/asset   (12402): AssetManager-->addDefaultAssets CIP path not exsit!
V/WindowManager(  578): Changing focus from Window{42a7c370 u0 com.miui.home/com.miui.home.launcher.Launcher} to null
D/PhoneStatusBar(  677): disable: < expand icons alerts ticker system_info back home recent clock >
I/BufferQueue(  127): [com.miui.home/com.miui.home.launcher.Launcher](this:0x43032898,api:1) new GraphicBuffer needed
D/BufferQueue(  127):     [OLD] gb:NULL
I/NotifierManager(  855): onUnregister: miui.maml.NotifierManager$MultiBroadcastNotifier@42f568f0
D/LifecycleResourceManager(  855): begin check cache... 
I/RenderThread(  855): RenderThread paused, waiting for signal
D/NetworkPolicy(  578): onRecv: MSG_FOREGROUND_ACTIVITIES_CHANGED pid:uid:act=12402:10050:true
V/NetworkStats(  578): setKernelCounterSet uid=10050 set=1
D/ConnectivityService(  578): onUidRulesChanged(uid=10050, uidRules=0)
I/BufferQueue(  127):     [NEW] gb=0x45a3b3f0, handle=0x4302bf50, w=720, h=1280, s=720, fmt=1
I/ProviderMap(  578): getProviderByName: com.xiaomi.gamecenter.miui.recommend , callingUid = 10050
W/ContentProviderRecord(  578): canRunHere: bCanRunHere=falseinfo.multiprocess=falseinfo.processName=com.xiaomi.gamecenterapp.processName=com.android.packageinstalleruid=10021app.info.uid10050
D/ActivityManager(  578): getContentProviderImpl: updateLruProcessLocked cpr.proc=ProcessRecord{428fa6e0 12290:com.xiaomi.gamecenter/u0a10021}
I/BufferQueue(  127): [unnamed-127-104](this:0x44ad3e28,api:0) BufferQueue
I/BufferQueue(  127): [unnamed-127-104](this:0x44ad3e28,api:0) consumerConnect
I/BufferQueue(  127): [unnamed-127-