D/StatusBar.NetworkControllerGemini(  677): mNetworkName, sim1Inserted is false, sim2Inserted is true.networkname[0]=Êó†ÊúçÂä°;networkname[1]=Âè™ËÉΩÊã®ÊâìÁ¥ßÊÄ•ÂëºÊïëÁîµËØù
D/WifiNative-wlan0(  578): doString: SIGNAL_POLL
V/WifiManager(  578): calculateSignalLevel(),numLevels = 5
V/ActivityManager(  578): Broadcast sticky: Intent { act=android.net.wifi.RSSI_CHANGED flg=0x8000010 (has extras) } ordered=false userid=-1 callerApp=ProcessRecord{42697b88 578:system/1000}
V/WifiManager(  578): calculateSignalLevel(),numLevels = 5
V/WifiManager(  677): calculateSignalLevel(),numLevels = 5
D/WifiWatchdogStateMachine(  578): RSSI current: 2 new: -66, 3
D/StatusBar.NetworkControllerGemini(  677): mNetworkName, sim1Inserted is false, sim2Inserted is true.networkname[0]=Êó†ÊúçÂä°;networkname[1]=Âè™ËÉΩÊã®ÊâìÁ¥ßÊÄ•ÂëºÊïëÁîµËØù
D/StatusBar.NetworkControllerGemini(  677): mNetworkName, sim1Inserted is false, sim2Inserted is true.networkname[0]=Êó†ÊúçÂä°;networkname[1]=Âè™ËÉΩÊã®ÊâìÁ¥ßÊÄ•ÂëºÊïëÁîµËØù
I/SurfaceTextureClient(  677): [STC::queueBuffer] (this:0x5c22cdc0) fps:5.87, dur:1192.22, max:201.60, min:87.69
I/BufferQueue(  127): [StatusBar](this:0x45a36108,api:1) [queue] fps:5.87, dur:1192.38, max:201.60, min:87.71
I/BufferQueue(  127): [StatusBar](this:0x45a36108,api:1) [release] fps:5.88, dur:1191.46, max:201.84, min:91.37
I/SurfaceTextureClient(  127): [STC::queueBuffer] (this:0x424ca8c8) fps:5.87, dur:1191.88, max:202.21, min:90.64
I/BufferQueue(  127): [FramebufferSurface](this:0x4250c008,api:1) [release] fps:5.87, dur:1191.94, max:202.22, min:90.63
I/BufferQueue(  127): [FramebufferSurface](this:0x4250c008,api:1) [queue] fps:5.87, dur:1191.95, max:202.23, min:90.61
I/SurfaceFlinger(  127): [SurfaceFlinger] fps:5.872595,dur:1191.98,max:202.21,min:90.60
V/ActivityManager(  578): Broadcast sticky: Intent { act=android.intent.action.SIG_STR flg=0x10 (has extras) } ordered=false userid=-1 callerApp=ProcessRecord{42697b88 578:system/1000}
D/Bluetooth HS/HF(  762): [BT][HFG] [API] mStateReceiver.onReceive(android.intent.action.SIG_STR)
D/Bluetooth HS/HF(  762): [BT][HFG] [API] mHandler.handleMessage(10)
D/StatusBar.NetworkControllerGemini(  677): PhoneStateListener:onSignalStrengthsChanged, sim2 before.
D/StatusBar.NetworkControllerGemini(  677): PhoneStateListener:onSignalStrengthsChanged, signalStrength=5
D/StatusBar.NetworkControllerGemini(  677): mNetworkName, sim1Inserted is false, sim2Inserted is true.networkname[0]=Êó†ÊúçÂä°;networkname[1]=Âè™ËÉΩÊã®ÊâìÁ¥ßÊÄ•ÂëºÊïëÁîµËØù
D/StatusBar.NetworkControllerGemini(  677): PhoneStateListener:onSignalStrengthsChanged, sim2 after.
E/BatteryService(  578): Enter GetStatus success
E/BatteryService(  578): ioctl ok: 279
E/BatteryService(  578): Enter GetStatus success
E/BatteryService(  578): ioctl ok: 279
E/BatteryService(  578): Enter GetStatus success
E/BatteryService(  578): ioctl ok: 279
D/StatusBar.NetworkControllerGemini(  677): mNetworkName, sim1Inserted is false, sim2Inserted is true.networkname[0]=Êó†ÊúçÂä°;networkname[1]=Âè™ËÉΩÊã®ÊâìÁ¥ßÊÄ•ÂëºÊïëÁîµËØù
D/StatusBar.NetworkControllerGemini(  677): mNetworkName, sim1Inserted is false, sim2Inserted is true.networkname[0]=Êó†ÊúçÂä°;networkname[1]=Âè™ËÉΩÊã®ÊâìÁ¥ßÊÄ•ÂëºÊïëÁîµËØù
I/SurfaceTextureClient(  677): [STC::queueBuffer] (this:0x5c22cdc0) fps:2.73, dur:1098.55, max:687.04, min:201.49
I/BufferQueue(  127): [StatusBar](this:0x45a36108,api:1) [queue] fps:2.73, dur:1098.40, max:687.02, min:201.33
I/BufferQueue(  127): [StatusBar](this:0x45a36108,api:1) [release] fps:2.73, dur:1099.55, max:696.34, min:201.57
I/SurfaceTextureClient(  127): [STC::queueBuffer] (this:0x424ca8c8) fps:2.73, dur:1099.55, max:696.60, min:201.47
I/BufferQueue(  127): [FramebufferSurface](this:0x4250c008,api:1) [release] fps:2.73, dur:1099.55, max:696.68, min:201.41
I/BufferQueue(  127): [FramebufferSurface](this:0x4250c008,api:1) [queue] fps:2.73, dur:1099.56, max:696.72, min:201.37
I/SurfaceFlinger(  127): [SurfaceFlinger] fps:2.728377,dur:1099.55,max:696.73,min:201.36
D/StatusBar.NetworkControllerGemini(  677): mNetworkName, sim1Inserted is false, sim2Inserted is true.networkname[0]=Êó†ÊúçÂä°;networkname[1]=Âè™ËÉΩÊã®ÊâìÁ¥ßÊÄ•ÂëºÊïëÁîµËØù
D/ADB_SERVICES(  164): adb fdevent_process list (18) (20) 
D/ADB_SERVICES(  164): adb socket read list (20) 
D/ADB_SERVICES(  164): read_data=13715
D/ADB_SERVICES(  164): max_read_time=0.000066 max_send_time=0.000057 
D/ADB_SERVICES(  164): adb local_socket_ready list (20) 
D/StatusBar.NetworkControllerGemini(  677): mNetworkName, sim1Inserted is false, sim2Inserted is true.networkname[0]=Êó†ÊúçÂä°;networkname[1]=Âè™ËÉΩÊã®ÊâìÁ¥ßÊÄ•ÂëºÊïëÁîµËØù
I/SurfaceTextureClient(  677): [STC::queueBuffer] (this:0x5c22cdc0) fps:4.95, dur:1010.00, max:202.64, min:201.52
I/BufferQueue(  127): [StatusBar](this:0x45a36108,api:1) [queue] fps:4.95, dur:1010.16, max:202.80, min:201.52
I/BufferQueue(  127): [StatusBar](this:0x45a36108,api:1) [release] fps:4.96, dur:1008.00, max:201.68, min:201.57
I/SurfaceTextureClient(  127): [STC::queueBuffer] (this:0x424ca8c8) fps:4.96, dur:1008.22, max:202.24, min:201.32
I/BufferQueue(  127): [FramebufferSurface](this:0x4250c008,api:1) [release] fps:4.96, dur:1008.21, max:202.31, min:201.32
I/BufferQueue(  127): [FramebufferSurface](this:0x4250c008,api:1) [queue] fps:4.96, dur:1008.21, max:202.35, min:201.32
I/SurfaceFlinger(  127): [SurfaceFlinger] fps:4.959234,dur:1008.22,max:202.38,min:201.32
D/WifiNative-wlan0(  578): doString: SIGNAL_POLL
V/WifiManager(  578): calculateSignalLevel(),numLevels = 5
I/System.out(  772): [socket][20:46586] exception
I/System.out(  772): [CDS]close[46586]
I/System.out(  772): close [socket][/0.0.0.0:46586]
D/StatusBar.NetworkControllerGemini(  677): mNetworkName, sim1Inserted is false, sim2Inserted is true.networkname[0]=Êó†ÊúçÂä°;networkname[1]=Âè™ËÉΩÊã®ÊâìÁ¥ßÊÄ•ÂëºÊïëÁîµËØù
D/StatusBar.NetworkControllerGemini(  677): mNetworkName, sim1Inserted is false, sim2Inserted is true.networkname[0]=Êó†ÊúçÂä°;networkname[1]=Âè™ËÉΩÊã®ÊâìÁ¥ßÊÄ•ÂëºÊïëÁîµËØù
I/SurfaceTextureClient(  677): [STC::queueBuffer] (this:0x5c22cdc0) fps:4.96, dur:1007.98, max:202.57, min:200.51
I/BufferQueue(  127): [StatusBar](this:0x45a36108,api:1) [queue] fps:4.96, dur:1007.99, max:202.74, min:200.34
I/BufferQueue(  127): [StatusBar](this:0x45a36108,api:1) [release] fps:4.96, dur:1007.85, max:201.59, min:201.51
I/SurfaceTextureClient(  127): [STC::queueBuffer] (this:0x424ca8c8) fps:4.96, dur:1007.37, max:201.65, min:201.20
I/BufferQueue(  127): [FramebufferSurface](this:0x4250c008,api:1) [release] fps:4.96, dur:1007.38, max:201.73, min:201.13
I/BufferQueue(  127): [FramebufferSurface](this:0x4250c008,api:1) [queue] fps:4.96, dur:1007.38, max:201.77, min:201.09
I/SurfaceFlinger(  127): [SurfaceFlinger] fps:4.963444,dur:1007.36,max:201.78,min:201.07
D/StatusBar.NetworkControllerGemini(  677): mNetworkName, sim1Inserted is false, sim2Inserted is true.networkname[0]=Êó†ÊúçÂä°;networkname[1]=Âè™ËÉΩÊã®ÊâìÁ¥ßÊÄ•ÂëºÊïëÁîµËØù
D/StatusBar.NetworkControllerGemini(  677): mNetworkName, sim1Inserted is false, sim2Inserted is true.networkname[0]=Êó†ÊúçÂä°;networkname[1]=Âè™ËÉΩÊã®ÊâìÁ¥ßÊÄ•ÂëºÊïëÁîµËØù
I/SurfaceTextureClient(  677): [STC::queueBuffer] (this:0x5c22cdc0) fps:3.08, dur:1300.28, max:696.69, min:200.47
I/BufferQueue(  127): [StatusBar](this:0x45a36108,api:1) [queue] fps:3.08, dur:1300.28, max:696.85, min:200.30
I/BufferQueue(  127): [StatusBar](this:0x45a36108,api:1) [release] fps:3.07, dur:1301.17, max:696.42, min:201.56
I/SurfaceTextureClient(  127): [STC::queueBuffer] (this:0x424ca8c8) fps:3.07, dur:1301.24, max:696.31, min:201.24
I/BufferQueue(  127): [FramebufferSurface](this:0x4250c008,api:1) [release] fps:3.07, dur:1301.24, max:696.39, min:201.24
I/BufferQueue(  127): [FramebufferSurface](this:0x4250c008,api:1) [queue] fps:3.07, dur:1301.24, max:696.43, min:201.24
I/SurfaceFlinger(  127): [SurfaceFlinger] fps:3.073988,dur:1301.24,max:696.44,min:201.25
I/SurfaceTextureClient(  677): [STC::queueBuffer] (this:0x5c22cdc0) fps:4.96, dur:1007.64, max:201.63, min:201.37
I/BufferQueue(  127): [StatusBar](this:0x45a36108,api:1) [queue] fps:4.96, dur:1007.62, max:201.78, min:201.20
I/BufferQueue(  127): [StatusBar](this:0x45a36108,api:1) [release] fps:4.96, dur:1007.92, max:201.71, min:201.43
I/SurfaceTextureClient(  127): [STC::queueBuffer] (this:0x424ca8c8) fps:4.96, dur:1007.86, max:201.86, min:201.28
I/BufferQueue(  127): [FramebufferSurface](this:0x4250c008,api:1) [release] fps:4.96, dur:1007.86, max:201.79, min:201.28
I/BufferQueue(  127): [FramebufferSurface](this:0x4250c008,api:1) [queue] fps:4.96, dur:1007.86, max:201.83, min:201.28
I/SurfaceFlinger(  127): [SurfaceFlinger] fps:4.961022,dur:1007.86,max:201.84,min:201.27
D/WifiNative-wlan0(  578): doString: SIGNAL_POLL
V/WifiManager(  578): calculateSignalLevel(),numLevels = 5
D/StatusBar.NetworkControllerGemini(  677): mNetworkName, sim1Inserted is false, sim2Inserted is true.networkname[0]=Êó†ÊúçÂä°;networkname[1]=Âè™ËÉΩÊã®ÊâìÁ¥ßÊÄ•ÂëºÊïëÁîµËØù
D/StatusBar.NetworkControllerGemini(  677): mNetworkName, sim1Inserted is false, sim2Inserted is true.networkname[0]=Êó†ÊúçÂä°;networkname[1]=Âè™ËÉΩÊã®ÊâìÁ¥ßÊÄ•ÂëºÊïëÁîµËØù
I/SurfaceTextureClient(  677): [STC::queueBuffer] (this:0x5c22cdc0) fps:4.96, dur:1008.10, max:206.63, min:195.53
I/BufferQueue(  127): [StatusBar](this:0x45a36108,api:1) [queue] fps:4.96, dur:1008.11, max:206.65, min:195.42
I/BufferQueue(  127): [StatusBar](this:0x45a36108,api:1) [release] fps:4.96, dur:1007.91, max:201.66, min:201.50
I/SurfaceTextureClient(  127): [STC::queueBuffer] (this:0x424ca8c8) fps:4.96, dur:1008.16, max:202.12, min:201.44
I/BufferQueue(  127): [FramebufferSurface](this:0x4250c008,api:1) [release] fps:4.96, dur:1008.16, max:202.12, min:201.40
I/BufferQueue(  127): [FramebufferSurface](this:0x4250c008,api:1) [queue] fps:4.96, dur:1008.16, max:202.12, min:201.36
I/SurfaceFlinger(  127): [SurfaceFlinger] fps:4.959516,dur:1008.16,max:202.11,min:201.34
D/StatusBar.NetworkControllerGemini(  677): mNetworkName, sim1Inserted is false, sim2Inserted is true.networkname[0]=Êó†ÊúçÂä°;networkname[1]=Âè™ËÉΩÊã®ÊâìÁ¥ßÊÄ•ÂëºÊïëÁîµËØù
D/ADB_SERVICES(  164): adb fdevent_process list (18) (20) 
D/ADB_SERVICES(  164): adb socket read list (20) 
D/ADB_SERVICES(  164): read_data=7617
D/ADB_SERVICES(  164): max_read_time=0.000065 max_send_time=0.000056 
D/ADB_SERVICES(  164): adb local_socket_ready list (20) 
D/StatusBar.NetworkControllerGemini(  677): mNetworkName, sim1Inserted is false, sim2Inserted is true.networkname[0]=Êó†ÊúçÂä°;networkname[1]=Âè™ËÉΩÊã®ÊâìÁ¥ßÊÄ•ÂëºÊïëÁîµËØù
I/SurfaceTextureClient(  677): [STC::queueBuffer] (this:0x5c22cdc0) fps:3.07, dur:1301.36, max:691.33, min:201.40
I/BufferQueue(  127): [StatusBar](this:0x45a36108,api:1) [queue] fps:3.07, dur:1301.36, max:691.48, min:201.24
I/BufferQueue(  127): [StatusBar](this:0x45a36108,api:1) [release] fps:3.07, dur:1301.15, max:696.31, min:201.57
I/SurfaceTextureClient(  127): [STC::queueBuffer] (this:0x424ca8c8) fps:3.07, dur:1300.90, max:695.69, min:201.24
I/BufferQueue(  127): [FramebufferSurface](this:0x4250c008,api:1) [release] fps:3.07, dur:1300.90, max:695.76, min:201.16
I/BufferQueue(  127): [FramebufferSurface](this:0x4250c008,api:1) [queue] fps:3.07, dur:1300.90, max:695.79, min:201.12
I/SurfaceFlinger(  127): [SurfaceFlinger] fps:3.074809,dur:1300.89,max:695.82,min:201.11
D/WifiNative-wlan0(  578): doString: SIGNAL_POLL
V/WifiManager(  578): calculateSignalLevel(),numLevels = 5
I/System.out(  843): [socket][179:52218] exception
I/System.out(  843): [CDS]close[52218]
W/PushService(  843): 2015-11-11 10:27:24,850 - [WARN::PushService] - SMACK: Could not connect to:58.68.235.232
W/PushService(  843): 2015-11-11 10:27:24,851 - [WARN::PushService] - [Thread:45] begin to connect to app01.nodes.gslb.mi-idc.com
I/XiaomiFirewall( 1375): firewall pkgName:com.xiaomi.xmsf, result:0
D/FrameworkListener(  122): dispatchCommand data = (getaddrinfo app01.nodes.gslb.mi-idc.com ^ 1024 0 1 0)
I/SurfaceTextureClient(  677): [STC::queueBuffer] (this:0x5c22cdc0) fps:4.95, dur:1010.31, max:204.37, min:201.23
I/BufferQueue(  127): [StatusBar](this:0x45a36108,api:1) [queue] fps:4.95, dur:1010.76, max:204.98, min:201.22
D/libc-netbsd(  122): getaddrinfo: app01.nodes.gslb.mi-idc.com NO result from proxy 
D/libc-netbsd(  122): res_queryN name = app01.nodes.gslb.mi-idc.com, class = 1, type = 1
I/BufferQueue(  127): [StatusBar](this:0x45a36108,api:1) [release] fps:4.96, dur:1007.96, max:201.65, min:201.54
I/SurfaceTextureClient(  127): [STC::queueBuffer] (this:0x424ca8c8) fps:4.96, dur:1007.98, max:202.10, min:201.45
I/BufferQueue(  127): [FramebufferSurface](this:0x4250c008,api:1) [release] fps:4.96, dur:1007.98, max:202.11, min:201.41
I/BufferQueue(  127): [FramebufferSurface](this:0x4250c008,api:1) [queue] fps:4.96, dur:1007.98, max:202.11, min:201.37
I/SurfaceFlinger(  127): [SurfaceFlinger] fps:4.960395,dur:1007.98,max:202.10,min:201.36
D/libc-netbsd(  122): res_queryN name = app01.nodes.gslb.mi-idc.com succeed
D/libc-netbsd(  843): getaddrinfo: app01.nodes.gslb.mi-idc.com get result from proxy >>
I/System.out(  843): propertyValue:true
I/System.out(  843): [socket][179] connection app01.nodes.gslb.mi-idc.com/120.134.33.29:5222;LocalPort=39342(10000)
I/System.out(  843): [CDS]connect[app01.nodes.gslb.mi-idc.com/120.134.33.29:5222] tm:10
D/Posix   (  843): [Posix_connect Debug]Process com.xiaomi.xmsf :5222 
D/StatusBar.NetworkControllerGemini(  677): mNetworkName, sim1Inserted is false, sim2Inserted is true.networkname[0]=Êó†ÊúçÂä°;networkname[1]=Âè™ËÉΩÊã®ÊâìÁ¥ßÊÄ•ÂëºÊïëÁîµËØù
D/StatusBar.NetworkControllerGemini(  677): mNetworkName, sim1Inserted is false, sim2Inserted is true.networkname[0]=Êó†ÊúçÂä°;networkname[1]=Âè™ËÉΩÊã®ÊâìÁ¥ßÊÄ•ÂëºÊïëÁîµËØù
I/SurfaceTextureClient(  677): [STC::queueBuffer] (this:0x5c22cdc0) fps:4.97, dur:1005.20, max:202.39, min:198.88
I/BufferQueue(  127): [StatusBar](this:0x45a36108,api:1) [queue] fps:4.98, dur:1004.74, max:202.49, min:198.26
I/BufferQueue(  127): [StatusBar](this:0x45a36108,api:1) [release] fps:4.96, dur:1007.93, max:201.84, min:201.32
I/SurfaceTextureClient(  127): [STC::queueBuffer] (this:0x424ca8c8) fps:4.96, dur:1008.17, max:202.11, min:201.05
I/BufferQueue(  127): [FramebufferSurface](this:0x4250c008,api:1) [release] fps:4.96, dur:1008.17, max:202.12, min:201.04
I/BufferQueue(  127): [FramebufferSurface](this:0x4250c008,api:1) [queue] fps:4.96, dur:1008.17, max:202.13, min:201.03
I/SurfaceFlinger(  127): [SurfaceFlinger] fps:4.959489,dur:1008.17,max:202.16,min:201.00
V/ActivityManager(  578): Broadcast sticky: Intent { act=android.intent.action.SIG_STR flg=0x10 (has extras) } ordered=false userid=-1 callerApp=ProcessRecord{42697b88 578:system/1000}
D/StatusBar.NetworkControllerGemini(  677): PhoneStateListener:onSignalStrengthsChanged, sim2 before.
D/StatusBar.NetworkControllerGemini(  677): PhoneStateListener:onSignalStrengthsChanged, signalStrength=5
D/Bluetooth HS/HF(  762): [BT][HFG] [API] mStateReceiver.onReceive(android.intent.action.SIG_STR)
D/Bluetooth HS/HF(  762): [BT][HFG] [API] mHandler.handleMessage(10)
D/StatusBar.NetworkControllerGemini(  677): mNetworkName, sim1Inserted is false, sim2Inserted is true.networkname[0]=Êó†ÊúçÂä°;networkname[1]=Âè™ËÉΩÊã®ÊâìÁ¥ßÊÄ•ÂëºÊïëÁîµËØù
D/StatusBar.NetworkControllerGemini(  677): PhoneStateListener:onSignalStrengthsChanged, sim2 after.
D/StatusBar.NetworkControllerGemini(  677): mNetworkName, sim1Inserted is false, sim2Inserted is true.networkname[0]=Êó†ÊúçÂä°;networkname[1]=Âè™ËÉΩÊã®ÊâìÁ¥ßÊÄ•ÂëºÊïëÁîµËØù
D/StatusBar.NetworkControllerGemini(  677): mNetworkName, sim1Inserted is false, sim2Inserted is true.networkname[0]=Êó†ÊúçÂä°;networkname[1]=Âè™ËÉΩÊã®ÊâìÁ¥ßÊÄ•ÂëºÊïëÁîµËØù
E/BatteryService(  578): Enter GetStatus success
E/BatteryService(  578): ioctl ok: 279
E/BatteryService(  578): Enter GetStatus success
E/BatteryService(  578): ioctl ok: 279
E/BatteryService(  578): Enter GetStatus success
E/BatteryService(  578): ioctl ok: 279
W/ADB_SERVICES(  164): create_local_service_socket() name=shell:export ANDROID_LOG_TAGS="" ; exec logcat help
W/ADB_SERVICES(  164): LS(10275): bound to 'shell:export ANDROID_LOG_TAGS="" ; exec logcat help' via 22
W/ADB_SERVICES(23208): adb: unable to open /proc/23208/oom_adj
I/SurfaceTextureClient(  677): [STC::queueBuffer] (this:0x5c22cdc0) fps:3.08, dur:1299.57, max:694.57, min:200.39
I/BufferQueue(  127): [StatusBar](this:0x45a36108,api:1) [queue] fps:3.08, dur:1299.42, max:694.58, min:200.28
I/BufferQueue(  127): [StatusBar](this:0x45a36108,api:1) [release] fps:3.07, dur:1300.85, max:696.13, min:201.54
I/SurfaceTextureClient(  127): [STC::queueBuffer] (this:0x424ca8c8) fps:3.08, dur:1300.43, max:696.05, min:201.29
I/BufferQueue(  127): [FramebufferSurface](this:0x4250c008,api:1) [release] fps:3.08, dur:1300.37, max:696.07, min:201.29
I/BufferQueue(  127): [FramebufferSurface](this:0x4250c008,api:1) [queue] fps:3.08, dur:1300.36, max:696.11, min:201.29
I/SurfaceFlinger(  127): [SurfaceFlinger] fps:3.076140,dur:1300.33,max:696.09,min:201.29
D/StatusBar.NetworkControllerGemini(  677): mNetworkName, sim1Inserted is false, sim2Inserted is true.networkname[0]=Êó†ÊúçÂä°;networkname[1]=Âè™ËÉΩÊã®ÊâìÁ¥ßÊÄ•ÂëºÊïëÁîµËØù
D/StatusBar.NetworkControllerGemini(  677): mNetworkName, sim1Inserted is false, sim2Inserted is true.networkname[0]=Êó†ÊúçÂä°;networkname[1]=Âè™ËÉΩÊã®ÊâìÁ¥ßÊÄ•ÂëºÊïëÁîµËØù
D/WifiNative-wlan0(  578): doString: SIGNAL_POLL
V/WifiManager(  578): calculateSignalLevel(),numLevels = 5
I/SurfaceTextureClient(  677): [STC::queueBuffer] (this:0x5c22cdc0) fps:4.95, dur:1009.53, max:206.90, min:196.14
I/BufferQueue(  127): [StatusBar](this:0x45a36108,api:1) [queue] fps:4.95, dur:1009.68, max:206.91, min:196.28
I/BufferQueue(  127): [StatusBar](this:0x45a36108,api:1) [release] fps:4.96, dur:1008.23, max:201.84, min:201.58
I/SurfaceTextureClient(  127): [STC::queueBuffer] (this:0x424ca8c8) fps:4.96, dur:1008.66, max:202.25, min:201.32
I/BufferQueue(  127): [FramebufferSurface](this:0x4250c008,api:1) [release] fps:4.96, dur:1008.73, max:202.25, min:201.40
I/BufferQueue(  127): [FramebufferSurface](this:0x4250c008,api:1) [queue] fps:4.96, dur:1008.73, max:202.25, min:201.44
I/SurfaceFlinger(  127): [SurfaceFlinger] fps:4.956559,dur:1008.76,max:202.24,min:201.47
D/ADB_SERVICES(  164): adb fdevent_process list (18) (20) (22) 
D/ADB_SERVICES(  164): adb socket read list (20) (22) 
D/ADB_SERVICES(  164): read_data=145109
D/ADB_SERVICES(  164): max_read_time=0.003781 max_send_time=0.000149 
D/ADB_SERVICES(  164): adb local_socket_ready list (20) (22) 
D/StatusBar.NetworkControllerGemini(  677): mNetworkName, sim1Inserted is false, sim2Inserted is true.networkname[0]=Êó†ÊúçÂä°;networkname[1]=Âè™ËÉΩÊã®ÊâìÁ¥ßÊÄ•ÂëºÊïëÁîµËØù
D/StatusBar.NetworkControllerGemini(  677): mNetworkName, sim1Inserted is false, sim2Inserted is true.networkname[0]=Êó†ÊúçÂä°;networkname[1]=Âè™ËÉΩÊã®ÊâìÁ¥ßÊÄ•ÂëºÊïëÁîµËØù
I/SurfaceTextureClient(  677): [STC::queueBuffer] (this:0x5c22cdc0) fps:4.96, dur:1007.88, max:211.14, min:192.93
I/BufferQueue(  127): [StatusBar](this:0x45a36108,api:1) [queue] fps:4.96, dur:1007.89, max:211.00, min:192.92
I/BufferQueue(  127): [StatusBar](this:0x45a36108,api:1) [release] fps:4.96, dur:1007.89, max:201.59, min:201.56
I/SurfaceTextureClient(  127): [STC::queueBuffer] (this:0x424ca8c8) fps:4.96, dur:1007.62, max:201.81, min:201.23
I/BufferQueue(  127): [FramebufferSurface](this:0x4250c008,api:1) [release] fps:4.96, dur:1007.61, max:201.81, min:201.15
I/BufferQueue(  127): [FramebufferSurface](this:0x4250c008,api:1) [queue] fps:4.96, dur:1007.68, max:201.86, min:201.10
I/SurfaceFlinger(  127): [SurfaceFlinger] fps:4.961864,dur:1007.69,max:201.87,min:201.09
D/StatusBar.NetworkControllerGemini(  677): mNetworkName, sim1Inserted is false, sim2Inserted is true.networkname[0]=Êó†ÊúçÂä°;networkname[1]=Âè™ËÉΩÊã®ÊâìÁ¥ßÊÄ•ÂëºÊïëÁîµËØù
D/StatusBar.NetworkControllerGemini(  677): mNetworkName, sim1Inserted is false, sim2Inserted is true.networkname[0]=Êó†ÊúçÂä°;networkname[1]=Âè™ËÉΩÊã®ÊâìÁ¥ßÊÄ•ÂëºÊïëÁîµËØù
D/ADB_SERVICES(  164): recv: CLSE 00000000 00002823 
W/ADB_SERVICES(  164): entered. LS(10275) fd=22
I/SurfaceTextureClient(  677): [STC::queueBuffer] (this:0x5c22cdc0) fps:3.07, dur:1301.14, max:696.38, min:201.45
I/BufferQueue(  127): [StatusBar](this:0x45a36108,api:1) [queue] fps:3.07, dur:1301.13, max:696.53, min:201.46
I/BufferQueue(  127): [StatusBar](this:0x45a36108,api:1) [release] fps:3.07, dur:1301.22, max:696.44, min:201.55
I/SurfaceTextureClient(  127): [STC::queueBuffer] (this:0x424ca8c8) fps:3.07, dur:1301.69, max:696.70, min:201.33
I/BufferQueue(  127): [FramebufferSurface](this:0x4250c008,api:1) [release] fps:3.07, dur:1301.68, max:696.77, min:201.33
I/BufferQueue(  127): [FramebufferSurface](this:0x4250c008,api:1) [queue] fps:3.07, dur:1301.61, max:696.81, min:201.33
I/SurfaceFlinger(  127): [SurfaceFlinger] fps:3.073129,dur:1301.61,max:696.82,min:201.34
D/WifiNative-wlan0(  578): doString: SIGNAL_POLL
V/WifiManager(  578): calculateSignalLevel(),numLevels = 5
I/SurfaceTextureClient(  677): [STC::queueBuffer] (this:0x5c22cdc0) fps:4.96, dur:1007.91, max:201.74, min:201.36
I/BufferQueue(  127): [StatusBar](this:0x45a36108,api:1) [queue] fps:4.96, dur:1007.92, max:201.75, min:201.41
I/BufferQueue(  127): [StatusBar](this:0x45a36108,api:1) [release] fps:4.96, dur:1007.85, max:201.60, min:201.52
I/SurfaceTextureClient(  127): [STC::queueBuffer] (this:0x424ca8c8) fps:4.96, dur:1007.37, max:201.65, min:201.23
I/BufferQueue(  127): [FramebufferSurface](this:0x4250c008,api:1) [release] fps:4.96, dur:1007.38, max:201.72, min:201.16
I/BufferQueue(  127): [FramebufferSurface](this:0x4250c008,api:1) [queue] fps:4.96, dur:1007.38, max:201.76, min:201.12
I/SurfaceFlinger(  127): [SurfaceFlinger] fps:4.963351,dur:1007.38,max:201.77,min:201.11
D/StatusBar.NetworkControllerGemini(  677): mNetworkName, sim1Inserted is false, sim2Inserted is true.networkname[0]=Êó†ÊúçÂä°;networkname[1]=Âè™ËÉΩÊã®ÊâìÁ¥ßÊÄ•ÂëºÊïëÁîµËØù
D/StatusBar.NetworkControllerGemini(  677): mNetworkName, sim1Inserted is false, sim2Inserted is true.networkname[0]=Êó†ÊúçÂä°;networkname[1]=Âè™ËÉΩÊã®ÊâìÁ¥ßÊÄ•ÂëºÊïëÁîµËØù
I/SurfaceTextureClient(  677): [STC::queueBuffer] (this:0x5c22cdc0) fps:4.96, dur:1008.00, max:202.65, min:200.72
I/BufferQueue(  127): [StatusBar](this:0x45a36108,api:1) [queue] fps:4.96, dur:1008.00, max:202.90, min:200.62
I/BufferQueue(  127): [StatusBar](this:0x45a36108,api:1) [release] fps:4.96, dur:1007.93, max:201.62, min:201.56
I/SurfaceTextureClient(  127): [STC::queueBuffer] (this:0x424ca8c8) fps:4.96, dur:1007.94, max:202.12, min:201.26
I/BufferQueue(  127): [FramebufferSurface](this:0x4250c008,api:1) [release] fps:4.96, dur:1007.94, max:202.05, min:201.25
I/BufferQueue(  127): [FramebufferSurface](this:0x4250c008,api:1) [queue] fps:4.96, dur:1007.94, max:202.01, min:201.25
I/SurfaceFlinger(  127): [SurfaceFlinger] fps:4.960589,dur:1007.94,max:201.99,min:201.27
D/StatusBar.NetworkControllerGemini(  677): mNetworkName, sim1Inserted is false, sim2Inserted is true.networkname[0]=Êó†ÊúçÂä°;networkname[1]=Âè™ËÉΩÊã®ÊâìÁ¥ßÊÄ•ÂëºÊïëÁîµËØù
D/ADB_SERVICES(  164): adb fdevent_process list (18) (20) (22) 
D/ADB_SERVICES(  164): adb socket read list (20) (22) 
D/ADB_SERVICES(  164): read_data=166056
D/ADB_SERVICES(  164): max_read_time=0.008088 max_send_time=0.000070 
D/ADB_SERVICES(  164): adb local_socket_ready list (20) (22) 
D/StatusBar.NetworkControllerGemini(  677): mNetworkName, sim1Inserted is false, sim2Inserted is true.networkname[0]=Êó†ÊúçÂä°;networkname[1]=Âè™ËÉΩÊã®ÊâìÁ¥ßÊÄ•ÂëºÊïëÁîµËØù
I/SurfaceTextureClient(  677): [STC::queueBuffer] (this:0x5c22cdc0) fps:3.07, dur:1301.41, max:696.76, min:201.46
I/BufferQueue(  127): [StatusBar](this:0x45a36108,api:1) [queue] fps:3.07, dur:1301.41, max:696.93, min:201.37
I/BufferQueue(  127): [StatusBar](this:0x45a36108,api:1) [release] fps:3.07, dur:1301.15, max:696.27, min:201.58
I/SurfaceTextureClient(  127): [STC::queueBuffer] (this:0x424ca8c8) fps:3.07, dur:1301.14, max:696.05, min:201.51
I/BufferQueue(  127): [FramebufferSurface](this:0x4250c008,api:1) [release] fps:3.07, dur:1301.14, max:696.12, min:201.43
I/BufferQueue(  127): [FramebufferSurface](this:0x4250c008,api:1) [queue] fps:3.07, dur:1301.14, max:696.16, min:201.39
I/SurfaceFlinger(  127): [SurfaceFlinger] fps:3.074228,dur:1301.14,max:696.18,min:201.38
D/WifiNative-wlan0(  578): doString: SIGNAL_POLL
V/WifiManager(  578): calculateSignalLevel(),numLevels = 5
D/StatusBar.NetworkControllerGemini(  677): mNetworkName, sim1Inserted is false, sim2Inserted is true.networkname[0]=Êó†ÊúçÂä°;networkname[1]=Âè™ËÉΩÊã®ÊâìÁ¥ßÊÄ•ÂëºÊïëÁîµËØù
D/StatusBar.NetworkControllerGemini(  677): mNetworkName, sim1Inserted is false, sim2Inserted is true.networkname[0]=Êó†ÊúçÂä°;networkname[1]=Âè™ËÉΩÊã®ÊâìÁ¥ßÊÄ•ÂëºÊïëÁîµËØù
I/SurfaceTextureClient(  677): [STC::queueBuffer] (this:0x5c22cdc0) fps:4.96, dur:1007.62, max:202.88, min:200.69
I/BufferQueue(  127): [StatusBar](this:0x45a36108,api:1) [queue] fps:4.96, dur:1007.62, max:202.88, min:200.68
I/BufferQueue(  127): [StatusBar](this:0x45a36108,api:1) [release] fps:4.96, dur:1007.94, max:201.65, min:201.53
I/SurfaceTextureClient(  127): [STC::queueBuffer] (this:0x424ca8c8) fps:4.96, dur:1008.18, max:202.11, min:201.32
I/BufferQueue(  127): [FramebufferSurface](this:0x4250c008,api:1) [release] fps:4.96, dur:1008.18, max:202.12, min:201.31
I/BufferQueue(  127): [FramebufferSurface](this:0x4250c008,api:1) [queue] fps:4.96, dur:1008.18, max:202.13, min:201.29
I/SurfaceFlinger(  127): [SurfaceFlinger] fps:4.959421,dur:1008.18,max:202.11,min:201.32
I/System.out(  843): [socket][180:39342] exception
I/System.out(  843): [CDS]close[39342]
W/PushService(  843): 2015-11-11 10:27:34,888 - [WARN::PushService] - SMACK: Could not connect to:app01.nodes.gslb.mi-idc.com
W/PushService(  843): 2015-11-11 10:27:34,890 - [WARN::PushService] - [Thread:45] begin to connect to 42.62.48.181
I/XiaomiFirewall( 1375): firewall pkgName:com.xiaomi.xmsf, result:0
I/System.out(  843): [socket][180] connection /42.62.48.181:5222;LocalPort=34323(10000)
I/System.out(  843): [CDS]connect[/42.62.48.181:5222] tm:10
D/Posix   (  843): [Posix_connect Debug]Process com.xiaomi.xmsf :5222 
D/StatusBar.NetworkControllerGemini(  677): mNetworkName, sim1Inserted is false, sim2Inserted is true.networkname[0]=Êó†ÊúçÂä°;networkname[1]=Âè™ËÉΩÊã®ÊâìÁ¥ßÊÄ•ÂëºÊïëÁîµËØù
D/StatusBar.NetworkControllerGemini(  677): mNetworkName, sim1Inserted is false, sim2Inserted is true.networkname[0]=Êó†ÊúçÂä°;networkname[1]=Âè™ËÉΩÊã®ÊâìÁ¥ßÊÄ•ÂëºÊïëÁîµËØù
I/SurfaceTextureClient(  677): [STC::queueBuffer] (this:0x5c22cdc0) fps:4.96, dur:1007.86, max:202.70, min:200.54
I/BufferQueue(  127): [StatusBar](this:0x45a36108,api:1) [queue] fps:4.96, dur:1007.84, max:202.71, min:200.54
I/BufferQueue(  127): [StatusBar](this:0x45a36108,api:1) [release] fps:4.96, dur:1007.95, max:201.61, min:201.57
I/SurfaceTextureClient(  127): [STC::queueBuffer] (this:0x424ca8c8) fps:4.96, dur:1007.99, max:202.22, min:201.24
I/BufferQueue(  127): [FramebufferSurface](this:0x4250c008,api:1) [release] fps:4.96, dur:1007.99, max:202.22, min:201.17
I/BufferQueue(  127): [FramebufferSurface](this:0x4250c008,api:1) [queue] fps:4.96, dur:1007.99, max:202.22, min:201.12
I/SurfaceFlinger(  127): [SurfaceFlinger] fps:4.960363,dur:1007.99,max:202.21,min:201.11
E/BatteryService(  578): Enter GetStatus success
E/BatteryService(  578): ioctl ok: 279
E/BatteryService(  578): Enter GetStatus success
E/BatteryService(  578): ioctl ok: 279
E/BatteryService(  578): Enter GetStatus success
E/BatteryService(  578): ioctl ok: 279
D/WifiNative-wlan0(  578): doString: SIGNAL_POLL
V/WifiManager(  578): calculateSignalLevel(),numLevels = 5
I/SurfaceTextureClient(  677): [STC::queueBuffer] (this:0x5c22cdc0) fps:3.07, dur:1301.28, max:696.47, min:201.60
I/BufferQueue(  127): [StatusBar](this:0x45a36108,api:1) [queue] fps:3.07, dur:1301.29, max:696.50, min:201.47
I/BufferQueue(  127): [StatusBar](this:0x45a36108,api:1) [release] fps:3.07, dur:1301.13, max:696.39, min:201.57
I/SurfaceTextureClient(  127): [STC::queueBuffer] (this:0x424ca8c8) fps:3.07, dur:1301.10, max:696.72, min:201.31
I/BufferQueue(  127): [FramebufferSurface](this:0x4250c008,api:1) [release] fps:3.07, dur:1301.09, max:696.80, min:201.31
I/BufferQueue(  127): [FramebufferSurface](this:0x4250c008,api:1) [queue] fps:3.07, dur:1301.10, max:696.84, min:201.31
I/SurfaceFlinger(  127): [SurfaceFlinger] fps:3.074330,dur:1301.10,max:696.85,min:201.30
D/StatusBar.NetworkControllerGemini(  677): mNetworkName, sim1Inserted is false, sim2Inserted is true.networkname[0]=Êó†ÊúçÂä°;networkname[1]=Âè™ËÉΩÊã®ÊâìÁ¥ßÊÄ•ÂëºÊïëÁîµËØù
D/StatusBar.NetworkControllerGemini(  677): mNetworkName, sim1Inserted is false, sim2Inserted is true.networkname[0]=Êó†ÊúçÂä°;networkname[1]=Âè™ËÉΩÊã®ÊâìÁ¥ßÊÄ•ÂëºÊïëÁîµËØù
I/SurfaceTextureClient(  677): [STC::queueBuffer] (this:0x5c22cdc0) fps:4.96, dur:1007.76, max:203.09, min:200.10
I/BufferQueue(  127): [StatusBar](this:0x45a36108,api:1) [queue] fps:4.96, dur:1007.76, max:203.19, min:199.85
I/BufferQueue(  127): [StatusBar](this:0x45a36108,api:1) [release] fps:4.96, dur:1007.92, max:201.83, min:201.31
I/SurfaceTextureClient(  127): [STC::queueBuffer] (this:0x424ca8c8) fps:4.96, dur:1007.94, max:202.13, min:200.85
I/BufferQueue(  127): [FramebufferSurface](this:0x4250c008,api:1) [release] fps:4.96, dur:1007.94, max:202.14, min:200.76
I/BufferQueue(  127): [FramebufferSurface](this:0x4250c008,api:1) [queue] fps:4.96, dur:1007.94, max:202.14, min:200.72
I/SurfaceFlinger(  127): [SurfaceFlinger] fps:4.960625,dur:1007.94,max:202.13,min:200.67
D/StatusBar.NetworkControllerGemini(  677): mNetworkName, sim1Inserted is false, sim2Inserted is true.networkname[0]=Êó†ÊúçÂä°;networkname[1]=Âè™ËÉΩÊã®ÊâìÁ¥ßÊÄ•ÂëºÊïëÁîµËØù
D/ADB_SERVICES(  164): adb fdevent_process list (18) (20) 
D/ADB_SERVICES(  164): adb socket read list (20) 
D/ADB_SERVICES(  164): read_data=8718
D/ADB_SERVICES(  164): max_read_time=0.000065 max_send_time=0.000056 
D/ADB_SERVICES(  164): adb local_socket_ready list (20) 
D/StatusBar.NetworkControllerGemini(  677): mNetworkName, sim1Inserted is false, sim2Inserted is true.networkname[0]=Êó†ÊúçÂä°;networkname[1]=Âè™ËÉΩÊã®ÊâìÁ¥ßÊÄ•ÂëºÊïëÁîµËØù
D/StatusBar.NetworkControllerGemini(  677): mNetworkName, sim1Inserted is false, sim2Inserted is true.networkname[0]=Êó†ÊúçÂä°;networkname[1]=Âè™ËÉΩÊã®ÊâìÁ¥ßÊÄ•ÂëºÊïëÁîµËØù
D/StatusBar.NetworkControllerGemini(  677): mNetworkName, sim1Inserted is false, sim2Inserted is true.networkname[0]=Êó†ÊúçÂä°;networkname[1]=Âè™ËÉΩÊã®ÊâìÁ¥ßÊÄ•ÂëºÊïëÁîµËØù
I/SurfaceTextureClient(  677): [STC::queueBuffer] (this:0x5c22cdc0) fps:4.99, dur:1202.23, max:212.60, min:190.15
I/BufferQueue(  127): [StatusBar](this:0x45a36108,api:1) [queue] fps:4.99, dur:1202.07, max:212.59, min:190.24
I/BufferQueue(  127): [StatusBar](this:0x45a36108,api:1) [release] fps:5.04, dur:1190.92, max:201.84, min:182.99
I/SurfaceTextureClient(  127): [STC::queueBuffer] (this:0x424ca8c8) fps:5.04, dur:1190.34, max:202.12, min:182.35
I/BufferQueue(  127): [FramebufferSurface](this:0x4250c008,api:1) [release] fps:5.04, dur:1190.28, max:202.13, min:182.26
I/BufferQueue(  127): [FramebufferSurface](this:0x4250c008,api:1) [queue] fps:5.04, dur:1190.27, max:202.14, min:182.21
I/SurfaceFlinger(  127): [SurfaceFlinger] fps:5.040988,dur:1190.24,max:202.17,min:182.17
D/WifiNative-wlan0(  578): doString: SIGNAL_POLL
V/WifiManager(  578): calculateSignalLevel(),numLevels = 5
V/ActivityManager(  578): Broadcast sticky: Intent { act=android.net.wifi.RSSI_CHANGED flg=0x8000010 (has extras) } ordered=false userid=-1 callerApp=ProcessRecord{42697b88 578:system/1000}
V/WifiManager(  677): calculateSignalLevel(),numLevels = 5
V/WifiManager(  578): calculateSignalLevel(),numLevels = 5
D/WifiWatchdogStateMachine(  578): RSSI current: 3 new: -67, 2
D/StatusBar.NetworkControllerGemini(  677): mNetworkName, sim1Inserted is false, sim2Inserted is true.networkname[0]=Êó†ÊúçÂä°;networkname[1]=Âè™ËÉΩÊã®ÊâìÁ¥ßÊÄ•ÂëºÊïëÁîµËØù
D/StatusBar.NetworkControllerGemini(  677): mNetworkName, sim1Inserted is false, sim2Inserted is true.networkname[0]=Êó†ÊúçÂä°;networkname[1]=Âè™ËÉΩÊã®ÊâìÁ¥ßÊÄ•ÂëºÊïëÁîµËØù
I/SurfaceTextureClient(  677): [STC::queueBuffer] (this:0x5c22cdc0) fps:3.67, dur:1088.88, max:444.04, min:190.79
I/BufferQueue(  127): [StatusBar](this:0x45a36108,api:1) [queue] fps:3.67, dur:1089.06, max:444.31, min:190.80
I/BufferQueue(  127): [StatusBar](this:0x45a36108,api:1) [release] fps:3.64, dur:1099.84, max:440.12, min:201.58
I/SurfaceTextureClient(  127): [STC::queueBuffer] (this:0x424ca8c8) fps:3.64, dur:1100.40, max:440.57, min:201.33
I/BufferQueue(  127): [FramebufferSurface](this:0x4250c008,api:1) [release] fps:3.63, dur:1100.46, max:440.66, min:201.33
I/BufferQueue(  127): [FramebufferSurface](this:0x4250c008,api:1) [queue] fps:3.63, dur:1100.47, max:440.71, min:201.33
I/SurfaceFlinger(  127): [SurfaceFlinger] fps:3.634706,dur:1100.50,max:440.75,min:201.33
D/StatusBar.NetworkControllerGemini(  677): mNetworkName, sim1Inserted is false, sim2Inserted is true.networkname[0]=Êó†ÊúçÂä°;networkname[1]=Âè™ËÉΩÊã®ÊâìÁ¥ßÊÄ•ÂëºÊïëÁîµËØù
D/StatusBar.NetworkControllerGemini(  677): mNetworkName, sim1Inserted is false, sim2Inserted is true.networkname[0]=Êó†ÊúçÂä°;networkname[1]=Âè™ËÉΩÊã®ÊâìÁ¥ßÊÄ•ÂëºÊïëÁîµËØù
I/SurfaceTextureClient(  677): [STC::queueBuffer] (this:0x5c22cdc0) fps:4.96, dur:1008.78, max:202.78, min:201.28
I/BufferQueue(  127): [StatusBar](this:0x45a36108,api:1) [queue] fps:4.96, dur:1008.78, max:202.95, min:201.11
I/BufferQueue(  127): [StatusBar](this:0x45a36108,api:1) [release] fps:4.96, dur:1008.08, max:201.77, min:201.56
I/SurfaceTextureClient(  127): [STC::queueBuffer] (this:0x424ca8c8) fps:4.96, dur:1008.25, max:202.27, min:201.34
I/BufferQueue(  127): [FramebufferSurface](this:0x4250c008,api:1) [release] fps:4.96, dur:1008.25, max:202.35, min:201.34
I/BufferQueue(  127): [FramebufferSurface](this:0x4250c008,api:1) [queue] fps:4.96, dur:1008.25, max:202.39, min:201.34
I/SurfaceFlinger(  127): [SurfaceFlinger] fps:4.959069,dur:1008.25,max:202.35,min:201.34
D/StatusBar.NetworkControllerGemini(  677): mNetworkName, sim1Inserted is false, sim2Inserted is true.networkname[0]=Êó†ÊúçÂä°;networkname[1]=Âè™ËÉΩÊã®ÊâìÁ¥ßÊÄ•ÂëºÊïëÁîµËØù
D/StatusBar.NetworkControllerGemini(  677): mNetworkName, sim1Inserted is false, sim2Inserted is true.networkname[0]=Êó†ÊúçÂä°;networkname[1]=Âè™ËÉΩÊã®ÊâìÁ¥ßÊÄ•ÂëºÊïëÁîµËØù
I/SurfaceTextureClient(  677): [STC::queueBuffer] (this:0x5c22cdc0) fps:4.96, dur:1008.06, max:202.94, min:200.58
I/BufferQueue(  127): [StatusBar](this:0x45a36108,api:1) [queue] fps:4.96, dur:1008.06, max:203.11, min:200.42
I/BufferQueue(  127): [StatusBar](this:0x45a36108,api:1) [release] fps:4.96, dur:1007.79, max:201.63, min:201.43
I/SurfaceTextureClient(  127): [STC::queueBuffer] (this:0x424ca8c8) fps:4.96, dur:1007.39, max:201.71, min:201.18
I/BufferQueue(  127): [FramebufferSurface](this:0x4250c008,api:1) [release] fps:4.96, dur:1007.38, max:201.79, min:201.10
I/BufferQueue(  127): [FramebufferSurface](this:0x4250c008,api:1) [queue] fps:4.96, dur:1007.38, max:201.83, min:201.06
I/SurfaceFlinger(  127): [SurfaceFlinger] fps:4.963377,dur:1007.38,max:201.84,min:201.05
D/WifiNative-wlan0(  578): doString: SIGNAL_POLL
V/WifiManager(  578): calculateSignalLevel(),numLevels = 5
D/StatusBar.NetworkControllerGemini(  677): mNetworkName, sim1Inserted is false, sim2Inserted is true.networkname[0]=Êó†ÊúçÂä°;networkname[1]=Âè™ËÉΩÊã®ÊâìÁ¥ßÊÄ•ÂëºÊïëÁîµËØù
D/ADB_SERVICES(  164): adb fdevent_process list (18) (20) 
D/ADB_SERVICES(  164): adb socket read list (20) 
D/ADB_SERVICES(  164): read_data=7288
D/ADB_SERVICES(  164): max_read_time=0.000262 max_send_time=0.000055 
D/ADB_SERVICES(  164): adb local_socket_ready list (20) 
D/StatusBar.NetworkControllerGemini(  677): mNetworkName, sim1Inserted is false, sim2Inserted is true.networkname[0]=Êó†ÊúçÂä°;networkname[1]=Âè™ËÉΩÊã®ÊâìÁ¥ßÊÄ•ÂëºÊïëÁîµËØù
I/SurfaceTextureClient(  677): [STC::queueBuffer] (this:0x5c22cdc0) fps:3.08, dur:1300.31, max:696.71, min:200.46
I/BufferQueue(  127): [StatusBar](this:0x45a36108,api:1) [queue] fps:3.08, dur:1300.30, max:696.87, min:200.30
I/BufferQueue(  127): [StatusBar](this:0x45a36108,api:1) [release] fps:3.07, dur:1301.12, max:696.35, min:201.51
I/SurfaceTextureClient(  127): [STC::queueBuffer] (this:0x424ca8c8) fps:3.07, dur:1301.65, max:696.71, min:201.32
I/BufferQueue(  127): [FramebufferSurface](this:0x4250c008,api:1) [release] fps:3.07, dur:1301.64, max:696.78, min:201.32
I/BufferQueue(  127): [FramebufferSurface](this:0x4250c008,api:1) [queue] fps:3.07, dur:1301.64, max:696.82, min:201.32
I/SurfaceFlinger(  127): [SurfaceFlinger] fps:3.073045,dur:1301.64,max:696.83,min:201.33
D/InputReader(  578): InputReader::monitor: lock
D/InputReader(  578): InputReader::monitor: wait 
D/InputReader(  578): InputReader::monitor: unlock
D/InputReader(  578): InputReader::monitor: done
I/SurfaceTextureClient(  677): [STC::queueBuffer] (this:0x5c22cdc0) fps:4.96, dur:1007.64, max:203.42, min:199.28
I/BufferQueue(  127): [StatusBar](this:0x45a36108,api:1) [queue] fps:4.96, dur:1007.65, max:203.48, min:199.07
I/BufferQueue(  127): [StatusBar](this:0x45a36108,api:1) [release] fps:4.96, dur:1007.95, max:201.60, min:201.58
I/SurfaceTextureClient(  127): [STC::queueBuffer] (this:0x424ca8c8) fps:4.96, dur:1007.40, max:201.63, min:201.23
I/BufferQueue(  127): [FramebufferSurface](this:0x4250c008,api:1) [release] fps:4.96, dur:1007.41, max:201.71, min:201.16
I/BufferQueue(  127): [FramebufferSurface](this:0x4250c008,api:1) [queue] fps:4.96, dur:1007.41, max:201.75, min:201.12
I/SurfaceFlinger(  127): [SurfaceFlinger] fps:4.963215,dur:1007.41,max:201.76,min:201.11
V/ActivityManager(  578): Broadcast sticky: Intent { act=android.intent.action.SIG_STR flg=0x10 (has extras) } ordered=false userid=-1 callerApp=ProcessRecord{42697b88 578:system/1000}
D/Bluetooth HS/HF(  762): [BT][HFG] [API] mStateReceiver.onReceive(android.intent.action.SIG_STR)
D/Bluetooth HS/HF(  762): [BT][HFG] [API] mHandler.handleMessage(10)
D/StatusBar.NetworkControllerGemini(  677): PhoneStateListener:onSignalStrengthsChanged, sim2 before.
D/StatusBar.NetworkControllerGemini(  677): PhoneStateListener:onSignalStrengthsChanged, signalStrength=5
D/StatusBar.NetworkControllerGemini(  677): mNetworkName, sim1Inserted is false, sim2Inserted is true.networkname[0]=Êó†ÊúçÂä°;networkname[1]=Âè™ËÉΩÊã®ÊâìÁ¥ßÊÄ•ÂëºÊïëÁîµËØù
D/StatusBar.NetworkControllerGemini(  677): PhoneStateListener:onSignalStrengthsChanged, sim2 after.
I/System.out(  843): [socket][181:34323] exception
I/System.out(  843): [CDS]close[34323]
W/PushService(  843): 2015-11-11 10:27:44,906 - [WARN::PushService] - SMACK: Could not connect to:42.62.48.181
W/PushService(  843): 2015-11-11 10:27:44,907 - [WARN::PushService] - [Thread:45] begin to connect to 223.202.68.46
I/XiaomiFirewall( 1375): firewall pkgName:com.xiaomi.xmsf, result:0
I/System.out(  843): [socket][181] connection /223.202.68.46:5222;LocalPort=55556(10000)
I/System.out(  843): [CDS]connect[/223.202.68.46:5222] tm:10
D/Posix   (  843): [Posix_connect Debug]Process com.xiaomi.xmsf :5222 
D/LocationManagerService(  578): status timer finished
D/StatusBar.NetworkControllerGemini(  677): mNetworkName, sim1Inserted is false, sim2Inserted is true.networkname[0]=Êó†ÊúçÂä°;networkname[1]=Âè™ËÉΩÊã®ÊâìÁ¥ßÊÄ•ÂëºÊïëÁîµËØù
D/StatusBar.NetworkControllerGemini(  677): mNetworkName, sim1Inserted is false, sim2Inserted is true.networkname[0]=Êó†ÊúçÂä°;networkname[1]=Âè™ËÉΩÊã®ÊâìÁ¥ßÊÄ•ÂëºÊïëÁîµËØù
I/SurfaceTextureClient(  677): [STC::queueBuffer] (this:0x5c22cdc0) fps:4.79, dur:1044.47, max:246.34, min:193.66
I/BufferQueue(  127): [StatusBar](this:0x45a36108,api:1) [queue] fps:4.79, dur:1044.46, max:246.29, min:193.71
I/BufferQueue(  127): [StatusBar](this:0x45a36108,api:1) [release] fps:4.79, dur:1044.57, max:237.96, min:201.57
I/SurfaceTextureClient(  127): [STC::queueBuffer] (this:0x424ca8c8) fps:4.79, dur:1044.84, max:237.43, min:201.22
I/BufferQueue(  127): [FramebufferSurface](this:0x4250c008,api:1) [release] fps:4.79, dur:1044.84, max:237.42, min:201.22
I/BufferQueue(  127): [FramebufferSurface](this:0x4250c008,api:1) [queue] fps:4.79, dur:1044.84, max:237.42, min:201.21
I/SurfaceFlinger(  127): [SurfaceFlinger] fps:4.785415,dur:1044.84,max:237.38,min:201.23
D/WifiNative-wlan0(  578): doString: SIGNAL_POLL
V/WifiManager(  578): calculateSignalLevel(),numLevels = 5
D/StatusBar.NetworkControllerGemini(  677): mNetworkName, sim1Inserted is false, sim2Inserted is true.networkname[0]=Êó†ÊúçÂä°;networkname[1]=Âè™ËÉΩÊã®ÊâìÁ¥ßÊÄ•ÂëºÊïëÁîµËØù
D/StatusBar.NetworkControllerGemini(  677): mNetworkName, sim1Inserted is false, sim2Inserted is true.networkname[0]=Êó†ÊúçÂä°;networkname[1]=Âè™ËÉΩÊã®ÊâìÁ¥ßÊÄ•ÂëºÊïëÁîµËØù
D/BatteryService(  578): mBatteryVoltage=3906
E/BatteryService(  578): Enter GetStatus success
E/BatteryService(  578): ioctl ok: 279
V/ActivityManager(  578): Broadcast sticky: Intent { act=android.intent.action.BATTERY_CHANGED flg=0x60000010 (has extras) } ordered=false userid=-1 callerApp=null
D/Bluetooth HS/HF(  762): [BT][HFG] [API] mStateReceiver.onReceive(android.intent.action.BATTERY_CHANGED)
D/BatteryInfoReceiver( 1029): Áé∞ÊúâÁîµÈáèÔºö45
D/Bluetooth HS/HF(  762): [BT][HFG] [API] mHandler.handleMessage(9)
D/Bluetooth HS/HF(  762): [BT][HFG] [API] updateBatteryState
E/BatteryService(  578): Enter GetStatus success
E/BatteryService(  578): ioctl ok: 279
E/BatteryService(  578): Enter GetStatus success
E/BatteryService(  578): ioctl ok: 279
I/SurfaceTextureClient(  677): [STC::queueBuffer] (this:0x5c22cdc0) fps:3.25, dur:1539.42, max:690.70, min:201.37
I/BufferQueue(  127): [StatusBar](this:0x45a36108,api:1) [queue] fps:3.25, dur:1539.42, max:690.96, min:201.37
I/BufferQueue(  127): [StatusBar](this:0x45a36108,api:1) [release] fps:3.25, dur:1539.38, max:696.67, min:201.33
I/SurfaceTextureClient(  127): [STC::queueBuffer] (this:0x424ca8c8) fps:3.25, dur:1539.36, max:697.27, min:201.05
I/BufferQueue(  127): [FramebufferSurface](this:0x4250c008,api:1) [release] fps:3.25, dur:1539.36, max:697.37, min:201.04
I/BufferQueue(  127): [FramebufferSurface](this:0x4250c008,api:1) [queue] fps:3.25, dur:1539.36, max:697.41, min:201.03
I/SurfaceFlinger(  127): [SurfaceFlinger] fps:3.248099,dur:1539.36,max:697.46,min:201.00
D/StatusBar.NetworkControllerGemini(  677): mNetworkName, sim1Inserted is false, sim2Inserted is true.networkname[0]=Êó†ÊúçÂä°;networkname[1]=Âè™ËÉΩÊã®ÊâìÁ¥ßÊÄ•ÂëºÊïëÁîµËØù
D/StatusBar.NetworkControllerGemini(  677): mNetworkName, sim1Inserted is false, sim2Inserted is true.networkname[0]=Êó†ÊúçÂä°;networkname[1]=Âè™ËÉΩÊã®ÊâìÁ¥ßÊÄ•ÂëºÊïëÁîµËØù
I/SurfaceTextureClient(  677): [STC::queueBuffer] (this:0x5c22cdc0) fps:4.96, dur:1007.77, max:202.69, min:200.65
I/BufferQueue(  127): [StatusBar](this:0x45a36108,api:1) [queue] fps:4.96, dur:1007.77, max:202.52, min:200.64
I/BufferQueue(  127): [StatusBar](this:0x45a36108,api:1) [release] fps:4.96, dur:1007.92, max:201.60, min:201.57
I/SurfaceTextureClient(  127): [STC::queueBuffer] (this:0x424ca8c8) fps:4.96, dur:1008.20, max:202.22, min:201.34
I/BufferQueue(  127): [FramebufferSurface](this:0x4250c008,api:1) [release] fps:4.96, dur:1008.19, max:202.29, min:201.33
I/BufferQueue(  127): [FramebufferSurface](this:0x4250c008,api:1) [queue] fps:4.96, dur:1008.19, max:202.33, min:201.34
I/SurfaceFlinger(  127): [SurfaceFlinger] fps:4.959288,dur:1008.21,max:202.36,min:201.33
D/ADB_SERVICES(  164): adb fdevent_process list (18) (20) 
D/ADB_SERVICES(  164): adb socket read list (20) 
D/ADB_SERVICES(  164): read_data=10335
D/ADB_SERVICES(  164): max_read_time=0.000064 max_send_time=0.000104 
D/ADB_SERVICES(  164): adb local_socket_ready list (20) 
D/StatusBar.NetworkControllerGemini(  677): mNetworkName, sim1Inserted is false, sim2Inserted is true.networkname[0]=Êó†ÊúçÂä°;networkname[1]=Âè™ËÉΩÊã®ÊâìÁ¥ßÊÄ•ÂëºÊïëÁîµËØù
D/StatusBar.NetworkControllerGemini(  677): mNetworkName, sim1Inserted is false, sim2Inserted is true.networkname[0]=Êó†ÊúçÂä°;networkname[1]=Âè™ËÉΩÊã®ÊâìÁ¥ßÊÄ•ÂëºÊïëÁîµËØù
D/WifiNative-wlan0(  578): doString: SIGNAL_POLL
V/WifiManager(  578): calculateSignalLevel(),numLevels = 5
I/SurfaceTextureClient(  677): [STC::queueBuffer] (this:0x5c22cdc0) fps:4.96, dur:1008.05, max:202.60, min:200.77
I/BufferQueue(  127): [StatusBar](this:0x45a36108,api:1) [queue] fps:4.96, dur:1008.05, max:202.70, min:200.51
I/BufferQueue(  127): [StatusBar](this:0x45a36108,api:1) [release] fps:4.96, dur:1007.94, max:201.62, min:201.55
I/SurfaceTextureClient(  127): [STC::queueBuffer] (this:0x424ca8c8) fps:4.96, dur:1007.39, max:201.68, min:201.26
I/BufferQueue(  127): [FramebufferSurface](this:0x4250c008,api:1) [release] fps:4.96, dur:1007.40, max:201.75, min:201.19
I/BufferQueue(  127): [FramebufferSurface](this:0x4250c008,api:1) [queue] fps:4.96, dur:1007.40, max:201.79, min:201.15
I/SurfaceFlinger(  127): [SurfaceFlinger] fps:4.963344,dur:1007.39,max:201.81,min:201.13
D/StatusBar.NetworkControllerGemini(  677): mNetworkName, sim1Inserted is false, sim2Inserted is true.networkname[0]=Êó†ÊúçÂä°;networkname[1]=Âè™ËÉΩÊã®ÊâìÁ¥ßÊÄ•ÂëºÊïëÁîµËØù
D/StatusBar.NetworkControllerGemini(  677): mNetworkName, sim1Inserted is false, sim2Inserted is true.networkname[0]=Êó†ÊúçÂä°;networkname[1]=Âè™ËÉΩÊã®ÊâìÁ¥ßÊÄ•ÂëºÊïëÁîµËØù
D/StatusBar.NetworkControllerGemini(  677): mNetworkName, sim1Inserted is false, sim2Inserted is true.networkname[0]=Êó†ÊúçÂä°;networkname[1]=Âè™ËÉΩÊã®ÊâìÁ¥ßÊÄ•ÂëºÊïëÁîµËØù
D/StatusBar.NetworkControllerGemini(  677): mNetworkName, sim1Inserted is false, sim2Inserted is true.networkname[0]=Êó†ÊúçÂä°;networkname[1]=Âè™ËÉΩÊã®ÊâìÁ¥ßÊÄ•ÂëºÊïëÁîµËØù
I/SurfaceTextureClient(  677): [STC::queueBuffer] (this:0x5c22cdc0) fps:3.07, dur:1302.43, max:697.71, min:200.10
I/BufferQueue(  127): [StatusBar](this:0x45a36108,api:1) [queue] fps:3.07, dur:1302.43, max:697.87, min:199.84
I/BufferQueue(  127): [StatusBar](this:0x45a36108,api:1) [release] fps:3.07, dur:1301.14, max:696.40, min:201.45
I/SurfaceTextureClient(  127): [STC::queueBuffer] (this:0x424ca8c8) fps:3.07, dur:1301.16, max:696.24, min:201.40
I/BufferQueue(  127): [FramebufferSurface](this:0x4250c008,api:1) [release] fps:3.07, dur:1301.15, max:696.31, min:201.40
I/BufferQueue(  127): [FramebufferSurface](this:0x4250c008,api:1) [queue] fps:3.07, dur:1301.15, max:696.35, min:201.40
I/SurfaceFlinger(  127): [SurfaceFlinger] fps:3.074197,dur:1301.15,max:696.36,min:201.41
D/StatusBar.NetworkControllerGemini(  677): mNetworkName, sim1Inserted is false, sim2Inserted is true.networkname[0]=Êó†ÊúçÂä°;networkname[1]=Âè™ËÉΩÊã®ÊâìÁ¥ßÊÄ•ÂëºÊïëÁîµËØù
D/StatusBar.NetworkControllerGemini(  677): mNetworkName, sim1Inserted is false, sim2Inserted is true.networkname[0]=Êó†ÊúçÂä°;networkname[1]=Âè™ËÉΩÊã®ÊâìÁ¥ßÊÄ•ÂëºÊïëÁîµËØù
I/SurfaceTextureClient(  677): [STC::queueBuffer] (this:0x5c22cdc0) fps:4.97, dur:1006.77, max:203.58, min:199.81
I/BufferQueue(  127): [StatusBar](this:0x45a36108,api:1) [queue] fps:4.97, dur:1006.77, max:203.49, min:200.06
I/BufferQueue(  127): [StatusBar](this:0x45a36108,api:1) [release] fps:4.96, dur:1007.92, max:201.84, min:201.34
I/SurfaceTextureClient(  127): [STC::queueBuffer] (this:0x424ca8c8) fps:4.96, dur:1007.91, max:202.19, min:200.82
I/BufferQueue(  127): [FramebufferSurface](this:0x4250c008,api:1) [release] fps:4.96, dur:1007.91, max:202.28, min:200.80
I/BufferQueue(  127): [FramebufferSurface](this:0x4250c008,api:1) [queue] fps:4.96, dur:1007.91, max:202.32, min:200.80
I/SurfaceFlinger(  127): [SurfaceFlinger] fps:4.960752,dur:1007.91,max:202.37,min:200.76
D/WifiNative-wlan0(  578): doString: SIGNAL_POLL
V/WifiManager(  578): calculateSignalLevel(),numLevels = 5
D/StatusBar.NetworkControllerGemini(  677): mNetworkName, sim1Inserted is false, sim2Inserted is true.networkname[0]=Êó†ÊúçÂä°;networkname[1]=Âè™ËÉΩÊã®ÊâìÁ¥ßÊÄ•ÂëºÊïëÁîµËØù
D/StatusBar.NetworkControllerGemini(  677): mNetworkName, sim1Inserted is false, sim2Inserted is true.networkname[0]=Êó†ÊúçÂä°;networkname[1]=Âè™ËÉΩÊã®ÊâìÁ¥ßÊÄ•ÂëºÊïëÁîµËØù
I/SurfaceTextureClient(  677): [STC::queueBuffer] (this:0x5c22cdc0) fps:4.96, dur:1007.87, max:212.18, min:191.21
I/BufferQueue(  127): [StatusBar](this:0x45a36108,api:1) [queue] fps:4.96, dur:1007.94, max:212.10, min:191.51
I/BufferQueue(  127): [StatusBar](this:0x45a36108,api:1) [release] fps:4.96, dur:1007.94, max:201.86, min:201.32
I/SurfaceTextureClient(  127): [STC::queueBuffer] (this:0x424ca8c8) fps:4.96, dur:1008.20, max:202.46, min:200.82
I/BufferQueue(  127): [FramebufferSurface](this:0x4250c008,api:1) [release] fps:4.96, dur:1008.21, max:202.55, min:200.80
I/BufferQueue(  127): [FramebufferSurface](this:0x4250c008,api:1) [queue] fps:4.96, dur:1008.21, max:202.60, min:200.80
I/SurfaceFlinger(  127): [SurfaceFlinger] fps:4.959283,dur:1008.21,max:202.64,min:200.76
D/StatusBar.NetworkControllerGemini(  677): mNetworkName, sim1Inserted is false, sim2Inserted is true.networkname[0]=Êó†ÊúçÂä°;networkname[1]=Âè™ËÉΩÊã®ÊâìÁ¥ßÊÄ•ÂëºÊïëÁîµËØù
D/ADB_SERVICES(  164): adb fdevent_process list (18) (20) 
D/ADB_SERVICES(  164): adb socket read list (20) 
D/ADB_SERVICES(  164): read_data=7118
D/ADB_SERVICES(  164): max_read_time=0.000065 max_send_time=0.000110 
D/ADB_SERVICES(  164): adb local_socket_ready list (20) 
D/StatusBar.NetworkControllerGemini(  677): mNetworkName, sim1Inserted is false, sim2Inserted is true.networkname[0]=Êó†ÊúçÂä°;networkname[1]=Âè™ËÉΩÊã®ÊâìÁ¥ßÊÄ•ÂëºÊïëÁîµËØù
