D/ConnectivityService(  578): getActiveNetworkInfo:NetworkInfo: type: WIFI[], state: CONNECTED/CONNECTED, reason: (unspecified), extra: "wifi-confine", roaming: false, failover: false, isAvailable: true, simId: 0/10059
D/ConnectivityService(  578): getActiveNetworkInfo:NetworkInfo: type: WIFI[], state: CONNECTED/CONNECTED, reason: (unspecified), extra: "wifi-confine", roaming: false, failover: false, isAvailable: true, simId: 0/10059
D/ConnectivityService(  578): getActiveNetworkInfo:NetworkInfo: type: WIFI[], state: CONNECTED/CONNECTED, reason: (unspecified), extra: "wifi-confine", roaming: false, failover: false, isAvailable: true, simId: 0/10059
D/ConnectivityService(  578): getActiveNetworkInfo:NetworkInfo: type: WIFI[], state: CONNECTED/CONNECTED, reason: (unspecified), extra: "wifi-confine", roaming: false, failover: false, isAvailable: true, simId: 0/10059
D/FrameworkListener(  122): dispatchCommand data = (getaddrinfo app.market.xiaomi.com ^ 1024 0 1 0)
I/ActivityManager(  578): START u0 {act=android.intent.action.MAIN cat=[android.intent.category.LAUNCHER] flg=0x10000000 cmp=com.comtop.mim/.ui.SplashActivity} from pid 14129
D/PowerManagerDisplayController(  578): requestPowerState: screenState=2, useProximitySensor=false, forceProximitySensorEnable=false, forceWakeUpEnable=false, screenBrightness=60, screenAutoBrightnessAdjustment=0.0, useAutoBrightness=false, useEcoBrightness=false, blockScreenOn=false, waitForNegativeProximity=false
I/PowerManagerService(  578): setBrightness mButtonLight 0.
V/ActivityManager(  578): Broadcast: Intent { act=android.intent.action.PACKAGE_FIRST_LAUNCH dat=package:com.comtop.mim flg=0x8000010 pkg=adb (has extras) } ordered=false userid=0 callerApp=null
W/ActivityManager(  578): Unable to write /sys/module/mlog/parameters/do_mlog
I/ActivityManager(  578): Start proc com.comtop.mim for activity com.comtop.mim/.ui.SplashActivity: pid=14140 uid=10078 gids={50078, 1028, 3003, 1015, 1006}
V/ActivityManager(  578): Binding process pid 14140 to record ProcessRecord{42d1de90 14140:com.comtop.mim/u0a10078}
V/ActivityManager(  578): New death recipient com.android.server.am.ActivityManagerService$AppDeathRecipient@4261d090 for thread android.os.BinderProxy@4252c420
V/ActivityManager(  578): New app record ProcessRecord{42d1de90 14140:com.comtop.mim/u0a10078} thread=android.os.BinderProxy@4252c420 pid=14140
V/ActivityManager(  578): ACT-Launching: ActivityRecord{429ae9a8 u0 com.comtop.mim/.ui.SplashActivity}
V/WindowManager(  578): Changing focus from Window{42900e88 u0 com.android.settings/com.android.settings.Settings$DeviceInfoSettingsActivity} to null
I/WindowManager(  578): Losing focus: Window{42900e88 u0 com.android.settings/com.android.settings.Settings$DeviceInfoSettingsActivity}
D/PhoneStatusBar(  677): disable: < expand icons alerts ticker system_info back home recent clock >
V/NetworkStats(  578): setKernelCounterSet uid=10078 set=1
D/ConnectivityService(  578): onUidRulesChanged(uid=10078, uidRules=0)
D/FrameworkListener(  122): dispatchCommand data = (getaddrinfo tcms-openim.wangxin.taobao.com ^ 1024 0 1 0)
D/FrameworkListener(  122): dispatchCommand data = (getaddrinfo loc.map.baidu.com ^ 1024 0 1 0)
V/ActivityManager(  578): Broadcast sticky: Intent { act=android.intent.action.SIG_STR flg=0x10 (has extras) } ordered=false userid=-1 callerApp=ProcessRecord{42697b88 578:system/1000}
V/ActivityManager(  578): Broadcast: Intent { act=android.intent.action.APPLICATION_MESSAGE_UPDATE flg=0x10 (has extras) } ordered=false userid=0 callerApp=ProcessRecord{434e6c40 12339:com.xiaomi.market/u0a10059}
V/ActivityManager(  578): Broadcast sticky: Intent { act=com.xiaomi.market.action.APP_UPDATE_CHECKED flg=0x10 (has extras) } ordered=false userid=0 callerApp=ProcessRecord{434e6c40 12339:com.xiaomi.market/u0a10059}
D/ConnectivityService(  578): getActiveNetworkInfo:NetworkInfo: type: WIFI[], state: CONNECTED/CONNECTED, reason: (unspecified), extra: "wifi-confine", roaming: false, failover: false, isAvailable: true, simId: 0/10059
W/ActivityManager(  578): Launch timeout has expired, giving up wake lock!
D/PowerManagerDisplayController(  578): requestPowerState: screenState=2, useProximitySensor=false, forceProximitySensorEnable=false, forceWakeUpEnable=false, screenBrightness=60, screenAutoBrightnessAdjustment=0.0, useAutoBrightness=false, useEcoBrightness=false, blockScreenOn=false, waitForNegativeProximity=false
I/PowerManagerService(  578): setBrightness mButtonLight 0.
W/ActivityManager(  578): Activity idle timeout for ActivityRecord{429ae9a8 u0 com.comtop.mim/.ui.SplashActivity}
V/ActivityManager(  578): Activity idle: Token{429a23c8 ActivityRecord{429ae9a8 u0 com.comtop.mim/.ui.SplashActivity}}
V/ActivityManager(  578): Stopping ActivityRecord{427f4e40 u0 com.android.settings/.Settings$DeviceInfoSettingsActivity}: nowVisible=false waitingVisible=true finishing=false
V/ActivityManager(  578): Broadcast sticky: Intent { act=android.intent.action.BATTERY_CHANGED flg=0x60000010 (has extras) } ordered=false userid=-1 callerApp=null
V/AlarmManager(  578): Native set alarm :Alarm{42812800 type 3 android}
I/AlarmManager(  578): reset poweroff alarm none
V/ActivityManager(  578): Broadcast: Intent { act=android.intent.action.TIME_TICK flg=0x50000014 (has extras) } ordered=true userid=-1 callerApp=null
D/PowerManagerDisplayController(  578): requestPowerState: screenState=2, useProximitySensor=false, forceProximitySensorEnable=false, forceWakeUpEnable=false, screenBrightness=60, screenAutoBrightnessAdjustment=0.0, useAutoBrightness=false, useEcoBrightness=false, blockScreenOn=false, waitForNegativeProximity=false
I/PowerManagerService(  578): setBrightness mButtonLight 0.
D/PowerManagerDisplayController(  578): requestPowerState: screenState=2, useProximitySensor=false, forceProximitySensorEnable=false, forceWakeUpEnable=false, screenBrightness=60, screenAutoBrightnessAdjustment=0.0, useAutoBrightness=false, useEcoBrightness=false, blockScreenOn=false, waitForNegativeProximity=false
I/PowerManagerService(  578): setBrightness mButtonLight 0.
V/ActivityManager(  578): Broadcast sticky: Intent { act=android.intent.action.SIG_STR flg=0x10 (has extras) } ordered=false userid=-1 callerApp=ProcessRecord{42697b88 578:system/1000}
D/ConnectivityService(  578): getActiveNetworkInfo:NetworkInfo: type: WIFI[], state: CONNECTED/CONNECTED, reason: (unspecified), extra: "wifi-confine", roaming: false, failover: false, isAvailable: true, simId: 0/1000
V/ActivityManager(  578): Broadcast sticky: Intent { act=android.intent.action.SIG_STR flg=0x10 (has extras) } ordered=false userid=-1 callerApp=ProcessRecord{42697b88 578:system/1000}
V/ActivityManager(  578): Broadcast sticky: Intent { act=android.intent.action.BATTERY_CHANGED flg=0x60000010 (has extras) } ordered=false userid=-1 callerApp=null
V/ActivityManager(  578): Broadcast sticky: Intent { act=android.intent.action.SIG_STR flg=0x10 (has extras) } ordered=false userid=-1 callerApp=ProcessRecord{42697b88 578:system/1000}
V/AlarmManager(  578): Native set alarm :Alarm{42969be0 type 2 android}
V/AlarmManager(  578): Native set alarm :Alarm{42d1aa80 type 3 android}
I/AlarmManager(  578): reset poweroff alarm none
V/ActivityManager(  578): Broadcast: Intent { act=com.xiaomi.push.PING_TIMER flg=0x14 pkg=com.xiaomi.xmsf (has extras) } ordered=true userid=0 callerApp=null
D/PowerManagerDisplayController(  578): requestPowerState: screenState=2, useProximitySensor=false, forceProximitySensorEnable=false, forceWakeUpEnable=false, screenBrightness=60, screenAutoBrightnessAdjustment=0.0, useAutoBrightness=false, useEcoBrightness=false, blockScreenOn=false, waitForNegativeProximity=false
I/PowerManagerService(  578): setBrightness mButtonLight 0.
I/AlarmManager(  578): reset poweroff alarm none
V/ActivityManager(  578): Broadcast: Intent { act=miui.intent.action.CHECK_TIME_UP flg=0x14 (has extras) } ordered=true userid=0 callerApp=null
V/AlarmManager(  578): Native set alarm :Alarm{42d04ac0 type 2 com.xiaomi.xmsf}
D/ConnectivityService(  578): getActiveNetworkInfo:NetworkInfo: type: WIFI[], state: CONNECTED/CONNECTED, reason: (unspecified), extra: "wifi-confine", roaming: false, failover: false, isAvailable: true, simId: 0/10070
D/PowerManagerDisplayController(  578): requestPowerState: screenState=2, useProximitySensor=false, forceProximitySensorEnable=false, forceWakeUpEnable=false, screenBrightness=60, screenAutoBrightnessAdjustment=0.0, useAutoBrightness=false, useEcoBrightness=false, blockScreenOn=false, waitForNegativeProximity=false
I/PowerManagerService(  578): setBrightness mButtonLight 0.
W/ProcessStats(  578): Skipping unknown process pid 14549
W/ProcessStats(  578): Skipping unknown process pid 14550
W/ProcessStats(  578): Skipping unknown process pid 14551
W/BatteryStatsImpl(  578): Couldn't get kernel wake lock stats
D/ConnectivityService(  578): getActiveNetworkInfo:NetworkInfo: type: WIFI[], state: CONNECTED/CONNECTED, reason: (unspecified), extra: "wifi-confine", roaming: false, failover: false, isAvailable: true, simId: 0/10070
D/ConnectivityService(  578): getActiveNetworkInfo:NetworkInfo: type: WIFI[], state: CONNECTED/CONNECTED, reason: (unspecified), extra: "wifi-confine", roaming: false, failover: false, isAvailable: true, simId: 0/10070
D/ConnectivityService(  578): getActiveNetworkInfo:NetworkInfo: type: WIFI[], state: CONNECTED/CONNECTED, reason: (unspecified), extra: "wifi-confine", roaming: false, failover: false, isAvailable: true, simId: 0/10070
D/ConnectivityService(  578): getActiveNetworkInfo:NetworkInfo: type: WIFI[], state: CONNECTED/CONNECTED, reason: (unspecified), extra: "wifi-confine", roaming: false, failover: false, isAvailable: true, simId: 0/10070
D/FrameworkListener(  122): dispatchCommand data = (getaddrinfo mibind.chat.gslb.mi-idc.com ^ 1024 0 1 0)
D/FrameworkListener(  122): dispatchCommand data = (getaddrinfo tcms-openim.wangxin.taobao.com ^ 1024 0 1 0)
V/ActivityManager(  578): Broadcast sticky: Intent { act=android.intent.action.SIG_STR flg=0x10 (has extras) } ordered=false userid=-1 callerApp=ProcessRecord{42697b88 578:system/1000}
V/ActivityManager(  578): Broadcast sticky: Intent { act=android.intent.action.SIG_STR flg=0x10 (has extras) } ordered=false userid=-1 callerApp=ProcessRecord{42697b88 578:system/1000}
D/ConnectivityService(  578): getActiveNetworkInfo:NetworkInfo: type: WIFI[], state: CONNECTED/CONNECTED, reason: (unspecified), extra: "wifi-confine", roaming: false, failover: false, isAvailable: true, simId: 0/10070
D/ConnectivityService(  578): getActiveNetworkInfo:NetworkInfo: type: WIFI[], state: CONNECTED/CONNECTED, reason: (unspecified), extra: "wifi-confine", roaming: false, failover: false, isAvailable: true, simId: 0/10070
D/ConnectivityService(  578): getActiveNetworkInfo:NetworkInfo: type: WIFI[], state: CONNECTED/CONNECTED, reason: (unspecified), extra: "wifi-confine", roaming: false, failover: false, isAvailable: true, simId: 0/10070
D/ConnectivityService(  578): getActiveNetworkInfo:NetworkInfo: type: WIFI[], state: CONNECTED/CONNECTED, reason: (unspecified), extra: "wifi-confine", roaming: false, failover: false, isAvailable: true, simId: 0/10070
V/ActivityManager(  578): Broadcast sticky: Intent { act=android.net.wifi.RSSI_CHANGED flg=0x8000010 (has extras) } ordered=false userid=-1 callerApp=ProcessRecord{42697b88 578:system/1000}
V/ActivityManager(  578): Broadcast sticky: Intent { act=android.intent.action.SIG_STR flg=0x10 (has extras) } ordered=false userid=-1 callerApp=ProcessRecord{42697b88 578:system/1000}
D/PowerManagerDisplayController(  578): requestPowerState: screenState=2, useProximitySensor=false, forceProximitySensorEnable=false, forceWakeUpEnable=false, screenBrightness=60, screenAutoBrightnessAdjustment=0.0, useAutoBrightness=false, useEcoBrightness=false, blockScreenOn=false, waitForNegativeProximity=false
I/PowerManagerService(  578): setBrightness mButtonLight 0.
D/PowerManagerDisplayController(  578): requestPowerState: screenState=2, useProximitySensor=false, forceProximitySensorEnable=false, forceWakeUpEnable=false, screenBrightness=60, screenAutoBrightnessAdjustment=0.0, useAutoBrightness=false, useEcoBrightness=false, blockScreenOn=false, waitForNegativeProximity=false
I/PowerManagerService(  578): setBrightness mButtonLight 0.
V/ActivityManager(  578): Broadcast sticky: Intent { act=android.net.wifi.RSSI_CHANGED flg=0x8000010 (has extras) } ordered=false userid=-1 callerApp=ProcessRecord{42697b88 578:system/1000}
D/FrameworkListener(  122): dispatchCommand data = (getaddrinfo app01.nodes.gslb.mi-idc.com ^ 1024 0 1 0)
V/AlarmManager(  578): Native set alarm :Alarm{43959920 type 3 com.miui.providers.weather}
I/AlarmManager(  578): reset poweroff alarm none
V/ActivityManager(  578): Broadcast: Intent { act=android.intent.action.TIME_TICK flg=0x50000014 (has extras) } ordered=true userid=-1 callerApp=null
D/PowerManagerDisplayController(  578): requestPowerState: screenState=2, useProximitySensor=false, forceProximitySensorEnable=false, forceWakeUpEnable=false, screenBrightness=60, screenAutoBrightnessAdjustment=0.0, useAutoBrightness=false, useEcoBrightness=false, blockScreenOn=false, waitForNegativeProximity=false
I/PowerManagerService(  578): setBrightness mButtonLight 0.
V/AlarmManager(  578): Native set alarm :Alarm{43907ce8 type 3 android}
D/PowerManagerDisplayController(  578): requestPowerState: screenState=2, useProximitySensor=false, forceProximitySensorEnable=false, forceWakeUpEnable=false, screenBrightness=60, screenAutoBrightnessAdjustment=0.0, useAutoBrightness=false, useEcoBrightness=false, blockScreenOn=false, waitForNegativeProximity=false
I/PowerManagerService(  578): setBrightness mButtonLight 0.
W/ProcessStats(  578): Skipping unknown process pid 14933
V/ActivityManager(  578): Broadcast sticky: Intent { act=android.intent.action.BATTERY_CHANGED flg=0x60000010 (has extras) } ordered=false userid=-1 callerApp=null
I/ProviderMap(  578): getProviderByName: settings , callingUid = 10078
W/ContentProviderRecord(  578): canRunHere: bCanRunHere=falseinfo.multiprocess=falseinfo.processName=systemapp.processName=com.comtop.mimuid=1000app.info.uid10078
D/ActivityManager(  578): getContentProviderImpl: updateLruProcessLocked cpr.proc=ProcessRecord{42697b88 578:system/1000}
W/BackupManagerService(  578): dataChanged but no participant pkg='com.android.providers.settings' uid=10078
I/ActivityManager(  578): Start proc com.comtop.mim:TcmsService for service com.comtop.mim/com.alibaba.tcms.service.TCMSService: pid=15013 uid=10078 gids={50078, 1028, 3003, 1015, 1006}
D/TelephonyRegistry(  578): listen: E pkg=com.comtop.mim events=0x100 myUid=0 callerUid=0
I/TelephonyRegistry(  578): listen: add new record={pkgForDebug=com.comtop.mim callerUid=0 events=0}
D/TelephonyRegistry(  578): validateEventsAndUserLocked: valid=false r.callerUid=0 foregroundUser=0 r.events=256 events=16
D/TelephonyRegistry(  578): validateEventsAndUserLocked: valid=false r.callerUid=0 foregroundUser=0 r.events=256 events=1024
D/ConnectivityService(  578): getActiveNetworkInfo:NetworkInfo: type: WIFI[], state: CONNECTED/CONNECTED, reason: (unspecified), extra: "wifi-confine", roaming: false, failover: false, isAvailable: true, simId: 0/10078
D/FrameworkListener(  122): dispatchCommand data = (getaddrinfo hotpatch.wangxin.taobao.com ^ 1024 0 1 0)
D/FrameworkListener(  122): dispatchCommand data = (getaddrinfo tcms-openim.wangxin.taobao.com ^ 1024 0 1 0)
V/ActivityManager(  578): Binding process pid 15013 to record ProcessRecord{435338c0 15013:com.comtop.mim:TcmsService/u0a10078}
V/ActivityManager(  578): New death recipient com.android.server.am.ActivityManagerService$AppDeathRecipient@43949258 for thread android.os.BinderProxy@43948c98
V/ActivityManager(  578): New app record ProcessRecord{435338c0 15013:com.comtop.mim:TcmsService/u0a10078} thread=android.os.BinderProxy@43948c98 pid=15013
I/ProviderMap(  578): getProviderByName: settings , callingUid = 10078
W/ContentProviderRecord(  578): canRunHere: bCanRunHere=falseinfo.multiprocess=falseinfo.processName=systemapp.processName=com.comtop.mim:TcmsServiceuid=1000app.info.uid10078
D/ActivityManager(  578): getContentProviderImpl: updateLruProcessLocked cpr.proc=ProcessRecord{42697b88 578:system/1000}
D/ConnectivityService(  578): getActiveNetworkInfo:NetworkInfo: type: WIFI[], state: CONNECTED/CONNECTED, reason: (unspecified), extra: "wifi-confine", roaming: false, failover: false, isAvailable: true, simId: 0/10078
V/ActivityManager(  578): Broadcast: Intent { act=com.alibaba.mobileim.TCMSNETWORKACTION flg=0x10 (has extras) } ordered=false userid=0 callerApp=ProcessRecord{435338c0 15013:com.comtop.mim:TcmsService/u0a10078}
V/AlarmManager(  578): Native set alarm :Alarm{4369da10 type 0 com.comtop.mim}
D/ConnectivityService(  578): getActiveNetworkInfo:NetworkInfo: type: WIFI[], state: CONNECTED/CONNECTED, reason: (unspecified), extra: "wifi-confine", roaming: false, failover: false, isAvailable: true, simId: 0/10078
D/ConnectivityService(  578): getActiveNetworkInfo:NetworkInfo: type: WIFI[], state: CONNECTED/CONNECTED, reason: (unspecified), extra: "wifi-confine", roaming: false, failover: false, isAvailable: true, simId: 0/10078
D/ConnectivityService(  578): getActiveNetworkInfo:NetworkInfo: type: WIFI[], state: CONNECTED/CONNECTED, reason: (unspecified), extra: "wifi-confine", roaming: false, failover: false, isAvailable: true, simId: 0/10078
V/ActivityManager(  578): Broadcast: Intent { act=com.alibaba.mobileim.TCMSNETWORKACTION flg=0x10 (has extras) } ordered=false userid=0 callerApp=ProcessRecord{435338c0 15013:com.comtop.mim:TcmsService/u0a10078}
V/ActivityManager(  578): Broadcast sticky: Intent { act=android.net.wifi.RSSI_CHANGED flg=0x8000010 (has extras) } ordered=false userid=-1 callerApp=ProcessRecord{42697b88 578:system/1000}
D/FrameworkListener(  122): dispatchCommand data = (getaddrinfo app02.nodes.gslb.mi-idc.com ^ 1024 0 1 0)
V/ActivityManager(  578): Broadcast: Intent { act=sogou.action.auto.active.sogou.chat flg=0x10 cmp=com.sohu.inputmethod.sogou/com.sohu.inputmethod.settings.AutoUpgradeReceiver } ordered=false userid=0 callerApp=ProcessRecord{428b4dd8 745:com.sohu.inputmethod.sogou/u0a10075}
V/ActivityManager(  578): Broadcast: Intent { act=sogou.action.start.record.location.info.for.userinput flg=0x10 cmp=com.sohu.inputmethod.sogou/com.sohu.inputmethod.settings.AutoUpgradeReceiver } ordered=false userid=0 callerApp=ProcessRecord{428b4dd8 745:com.sohu.inputmethod.sogou/u0a10075}
W/ActivityManager(  578): Unable to start service Intent { act=com.sogouchat.im.IMsgService cmp=com.sogouchat/.os.MsgService } U=0: not found
V/ActivityManager(  578): Broadcast sticky: Intent { act=android.net.wifi.RSSI_CHANGED flg=0x8000010 (has extras) } ordered=false userid=-1 callerApp=ProcessRecord{42697b88 578:system/1000}
D/ANRManager(  578): getUserConfirmTime() anrTime: 20000extendTime: 0
W/ActivityManager(  578): Timeout executing service: ServiceRecord{43662950 u0 com.comtop.mim/com.alibaba.tcms.service.ListenerService}
I/ActivityManager(  578): enableTraceLog: false
E/ActivityManager(  578): writeStringToFile error: /sys/kernel/debug/tracing/tracing_on java.io.FileNotFoundException: /sys/kernel/debug/tracing/tracing_on: open failed: ENOENT (No such file or directory)
I/ActivityManager(  578): enableBinderLog: false
E/ActivityManager(  578): writeStringToFile error: /sys/kernel/debug/binder/transaction_log_enable java.io.FileNotFoundException: /sys/kernel/debug/binder/transaction_log_enable: open failed: ENOENT (No such file or directory)
I/ANRManager(  578): informMessageDump pid= 14140
I/ANRManager(  578): updateProcessStats
I/ANRManager(  578): getProcessState
I/ActivityManager(  578): Android time :[2015-11-11 10:11:31.762] [1867.754]
I/ActivityManager(  578): CPU usage from 436313ms to 17ms ago:
I/ActivityManager(  578):   3.5% 578/system_server: 2.6% user + 0.8% kernel / faults: 24866 minor 3 major
I/ActivityManager(  578):   3% 677/com.android.systemui: 2.1% user + 0.8% kernel / faults: 855 minor 1 major
I/ActivityManager(  578):   1.8% 127/surfaceflinger: 0.8% user + 1% kernel
I/ActivityManager(  578):   1.7% 164/adbd: 0.3% user + 1.3% kernel / faults: 12509 minor
I/ActivityManager(  578):   0.5% 762/com.android.phone: 0.3% user + 0.1% kernel / faults: 724 minor
I/ActivityManager(  578):   0.4% 2742/logcat: 0.1% user + 0.2% kernel
I/ActivityManager(  578):   0.2% 12339/com.xiaomi.market: 0.2% user + 0% kernel / faults: 1075 minor
I/ActivityManager(  578):   0.1% 4/kworker/0:0: 0% user + 0.1% kernel
I/ActivityManager(  578):   0.1% 62/disp_config_upd: 0% user + 0.1% kernel
I/ActivityManager(  578):   0.1% 114/servicemanager: 0% user + 0.1% kernel
I/ActivityManager(  578):   0.1% 843/com.xiaomi.xmsf: 0% user + 0% kernel / faults: 913 minor
I/ActivityManager(  578):   0.1% 7532/kworker/u:2: 0% user + 0.1% kernel
I/ActivityManager(  578):   0.1% 12290/com.xiaomi.gamecenter: 0.1% user + 0% kernel / faults: 1415 minor
I/ActivityManager(  578):   0.1% 925/com.android.settings: 0% user + 0% kernel / faults: 204 minor
I/ActivityManager(  578):   0.1% 1375/com.miui.networkassistant: 0.1% user + 0% kernel / faults: 2964 minor
I/ActivityManager(  578):   0% 1088/com.cleanmaster.sdk: 0% user + 0% kernel / faults: 472 minor
I/ActivityManager(  578):   0% 8576/com.miui.guardprovider: 0% user + 0% kernel / faults: 3643 minor
I/ActivityManager(  578):   0% 745/com.sohu.inputmethod.sogou: 0% user + 0% kernel / faults: 327 minor
I/ActivityManager(  578):   0% 952/android.process.acore: 0% user + 0% kernel / faults: 2448 minor
I/ActivityManager(  578):   0% 855/com.miui.home: 0% user + 0% kernel / faults: 381 minor
I/ActivityManager(  578):   0% 12402/com.android.packageinstaller: 0% user + 0% kernel / faults: 774 minor
I/ActivityManager(  578):   0% 161/sdcard: 0% user + 0% kernel
I/ActivityManager(  578):   0% 510/kworker/0:2: 0% user + 0% kernel
I/ActivityManager(  578):   0% 12826/kworker/0:3: 0% user + 0% kernel
I/ActivityManager(  578):   0% 54/bat_thread_kthr: 0% user + 0% kernel
I/ActivityManager(  578):   0% 12456/kworker/u:1: 0% user + 0% kernel
I/ActivityManager(  578):   0% 772/com.trafficctr.miui: 0% user + 0% kernel / faults: 414 minor
I/ActivityManager(  578):   0% 63/mmcqd/0: 0% user + 0% kernel
I/ActivityManager(  578):   0% 128/zygote: 0% user + 0% kernel / faults: 482 minor
I/ActivityManager(  578):   0% 975/com.baidu.map.location:remote: 0% user + 0% kernel / faults: 43 minor
I/ActivityManager(  578):   0% 1029/com.miui.securitycenter: 0% user + 0% kernel / faults: 387 minor
I/ActivityManager(  578):   0% 147/AcdApiDaemon: 0% user + 0% kernel
I/ActivityManager(  578):   0% 2063/sogou.mobile.explorer.hotwords: 0% user + 0% kernel / faults: 15 minor
I/ActivityManager(  578):   0% 744/tx_thread: 0% user + 0% kernel
I/ActivityManager(  578):   0% 7148/com.sohu.inputmethod.sogou:classic: 0% user + 0% kernel / faults: 19 minor
I/ActivityManager(  578):   0% 1270/com.android.defcontainer: 0% user + 0% kernel / faults: 70 minor
I/ActivityManager(  578):   0% 904/com.lbe.security.miui:service: 0% user + 0% kernel / faults: 92 minor
I/ActivityManager(  578):   0% 8407/com.android.mms: 0% user + 0% kernel / faults: 86 minor
I/ActivityManager(  578):   0% 799/wpa_supplicant: 0% user + 0% kernel
I/ActivityManager(  578):   0% 829/com.miui.whetstone: 0% user + 0% kernel / faults: 108 minor
I/ActivityManager(  578):   0% 1242/android.process.media: 0% user + 0% kernel / faults: 1 minor
I/ActivityManager(  578):   0% 12312/com.android.keychain: 0% user + 0% kernel / faults: 172 minor
I/ActivityManager(  578):   0% 83/flush-179:0: 0% user + 0% kernel
I/ActivityManager(  578):   0% 786/com.mediatek.voicecommand: 0% user + 0% kernel / faults: 112 minor
I/ActivityManager(  578):   0% 814/com.lbe.security.miui: 0% user + 0% kernel / faults: 84 minor
I/ActivityManager(  578):   0% 12269/com.miui.cloudservice: 0% user + 0% kernel / faults: 111 minor
I/ActivityManager(  578):   0% 12325/com.android.musicfx: 0% user + 0% kernel / faults: 94 minor
I/ActivityManager(  578):   0% 12422/com.android.thememanager: 0% user + 0% kernel / faults: 133 minor
I/ActivityManager(  578):   0% 57/ion_mm_heap: 0% user + 0% kernel
I/ActivityManager(  578):   0% 88/jbd2/mmcblk0p7-: 0% user + 0% kernel
I/ActivityManager(  578):   0% 122/netd: 0% user + 0% kernel / faults: 186 minor
I/ActivityManager(  578):   0% 7466/com.android.settings:remote: 0% user + 0% kernel / faults: 108 minor
I/ActivityManager(  578):   0% 8898/com.miui.antispam: 0% user + 0% kernel / faults: 107 minor
I/ActivityManager(  578):   0% 12363/com.android.quicksearchbox: 0% user + 0% kernel / faults: 99 minor
I/ActivityManager(  578):   0% 12467/com.miui.guardprovider:remote: 0% user + 0% kernel / faults: 141 minor
I/ActivityManager(  578):   0% 55/mtk charger_hv_: 0% user + 0% kernel
I/ActivityManager(  578):   0% 548/rild: 0% user + 0% kernel
I/ActivityManager(  578):   0% 882/com.android.location.fused: 0% user + 0% kernel / faults: 60 minor
I/ActivityManager(  578):   0% 1060/com.android.smspush: 0% user + 0% kernel / faults: 47 minor
I/ActivityManager(  578):   0% 56/btif_rxd: 0% user + 0% kernel
I/ActivityManager(  578):   0% 870/com.baidu.map.location: 0% user + 0% kernel / faults: 17 minor
I/ActivityManager(  578):   0% 1068/com.miui.providers.weather: 0% user + 0% kernel / faults: 3 minor
I/ActivityManager(  578):   0% 1196/com.svox.pico: 0% user + 0% kern
I/ANRManager(  578): startAsyncDump: AnrDumpRecord{ Executing service com.comtop.mim/com.alibaba.tcms.service.ListenerService ProcessRecord{42d1de90 14140:com.comtop.mim/u0a10078} IsCompleted:false IsCancelled:false }
I/ActivityManager(  578): appNotResponding-before get this lock: ProcessRecord{42d1de90 14140:com.comtop.mim/u0a10078} Executing service com.comtop.mim/com.alibaba.tcms.service.ListenerService
I/ActivityManager(  578): appNotResponding-got this lock: ProcessRecord{42d1de90 14140:com.comtop.mim/u0a10078} Executing service com.comtop.mim/com.alibaba.tcms.service.ListenerService
I/ANRManager(  578): dumpAnrDebugInfo begin: AnrDumpRecord{ Executing service com.comtop.mim/com.alibaba.tcms.service.ListenerService ProcessRecord{42d1de90 14140:com.comtop.mim/u0a10078} IsCompleted:false IsCancelled:false }
I/ANRManager(  578): dumpAnrDebugInfoLocked: AnrDumpRecord{ Executing service com.comtop.mim/com.alibaba.tcms.service.ListenerService ProcessRecord{42d1de90 14140:com.comtop.mim/u0a10078} IsCompleted:false IsCancelled:false }
D/ActivityManager(  578): dumpStackTraces Full Begin:
I/ActivityManager(  578): dumpStackTraces process: 14140 parent: 128 zygote: 128
I/ANRManager(  578): [coredump] coredump's pid = -1
I/ANRManager(  578): [coredump] coredump's pid = -1
I/ANRManager(  578): [coredump] coredump's pid = -1
I/ANRManager(  578): [coredump] coredump's pid = -1
I/ActivityManager(  578): dumpStackTraces process: 578 parent: 128 zygote: 128
I/ANRManager(  578): [coredump] coredump's pid = -1
I/ANRManager(  578): [coredump] coredump's pid = -1
I/ANRManager(  578): [coredump] coredump's pid = -1
I/ANRManager(  578): [coredump] coredump's pid = -1
I/ActivityManager(  578): dumpStackTraces process: 772 parent: 128 zygote: 128
I/ANRManager(  578): [coredump] coredump's pid = -1
I/ANRManager(  578): [coredump] coredump's pid = -1
I/ANRManager(  578): [coredump] coredump's pid = -1
I/ANRManager(  578): [coredump] coredump's pid = -1
I/ActivityManager(  578): dumpStackTraces process: 677 parent: 128 zygote: 128
I/ANRManager(  578): [coredump] coredump's pid = -1
I/ANRManager(  578): [coredump] coredump's pid = -1
I/ANRManager(  578): [coredump] coredump's pid = -1
I/ANRManager(  578): [coredump] coredump's pid = -1
I/ANRManager(  578): START_ANR_DUMP_MSG: AnrDumpRecord{ Executing service com.comtop.mim/com.alibaba.tcms.service.ListenerService ProcessRecord{42d1de90 14140:com.comtop.mim/u0a10078} IsCompleted:false IsCancelled:false }
I/ANRManager(  578): dumpAnrDebugInfo begin: AnrDumpRecord{ Executing service com.comtop.mim/com.alibaba.tcms.service.ListenerService ProcessRecord{42d1de90 14140:com.comtop.mim/u0a10078} IsCompleted:false IsCancelled:false }
I/ActivityManager(  578): dumpStackTraces process: 762 parent: 128 zygote: 128
I/ANRManager(  578): [coredump] coredump's pid = -1
I/ANRManager(  578): [coredump] coredump's pid = -1
I/ANRManager(  578): [coredump] coredump's pid = -1
I/ANRManager(  578): [coredump] coredump's pid = -1
I/ActivityManager(  578): dumpStackTraces process: 843 parent: 128 zygote: 128
I/ANRManager(  578): [coredump] coredump's pid = -1
I/ANRManager(  578): [coredump] coredump's pid = -1
I/ANRManager(  578): [coredump] coredump's pid = -1
I/ANRManager(  578): [coredump] coredump's pid = -1
I/ActivityManager(  578): dumpStackTraces process: 829 parent: 128 zygote: 128
I/ANRManager(  578): [coredump] coredump's pid = -1
I/ANRManager(  578): [coredump] coredump's pid = -1
I/ANRManager(  578): [coredump] coredump's pid = -1
I/ANRManager(  578): [coredump] coredump's pid = -1
I/ActivityManager(  578): dumpStackTraces process: 802 parent: 128 zygote: 128
I/ANRManager(  578): [coredump] coredump's pid = -1
I/ANRManager(  578): [coredump] coredump's pid = -1
I/ANRManager(  578): [coredump] coredump's pid = -1
I/ANRManager(  578): [coredump] coredump's pid = -1
I/ActivityManager(  578): dumpStackTraces process: 786 parent: 128 zygote: 128
I/ANRManager(  578): [coredump] coredump's pid = -1
I/ANRManager(  578): [coredump] coredump's pid = -1
I/ANRManager(  578): [coredump] coredump's pid = -1
I/ANRManager(  578): [coredump] coredump's pid = -1
I/ActivityManager(  578): dumpStackTraces process: 814 parent: 128 zygote: 128
I/ANRManager(  578): [coredump] coredump's pid = -1
I/ANRManager(  578): [coredump] coredump's pid = -1
I/ANRManager(  578): [coredump] coredump's pid = -1
I/ANRManager(  578): [coredump] coredump's pid = -1
D/ActivityManager(  578): dumpStackTraces Compact measure CPU usage begin:
I/ANRManager(  578): [coredump] coredump's pid = -1
I/ANRManager(  578): [coredump] coredump's pid = -1
I/ANRManager(  578): [coredump] coredump's pid = -1
I/ANRManager(  578): [coredump] coredump's pid = -1
D/ActivityManager(  578): dumpStackTraces Full End:
E/ANRManager(  578): ANR in com.comtop.mim
E/ANRManager(  578): Reason: Executing service com.comtop.mim/com.alibaba.tcms.service.ListenerService
E/ANRManager(  578): Load: 7.95 / 8.14 / 7.82
E/ANRManager(  578): Android time :[2015-11-11 10:11:33.606] [1869.597]
E/ANRManager(  578): CPU usage from 26703ms to 0ms ago:
E/ANRManager(  578):   3.4% 164/adbd: 0.5% user + 2.8% kernel / faults: 2030 minor
E/ANRManager(  578):   3% 677/com.android.systemui: 2.1% user + 0.8% kernel / faults: 1 minor
E/ANRManager(  578):   2% 578/system_server: 1.4% user + 0.5% kernel / faults: 306 minor
E/ANRManager(  578):   1.7% 127/surfaceflinger: 0.8% user + 0.8% kernel
E/ANRManager(  578):   1.6% 14140/com.comtop.mim: 1.1% user + 0.4% kernel / faults: 3401 minor
E/ANRManager(  578):   0.8% 2742/logcat: 0.3% user + 0.4% kernel
E/ANRManager(  578):   0.5% 510/kworker/0:2: 0% user + 0.5% kernel
E/ANRManager(  578):   0.4% 762/com.android.phone: 0.2% user + 0.2% kernel / faults: 4 minor
E/ANRManager(  578):   0% 161/sdcard: 0% user + 0% kernel
E/ANRManager(  578):   0.1% 12456/kworker/u:1: 0% user + 0.1% kernel
E/ANRManager(  578):   0.1% 62/disp_config_upd: 0% user + 0.1% kernel
E/ANRManager(  578):   0.1% 114/servicemanager: 0% user + 0.1% kernel
E/ANRManager(  578):   0.1% 843/com.xiaomi.xmsf: 0% user + 0% kernel / faults: 12 minor
E/ANRManager(  578):   0% 54/bat_thread_kthr: 0% user + 0% kernel
E/ANRManager(  578):   0% 745/com.sohu.inputmethod.sogou: 0% user + 0% kernel / faults: 16 minor
E/ANRManager(  578):   0% 904/com.lbe.security.miui:service: 0% user + 0% kernel / faults: 23 minor
E/ANRManager(  578):   0% 925/com.android.settings: 0% user + 0% kernel / faults: 10 minor
E/ANRManager(  578):   0% 55/mtk charger_hv_: 0% user + 0% kernel
E/ANRManager(  578):   0% 63/mmcqd/0: 0% user + 0% kernel
E/ANRManager(  578):   0% 122/netd: 0% user + 0% kernel / faults: 51 minor
E/ANRManager(  578):   0% 128/zygote: 0% user + 0% kernel / faults: 68 minor
E/ANRManager(  578):   0% 744/tx_thread: 0% user + 0% kernel
E/ANRManager(  578):   0% 786/com.mediatek.voicecommand: 0% user + 0% kernel / faults: 11 minor
E/ANRManager(  578):   0% 814/com.lbe.security.miui: 0% user + 0% kernel
E/ANRManager(  578):   0% 829/com.miui.whetstone: 0% user + 0% kernel / faults: 3 minor
E/ANRManager(  578):   0% 855/com.miui.home: 0% user + 0% kernel
E/ANRManager(  578):   0% 1060/com.android.smspush: 0% user + 0% kernel / faults: 1 minor
E/ANRManager(  578):   0% 1068/com.miui.providers.weather: 0% user + 0% kernel / faults: 1 minor
E/ANRManager(  578):   0% 1088/com.cleanmaster.sdk: 0% user + 0% kernel / faults: 11 minor
E/ANRManager(  578):   0% 1242/android.process.media: 0% user + 0% kernel
E/ANRManager(  578):   0% 1270/com.android.defcontainer: 0% user + 0% kernel
E/ANRManager(  578):   0% 1375/com.miui.networkassistant: 0% user + 0% kernel / faults: 3 minor
E/ANRManager(  578):   0% 2063/sogou.mobile.explorer.hotwords: 0% user + 0% kernel
E/ANRManager(  578):   0% 7148/com.sohu.inputmethod.sogou:classic: 0% user + 0% kernel
E/ANRManager(  578):   0% 12290/com.xiaomi.gamecenter: 0% user + 0% kernel
E/ANRManager(  578):   0% 14015/ping: 0% user + 0% kernel
E/ANRManager(  578):  +0% 15013/com.comtop.mim:TcmsService: 0% user + 0% kernel
E/ANRManager(  578):  +0% 15027/sh: 0% user + 0% kernel
E/ANRManager(  578):  +0% 15033/logcat: 0% user + 0% kernel
E/ANRManager(  578):  +0% 15044/sh: 0% user + 0% kernel
E/ANRManager(  578):  +0% 15045/logcat: 0% user + 0% kernel
E/ANRManager(  578): 14% TOTAL: 6.5% user + 8.2% kernel + 0% iowait
I/ANRManager(  578): dumpAnrDebugInfo end: AnrDumpRecord{ Executing service com.comtop.mim/com.alibaba.tcms.service.ListenerService ProcessRecord{42d1de90 14140:com.comtop.mim/u0a10078} IsCompleted:true IsCancelled:false }
I/ANRManager(  578): [coredump] coredump's pid = -1
I/ANRManager(  578): [coredump] coredump's pid = -1
I/ANRManager(  578): [coredump] coredump's pid = -1
I/ANRManager(  578): [coredump] coredump's pid = -1
E/ActivityManager(  578): get crashInfo fail.
V/ActivityManager(  578): Broadcast: Intent { act=android.intent.action.ANR flg=0x10 } ordered=false userid=0 callerApp=null
V/WindowManager(  578): Changing focus from null to Window{428f26f8 u0 Application Not Responding: com.comtop.mim}
I/WindowManager(  578): Gaining focus: Window{428f26f8 u0 Application Not Responding: com.comtop.mim}
V/ActivityManager(  578): Broadcast: Intent { act=android.intent.action.DROPBOX_ENTRY_ADDED flg=0x10 (has extras) } ordered=false userid=0 callerApp=ProcessRecord{42697b88 578:system/1000}
I/ANRManager(  578): dumpAnrDebugInfoLocked: AnrDumpRecord{ Executing service com.comtop.mim/com.alibaba.tcms.service.ListenerService ProcessRecord{42d1de90 14140:com.comtop.mim/u0a10078} IsCompleted:true IsCancelled:false }
I/ANRManager(  578): dumpAnrDebugInfo end: AnrDumpRecord{ Executing service com.comtop.mim/com.alibaba.tcms.service.ListenerService ProcessRecord{42d1de90 14140:com.comtop.mim/u0a10078} IsCompleted:true IsCancelled:false }
D/FrameworkListener(  122): dispatchCommand data = (getaddrinfo app.chat.xiaomi.net ^ 1024 0 1 0)
V/ActivityManager(  578): Broadcast sticky: Intent { act=android.net.wifi.RSSI_CHANGED flg=0x8000010 (has extras) } ordered=false userid=-1 callerApp=ProcessRecord{42697b88 578:system/1000}
W/BroadcastQueue(  578): the App timeout ,do not perform receiver
W/BroadcastQueue(  578): Failure sending broadcast Intent { act=android.net.wifi.RSSI_CHANGED flg=0x8000010 (has extras) }
W/BroadcastQueue(  578): android.os.RemoteException
W/BroadcastQueue(  578): 	at com.android.server.am.BroadcastQueue$Injector.isTimeoutApp(BroadcastQueue.java:70)
W/BroadcastQueue(  578): 	at com.android.server.am.BroadcastQueue.performReceiveLocked(BroadcastQueue.java:408)
W/BroadcastQueue(  578): 	at com.android.server.am.BroadcastQueue.deliverToRegisteredReceiverLocked(BroadcastQueue.java:484)
W/BroadcastQueue(  578): 	at com.android.server.am.BroadcastQueue.processNextBroadcast(BroadcastQueue.java:540)
W/BroadcastQueue(  578): 	at com.android.server.am.BroadcastQueue$1.handleMessage(BroadcastQueue.java:166)
W/BroadcastQueue(  578): 	at android.os.Handler.dispatchMessage(Handler.java:107)
W/BroadcastQueue(  578): 	at android.os.Looper.loop(Looper.java:194)
W/BroadcastQueue(  578): 	at com.android.server.am.ActivityManagerService$AThread.run(ActivityManagerService.java:1750)
D/FrameworkListener(  122): dispatchCommand data = (getaddrinfo hotpatch.wangxin.taobao.com ^ 1024 0 1 0)
V/ActivityManager(  578): Broadcast sticky: Intent { act=android.net.wifi.RSSI_CHANGED flg=0x8000010 (has extras) } ordered=false userid=-1 callerApp=ProcessRecord{42697b88 578:system/1000}
W/BroadcastQueue(  578): the App timeout ,do not perform receiver
W/BroadcastQueue(  578): Failure sending broadcast Intent { act=android.net.wifi.RSSI_CHANGED flg=0x8000010 (has extras) }
W/BroadcastQueue(  578): android.os.RemoteException
W/BroadcastQueue(  578): 	at com.android.server.am.BroadcastQueue$Injector.isTimeoutApp(BroadcastQueue.java:70)
W/BroadcastQueue(  578): 	at com.android.server.am.BroadcastQueue.performReceiveLocked(BroadcastQueue.java:408)
W/BroadcastQueue(  578): 	at com.android.server.am.BroadcastQueue.deliverToRegisteredReceiverLocked(BroadcastQueue.java:484)
W/BroadcastQueue(  578): 	at com.android.server.am.BroadcastQueue.processNextBroadcast(BroadcastQueue.java:540)
W/BroadcastQueue(  578): 	at com.android.server.am.BroadcastQueue$1.handleMessage(BroadcastQueue.java:166)
W/BroadcastQueue(  578): 	at android.os.Handler.dispatchMessage(Handler.java:107)
W/BroadcastQueue(  578): 	at android.os.Looper.loop(Looper.java:194)
W/BroadcastQueue(  578): 	at com.android.server.am.ActivityManagerService$AThread.run(ActivityManagerService.java:1750)
D/ConnectivityService(  578): getActiveNetworkInfo:NetworkInfo: type: WIFI[], state: CONNECTED/CONNECTED, reason: (unspecified), extra: "wifi-confine", roaming: false, failover: false, isAvailable: true, simId: 0/10070
D/ConnectivityService(  578): getActiveNetworkInfo:NetworkInfo: type: WIFI[], state: CONNECTED/CONNECTED, reason: (unspecified), extra: "wifi-confine", roaming: false, failover: false, isAvailable: true, simId: 0/10070
V/ActivityManager(  578): Broadcast: Intent { act=com.alibaba.mobileim.TCMSNETWORKACTION flg=0x10 (has extras) } ordered=false userid=0 callerApp=ProcessRecord{435338c0 15013:com.comtop.mim:TcmsService/u0a10078}
W/BroadcastQueue(  578): the App timeout ,do not perform receiver
W/BroadcastQueue(  578): Failure sending broadcast Intent { act=com.alibaba.mobileim.TCMSNETWORKACTION flg=0x10 (has extras) }
W/BroadcastQueue(  578): android.os.RemoteException
W/BroadcastQueue(  578): 	at com.android.server.am.BroadcastQueue$Injector.isTimeoutApp(BroadcastQueue.java:70)
W/BroadcastQueue(  578): 	at com.android.server.am.BroadcastQueue.performReceiveLocked(BroadcastQueue.java:408)
W/BroadcastQueue(  578): 	at com.android.server.am.BroadcastQueue.deliverToRegisteredReceiverLocked(BroadcastQueue.java:484)
W/BroadcastQueue(  578): 	at com.android.server.am.BroadcastQueue.processNextBroadcast(BroadcastQueue.java:540)
W/BroadcastQueue(  578): 	at com.android.server.am.BroadcastQueue$1.handleMessage(BroadcastQueue.java:166)
W/BroadcastQueue(  578): 	at android.os.Handler.dispatchMessage(Handler.java:107)
W/BroadcastQueue(  578): 	at android.os.Looper.loop(Looper.java:194)
W/BroadcastQueue(  578): 	at com.android.server.am.ActivityManagerService$AThread.run(ActivityManagerService.java:1750)
V/ActivityManager(  578): Broadcast sticky: Intent { act=android.net.wifi.RSSI_CHANGED flg=0x8000010 (has extras) } ordered=false userid=-1 callerApp=ProcessRecord{42697b88 578:system/1000}
W/BroadcastQueue(  578): the App timeout ,do not perform receiver
W/BroadcastQueue(  578): Failure sending broadcast Intent { act=android.net.wifi.RSSI_CHANGED flg=0x8000010 (has extras) }
W/BroadcastQueue(  578): android.os.RemoteException
W/BroadcastQueue(  578): 	at com.android.server.am.BroadcastQueue$Injector.isTimeoutApp(BroadcastQueue.java:70)
W/BroadcastQueue(  578): 	at com.android.server.am.BroadcastQueue.performReceiveLocked(BroadcastQueue.java:408)
W/BroadcastQueue(  578): 	at com.android.server.am.BroadcastQueue.deliverToRegisteredReceiverLocked(BroadcastQueue.java:484)
W/BroadcastQueue(  578): 	at com.android.server.am.BroadcastQueue.processNextBroadcast(BroadcastQueue.java:540)
W/BroadcastQueue(  578): 	at com.android.server.am.BroadcastQueue$1.handleMessage(BroadcastQueue.java:166)
W/BroadcastQueue(  578): 	at android.os.Handler.dispatchMessage(Handler.java:107)
W/BroadcastQueue(  578): 	at android.os.Looper.loop(Looper.java:194)
W/BroadcastQueue(  578): 	at com.android.server.am.ActivityManagerService$AThread.run(ActivityManagerService.java:1750)
V/AlarmManager(  578): Native set alarm :Alarm{43959920 type 3 com.miui.providers.weather}
I/AlarmManager(  578): reset poweroff alarm none
V/ActivityManager(  578): Broadcast: Intent { act=android.intent.action.TIME_TICK flg=0x50000014 (has extras) } ordered=true userid=-1 callerApp=null
D/PowerManagerDisplayController(  578): requestPowerState: screenState=2, useProximitySensor=false, forceProximitySensorEnable=false, forceWakeUpEnable=false, screenBrightness=60, screenAutoBrightnessAdjustment=0.0, useAutoBrightness=false, useEcoBrightness=false, blockScreenOn=false, waitForNegativeProximity=false
I/PowerManagerService(  578): setBrightness mButtonLight 0.
V/AlarmManager(  578): Native set alarm :Alarm{42653758 type 3 android}
D/PowerManagerDisplayController(  578): requestPowerState: screenState=2, useProximitySensor=false, forceProximitySensorEnable=false, forceWakeUpEnable=false, screenBrightness=60, screenAutoBrightnessAdjustment=0.0, useAutoBrightness=false, useEcoBrightness=false, blockScreenOn=false, waitForNegativeProximity=false
I/PowerManagerService(  578): setBrightness mButtonLight 0.
D/FrameworkListener(  122): dispatchCommand data = (getaddrinfo tcms-openim.wangxin.taobao.com ^ 1024 0 1 0)
V/ActivityManager(  578): Broadcast: Intent { act=com.alibaba.mobileim.TCMSNETWORKACTION flg=0x10 (has extras) } ordered=false userid=0 callerApp=ProcessRecord{435338c0 15013:com.comtop.mim:TcmsService/u0a10078}
W/BroadcastQueue(  578): the App timeout ,do not perform receiver
W/BroadcastQueue(  578): Failure sending broadcast Intent { act=com.alibaba.mobileim.TCMSNETWORKACTION flg=0x10 (has extras) }
W/BroadcastQueue(  578): android.os.RemoteException
W/BroadcastQueue(  578): 	at com.android.server.am.BroadcastQueue$Injector.isTimeoutApp(BroadcastQueue.java:70)
W/BroadcastQueue(  578): 	at com.android.server.am.BroadcastQueue.performReceiveLocked(BroadcastQueue.java:408)
W/BroadcastQueue(  578): 	at com.android.server.am.BroadcastQueue.deliverToRegisteredReceiverLocked(BroadcastQueue.java:484)
W/BroadcastQueue(  578): 	at com.android.server.am.BroadcastQueue.processNextBroadcast(BroadcastQueue.java:540)
W/BroadcastQueue(  578): 	at com.android.server.am.BroadcastQueue$1.handleMessage(BroadcastQueue.java:166)
W/BroadcastQueue(  578): 	at android.os.Handler.dispatchMessage(Handler.java:107)
W/BroadcastQueue(  578): 	at android.os.Looper.loop(Looper.java:194)
W/BroadcastQueue(  578): 	at com.android.server.am.ActivityManagerService$AThread.run(ActivityManagerService.java:1750)
V/ActivityManager(  578): Broadcast sticky: Intent { act=android.intent.action.BATTERY_CHANGED flg=0x60000010 (has extras) } ordered=false userid=-1 callerApp=null
V/ActivityManager(  578): Broadcast sticky: Intent { act=android.net.wifi.RSSI_CHANGED flg=0x8000010 (has extras) } ordered=false userid=-1 callerApp=ProcessRecord{42697b88 578:system/1000}
W/BroadcastQueue(  578): the App timeout ,do not perform receiver
W/BroadcastQueue(  578): Failure sending broadcast Intent { act=android.net.wifi.RSSI_CHANGED flg=0x8000010 (has extras) }
W/BroadcastQueue(  578): android.os.RemoteException
W/BroadcastQueue(  578): 	at com.android.server.am.BroadcastQueue$Injector.isTimeoutApp(BroadcastQueue.java:70)
W/BroadcastQueue(  578): 	at com.android.server.am.BroadcastQueue.performReceiveLocked(BroadcastQueue.java:408)
W/BroadcastQueue(  578): 	at com.android.server.am.BroadcastQueue.deliverToRegisteredReceiverLocked(BroadcastQueue.java:484)
W/BroadcastQueue(  578): 	at com.android.server.am.BroadcastQueue.processNextBroadcast(BroadcastQueue.java:540)
W/BroadcastQueue(  578): 	at com.android.server.am.BroadcastQueue$1.handleMessage(BroadcastQueue.java:166)
W/BroadcastQueue(  578): 	at android.os.Handler.dispatchMessage(Handler.java:107)
W/BroadcastQueue(  578): 	at android.os.Looper.loop(Looper.java:194)
W/BroadcastQueue(  578): 	at com.android.server.am.ActivityManagerService$AThread.run(ActivityManagerService.java:1750)
D/ConnectivityService(  578): getActiveNetworkInfo:NetworkInfo: type: WIFI[], state: CONNECTED/CONNECTED, reason: (unspecified), extra: "wifi-confine", roaming: false, failover: false, isAvailable: true, simId: 0/10070
D/ConnectivityService(  578): getActiveNetworkInfo:NetworkInfo: type: WIFI[], state: CONNECTED/CONNECTED, reason: (unspecified), extra: "wifi-confine", roaming: false, failover: false, isAvailable: true, simId: 0/10070
D/ConnectivityService(  578): getActiveNetworkInfo:NetworkInfo: type: WIFI[], state: CONNECTED/CONNECTED, reason: (unspecified), extra: "wifi-confine", roaming: false, failover: false, isAvailable: true, simId: 0/10070
D/FrameworkListener(  122): dispatchCommand data = (getaddrinfo resolver.gslb.mi-idc.com ^ 1024 0 1 0)
V/ActivityManager(  578): Broadcast sticky: Intent { act=android.intent.action.BATTERY_CHANGED flg=0x60000010 (has extras) } ordered=false userid=-1 callerApp=null
V/ActivityManager(  578): Broadcast: Intent { act=com.alibaba.mobileim.TCMSNETWORKACTION flg=0x10 (has extras) } ordered=false userid=0 callerApp=ProcessRecord{435338c0 15013:com.comtop.mim:TcmsService/u0a10078}
W/BroadcastQueue(  578): the App timeout ,do not perform receiver
W/BroadcastQueue(  578): Failure sending broadcast Intent { act=com.alibaba.mobileim.TCMSNETWORKACTION flg=0x10 (has extras) }
W/BroadcastQueue(  578): android.os.RemoteException
W/BroadcastQueue(  578): 	at com.android.server.am.BroadcastQueue$Injector.isTimeoutApp(BroadcastQueue.java:70)
W/BroadcastQueue(  578): 	at com.android.server.am.BroadcastQueue.performReceiveLocked(BroadcastQueue.java:408)
W/BroadcastQueue(  578): 	at com.android.server.am.BroadcastQueue.deliverToRegisteredReceiverLocked(BroadcastQueue.java:484)
W/BroadcastQueue(  578): 	at com.android.server.am.BroadcastQueue.processNextBroadcast(BroadcastQueue.java:540)
W/BroadcastQueue(  578): 	at com.android.server.am.BroadcastQueue$1.handleMessage(BroadcastQueue.java:166)
W/BroadcastQueue(  578): 	at android.os.Handler.dispatchMessage(Handler.java:107)
W/BroadcastQueue(  578): 	at android.os.Looper.loop(Looper.java:194)
W/BroadcastQueue(  578): 	at com.android.server.am.ActivityManagerService$AThread.run(ActivityManagerService.java:1750)
V/ActivityManager(  578): Broadcast sticky: Intent { act=android.intent.action.SIG_STR flg=0x10 (has extras) } ordered=false userid=-1 callerApp=ProcessRecord{42697b88 578:system/1000}
V/AlarmManager(  578): Native set alarm :Alarm{43959920 type 3 com.miui.providers.weather}
I/AlarmManager(  578): reset poweroff alarm none
V/ActivityManager(  578): Broadcast: Intent { act=android.intent.action.TIME_TICK flg=0x50000014 (has extras) } ordered=true userid=-1 callerApp=null
D/PowerManagerDisplayController(  578): requestPowerState: screenState=2, useProximitySensor=false, forceProximitySensorEnable=false, forceWakeUpEnable=false, screenBrightness=60, screenAutoBrightnessAdjustment=0.0, useAutoBrightness=false, useEcoBrightness=false, blockScreenOn=false, waitForNegativeProximity=false
I/PowerManagerService(  578): setBrightness mButtonLight 0.
V/AlarmManager(  578): Native set alarm :Alarm{429bd848 type 3 android}
D/PowerManagerDisplayController(  578): requestPowerState: screenState=2, useProximitySensor=false, forceProximitySensorEnable=false, forceWakeUpEnable=false, screenBrightness=60, screenAutoBrightnessAdjustment=0.0, useAutoBrightness=false, useEcoBrightness=false, blockScreenOn=false, waitForNegativeProximity=false
I/PowerManagerService(  578): setBrightness mButtonLight 0.
D/ConnectivityService(  578): getActiveNetworkInfo:NetworkInfo: type: WIFI[], state: CONNECTED/CONNECTED, reason: (unspecified), extra: "wifi-confine", roaming: false, failover: false, isAvailable: true, simId: 0/10078
I/ActivityManager(  578): START u0 {cmp=com.comtop.mim/.ui.WelcomeActivity} from pid 14140
D/PowerManagerDisplayController(  578): requestPowerState: screenState=2, useProximitySensor=false, forceProximitySensorEnable=false, forceWakeUpEnable=false, screenBrightness=60, screenAutoBrightnessAdjustment=0.0, useAutoBrightness=false, useEcoBrightness=false, blockScreenOn=false, waitForNegativeProximity=false
I/PowerManagerService(  578): setBrightness mButtonLight 0.
D/ConnectivityService(  578): getActiveNetworkInfo:NetworkInfo: type: WIFI[], state: CONNECTED/CONNECTED, reason: (unspecified), extra: "wifi-confine", roaming: false, failover: false, isAvailable: true, simId: 0/10078
V/ActivityManager(  578): Enqueueing pending finish: ActivityRecord{429ae9a8 u0 com.comtop.mim/.ui.SplashActivity}
