11-11 10:58:46.678   578   898 I ProviderMap: putProviderByClass: ComponentInfo{com.miui.cloudservice/com.miui.cloudservice.push.MicloudPushProviderImpl} , callingUid = 1000, record uid = 10011
11-11 10:58:46.678   578   898 I ProviderMap: putProviderByName: com.miui.cloudservice , callingUid = 1000, record uid = 10011
11-11 10:58:46.692   578   642 D PowerManagerDisplayController: requestPowerState: screenState=2, useProximitySensor=false, forceProximitySensorEnable=false, forceWakeUpEnable=false, screenBrightness=60, screenAutoBrightnessAdjustment=0.0, useAutoBrightness=false, useEcoBrightness=false, blockScreenOn=false, waitForNegativeProximity=false
11-11 10:58:46.692   578   642 I PowerManagerService: setBrightness mButtonLight 0.
11-11 10:58:46.692   578   643 V NetworkPolicy: writePolicyLocked()
11-11 10:58:46.699   578   643 D ConnectivityService: onUidRulesChanged(uid=10078, uidRules=0)
11-11 10:58:46.699   578   643 D ConnectivityService: getMobileDataEnabledGemini dataEnabledSlotId:1 slotId:1
11-11 10:58:46.699   578   643 V NetworkPolicy: ensureActiveMobilePolicyLocked()
11-11 10:58:46.702   578   643 V NetworkPolicy: updateNetworkEnabledLocked()
11-11 10:58:46.702   578   643 V NetworkPolicy:  checking policy:NetworkPolicy[NetworkTemplate: matchRule=MOBILE_ALL, subscriberId=460079...]: cycleDay=-1, cycleTimezone=Asia/Shanghai, warningBytes=-1, limitBytes=-1, lastWarningSnooze=-1, lastLimitSnooze=-1, metered=true, inferred=false, active=true
11-11 10:58:46.702   578   643 V NetworkPolicy:  ignore setNetworkTemplateEnabled
11-11 10:58:46.703   578   643 V NetworkPolicy: updateNotificationsLocked()
11-11 10:58:46.710   578   841 I ActivityManager: Start proc com.xiaomi.gamecenter for broadcast com.xiaomi.gamecenter/.service.GlobalReceiver: pid=31804 uid=10021 gids={50021, 3003, 1015, 2001, 1007, 1028}
11-11 10:58:46.713   578   841 I ActivityManager: No longer want com.android.quicksearchbox (pid 12363): empty for 1807s
11-11 10:58:46.723   578   801 D DisplayManagerService: Display listener for pid 12363 died.
11-11 10:58:46.723   578   841 V ActivityManager: Death received in com.android.server.am.ActivityManagerService$AppDeathRecipient@42caaa40 for thread android.os.BinderProxy@425d1bd0
11-11 10:58:46.723   578   841 I ProviderMap: Removing from providersByClass name=ComponentInfo{com.android.quicksearchbox/com.android.quicksearchbox.google.GoogleSuggestionProvider} user=0
11-11 10:58:46.723   578   841 I ProviderMap: Removing from providersByName name=com.android.quicksearchbox.google user=0
11-11 10:58:46.724   578   841 I ProviderMap: Removing from providersByClass name=ComponentInfo{com.android.quicksearchbox/com.android.quicksearchbox.ShortcutsProvider} user=0
11-11 10:58:46.724   578   841 I ProviderMap: Removing from providersByName name=com.android.quicksearchbox.shortcuts user=0
11-11 10:58:46.756   578   578 V ActivityManager: Binding process pid 31804 to record ProcessRecord{43963c68 31804:com.xiaomi.gamecenter/u0a10021}
11-11 10:58:46.757   578   578 V ActivityManager: New death recipient com.android.server.am.ActivityManagerService$AppDeathRecipient@434a2978 for thread android.os.BinderProxy@43478758
11-11 10:58:46.757   578   578 I ProviderMap: getProviderByClass: ComponentInfo{com.xiaomi.gamecenter/com.xiaomi.gamecenter.db.MiuiRecommendProvider}, callingUid = 1000
11-11 10:58:46.757   578   578 I ProviderMap: putProviderByClass: ComponentInfo{com.xiaomi.gamecenter/com.xiaomi.gamecenter.db.MiuiRecommendProvider} , callingUid = 1000, record uid = 10021
11-11 10:58:46.757   578   578 I ProviderMap: getProviderByClass: ComponentInfo{com.xiaomi.gamecenter/com.xiaomi.gamecenter.vip.db.VipCenterProdiver}, callingUid = 1000
11-11 10:58:46.758   578   578 I ProviderMap: putProviderByClass: ComponentInfo{com.xiaomi.gamecenter/com.xiaomi.gamecenter.vip.db.VipCenterProdiver} , callingUid = 1000, record uid = 10021
11-11 10:58:46.758   578   578 I ProviderMap: getProviderByClass: ComponentInfo{com.xiaomi.gamecenter/com.xiaomi.gamecenter.db.GameCenterProdiver}, callingUid = 1000
11-11 10:58:46.758   578   578 I ProviderMap: putProviderByClass: ComponentInfo{com.xiaomi.gamecenter/com.xiaomi.gamecenter.db.GameCenterProdiver} , callingUid = 1000, record uid = 10021
11-11 10:58:46.758   578   578 V ActivityManager: New app record ProcessRecord{43963c68 31804:com.xiaomi.gamecenter/u0a10021} thread=android.os.BinderProxy@43478758 pid=31804
11-11 10:58:46.776   578   609 V ActivityManager: Broadcast: Intent { act=android.search.action.SEARCHABLES_CHANGED flg=0x28000010 } ordered=false userid=0 callerApp=ProcessRecord{42697b88 578:system/1000}
11-11 10:58:46.858   578   801 I ProviderMap: putProviderByClass: ComponentInfo{com.xiaomi.gamecenter/com.xiaomi.gamecenter.db.MiuiRecommendProvider} , callingUid = 1000, record uid = 10021
11-11 10:58:46.858   578   801 I ProviderMap: putProviderByName: com.xiaomi.gamecenter.miui.recommend , callingUid = 1000, record uid = 10021
11-11 10:58:46.858   578   801 I ProviderMap: putProviderByClass: ComponentInfo{com.xiaomi.gamecenter/com.xiaomi.gamecenter.vip.db.VipCenterProdiver} , callingUid = 1000, record uid = 10021
11-11 10:58:46.858   578   801 I ProviderMap: putProviderByName: com.xiaomi.gamecenter.vip.dbcache , callingUid = 1000, record uid = 10021
11-11 10:58:46.858   578   801 I ProviderMap: putProviderByClass: ComponentInfo{com.xiaomi.gamecenter/com.xiaomi.gamecenter.db.GameCenterProdiver} , callingUid = 1000, record uid = 10021
11-11 10:58:46.858   578   801 I ProviderMap: putProviderByName: com.xiaomi.gamecenter.dbcache , callingUid = 1000, record uid = 10021
11-11 10:58:46.989   578   970 I ProviderMap: getProviderByName: settings , callingUid = 10021
11-11 10:58:46.989   578   970 W ContentProviderRecord: canRunHere: bCanRunHere=falseinfo.multiprocess=falseinfo.processName=systemapp.processName=com.xiaomi.gamecenteruid=1000app.info.uid10021
11-11 10:58:46.990   578   970 D ActivityManager: getContentProviderImpl: updateLruProcessLocked cpr.proc=ProcessRecord{42697b88 578:system/1000}
11-11 10:58:47.064   578   826 I ActivityManager: Start proc com.miui.guardprovider for broadcast com.miui.guardprovider/com.dianxinos.optimizer.engine.EnginePackageChangeReceiver: pid=31829 uid=10024 gids={50024, 3003, 1015, 1028}
11-11 10:58:47.066   578   970 V ActivityManager: Broadcast: Intent { act=com.xiaomi.wali.package.remove flg=0x10 (has extras) } ordered=false userid=0 callerApp=ProcessRecord{43963c68 31804:com.xiaomi.gamecenter/u0a10021}
11-11 10:58:47.066   578   589 I ProviderMap: getProviderByName: downloads , callingUid = 10021
11-11 10:58:47.067   578   589 W ContentProviderRecord: canRunHere: bCanRunHere=falseinfo.multiprocess=falseinfo.processName=android.process.mediaapp.processName=com.xiaomi.gamecenteruid=10015app.info.uid10021
11-11 10:58:47.067   578   897 V AppWidgetServiceImpl: getInstalledProviders hostName = com.miui.home
11-11 10:58:47.067   578   897 V AppWidgetServiceImpl: permission of the launcher: -1 enableFiltering = true
11-11 10:58:47.067   578   897 V AppWidgetServiceImpl: widget package name: com.android.browser Permission: -1
11-11 10:58:47.067   578   897 V AppWidgetServiceImpl: p.zombie = false
11-11 10:58:47.067   578   589 D ActivityManager: getContentProviderImpl: updateLruProcessLocked cpr.proc=ProcessRecord{42948c48 1242:android.process.media/u0a10015}
11-11 10:58:47.067   578   897 V AppWidgetServiceImpl: widget package name: com.android.calendar Permission: -1
11-11 10:58:47.067   578   897 V AppWidgetServiceImpl: p.zombie = false
11-11 10:58:47.067   578   897 V AppWidgetServiceImpl: widget package name: com.android.calendar Permission: -1
11-11 10:58:47.067   578   897 V AppWidgetServiceImpl: p.zombie = false
11-11 10:58:47.067   578   897 V AppWidgetServiceImpl: widget package name: com.android.deskclock Permission: -1
11-11 10:58:47.067   578   897 V AppWidgetServiceImpl: p.zombie = false
11-11 10:58:47.067   578   897 V AppWidgetServiceImpl: widget package name: com.android.email Permission: -1
11-11 10:58:47.067   578   897 V AppWidgetServiceImpl: p.zombie = false
11-11 10:58:47.067   578   897 V AppWidgetServiceImpl: widget package name: com.miui.gallery Permission: -1
11-11 10:58:47.067   578   897 V AppWidgetServiceImpl: p.zombie = false
11-11 10:58:47.067   578   897 V AppWidgetServiceImpl: widget package name: com.miui.player Permission: -1
11-11 10:58:47.068   578   897 V AppWidgetServiceImpl: p.zombie = false
11-11 10:58:47.068   578   897 V AppWidgetServiceImpl: widget package name: com.miui.notes Permission: -1
11-11 10:58:47.068   578   897 V AppWidgetServiceImpl: p.zombie = false
11-11 10:58:47.069   578   897 V AppWidgetServiceImpl: widget package name: com.android.settings Permission: -1
11-11 10:58:47.069   578   897 V AppWidgetServiceImpl: p.zombie = false
11-11 10:58:47.069   578   897 V AppWidgetServiceImpl: widget package name: com.storm.smart Permission: -1
11-11 10:58:47.069   578   897 V AppWidgetServiceImpl: p.zombie = false
11-11 10:58:47.100   578   588 V ActivityManager: Binding process pid 31829 to record ProcessRecord{426852d8 31829:com.miui.guardprovider/u0a10024}
11-11 10:58:47.100   578   588 V ActivityManager: New death recipient com.android.server.am.ActivityManagerService$AppDeathRecipient@43347e70 for thread android.os.BinderProxy@42d2b960
11-11 10:58:47.101   578   588 I ProviderMap: getProviderByClass: ComponentInfo{com.miui.guardprovider/com.miui.guardprovider.GuardProvider}, callingUid = 1000
11-11 10:58:47.101   578   588 I ProviderMap: putProviderByClass: ComponentInfo{com.miui.guardprovider/com.miui.guardprovider.GuardProvider} , callingUid = 1000, record uid = 10024
11-11 10:58:47.101   578   588 V ActivityManager: New app record ProcessRecord{426852d8 31829:com.miui.guardprovider/u0a10024} thread=android.os.BinderProxy@42d2b960 pid=31829
11-11 10:58:47.138   578   826 I ActivityManager: No longer want com.android.thememanager (pid 12422): empty for 1807s
11-11 10:58:47.146   578   824 D DisplayManagerService: Display listener for pid 12422 died.
11-11 10:58:47.146   578   895 V ActivityManager: Death received in com.android.server.am.ActivityManagerService$AppDeathRecipient@42a9bcc8 for thread android.os.BinderProxy@434a96c0
11-11 10:58:47.146   578   895 I ProviderMap: Removing from providersByClass name=ComponentInfo{com.android.thememanager/com.android.thememanager.service.ThemeRuntimeDataProvider} user=0
11-11 10:58:47.146   578   895 I ProviderMap: Removing from providersByName name=com.android.thememanager.provider user=0
11-11 10:58:47.211   578   593 D TelephonyRegistry: listen: E pkg=com.miui.guardprovider events=0x20 myUid=0 callerUid=0
11-11 10:58:47.211   578   593 I TelephonyRegistry: listen: add new record={pkgForDebug=com.miui.guardprovider callerUid=0 events=0}
11-11 10:58:47.211   578   593 D TelephonyRegistry: validateEventsAndUserLocked: valid=false r.callerUid=0 foregroundUser=0 r.events=32 events=16
11-11 10:58:47.211   578   593 D TelephonyRegistry: validateEventsAndUserLocked: valid=false r.callerUid=0 foregroundUser=0 r.events=32 events=1024
11-11 10:58:47.211   578   800 D TelephonyRegistry: listen: E pkg=com.miui.guardprovider events=0x20 myUid=0 callerUid=0
11-11 10:58:47.212   578   800 I TelephonyRegistry: listen: add new record={pkgForDebug=com.miui.guardprovider callerUid=0 events=0}
11-11 10:58:47.212   578   800 D TelephonyRegistry: validateEventsAndUserLocked: valid=false r.callerUid=0 foregroundUser=0 r.events=32 events=16
11-11 10:58:47.212   578   800 D TelephonyRegistry: validateEventsAndUserLocked: valid=false r.callerUid=0 foregroundUser=0 r.events=32 events=1024
11-11 10:58:47.219   578   588 W PackageManager: Failed setComponentEnabledSetting: component class com.dianxinos.optimizer.engine.antispam.InterceptSmsReceiver does not exist in com.miui.guardprovider
11-11 10:58:47.621   578   826 I ProviderMap: putProviderByClass: ComponentInfo{com.miui.guardprovider/com.miui.guardprovider.GuardProvider} , callingUid = 1000, record uid = 10024
11-11 10:58:47.621   578   826 I ProviderMap: putProviderByName: guard , callingUid = 1000, record uid = 10024
11-11 10:58:47.642   578   898 I ActivityManager: Start proc com.android.keychain for broadcast com.android.keychain/.KeyChainBroadcastReceiver: pid=31845 uid=1000 gids={41000, 3006, 1015, 1028, 3002, 3001, 3003, 3007, 1006, 1013, 1007}
11-11 10:58:47.652   578   897 W SchedPolicy: add_tid_to_cgroup failed to write '31856', len = 5, fd = 39, err = 3
11-11 10:58:47.658   578   578 V ActivityManager: Broadcast: Intent { act=com.dianxinos.acomponent.CHECK_ flg=0x10 } ordered=false userid=0 callerApp=ProcessRecord{426852d8 31829:com.miui.guardprovider/u0a10024}
11-11 10:58:47.687   578   826 V ActivityManager: Binding process pid 31845 to record ProcessRecord{42a85888 31845:com.android.keychain/1000}
11-11 10:58:47.687   578   826 V ActivityManager: New death recipient com.android.server.am.ActivityManagerService$AppDeathRecipient@42d42618 for thread android.os.BinderProxy@42d55d70
11-11 10:58:47.688   578   826 V ActivityManager: New app record ProcessRecord{42a85888 31845:com.android.keychain/1000} thread=android.os.BinderProxy@42d55d70 pid=31845
11-11 10:58:47.773 31845 31845 W ApplicationContext: Calling a method in the system process without a qualified user: android.app.ContextImpl.startService:1509 android.content.ContextWrapper.startService:450 android.content.ContextWrapper.startService:450 com.android.keychain.KeyChainBroadcastReceiver.onReceive:12 android.app.ActivityThread.handleReceiver:2598 
11-11 10:58:47.787   578   842 I ActivityManager: Start proc com.android.musicfx for broadcast com.android.musicfx/.Compatibility$Receiver: pid=31861 uid=10046 gids={50046, 3003, 3002, 1028}
11-11 10:58:47.820   578   841 V ActivityManager: Binding process pid 31861 to record ProcessRecord{42aa8ee0 31861:com.android.musicfx/u0a10046}
11-11 10:58:47.820   578   841 V ActivityManager: New death recipient com.android.server.am.ActivityManagerService$AppDeathRecipient@4294fca0 for thread android.os.BinderProxy@42abbec0
11-11 10:58:47.820   578   841 V ActivityManager: New app record ProcessRecord{42aa8ee0 31861:com.android.musicfx/u0a10046} thread=android.os.BinderProxy@42abbec0 pid=31861
11-11 10:58:47.906  1029  1029 W ApplicationContext: Calling a method in the system process without a qualified user: android.app.ContextImpl.bindService:1563 android.content.ContextWrapper.bindService:473 com.miui.optimizecenter.packages.PackageListener.be:224 com.miui.optimizecenter.packages.PackageListener.onReceive:98 android.app.ActivityThread.handleReceiver:2598 
11-11 10:58:47.939   578   801 I ActivityManager: Start proc com.xiaomi.market for broadcast com.xiaomi.market/.data.MyPackageMonitor: pid=31875 uid=10059 gids={50059, 1015, 3003, 1028}
11-11 10:58:47.964   578   895 V ActivityManager: Binding process pid 31875 to record ProcessRecord{42cb2680 31875:com.xiaomi.market/u0a10059}
11-11 10:58:47.964   578   895 V ActivityManager: New death recipient com.android.server.am.ActivityManagerService$AppDeathRecipient@42886368 for thread android.os.BinderProxy@429c3518
11-11 10:58:47.965   578   895 I ProviderMap: getProviderByClass: ComponentInfo{com.xiaomi.market/com.xiaomi.market.db.MarketProvider}, callingUid = 1000
11-11 10:58:47.965   578   895 I ProviderMap: putProviderByClass: ComponentInfo{com.xiaomi.market/com.xiaomi.market.db.MarketProvider} , callingUid = 1000, record uid = 10059
11-11 10:58:47.965   578   895 V ActivityManager: New app record ProcessRecord{42cb2680 31875:com.xiaomi.market/u0a10059} thread=android.os.BinderProxy@429c3518 pid=31875
11-11 10:58:48.055   578   589 I ProviderMap: putProviderByClass: ComponentInfo{com.xiaomi.market/com.xiaomi.market.db.MarketProvider} , callingUid = 1000, record uid = 10059
11-11 10:58:48.055   578   589 I ProviderMap: putProviderByName: com.xiaomi.market.dbcache , callingUid = 1000, record uid = 10059
11-11 10:58:48.091   578   826 I ProviderMap: getProviderByName: settings , callingUid = 10059
11-11 10:58:48.091   578   826 W ContentProviderRecord: canRunHere: bCanRunHere=falseinfo.multiprocess=falseinfo.processName=systemapp.processName=com.xiaomi.marketuid=1000app.info.uid10059
11-11 10:58:48.091   578   826 D ActivityManager: getContentProviderImpl: updateLruProcessLocked cpr.proc=ProcessRecord{42697b88 578:system/1000}
11-11 10:58:48.139   578   800 I ProviderMap: getProviderByName: downloads , callingUid = 10059
11-11 10:58:48.139   578   800 W ContentProviderRecord: canRunHere: bCanRunHere=falseinfo.multiprocess=falseinfo.processName=android.process.mediaapp.processName=com.xiaomi.marketuid=10015app.info.uid10059
11-11 10:58:48.140   578   800 D ActivityManager: getContentProviderImpl: updateLruProcessLocked cpr.proc=ProcessRecord{42948c48 1242:android.process.media/u0a10015}
11-11 10:58:48.153   578   897 D ConnectivityService: getActiveNetworkInfo:NetworkInfo: type: WIFI[], state: CONNECTED/CONNECTED, reason: (unspecified), extra: "wifi-confine", roaming: false, failover: false, isAvailable: true, simId: 0/10059
11-11 10:58:48.155   578   801 D ConnectivityService: getActiveNetworkInfo:NetworkInfo: type: WIFI[], state: CONNECTED/CONNECTED, reason: (unspecified), extra: "wifi-confine", roaming: false, failover: false, isAvailable: true, simId: 0/10059
11-11 10:58:48.177   578   824 D ConnectivityService: getActiveNetworkInfo:NetworkInfo: type: WIFI[], state: CONNECTED/CONNECTED, reason: (unspecified), extra: "wifi-confine", roaming: false, failover: false, isAvailable: true, simId: 0/10059
11-11 10:58:48.179   578   898 D ConnectivityService: getActiveNetworkInfo:NetworkInfo: type: WIFI[], state: CONNECTED/CONNECTED, reason: (unspecified), extra: "wifi-confine", roaming: false, failover: false, isAvailable: true, simId: 0/10059
11-11 10:58:48.180   578   826 D ConnectivityService: getActiveNetworkInfo:NetworkInfo: type: WIFI[], state: CONNECTED/CONNECTED, reason: (unspecified), extra: "wifi-confine", roaming: false, failover: false, isAvailable: true, simId: 0/10059
11-11 10:58:48.201   578   800 D ConnectivityService: getActiveNetworkInfo:NetworkInfo: type: WIFI[], state: CONNECTED/CONNECTED, reason: (unspecified), extra: "wifi-confine", roaming: false, failover: false, isAvailable: true, simId: 0/10059
11-11 10:58:48.204   578   588 D ConnectivityService: getActiveNetworkInfo:NetworkInfo: type: WIFI[], state: CONNECTED/CONNECTED, reason: (unspecified), extra: "wifi-confine", roaming: false, failover: false, isAvailable: true, simId: 0/10059
11-11 10:58:48.206   578   971 D ConnectivityService: getActiveNetworkInfo:NetworkInfo: type: WIFI[], state: CONNECTED/CONNECTED, reason: (unspecified), extra: "wifi-confine", roaming: false, failover: false, isAvailable: true, simId: 0/10059
11-11 10:58:48.221   578   801 I ActivityManager: Start proc sogou.mobile.explorer.hotwords for broadcast com.sohu.inputmethod.sogou/sogou.mobile.explorer.hotwords.browser.SogouBrowserInstallReceiver: pid=31898 uid=10075 gids={50075, 3003, 1015, 1006, 1028}
11-11 10:58:48.229   578   593 D ConnectivityService: getActiveNetworkInfo:NetworkInfo: type: WIFI[], state: CONNECTED/CONNECTED, reason: (unspecified), extra: "wifi-confine", roaming: false, failover: false, isAvailable: true, simId: 0/10059
11-11 10:58:48.235   578   824 D ConnectivityService: getActiveNetworkInfo:NetworkInfo: type: WIFI[], state: CONNECTED/CONNECTED, reason: (unspecified), extra: "wifi-confine", roaming: false, failover: false, isAvailable: true, simId: 0/10059
11-11 10:58:48.283   578   588 V ActivityManager: Binding process pid 31898 to record ProcessRecord{42d1de90 31898:sogou.mobile.explorer.hotwords/u0a10075}
11-11 10:58:48.283   578   588 V ActivityManager: New death recipient com.android.server.am.ActivityManagerService$AppDeathRecipient@427d0f30 for thread android.os.BinderProxy@428f4768
11-11 10:58:48.284   578   588 I ProviderMap: getProviderByClass: ComponentInfo{com.sohu.inputmethod.sogou/sogou.mobile.explorer.hotwords.mini.download.DownloadProvider}, callingUid = 1000
11-11 10:58:48.284   578   588 I ProviderMap: putProviderByClass: ComponentInfo{com.sohu.inputmethod.sogou/sogou.mobile.explorer.hotwords.mini.download.DownloadProvider} , callingUid = 1000, record uid = 10075
11-11 10:58:48.284   578   588 I ProviderMap: getProviderByClass: ComponentInfo{com.sohu.inputmethod.sogou/sogou.mobile.explorer.hotwords.mini.cloud.db.CloudProvider}, callingUid = 1000
11-11 10:58:48.284   578   588 I ProviderMap: putProviderByClass: ComponentInfo{com.sohu.inputmethod.sogou/sogou.mobile.explorer.hotwords.mini.cloud.db.CloudProvider} , callingUid = 1000, record uid = 10075
11-11 10:58:48.285   578   588 V ActivityManager: New app record ProcessRecord{42d1de90 31898:sogou.mobile.explorer.hotwords/u0a10075} thread=android.os.BinderProxy@428f4768 pid=31898
11-11 10:58:48.329   578   578 D ConnectivityService: getActiveNetworkInfo:NetworkInfo: type: WIFI[], state: CONNECTED/CONNECTED, reason: (unspecified), extra: "wifi-confine", roaming: false, failover: false, isAvailable: true, simId: 0/10059
11-11 10:58:48.358   578   898 D ConnectivityService: getActiveNetworkInfo:NetworkInfo: type: WIFI[], state: CONNECTED/CONNECTED, reason: (unspecified), extra: "wifi-confine", roaming: false, failover: false, isAvailable: true, simId: 0/10029
11-11 10:58:48.359   578   895 D ConnectivityService: getActiveNetworkInfo:NetworkInfo: type: WIFI[], state: CONNECTED/CONNECTED, reason: (unspecified), extra: "wifi-confine", roaming: false, failover: false, isAvailable: true, simId: 0/10029
11-11 10:58:48.390   578   801 I ProviderMap: putProviderByClass: ComponentInfo{com.sohu.inputmethod.sogou/sogou.mobile.explorer.hotwords.mini.download.DownloadProvider} , callingUid = 1000, record uid = 10075
11-11 10:58:48.390   578   801 I ProviderMap: putProviderByName: sogou.mobile.explorer.hotwords.mini.download , callingUid = 1000, record uid = 10075
11-11 10:58:48.391   578   801 I ProviderMap: putProviderByClass: ComponentInfo{com.sohu.inputmethod.sogou/sogou.mobile.explorer.hotwords.mini.cloud.db.CloudProvider} , callingUid = 1000, record uid = 10075
11-11 10:58:48.391   578   801 I ProviderMap: putProviderByName: sogou.mobile.explorer.hotwords.mini.cloud.db , callingUid = 1000, record uid = 10075
11-11 10:58:48.425   578   826 W ActivityManager: Unable to start service Intent { act=com.sogou.pushservice.action.METHOD cmp=/com.sogou.udp.push.PushService (has extras) } U=0: not found
11-11 10:58:48.432   578   841 I ActivityManager: Start proc com.android.quicksearchbox for broadcast com.android.quicksearchbox/.CorporaUpdateReceiver: pid=31914 uid=10055 gids={50055, 3003, 1028}
11-11 10:58:48.461   578   897 V ActivityManager: Binding process pid 31914 to record ProcessRecord{42d61c50 31914:com.android.quicksearchbox/u0a10055}
11-11 10:58:48.461   578   897 V ActivityManager: New death recipient com.android.server.am.ActivityManagerService$AppDeathRecipient@435346f8 for thread android.os.BinderProxy@42549020
11-11 10:58:48.462   578   897 I ProviderMap: getProviderByClass: ComponentInfo{com.android.quicksearchbox/com.android.quicksearchbox.google.GoogleSuggestionProvider}, callingUid = 1000
11-11 10:58:48.462   578   897 I ProviderMap: putProviderByClass: ComponentInfo{com.android.quicksearchbox/com.android.quicksearchbox.google.GoogleSuggestionProvider} , callingUid = 1000, record uid = 10055
11-11 10:58:48.462   578   897 I ProviderMap: getProviderByClass: ComponentInfo{com.android.quicksearchbox/com.android.quicksearchbox.ShortcutsProvider}, callingUid = 1000
11-11 10:58:48.462   578   897 I ProviderMap: putProviderByClass: ComponentInfo{com.android.quicksearchbox/com.android.quicksearchbox.ShortcutsProvider} , callingUid = 1000, record uid = 10055
11-11 10:58:48.462   578   897 V ActivityManager: New app record ProcessRecord{42d61c50 31914:com.android.quicksearchbox/u0a10055} thread=android.os.BinderProxy@42549020 pid=31914
11-11 10:58:48.544   578   970 I ProviderMap: putProviderByClass: ComponentInfo{com.android.quicksearchbox/com.android.quicksearchbox.google.GoogleSuggestionProvider} , callingUid = 1000, record uid = 10055
11-11 10:58:48.544   578   970 I ProviderMap: putProviderByName: com.android.quicksearchbox.google , callingUid = 1000, record uid = 10055
11-11 10:58:48.544   578   970 I ProviderMap: putProviderByClass: ComponentInfo{com.android.quicksearchbox/com.android.quicksearchbox.ShortcutsProvider} , callingUid = 1000, record uid = 10055
11-11 10:58:48.544   578   970 I ProviderMap: putProviderByName: com.android.quicksearchbox.shortcuts , callingUid = 1000, record uid = 10055
11-11 10:58:49.008   578   970 V ActivityManager: Broadcast sticky: Intent { act=android.intent.action.SIG_STR flg=0x10 (has extras) } ordered=false userid=-1 callerApp=ProcessRecord{42697b88 578:system/1000}
11-11 10:58:49.635   578   801 I ProviderMap: getProviderByName: call_log , callingUid = 10024
11-11 10:58:49.635   578   801 W ActivityManager: Permission Denial: opening provider com.android.providers.contacts.CallLogProvider from ProcessRecord{426852d8 31829:com.miui.guardprovider/u0a10024} (pid=31829, uid=10024) requires android.permission.READ_CALL_LOG or android.permission.WRITE_CALL_LOG
11-11 10:58:49.646   578   578 D ConnectivityService: getActiveNetworkInfo:NetworkInfo: type: WIFI[], state: CONNECTED/CONNECTED, reason: (unspecified), extra: "wifi-confine", roaming: false, failover: false, isAvailable: true, simId: 0/10024
11-11 10:58:49.649   578   970 I ProviderMap: getProviderByName: settings , callingUid = 10024
11-11 10:58:49.649   578   970 W ContentProviderRecord: canRunHere: bCanRunHere=falseinfo.multiprocess=falseinfo.processName=systemapp.processName=com.miui.guardprovideruid=1000app.info.uid10024
11-11 10:58:49.662   578   578 D ConnectivityService: getActiveNetworkInfo:NetworkInfo: type: WIFI[], state: CONNECTED/CONNECTED, reason: (unspecified), extra: "wifi-confine", roaming: false, failover: false, isAvailable: true, simId: 0/10024
11-11 10:58:49.677   578   593 D ConnectivityService: getActiveNetworkInfo:NetworkInfo: type: WIFI[], state: CONNECTED/CONNECTED, reason: (unspecified), extra: "wifi-confine", roaming: false, failover: false, isAvailable: true, simId: 0/10024
11-11 10:58:49.693   578   800 D ConnectivityService: getActiveNetworkInfo:NetworkInfo: type: WIFI[], state: CONNECTED/CONNECTED, reason: (unspecified), extra: "wifi-confine", roaming: false, failover: false, isAvailable: true, simId: 0/10024
11-11 10:58:49.696   122   500 D FrameworkListener: dispatchCommand data = (getaddrinfo tls.dxsvr.com ^ 1024 0 1 0)
11-11 10:58:55.027   578   594 V ActivityManager: Broadcast sticky: Intent { act=android.intent.action.BATTERY_CHANGED flg=0x60000010 (has extras) } ordered=false userid=-1 callerApp=null
11-11 10:59:00.000   578   613 V AlarmManager: Native set alarm :Alarm{43959920 type 3 com.miui.providers.weather}
11-11 10:59:00.000   578   613 I AlarmManager: reset poweroff alarm none
11-11 10:59:00.001   578   613 V ActivityManager: Broadcast: Intent { act=android.intent.action.TIME_TICK flg=0x50000014 (has extras) } ordered=true userid=-1 callerApp=null
11-11 10:59:00.015   578   613 D PowerManagerDisplayController: requestPowerState: screenState=2, useProximitySensor=false, forceProximitySensorEnable=false, forceWakeUpEnable=false, screenBrightness=60, screenAutoBrightnessAdjustment=0.0, useAutoBrightness=false, useEcoBrightness=false, blockScreenOn=false, waitForNegativeProximity=false
11-11 10:59:00.015   578   613 I PowerManagerService: setBrightness mButtonLight 0.
11-11 10:59:00.015   578   594 V AlarmManager: Native set alarm :Alarm{435108e0 type 3 android}
11-11 10:59:00.071   578   594 D PowerManagerDisplayController: requestPowerState: screenState=2, useProximitySensor=false, forceProximitySensorEnable=false, forceWakeUpEnable=false, screenBrightness=60, screenAutoBrightnessAdjustment=0.0, useAutoBrightness=false, useEcoBrightness=false, blockScreenOn=false, waitForNegativeProximity=false
11-11 10:59:00.071   578   594 I PowerManagerService: setBrightness mButtonLight 0.
11-11 10:59:05.029   578   594 V ActivityManager: Broadcast sticky: Intent { act=android.intent.action.BATTERY_CHANGED flg=0x60000010 (has extras) } ordered=false userid=-1 callerApp=null
11-11 10:59:07.839   578   801 V ActivityManager: Broadcast sticky: Intent { act=android.intent.action.SIG_STR flg=0x10 (has extras) } ordered=false userid=-1 callerApp=ProcessRecord{42697b88 578:system/1000}
11-11 10:59:12.144   578   824 I ActivityManager: START u0 {act=android.intent.action.VIEW dat=file:///data/local/tmp/com.comtop.mim typ=application/vnd.android.package-archive flg=0x10000000 cmp=com.android.packageinstaller/.PackageInstallerActivity (has extras)} from pid 31940
11-11 10:59:12.147   578   824 D PowerManagerDisplayController: requestPowerState: screenState=2, useProximitySensor=false, forceProximitySensorEnable=false, forceWakeUpEnable=false, screenBrightness=60, screenAutoBrightnessAdjustment=0.0, useAutoBrightness=false, useEcoBrightness=false, blockScreenOn=false, waitForNegativeProximity=false
11-11 10:59:12.147   578   824 I PowerManagerService: setBrightness mButtonLight 0.
11-11 10:59:12.149   578   824 W ActivityManager: Unable to write /sys/module/mlog/parameters/do_mlog
11-11 10:59:12.167   578   824 I ActivityManager: Start proc com.android.packageinstaller for activity com.android.packageinstaller/.PackageInstallerActivity: pid=31953 uid=10050 gids={50050, 1028, 1015}
11-11 10:59:12.203   578   589 V ActivityManager: Binding process pid 31953 to record ProcessRecord{429ca448 31953:com.android.packageinstaller/u0a10050}
11-11 10:59:12.203   578   589 V ActivityManager: New death recipient com.android.server.am.ActivityManagerService$AppDeathRecipient@42d47fd8 for thread android.os.BinderProxy@42c88f20
11-11 10:59:12.203   578   589 V ActivityManager: New app record ProcessRecord{429ca448 31953:com.android.packageinstaller/u0a10050} thread=android.os.BinderProxy@42c88f20 pid=31953
11-11 10:59:12.206   578   589 V ActivityManager: ACT-Launching: ActivityRecord{4351e3b8 u0 com.android.packageinstaller/.PackageInstallerActivity}
11-11 10:59:12.223   578   589 V WindowManager: Changing focus from Window{42a7c370 u0 com.miui.home/com.miui.home.launcher.Launcher} to null
11-11 10:59:12.227   677   677 D PhoneStatusBar: disable: < expand icons alerts ticker system_info back home recent clock >
11-11 10:59:12.229   578   643 V NetworkStats: setKernelCounterSet uid=10050 set=1
11-11 10:59:12.230   578   643 D ConnectivityService: onUidRulesChanged(uid=10050, uidRules=0)
11-11 10:59:12.237   578   596 I WindowManager: Losing focus: Window{42a7c370 u0 com.miui.home/com.miui.home.launcher.Launcher}
11-11 10:59:12.373   578   800 I ProviderMap: getProviderByName: com.xiaomi.gamecenter.miui.recommend , callingUid = 10050
11-11 10:59:12.374   578   800 W ContentProviderRecord: canRunHere: bCanRunHere=falseinfo.multiprocess=falseinfo.processName=com.xiaomi.gamecenterapp.processName=com.android.packageinstalleruid=10021app.info.uid10050
11-11 10:59:12.374   578   800 D ActivityManager: getContentProviderImpl: updateLruProcessLocked cpr.proc=ProcessRecord{43963c68 31804:com.xiaomi.gamecenter/u0a10021}
11-11 10:59:12.378   578   588 D ConnectivityService: getActiveNetworkInfo:NetworkInfo: type: WIFI[], state: CONNECTED/CONNECTED, reason: (unspecified), extra: "wifi-confine", roaming: false, failover: false, isAvailable: true, simId: 0/10021
11-11 10:59:12.527   578   971 D ConnectivityService: getActiveNetworkInfo:NetworkInfo: type: WIFI[], state: CONNECTED/CONNECTED, reason: (unspecified), extra: "wifi-confine", roaming: false, failover: false, isAvailable: true, simId: 0/10021
11-11 10:59:12.530   578   898 D ConnectivityService: getActiveNetworkInfo:NetworkInfo: type: WIFI[], state: CONNECTED/CONNECTED, reason: (unspecified), extra: "wifi-confine", roaming: false, failover: false, isAvailable: true, simId: 0/10021
11-11 10:59:12.583   122   500 D FrameworkListener: dispatchCommand data = (getaddrinfo app.migc.xiaomi.com ^ 1024 0 1 0)
11-11 10:59:12.694   578   842 I ActivityManager: Start proc com.android.thememanager for service com.android.thememanager/.service.ThemeService: pid=31974 uid=9801 gids={49801, 2001, 3003, 1015, 1028}
11-11 10:59:12.707   578   801 I ProviderMap: getProviderByName: settings , callingUid = 10050
11-11 10:59:12.707   578   801 W ContentProviderRecord: canRunHere: bCanRunHere=falseinfo.multiprocess=falseinfo.processName=systemapp.processName=com.android.packageinstalleruid=1000app.info.uid10050
11-11 10:59:12.708   578   801 D ActivityManager: getContentProviderImpl: updateLruProcessLocked cpr.proc=ProcessRecord{42697b88 578:system/1000}
11-11 10:59:12.731   578   801 V ActivityManager: Binding process pid 31974 to record ProcessRecord{434c9528 31974:com.android.thememanager/9801}
11-11 10:59:12.731   578   801 V ActivityManager: New death recipient com.android.server.am.ActivityManagerService$AppDeathRecipient@42d33410 for thread android.os.BinderProxy@42cecbd0
11-11 10:59:12.732   578   801 I ProviderMap: getProviderByClass: ComponentInfo{com.android.thememanager/com.android.thememanager.service.ThemeRuntimeDataProvider}, callingUid = 1000
11-11 10:59:12.732   578   801 I ProviderMap: putProviderByClass: ComponentInfo{com.android.thememanager/com.android.thememanager.service.ThemeRuntimeDataProvider} , callingUid = 1000, record uid = 9801
11-11 10:59:12.732   578   801 V ActivityManager: New app record ProcessRecord{434c9528 31974:com.android.thememanager/9801} thread=android.os.BinderProxy@42cecbd0 pid=31974
11-11 10:59:12.746   578   897 I ProviderMap: getProviderByName: com.android.settings.cloud.compatibility.install , callingUid = 10050
11-11 10:59:12.746   578   897 W ContentProviderRecord: canRunHere: bCanRunHere=falseinfo.multiprocess=falseinfo.processName=com.android.settingsapp.processName=com.android.packageinstalleruid=1000app.info.uid10050
11-11 10:59:12.746   578   897 D ActivityManager: getContentProviderImpl: updateLruProcessLocked cpr.proc=ProcessRecord{42767ed0 925:com.android.settings/1000}
11-11 10:59:12.756   578   801 I ProviderMap: getProviderByName: guard , callingUid = 10050
11-11 10:59:12.756   578   801 W ContentProviderRecord: canRunHere: bCanRunHere=falseinfo.multiprocess=falseinfo.processName=com.miui.guardproviderapp.processName=com.android.packageinstalleruid=10024app.info.uid10050
11-11 10:59:12.756   578   801 D ActivityManager: getContentProviderImpl: updateLruProcessLocked cpr.proc=ProcessRecord{426852d8 31829:com.miui.guardprovider/u0a10024}
11-11 10:59:12.829   578   895 I ProviderMap: putProviderByClass: ComponentInfo{com.android.thememanager/com.android.thememanager.service.ThemeRuntimeDataProvider} , callingUid = 1000, record uid = 9801
11-11 10:59:12.830   578   895 I ProviderMap: putProviderByName: com.android.thememanager.provider , callingUid = 1000, record uid = 9801
11-11 10:59:12.851   578   842 I ProviderMap: getProviderByName: downloads , callingUid = 9801
11-11 10:59:12.851   578   842 W ContentProviderRecord: canRunHere: bCanRunHere=falseinfo.multiprocess=falseinfo.processName=android.process.mediaapp.processName=com.android.thememanageruid=10015app.info.uid9801
11-11 10:59:12.852   578   842 D ActivityManager: getContentProviderImpl: updateLruProcessLocked cpr.proc=ProcessRecord{42948c48 1242:android.process.media/u0a10015}
11-11 10:59:12.908   578   578 D ConnectivityService: getActiveNetworkInfo:NetworkInfo: type: WIFI[], state: CONNECTED/CONNECTED, reason: (unspecified), extra: "wifi-confine", roaming: false, failover: false, isAvailable: true, simId: 0/9801
11-11 10:59:12.911   578   800 D ConnectivityService: getActiveNetworkInfo:NetworkInfo: type: WIFI[], state: CONNECTED/CONNECTED, reason: (unspecified), extra: "wifi-confine", roaming: false, failover: false, isAvailable: true, simId: 0/9801
11-11 10:59:12.933   578   971 D ConnectivityService: getActiveNetworkInfo:NetworkInfo: type: WIFI[], state: CONNECTED/CONNECTED, reason: (unspecified), extra: "wifi-confine", roaming: false, failover: false, isAvailable: true, simId: 0/9801
11-11 10:59:12.935   578   826 D ConnectivityService: getActiveNetworkInfo:NetworkInfo: type: WIFI[], state: CONNECTED/CONNECTED, reason: (unspecified), extra: "wifi-confine", roaming: false, failover: false, isAvailable: true, simId: 0/9801
11-11 10:59:12.937   578   589 D ConnectivityService: getActiveNetworkInfo:NetworkInfo: type: WIFI[], state: CONNECTED/CONNECTED, reason: (unspecified), extra: "wifi-confine", roaming: false, failover: false, isAvailable: true, simId: 0/9801
11-11 10:59:12.945   578   578 I ProviderMap: getProviderByName: settings , callingUid = 9801
11-11 10:59:12.945   578   578 W ContentProviderRecord: canRunHere: bCanRunHere=falseinfo.multiprocess=falseinfo.processName=systemapp.processName=com.android.thememanageruid=1000app.info.uid9801
11-11 10:59:12.945   578   578 D ActivityManager: getContentProviderImpl: updateLruProcessLocked cpr.proc=ProcessRecord{42697b88 578:system/1000}
11-11 10:59:12.962   578   971 D ConnectivityService: getActiveNetworkInfo:NetworkInfo: type: WIFI[], state: CONNECTED/CONNECTED, reason: (unspecified), extra: "wifi-confine", roaming: false, failover: false, isAvailable: true, simId: 0/9801
11-11 10:59:12.963   578   826 D ConnectivityService: getActiveNetworkInfo:NetworkInfo: type: WIFI[], state: CONNECTED/CONNECTED, reason: (unspecified), extra: "wifi-confine", roaming: false, failover: false, isAvailable: true, simId: 0/9801
11-11 10:59:12.965   578   589 D ConnectivityService: getActiveNetworkInfo:NetworkInfo: type: WIFI[], state: CONNECTED/CONNECTED, reason: (unspecified), extra: "wifi-confine", roaming: false, failover: false, isAvailable: true, simId: 0/9801
11-11 10:59:12.986   578   824 D ConnectivityService: getActiveNetworkInfo:NetworkInfo: type: WIFI[], state: CONNECTED/CONNECTED, reason: (unspecified), extra: "wifi-confine", roaming: false, failover: false, isAvailable: true, simId: 0/9801
11-11 10:59:12.988   578   971 D ConnectivityService: getActiveNetworkInfo:NetworkInfo: type: WIFI[], state: CONNECTED/CONNECTED, reason: (unspecified), extra: "wifi-confine", roaming: false, failover: false, isAvailable: true, simId: 0/9801
11-11 10:59:13.048   578   897 D ConnectivityService: getActiveNetworkInfo:NetworkInfo: type: WIFI[], state: CONNECTED/CONNECTED, reason: (unspecified), extra: "wifi-confine", roaming: false, failover: false, isAvailable: true, simId: 0/9801
11-11 10:59:13.334   578   578 V WindowManager: Changing focus from null to Window{4363d738 u0 com.android.packageinstaller/com.android.packageinstaller.PackageInstallerActivity}
11-11 10:59:13.342   578   596 I WindowManager: Gaining focus: Window{4363d738 u0 com.android.packageinstaller/com.android.packageinstaller.PackageInstallerActivity}
11-11 10:59:13.456   578   970 V InputMethodManagerService: windowGainedFocus: android.os.BinderProxy@434b0f90 controlFlags=#105 softInputMode=#110 windowFlags=#9810100
11-11 10:59:13.457   578   800 V InputMethodManagerService: Current IMS pid=745
11-11 10:59:13.471   578   596 W ActivityManager: Unable to write /sys/module/mlog/parameters/do_mlog
11-11 10:59:13.471   578   596 V ActivityManager: Stopping ActivityRecord{4294d9f8 u0 com.miui.home/.launcher.Launcher}: nowVisible=true waitingVisible=true finishing=false
11-11 10:59:13.501   578   824 V ActivityManager: Activity idle: Token{4350f170 ActivityRecord{4351e3b8 u0 com.android.packageinstaller/.PackageInstallerActivity}}
11-11 10:59:13.502   578   824 D PowerManagerDisplayController: requestPowerState: screenState=2, useProximitySensor=false, forceProximitySensorEnable=false, forceWakeUpEnable=false, screenBrightness=60, screenAutoBrightnessAdjustment=0.0, useAutoBrightness=false, useEcoBrightness=false, blockScreenOn=false, waitForNegativeProximity=false
11-11 10:59:13.502   578   824 I PowerManagerService: setBrightness mButtonLight 0.
11-11 10:59:13.502   578   824 V ActivityManager: Stopping ActivityRecord{4294d9f8 u0 com.miui.home/.launcher.Launcher}: nowVisible=true waitingVisible=false finishing=false
11-11 10:59:13.502   578   824 V ActivityManager: Ready to stop: ActivityRecord{4294d9f8 u0 com.miui.home/.launcher.Launcher}
11-11 10:59:13.525   578   826 V ActivityManager: Activity stopped: token=Token{4294dba8 ActivityRecord{4294d9f8 u0 com.miui.home/.launcher.Launcher}}
11-11 10:59:14.093   578   826 W ActivityManager: Unable to start service Intent { cmp=sogou.mobile.explorer/.ActivateBrowserService } U=0: not found
11-11 10:59:14.102   578   841 D ConnectivityService: getActiveNetworkInfo:NetworkInfo: type: WIFI[], state: CONNECTED/CONNECTED, reason: (unspecified), extra: "wifi-confine", roaming: false, failover: false, isAvailable: true, simId: 0/10075
11-11 10:59:14.103   578   589 D ConnectivityService: getActiveNetworkInfo:NetworkInfo: type: WIFI[], state: CONNECTED/CONNECTED, reason: (unspecified), extra: "wifi-confine", roaming: false, failover: false, isAvailable: true, simId: 0/10075
11-11 10:59:14.195   578   826 I ProviderMap: getProviderByName: settings , callingUid = 10075
11-11 10:59:14.195   578   826 W ContentProviderRecord: canRunHere: bCanRunHere=falseinfo.multiprocess=falseinfo.processName=systemapp.processName=sogou.mobile.explorer.hotwordsuid=1000app.info.uid10075
11-11 10:59:15.026   578   594 V ActivityManager: Broadcast sticky: Intent { act=android.intent.action.BATTERY_CHANGED flg=0x60000010 (has extras) } ordered=false userid=-1 callerApp=null
11-11 10:59:15.794   578   622 D PowerManagerNotifier: onUserActivity: event=2, uid=1000
11-11 10:59:15.794   578   622 D PowerManagerDisplayController: requestPowerState: screenState=2, useProximitySensor=false, forceProximitySensorEnable=false, forceWakeUpEnable=false, screenBrightness=60, screenAutoBrightnessAdjustment=0.0, useAutoBrightness=false, useEcoBrightness=false, blockScreenOn=false, waitForNegativeProximity=false
11-11 10:59:15.794   578   622 I PowerManagerService: setBrightness mButtonLight 0.
11-11 10:59:15.854   578   588 D PowerManagerDisplayController: requestPowerState: screenState=2, useProximitySensor=false, forceProximitySensorEnable=false, forceWakeUpEnable=false, screenBrightness=60, screenAutoBrightnessAdjustment=0.0, useAutoBrightness=false, useEcoBrightness=false, blockScreenOn=false, waitForNegativeProximity=false
11-11 10:59:15.854   578   588 I PowerManagerService: setBrightness mButtonLight 0.
11-11 10:59:15.873   578   970 V WindowManager: Changing focus from Window{4363d738 u0 com.android.packageinstaller/com.android.packageinstaller.PackageInstallerActivity} to null
11-11 10:59:15.880   578   596 I WindowManager: Losing focus: Window{4363d738 u0 com.android.packageinstaller/com.android.packageinstaller.PackageInstallerActivity}
11-11 10:59:15.882   578   897 V ActivityManager: Broadcast: Intent { act=android.intent.action.APPLICATION_MESSAGE_QUERY flg=0x10 } ordered=false userid=0 callerApp=ProcessRecord{42cb1dd8 855:com.miui.home/u0a10039}
11-11 10:59:15.898   578   897 V WindowManager: Changing focus from null to Window{42a7c370 u0 com.miui.home/com.miui.home.launcher.Launcher}
11-11 10:59:15.901   578   596 I WindowManager: Gaining focus: Window{42a7c370 u0 com.miui.home/com.miui.home.launcher.Launcher}
11-11 10:59:15.913   677   677 D PhoneStatusBar: disable: < expand icons alerts ticker system_info back home recent clock >
11-11 10:59:15.914   578   601 I ProviderMap: getProviderByName: guard , callingUid = 1000
11-11 10:59:15.914   578   601 W ContentProviderRecord: canRunHere: bCanRunHere=falseinfo.multiprocess=falseinfo.processName=com.miui.guardproviderapp.processName=systemuid=10024app.info.uid1000
11-11 10:59:15.915   578   601 D ActivityManager: getContentProviderImpl: updateLruProcessLocked cpr.proc=ProcessRecord{426852d8 31829:com.miui.guardprovider/u0a10024}
11-11 10:59:15.922   578   841 V InputMethodManagerService: windowGainedFocus: android.os.BinderProxy@42984f08 controlFlags=#105 softInputMode=#23 windowFlags=#9900100
11-11 10:59:15.938   578   601 I PackageManager: Start copying apk
11-11 10:59:15.942   578   601 I ProviderMap: getProviderByName:  , callingUid = 1000
11-11 10:59:15.942   578   601 W ActivityManager: No content provider found for permission revoke: file:///data/local/tmp/com.comtop.mim
11-11 10:59:15.959   578   593 D ConnectivityService: getActiveNetworkInfo:NetworkInfo: type: WIFI[], state: CONNECTED/CONNECTED, reason: (unspecified), extra: "wifi-confine", roaming: false, failover: false, isAvailable: true, simId: 0/10075
11-11 10:59:15.960   578   897 D ConnectivityService: getActiveNetworkInfo:NetworkInfo: type: WIFI[], state: CONNECTED/CONNECTED, reason: (unspecified), extra: "wifi-confine", roaming: false, failover: false, isAvailable: true, simId: 0/10075
11-11 10:59:16.014   578   895 V ActivityManager: Activity idle: Token{4294dba8 ActivityRecord{4294d9f8 u0 com.miui.home/.launcher.Launcher}}
11-11 10:59:16.015   578   895 D PowerManagerDisplayController: requestPowerState: screenState=2, useProximitySensor=false, forceProximitySensorEnable=false, forceWakeUpEnable=false, screenBrightness=60, screenAutoBrightnessAdjustment=0.0, useAutoBrightness=false, useEcoBrightness=false, blockScreenOn=false, waitForNegativeProximity=false
11-11 10:59:16.015   578   895 I PowerManagerService: setBrightness mButtonLight 0.
11-11 10:59:16.015   578   895 V ActivityManager: Stopping ActivityRecord{4351e3b8 u0 com.android.packageinstaller/.PackageInstallerActivity}: nowVisible=false waitingVisible=true finishing=true
11-11 10:59:16.056   578   601 I ProviderMap: getProviderByName:  , callingUid = 1000
11-11 10:59:16.056   578   601 W ActivityManager: No content provider found for permission revoke: file:///data/local/tmp/com.comtop.mim
11-11 10:59:16.056   578   601 I PackageManager: Copying native libraries to /data/app-lib/vmdl1169237624
11-11 10:59:16.086   578   824 V ActivityManager: Broadcast sticky: Intent { act=android.intent.action.SIG_STR flg=0x10 (has extras) } ordered=false userid=-1 callerApp=ProcessRecord{42697b88 578:system/1000}
11-11 10:59:16.115   578   601 I PackageManager: Apk copy done
11-11 10:59:16.457   578   596 D ActivityManager: ACT-IDLE_NOW_MSG from windowsVisible() for idle: ActivityRecord{4294d9f8 u0 com.miui.home/.launcher.Launcher}
11-11 10:59:16.458   578   594 V ActivityManager: Activity idle: null
11-11 10:59:16.458   578   594 V ActivityManager: Stopping ActivityRecord{4351e3b8 u0 com.android.packageinstaller/.PackageInstallerActivity}: nowVisible=true waitingVisible=false finishing=true
11-11 10:59:16.458   578   594 V ActivityManager: Ready to stop: ActivityRecord{4351e3b8 u0 com.android.packageinstaller/.PackageInstallerActivity}
11-11 10:59:16.465   578   643 V NetworkStats: setKernelCounterSet uid=10050 set=0
11-11 10:59:16.465   578   643 D ConnectivityService: onUidRulesChanged(uid=10050, uidRules=0)
11-11 10:59:17.635   578   601 I SELinuxMMAC: package (com.comtop.mim) labeled with seinfo=default
11-11 10:59:17.654   578   601 I PackageManager: Perform pre-dex opt for package: com.comtop.mim
11-11 10:59:17.655   578   601 I PackageManager: Running dexopt on: com.comtop.mim
11-11 10:59:21.567   578   601 I PackageManager: Dexopt done on: com.comtop.mim
11-11 10:59:21.567   578   597 I ActivityManager: Force stopping package com.comtop.mim appid=10078 user=-1
11-11 10:59:21.574   578   594 V ActivityManager: Activity idle: null
11-11 10:59:21.640   578   601 W PackageManager: Unknown permission android.permission.READ_SETTINGS in package com.comtop.mim
11-11 10:59:21.640   578   601 W PackageManager: Unknown permission android.permission.SYSTEM_OVERLAY_WINDOW in package com.comtop.mim
11-11 10:59:21.640   578   601 W PackageManager: Unknown permission android.permission.REQUEST_IGNORE_BATTERY_OPTIMIZATIONS in package com.comtop.mim
11-11 10:59:21.683   578   601 V ActivityManager: Broadcast: Intent { act=android.intent.action.PACKAGE_ADDED dat=package:com.comtop.mim flg=0x8000010 (has extras) } ordered=false userid=0 callerApp=null
11-11 10:59:21.688   578   643 V NetworkPolicy: ACTION_PACKAGE_ADDED for uid=10078
11-11 10:59:21.688   578   643 D ConnectivityService: onUidRulesChanged(uid=10078, uidRules=0)
11-11 10:59:21.776   578   606 V ActivityManager: Broadcast: Intent { act=mom.action.PACKAGE_CHANGE flg=0x10 (has extras) } ordered=false userid=0 callerApp=ProcessRecord{42697b88 578:system/1000}
11-11 10:59:21.839   578   801 V ActivityManager: Broadcast: Intent { act=com.xiaomi.wali.package.add flg=0x10 (has extras) } ordered=false userid=0 callerApp=ProcessRecord{43963c68 31804:com.xiaomi.gamecenter/u0a10021}
11-11 10:59:22.104  1029 32037 W ApplicationContext: Calling a method in the system process without a qualified user: android.app.ContextImpl.bindService:1563 android.content.ContextWrapper.bindService:473 miui.content.res.ThemeRuntimeManager.bindService:67 miui.content.res.ThemeRuntimeManager.access$300:26 miui.content.res.ThemeRuntimeManager$ThemeServiceThread.run:120 
11-11 10:59:22.146   578   609 V ActivityManager: Broadcast: Intent { act=android.search.action.SEARCHABLES_CHANGED flg=0x28000010 } ordered=false userid=0 callerApp=ProcessRecord{42697b88 578:system/1000}
11-11 10:59:22.152   578   609 W RecognitionManagerService: no available voice recognition services found for user 0
