11-11 11:01:24.555   127   227 I BufferQueue: [FramebufferSurface](this:0x4250c008,api:1) [release] fps:3.29, dur:1520.76, max:696.72, min:201.20
11-11 11:01:24.555   127   227 I BufferQueue: [FramebufferSurface](this:0x4250c008,api:1) [queue] fps:3.29, dur:1520.76, max:696.76, min:201.16
11-11 11:01:24.556   127   227 I SurfaceFlinger: [SurfaceFlinger] fps:3.287837,dur:1520.76,max:696.80,min:201.15
11-11 11:01:24.835   677   677 D StatusBar.NetworkControllerGemini: mNetworkName, sim1Inserted is false, sim2Inserted is true.networkname[0]=;networkname[1]=
11-11 11:01:24.845   677   677 D StatusBar.NetworkControllerGemini: mNetworkName, sim1Inserted is false, sim2Inserted is true.networkname[0]=;networkname[1]=
11-11 11:01:25.025   578   610 D BatteryService: mBatteryVoltage=3875
11-11 11:01:25.025   578   610 E BatteryService: Enter GetStatus success
11-11 11:01:25.025   578   610 E BatteryService: ioctl ok: 281
11-11 11:01:25.027   578   594 V ActivityManager: Broadcast sticky: Intent { act=android.intent.action.BATTERY_CHANGED flg=0x60000010 (has extras) } ordered=false userid=-1 callerApp=null
11-11 11:01:25.040   762   762 D Bluetooth HS/HF: [BT][HFG] [API] mStateReceiver.onReceive(android.intent.action.BATTERY_CHANGED)
11-11 11:01:25.040   762  1417 D Bluetooth HS/HF: [BT][HFG] [API] mHandler.handleMessage(9)
11-11 11:01:25.041   762  1417 D Bluetooth HS/HF: [BT][HFG] [API] updateBatteryState
11-11 11:01:25.043   578   610 E BatteryService: Enter GetStatus success
11-11 11:01:25.043   578   610 E BatteryService: ioctl ok: 281
11-11 11:01:25.044   578   610 E BatteryService: Enter GetStatus success
11-11 11:01:25.044   578   610 E BatteryService: ioctl ok: 281
11-11 11:01:25.045  1029  1029 D BatteryInfoReceiver: 53
11-11 11:01:25.732   677   677 I SurfaceTextureClient: [STC::queueBuffer] (this:0x5c22cdc0) fps:3.36, dur:1192.17, max:679.75, min:108.27
11-11 11:01:25.732   127   127 I BufferQueue: [StatusBar](this:0x45a36108,api:1) [queue] fps:3.36, dur:1192.09, max:679.83, min:108.27
11-11 11:01:25.746   127   227 I BufferQueue: [StatusBar](this:0x45a36108,api:1) [release] fps:3.36, dur:1191.21, max:678.09, min:109.93
11-11 11:01:25.747   127   227 I SurfaceTextureClient: [STC::queueBuffer] (this:0x424ca8c8) fps:3.36, dur:1191.20, max:677.61, min:109.78
11-11 11:01:25.747   127   227 I BufferQueue: [FramebufferSurface](this:0x4250c008,api:1) [release] fps:3.36, dur:1191.20, max:677.68, min:109.78
11-11 11:01:25.747   127   227 I BufferQueue: [FramebufferSurface](this:0x4250c008,api:1) [queue] fps:3.36, dur:1191.20, max:677.72, min:109.77
11-11 11:01:25.747   127   227 I SurfaceFlinger: [SurfaceFlinger] fps:3.357958,dur:1191.20,max:677.74,min:109.78
11-11 11:01:26.194   578   645 D WifiNative-wlan0: doString: SIGNAL_POLL
11-11 11:01:26.210   578   645 V WifiManager: calculateSignalLevel(),numLevels = 5
11-11 11:01:26.739   677   677 I SurfaceTextureClient: [STC::queueBuffer] (this:0x5c22cdc0) fps:4.97, dur:1006.74, max:201.64, min:200.86
11-11 11:01:26.739   127   127 I BufferQueue: [StatusBar](this:0x45a36108,api:1) [queue] fps:4.97, dur:1006.73, max:201.72, min:200.85
11-11 11:01:26.754   127   227 I BufferQueue: [StatusBar](this:0x45a36108,api:1) [release] fps:4.96, dur:1007.93, max:201.63, min:201.55
11-11 11:01:26.755   127   227 I SurfaceTextureClient: [STC::queueBuffer] (this:0x424ca8c8) fps:4.96, dur:1008.19, max:202.08, min:201.35
11-11 11:01:26.755   127   227 I BufferQueue: [FramebufferSurface](this:0x4250c008,api:1) [release] fps:4.96, dur:1008.20, max:202.08, min:201.35
11-11 11:01:26.755   127   227 I BufferQueue: [FramebufferSurface](this:0x4250c008,api:1) [queue] fps:4.96, dur:1008.20, max:202.08, min:201.35
11-11 11:01:26.755   127   227 I SurfaceFlinger: [SurfaceFlinger] fps:4.959345,dur:1008.20,max:202.07,min:201.36
11-11 11:01:27.747   677   677 I SurfaceTextureClient: [STC::queueBuffer] (this:0x5c22cdc0) fps:4.96, dur:1008.32, max:201.97, min:201.51
11-11 11:01:27.747   127  1180 I BufferQueue: [StatusBar](this:0x45a36108,api:1) [queue] fps:4.96, dur:1008.32, max:202.04, min:201.51
11-11 11:01:27.762   127   227 I BufferQueue: [StatusBar](this:0x45a36108,api:1) [release] fps:4.96, dur:1007.93, max:201.69, min:201.48
11-11 11:01:27.763   127   227 I SurfaceTextureClient: [STC::queueBuffer] (this:0x424ca8c8) fps:4.96, dur:1007.92, max:202.21, min:201.22
11-11 11:01:27.763   127   227 I BufferQueue: [FramebufferSurface](this:0x4250c008,api:1) [release] fps:4.96, dur:1007.92, max:202.21, min:201.18
11-11 11:01:27.763   127   227 I BufferQueue: [FramebufferSurface](this:0x4250c008,api:1) [queue] fps:4.96, dur:1007.92, max:202.22, min:201.14
11-11 11:01:27.763   127   227 I SurfaceFlinger: [SurfaceFlinger] fps:4.960705,dur:1007.92,max:202.21,min:201.14
11-11 11:01:28.851   677   677 D StatusBar.NetworkControllerGemini: mNetworkName, sim1Inserted is false, sim2Inserted is true.networkname[0]=;networkname[1]=
11-11 11:01:28.867   677   677 D StatusBar.NetworkControllerGemini: mNetworkName, sim1Inserted is false, sim2Inserted is true.networkname[0]=;networkname[1]=
11-11 11:01:28.873   677   677 I SurfaceTextureClient: [STC::queueBuffer] (this:0x5c22cdc0) fps:2.66, dur:1126.19, max:696.41, min:201.18
11-11 11:01:28.873   127  1180 I BufferQueue: [StatusBar](this:0x45a36108,api:1) [queue] fps:2.66, dur:1126.07, max:696.82, min:201.20
11-11 11:01:28.879   127   227 I BufferQueue: [StatusBar](this:0x45a36108,api:1) [release] fps:2.68, dur:1117.62, max:696.40, min:201.60
11-11 11:01:28.880   127   227 I SurfaceTextureClient: [STC::queueBuffer] (this:0x424ca8c8) fps:2.69, dur:1117.03, max:696.41, min:201.55
11-11 11:01:28.880   127   227 I BufferQueue: [FramebufferSurface](this:0x4250c008,api:1) [release] fps:2.69, dur:1116.97, max:696.41, min:201.47
11-11 11:01:28.880   127   227 I BufferQueue: [FramebufferSurface](this:0x4250c008,api:1) [queue] fps:2.69, dur:1116.97, max:696.41, min:201.44
11-11 11:01:28.880   127   227 I SurfaceFlinger: [SurfaceFlinger] fps:2.685909,dur:1116.94,max:696.41,min:201.43
11-11 11:01:29.071   578   800 V ActivityManager: Broadcast sticky: Intent { act=android.intent.action.SIG_STR flg=0x10 (has extras) } ordered=false userid=-1 callerApp=ProcessRecord{42697b88 578:system/1000}
11-11 11:01:29.072   677   677 D StatusBar.NetworkControllerGemini: PhoneStateListener:onSignalStrengthsChanged, sim2 before.
11-11 11:01:29.072   677   677 D StatusBar.NetworkControllerGemini: PhoneStateListener:onSignalStrengthsChanged, signalStrength=5
11-11 11:01:29.076   677   677 D StatusBar.NetworkControllerGemini: mNetworkName, sim1Inserted is false, sim2Inserted is true.networkname[0]=;networkname[1]=
11-11 11:01:29.076   677   677 D StatusBar.NetworkControllerGemini: PhoneStateListener:onSignalStrengthsChanged, sim2 after.
11-11 11:01:29.080   762   762 D Bluetooth HS/HF: [BT][HFG] [API] mStateReceiver.onReceive(android.intent.action.SIG_STR)
11-11 11:01:29.080   762  1417 D Bluetooth HS/HF: [BT][HFG] [API] mHandler.handleMessage(10)
11-11 11:01:29.212   578   645 D WifiNative-wlan0: doString: SIGNAL_POLL
11-11 11:01:29.230   578   645 V WifiManager: calculateSignalLevel(),numLevels = 5
11-11 11:01:29.887   127   227 I BufferQueue: [StatusBar](this:0x45a36108,api:1) [release] fps:4.96, dur:1008.19, max:201.93, min:201.52
11-11 11:01:29.888   127   227 I SurfaceTextureClient: [STC::queueBuffer] (this:0x424ca8c8) fps:4.96, dur:1008.53, max:202.51, min:201.29
11-11 11:01:29.888   127   227 I BufferQueue: [FramebufferSurface](this:0x4250c008,api:1) [release] fps:4.96, dur:1008.65, max:202.50, min:201.29
11-11 11:01:29.888   127   227 I BufferQueue: [FramebufferSurface](this:0x4250c008,api:1) [queue] fps:4.96, dur:1008.66, max:202.46, min:201.29
11-11 11:01:29.888   127   227 I SurfaceFlinger: [SurfaceFlinger] fps:4.956933,dur:1008.69,max:202.49,min:201.29
11-11 11:01:30.074   677   677 I SurfaceTextureClient: [STC::queueBuffer] (this:0x5c22cdc0) fps:5.00, dur:1200.73, max:201.75, min:192.90
11-11 11:01:30.074   127  1332 I BufferQueue: [StatusBar](this:0x45a36108,api:1) [queue] fps:5.00, dur:1200.84, max:201.75, min:192.95
11-11 11:01:30.895   127   227 I BufferQueue: [StatusBar](this:0x45a36108,api:1) [release] fps:4.96, dur:1007.93, max:201.62, min:201.56
11-11 11:01:30.896   127   227 I SurfaceTextureClient: [STC::queueBuffer] (this:0x424ca8c8) fps:4.96, dur:1007.92, max:202.01, min:201.33
11-11 11:01:30.896   127   227 I BufferQueue: [FramebufferSurface](this:0x4250c008,api:1) [release] fps:4.96, dur:1007.86, max:201.88, min:201.33
11-11 11:01:30.896   127   227 I BufferQueue: [FramebufferSurface](this:0x4250c008,api:1) [queue] fps:4.96, dur:1007.85, max:201.84, min:201.33
11-11 11:01:30.896   127   227 I SurfaceFlinger: [SurfaceFlinger] fps:4.961073,dur:1007.85,max:201.82,min:201.33
11-11 11:01:31.577   677   677 I SurfaceTextureClient: [STC::queueBuffer] (this:0x5c22cdc0) fps:3.33, dur:1503.39, max:696.91, min:201.54
11-11 11:01:31.578   127   424 I BufferQueue: [StatusBar](this:0x45a36108,api:1) [queue] fps:3.33, dur:1503.40, max:696.98, min:201.46
11-11 11:01:31.864   677   677 D StatusBar.NetworkControllerGemini: mNetworkName, sim1Inserted is false, sim2Inserted is true.networkname[0]=;networkname[1]=
11-11 11:01:31.879   677   677 D StatusBar.NetworkControllerGemini: mNetworkName, sim1Inserted is false, sim2Inserted is true.networkname[0]=;networkname[1]=
11-11 11:01:31.995   127   227 I BufferQueue: [StatusBar](this:0x45a36108,api:1) [release] fps:2.73, dur:1099.58, max:696.41, min:201.57
11-11 11:01:31.996   127   227 I SurfaceTextureClient: [STC::queueBuffer] (this:0x424ca8c8) fps:2.73, dur:1099.59, max:696.61, min:201.42
11-11 11:01:31.996   127   227 I BufferQueue: [FramebufferSurface](this:0x4250c008,api:1) [release] fps:2.73, dur:1099.60, max:696.53, min:201.50
11-11 11:01:31.996   127   227 I BufferQueue: [FramebufferSurface](this:0x4250c008,api:1) [queue] fps:2.73, dur:1099.60, max:696.50, min:201.53
11-11 11:01:31.996   127   227 I SurfaceFlinger: [SurfaceFlinger] fps:2.728268,dur:1099.60,max:696.49,min:201.54
11-11 11:01:32.234   578   645 D WifiNative-wlan0: doString: SIGNAL_POLL
11-11 11:01:32.251   578   645 V WifiManager: calculateSignalLevel(),numLevels = 5
11-11 11:01:32.585   677   677 I SurfaceTextureClient: [STC::queueBuffer] (this:0x5c22cdc0) fps:4.96, dur:1007.26, max:202.70, min:200.51
11-11 11:01:32.585   127  1180 I BufferQueue: [StatusBar](this:0x45a36108,api:1) [queue] fps:4.96, dur:1007.25, max:202.70, min:200.51
11-11 11:01:32.874   677   677 D StatusBar.NetworkControllerGemini: mNetworkName, sim1Inserted is false, sim2Inserted is true.networkname[0]=;networkname[1]=
11-11 11:01:32.889   677   677 D StatusBar.NetworkControllerGemini: mNetworkName, sim1Inserted is false, sim2Inserted is true.networkname[0]=;networkname[1]=
11-11 11:01:33.003   127   227 I BufferQueue: [StatusBar](this:0x45a36108,api:1) [release] fps:4.96, dur:1007.92, max:201.62, min:201.56
11-11 11:01:33.004   127   227 I SurfaceTextureClient: [STC::queueBuffer] (this:0x424ca8c8) fps:4.96, dur:1008.17, max:202.16, min:201.33
11-11 11:01:33.004   127   227 I BufferQueue: [FramebufferSurface](this:0x4250c008,api:1) [release] fps:4.96, dur:1008.17, max:202.16, min:201.33
11-11 11:01:33.004   127   227 I BufferQueue: [FramebufferSurface](this:0x4250c008,api:1) [queue] fps:4.96, dur:1008.18, max:202.16, min:201.33
11-11 11:01:33.004   127   227 I SurfaceFlinger: [SurfaceFlinger] fps:4.959453,dur:1008.18,max:202.15,min:201.34
11-11 11:01:33.592   677   677 I SurfaceTextureClient: [STC::queueBuffer] (this:0x5c22cdc0) fps:4.96, dur:1007.88, max:201.80, min:201.45
11-11 11:01:33.593   127  1332 I BufferQueue: [StatusBar](this:0x45a36108,api:1) [queue] fps:4.96, dur:1007.88, max:201.80, min:201.45
11-11 11:01:34.280   843   997 I System.out: [socket][240:55164] exception
11-11 11:01:34.280   843   997 I System.out: [CDS]close[55164]
11-11 11:01:34.281   843   997 W PushService: 2015-11-11 11:01:34,280 - [WARN::PushService] - SMACK: Could not connect to:app02.nodes.gslb.mi-idc.com
11-11 11:01:34.281   843   997 W PushService: 2015-11-11 11:01:34,281 - [WARN::PushService] - [Thread:45] begin to connect to app.chat.xiaomi.net
11-11 11:01:34.282  1375  6909 I XiaomiFirewall: firewall pkgName:com.xiaomi.xmsf, result:0
11-11 11:01:34.283   122   500 D FrameworkListener: dispatchCommand data = (getaddrinfo app.chat.xiaomi.net ^ 1024 0 1 0)
11-11 11:01:34.283   122 32084 D libc-netbsd: getaddrinfo: app.chat.xiaomi.net NO result from proxy 
11-11 11:01:34.284   122 32084 D libc-netbsd: res_queryN name = app.chat.xiaomi.net, class = 1, type = 1
11-11 11:01:34.284   122 32084 D libc-netbsd: res_queryN name = app.chat.xiaomi.net succeed
11-11 11:01:34.285   843   997 D libc-netbsd: getaddrinfo: app.chat.xiaomi.net get result from proxy >>
11-11 11:01:34.285   843   997 I System.out: propertyValue:true
11-11 11:01:34.285   843   997 I System.out: [socket][240] connection app.chat.xiaomi.net/42.62.94.2:5222;LocalPort=39278(10000)
11-11 11:01:34.286   843   997 I System.out: [CDS]connect[app.chat.xiaomi.net/42.62.94.2:5222] tm:10
11-11 11:01:34.286   843   997 D Posix   : [Posix_connect Debug]Process com.xiaomi.xmsf :5222 
11-11 11:01:34.506   127   227 I BufferQueue: [StatusBar](this:0x45a36108,api:1) [release] fps:3.33, dur:1502.73, max:696.28, min:201.58
11-11 11:01:34.506   127   227 I SurfaceTextureClient: [STC::queueBuffer] (this:0x424ca8c8) fps:3.33, dur:1502.47, max:696.04, min:201.25
11-11 11:01:34.506   127   227 I BufferQueue: [FramebufferSurface](this:0x4250c008,api:1) [release] fps:3.33, dur:1502.47, max:696.12, min:201.17
11-11 11:01:34.507   127   227 I BufferQueue: [FramebufferSurface](this:0x4250c008,api:1) [queue] fps:3.33, dur:1502.47, max:696.16, min:201.13
11-11 11:01:34.507   127   227 I SurfaceFlinger: [SurfaceFlinger] fps:3.327862,dur:1502.47,max:696.18,min:201.13
11-11 11:01:34.692   677   677 I SurfaceTextureClient: [STC::queueBuffer] (this:0x5c22cdc0) fps:2.73, dur:1099.72, max:696.55, min:201.45
11-11 11:01:34.693   127  1332 I BufferQueue: [StatusBar](this:0x45a36108,api:1) [queue] fps:2.73, dur:1099.72, max:696.55, min:201.52
11-11 11:01:34.888   677   677 D StatusBar.NetworkControllerGemini: mNetworkName, sim1Inserted is false, sim2Inserted is true.networkname[0]=;networkname[1]=
11-11 11:01:34.904   677   677 D StatusBar.NetworkControllerGemini: mNetworkName, sim1Inserted is false, sim2Inserted is true.networkname[0]=;networkname[1]=
11-11 11:01:35.025   578   610 D BatteryService: mBatteryVoltage=3878
11-11 11:01:35.026   578   610 E BatteryService: Enter GetStatus success
11-11 11:01:35.026   578   610 E BatteryService: ioctl ok: 281
11-11 11:01:35.027   578   594 V ActivityManager: Broadcast sticky: Intent { act=android.intent.action.BATTERY_CHANGED flg=0x60000010 (has extras) } ordered=false userid=-1 callerApp=null
11-11 11:01:35.035   762   762 D Bluetooth HS/HF: [BT][HFG] [API] mStateReceiver.onReceive(android.intent.action.BATTERY_CHANGED)
11-11 11:01:35.035   762  1417 D Bluetooth HS/HF: [BT][HFG] [API] mHandler.handleMessage(9)
11-11 11:01:35.036   762  1417 D Bluetooth HS/HF: [BT][HFG] [API] updateBatteryState
11-11 11:01:35.037  1029  1029 D BatteryInfoReceiver: 53
11-11 11:01:35.044   578   610 E BatteryService: Enter GetStatus success
11-11 11:01:35.044   578   610 E BatteryService: ioctl ok: 281
11-11 11:01:35.045   578   610 E BatteryService: Enter GetStatus success
11-11 11:01:35.045   578   610 E BatteryService: ioctl ok: 281
11-11 11:01:35.253   578   645 D WifiNative-wlan0: doString: SIGNAL_POLL
11-11 11:01:35.255   578   645 V WifiManager: calculateSignalLevel(),numLevels = 5
11-11 11:01:35.737   677   677 I SurfaceTextureClient: [STC::queueBuffer] (this:0x5c22cdc0) fps:2.87, dur:1044.57, max:678.58, min:145.01
11-11 11:01:35.737   127   424 I BufferQueue: [StatusBar](this:0x45a36108,api:1) [queue] fps:2.87, dur:1044.58, max:678.57, min:145.19
11-11 11:01:35.752   127   227 I BufferQueue: [StatusBar](this:0x45a36108,api:1) [release] fps:3.21, dur:1246.19, max:678.11, min:146.86
11-11 11:01:35.753   127   227 I SurfaceTextureClient: [STC::queueBuffer] (this:0x424ca8c8) fps:3.21, dur:1246.49, max:678.21, min:147.42
11-11 11:01:35.753   127   227 I BufferQueue: [FramebufferSurface](this:0x4250c008,api:1) [release] fps:3.21, dur:1246.49, max:678.28, min:147.44
11-11 11:01:35.753   127   227 I BufferQueue: [FramebufferSurface](this:0x4250c008,api:1) [queue] fps:3.21, dur:1246.49, max:678.32, min:147.44
11-11 11:01:35.753   127   227 I SurfaceFlinger: [SurfaceFlinger] fps:3.209003,dur:1246.49,max:678.33,min:147.48
11-11 11:01:36.745   677   677 I SurfaceTextureClient: [STC::queueBuffer] (this:0x5c22cdc0) fps:4.96, dur:1007.84, max:201.60, min:201.53
11-11 11:01:36.745   127  1180 I BufferQueue: [StatusBar](this:0x45a36108,api:1) [queue] fps:4.96, dur:1007.84, max:201.66, min:201.52
11-11 11:01:36.760   127   227 I BufferQueue: [StatusBar](this:0x45a36108,api:1) [release] fps:4.96, dur:1007.92, max:201.61, min:201.55
11-11 11:01:36.761   127   227 I SurfaceTextureClient: [STC::queueBuffer] (this:0x424ca8c8) fps:4.96, dur:1007.87, max:202.28, min:201.21
11-11 11:01:36.761   127   227 I BufferQueue: [FramebufferSurface](this:0x4250c008,api:1) [release] fps:4.96, dur:1007.86, max:202.28, min:201.27
11-11 11:01:36.761   127   227 I BufferQueue: [FramebufferSurface](this:0x4250c008,api:1) [queue] fps:4.96, dur:1007.86, max:202.29, min:201.31
11-11 11:01:36.761   127   227 I SurfaceFlinger: [SurfaceFlinger] fps:4.960992,dur:1007.86,max:202.28,min:201.33
11-11 11:01:36.899   677   677 D StatusBar.NetworkControllerGemini: mNetworkName, sim1Inserted is false, sim2Inserted is true.networkname[0]=;networkname[1]=
11-11 11:01:36.913   677   677 D StatusBar.NetworkControllerGemini: mNetworkName, sim1Inserted is false, sim2Inserted is true.networkname[0]=;networkname[1]=
11-11 11:01:37.752   677   677 I SurfaceTextureClient: [STC::queueBuffer] (this:0x5c22cdc0) fps:4.96, dur:1007.88, max:203.20, min:200.16
11-11 11:01:37.753   127   602 I BufferQueue: [StatusBar](this:0x45a36108,api:1) [queue] fps:4.96, dur:1007.88, max:203.29, min:199.99
11-11 11:01:37.768   127   227 I BufferQueue: [StatusBar](this:0x45a36108,api:1) [release] fps:4.96, dur:1007.92, max:201.83, min:201.32
11-11 11:01:37.769   127   227 I SurfaceTextureClient: [STC::queueBuffer] (this:0x424ca8c8) fps:4.96, dur:1008.22, max:202.21, min:200.88
11-11 11:01:37.769   127   227 I BufferQueue: [FramebufferSurface](this:0x4250c008,api:1) [release] fps:4.96, dur:1008.22, max:202.28, min:200.80
11-11 11:01:37.769   127   227 I BufferQueue: [FramebufferSurface](this:0x4250c008,api:1) [queue] fps:4.96, dur:1008.22, max:202.32, min:200.76
11-11 11:01:37.769   127   227 I SurfaceFlinger: [SurfaceFlinger] fps:4.959236,dur:1008.22,max:202.33,min:200.71
11-11 11:01:37.911   677   677 D StatusBar.NetworkControllerGemini: mNetworkName, sim1Inserted is false, sim2Inserted is true.networkname[0]=;networkname[1]=
11-11 11:01:37.927   677   677 D StatusBar.NetworkControllerGemini: mNetworkName, sim1Inserted is false, sim2Inserted is true.networkname[0]=;networkname[1]=
11-11 11:01:38.259   578   645 D WifiNative-wlan0: doString: SIGNAL_POLL
11-11 11:01:38.281   578   645 V WifiManager: calculateSignalLevel(),numLevels = 5
11-11 11:01:38.281   578   645 V ActivityManager: Broadcast sticky: Intent { act=android.net.wifi.RSSI_CHANGED flg=0x8000010 (has extras) } ordered=false userid=-1 callerApp=ProcessRecord{42697b88 578:system/1000}
11-11 11:01:38.284   578   657 V WifiManager: calculateSignalLevel(),numLevels = 5
11-11 11:01:38.284   578   657 D WifiWatchdogStateMachine: RSSI current: 2 new: -66, 3
11-11 11:01:38.284   677   677 V WifiManager: calculateSignalLevel(),numLevels = 5
11-11 11:01:38.303   677   677 D StatusBar.NetworkControllerGemini: mNetworkName, sim1Inserted is false, sim2Inserted is true.networkname[0]=;networkname[1]=
11-11 11:01:38.306   677   677 D StatusBar.NetworkControllerGemini: mNetworkName, sim1Inserted is false, sim2Inserted is true.networkname[0]=;networkname[1]=
11-11 11:01:38.486   578   842 V ActivityManager: Broadcast sticky: Intent { act=android.intent.action.SIG_STR flg=0x10 (has extras) } ordered=false userid=-1 callerApp=ProcessRecord{42697b88 578:system/1000}
11-11 11:01:38.487   677   677 D StatusBar.NetworkControllerGemini: PhoneStateListener:onSignalStrengthsChanged, sim2 before.
11-11 11:01:38.487   677   677 D StatusBar.NetworkControllerGemini: PhoneStateListener:onSignalStrengthsChanged, signalStrength=5
11-11 11:01:38.492   677   677 D StatusBar.NetworkControllerGemini: mNetworkName, sim1Inserted is false, sim2Inserted is true.networkname[0]=;networkname[1]=
11-11 11:01:38.492   677   677 D StatusBar.NetworkControllerGemini: PhoneStateListener:onSignalStrengthsChanged, sim2 after.
11-11 11:01:38.496   762   762 D Bluetooth HS/HF: [BT][HFG] [API] mStateReceiver.onReceive(android.intent.action.SIG_STR)
11-11 11:01:38.496   762  1417 D Bluetooth HS/HF: [BT][HFG] [API] mHandler.handleMessage(10)
11-11 11:01:38.852   677   677 I SurfaceTextureClient: [STC::queueBuffer] (this:0x5c22cdc0) fps:3.64, dur:1099.75, max:365.41, min:200.71
11-11 11:01:38.853   127   602 I BufferQueue: [StatusBar](this:0x45a36108,api:1) [queue] fps:3.64, dur:1099.76, max:365.41, min:200.54
11-11 11:01:38.867   127   227 I BufferQueue: [StatusBar](this:0x45a36108,api:1) [release] fps:3.64, dur:1099.56, max:366.48, min:201.33
11-11 11:01:38.868   127   227 I SurfaceTextureClient: [STC::queueBuffer] (this:0x424ca8c8) fps:3.64, dur:1099.01, max:366.49, min:200.58
11-11 11:01:38.868   127   227 I BufferQueue: [FramebufferSurface](this:0x4250c008,api:1) [release] fps:3.64, dur:1099.02, max:366.48, min:200.51
11-11 11:01:38.868   127   227 I BufferQueue: [FramebufferSurface](this:0x4250c008,api:1) [queue] fps:3.64, dur:1099.02, max:366.48, min:200.46
11-11 11:01:38.868   127   227 I SurfaceFlinger: [SurfaceFlinger] fps:3.639607,dur:1099.02,max:366.48,min:200.42
11-11 11:01:38.920   677   677 D StatusBar.NetworkControllerGemini: mNetworkName, sim1Inserted is false, sim2Inserted is true.networkname[0]=;networkname[1]=
11-11 11:01:38.937   677   677 D StatusBar.NetworkControllerGemini: mNetworkName, sim1Inserted is false, sim2Inserted is true.networkname[0]=;networkname[1]=
11-11 11:01:39.432   745 32075 I System.out: [socket][91:50648] exception
11-11 11:01:39.432   745 32075 I System.out: [CDS]close[50648]
11-11 11:01:39.432   745 32075 I System.out: close [socket][/0.0.0.0:50648]
11-11 11:01:39.860   677   677 I SurfaceTextureClient: [STC::queueBuffer] (this:0x5c22cdc0) fps:4.96, dur:1007.83, max:203.04, min:200.03
11-11 11:01:39.860   127   424 I BufferQueue: [StatusBar](this:0x45a36108,api:1) [queue] fps:4.96, dur:1007.83, max:203.14, min:199.86
11-11 11:01:39.875   127   227 I BufferQueue: [StatusBar](this:0x45a36108,api:1) [release] fps:4.96, dur:1007.90, max:201.63, min:201.52
11-11 11:01:39.876   127   227 I SurfaceTextureClient: [STC::queueBuffer] (this:0x424ca8c8) fps:4.96, dur:1007.88, max:202.04, min:201.30
11-11 11:01:39.876   127   227 I BufferQueue: [FramebufferSurface](this:0x4250c008,api:1) [release] fps:4.96, dur:1007.88, max:201.97, min:201.30
11-11 11:01:39.876   127   227 I BufferQueue: [FramebufferSurface](this:0x4250c008,api:1) [queue] fps:4.96, dur:1007.88, max:201.93, min:201.30
11-11 11:01:39.876   127   227 I SurfaceFlinger: [SurfaceFlinger] fps:4.960932,dur:1007.88,max:201.91,min:201.31
11-11 11:01:39.934   677   677 D StatusBar.NetworkControllerGemini: mNetworkName, sim1Inserted is false, sim2Inserted is true.networkname[0]=;networkname[1]=
11-11 11:01:39.949   677   677 D StatusBar.NetworkControllerGemini: mNetworkName, sim1Inserted is false, sim2Inserted is true.networkname[0]=;networkname[1]=
11-11 11:01:40.868   677   677 I SurfaceTextureClient: [STC::queueBuffer] (this:0x5c22cdc0) fps:4.96, dur:1007.99, max:202.42, min:200.77
11-11 11:01:40.869   127  1180 I BufferQueue: [StatusBar](this:0x45a36108,api:1) [queue] fps:4.96, dur:1008.13, max:202.36, min:200.76
11-11 11:01:40.883   127   227 I BufferQueue: [StatusBar](this:0x45a36108,api:1) [release] fps:4.96, dur:1007.93, max:201.59, min:201.57
11-11 11:01:40.884   127   227 I SurfaceTextureClient: [STC::queueBuffer] (this:0x424ca8c8) fps:4.96, dur:1008.19, max:202.11, min:201.31
11-11 11:01:40.884   127   227 I BufferQueue: [FramebufferSurface](this:0x4250c008,api:1) [release] fps:4.96, dur:1008.20, max:202.12, min:201.31
11-11 11:01:40.884   127   227 I BufferQueue: [FramebufferSurface](this:0x4250c008,api:1) [queue] fps:4.96, dur:1008.20, max:202.12, min:201.32
11-11 11:01:40.884   127   227 I SurfaceFlinger: [SurfaceFlinger] fps:4.959354,dur:1008.20,max:202.11,min:201.33
11-11 11:01:40.944   677   677 D StatusBar.NetworkControllerGemini: mNetworkName, sim1Inserted is false, sim2Inserted is true.networkname[0]=;networkname[1]=
11-11 11:01:40.960   677   677 D StatusBar.NetworkControllerGemini: mNetworkName, sim1Inserted is false, sim2Inserted is true.networkname[0]=;networkname[1]=
11-11 11:01:41.296   578   645 D WifiNative-wlan0: doString: SIGNAL_POLL
11-11 11:01:41.310   578   645 V WifiManager: calculateSignalLevel(),numLevels = 5
11-11 11:01:41.956   677   677 D StatusBar.NetworkControllerGemini: mNetworkName, sim1Inserted is false, sim2Inserted is true.networkname[0]=;networkname[1]=
11-11 11:01:41.971   677   677 D StatusBar.NetworkControllerGemini: mNetworkName, sim1Inserted is false, sim2Inserted is true.networkname[0]=;networkname[1]=
11-11 11:01:41.978   677   677 I SurfaceTextureClient: [STC::queueBuffer] (this:0x5c22cdc0) fps:2.70, dur:1109.54, max:696.58, min:201.38
11-11 11:01:41.978   127  1180 I BufferQueue: [StatusBar](this:0x45a36108,api:1) [queue] fps:2.70, dur:1109.28, max:696.36, min:201.38
11-11 11:01:41.982   127   227 I BufferQueue: [StatusBar](this:0x45a36108,api:1) [release] fps:2.73, dur:1099.30, max:696.44, min:201.31
11-11 11:01:41.983   127   227 I SurfaceTextureClient: [STC::queueBuffer] (this:0x424ca8c8) fps:2.73, dur:1098.73, max:696.41, min:200.79
11-11 11:01:41.983   127   227 I BufferQueue: [FramebufferSurface](this:0x4250c008,api:1) [release] fps:2.73, dur:1098.68, max:696.33, min:200.80
11-11 11:01:41.983   127   227 I BufferQueue: [FramebufferSurface](this:0x4250c008,api:1) [queue] fps:2.73, dur:1098.67, max:696.29, min:200.83
11-11 11:01:41.983   127   227 I SurfaceFlinger: [SurfaceFlinger] fps:2.730645,dur:1098.64,max:696.29,min:200.81
11-11 11:01:42.965   677   677 D StatusBar.NetworkControllerGemini: mNetworkName, sim1Inserted is false, sim2Inserted is true.networkname[0]=;networkname[1]=
11-11 11:01:42.982   677   677 D StatusBar.NetworkControllerGemini: mNetworkName, sim1Inserted is false, sim2Inserted is true.networkname[0]=;networkname[1]=
11-11 11:01:42.990   677   677 I SurfaceTextureClient: [STC::queueBuffer] (this:0x5c22cdc0) fps:4.94, dur:1012.89, max:216.63, min:191.69
11-11 11:01:42.991   127   424 I BufferQueue: [StatusBar](this:0x45a36108,api:1) [queue] fps:4.94, dur:1012.87, max:216.57, min:191.73
11-11 11:01:43.009   127   227 I BufferQueue: [StatusBar](this:0x45a36108,api:1) [release] fps:4.87, dur:1026.28, max:219.62, min:201.58
11-11 11:01:43.009   127   227 I SurfaceTextureClient: [STC::queueBuffer] (this:0x424ca8c8) fps:4.87, dur:1026.57, max:219.14, min:201.58
11-11 11:01:43.009   127   227 I BufferQueue: [FramebufferSurface](this:0x4250c008,api:1) [release] fps:4.87, dur:1026.57, max:219.16, min:201.58
11-11 11:01:43.009   127   227 I BufferQueue: [FramebufferSurface](this:0x4250c008,api:1) [queue] fps:4.87, dur:1026.56, max:219.18, min:201.58
11-11 11:01:43.009   127   227 I SurfaceFlinger: [SurfaceFlinger] fps:4.870616,dur:1026.56,max:219.17,min:201.58
11-11 11:01:43.951   578   594 D InputReader: InputReader::monitor: lock
11-11 11:01:43.951   578   594 D InputReader: InputReader::monitor: wait 
11-11 11:01:43.951   578   594 D InputReader: InputReader::monitor: unlock
11-11 11:01:43.951   578   594 D InputReader: InputReader::monitor: done
11-11 11:01:44.289   843   997 I System.out: [socket][241:39278] exception
11-11 11:01:44.289   843   997 I System.out: [CDS]close[39278]
11-11 11:01:44.290   843   997 W PushService: 2015-11-11 11:01:44,289 - [WARN::PushService] - SMACK: Could not connect to:app.chat.xiaomi.net
11-11 11:01:44.305   843   997 W PushService: 2015-11-11 11:01:44,300 - [WARN::PushService] - fail to create xmpp connection
11-11 11:01:44.305   843   997 W PushService: 
11-11 11:01:44.305   843   997 W PushService: SMACK: Could not connect to 58.68.235.232 port:5222 failed to connect to /58.68.235.232 (port 5222) after 10000ms
11-11 11:01:44.305   843   997 W PushService: SMACK: Could not connect to app01.nodes.gslb.mi-idc.com port:5222 failed to connect to app01.nodes.gslb.mi-idc.com/120.134.33.29 (port 5222) after 10000ms
11-11 11:01:44.305   843   997 W PushService: SMACK: Could not connect to 42.62.48.181 port:5222 failed to connect to /42.62.48.181 (port 5222) after 10000ms
11-11 11:01:44.305   843   997 W PushService: SMACK: Could not connect to 223.202.68.46 port:5222 failed to connect to /223.202.68.46 (port 5222) after 10000ms
11-11 11:01:44.305   843   997 W PushService: SMACK: Could not connect to app02.nodes.gslb.mi-idc.com port:5222 failed to connect to app02.nodes.gslb.mi-idc.com/42.62.94.2 (port 5222) after 10000ms
11-11 11:01:44.305   843   997 W PushService: SMACK: Could not connect to app.chat.xiaomi.net port:5222 failed to connect to app.chat.xiaomi.net/42.62.94.2 (port 5222) after 10000ms
11-11 11:01:44.305   843   997 W PushService: : 
11-11 11:01:44.305   843   997 W PushService: 	at com.xiaomi.smack.XMPPConnection.connectDirectly(XMPPConnection.java:407)
11-11 11:01:44.305   843   997 W PushService: 	at com.xiaomi.smack.XMPPConnection.connectUsingConfiguration(XMPPConnection.java:326)
11-11 11:01:44.305   843   997 W PushService: 	at com.xiaomi.smack.XMPPConnection.connect(XMPPConnection.java:486)
11-11 11:01:44.305   843   997 W PushService: 	at com.xiaomi.push.service.XMPushService.connectByXMPP(XMPushService.java:1015)
11-11 11:01:44.305   843   997 W PushService: 	at com.xiaomi.push.service.XMPushService.connect(XMPushService.java:1000)
11-11 11:01:44.305   843   997 W PushService: 	at com.xiaomi.push.service.XMPushService.access$600(XMPushService.java:61)
11-11 11:01:44.305   843   997 W PushService: 	at com.xiaomi.push.service.XMPushService$ConnectJob.process(XMPushService.java:1281)
11-11 11:01:44.305   843   997 W PushService: 	at com.xiaomi.push.service.XMPushService$Job.run(XMPushService.java:1114)
11-11 11:01:44.305   843   997 W PushService: 	at com.xiaomi.push.service.ConnectionJobController$1.handleMessage(ConnectionJobController.java:41)
11-11 11:01:44.305   843   997 W PushService: 	at android.os.Handler.dispatchMessage(Handler.java:107)
11-11 11:01:44.305   843   997 W PushService: 	at android.os.Looper.loop(Looper.java:194)
11-11 11:01:44.305   843   997 W PushService: 	at android.os.HandlerThread.run(HandlerThread.java:60)
11-11 11:01:44.306   843   997 W PushService: 2015-11-11 11:01:44,305 - [WARN::PushService] - [Thread:45] update the connection status. connecting -> disconnected : ERROR_NETWORK_FAILED 
11-11 11:01:44.307   578   801 D ConnectivityService: getActiveNetworkInfo:NetworkInfo: type: WIFI[], state: CONNECTED/CONNECTED, reason: (unspecified), extra: "wifi-confine", roaming: false, failover: false, isAvailable: true, simId: 0/10070
11-11 11:01:44.308   578   842 D ConnectivityService: getActiveNetworkInfo:NetworkInfo: type: WIFI[], state: CONNECTED/CONNECTED, reason: (unspecified), extra: "wifi-confine", roaming: false, failover: false, isAvailable: true, simId: 0/10070
11-11 11:01:44.309   843   997 I System.out: close [socket][/0.0.0.0:39278]
11-11 11:01:44.310   843   997 W PushService: 2015-11-11 11:01:44,309 - [WARN::PushService] - [Thread:45] JOB: shutdown the connection. com.xiaomi.kenai.jbosh.BOSHException: Could not obtain response
11-11 11:01:44.310   843   997 W PushService: 2015-11-11 11:01:44,310 - [WARN::PushService] - [Thread:45] disconnect 1113424416, null
11-11 11:01:44.313   578   645 D WifiNative-wlan0: doString: SIGNAL_POLL
11-11 11:01:44.331   578   645 V WifiManager: calculateSignalLevel(),numLevels = 5
11-11 11:01:44.497   677   677 I SurfaceTextureClient: [STC::queueBuffer] (this:0x5c22cdc0) fps:3.32, dur:1506.12, max:696.35, min:200.54
11-11 11:01:44.497   127  1180 I BufferQueue: [StatusBar](this:0x45a36108,api:1) [queue] fps:3.32, dur:1506.25, max:696.43, min:200.53
11-11 11:01:44.512   127   227 I BufferQueue: [StatusBar](this:0x45a36108,api:1) [release] fps:3.33, dur:1502.98, max:696.41, min:201.54
11-11 11:01:44.513   127   227 I SurfaceTextureClient: [STC::queueBuffer] (this:0x424ca8c8) fps:3.33, dur:1503.28, max:696.73, min:201.26
11-11 11:01:44.513   127   227 I BufferQueue: [FramebufferSurface](this:0x4250c008,api:1) [release] fps:3.33, dur:1503.33, max:696.81, min:201.25
11-11 11:01:44.513   127   227 I BufferQueue: [FramebufferSurface](this:0x4250c008,api:1) [queue] fps:3.33, dur:1503.34, max:696.85, min:201.25
11-11 11:01:44.513   127   227 I SurfaceFlinger: [SurfaceFlinger] fps:3.325853,dur:1503.37,max:696.86,min:201.25
11-11 11:01:44.973   578   594 D LocationManagerService: status timer finished
11-11 11:01:45.025   578   610 D BatteryService: mBatteryVoltage=3882
11-11 11:01:45.026   578   610 E BatteryService: Enter GetStatus success
11-11 11:01:45.026   578   610 E BatteryService: ioctl ok: 281
11-11 11:01:45.026   578   594 V ActivityManager: Broadcast sticky: Intent { act=android.intent.action.BATTERY_CHANGED flg=0x60000010 (has extras) } ordered=false userid=-1 callerApp=null
11-11 11:01:45.041  1029  1029 D BatteryInfoReceiver: 53
11-11 11:01:45.042   762   762 D Bluetooth HS/HF: [BT][HFG] [API] mStateReceiver.onReceive(android.intent.action.BATTERY_CHANGED)
11-11 11:01:45.042   762  1417 D Bluetooth HS/HF: [BT][HFG] [API] mHandler.handleMessage(9)
11-11 11:01:45.042   762  1417 D Bluetooth HS/HF: [BT][HFG] [API] updateBatteryState
11-11 11:01:45.045   578   610 E BatteryService: Enter GetStatus success
11-11 11:01:45.046   578   610 E BatteryService: ioctl ok: 281
11-11 11:01:45.047   578   610 E BatteryService: Enter GetStatus success
11-11 11:01:45.047   578   610 E BatteryService: ioctl ok: 281
11-11 11:01:45.741   677   677 I SurfaceTextureClient: [STC::queueBuffer] (this:0x5c22cdc0) fps:3.21, dur:1244.57, max:690.49, min:151.02
11-11 11:01:45.741   127  1332 I BufferQueue: [StatusBar](this:0x45a36108,api:1) [queue] fps:3.21, dur:1244.44, max:690.53, min:150.92
11-11 11:01:45.758   127   227 I BufferQueue: [StatusBar](this:0x45a36108,api:1) [release] fps:3.21, dur:1246.17, max:696.68, min:146.35
11-11 11:01:45.759   127   227 I SurfaceTextureClient: [STC::queueBuffer] (this:0x424ca8c8) fps:3.21, dur:1246.48, max:697.61, min:146.02
11-11 11:01:45.759   127   227 I BufferQueue: [FramebufferSurface](this:0x4250c008,api:1) [release] fps:3.21, dur:1246.48, max:697.69, min:146.01
11-11 11:01:45.759   127   227 I BufferQueue: [FramebufferSurface](this:0x4250c008,api:1) [queue] fps:3.21, dur:1246.48, max:697.73, min:146.01
11-11 11:01:45.759   127   227 I SurfaceFlinger: [SurfaceFlinger] fps:3.209035,dur:1246.48,max:697.78,min:145.98
11-11 11:01:46.751   677   677 I SurfaceTextureClient: [STC::queueBuffer] (this:0x5c22cdc0) fps:4.95, dur:1009.44, max:203.04, min:201.56
11-11 11:01:46.751   127  1180 I BufferQueue: [StatusBar](this:0x45a36108,api:1) [queue] fps:4.95, dur:1009.57, max:203.10, min:201.55
11-11 11:01:46.766   127   227 I BufferQueue: [StatusBar](this:0x45a36108,api:1) [release] fps:4.96, dur:1007.90, max:201.60, min:201.56
11-11 11:01:46.766   127   227 I SurfaceTextureClient: [STC::queueBuffer] (this:0x424ca8c8) fps:4.96, dur:1007.33, max:201.61, min:201.24
11-11 11:01:46.767   127   227 I BufferQueue: [FramebufferSurface](this:0x4250c008,api:1) [release] fps:4.96, dur:1007.33, max:201.68, min:201.17
11-11 11:01:46.767   127   227 I BufferQueue: [FramebufferSurface](this:0x4250c008,api:1) [queue] fps:4.96, dur:1007.33, max:201.72, min:201.13
11-11 11:01:46.767   127   227 I SurfaceFlinger: [SurfaceFlinger] fps:4.963612,dur:1007.33,max:201.73,min:201.12
11-11 11:01:47.335   578   645 D WifiNative-wlan0: doString: SIGNAL_POLL
11-11 11:01:47.350   578   645 V WifiManager: calculateSignalLevel(),numLevels = 5
11-11 11:01:47.759   677   677 I SurfaceTextureClient: [STC::queueBuffer] (this:0x5c22cdc0) fps:4.96, dur:1007.93, max:201.74, min:201.50
11-11 11:01:47.759   127   127 I BufferQueue: [StatusBar](this:0x45a36108,api:1) [queue] fps:4.96, dur:1007.93, max:201.74, min:201.50
11-11 11:01:47.774   127   227 I BufferQueue: [StatusBar](this:0x45a36108,api:1) [release] fps:4.96, dur:1007.98, max:201.64, min:201.53
11-11 11:01:47.775   127   227 I SurfaceTextureClient: [STC::queueBuffer] (this:0x424ca8c8) fps:4.96, dur:1008.25, max:202.09, min:201.41
11-11 11:01:47.775   127   227 I BufferQueue: [FramebufferSurface](this:0x4250c008,api:1) [release] fps:4.96, dur:1008.26, max:202.09, min:201.42
11-11 11:01:47.775   127   227 I BufferQueue: [FramebufferSurface](this:0x4250c008,api:1) [queue] fps:4.96, dur:1008.26, max:202.09, min:201.42
11-11 11:01:47.775   127   227 I SurfaceFlinger: [SurfaceFlinger] fps:4.959057,dur:1008.26,max:202.08,min:201.42
11-11 11:01:47.901   677   677 D StatusBar.NetworkControllerGemini: PhoneStateListener:onSignalStrengthsChanged, sim2 before.
11-11 11:01:47.902   677   677 D StatusBar.NetworkControllerGemini: PhoneStateListener:onSignalStrengthsChanged, signalStrength=5
11-11 11:01:47.904   578   593 V ActivityManager: Broadcast sticky: Intent { act=android.intent.action.SIG_STR flg=0x10 (has extras) } ordered=false userid=-1 callerApp=ProcessRecord{42697b88 578:system/1000}
11-11 11:01:47.907   677   677 D StatusBar.NetworkControllerGemini: mNetworkName, sim1Inserted is false, sim2Inserted is true.networkname[0]=;networkname[1]=
11-11 11:01:47.908   677   677 D StatusBar.NetworkControllerGemini: PhoneStateListener:onSignalStrengthsChanged, sim2 after.
11-11 11:01:47.911   762   762 D Bluetooth HS/HF: [BT][HFG] [API] mStateReceiver.onReceive(android.intent.action.SIG_STR)
11-11 11:01:47.911   762  1417 D Bluetooth HS/HF: [BT][HFG] [API] mHandler.handleMessage(10)
11-11 11:01:48.858   677   677 I SurfaceTextureClient: [STC::queueBuffer] (this:0x5c22cdc0) fps:2.73, dur:1099.67, max:695.30, min:201.55
11-11 11:01:48.859   127  1332 I BufferQueue: [StatusBar](this:0x45a36108,api:1) [queue] fps:2.73, dur:1099.73, max:695.30, min:201.69
11-11 11:01:48.873   127   227 I BufferQueue: [StatusBar](this:0x45a36108,api:1) [release] fps:2.73, dur:1099.51, max:696.39, min:201.56
11-11 11:01:48.874   127   227 I SurfaceTextureClient: [STC::queueBuffer] (this:0x424ca8c8) fps:2.73, dur:1099.53, max:696.61, min:201.28
11-11 11:01:48.874   127   227 I BufferQueue: [FramebufferSurface](this:0x4250c008,api:1) [release] fps:2.73, dur:1099.53, max:696.61, min:201.21
11-11 11:01:48.874   127   227 I BufferQueue: [FramebufferSurface](this:0x4250c008,api:1) [queue] fps:2.73, dur:1099.52, max:696.61, min:201.17
11-11 11:01:48.874   127   227 I SurfaceFlinger: [SurfaceFlinger] fps:2.728451,dur:1099.52,max:696.61,min:201.16
11-11 11:01:49.866   677   677 I SurfaceTextureClient: [STC::queueBuffer] (this:0x5c22cdc0) fps:4.96, dur:1007.72, max:201.67, min:201.46
11-11 11:01:49.866   127   602 I BufferQueue: [StatusBar](this:0x45a36108,api:1) [queue] fps:4.96, dur:1007.65, max:201.67, min:201.36
11-11 11:01:49.881   127   227 I BufferQueue: [StatusBar](this:0x45a36108,api:1) [release] fps:4.96, dur:1007.98, max:201.62, min:201.58
11-11 11:01:49.882   127   227 I SurfaceTextureClient: [STC::queueBuffer] (this:0x424ca8c8) fps:4.96, dur:1007.95, max:202.26, min:201.20
11-11 11:01:49.882   127   227 I BufferQueue: [FramebufferSurface](this:0x4250c008,api:1) [release] fps:4.96, dur:1007.95, max:202.27, min:201.16
11-11 11:01:49.882   127   227 I BufferQueue: [FramebufferSurface](this:0x4250c008,api:1) [queue] fps:4.96, dur:1007.95, max:202.27, min:201.12
11-11 11:01:49.882   127   227 I SurfaceFlinger: [SurfaceFlinger] fps:4.960578,dur:1007.95,max:202.26,min:201.11
11-11 11:01:49.986   677   677 D StatusBar.NetworkControllerGemini: mNetworkName, sim1Inserted is false, sim2Inserted is true.networkname[0]=;networkname[1]=
11-11 11:01:50.002   677   677 D StatusBar.NetworkControllerGemini: mNetworkName, sim1Inserted is false, sim2Inserted is true.networkname[0]=;networkname[1]=
11-11 11:01:50.353   578   645 D WifiNative-wlan0: doString: SIGNAL_POLL
11-11 11:01:50.371   578   645 V WifiManager: calculateSignalLevel(),numLevels = 5
11-11 11:01:50.371   578   645 V ActivityManager: Broadcast sticky: Intent { act=android.net.wifi.RSSI_CHANGED flg=0x8000010 (has extras) } ordered=false userid=-1 callerApp=ProcessRecord{42697b88 578:system/1000}
11-11 11:01:50.374   677   677 V WifiManager: calculateSignalLevel(),numLevels = 5
11-11 11:01:50.375   578   657 V WifiManager: calculateSignalLevel(),numLevels = 5
11-11 11:01:50.375   578   657 D WifiWatchdogStateMachine: RSSI current: 3 new: -67, 2
11-11 11:01:50.395   677   677 D StatusBar.NetworkControllerGemini: mNetworkName, sim1Inserted is false, sim2Inserted is true.networkname[0]=;networkname[1]=
11-11 11:01:50.398   677   677 D StatusBar.NetworkControllerGemini: mNetworkName, sim1Inserted is false, sim2Inserted is true.networkname[0]=;networkname[1]=
11-11 11:01:50.874   677   677 I SurfaceTextureClient: [STC::queueBuffer] (this:0x5c22cdc0) fps:5.95, dur:1008.00, max:202.86, min:65.56
11-11 11:01:50.874   127   602 I BufferQueue: [StatusBar](this:0x45a36108,api:1) [queue] fps:5.95, dur:1008.00, max:202.79, min:65.66
11-11 11:01:50.889   127   227 I BufferQueue: [StatusBar](this:0x45a36108,api:1) [release] fps:5.95, dur:1007.95, max:201.64, min:73.56
11-11 11:01:50.890   127   227 I SurfaceTextureClient: [STC::queueBuffer] (this:0x424ca8c8) fps:5.95, dur:1008.16, max:202.15, min:73.84
11-11 11:01:50.890   127   227 I BufferQueue: [FramebufferSurface](this:0x4250c008,api:1) [release] fps:5.95, dur:1008.15, max:202.22, min:73.85
11-11 11:01:50.890   127   227 I BufferQueue: [FramebufferSurface](this:0x4250c008,api:1) [queue] fps:5.95, dur:1008.15, max:202.26, min:73.86
11-11 11:01:50.890   127   227 I SurfaceFlinger: [SurfaceFlinger] fps:5.951485,dur:1008.15,max:202.27,min:73.89
11-11 11:01:50.995   677   677 D StatusBar.NetworkControllerGemini: mNetworkName, sim1Inserted is false, sim2Inserted is true.networkname[0]=;networkname[1]=
11-11 11:01:51.012   677   677 D StatusBar.NetworkControllerGemini: mNetworkName, sim1Inserted is false, sim2Inserted is true.networkname[0]=;networkname[1]=
11-11 11:01:51.156   164   164 D ADB_SERVICES: adb fdevent_process list (20) (16) (19) (18) 
11-11 11:01:51.156   164   164 W ADB_SERVICES: create_local_service_socket() name=sync:
11-11 11:01:51.156   164   164 W ADB_SERVICES: LS(15111): bound to 'sync:' via 18
11-11 11:01:51.156   164   164 D ADB_SERVICES: adb local_socket_ready list (19) (18) 
11-11 11:01:51.163   164   164 D ADB_SERVICES: adb socket write list (19) (18) 
11-11 11:01:51.163   164   164 D ADB_SERVICES: write_data=4196
11-11 11:01:51.975   677   677 I SurfaceTextureClient: [STC::queueBuffer] (this:0x5c22cdc0) fps:2.73, dur:1100.69, max:696.95, min:199.95
11-11 11:01:51.975   127   127 I BufferQueue: [StatusBar](this:0x45a36108,api:1) [queue] fps:2.73, dur:1100.70, max:696.88, min:200.02
11-11 11:01:51.989   127   227 I BufferQueue: [StatusBar](this:0x45a36108,api:1) [release] fps:2.73, dur:1099.60, max:696.43, min:201.49
11-11 11:01:51.990   127   227 I SurfaceTextureClient: [STC::queueBuffer] (this:0x424ca8c8) fps:2.73, dur:1099.68, max:695.95, min:201.48
11-11 11:01:51.990   127   227 I BufferQueue: [FramebufferSurface](this:0x4250c008,api:1) [release] fps:2.73, dur:1099.68, max:695.88, min:201.48
11-11 11:01:51.990   127   227 I BufferQueue: [FramebufferSurface](this:0x4250c008,api:1) [queue] fps:2.73, dur:1099.69, max:695.84, min:201.48
11-11 11:01:51.990   127   227 I SurfaceFlinger: [SurfaceFlinger] fps:2.728051,dur:1099.69,max:695.84,min:201.47
11-11 11:01:53.000   677   677 I SurfaceTextureClient: [STC::queueBuffer] (this:0x5c22cdc0) fps:4.88, dur:1025.40, max:219.15, min:200.62
11-11 11:01:53.001   127  1180 I BufferQueue: [StatusBar](this:0x45a36108,api:1) [queue] fps:4.87, dur:1025.84, max:219.66, min:200.62
11-11 11:01:53.015   127   227 I BufferQueue: [StatusBar](this:0x45a36108,api:1) [release] fps:4.87, dur:1026.23, max:219.89, min:201.49
11-11 11:01:53.016   127   227 I SurfaceTextureClient: [STC::queueBuffer] (this:0x424ca8c8) fps:4.87, dur:1026.01, max:220.25, min:201.21
11-11 11:01:53.016   127   227 I BufferQueue: [FramebufferSurface](this:0x4250c008,api:1) [release] fps:4.87, dur:1026.03, max:220.33, min:201.15
11-11 11:01:53.016   127   227 I BufferQueue: [FramebufferSurface](this:0x4250c008,api:1) [queue] fps:4.87, dur:1026.03, max:220.37, min:201.13
11-11 11:01:53.016   127   227 I SurfaceFlinger: [SurfaceFlinger] fps:4.873143,dur:1026.03,max:220.38,min:201.10
11-11 11:01:53.034   677   677 D StatusBar.NetworkControllerGemini: mNetworkName, sim1Inserted is false, sim2Inserted is true.networkname[0]=;networkname[1]=
11-11 11:01:53.057   677   677 D StatusBar.NetworkControllerGemini: mNetworkName, sim1Inserted is false, sim2Inserted is true.networkname[0]=;networkname[1]=
11-11 11:01:53.393   578   645 D WifiNative-wlan0: doString: SIGNAL_POLL
11-11 11:01:53.412   578   645 V WifiManager: calculateSignalLevel(),numLevels = 5
11-11 11:01:54.041   677   677 D StatusBar.NetworkControllerGemini: mNetworkName, sim1Inserted is false, sim2Inserted is true.networkname[0]=;networkname[1]=
11-11 11:01:54.062   677   677 D StatusBar.NetworkControllerGemini: mNetworkName, sim1Inserted is false, sim2Inserted is true.networkname[0]=;networkname[1]=
11-11 11:01:54.168   164   164 D ADB_SERVICES: adb socket read list (19) (18) 
11-11 11:01:54.168   164   164 D ADB_SERVICES: read_data=11884
11-11 11:01:54.168   164   164 D ADB_SERVICES: max_read_time=0.000088 max_send_time=0.000130 
11-11 11:01:54.169   164   164 D ADB_SERVICES: recv: CLSE 00000005 00003b07 
11-11 11:01:54.169   164   164 W ADB_SERVICES: entered. LS(15111) fd=18
11-11 11:01:54.169   164 32085 W ADB_SERVICES: readx: fd=22 disconnected
11-11 11:01:54.169   164 32085 W ADB_SERVICES: writex: fd=22 error 32: Broken pipe
11-11 11:01:54.171   164   164 W ADB_SERVICES: create_local_service_socket() name=shell:pm install -r "/data/local/tmp/com.comtop.mim"
11-11 11:01:54.172   164   164 W ADB_SERVICES: LS(15112): bound to 'shell:pm install -r "/data/local/tmp/com.comtop.mim"' via 18
11-11 11:01:54.173 32086 32086 W ADB_SERVICES: adb: unable to open /proc/32086/oom_adj
11-11 11:01:54.301 32087 32087 D AndroidRuntime: 
11-11 11:01:54.301 32087 32087 D AndroidRuntime: >>>>>> AndroidRuntime START com.android.internal.os.RuntimeInit (tool) <<<<<<
11-11 11:01:54.301 32087 32087 D AndroidRuntime: JNI trace buf :-Xjnitrace:
11-11 11:01:54.301 32087 32087 D AndroidRuntime: CheckJNI is OFF
11-11 11:01:54.301 32087 32087 D AndroidRuntime: language=-Duser.language=zh region=-Duser.region=CN
11-11 11:01:54.335 32087 32087 D jdwp    : prepping for JDWP over ADB
11-11 11:01:54.336 32087 32093 D jdwp    : JDWP: thread running
11-11 11:01:54.336   164   164 D ADB_SERVICES: Adding socket 22 pid 32087 to jdwp process list
11-11 11:01:54.336 32087 32093 D jdwp    : trying to receive file descriptor from ADB
11-11 11:01:54.339   164   164 W ADB_SERVICES: create_local_service_socket() name=jdwp:32087
11-11 11:01:54.339   164   164 W ADB_SERVICES: looking for pid 32087 in JDWP process list return fds0(23) fds1(24)
11-11 11:01:54.339   164   164 W ADB_SERVICES: LS(15113): bound to 'jdwp:32087' via 23
11-11 11:01:54.339   164   164 W ADB_SERVICES: trying to write to JDWP socket=22 pid=32087 count=1 out_fds=24
11-11 11:01:54.339 32087 32093 D jdwp    : received file descriptor 34 from ADB
11-11 11:01:54.484   677   677 I SurfaceTextureClient: [STC::queueBuffer] (this:0x5c22cdc0) fps:3.37, dur:1483.62, max:694.27, min:184.36
11-11 11:01:54.484   127   127 I BufferQueue: [StatusBar](this:0x45a36108,api:1) [queue] fps:3.37, dur:1483.04, max:693.77, min:183.86
11-11 11:01:54.493 32087 32087 D AndroidRuntime: Calling main entry com.android.commands.pm.Pm
11-11 11:01:54.499   127   227 I BufferQueue: [StatusBar](this:0x45a36108,api:1) [release] fps:3.37, dur:1484.08, max:696.08, min:182.96
11-11 11:01:54.500   127   227 I SurfaceTextureClient: [STC::queueBuffer] (this:0x424ca8c8) fps:3.37, dur:1483.65, max:695.73, min:182.62
11-11 11:01:54.500   127   227 I BufferQueue: [FramebufferSurface](this:0x4250c008,api:1) [release] fps:3.37, dur:1483.60, max:695.76, min:182.53
11-11 11:01:54.500   127   227 I BufferQueue: [FramebufferSurface](this:0x4250c008,api:1) [queue] fps:3.37, dur:1483.59, max:695.79, min:182.48
11-11 11:01:54.500   127   227 I SurfaceFlinger: [SurfaceFlinger] fps:3.370271,dur:1483.56,max:695.77,min:182.43
11-11 11:01:54.504   578   588 I ActivityManager: START u0 {act=android.intent.action.VIEW dat=file:///data/local/tmp/com.comtop.mim typ=application/vnd.android.package-archive flg=0x10000000 cmp=com.android.packageinstaller/.PackageInstallerActivity (has extras)} from pid 32087
11-11 11:01:54.505   578   588 I libPerfService: 1: set: 2
11-11 11:01:54.506   578   588 W ActivityManager: [LTK] pid, app, 3d=855, 0, 93868032
