11-11 10:59:22.154  1029  1029 W ApplicationContext: Calling a method in the system process without a qualified user: android.app.ContextImpl.bindService:1563 android.content.ContextWrapper.bindService:473 com.miui.optimizecenter.packages.PackageListener.bc:201 com.miui.optimizecenter.packages.PackageListener.onReceive:95 android.app.ActivityThread.handleReceiver:2598 
11-11 10:59:22.210   578   898 D ConnectivityService: getActiveNetworkInfo:NetworkInfo: type: WIFI[], state: CONNECTED/CONNECTED, reason: (unspecified), extra: "wifi-confine", roaming: false, failover: false, isAvailable: true, simId: 0/10021
11-11 10:59:22.212   578   589 I ActivityManager: Start proc com.miui.guardprovider:remote for service com.miui.guardprovider/.service.FileProxyService: pid=32039 uid=10024 gids={50024, 3003, 1015, 1028}
11-11 10:59:22.222   122   500 D FrameworkListener: dispatchCommand data = (getaddrinfo app.migc.xiaomi.com ^ 1024 0 1 0)
11-11 10:59:22.255   578   842 V ActivityManager: Binding process pid 32039 to record ProcessRecord{42600ae0 32039:com.miui.guardprovider:remote/u0a10024}
11-11 10:59:22.255   578   842 V ActivityManager: New death recipient com.android.server.am.ActivityManagerService$AppDeathRecipient@43964100 for thread android.os.BinderProxy@4397f620
11-11 10:59:22.256   578   842 V ActivityManager: New app record ProcessRecord{42600ae0 32039:com.miui.guardprovider:remote/u0a10024} thread=android.os.BinderProxy@4397f620 pid=32039
11-11 10:59:22.415   578   593 V ActivityManager: Broadcast: Intent { act=android.intent.action.APPLICATION_MESSAGE_UPDATE flg=0x10 (has extras) } ordered=false userid=0 callerApp=ProcessRecord{42cb2680 31875:com.xiaomi.market/u0a10059}
11-11 10:59:22.417   578   971 V ActivityManager: Broadcast sticky: Intent { act=com.xiaomi.market.action.APP_UPDATE_CHECKED flg=0x10 (has extras) } ordered=false userid=0 callerApp=ProcessRecord{42cb2680 31875:com.xiaomi.market/u0a10059}
11-11 10:59:22.422   578   800 D ConnectivityService: getActiveNetworkInfo:NetworkInfo: type: WIFI[], state: CONNECTED/CONNECTED, reason: (unspecified), extra: "wifi-confine", roaming: false, failover: false, isAvailable: true, simId: 0/10059
11-11 10:59:22.426   578   826 D ConnectivityService: getActiveNetworkInfo:NetworkInfo: type: WIFI[], state: CONNECTED/CONNECTED, reason: (unspecified), extra: "wifi-confine", roaming: false, failover: false, isAvailable: true, simId: 0/10059
11-11 10:59:22.451   578   842 V AppWidgetServiceImpl: getInstalledProviders hostName = com.miui.home
11-11 10:59:22.451   578   842 V AppWidgetServiceImpl: permission of the launcher: -1 enableFiltering = true
11-11 10:59:22.451   578   842 V AppWidgetServiceImpl: widget package name: com.android.browser Permission: -1
11-11 10:59:22.451   578   842 V AppWidgetServiceImpl: p.zombie = false
11-11 10:59:22.451   578   842 V AppWidgetServiceImpl: widget package name: com.android.calendar Permission: -1
11-11 10:59:22.451   578   842 V AppWidgetServiceImpl: p.zombie = false
11-11 10:59:22.451   578   842 V AppWidgetServiceImpl: widget package name: com.android.calendar Permission: -1
11-11 10:59:22.451   578   842 V AppWidgetServiceImpl: p.zombie = false
11-11 10:59:22.451   578   842 V AppWidgetServiceImpl: widget package name: com.android.deskclock Permission: -1
11-11 10:59:22.451   578   842 V AppWidgetServiceImpl: p.zombie = false
11-11 10:59:22.452   578   842 V AppWidgetServiceImpl: widget package name: com.android.email Permission: -1
11-11 10:59:22.452   578   842 V AppWidgetServiceImpl: p.zombie = false
11-11 10:59:22.452   578   842 V AppWidgetServiceImpl: widget package name: com.miui.gallery Permission: -1
11-11 10:59:22.452   578   842 V AppWidgetServiceImpl: p.zombie = false
11-11 10:59:22.452   578   842 V AppWidgetServiceImpl: widget package name: com.miui.player Permission: -1
11-11 10:59:22.452   578   842 V AppWidgetServiceImpl: p.zombie = false
11-11 10:59:22.452   578   842 V AppWidgetServiceImpl: widget package name: com.miui.notes Permission: -1
11-11 10:59:22.452   578   842 V AppWidgetServiceImpl: p.zombie = false
11-11 10:59:22.452   578   842 V AppWidgetServiceImpl: widget package name: com.android.settings Permission: -1
11-11 10:59:22.452   578   842 V AppWidgetServiceImpl: p.zombie = false
11-11 10:59:22.452   578   842 V AppWidgetServiceImpl: widget package name: com.storm.smart Permission: -1
11-11 10:59:22.452   578   842 V AppWidgetServiceImpl: p.zombie = false
11-11 10:59:22.485   578   578 D ConnectivityService: getActiveNetworkInfo:NetworkInfo: type: WIFI[], state: CONNECTED/CONNECTED, reason: (unspecified), extra: "wifi-confine", roaming: false, failover: false, isAvailable: true, simId: 0/10059
11-11 10:59:22.488   578   970 D ConnectivityService: getActiveNetworkInfo:NetworkInfo: type: WIFI[], state: CONNECTED/CONNECTED, reason: (unspecified), extra: "wifi-confine", roaming: false, failover: false, isAvailable: true, simId: 0/10059
11-11 10:59:22.489   578   841 D ConnectivityService: getActiveNetworkInfo:NetworkInfo: type: WIFI[], state: CONNECTED/CONNECTED, reason: (unspecified), extra: "wifi-confine", roaming: false, failover: false, isAvailable: true, simId: 0/10059
11-11 10:59:22.493   578   897 D ConnectivityService: getActiveNetworkInfo:NetworkInfo: type: WIFI[], state: CONNECTED/CONNECTED, reason: (unspecified), extra: "wifi-confine", roaming: false, failover: false, isAvailable: true, simId: 0/10059
11-11 10:59:22.496   122   500 D FrameworkListener: dispatchCommand data = (getaddrinfo app.market.xiaomi.com ^ 1024 0 1 0)
11-11 10:59:23.384   578   898 D ConnectivityService: getActiveNetworkInfo:NetworkInfo: type: WIFI[], state: CONNECTED/CONNECTED, reason: (unspecified), extra: "wifi-confine", roaming: false, failover: false, isAvailable: true, simId: 0/10059
11-11 10:59:23.387   578   970 D ConnectivityService: getActiveNetworkInfo:NetworkInfo: type: WIFI[], state: CONNECTED/CONNECTED, reason: (unspecified), extra: "wifi-confine", roaming: false, failover: false, isAvailable: true, simId: 0/10059
11-11 10:59:23.388   578   589 D ConnectivityService: getActiveNetworkInfo:NetworkInfo: type: WIFI[], state: CONNECTED/CONNECTED, reason: (unspecified), extra: "wifi-confine", roaming: false, failover: false, isAvailable: true, simId: 0/10059
11-11 10:59:23.390   578   593 D ConnectivityService: getActiveNetworkInfo:NetworkInfo: type: WIFI[], state: CONNECTED/CONNECTED, reason: (unspecified), extra: "wifi-confine", roaming: false, failover: false, isAvailable: true, simId: 0/10059
11-11 10:59:25.026   578   594 V ActivityManager: Broadcast sticky: Intent { act=android.intent.action.BATTERY_CHANGED flg=0x60000010 (has extras) } ordered=false userid=-1 callerApp=null
11-11 10:59:26.671   578   897 V ActivityManager: Broadcast sticky: Intent { act=android.intent.action.SIG_STR flg=0x10 (has extras) } ordered=false userid=-1 callerApp=ProcessRecord{42697b88 578:system/1000}
11-11 10:59:32.591   578   895 D ConnectivityService: getActiveNetworkInfo:NetworkInfo: type: WIFI[], state: CONNECTED/CONNECTED, reason: (unspecified), extra: "wifi-confine", roaming: false, failover: false, isAvailable: true, simId: 0/10059
11-11 10:59:32.597   578   801 D ConnectivityService: getActiveNetworkInfo:NetworkInfo: type: WIFI[], state: CONNECTED/CONNECTED, reason: (unspecified), extra: "wifi-confine", roaming: false, failover: false, isAvailable: true, simId: 0/10059
11-11 10:59:32.598   578   578 D ConnectivityService: getActiveNetworkInfo:NetworkInfo: type: WIFI[], state: CONNECTED/CONNECTED, reason: (unspecified), extra: "wifi-confine", roaming: false, failover: false, isAvailable: true, simId: 0/10059
11-11 10:59:32.600   578   898 D ConnectivityService: getActiveNetworkInfo:NetworkInfo: type: WIFI[], state: CONNECTED/CONNECTED, reason: (unspecified), extra: "wifi-confine", roaming: false, failover: false, isAvailable: true, simId: 0/10059
11-11 10:59:32.601   578   589 D ConnectivityService: getActiveNetworkInfo:NetworkInfo: type: WIFI[], state: CONNECTED/CONNECTED, reason: (unspecified), extra: "wifi-confine", roaming: false, failover: false, isAvailable: true, simId: 0/10059
11-11 10:59:32.601   578   970 D ConnectivityService: getActiveNetworkInfo:NetworkInfo: type: WIFI[], state: CONNECTED/CONNECTED, reason: (unspecified), extra: "wifi-confine", roaming: false, failover: false, isAvailable: true, simId: 0/10059
11-11 10:59:32.604   578   971 D ConnectivityService: getActiveNetworkInfo:NetworkInfo: type: WIFI[], state: CONNECTED/CONNECTED, reason: (unspecified), extra: "wifi-confine", roaming: false, failover: false, isAvailable: true, simId: 0/10059
11-11 10:59:32.607   122   500 D FrameworkListener: dispatchCommand data = (getaddrinfo app.market.xiaomi.com ^ 1024 0 1 0)
11-11 10:59:32.611   578   588 D ConnectivityService: getActiveNetworkInfo:NetworkInfo: type: WIFI[], state: CONNECTED/CONNECTED, reason: (unspecified), extra: "wifi-confine", roaming: false, failover: false, isAvailable: true, simId: 0/10059
11-11 10:59:33.449   578   588 D ConnectivityService: getActiveNetworkInfo:NetworkInfo: type: WIFI[], state: CONNECTED/CONNECTED, reason: (unspecified), extra: "wifi-confine", roaming: false, failover: false, isAvailable: true, simId: 0/10059
11-11 10:59:33.454   578   842 D ConnectivityService: getActiveNetworkInfo:NetworkInfo: type: WIFI[], state: CONNECTED/CONNECTED, reason: (unspecified), extra: "wifi-confine", roaming: false, failover: false, isAvailable: true, simId: 0/10059
11-11 10:59:33.455   578   800 D ConnectivityService: getActiveNetworkInfo:NetworkInfo: type: WIFI[], state: CONNECTED/CONNECTED, reason: (unspecified), extra: "wifi-confine", roaming: false, failover: false, isAvailable: true, simId: 0/10059
11-11 10:59:33.458   578   826 D ConnectivityService: getActiveNetworkInfo:NetworkInfo: type: WIFI[], state: CONNECTED/CONNECTED, reason: (unspecified), extra: "wifi-confine", roaming: false, failover: false, isAvailable: true, simId: 0/10059
11-11 10:59:35.027   578   594 V ActivityManager: Broadcast sticky: Intent { act=android.intent.action.BATTERY_CHANGED flg=0x60000010 (has extras) } ordered=false userid=-1 callerApp=null
11-11 10:59:36.087   578   897 V ActivityManager: Broadcast sticky: Intent { act=android.intent.action.SIG_STR flg=0x10 (has extras) } ordered=false userid=-1 callerApp=ProcessRecord{42697b88 578:system/1000}
11-11 10:59:41.693   578   826 D ConnectivityService: getActiveNetworkInfo:NetworkInfo: type: WIFI[], state: CONNECTED/CONNECTED, reason: (unspecified), extra: "wifi-confine", roaming: false, failover: false, isAvailable: true, simId: 0/1000
11-11 10:59:42.670   578   578 V ActivityManager: Broadcast: Intent { act=android.intent.action.APPLICATION_MESSAGE_UPDATE flg=0x10 (has extras) } ordered=false userid=0 callerApp=ProcessRecord{42cb2680 31875:com.xiaomi.market/u0a10059}
11-11 10:59:42.675   578   589 V ActivityManager: Broadcast sticky: Intent { act=com.xiaomi.market.action.APP_UPDATE_CHECKED flg=0x10 (has extras) } ordered=false userid=0 callerApp=ProcessRecord{42cb2680 31875:com.xiaomi.market/u0a10059}
11-11 10:59:42.698   578   841 D ConnectivityService: getActiveNetworkInfo:NetworkInfo: type: WIFI[], state: CONNECTED/CONNECTED, reason: (unspecified), extra: "wifi-confine", roaming: false, failover: false, isAvailable: true, simId: 0/10059
11-11 10:59:43.502   578   588 D ConnectivityService: getActiveNetworkInfo:NetworkInfo: type: WIFI[], state: CONNECTED/CONNECTED, reason: (unspecified), extra: "wifi-confine", roaming: false, failover: false, isAvailable: true, simId: 0/10059
11-11 10:59:43.514   578   842 D ConnectivityService: getActiveNetworkInfo:NetworkInfo: type: WIFI[], state: CONNECTED/CONNECTED, reason: (unspecified), extra: "wifi-confine", roaming: false, failover: false, isAvailable: true, simId: 0/10059
11-11 10:59:43.531   578   800 D ConnectivityService: getActiveNetworkInfo:NetworkInfo: type: WIFI[], state: CONNECTED/CONNECTED, reason: (unspecified), extra: "wifi-confine", roaming: false, failover: false, isAvailable: true, simId: 0/10059
11-11 10:59:43.532   578   895 D ConnectivityService: getActiveNetworkInfo:NetworkInfo: type: WIFI[], state: CONNECTED/CONNECTED, reason: (unspecified), extra: "wifi-confine", roaming: false, failover: false, isAvailable: true, simId: 0/10059
11-11 10:59:43.534   578   801 D ConnectivityService: getActiveNetworkInfo:NetworkInfo: type: WIFI[], state: CONNECTED/CONNECTED, reason: (unspecified), extra: "wifi-confine", roaming: false, failover: false, isAvailable: true, simId: 0/10059
11-11 10:59:43.536   122   500 D FrameworkListener: dispatchCommand data = (getaddrinfo app.market.xiaomi.com ^ 1024 0 1 0)
11-11 10:59:45.027   578   594 V ActivityManager: Broadcast sticky: Intent { act=android.intent.action.BATTERY_CHANGED flg=0x60000010 (has extras) } ordered=false userid=-1 callerApp=null
11-11 10:59:45.982   578   613 V AlarmManager: Native set alarm :Alarm{429b5c88 type 1 com.sohu.inputmethod.sogou}
11-11 10:59:45.982   578   613 I AlarmManager: reset poweroff alarm none
11-11 10:59:45.983   578   613 V ActivityManager: Broadcast: Intent { flg=0x14 cmp=com.sohu.inputmethod.sogou/com.sohu.inputmethod.settings.AutoUpgradeReceiver (has extras) } ordered=true userid=0 callerApp=null
11-11 10:59:45.995   578   613 D PowerManagerDisplayController: requestPowerState: screenState=2, useProximitySensor=false, forceProximitySensorEnable=false, forceWakeUpEnable=false, screenBrightness=60, screenAutoBrightnessAdjustment=0.0, useAutoBrightness=false, useEcoBrightness=false, blockScreenOn=false, waitForNegativeProximity=false
11-11 10:59:45.996   578   613 I PowerManagerService: setBrightness mButtonLight 0.
11-11 10:59:46.006   578   898 D MobileDataStateTracker: default: getNetworkInfo: updated IsAvailable=true
11-11 10:59:46.010   578   898 D MobileDataStateTracker: default: getNetworkInfo: updated IsAvailable=true
11-11 10:59:46.013   578   898 D MobileDataStateTracker: mms: getNetworkInfo: updated IsAvailable=true
11-11 10:59:46.015   578   898 D MobileDataStateTracker: mms: getNetworkInfo: updated IsAvailable=true
11-11 10:59:46.019   578   898 D MobileDataStateTracker: supl: getNetworkInfo: updated IsAvailable=true
11-11 10:59:46.019   578   898 D MobileDataStateTracker: supl: getNetworkInfo: updated IsAvailable=true
11-11 10:59:46.021   578   898 D MobileDataStateTracker: dun: getNetworkInfo: updated IsAvailable=true
11-11 10:59:46.022   578   898 D MobileDataStateTracker: dun: getNetworkInfo: updated IsAvailable=true
11-11 10:59:46.024   578   898 D MobileDataStateTracker: hipri: getNetworkInfo: updated IsAvailable=true
11-11 10:59:46.024   578   898 D MobileDataStateTracker: hipri: getNetworkInfo: updated IsAvailable=true
11-11 10:59:46.026   578   898 D MobileDataStateTracker: fota: getNetworkInfo: updated IsAvailable=true
11-11 10:59:46.026   578   898 D MobileDataStateTracker: fota: getNetworkInfo: updated IsAvailable=true
11-11 10:59:46.028   578   898 D MobileDataStateTracker: ims: getNetworkInfo: updated IsAvailable=true
11-11 10:59:46.029   578   898 D MobileDataStateTracker: ims: getNetworkInfo: updated IsAvailable=true
11-11 10:59:46.030   578   898 D MobileDataStateTracker: cbs: getNetworkInfo: updated IsAvailable=true
11-11 10:59:46.030   578   898 D MobileDataStateTracker: cbs: getNetworkInfo: updated IsAvailable=true
11-11 10:59:46.032   578   898 D MobileDataStateTracker: dm: getNetworkInfo: updated IsAvailable=true
11-11 10:59:46.033   578   898 D MobileDataStateTracker: dm: getNetworkInfo: updated IsAvailable=true
11-11 10:59:46.035   578   898 D MobileDataStateTracker: wap: getNetworkInfo: updated IsAvailable=true
11-11 10:59:46.036   578   898 D MobileDataStateTracker: wap: getNetworkInfo: updated IsAvailable=true
11-11 10:59:46.037   578   898 D MobileDataStateTracker: net: getNetworkInfo: updated IsAvailable=true
11-11 10:59:46.038   578   898 D MobileDataStateTracker: net: getNetworkInfo: updated IsAvailable=true
11-11 10:59:46.040   578   898 D MobileDataStateTracker: cmmail: getNetworkInfo: updated IsAvailable=true
11-11 10:59:46.041   578   898 D MobileDataStateTracker: cmmail: getNetworkInfo: updated IsAvailable=true
11-11 10:59:46.042   578   898 D MobileDataStateTracker: rcse: getNetworkInfo: updated IsAvailable=true
11-11 10:59:46.043   578   898 D MobileDataStateTracker: rcse: getNetworkInfo: updated IsAvailable=true
11-11 10:59:46.060   578   594 D PowerManagerDisplayController: requestPowerState: screenState=2, useProximitySensor=false, forceProximitySensorEnable=false, forceWakeUpEnable=false, screenBrightness=60, screenAutoBrightnessAdjustment=0.0, useAutoBrightness=false, useEcoBrightness=false, blockScreenOn=false, waitForNegativeProximity=false
11-11 10:59:46.060   578   594 I PowerManagerService: setBrightness mButtonLight 0.
11-11 10:59:46.131   578   971 D ConnectivityService: getActiveNetworkInfo:NetworkInfo: type: WIFI[], state: CONNECTED/CONNECTED, reason: (unspecified), extra: "wifi-confine", roaming: false, failover: false, isAvailable: true, simId: 0/10075
11-11 10:59:46.136   578   800 D ConnectivityService: getActiveNetworkInfo:NetworkInfo: type: WIFI[], state: CONNECTED/CONNECTED, reason: (unspecified), extra: "wifi-confine", roaming: false, failover: false, isAvailable: true, simId: 0/10075
11-11 10:59:46.136   578   895 D ConnectivityService: getActiveNetworkInfo:NetworkInfo: type: WIFI[], state: CONNECTED/CONNECTED, reason: (unspecified), extra: "wifi-confine", roaming: false, failover: false, isAvailable: true, simId: 0/10075
11-11 10:59:46.137   578   898 D ConnectivityService: getActiveNetworkInfo:NetworkInfo: type: WIFI[], state: CONNECTED/CONNECTED, reason: (unspecified), extra: "wifi-confine", roaming: false, failover: false, isAvailable: true, simId: 0/10075
11-11 10:59:46.137   578   801 D ConnectivityService: getActiveNetworkInfo:NetworkInfo: type: WIFI[], state: CONNECTED/CONNECTED, reason: (unspecified), extra: "wifi-confine", roaming: false, failover: false, isAvailable: true, simId: 0/10075
11-11 10:59:46.157   122   500 D FrameworkListener: dispatchCommand data = (getaddrinfo input.shouji.sogou.com ^ 1024 0 1 0)
--------- beginning of /dev/log/main
11-11 10:59:52.579   578   645 D WifiNative-wlan0: doString: SIGNAL_POLL
11-11 10:59:52.601   578   645 V WifiManager: calculateSignalLevel(),numLevels = 5
11-11 10:59:52.983   677   677 I SurfaceTextureClient: [STC::queueBuffer] (this:0x5c22cdc0) fps:4.96, dur:1007.96, max:203.77, min:199.38
11-11 10:59:52.983   127  1332 I BufferQueue: [StatusBar](this:0x45a36108,api:1) [queue] fps:4.96, dur:1007.96, max:203.68, min:199.37
11-11 10:59:52.998   127   227 I BufferQueue: [StatusBar](this:0x45a36108,api:1) [release] fps:4.96, dur:1007.93, max:201.63, min:201.53
11-11 10:59:52.999   127   227 I SurfaceTextureClient: [STC::queueBuffer] (this:0x424ca8c8) fps:4.96, dur:1008.22, max:202.18, min:201.43
11-11 10:59:52.999   127   227 I BufferQueue: [FramebufferSurface](this:0x4250c008,api:1) [release] fps:4.96, dur:1008.22, max:202.25, min:201.43
11-11 10:59:52.999   127   227 I BufferQueue: [FramebufferSurface](this:0x4250c008,api:1) [queue] fps:4.96, dur:1008.21, max:202.29, min:201.43
11-11 10:59:52.999   127   227 I SurfaceFlinger: [SurfaceFlinger] fps:4.959253,dur:1008.22,max:202.30,min:201.42
11-11 10:59:53.583 31875 32059 I System.out: [socket][6:40073] exception
11-11 10:59:53.588 31875 32059 I System.out: [CDS]close[40073]
11-11 10:59:53.589 31875 32059 E MarketConnection: Connection Exception for app.market.xiaomi.com :java.net.SocketTimeoutException: failed to connect to app.market.xiaomi.com/114.54.23.44 (port 80) after 10000ms
11-11 10:59:53.591 31875 32059 D TelephonyManager: getDefaultSim is sim2
11-11 10:59:53.591 31875 32059 D TelephonyManager: getSubscriberInfo simId = 1
11-11 10:59:53.595 31875 32059 E MarketConnection: Connection failed : NETWORK_ERROR
11-11 10:59:53.597   578   578 D ConnectivityService: getActiveNetworkInfo:NetworkInfo: type: WIFI[], state: CONNECTED/CONNECTED, reason: (unspecified), extra: "wifi-confine", roaming: false, failover: false, isAvailable: true, simId: 0/10059
11-11 10:59:53.601   578   970 D ConnectivityService: getActiveNetworkInfo:NetworkInfo: type: WIFI[], state: CONNECTED/CONNECTED, reason: (unspecified), extra: "wifi-confine", roaming: false, failover: false, isAvailable: true, simId: 0/10059
11-11 10:59:53.607   578   593 D ConnectivityService: getActiveNetworkInfo:NetworkInfo: type: WIFI[], state: CONNECTED/CONNECTED, reason: (unspecified), extra: "wifi-confine", roaming: false, failover: false, isAvailable: true, simId: 0/10059
11-11 10:59:53.611   578   971 D ConnectivityService: getActiveNetworkInfo:NetworkInfo: type: WIFI[], state: CONNECTED/CONNECTED, reason: (unspecified), extra: "wifi-confine", roaming: false, failover: false, isAvailable: true, simId: 0/10059
11-11 10:59:53.613   578   588 D ConnectivityService: getActiveNetworkInfo:NetworkInfo: type: WIFI[], state: CONNECTED/CONNECTED, reason: (unspecified), extra: "wifi-confine", roaming: false, failover: false, isAvailable: true, simId: 0/10059
11-11 10:59:53.615   578   842 D ConnectivityService: getActiveNetworkInfo:NetworkInfo: type: WIFI[], state: CONNECTED/CONNECTED, reason: (unspecified), extra: "wifi-confine", roaming: false, failover: false, isAvailable: true, simId: 0/10059
11-11 10:59:53.617   578   895 D ConnectivityService: getActiveNetworkInfo:NetworkInfo: type: WIFI[], state: CONNECTED/CONNECTED, reason: (unspecified), extra: "wifi-confine", roaming: false, failover: false, isAvailable: true, simId: 0/10059
11-11 10:59:53.619   578   801 D ConnectivityService: getActiveNetworkInfo:NetworkInfo: type: WIFI[], state: CONNECTED/CONNECTED, reason: (unspecified), extra: "wifi-confine", roaming: false, failover: false, isAvailable: true, simId: 0/10059
11-11 10:59:53.622   578   826 D ConnectivityService: getActiveNetworkInfo:NetworkInfo: type: WIFI[], state: CONNECTED/CONNECTED, reason: (unspecified), extra: "wifi-confine", roaming: false, failover: false, isAvailable: true, simId: 0/10059
11-11 10:59:53.624   578   841 D ConnectivityService: getActiveNetworkInfo:NetworkInfo: type: WIFI[], state: CONNECTED/CONNECTED, reason: (unspecified), extra: "wifi-confine", roaming: false, failover: false, isAvailable: true, simId: 0/10059
11-11 10:59:53.627   578   589 D ConnectivityService: getActiveNetworkInfo:NetworkInfo: type: WIFI[], state: CONNECTED/CONNECTED, reason: (unspecified), extra: "wifi-confine", roaming: false, failover: false, isAvailable: true, simId: 0/10059
11-11 10:59:53.630   578   824 D ConnectivityService: getActiveNetworkInfo:NetworkInfo: type: WIFI[], state: CONNECTED/CONNECTED, reason: (unspecified), extra: "wifi-confine", roaming: false, failover: false, isAvailable: true, simId: 0/10059
11-11 10:59:53.632   578   897 D ConnectivityService: getActiveNetworkInfo:NetworkInfo: type: WIFI[], state: CONNECTED/CONNECTED, reason: (unspecified), extra: "wifi-confine", roaming: false, failover: false, isAvailable: true, simId: 0/10059
11-11 10:59:53.633   578   800 D ConnectivityService: getActiveNetworkInfo:NetworkInfo: type: WIFI[], state: CONNECTED/CONNECTED, reason: (unspecified), extra: "wifi-confine", roaming: false, failover: false, isAvailable: true, simId: 0/10059
11-11 10:59:53.635   578   898 D ConnectivityService: getActiveNetworkInfo:NetworkInfo: type: WIFI[], state: CONNECTED/CONNECTED, reason: (unspecified), extra: "wifi-confine", roaming: false, failover: false, isAvailable: true, simId: 0/10059
11-11 10:59:53.636   578   578 D ConnectivityService: getActiveNetworkInfo:NetworkInfo: type: WIFI[], state: CONNECTED/CONNECTED, reason: (unspecified), extra: "wifi-confine", roaming: false, failover: false, isAvailable: true, simId: 0/10059
11-11 10:59:53.638   578   970 D ConnectivityService: getActiveNetworkInfo:NetworkInfo: type: WIFI[], state: CONNECTED/CONNECTED, reason: (unspecified), extra: "wifi-confine", roaming: false, failover: false, isAvailable: true, simId: 0/10059
11-11 10:59:53.640   578   593 D ConnectivityService: getActiveNetworkInfo:NetworkInfo: type: WIFI[], state: CONNECTED/CONNECTED, reason: (unspecified), extra: "wifi-confine", roaming: false, failover: false, isAvailable: true, simId: 0/10059
11-11 10:59:53.642   578   971 D ConnectivityService: getActiveNetworkInfo:NetworkInfo: type: WIFI[], state: CONNECTED/CONNECTED, reason: (unspecified), extra: "wifi-confine", roaming: false, failover: false, isAvailable: true, simId: 0/10059
11-11 10:59:53.644   578   588 D ConnectivityService: getActiveNetworkInfo:NetworkInfo: type: WIFI[], state: CONNECTED/CONNECTED, reason: (unspecified), extra: "wifi-confine", roaming: false, failover: false, isAvailable: true, simId: 0/10059
11-11 10:59:53.646   578   842 D ConnectivityService: getActiveNetworkInfo:NetworkInfo: type: WIFI[], state: CONNECTED/CONNECTED, reason: (unspecified), extra: "wifi-confine", roaming: false, failover: false, isAvailable: true, simId: 0/10059
11-11 10:59:53.648   578   895 D ConnectivityService: getActiveNetworkInfo:NetworkInfo: type: WIFI[], state: CONNECTED/CONNECTED, reason: (unspecified), extra: "wifi-confine", roaming: false, failover: false, isAvailable: true, simId: 0/10059
11-11 10:59:53.650   578   801 D ConnectivityService: getActiveNetworkInfo:NetworkInfo: type: WIFI[], state: CONNECTED/CONNECTED, reason: (unspecified), extra: "wifi-confine", roaming: false, failover: false, isAvailable: true, simId: 0/10059
11-11 10:59:53.652   578   826 D ConnectivityService: getActiveNetworkInfo:NetworkInfo: type: WIFI[], state: CONNECTED/CONNECTED, reason: (unspecified), extra: "wifi-confine", roaming: false, failover: false, isAvailable: true, simId: 0/10059
11-11 10:59:53.654   578   841 D ConnectivityService: getActiveNetworkInfo:NetworkInfo: type: WIFI[], state: CONNECTED/CONNECTED, reason: (unspecified), extra: "wifi-confine", roaming: false, failover: false, isAvailable: true, simId: 0/10059
11-11 10:59:53.656   578   589 D ConnectivityService: getActiveNetworkInfo:NetworkInfo: type: WIFI[], state: CONNECTED/CONNECTED, reason: (unspecified), extra: "wifi-confine", roaming: false, failover: false, isAvailable: true, simId: 0/10059
11-11 10:59:53.657   578   824 D ConnectivityService: getActiveNetworkInfo:NetworkInfo: type: WIFI[], state: CONNECTED/CONNECTED, reason: (unspecified), extra: "wifi-confine", roaming: false, failover: false, isAvailable: true, simId: 0/10059
11-11 10:59:53.658   578   897 D ConnectivityService: getActiveNetworkInfo:NetworkInfo: type: WIFI[], state: CONNECTED/CONNECTED, reason: (unspecified), extra: "wifi-confine", roaming: false, failover: false, isAvailable: true, simId: 0/10059
11-11 10:59:53.660   578   800 D ConnectivityService: getActiveNetworkInfo:NetworkInfo: type: WIFI[], state: CONNECTED/CONNECTED, reason: (unspecified), extra: "wifi-confine", roaming: false, failover: false, isAvailable: true, simId: 0/10059
11-11 10:59:53.661   578   898 D ConnectivityService: getActiveNetworkInfo:NetworkInfo: type: WIFI[], state: CONNECTED/CONNECTED, reason: (unspecified), extra: "wifi-confine", roaming: false, failover: false, isAvailable: true, simId: 0/10059
11-11 10:59:53.662   578   578 D ConnectivityService: getActiveNetworkInfo:NetworkInfo: type: WIFI[], state: CONNECTED/CONNECTED, reason: (unspecified), extra: "wifi-confine", roaming: false, failover: false, isAvailable: true, simId: 0/10059
11-11 10:59:53.663   578   970 D ConnectivityService: getActiveNetworkInfo:NetworkInfo: type: WIFI[], state: CONNECTED/CONNECTED, reason: (unspecified), extra: "wifi-confine", roaming: false, failover: false, isAvailable: true, simId: 0/10059
11-11 10:59:53.665   578   593 D ConnectivityService: getActiveNetworkInfo:NetworkInfo: type: WIFI[], state: CONNECTED/CONNECTED, reason: (unspecified), extra: "wifi-confine", roaming: false, failover: false, isAvailable: true, simId: 0/10059
11-11 10:59:53.666   578   971 D ConnectivityService: getActiveNetworkInfo:NetworkInfo: type: WIFI[], state: CONNECTED/CONNECTED, reason: (unspecified), extra: "wifi-confine", roaming: false, failover: false, isAvailable: true, simId: 0/10059
11-11 10:59:53.667   578   588 D ConnectivityService: getActiveNetworkInfo:NetworkInfo: type: WIFI[], state: CONNECTED/CONNECTED, reason: (unspecified), extra: "wifi-confine", roaming: false, failover: false, isAvailable: true, simId: 0/10059
11-11 10:59:53.669   578   842 D ConnectivityService: getActiveNetworkInfo:NetworkInfo: type: WIFI[], state: CONNECTED/CONNECTED, reason: (unspecified), extra: "wifi-confine", roaming: false, failover: false, isAvailable: true, simId: 0/10059
11-11 10:59:53.671   578   895 D ConnectivityService: getActiveNetworkInfo:NetworkInfo: type: WIFI[], state: CONNECTED/CONNECTED, reason: (unspecified), extra: "wifi-confine", roaming: false, failover: false, isAvailable: true, simId: 0/10059
11-11 10:59:53.673   578   801 D ConnectivityService: getActiveNetworkInfo:NetworkInfo: type: WIFI[], state: CONNECTED/CONNECTED, reason: (unspecified), extra: "wifi-confine", roaming: false, failover: false, isAvailable: true, simId: 0/10059
11-11 10:59:53.674   578   826 D ConnectivityService: getActiveNetworkInfo:NetworkInfo: type: WIFI[], state: CONNECTED/CONNECTED, reason: (unspecified), extra: "wifi-confine", roaming: false, failover: false, isAvailable: true, simId: 0/10059
11-11 10:59:53.676   578   841 D ConnectivityService: getActiveNetworkInfo:NetworkInfo: type: WIFI[], state: CONNECTED/CONNECTED, reason: (unspecified), extra: "wifi-confine", roaming: false, failover: false, isAvailable: true, simId: 0/10059
11-11 10:59:53.677   578   589 D ConnectivityService: getActiveNetworkInfo:NetworkInfo: type: WIFI[], state: CONNECTED/CONNECTED, reason: (unspecified), extra: "wifi-confine", roaming: false, failover: false, isAvailable: true, simId: 0/10059
11-11 10:59:53.678   578   824 D ConnectivityService: getActiveNetworkInfo:NetworkInfo: type: WIFI[], state: CONNECTED/CONNECTED, reason: (unspecified), extra: "wifi-confine", roaming: false, failover: false, isAvailable: true, simId: 0/10059
11-11 10:59:53.679   578   897 D ConnectivityService: getActiveNetworkInfo:NetworkInfo: type: WIFI[], state: CONNECTED/CONNECTED, reason: (unspecified), extra: "wifi-confine", roaming: false, failover: false, isAvailable: true, simId: 0/10059
11-11 10:59:53.680   578   800 D ConnectivityService: getActiveNetworkInfo:NetworkInfo: type: WIFI[], state: CONNECTED/CONNECTED, reason: (unspecified), extra: "wifi-confine", roaming: false, failover: false, isAvailable: true, simId: 0/10059
11-11 10:59:53.681   578   898 D ConnectivityService: getActiveNetworkInfo:NetworkInfo: type: WIFI[], state: CONNECTED/CONNECTED, reason: (unspecified), extra: "wifi-confine", roaming: false, failover: false, isAvailable: true, simId: 0/10059
11-11 10:59:53.682   578   578 D ConnectivityService: getActiveNetworkInfo:NetworkInfo: type: WIFI[], state: CONNECTED/CONNECTED, reason: (unspecified), extra: "wifi-confine", roaming: false, failover: false, isAvailable: true, simId: 0/10059
11-11 10:59:53.683   578   970 D ConnectivityService: getActiveNetworkInfo:NetworkInfo: type: WIFI[], state: CONNECTED/CONNECTED, reason: (unspecified), extra: "wifi-confine", roaming: false, failover: false, isAvailable: true, simId: 0/10059
11-11 10:59:53.685   578   593 D ConnectivityService: getActiveNetworkInfo:NetworkInfo: type: WIFI[], state: CONNECTED/CONNECTED, reason: (unspecified), extra: "wifi-confine", roaming: false, failover: false, isAvailable: true, simId: 0/10059
11-11 10:59:53.687   578   971 D ConnectivityService: getActiveNetworkInfo:NetworkInfo: type: WIFI[], state: CONNECTED/CONNECTED, reason: (unspecified), extra: "wifi-confine", roaming: false, failover: false, isAvailable: true, simId: 0/10059
11-11 10:59:53.688   578   588 D ConnectivityService: getActiveNetworkInfo:NetworkInfo: type: WIFI[], state: CONNECTED/CONNECTED, reason: (unspecified), extra: "wifi-confine", roaming: false, failover: false, isAvailable: true, simId: 0/10059
11-11 10:59:53.689   578   842 D ConnectivityService: getActiveNetworkInfo:NetworkInfo: type: WIFI[], state: CONNECTED/CONNECTED, reason: (unspecified), extra: "wifi-confine", roaming: false, failover: false, isAvailable: true, simId: 0/10059
11-11 10:59:53.690   578   895 D ConnectivityService: getActiveNetworkInfo:NetworkInfo: type: WIFI[], state: CONNECTED/CONNECTED, reason: (unspecified), extra: "wifi-confine", roaming: false, failover: false, isAvailable: true, simId: 0/10059
11-11 10:59:53.692   578   801 D ConnectivityService: getActiveNetworkInfo:NetworkInfo: type: WIFI[], state: CONNECTED/CONNECTED, reason: (unspecified), extra: "wifi-confine", roaming: false, failover: false, isAvailable: true, simId: 0/10059
11-11 10:59:53.694   578   826 D ConnectivityService: getActiveNetworkInfo:NetworkInfo: type: WIFI[], state: CONNECTED/CONNECTED, reason: (unspecified), extra: "wifi-confine", roaming: false, failover: false, isAvailable: true, simId: 0/10059
11-11 10:59:53.696   578   841 D ConnectivityService: getActiveNetworkInfo:NetworkInfo: type: WIFI[], state: CONNECTED/CONNECTED, reason: (unspecified), extra: "wifi-confine", roaming: false, failover: false, isAvailable: true, simId: 0/10059
11-11 10:59:53.697   578   589 D ConnectivityService: getActiveNetworkInfo:NetworkInfo: type: WIFI[], state: CONNECTED/CONNECTED, reason: (unspecified), extra: "wifi-confine", roaming: false, failover: false, isAvailable: true, simId: 0/10059
11-11 10:59:53.698   578   824 D ConnectivityService: getActiveNetworkInfo:NetworkInfo: type: WIFI[], state: CONNECTED/CONNECTED, reason: (unspecified), extra: "wifi-confine", roaming: false, failover: false, isAvailable: true, simId: 0/10059
11-11 10:59:53.699   578   897 D ConnectivityService: getActiveNetworkInfo:NetworkInfo: type: WIFI[], state: CONNECTED/CONNECTED, reason: (unspecified), extra: "wifi-confine", roaming: false, failover: false, isAvailable: true, simId: 0/10059
11-11 10:59:53.700   578   800 D ConnectivityService: getActiveNetworkInfo:NetworkInfo: type: WIFI[], state: CONNECTED/CONNECTED, reason: (unspecified), extra: "wifi-confine", roaming: false, failover: false, isAvailable: true, simId: 0/10059
11-11 10:59:53.702   578   898 D ConnectivityService: getActiveNetworkInfo:NetworkInfo: type: WIFI[], state: CONNECTED/CONNECTED, reason: (unspecified), extra: "wifi-confine", roaming: false, failover: false, isAvailable: true, simId: 0/10059
11-11 10:59:53.703   578   578 D ConnectivityService: getActiveNetworkInfo:NetworkInfo: type: WIFI[], state: CONNECTED/CONNECTED, reason: (unspecified), extra: "wifi-confine", roaming: false, failover: false, isAvailable: true, simId: 0/10059
11-11 10:59:53.704   578   970 D ConnectivityService: getActiveNetworkInfo:NetworkInfo: type: WIFI[], state: CONNECTED/CONNECTED, reason: (unspecified), extra: "wifi-confine", roaming: false, failover: false, isAvailable: true, simId: 0/10059
11-11 10:59:53.705   578   593 D ConnectivityService: getActiveNetworkInfo:NetworkInfo: type: WIFI[], state: CONNECTED/CONNECTED, reason: (unspecified), extra: "wifi-confine", roaming: false, failover: false, isAvailable: true, simId: 0/10059
11-11 10:59:53.707   578   971 D ConnectivityService: getActiveNetworkInfo:NetworkInfo: type: WIFI[], state: CONNECTED/CONNECTED, reason: (unspecified), extra: "wifi-confine", roaming: false, failover: false, isAvailable: true, simId: 0/10059
11-11 10:59:53.708   578   588 D ConnectivityService: getActiveNetworkInfo:NetworkInfo: type: WIFI[], state: CONNECTED/CONNECTED, reason: (unspecified), extra: "wifi-confine", roaming: false, failover: false, isAvailable: true, simId: 0/10059
11-11 10:59:53.709   578   842 D ConnectivityService: getActiveNetworkInfo:NetworkInfo: type: WIFI[], state: CONNECTED/CONNECTED, reason: (unspecified), extra: "wifi-confine", roaming: false, failover: false, isAvailable: true, simId: 0/10059
11-11 10:59:53.710   578   895 D ConnectivityService: getActiveNetworkInfo:NetworkInfo: type: WIFI[], state: CONNECTED/CONNECTED, reason: (unspecified), extra: "wifi-confine", roaming: false, failover: false, isAvailable: true, simId: 0/10059
11-11 10:59:53.712   578   801 D ConnectivityService: getActiveNetworkInfo:NetworkInfo: type: WIFI[], state: CONNECTED/CONNECTED, reason: (unspecified), extra: "wifi-confine", roaming: false, failover: false, isAvailable: true, simId: 0/10059
11-11 10:59:53.714   578   826 D ConnectivityService: getActiveNetworkInfo:NetworkInfo: type: WIFI[], state: CONNECTED/CONNECTED, reason: (unspecified), extra: "wifi-confine", roaming: false, failover: false, isAvailable: true, simId: 0/10059
11-11 10:59:53.715   578   841 D ConnectivityService: getActiveNetworkInfo:NetworkInfo: type: WIFI[], state: CONNECTED/CONNECTED, reason: (unspecified), extra: "wifi-confine", roaming: false, failover: false, isAvailable: true, simId: 0/10059
11-11 10:59:53.716   578   589 D ConnectivityService: getActiveNetworkInfo:NetworkInfo: type: WIFI[], state: CONNECTED/CONNECTED, reason: (unspecified), extra: "wifi-confine", roaming: false, failover: false, isAvailable: true, simId: 0/10059
11-11 10:59:53.717   578   824 D ConnectivityService: getActiveNetworkInfo:NetworkInfo: type: WIFI[], state: CONNECTED/CONNECTED, reason: (unspecified), extra: "wifi-confine", roaming: false, failover: false, isAvailable: true, simId: 0/10059
11-11 10:59:53.718   578   897 D ConnectivityService: getActiveNetworkInfo:NetworkInfo: type: WIFI[], state: CONNECTED/CONNECTED, reason: (unspecified), extra: "wifi-confine", roaming: false, failover: false, isAvailable: true, simId: 0/10059
11-11 10:59:53.719   578   800 D ConnectivityService: getActiveNetworkInfo:NetworkInfo: type: WIFI[], state: CONNECTED/CONNECTED, reason: (unspecified), extra: "wifi-confine", roaming: false, failover: false, isAvailable: true, simId: 0/10059
11-11 10:59:53.720   578   898 D ConnectivityService: getActiveNetworkInfo:NetworkInfo: type: WIFI[], state: CONNECTED/CONNECTED, reason: (unspecified), extra: "wifi-confine", roaming: false, failover: false, isAvailable: true, simId: 0/10059
11-11 10:59:53.721   578   578 D ConnectivityService: getActiveNetworkInfo:NetworkInfo: type: WIFI[], state: CONNECTED/CONNECTED, reason: (unspecified), extra: "wifi-confine", roaming: false, failover: false, isAvailable: true, simId: 0/10059
11-11 10:59:53.722   578   970 D ConnectivityService: getActiveNetworkInfo:NetworkInfo: type: WIFI[], state: CONNECTED/CONNECTED, reason: (unspecified), extra: "wifi-confine", roaming: false, failover: false, isAvailable: true, simId: 0/10059
11-11 10:59:53.723   578   593 D ConnectivityService: getActiveNetworkInfo:NetworkInfo: type: WIFI[], state: CONNECTED/CONNECTED, reason: (unspecified), extra: "wifi-confine", roaming: false, failover: false, isAvailable: true, simId: 0/10059
11-11 10:59:53.724   578   971 D ConnectivityService: getActiveNetworkInfo:NetworkInfo: type: WIFI[], state: CONNECTED/CONNECTED, reason: (unspecified), extra: "wifi-confine", roaming: false, failover: false, isAvailable: true, simId: 0/10059
11-11 10:59:53.725   578   588 D ConnectivityService: getActiveNetworkInfo:NetworkInfo: type: WIFI[], state: CONNECTED/CONNECTED, reason: (unspecified), extra: "wifi-confine", roaming: false, failover: false, isAvailable: true, simId: 0/10059
11-11 10:59:53.726   578   842 D ConnectivityService: getActiveNetworkInfo:NetworkInfo: type: WIFI[], state: CONNECTED/CONNECTED, reason: (unspecified), extra: "wifi-confine", roaming: false, failover: false, isAvailable: true, simId: 0/10059
11-11 10:59:53.727   578   895 D ConnectivityService: getActiveNetworkInfo:NetworkInfo: type: WIFI[], state: CONNECTED/CONNECTED, reason: (unspecified), extra: "wifi-confine", roaming: false, failover: false, isAvailable: true, simId: 0/10059
11-11 10:59:53.728   578   801 D ConnectivityService: getActiveNetworkInfo:NetworkInfo: type: WIFI[], state: CONNECTED/CONNECTED, reason: (unspecified), extra: "wifi-confine", roaming: false, failover: false, isAvailable: true, simId: 0/10059
11-11 10:59:53.729   578   826 D ConnectivityService: getActiveNetworkInfo:NetworkInfo: type: WIFI[], state: CONNECTED/CONNECTED, reason: (unspecified), extra: "wifi-confine", roaming: false, failover: false, isAvailable: true, simId: 0/10059
11-11 10:59:53.731   578   841 D ConnectivityService: getActiveNetworkInfo:NetworkInfo: type: WIFI[], state: CONNECTED/CONNECTED, reason: (unspecified), extra: "wifi-confine", roaming: false, failover: false, isAvailable: true, simId: 0/10059
11-11 10:59:53.732   578   589 D ConnectivityService: getActiveNetworkInfo:NetworkInfo: type: WIFI[], state: CONNECTED/CONNECTED, reason: (unspecified), extra: "wifi-confine", roaming: false, failover: false, isAvailable: true, simId: 0/10059
11-11 10:59:53.734   578   824 D ConnectivityService: getActiveNetworkInfo:NetworkInfo: type: WIFI[], state: CONNECTED/CONNECTED, reason: (unspecified), extra: "wifi-confine", roaming: false, failover: false, isAvailable: true, simId: 0/10059
11-11 10:59:53.735   578   897 D ConnectivityService: getActiveNetworkInfo:NetworkInfo: type: WIFI[], state: CONNECTED/CONNECTED, reason: (unspecified), extra: "wifi-confine", roaming: false, failover: false, isAvailable: true, simId: 0/10059
11-11 10:59:53.736   578   800 D ConnectivityService: getActiveNetworkInfo:NetworkInfo: type: WIFI[], state: CONNECTED/CONNECTED, reason: (unspecified), extra: "wifi-confine", roaming: false, failover: false, isAvailable: true, simId: 0/10059
11-11 10:59:53.737   578   898 D ConnectivityService: getActiveNetworkInfo:NetworkInfo: type: WIFI[], state: CONNECTED/CONNECTED, reason: (unspecified), extra: "wifi-confine", roaming: false, failover: false, isAvailable: true, simId: 0/10059
11-11 10:59:53.739   578   578 D ConnectivityService: getActiveNetworkInfo:NetworkInfo: type: WIFI[], state: CONNECTED/CONNECTED, reason: (unspecified), extra: "wifi-confine", roaming: false, failover: false, isAvailable: true, simId: 0/10059
11-11 10:59:53.740   578   970 D ConnectivityService: getActiveNetworkInfo:NetworkInfo: type: WIFI[], state: CONNECTED/CONNECTED, reason: (unspecified), extra: "wifi-confine", roaming: false, failover: false, isAvailable: true, simId: 0/10059
11-11 10:59:53.741   578   593 D ConnectivityService: getActiveNetworkInfo:NetworkInfo: type: WIFI[], state: CONNECTED/CONNECTED, reason: (unspecified), extra: "wifi-confine", roaming: false, failover: false, isAvailable: true, simId: 0/10059
11-11 10:59:53.743   578   971 D ConnectivityService: getActiveNetworkInfo:NetworkInfo: type: WIFI[], state: CONNECTED/CONNECTED, reason: (unspecified), extra: "wifi-confine", roaming: false, failover: false, isAvailable: true, simId: 0/10059
11-11 10:59:53.744   578   588 D ConnectivityService: getActiveNetworkInfo:NetworkInfo: type: WIFI[], state: CONNECTED/CONNECTED, reason: (unspecified), extra: "wifi-confine", roaming: false, failover: false, isAvailable: true, simId: 0/10059
11-11 10:59:53.745   578   842 D ConnectivityService: getActiveNetworkInfo:NetworkInfo: type: WIFI[], state: CONNECTED/CONNECTED, reason: (unspecified), extra: "wifi-confine", roaming: false, failover: false, isAvailable: true, simId: 0/10059
11-11 10:59:53.747   578   895 D ConnectivityService: getActiveNetworkInfo:NetworkInfo: type: WIFI[], state: CONNECTED/CONNECTED, reason: (unspecified), extra: "wifi-confine", roaming: false, failover: false, isAvailable: true, simId: 0/10059
11-11 10:59:53.749   578   801 D ConnectivityService: getActiveNetworkInfo:NetworkInfo: type: WIFI[], state: CONNECTED/CONNECTED, reason: (unspecified), extra: "wifi-confine", roaming: false, failover: false, isAvailable: true, simId: 0/10059
11-11 10:59:53.751   578   826 D ConnectivityService: getActiveNetworkInfo:NetworkInfo: type: WIFI[], state: CONNECTED/CONNECTED, reason: (unspecified), extra: "wifi-confine", roaming: false, failover: false, isAvailable: true, simId: 0/10059
11-11 10:59:53.753   578   841 D ConnectivityService: getActiveNetworkInfo:NetworkInfo: type: WIFI[], state: CONNECTED/CONNECTED, reason: (unspecified), extra: "wifi-confine", roaming: false, failover: false, isAvailable: true, simId: 0/10059
11-11 10:59:53.754   578   589 D ConnectivityService: getActiveNetworkInfo:NetworkInfo: type: WIFI[], state: CONNECTED/CONNECTED, reason: (unspecified), extra: "wifi-confine", roaming: false, failover: false, isAvailable: true, simId: 0/10059
11-11 10:59:53.756   578   824 D ConnectivityService: getActiveNetworkInfo:NetworkInfo: type: WIFI[], state: CONNECTED/CONNECTED, reason: (unspecified), extra: "wifi-confine", roaming: false, failover: false, isAvailable: true, simId: 0/10059
11-11 10:59:53.757   578   897 D ConnectivityService: getActiveNetworkInfo:NetworkInfo: type: WIFI[], state: CONNECTED/CONNECTED, reason: (unspecified), extra: "wifi-confine", roaming: false, failover: false, isAvailable: true, simId: 0/10059
11-11 10:59:53.758   578   800 D ConnectivityService: getActiveNetworkInfo:NetworkInfo: type: WIFI[], state: CONNECTED/CONNECTED, reason: (unspecified), extra: "wifi-confine", roaming: false, failover: false, isAvailable: true, simId: 0/10059
11-11 10:59:53.759   578   898 D ConnectivityService: getActiveNetworkInfo:NetworkInfo: type: WIFI[], state: CONNECTED/CONNECTED, reason: (unspecified), extra: "wifi-confine", roaming: false, failover: false, isAvailable: true, simId: 0/10059
11-11 10:59:53.760   578   578 D ConnectivityService: getActiveNetworkInfo:NetworkInfo: type: WIFI[], state: CONNECTED/CONNECTED, reason: (unspecified), extra: "wifi-confine", roaming: false, failover: false, isAvailable: true, simId: 0/10059
11-11 10:59:53.761   578   970 D ConnectivityService: getActiveNetworkInfo:NetworkInfo: type: WIFI[], state: CONNECTED/CONNECTED, reason: (unspecified), extra: "wifi-confine", roaming: false, failover: false, isAvailable: true, simId: 0/10059
11-11 10:59:53.762   578   593 D ConnectivityService: getActiveNetworkInfo:NetworkInfo: type: WIFI[], state: CONNECTED/CONNECTED, reason: (unspecified), extra: "wifi-confine", roaming: false, failover: false, isAvailable: true, simId: 0/10059
11-11 10:59:53.763   578   971 D ConnectivityService: getActiveNetworkInfo:NetworkInfo: type: WIFI[], state: CONNECTED/CONNECTED, reason: (unspecified), extra: "wifi-confine", roaming: false, failover: false, isAvailable: true, simId: 0/10059
11-11 10:59:53.764   578   588 D ConnectivityService: getActiveNetworkInfo:NetworkInfo: type: WIFI[], state: CONNECTED/CONNECTED, reason: (unspecified), extra: "wifi-confine", roaming: false, failover: false, isAvailable: true, simId: 0/10059
11-11 10:59:53.766   578   842 D ConnectivityService: getActiveNetworkInfo:NetworkInfo: type: WIFI[], state: CONNECTED/CONNECTED, reason: (unspecified), extra: "wifi-confine", roaming: false, failover: false, isAvailable: true, simId: 0/10059
11-11 10:59:53.767   578   895 D ConnectivityService: getActiveNetworkInfo:NetworkInfo: type: WIFI[], state: CONNECTED/CONNECTED, reason: (unspecified), extra: "wifi-confine", roaming: false, failover: false, isAvailable: true, simId: 0/10059
11-11 10:59:53.769   578   801 D ConnectivityService: getActiveNetworkInfo:NetworkInfo: type: WIFI[], state: CONNECTED/CONNECTED, reason: (unspecified), extra: "wifi-confine", roaming: false, failover: false, isAvailable: true, simId: 0/10059
11-11 10:59:53.770   578   826 D ConnectivityService: getActiveNetworkInfo:NetworkInfo: type: WIFI[], state: CONNECTED/CONNECTED, reason: (unspecified), extra: "wifi-confine", roaming: false, failover: false, isAvailable: true, simId: 0/10059
11-11 10:59:53.771   578   841 D ConnectivityService: getActiveNetworkInfo:NetworkInfo: type: WIFI[], state: CONNECTED/CONNECTED, reason: (unspecified), extra: "wifi-confine", roaming: false, failover: false, isAvailable: true, simId: 0/10059
11-11 10:59:53.772   578   589 D ConnectivityService: getActiveNetworkInfo:NetworkInfo: type: WIFI[], state: CONNECTED/CONNECTED, reason: (unspecified), extra: "wifi-confine", roaming: false, failover: false, isAvailable: true, simId: 0/10059
11-11 10:59:54.084   677   677 D StatusBar.NetworkControllerGemini: mNetworkName, sim1Inserted is false, sim2Inserted is true.networkname[0]=;networkname[1]=
11-11 10:59:54.100   677   677 D StatusBar.NetworkControllerGemini: mNetworkName, sim1Inserted is false, sim2Inserted is true.networkname[0]=;networkname[1]=
11-11 10:59:54.487   677   677 I SurfaceTextureClient: [STC::queueBuffer] (this:0x5c22cdc0) fps:3.32, dur:1503.86, max:698.98, min:200.05
11-11 10:59:54.487   127  1180 I BufferQueue: [StatusBar](this:0x45a36108,api:1) [queue] fps:3.32, dur:1503.86, max:699.17, min:199.94
11-11 10:59:54.501   127   227 I BufferQueue: [StatusBar](this:0x45a36108,api:1) [release] fps:3.33, dur:1502.74, max:696.65, min:201.23
11-11 10:59:54.502   127   227 I SurfaceTextureClient: [STC::queueBuffer] (this:0x424ca8c8) fps:3.33, dur:1502.45, max:697.11, min:200.77
11-11 10:59:54.502   127   227 I BufferQueue: [FramebufferSurface](this:0x4250c008,api:1) [release] fps:3.33, dur:1502.46, max:697.20, min:200.76
11-11 10:59:54.502   127   227 I BufferQueue: [FramebufferSurface](this:0x4250c008,api:1) [queue] fps:3.33, dur:1502.46, max:697.24, min:200.76
11-11 10:59:54.502   127   227 I SurfaceFlinger: [SurfaceFlinger] fps:3.327884,dur:1502.46,max:697.29,min:200.71
11-11 10:59:55.025   578   610 D BatteryService: mBatteryVoltage=3842
11-11 10:59:55.025   578   610 E BatteryService: Enter GetStatus success
11-11 10:59:55.026   578   610 E BatteryService: ioctl ok: 289
11-11 10:59:55.028   578   594 V ActivityManager: Broadcast sticky: Intent { act=android.intent.action.BATTERY_CHANGED flg=0x60000010 (has extras) } ordered=false userid=-1 callerApp=null
