W/ActivityManager(  578): Unable to write /sys/module/mlog/parameters/do_mlog
V/ActivityManager(  578): ACT-Launching: ActivityRecord{434a6ec0 u0 com.comtop.mim/.ui.WelcomeActivity}
V/ActivityManager(  578): Activity idle: Token{434a7000 ActivityRecord{434a6ec0 u0 com.comtop.mim/.ui.WelcomeActivity}}
D/PowerManagerDisplayController(  578): requestPowerState: screenState=2, useProximitySensor=false, forceProximitySensorEnable=false, forceWakeUpEnable=false, screenBrightness=60, screenAutoBrightnessAdjustment=0.0, useAutoBrightness=false, useEcoBrightness=false, blockScreenOn=false, waitForNegativeProximity=false
I/PowerManagerService(  578): setBrightness mButtonLight 0.
V/ActivityManager(  578): Stopping ActivityRecord{427f4e40 u0 com.android.settings/.Settings$DeviceInfoSettingsActivity}: nowVisible=false waitingVisible=true finishing=false
W/ActivityManager(  578): Unable to write /sys/module/mlog/parameters/do_mlog
V/ActivityManager(  578): Activity idle: null
D/ActivityManager(  578): ACT-IDLE_NOW_MSG from windowsVisible() for idle: ActivityRecord{434a6ec0 u0 com.comtop.mim/.ui.WelcomeActivity}
V/ActivityManager(  578): Stopping ActivityRecord{427f4e40 u0 com.android.settings/.Settings$DeviceInfoSettingsActivity}: nowVisible=true waitingVisible=false finishing=false
V/ActivityManager(  578): Ready to stop: ActivityRecord{427f4e40 u0 com.android.settings/.Settings$DeviceInfoSettingsActivity}
V/ActivityManager(  578): Activity stopped: token=Token{42cd5730 ActivityRecord{427f4e40 u0 com.android.settings/.Settings$DeviceInfoSettingsActivity}}
V/ActivityManager(  578): Broadcast: Intent { act=com.alibaba.mobileim.TCMSNETWORKACTION flg=0x10 (has extras) } ordered=false userid=0 callerApp=ProcessRecord{435338c0 15013:com.comtop.mim:TcmsService/u0a10078}
W/BroadcastQueue(  578): the App timeout ,do not perform receiver
W/BroadcastQueue(  578): Failure sending broadcast Intent { act=com.alibaba.mobileim.TCMSNETWORKACTION flg=0x10 (has extras) }
W/BroadcastQueue(  578): android.os.RemoteException
W/BroadcastQueue(  578): 	at com.android.server.am.BroadcastQueue$Injector.isTimeoutApp(BroadcastQueue.java:70)
W/BroadcastQueue(  578): 	at com.android.server.am.BroadcastQueue.performReceiveLocked(BroadcastQueue.java:408)
W/BroadcastQueue(  578): 	at com.android.server.am.BroadcastQueue.deliverToRegisteredReceiverLocked(BroadcastQueue.java:484)
W/BroadcastQueue(  578): 	at com.android.server.am.BroadcastQueue.processNextBroadcast(BroadcastQueue.java:540)
W/BroadcastQueue(  578): 	at com.android.server.am.BroadcastQueue$1.handleMessage(BroadcastQueue.java:166)
W/BroadcastQueue(  578): 	at android.os.Handler.dispatchMessage(Handler.java:107)
W/BroadcastQueue(  578): 	at android.os.Looper.loop(Looper.java:194)
W/BroadcastQueue(  578): 	at com.android.server.am.ActivityManagerService$AThread.run(ActivityManagerService.java:1750)
V/ActivityManager(  578): Broadcast sticky: Intent { act=android.intent.action.SIG_STR flg=0x10 (has extras) } ordered=false userid=-1 callerApp=ProcessRecord{42697b88 578:system/1000}
V/ActivityManager(  578): Broadcast sticky: Intent { act=android.intent.action.SIG_STR flg=0x10 (has extras) } ordered=false userid=-1 callerApp=ProcessRecord{42697b88 578:system/1000}
V/ActivityManager(  578): Broadcast: Intent { act=com.alibaba.mobileim.TCMSNETWORKACTION flg=0x10 (has extras) } ordered=false userid=0 callerApp=ProcessRecord{435338c0 15013:com.comtop.mim:TcmsService/u0a10078}
W/BroadcastQueue(  578): the App timeout ,do not perform receiver
W/BroadcastQueue(  578): Failure sending broadcast Intent { act=com.alibaba.mobileim.TCMSNETWORKACTION flg=0x10 (has extras) }
W/BroadcastQueue(  578): android.os.RemoteException
W/BroadcastQueue(  578): 	at com.android.server.am.BroadcastQueue$Injector.isTimeoutApp(BroadcastQueue.java:70)
W/BroadcastQueue(  578): 	at com.android.server.am.BroadcastQueue.performReceiveLocked(BroadcastQueue.java:408)
W/BroadcastQueue(  578): 	at com.android.server.am.BroadcastQueue.deliverToRegisteredReceiverLocked(BroadcastQueue.java:484)
W/BroadcastQueue(  578): 	at com.android.server.am.BroadcastQueue.processNextBroadcast(BroadcastQueue.java:540)
W/BroadcastQueue(  578): 	at com.android.server.am.BroadcastQueue$1.handleMessage(BroadcastQueue.java:166)
W/BroadcastQueue(  578): 	at android.os.Handler.dispatchMessage(Handler.java:107)
W/BroadcastQueue(  578): 	at android.os.Looper.loop(Looper.java:194)
W/BroadcastQueue(  578): 	at com.android.server.am.ActivityManagerService$AThread.run(ActivityManagerService.java:1750)
V/AlarmManager(  578): Native set alarm :Alarm{43959920 type 3 com.miui.providers.weather}
I/AlarmManager(  578): reset poweroff alarm none
V/ActivityManager(  578): Broadcast: Intent { act=android.intent.action.TIME_TICK flg=0x50000014 (has extras) } ordered=true userid=-1 callerApp=null
D/PowerManagerDisplayController(  578): requestPowerState: screenState=2, useProximitySensor=false, forceProximitySensorEnable=false, forceWakeUpEnable=false, screenBrightness=60, screenAutoBrightnessAdjustment=0.0, useAutoBrightness=false, useEcoBrightness=false, blockScreenOn=false, waitForNegativeProximity=false
I/PowerManagerService(  578): setBrightness mButtonLight 0.
V/AlarmManager(  578): Native set alarm :Alarm{42da9498 type 3 android}
D/PowerManagerDisplayController(  578): requestPowerState: screenState=2, useProximitySensor=false, forceProximitySensorEnable=false, forceWakeUpEnable=false, screenBrightness=60, screenAutoBrightnessAdjustment=0.0, useAutoBrightness=false, useEcoBrightness=false, blockScreenOn=false, waitForNegativeProximity=false
I/PowerManagerService(  578): setBrightness mButtonLight 0.
V/ActivityManager(  578): Broadcast sticky: Intent { act=android.intent.action.BATTERY_CHANGED flg=0x60000010 (has extras) } ordered=false userid=-1 callerApp=null
V/ActivityManager(  578): Broadcast: Intent { act=com.alibaba.mobileim.TCMSNETWORKACTION flg=0x10 (has extras) } ordered=false userid=0 callerApp=ProcessRecord{435338c0 15013:com.comtop.mim:TcmsService/u0a10078}
W/BroadcastQueue(  578): the App timeout ,do not perform receiver
W/BroadcastQueue(  578): Failure sending broadcast Intent { act=com.alibaba.mobileim.TCMSNETWORKACTION flg=0x10 (has extras) }
W/BroadcastQueue(  578): android.os.RemoteException
W/BroadcastQueue(  578): 	at com.android.server.am.BroadcastQueue$Injector.isTimeoutApp(BroadcastQueue.java:70)
W/BroadcastQueue(  578): 	at com.android.server.am.BroadcastQueue.performReceiveLocked(BroadcastQueue.java:408)
W/BroadcastQueue(  578): 	at com.android.server.am.BroadcastQueue.deliverToRegisteredReceiverLocked(BroadcastQueue.java:484)
W/BroadcastQueue(  578): 	at com.android.server.am.BroadcastQueue.processNextBroadcast(BroadcastQueue.java:540)
W/BroadcastQueue(  578): 	at com.android.server.am.BroadcastQueue$1.handleMessage(BroadcastQueue.java:166)
W/BroadcastQueue(  578): 	at android.os.Handler.dispatchMessage(Handler.java:107)
W/BroadcastQueue(  578): 	at android.os.Looper.loop(Looper.java:194)
W/BroadcastQueue(  578): 	at com.android.server.am.ActivityManagerService$AThread.run(ActivityManagerService.java:1750)
V/ActivityManager(  578): Broadcast sticky: Intent { act=android.intent.action.BATTERY_CHANGED flg=0x60000010 (has extras) } ordered=false userid=-1 callerApp=null
V/ActivityManager(  578): Broadcast sticky: Intent { act=android.intent.action.BATTERY_CHANGED flg=0x60000010 (has extras) } ordered=false userid=-1 callerApp=null
V/ActivityManager(  578): Broadcast: Intent { act=com.alibaba.mobileim.TCMSNETWORKACTION flg=0x10 (has extras) } ordered=false userid=0 callerApp=ProcessRecord{435338c0 15013:com.comtop.mim:TcmsService/u0a10078}
W/BroadcastQueue(  578): the App timeout ,do not perform receiver
W/BroadcastQueue(  578): Failure sending broadcast Intent { act=com.alibaba.mobileim.TCMSNETWORKACTION flg=0x10 (has extras) }
W/BroadcastQueue(  578): android.os.RemoteException
W/BroadcastQueue(  578): 	at com.android.server.am.BroadcastQueue$Injector.isTimeoutApp(BroadcastQueue.java:70)
W/BroadcastQueue(  578): 	at com.android.server.am.BroadcastQueue.performReceiveLocked(BroadcastQueue.java:408)
W/BroadcastQueue(  578): 	at com.android.server.am.BroadcastQueue.deliverToRegisteredReceiverLocked(BroadcastQueue.java:484)
W/BroadcastQueue(  578): 	at com.android.server.am.BroadcastQueue.processNextBroadcast(BroadcastQueue.java:540)
W/BroadcastQueue(  578): 	at com.android.server.am.BroadcastQueue$1.handleMessage(BroadcastQueue.java:166)
W/BroadcastQueue(  578): 	at android.os.Handler.dispatchMessage(Handler.java:107)
W/BroadcastQueue(  578): 	at android.os.Looper.loop(Looper.java:194)
W/BroadcastQueue(  578): 	at com.android.server.am.ActivityManagerService$AThread.run(ActivityManagerService.java:1750)
V/AlarmManager(  578): Native set alarm :Alarm{43959920 type 3 com.miui.providers.weather}
I/AlarmManager(  578): reset poweroff alarm none
V/ActivityManager(  578): Broadcast: Intent { act=android.intent.action.TIME_TICK flg=0x50000014 (has extras) } ordered=true userid=-1 callerApp=null
D/PowerManagerDisplayController(  578): requestPowerState: screenState=2, useProximitySensor=false, forceProximitySensorEnable=false, forceWakeUpEnable=false, screenBrightness=60, screenAutoBrightnessAdjustment=0.0, useAutoBrightness=false, useEcoBrightness=false, blockScreenOn=false, waitForNegativeProximity=false
I/PowerManagerService(  578): setBrightness mButtonLight 0.
V/AlarmManager(  578): Native set alarm :Alarm{4340afd8 type 3 android}
D/PowerManagerDisplayController(  578): requestPowerState: screenState=2, useProximitySensor=false, forceProximitySensorEnable=false, forceWakeUpEnable=false, screenBrightness=60, screenAutoBrightnessAdjustment=0.0, useAutoBrightness=false, useEcoBrightness=false, blockScreenOn=false, waitForNegativeProximity=false
I/PowerManagerService(  578): setBrightness mButtonLight 0.
V/ActivityManager(  578): Broadcast sticky: Intent { act=android.intent.action.BATTERY_CHANGED flg=0x60000010 (has extras) } ordered=false userid=-1 callerApp=null
V/ActivityManager(  578): Broadcast: Intent { act=com.alibaba.mobileim.TCMSNETWORKACTION flg=0x10 (has extras) } ordered=false userid=0 callerApp=ProcessRecord{435338c0 15013:com.comtop.mim:TcmsService/u0a10078}
W/BroadcastQueue(  578): the App timeout ,do not perform receiver
W/BroadcastQueue(  578): Failure sending broadcast Intent { act=com.alibaba.mobileim.TCMSNETWORKACTION flg=0x10 (has extras) }
W/BroadcastQueue(  578): android.os.RemoteException
W/BroadcastQueue(  578): 	at com.android.server.am.BroadcastQueue$Injector.isTimeoutApp(BroadcastQueue.java:70)
W/BroadcastQueue(  578): 	at com.android.server.am.BroadcastQueue.performReceiveLocked(BroadcastQueue.java:408)
W/BroadcastQueue(  578): 	at com.android.server.am.BroadcastQueue.deliverToRegisteredReceiverLocked(BroadcastQueue.java:484)
W/BroadcastQueue(  578): 	at com.android.server.am.BroadcastQueue.processNextBroadcast(BroadcastQueue.java:540)
W/BroadcastQueue(  578): 	at com.android.server.am.BroadcastQueue$1.handleMessage(BroadcastQueue.java:166)
W/BroadcastQueue(  578): 	at android.os.Handler.dispatchMessage(Handler.java:107)
W/BroadcastQueue(  578): 	at android.os.Looper.loop(Looper.java:194)
W/BroadcastQueue(  578): 	at com.android.server.am.ActivityManagerService$AThread.run(ActivityManagerService.java:1750)
V/AlarmManager(  578): Native set alarm :Alarm{42969be0 type 2 android}
I/AlarmManager(  578): reset poweroff alarm none
V/ActivityManager(  578): Broadcast: Intent { act=com.xiaomi.push.PING_TIMER flg=0x14 pkg=com.xiaomi.xmsf (has extras) } ordered=true userid=0 callerApp=null
D/PowerManagerDisplayController(  578): requestPowerState: screenState=2, useProximitySensor=false, forceProximitySensorEnable=false, forceWakeUpEnable=false, screenBrightness=60, screenAutoBrightnessAdjustment=0.0, useAutoBrightness=false, useEcoBrightness=false, blockScreenOn=false, waitForNegativeProximity=false
I/PowerManagerService(  578): setBrightness mButtonLight 0.
V/AlarmManager(  578): Native set alarm :Alarm{434a2820 type 2 com.xiaomi.xmsf}
D/PowerManagerDisplayController(  578): requestPowerState: screenState=2, useProximitySensor=false, forceProximitySensorEnable=false, forceWakeUpEnable=false, screenBrightness=60, screenAutoBrightnessAdjustment=0.0, useAutoBrightness=false, useEcoBrightness=false, blockScreenOn=false, waitForNegativeProximity=false
I/PowerManagerService(  578): setBrightness mButtonLight 0.
D/ConnectivityService(  578): getActiveNetworkInfo:NetworkInfo: type: WIFI[], state: CONNECTED/CONNECTED, reason: (unspecified), extra: "wifi-confine", roaming: false, failover: false, isAvailable: true, simId: 0/10070
V/ActivityManager(  578): Broadcast sticky: Intent { act=android.intent.action.SIG_STR flg=0x10 (has extras) } ordered=false userid=-1 callerApp=ProcessRecord{42697b88 578:system/1000}
V/ActivityManager(  578): Broadcast sticky: Intent { act=android.intent.action.BATTERY_CHANGED flg=0x60000010 (has extras) } ordered=false userid=-1 callerApp=null
V/ActivityManager(  578): Broadcast sticky: Intent { act=android.intent.action.SIG_STR flg=0x10 (has extras) } ordered=false userid=-1 callerApp=ProcessRecord{42697b88 578:system/1000}
D/ConnectivityService(  578): getActiveNetworkInfo:NetworkInfo: type: WIFI[], state: CONNECTED/CONNECTED, reason: (unspecified), extra: "wifi-confine", roaming: false, failover: false, isAvailable: true, simId: 0/10070
D/ConnectivityService(  578): getActiveNetworkInfo:NetworkInfo: type: WIFI[], state: CONNECTED/CONNECTED, reason: (unspecified), extra: "wifi-confine", roaming: false, failover: false, isAvailable: true, simId: 0/10070
D/ConnectivityService(  578): getActiveNetworkInfo:NetworkInfo: type: WIFI[], state: CONNECTED/CONNECTED, reason: (unspecified), extra: "wifi-confine", roaming: false, failover: false, isAvailable: true, simId: 0/10070
D/ConnectivityService(  578): getActiveNetworkInfo:NetworkInfo: type: WIFI[], state: CONNECTED/CONNECTED, reason: (unspecified), extra: "wifi-confine", roaming: false, failover: false, isAvailable: true, simId: 0/10070
D/FrameworkListener(  122): dispatchCommand data = (getaddrinfo mibind.chat.gslb.mi-idc.com ^ 1024 0 1 0)
D/PowerManagerDisplayController(  578): requestPowerState: screenState=2, useProximitySensor=false, forceProximitySensorEnable=false, forceWakeUpEnable=false, screenBrightness=60, screenAutoBrightnessAdjustment=0.0, useAutoBrightness=false, useEcoBrightness=false, blockScreenOn=false, waitForNegativeProximity=false
I/PowerManagerService(  578): setBrightness mButtonLight 0.
D/PowerManagerDisplayController(  578): requestPowerState: screenState=2, useProximitySensor=false, forceProximitySensorEnable=false, forceWakeUpEnable=false, screenBrightness=60, screenAutoBrightnessAdjustment=0.0, useAutoBrightness=false, useEcoBrightness=false, blockScreenOn=false, waitForNegativeProximity=false
I/PowerManagerService(  578): setBrightness mButtonLight 0.
V/ActivityManager(  578): Broadcast: Intent { act=com.alibaba.mobileim.TCMSNETWORKACTION flg=0x10 (has extras) } ordered=false userid=0 callerApp=ProcessRecord{435338c0 15013:com.comtop.mim:TcmsService/u0a10078}
W/BroadcastQueue(  578): the App timeout ,do not perform receiver
W/BroadcastQueue(  578): Failure sending broadcast Intent { act=com.alibaba.mobileim.TCMSNETWORKACTION flg=0x10 (has extras) }
W/BroadcastQueue(  578): android.os.RemoteException
W/BroadcastQueue(  578): 	at com.android.server.am.BroadcastQueue$Injector.isTimeoutApp(BroadcastQueue.java:70)
W/BroadcastQueue(  578): 	at com.android.server.am.BroadcastQueue.performReceiveLocked(BroadcastQueue.java:408)
W/BroadcastQueue(  578): 	at com.android.server.am.BroadcastQueue.deliverToRegisteredReceiverLocked(BroadcastQueue.java:484)
W/BroadcastQueue(  578): 	at com.android.server.am.BroadcastQueue.processNextBroadcast(BroadcastQueue.java:540)
W/BroadcastQueue(  578): 	at com.android.server.am.BroadcastQueue$1.handleMessage(BroadcastQueue.java:166)
W/BroadcastQueue(  578): 	at android.os.Handler.dispatchMessage(Handler.java:107)
W/BroadcastQueue(  578): 	at android.os.Looper.loop(Looper.java:194)
W/BroadcastQueue(  578): 	at com.android.server.am.ActivityManagerService$AThread.run(ActivityManagerService.java:1750)
V/AlarmManager(  578): Native set alarm :Alarm{43959920 type 3 com.miui.providers.weather}
I/AlarmManager(  578): reset poweroff alarm none
V/ActivityManager(  578): Broadcast: Intent { act=android.intent.action.TIME_TICK flg=0x50000014 (has extras) } ordered=true userid=-1 callerApp=null
D/PowerManagerDisplayController(  578): requestPowerState: screenState=2, useProximitySensor=false, forceProximitySensorEnable=false, forceWakeUpEnable=false, screenBrightness=60, screenAutoBrightnessAdjustment=0.0, useAutoBrightness=false, useEcoBrightness=false, blockScreenOn=false, waitForNegativeProximity=false
I/PowerManagerService(  578): setBrightness mButtonLight 0.
V/AlarmManager(  578): Native set alarm :Alarm{436207a8 type 3 android}
D/PowerManagerDisplayController(  578): requestPowerState: screenState=2, useProximitySensor=false, forceProximitySensorEnable=false, forceWakeUpEnable=false, screenBrightness=60, screenAutoBrightnessAdjustment=0.0, useAutoBrightness=false, useEcoBrightness=false, blockScreenOn=false, waitForNegativeProximity=false
I/PowerManagerService(  578): setBrightness mButtonLight 0.
D/ConnectivityService(  578): getActiveNetworkInfo:NetworkInfo: type: WIFI[], state: CONNECTED/CONNECTED, reason: (unspecified), extra: "wifi-confine", roaming: false, failover: false, isAvailable: true, simId: 0/10070
D/ConnectivityService(  578): getActiveNetworkInfo:NetworkInfo: type: WIFI[], state: CONNECTED/CONNECTED, reason: (unspecified), extra: "wifi-confine", roaming: false, failover: false, isAvailable: true, simId: 0/10070
D/ConnectivityService(  578): getActiveNetworkInfo:NetworkInfo: type: WIFI[], state: CONNECTED/CONNECTED, reason: (unspecified), extra: "wifi-confine", roaming: false, failover: false, isAvailable: true, simId: 0/10070
D/ConnectivityService(  578): getActiveNetworkInfo:NetworkInfo: type: WIFI[], state: CONNECTED/CONNECTED, reason: (unspecified), extra: "wifi-confine", roaming: false, failover: false, isAvailable: true, simId: 0/10070
D/FrameworkListener(  122): dispatchCommand data = (getaddrinfo app01.nodes.gslb.mi-idc.com ^ 1024 0 1 0)
V/ActivityManager(  578): Broadcast: Intent { act=com.alibaba.mobileim.TCMSNETWORKACTION flg=0x10 (has extras) } ordered=false userid=0 callerApp=ProcessRecord{435338c0 15013:com.comtop.mim:TcmsService/u0a10078}
W/BroadcastQueue(  578): the App timeout ,do not perform receiver
W/BroadcastQueue(  578): Failure sending broadcast Intent { act=com.alibaba.mobileim.TCMSNETWORKACTION flg=0x10 (has extras) }
W/BroadcastQueue(  578): android.os.RemoteException
W/BroadcastQueue(  578): 	at com.android.server.am.BroadcastQueue$Injector.isTimeoutApp(BroadcastQueue.java:70)
W/BroadcastQueue(  578): 	at com.android.server.am.BroadcastQueue.performReceiveLocked(BroadcastQueue.java:408)
W/BroadcastQueue(  578): 	at com.android.server.am.BroadcastQueue.deliverToRegisteredReceiverLocked(BroadcastQueue.java:484)
W/BroadcastQueue(  578): 	at com.android.server.am.BroadcastQueue.processNextBroadcast(BroadcastQueue.java:540)
W/BroadcastQueue(  578): 	at com.android.server.am.BroadcastQueue$1.handleMessage(BroadcastQueue.java:166)
W/BroadcastQueue(  578): 	at android.os.Handler.dispatchMessage(Handler.java:107)
W/BroadcastQueue(  578): 	at android.os.Looper.loop(Looper.java:194)
W/BroadcastQueue(  578): 	at com.android.server.am.ActivityManagerService$AThread.run(ActivityManagerService.java:1750)
D/FrameworkListener(  122): dispatchCommand data = (getaddrinfo app02.nodes.gslb.mi-idc.com ^ 1024 0 1 0)
D/FrameworkListener(  122): dispatchCommand data = (getaddrinfo app.chat.xiaomi.net ^ 1024 0 1 0)
V/ActivityManager(  578): Broadcast: Intent { act=com.alibaba.mobileim.TCMSNETWORKACTION flg=0x10 (has extras) } ordered=false userid=0 callerApp=ProcessRecord{435338c0 15013:com.comtop.mim:TcmsService/u0a10078}
W/BroadcastQueue(  578): the App timeout ,do not perform receiver
W/BroadcastQueue(  578): Failure sending broadcast Intent { act=com.alibaba.mobileim.TCMSNETWORKACTION flg=0x10 (has extras) }
W/BroadcastQueue(  578): android.os.RemoteException
W/BroadcastQueue(  578): 	at com.android.server.am.BroadcastQueue$Injector.isTimeoutApp(BroadcastQueue.java:70)
W/BroadcastQueue(  578): 	at com.android.server.am.BroadcastQueue.performReceiveLocked(BroadcastQueue.java:408)
W/BroadcastQueue(  578): 	at com.android.server.am.BroadcastQueue.deliverToRegisteredReceiverLocked(BroadcastQueue.java:484)
W/BroadcastQueue(  578): 	at com.android.server.am.BroadcastQueue.processNextBroadcast(BroadcastQueue.java:540)
W/BroadcastQueue(  578): 	at com.android.server.am.BroadcastQueue$1.handleMessage(BroadcastQueue.java:166)
W/BroadcastQueue(  578): 	at android.os.Handler.dispatchMessage(Handler.java:107)
W/BroadcastQueue(  578): 	at android.os.Looper.loop(Looper.java:194)
W/BroadcastQueue(  578): 	at com.android.server.am.ActivityManagerService$AThread.run(ActivityManagerService.java:1750)
V/AlarmManager(  578): Native set alarm :Alarm{43959920 type 3 com.miui.providers.weather}
I/AlarmManager(  578): reset poweroff alarm none
V/ActivityManager(  578): Broadcast: Intent { act=android.intent.action.TIME_TICK flg=0x50000014 (has extras) } ordered=true userid=-1 callerApp=null
D/PowerManagerDisplayController(  578): requestPowerState: screenState=2, useProximitySensor=false, forceProximitySensorEnable=false, forceWakeUpEnable=false, screenBrightness=60, screenAutoBrightnessAdjustment=0.0, useAutoBrightness=false, useEcoBrightness=false, blockScreenOn=false, waitForNegativeProximity=false
I/PowerManagerService(  578): setBrightness mButtonLight 0.
V/AlarmManager(  578): Native set alarm :Alarm{42cebd18 type 3 android}
D/PowerManagerDisplayController(  578): requestPowerState: screenState=2, useProximitySensor=false, forceProximitySensorEnable=false, forceWakeUpEnable=false, screenBrightness=60, screenAutoBrightnessAdjustment=0.0, useAutoBrightness=false, useEcoBrightness=false, blockScreenOn=false, waitForNegativeProximity=false
I/PowerManagerService(  578): setBrightness mButtonLight 0.
D/ConnectivityService(  578): getActiveNetworkInfo:NetworkInfo: type: WIFI[], state: CONNECTED/CONNECTED, reason: (unspecified), extra: "wifi-confine", roaming: false, failover: false, isAvailable: true, simId: 0/10070
D/ConnectivityService(  578): getActiveNetworkInfo:NetworkInfo: type: WIFI[], state: CONNECTED/CONNECTED, reason: (unspecified), extra: "wifi-confine", roaming: false, failover: false, isAvailable: true, simId: 0/10070
W/ProcessStats(  578): Skipping unknown process pid 18328
W/ProcessStats(  578): Skipping unknown process pid 18329
W/ProcessStats(  578): Skipping unknown process pid 18330
V/ActivityManager(  578): Broadcast sticky: Intent { act=android.intent.action.BATTERY_CHANGED flg=0x60000010 (has extras) } ordered=false userid=-1 callerApp=null
V/ActivityManager(  578): Broadcast: Intent { act=com.alibaba.mobileim.TCMSNETWORKACTION flg=0x10 (has extras) } ordered=false userid=0 callerApp=ProcessRecord{435338c0 15013:com.comtop.mim:TcmsService/u0a10078}
W/BroadcastQueue(  578): the App timeout ,do not perform receiver
W/BroadcastQueue(  578): Failure sending broadcast Intent { act=com.alibaba.mobileim.TCMSNETWORKACTION flg=0x10 (has extras) }
W/BroadcastQueue(  578): android.os.RemoteException
W/BroadcastQueue(  578): 	at com.android.server.am.BroadcastQueue$Injector.isTimeoutApp(BroadcastQueue.java:70)
W/BroadcastQueue(  578): 	at com.android.server.am.BroadcastQueue.performReceiveLocked(BroadcastQueue.java:408)
W/BroadcastQueue(  578): 	at com.android.server.am.BroadcastQueue.deliverToRegisteredReceiverLocked(BroadcastQueue.java:484)
W/BroadcastQueue(  578): 	at com.android.server.am.BroadcastQueue.processNextBroadcast(BroadcastQueue.java:540)
W/BroadcastQueue(  578): 	at com.android.server.am.BroadcastQueue$1.handleMessage(BroadcastQueue.java:166)
W/BroadcastQueue(  578): 	at android.os.Handler.dispatchMessage(Handler.java:107)
W/BroadcastQueue(  578): 	at android.os.Looper.loop(Looper.java:194)
W/BroadcastQueue(  578): 	at com.android.server.am.ActivityManagerService$AThread.run(ActivityManagerService.java:1750)
V/ActivityManager(  578): Broadcast sticky: Intent { act=android.intent.action.BATTERY_CHANGED flg=0x60000010 (has extras) } ordered=false userid=-1 callerApp=null
V/ActivityManager(  578): Broadcast sticky: Intent { act=android.intent.action.SIG_STR flg=0x10 (has extras) } ordered=false userid=-1 callerApp=ProcessRecord{42697b88 578:system/1000}
V/ActivityManager(  578): Broadcast sticky: Intent { act=android.intent.action.BATTERY_CHANGED flg=0x60000010 (has extras) } ordered=false userid=-1 callerApp=null
V/ActivityManager(  578): Broadcast: Intent { act=com.alibaba.mobileim.TCMSNETWORKACTION flg=0x10 (has extras) } ordered=false userid=0 callerApp=ProcessRecord{435338c0 15013:com.comtop.mim:TcmsService/u0a10078}
W/BroadcastQueue(  578): the App timeout ,do not perform receiver
W/BroadcastQueue(  578): Failure sending broadcast Intent { act=com.alibaba.mobileim.TCMSNETWORKACTION flg=0x10 (has extras) }
W/BroadcastQueue(  578): android.os.RemoteException
W/BroadcastQueue(  578): 	at com.android.server.am.BroadcastQueue$Injector.isTimeoutApp(BroadcastQueue.java:70)
W/BroadcastQueue(  578): 	at com.android.server.am.BroadcastQueue.performReceiveLocked(BroadcastQueue.java:408)
W/BroadcastQueue(  578): 	at com.android.server.am.BroadcastQueue.deliverToRegisteredReceiverLocked(BroadcastQueue.java:484)
W/BroadcastQueue(  578): 	at com.android.server.am.BroadcastQueue.processNextBroadcast(BroadcastQueue.java:540)
W/BroadcastQueue(  578): 	at com.android.server.am.BroadcastQueue$1.handleMessage(BroadcastQueue.java:166)
W/BroadcastQueue(  578): 	at android.os.Handler.dispatchMessage(Handler.java:107)
W/BroadcastQueue(  578): 	at android.os.Looper.loop(Looper.java:194)
W/BroadcastQueue(  578): 	at com.android.server.am.ActivityManagerService$AThread.run(ActivityManagerService.java:1750)
V/AlarmManager(  578): Native set alarm :Alarm{43959920 type 3 com.miui.providers.weather}
I/AlarmManager(  578): reset poweroff alarm none
V/ActivityManager(  578): Broadcast: Intent { act=android.intent.action.TIME_TICK flg=0x50000014 (has extras) } ordered=true userid=-1 callerApp=null
D/PowerManagerDisplayController(  578): requestPowerState: screenState=2, useProximitySensor=false, forceProximitySensorEnable=false, forceWakeUpEnable=false, screenBrightness=60, screenAutoBrightnessAdjustment=0.0, useAutoBrightness=false, useEcoBrightness=false, blockScreenOn=false, waitForNegativeProximity=false
I/PowerManagerService(  578): setBrightness mButtonLight 0.
V/AlarmManager(  578): Native set alarm :Alarm{4334f838 type 3 android}
D/PowerManagerDisplayController(  578): requestPowerState: screenState=2, useProximitySensor=false, forceProximitySensorEnable=false, forceWakeUpEnable=false, screenBrightness=60, screenAutoBrightnessAdjustment=0.0, useAutoBrightness=false, useEcoBrightness=false, blockScreenOn=false, waitForNegativeProximity=false
I/PowerManagerService(  578): setBrightness mButtonLight 0.
V/ActivityManager(  578): Broadcast sticky: Intent { act=android.intent.action.SIG_STR flg=0x10 (has extras) } ordered=false userid=-1 callerApp=ProcessRecord{42697b88 578:system/1000}
V/ActivityManager(  578): Broadcast: Intent { act=com.alibaba.mobileim.TCMSNETWORKACTION flg=0x10 (has extras) } ordered=false userid=0 callerApp=ProcessRecord{435338c0 15013:com.comtop.mim:TcmsService/u0a10078}
W/BroadcastQueue(  578): the App timeout ,do not perform receiver
W/BroadcastQueue(  578): Failure sending broadcast Intent { act=com.alibaba.mobileim.TCMSNETWORKACTION flg=0x10 (has extras) }
W/BroadcastQueue(  578): android.os.RemoteException
W/BroadcastQueue(  578): 	at com.android.server.am.BroadcastQueue$Injector.isTimeoutApp(BroadcastQueue.java:70)
W/BroadcastQueue(  578): 	at com.android.server.am.BroadcastQueue.performReceiveLocked(BroadcastQueue.java:408)
W/BroadcastQueue(  578): 	at com.android.server.am.BroadcastQueue.deliverToRegisteredReceiverLocked(BroadcastQueue.java:484)
W/BroadcastQueue(  578): 	at com.android.server.am.BroadcastQueue.processNextBroadcast(BroadcastQueue.java:540)
W/BroadcastQueue(  578): 	at com.android.server.am.BroadcastQueue$1.handleMessage(BroadcastQueue.java:166)
W/BroadcastQueue(  578): 	at android.os.Handler.dispatchMessage(Handler.java:107)
W/BroadcastQueue(  578): 	at android.os.Looper.loop(Looper.java:194)
W/BroadcastQueue(  578): 	at com.android.server.am.ActivityManagerService$AThread.run(ActivityManagerService.java:1750)
V/ActivityManager(  578): Broadcast sticky: Intent { act=android.intent.action.BATTERY_CHANGED flg=0x60000010 (has extras) } ordered=false userid=-1 callerApp=null
V/AlarmManager(  578): Native set alarm :Alarm{43959920 type 3 com.miui.providers.weather}
I/AlarmManager(  578): reset poweroff alarm none
V/ActivityManager(  578): Broadcast: Intent { act=android.intent.action.TIME_TICK flg=0x50000014 (has extras) } ordered=true userid=-1 callerApp=null
D/PowerManagerDisplayController(  578): requestPowerState: screenState=2, useProximitySensor=false, forceProximitySensorEnable=false, forceWakeUpEnable=false, screenBrightness=60, screenAutoBrightnessAdjustment=0.0, useAutoBrightness=false, useEcoBrightness=false, blockScreenOn=false, waitForNegativeProximity=false
I/PowerManagerService(  578): setBrightness mButtonLight 0.
V/AlarmManager(  578): Native set alarm :Alarm{42cb92d0 type 3 android}
D/PowerManagerDisplayController(  578): requestPowerState: screenState=2, useProximitySensor=false, forceProximitySensorEnable=false, forceWakeUpEnable=false, screenBrightness=60, screenAutoBrightnessAdjustment=0.0, useAutoBrightness=false, useEcoBrightness=false, blockScreenOn=false, waitForNegativeProximity=false
I/PowerManagerService(  578): setBrightness mButtonLight 0.
V/ActivityManager(  578): Broadcast: Intent { act=com.alibaba.mobileim.TCMSNETWORKACTION flg=0x10 (has extras) } ordered=false userid=0 callerApp=ProcessRecord{435338c0 15013:com.comtop.mim:TcmsService/u0a10078}
W/BroadcastQueue(  578): the App timeout ,do not perform receiver
W/BroadcastQueue(  578): Failure sending broadcast Intent { act=com.alibaba.mobileim.TCMSNETWORKACTION flg=0x10 (has extras) }
W/BroadcastQueue(  578): android.os.RemoteException
W/BroadcastQueue(  578): 	at com.android.server.am.BroadcastQueue$Injector.isTimeoutApp(BroadcastQueue.java:70)
W/BroadcastQueue(  578): 	at com.android.server.am.BroadcastQueue.performReceiveLocked(BroadcastQueue.java:408)
W/BroadcastQueue(  578): 	at com.android.server.am.BroadcastQueue.deliverToRegisteredReceiverLocked(BroadcastQueue.java:484)
W/BroadcastQueue(  578): 	at com.android.server.am.BroadcastQueue.processNextBroadcast(BroadcastQueue.java:540)
W/BroadcastQueue(  578): 	at com.android.server.am.BroadcastQueue$1.handleMessage(BroadcastQueue.java:166)
W/BroadcastQueue(  578): 	at android.os.Handler.dispatchMessage(Handler.java:107)
W/BroadcastQueue(  578): 	at android.os.Looper.loop(Looper.java:194)
W/BroadcastQueue(  578): 	at com.android.server.am.ActivityManagerService$AThread.run(ActivityManagerService.java:1750)
W/ProcessStats(  578): Skipping unknown process pid 19427
V/ActivityManager(  578): Broadcast: Intent { act=com.alibaba.mobileim.TCMSNETWORKACTION flg=0x10 (has extras) } ordered=false userid=0 callerApp=ProcessRecord{435338c0 15013:com.comtop.mim:TcmsService/u0a10078}
W/BroadcastQueue(  578): the App timeout ,do not perform receiver
W/BroadcastQueue(  578): Failure sending broadcast Intent { act=com.alibaba.mobileim.TCMSNETWORKACTION flg=0x10 (has extras) }
W/BroadcastQueue(  578): android.os.RemoteException
W/BroadcastQueue(  578): 	at com.android.server.am.BroadcastQueue$Injector.isTimeoutApp(BroadcastQueue.java:70)
W/BroadcastQueue(  578): 	at com.android.server.am.BroadcastQueue.performReceiveLocked(BroadcastQueue.java:408)
W/BroadcastQueue(  578): 	at com.android.server.am.BroadcastQueue.deliverToRegisteredReceiverLocked(BroadcastQueue.java:484)
W/BroadcastQueue(  578): 	at com.android.server.am.BroadcastQueue.processNextBroadcast(BroadcastQueue.java:540)
W/BroadcastQueue(  578): 	at com.android.server.am.BroadcastQueue$1.handleMessage(BroadcastQueue.java:166)
W/BroadcastQueue(  578): 	at android.os.Handler.dispatchMessage(Handler.java:107)
W/BroadcastQueue(  578): 	at android.os.Looper.loop(Looper.java:194)
W/BroadcastQueue(  578): 	at com.android.server.am.ActivityManagerService$AThread.run(ActivityManagerService.java:1750)
V/ActivityManager(  578): Broadcast sticky: Intent { act=android.intent.action.BATTERY_CHANGED flg=0x60000010 (has extras) } ordered=false userid=-1 callerApp=null
V/ActivityManager(  578): Broadcast sticky: Intent { act=android.intent.action.SIG_STR flg=0x10 (has extras) } ordered=false userid=-1 callerApp=ProcessRecord{42697b88 578:system/1000}
V/AlarmManager(  578): Native set alarm :Alarm{43959920 type 3 com.miui.providers.weather}
I/AlarmManager(  578): reset poweroff alarm none
V/ActivityManager(  578): Broadcast: Intent { act=android.intent.action.TIME_TICK flg=0x50000014 (has extras) } ordered=true userid=-1 callerApp=null
D/PowerManagerDisplayController(  578): requestPowerState: screenState=2, useProximitySensor=false, forceProximitySensorEnable=false, forceWakeUpEnable=false, screenBrightness=60, screenAutoBrightnessAdjustment=0.0, useAutoBrightness=false, useEcoBrightness=false, blockScreenOn=false, waitForNegativeProximity=false
I/PowerManagerService(  578): setBrightness mButtonLight 0.
V/AlarmManager(  578): Native set alarm :Alarm{439a6df8 type 3 android}
D/PowerManagerDisplayController(  578): requestPowerState: screenState=2, useProximitySensor=false, forceProximitySensorEnable=false, forceWakeUpEnable=false, screenBrightness=60, screenAutoBrightnessAdjustment=0.0, useAutoBrightness=false, useEcoBrightness=false, blockScreenOn=false, waitForNegativeProximity=false
I/PowerManagerService(  578): setBrightness mButtonLight 0.
V/ActivityManager(  578): Broadcast: Intent { act=com.alibaba.mobileim.TCMSNETWORKACTION flg=0x10 (has extras) } ordered=false userid=0 callerApp=ProcessRecord{435338c0 15013:com.comtop.mim:TcmsService/u0a10078}
W/BroadcastQueue(  578): the App timeout ,do not perform receiver
W/BroadcastQueue(  578): Failure sending broadcast Intent { act=com.alibaba.mobileim.TCMSNETWORKACTION flg=0x10 (has extras) }
W/BroadcastQueue(  578): android.os.RemoteException
W/BroadcastQueue(  578): 	at com.android.server.am.BroadcastQueue$Injector.isTimeoutApp(BroadcastQueue.java:70)
W/BroadcastQueue(  578): 	at com.android.server.am.BroadcastQueue.performReceiveLocked(BroadcastQueue.java:408)
W/BroadcastQueue(  578): 	at com.android.server.am.BroadcastQueue.deliverToRegisteredReceiverLocked(BroadcastQueue.java:484)
W/BroadcastQueue(  578): 	at com.android.server.am.BroadcastQueue.processNextBroadcast(BroadcastQueue.java:540)
W/BroadcastQueue(  578): 	at com.android.server.am.BroadcastQueue$1.handleMessage(BroadcastQueue.java:166)
W/BroadcastQueue(  578): 	at android.os.Handler.dispatchMessage(Handler.java:107)
W/BroadcastQueue(  578): 	at android.os.Looper.loop(Looper.java:194)
W/BroadcastQueue(  578): 	at com.android.server.am.ActivityManagerService$AThread.run(ActivityManagerService.java:1750)
V/ActivityManager(  578): Broadcast sticky: Intent { act=android.intent.action.SIG_STR flg=0x10 (has extras) } ordered=false userid=-1 callerApp=ProcessRecord{42697b88 578:system/1000}
V/ActivityManager(  578): Broadcast sticky: Intent { act=android.net.wifi.RSSI_CHANGED flg=0x8000010 (has extras) } ordered=false userid=-1 callerApp=ProcessRecord{42697b88 578:system/1000}
W/BroadcastQueue(  578): the App timeout ,do not perform receiver
W/BroadcastQueue(  578): Failure sending broadcast Intent { act=android.net.wifi.RSSI_CHANGED flg=0x8000010 (has extras) }
W/BroadcastQueue(  578): android.os.RemoteException
W/BroadcastQueue(  578): 	at com.android.server.am.BroadcastQueue$Injector.isTimeoutApp(BroadcastQueue.java:70)
W/BroadcastQueue(  578): 	at com.android.server.am.BroadcastQueue.performReceiveLocked(BroadcastQueue.java:408)
W/BroadcastQueue(  578): 	at com.android.server.am.BroadcastQueue.deliverToRegisteredReceiverLocked(BroadcastQueue.java:484)
W/BroadcastQueue(  578): 	at com.android.server.am.BroadcastQueue.processNextBroadcast(BroadcastQueue.java:540)
W/BroadcastQueue(  578): 	at com.android.server.am.BroadcastQueue$1.handleMessage(BroadcastQueue.java:166)
W/BroadcastQueue(  578): 	at android.os.Handler.dispatchMessage(Handler.java:107)
W/BroadcastQueue(  578): 	at android.os.Looper.loop(Looper.java:194)
W/BroadcastQueue(  578): 	at com.android.server.am.ActivityManagerService$AThread.run(ActivityManagerService.java:1750)
V/ActivityManager(  578): Broadcast sticky: Intent { act=android.intent.action.SIG_STR flg=0x10 (has extras) } ordered=false userid=-1 callerApp=ProcessRecord{42697b88 578:system/1000}
V/ActivityManager(  578): Broadcast sticky: Intent { act=android.intent.action.SIG_STR flg=0x10 (has extras) } ordered=false userid=-1 callerApp=ProcessRecord{42697b88 578:system/1000}
D/PowerManagerNotifier(  578): onUserActivity: event=2, uid=1000
D/PowerManagerDisplayController(  578): requestPowerState: screenState=2, useProximitySensor=false, forceProximitySensorEnable=false, forceWakeUpEnable=false, screenBrightness=60, screenAutoBrightnessAdjustment=0.0, useAutoBrightness=false, useEcoBrightness=false, blockScreenOn=false, waitForNegativeProximity=false
I/PowerManagerService(  578): setBrightness mButtonLight 0.
W/ActivityManager(  578):   Force finishing activity com.comtop.mim/.ui.WelcomeActivity
D/PowerManagerDisplayController(  578): requestPowerState: screenState=2, useProximitySensor=false, forceProximitySensorEnable=false, forceWakeUpEnable=false, screenBrightness=60, screenAutoBrightnessAdjustment=0.0, useAutoBrightness=false, useEcoBrightness=false, blockScreenOn=false, waitForNegativeProximity=false
I/PowerManagerService(  578): setBrightness mButtonLight 0.
I/ActivityManager(  578): Killing ProcessRecord{42d1de90 14140:com.comtop.mim/u0a10078}: user's request
V/WindowManager(  578): Changing focus from Window{428f26f8 u0 Application Not Responding: com.comtop.mim EXITING} to Window{42900e88 u0 com.android.settings/com.android.settings.Settings$DeviceInfoSettingsActivity}
I/WindowManager(  578): Gaining focus: Window{42900e88 u0 com.android.settings/com.android.settings.Settings$DeviceInfoSettingsActivity}
D/DisplayManagerService(  578): Display listener for pid 14140 died.
I/WindowState(  578): WIN DEATH: Window{434a8f68 u0 com.comtop.mim/com.comtop.mim.ui.WelcomeActivity}
V/ActivityManager(  578): Death received in com.android.server.am.ActivityManagerService$AppDeathRecipient@4261d090 for thread android.os.BinderProxy@4252c420
I/ActivityManager(  578): Process com.comtop.mim (pid 14140) has died.
W/ActivityManager(  578): Scheduling restart of crashed service com.comtop.mim/com.alibaba.tcms.service.ListenerService in 5000ms
V/NetworkStats(  578): setKernelCounterSet uid=10078 set=0
D/ConnectivityService(  578): onUidRulesChanged(uid=10078, uidRules=0)
D/PhoneStatusBar(  677): disable: < expand icons alerts ticker system_info back home recent clock >
V/InputMethodManagerService(  578): windowGainedFocus: android.os.BinderProxy@43367c40 controlFlags=#5 softInputMode=#10 windowFlags=#9810100
W/InputMethodManagerService(  578): Window already focused, ignoring focus gain of: com.android.internal.view.IInputMethodClient$Stub$Proxy@4395d300 attribute=null, token = android.os.BinderProxy@43411ad0
V/ActivityManager(  578): Activity idle: Token{42cd5730 ActivityRecord{427f4e40 u0 com.android.settings/.Settings$DeviceInfoSettingsActivity}}
D/PowerManagerDisplayController(  578): requestPowerState: screenState=2, useProximitySensor=false, forceProximitySensorEnable=false, forceWakeUpEnable=false, screenBrightness=60, screenAutoBrightnessAdjustment=0.0, useAutoBrightness=false, useEcoBrightness=false, blockScreenOn=false, waitForNegativeProximity=false
I/PowerManagerService(  578): setBrightness mButtonLight 0.
V/AlarmManager(  578): Native set alarm :Alarm{42969be0 type 2 android}
I/AlarmManager(  578): reset poweroff alarm none
V/ActivityManager(  578): Broadcast: Intent { act=com.xiaomi.push.PING_TIMER flg=0x14 pkg=com.xiaomi.xmsf (has extras) } ordered=true userid=0 callerApp=null
D/PowerManagerDisplayController(  578): requestPowerState: screenState=2, useProximitySensor=false, forceProximitySensorEnable=false, forceWakeUpEnable=false, screenBrightness=60, screenAutoBrightnessAdjustment=0.0, useAutoBrightness=false, useEcoBrightness=false, blockScreenOn=false, waitForNegativeProximity=false
I/PowerManagerService(  578): setBrightness mButtonLight 0.
V/AlarmManager(  578): Native set alarm :Alarm{434b7898 type 2 com.xiaomi.xmsf}
D/PowerManagerDisplayController(  578): requestPowerState: screenState=2, useProximitySensor=false, forceProximitySensorEnable=false, forceWakeUpEnable=false, screenBrightness=60, screenAutoBrightnessAdjustment=0.0, useAutoBrightness=false, useEcoBrightness=false, blockScreenOn=false, waitForNegativeProximity=false
I/PowerManagerService(  578): setBrightness mButtonLight 0.
D/ConnectivityService(  578): getActiveNetworkInfo:NetworkInfo: type: WIFI[], state: CONNECTED/CONNECTED, reason: (unspecified), extra: "wifi-confine", roaming: false, failover: false, isAvailable: true, simId: 0/10070
V/ActivityManager(  578): Broadcast sticky: Intent { act=android.net.wifi.RSSI_CHANGED flg=0x8000010 (has extras) } ordered=false userid=-1 callerApp=ProcessRecord{42697b88 578:system/1000}
V/ActivityManager(  578): Broadcast sticky: Intent { act=android.intent.action.SIG_STR flg=0x10 (has extras) } ordered=false userid=-1 callerApp=ProcessRecord{42697b88 578:system/1000}
I/ActivityManager(  578): Force stopping package com.comtop.mim appid=10078 user=0
I/ActivityManager(  578): Killing proc 15013:com.comtop.mim:TcmsService/u0a10078: force stop com.comtop.mim
W/ActivityManager(  578): Scheduling restart of crashed service com.comtop.mim/com.alibaba.tcms.service.TCMSService in 5000ms
I/ActivityManager(  578):   Force stopping service ServiceRecord{434be390 u0 com.comtop.mim/com.alibaba.tcms.service.TCMSService}
V/ActivityManager(  578): Activity idle: null
V/ActivityManager(  578): Broadcast: Intent { act=android.intent.action.PACKAGE_RESTARTED dat=package:com.comtop.mim flg=0x10 (has extras) } ordered=false userid=0 callerApp=null
D/DisplayManagerService(  578): Display listener for pid 15013 died.
V/ActivityManager(  578): Broadcast sticky: Intent { act=android.net.wifi.RSSI_CHANGED flg=0x8000010 (has extras) } ordered=false userid=-1 callerApp=ProcessRecord{42697b88 578:system/1000}
I/ActivityManager(  578): START u0 {act=android.intent.action.MAIN cat=[android.intent.category.LAUNCHER] flg=0x10000000 cmp=com.comtop.mim/.ui.SplashActivity} from pid 20155
D/PowerManagerDisplayController(  578): requestPowerState: screenState=2, useProximitySensor=false, forceProximitySensorEnable=false, forceWakeUpEnable=false, screenBrightness=60, screenAutoBrightnessAdjustment=0.0, useAutoBrightness=false, useEcoBrightness=false, blockScreenOn=false, waitForNegativeProximity=false
I/PowerManagerService(  578): setBrightness mButtonLight 0.
W/ActivityManager(  578): Unable to write /sys/module/mlog/parameters/do_mlog
I/ActivityManager(  578): Start proc com.comtop.mim for activity com.comtop.mim/.ui.SplashActivity: pid=20165 uid=10078 gids={50078, 1028, 3003, 1015, 1006}
V/ActivityManager(  578): Binding process pid 20165 to record ProcessRecord{4379ece8 20165:com.comtop.mim/u0a10078}
V/ActivityManager(  578): New death recipient com.android.server.am.ActivityManagerService$AppDeathRecipient@4351f898 for thread android.os.BinderProxy@433fe6c0
V/ActivityManager(  578): New app record ProcessRecord{4379ece8 20165:com.comtop.mim/u0a10078} thread=android.os.BinderProxy@433fe6c0 pid=20165
V/ActivityManager(  578): ACT-Launching: ActivityRecord{431aaaf8 u0 com.comtop.mim/.ui.SplashActivity}
V/WindowManager(  578): Changing focus from Window{42900e88 u0 com.android.settings/com.android.settings.Settings$DeviceInfoSettingsActivity} to null
D/PhoneStatusBar(  677): disable: < expand icons alerts ticker system_info back home recent clock >
I/WindowManager(  578): Losing focus: Window{42900e88 u0 com.android.settings/com.android.settings.Settings$DeviceInfoSettingsActivity}
V/NetworkStats(  578): setKernelCounterSet uid=10078 set=1
D/ConnectivityService(  578): onUidRulesChanged(uid=10078, uidRules=0)
D/FrameworkListener(  122): dispatchCommand data = (getaddrinfo tcms-openim.wangxin.taobao.com ^ 1024 0 1 0)
W/ActivityManager(  578): Launch timeout has expired, giving up wake lock!
D/PowerManagerDisplayController(  578): requestPowerState: screenState=2, useProximitySensor=false, forceProximitySensorEnable=false, forceWakeUpEnable=false, screenBrightness=60, screenAutoBrightnessAdjustment=0.0, useAutoBrightness=false, useEcoBrightness=false, blockScreenOn=false, waitForNegativeProximity=false
I/PowerManagerService(  578): setBrightness mButtonLight 0.
W/ActivityManager(  578): Activity idle timeout for ActivityRecord{431aaaf8 u0 com.comtop.mim/.ui.SplashActivity}
V/ActivityManager(  578): Activity idle: Token{431aac38 ActivityRecord{431aaaf8 u0 com.comtop.mim/.ui.SplashActivity}}
V/ActivityManager(  578): Stopping ActivityRecord{427f4e40 u0 com.android.settings/.Settings$DeviceInfoSettingsActivity}: nowVisible=false waitingVisible=true finishing=false
V/ActivityManager(  578): Broadcast: Intent { act=com.android.providers.media.ACTIVATE_MEDIAPROCESS flg=0x10 } ordered=false userid=0 callerApp=ProcessRecord{42948c48 1242:android.process.media/u0a10015}
D/PowerManagerDisplayController(  578): requestPowerState: screenState=2, useProximitySensor=false, forceProximitySensorEnable=false, forceWakeUpEnable=false, screenBrightness=60, screenAutoBrightnessAdjustment=0.0, useAutoBrightness=false, useEcoBrightness=false, blockScreenOn=false, waitForNegativeProximity=false
I/PowerManagerService(  578): setBrightness mButtonLight 0.
D/PowerManagerDisplayController(  578): requestPowerState: screenState=2, useProximitySensor=false, forceProximitySensorEnable=false, forceWakeUpEnable=false, screenBrightness=60, screenAutoBrightnessAdjustment=0.0, useAutoBrightness=false, useEcoBrightness=false, blockScreenOn=false, waitForNegativeProximity=false
I/PowerManagerService(  578): setBrightness mButtonLight 0.
V/ActivityManager(  578): Broadcast sticky: Intent { act=android.intent.action.SIG_STR flg=0x10 (has extras) } ordered=false userid=-1 callerApp=ProcessRecord{42697b88 578:system/1000}
V/AlarmManager(  578): Native set alarm :Alarm{43959920 type 3 com.miui.providers.weather}
I/AlarmManager(  578): reset poweroff alarm none
V/ActivityManager(  578): Broadcast: Intent { act=android.intent.action.TIME_TICK flg=0x50000014 (has extras) } ordered=true userid=-1 callerApp=null
D/PowerManagerDisplayController(  578): requestPowerState: screenState=2, useProximitySensor=false, forceProximitySensorEnable=false, forceWakeUpEnable=false, screenBrightness=60, screenAutoBrightnessAdjustment=0.0, useAutoBrightness=false, useEcoBrightness=false, blockScreenOn=false, waitForNegativeProximity=false
I/PowerManagerService(  578): setBrightness mButtonLight 0.
V/AlarmManager(  578): Native set alarm :Alarm{43790d28 type 3 android}
D/PowerManagerDisplayController(  578): requestPowerState: screenState=2, useProximitySensor=false, forceProximitySensorEnable=false, forceWakeUpEnable=false, screenBrightness=60, screenAutoBrightnessAdjustment=0.0, useAutoBrightness=false, useEcoBrightness=false, blockScreenOn=false, waitForNegativeProximity=false
I/PowerManagerService(  578): setBrightness mButtonLight 0.
D/ConnectivityService(  578): getActiveNetworkInfo:NetworkInfo: type: WIFI[], state: CONNECTED/CONNECTED, reason: (unspecified), extra: "wifi-confine", roaming: false, failover: false, isAvailable: true, simId: 0/10070
D/ConnectivityService(  578): getActiveNetworkInfo:NetworkInfo: type: WIFI[], state: CONNECTED/CONNECTED, reason: (unspecified), extra: "wifi-confine", roaming: false, failover: false, isAvailable: true, simId: 0/10070
D/ConnectivityService(  578): getActiveNetworkInfo:NetworkInfo: type: WIFI[], state: CONNECTED/CONNECTED, reason: (unspecified), extra: "wifi-confine", roaming: false, failover: false, isAvailable: true, simId: 0/10070
D/ConnectivityService(  578): getActiveNetworkInfo:NetworkInfo: type: WIFI[], state: CONNECTED/CONNECTED, reason: (unspecified), extra: "wifi-confine", roaming: false, failover: false, isAvailable: true, simId: 0/10070
D/ConnectivityService(  578): getActiveNetworkInfo:NetworkInfo: type: WIFI[], state: CONNECTED/CONNECTED, reason: (unspecified), extra: "wifi-confine", roaming: false, failover: false, isAvailable: true, simId: 0/10070
D/FrameworkListener(  122): dispatchCommand data = (getaddrinfo resolver.gslb.mi-idc.com ^ 1024 0 1 0)
V/ActivityManager(  578): Broadcast sticky: Intent { act=android.intent.action.BATTERY_CHANGED flg=0x60000010 (has extras) } ordered=false userid=-1 callerApp=null
V/ActivityManager(  578): Broadcast sticky: Intent { act=android.intent.action.SIG_STR flg=0x10 (has extras) } ordered=false userid=-1 callerApp=ProcessRecord{42697b88 578:system/1000}
V/ActivityManager(  578): Broadcast sticky: Intent { act=android.intent.action.BATTERY_CHANGED flg=0x60000010 (has extras) } ordered=false userid=-1 callerApp=null
