01-11 08:34:40.609: W/genymotion_audio(132): out_write() limiting sleep time 23240 to 23219
01-11 08:36:32.629: I/ActivityManager(415): Force stopping package com.comtop.mim appid=10051 user=0
01-11 08:36:32.629: I/ActivityManager(415): Killing proc 30572:com.comtop.mim:TcmsService/u0a10051: force stop com.comtop.mim
01-11 08:36:32.629: W/ActivityManager(415): Scheduling restart of crashed service com.comtop.mim/com.alibaba.tcms.service.TCMSService in 5000ms
01-11 08:36:32.629: I/ActivityManager(415): Killing proc 30538:com.comtop.mim/u0a10051: force stop com.comtop.mim
01-11 08:36:32.629: W/ActivityManager(415): Scheduling restart of crashed service com.comtop.mim/com.alibaba.tcms.service.ListenerService in 15000ms
01-11 08:36:32.629: W/ActivityManager(415): Force removing ActivityRecord{533ad9a8 u0 com.comtop.mim/.ui.MainActivity}: app died, no saved state
01-11 08:36:32.649: I/ActivityManager(415):   Force stopping service ServiceRecord{5359d67c u0 com.comtop.mim/com.alibaba.tcms.service.TCMSService}
01-11 08:36:32.801: I/WindowState(415): WIN DEATH: Window{5339eb58 u0 com.comtop.mim/com.comtop.mim.ui.MainActivity}
01-11 08:36:33.081: W/InputMethodManagerService(415): Got RemoteException sending setActive(false) notification to pid 30538 uid 10051
01-11 08:36:34.221: I/ActivityManager(415): START u0 {act=android.intent.action.MAIN cat=[android.intent.category.LAUNCHER] flg=0x10000000 cmp=com.comtop.mim/.ui.SplashActivity} from pid 7298
01-11 08:36:34.605: I/ActivityManager(415): Start proc com.comtop.mim for activity com.comtop.mim/.ui.SplashActivity: pid=7307 uid=10051 gids={50051, 1028, 3003, 1015, 1006}
01-11 08:36:36.521: I/ActivityManager(415): Start proc com.comtop.mim:TcmsService for service com.comtop.mim/com.alibaba.tcms.service.TCMSService: pid=7342 uid=10051 gids={50051, 1028, 3003, 1015, 1006}
01-11 08:36:39.177: I/ActivityManager(415): START u0 {cmp=com.comtop.mim/.ui.MainActivity (has extras)} from pid 7307
01-11 08:36:39.825: W/ActivityManager(415): Activity pause timeout for ActivityRecord{532bea6c u0 com.comtop.mim/.ui.SplashActivity}
01-11 08:37:35.833: D/Genyd(57): Received Set Clipboard
01-11 08:37:35.833: D/Genymotion(57): Received Set Clipboard
01-11 08:38:51.489: W/genymotion_audio(132): out_write() limiting sleep time 44149 to 23219
01-11 08:38:51.513: W/genymotion_audio(132): out_write() limiting sleep time 55759 to 23219
01-11 08:38:51.533: W/genymotion_audio(132): out_write() limiting sleep time 67369 to 23219
01-11 08:38:51.569: W/genymotion_audio(132): out_write() limiting sleep time 68979 to 23219
01-11 08:38:51.593: W/genymotion_audio(132): out_write() limiting sleep time 60589 to 23219
01-11 08:38:51.617: W/genymotion_audio(132): out_write() limiting sleep time 52199 to 23219
01-11 08:38:51.641: W/genymotion_audio(132): out_write() limiting sleep time 43809 to 23219
01-11 08:38:51.665: W/genymotion_audio(132): out_write() limiting sleep time 25419 to 23219
01-11 08:38:53.137: W/ThrottleService(415): unable to find stats for iface rmnet0
01-11 08:38:54.701: I/ActivityManager(415): START u0 {cmp=com.comtop.mim/.ui.PersonInfoActivity (has extras)} from pid 7307
01-11 08:38:57.265: I/ActivityManager(415): START u0 {cmp=com.comtop.mim/.ui.FriendAddCommentActivity} from pid 7307
01-11 08:38:59.797: E/ActivityThread(733): Failed to find provider info for com.android.inputmethod.latin.dictionarypack
01-11 08:39:01.917: W/genymotion_audio(132): out_write() limiting sleep time 44149 to 23219
01-11 08:39:01.945: W/genymotion_audio(132): out_write() limiting sleep time 45759 to 23219
01-11 08:39:01.969: W/genymotion_audio(132): out_write() limiting sleep time 37369 to 23219
01-11 08:39:02.101: W/genymotion_audio(132): out_write() limiting sleep time 30747 to 23219
01-11 08:39:02.101: W/genymotion_audio(132): --------- beginning of /dev/log/main
01-11 08:39:03.149: D/im@im@msgrecv(7307): [MsgRecv-pushMessage]on push message keyidvj1r4l000150888cb0740c6269105872440982782idvj1r4l000150888cb0740c existInCacheMsg=false msg.getSubtype=66
01-11 08:39:03.153: D/MessageList(7307): message:Message{mMsgId=6269105872440982782, atFlag=0, direction=0, mContent='{"customize":"{\"source\":{\"phone\":\"13691637118\",\"nick\":\"118\",\"avatarId\":\"http://7xn4wo.com1.z0.glb.clouddn.com/user/avatar/000150888cb0740c?1437897406181\",\"name\":null,\"userId\":\"000150888cb0740c\"},\"msgType\":\"event.friend.apply.sent\",\"comment\":\"mmmmmmmm\"}","header":{"summary":""}}
01-11 08:39:03.153: D/MessageList(7307): ', mCvsId='idvj1r4l000150888cb0740c', isAtMsgAck=false, atMsgAckSendId='null', atMsgAckUUid='null', isAtMsgHasRead=false, mTime=1452501544, mAuthorId='idvj1r4l000150888cb0740c', mAuthorName='000150888cb0740c', atUserList=null}
01-11 08:39:03.165: D/MessageList@OriginalPic(7307): message.getMsgId() = 6269105872440982782message.getSubType() = 66
01-11 08:39:03.165: D/DataBaseUtils(7307): insertValue uri=content://com.comtop.mim.aliwxprovider/message List<IDBModel>
01-11 08:39:03.181: D/MessageList(7307): flag = true
01-11 08:39:03.181: D/im@im@msgrecv(7307): [MsgRecv-onPushMessage]onPushMessage Not counting unread, msgTime = 1452501544
01-11 08:39:03.185: D/Conversation@tribe(7307): unReadCount = -1
01-11 08:39:03.185: D/ConversationModel(7307): this.unReadCount = 0, unReadCount = 0
01-11 08:39:03.189: D/WXUtil(7307): broadCastUnReadMsgCount msgUnReadCount=16 pubPrivateMsgUnReadCount=0
01-11 08:39:03.193: D/Conversation@tribe(7307): bNotify:trueneedNotify:0
01-11 08:39:03.197: D/im@im@msgrecv(7307): [MsgRecv-updateConversation]bNotify:trueneedNotify:0
01-11 08:39:03.197: D/DataBaseUtils(7307): replaceValue uri=content://com.comtop.mim.aliwxprovider/conversation
01-11 08:39:03.201: I/YWUIAPI(7307): onPushMessage
01-11 08:39:03.213: D/may(7307): App--->getUserInfo(), mUser: com.comtop.mim.model.UserInfo@533ab900
01-11 08:39:03.213: D/may(7307): App--->getUserInfo(), mUser: com.comtop.mim.model.UserInfo@533ab900
01-11 08:39:03.213: D/im@im@msgrecv(7307): [MsgRecv-createP2PConversation]createSimpleP2PConversationidvj1r4l000150888cb0740c
01-11 08:39:03.217: D/ConversationManager(7307): getTimeStamp, conversationIdidvj1r4l000150888cb0740c
01-11 08:39:03.217: D/im@im@msgrecv(7307): [MsgRecv-onPushMessage]timeStamp = 0 totalUnreadCount = 16
01-11 08:39:03.221: D/im@im@msgrecv(7307): [MsgRecv-onPushMessage]timeStamp = 0
01-11 08:39:03.221: I/im@im@msgrecv(7307): [MsgRecv-pushMessage]:{"customize":"{\"source\":{\"phone\":\"13691637118\",\"nick\":\"118\",\"avatarId\":\"http://7xn4wo.com1.z0.glb.clouddn.com/user/avatar/000150888cb0740c?1437897406181\",\"name\":null,\"userId\":\"000150888cb0740c\"},\"msgType\":\"event.friend.apply.sent\",\"comment\":\"mmmmmmmm\"}","header":{"summary":""}}
01-11 08:39:03.221: I/im@im@msgrecv(7307): , msgId = 6269105872440982782, msgTime = 1452501544
01-11 08:39:03.221: D/im@im@msgrecv(7307): [MsgRecv-pushMessage]on push message keyidvj1r4l000150888cb0740c6269105872440982782idvj1r4l000150888cb0740c existInCacheMsg=true msg.getSubtype=66
01-11 08:39:03.225: D/im@im@msgrecv(7307): [MsgRecv-pushMessage]onpush message duplicate6269105872440982782{"customize":"{\"source\":{\"phone\":\"13691637118\",\"nick\":\"118\",\"avatarId\":\"http://7xn4wo.com1.z0.glb.clouddn.com/user/avatar/000150888cb0740c?1437897406181\",\"name\":null,\"userId\":\"000150888cb0740c\"},\"msgType\":\"event.friend.apply.sent\",\"comment\":\"mmmmmmmm\"}","header":{"summary":""}}
01-11 08:39:03.229: D/MessageList(7307): flag = false
01-11 08:39:03.257: D/YWContactManagerImpl(7307): getContactProfileInfo userId=000150888cb0740c appkey=23232985
01-11 08:39:03.257: I/IMProfileCacheUtil(7307): getDefaultProfileCallback
01-11 08:39:03.261: I/IMProfileCacheUtil(7307): geDefaultCrossProfileCallback
01-11 08:39:03.265: D/YWContactManagerImpl(7307): defaultCallbak called
01-11 08:39:03.265: D/YWContactManagerImpl(7307): result nick=118 headUrl=http://7xn4wo.com1.z0.glb.clouddn.com/user/avatar/000150888cb0740c?1437897406181 appkey=null
01-11 08:39:03.269: D/YWContactManagerImpl(7307): getContactProfileInfo userId=000150888cb0740c appkey=23232985
01-11 08:39:03.273: I/IMProfileCacheUtil(7307): getDefaultProfileCallback
01-11 08:39:03.273: I/IMProfileCacheUtil(7307): geDefaultCrossProfileCallback
01-11 08:39:03.273: D/YWContactManagerImpl(7307): defaultCallbak called
01-11 08:39:03.273: D/YWContactManagerImpl(7307): result nick=118 headUrl=http://7xn4wo.com1.z0.glb.clouddn.com/user/avatar/000150888cb0740c?1437897406181 appkey=null
01-11 08:39:03.293: D/WxPerf(7307): getview time:23
01-11 08:39:03.297: D/YWContactManagerImpl(7307): getContactProfileInfo userId=000150888766a901 appkey=23232985
01-11 08:39:03.297: I/IMProfileCacheUtil(7307): getDefaultProfileCallback
01-11 08:39:03.297: I/IMProfileCacheUtil(7307): geDefaultCrossProfileCallback
01-11 08:39:03.301: D/YWContactManagerImpl(7307): defaultCallbak called
01-11 08:39:03.301: D/YWContactManagerImpl(7307): result nick=3333 headUrl=http://7xn4wo.com1.z0.glb.clouddn.com/user/avatar/000150888766a901?1445913912.753282 appkey=null
01-11 08:39:03.305: D/YWContactManagerImpl(7307): getContactProfileInfo userId=000150888766a901 appkey=23232985
01-11 08:39:03.305: I/IMProfileCacheUtil(7307): getDefaultProfileCallback
01-11 08:39:03.305: I/IMProfileCacheUtil(7307): geDefaultCrossProfileCallback
01-11 08:39:03.309: D/YWContactManagerImpl(7307): defaultCallbak called
01-11 08:39:03.313: D/YWContactManagerImpl(7307): result nick=3333 headUrl=http://7xn4wo.com1.z0.glb.clouddn.com/user/avatar/000150888766a901?1445913912.753282 appkey=null
01-11 08:39:03.317: D/WxPerf(7307): getview time:22
01-11 08:39:03.321: D/YWContactManagerImpl(7307): getContactProfileInfo userId=000150891d9b8d37 appkey=23232985
01-11 08:39:03.321: D/IMFileTools@OriginalPic(7307):  inSampleSize8
01-11 08:39:03.325: I/IMProfileCacheUtil(7307): getDefaultProfileCallback
01-11 08:39:03.329: I/IMProfileCacheUtil(7307): geDefaultCrossProfileCallback
01-11 08:39:03.333: D/YWContactManagerImpl(7307): defaultCallbak called
01-11 08:39:03.333: D/YWContactManagerImpl(7307): result nick=chenxiaolong headUrl=http://7xn4wo.com1.z0.glb.clouddn.com/user/avatar/000150891d9b8d37?t=1452481883.385806 appkey=null
01-11 08:39:03.333: D/YWContactManagerImpl(7307): getContactProfileInfo userId=000150891d9b8d37 appkey=23232985
01-11 08:39:03.337: I/IMProfileCacheUtil(7307): getDefaultProfileCallback
01-11 08:39:03.337: I/IMProfileCacheUtil(7307): geDefaultCrossProfileCallback
01-11 08:39:03.337: D/YWContactManagerImpl(7307): defaultCallbak called
01-11 08:39:03.341: D/YWContactManagerImpl(7307): result nick=chenxiaolong headUrl=http://7xn4wo.com1.z0.glb.clouddn.com/user/avatar/000150891d9b8d37?t=1452481883.385806 appkey=null
01-11 08:39:03.345: D/WxPerf(7307): getview time:26
01-11 08:39:03.353: D/YWContactManagerImpl(7307): getContactProfileInfo userId=00015089328c5855 appkey=23232985
01-11 08:39:03.353: I/IMProfileCacheUtil(7307): getDefaultProfileCallback
01-11 08:39:03.353: I/IMProfileCacheUtil(7307): geDefaultCrossProfileCallback
01-11 08:39:03.357: D/YWContactManagerImpl(7307): defaultCallbak called
01-11 08:39:03.365: D/YWContactManagerImpl(7307): result nick=B90 headUrl=http://7xn4wo.com1.z0.glb.clouddn.com/user/avatar/00015089328c5855?1452049200418 appkey=null
01-11 08:39:03.365: D/YWContactManagerImpl(7307): getContactProfileInfo userId=00015089328c5855 appkey=23232985
01-11 08:39:03.369: I/IMProfileCacheUtil(7307): getDefaultProfileCallback
01-11 08:39:03.369: I/IMProfileCacheUtil(7307): geDefaultCrossProfileCallback
01-11 08:39:03.369: D/YWContactManagerImpl(7307): defaultCallbak called
01-11 08:39:03.373: D/YWContactManagerImpl(7307): result nick=B90 headUrl=http://7xn4wo.com1.z0.glb.clouddn.com/user/avatar/00015089328c5855?1452049200418 appkey=null
01-11 08:39:03.377: D/WxPerf(7307): getview time:27
01-11 08:39:03.381: D/YWContactManagerImpl(7307): getContactProfileInfo userId=0001520bb684d807 appkey=23232985
01-11 08:39:03.385: I/IMProfileCacheUtil(7307): getDefaultProfileCallback
01-11 08:39:03.385: I/IMProfileCacheUtil(7307): geDefaultCrossProfileCallback
01-11 08:39:03.385: D/YWContactManagerImpl(7307): defaultCallbak called
01-11 08:39:03.385: D/YWContactManagerImpl(7307): result nick= headUrl= appkey=null
01-11 08:39:03.389: D/YWContactManagerImpl(7307): getContactProfileInfo userId=0001520bb684d807 appkey=23232985
01-11 08:39:03.389: I/IMProfileCacheUtil(7307): getDefaultProfileCallback
01-11 08:39:03.393: I/IMProfileCacheUtil(7307): geDefaultCrossProfileCallback
01-11 08:39:03.393: D/YWContactManagerImpl(7307): defaultCallbak called
01-11 08:39:03.393: D/YWContactManagerImpl(7307): result nick= headUrl= appkey=null
01-11 08:39:03.397: D/WxPerf(7307): getview time:16
01-11 08:39:03.405: D/YWContactManagerImpl(7307): getContactProfileInfo userId=000151c8cf92b302@ps appkey=23232985
01-11 08:39:03.405: I/IMProfileCacheUtil(7307): getDefaultProfileCallback
01-11 08:39:03.409: I/IMProfileCacheUtil(7307): geDefaultCrossProfileCallback
01-11 08:39:03.409: D/YWContactManagerImpl(7307): defaultCallbak called
01-11 08:39:03.413: D/YWContactManagerImpl(7307): result nick=1 headUrl= appkey=null
01-11 08:39:03.413: D/YWContactManagerImpl(7307): getContactProfileInfo userId=000151c8cf92b302@ps appkey=23232985
01-11 08:39:03.413: I/IMProfileCacheUtil(7307): getDefaultProfileCallback
01-11 08:39:03.417: I/IMProfileCacheUtil(7307): geDefaultCrossProfileCallback
01-11 08:39:03.417: D/YWContactManagerImpl(7307): defaultCallbak called
01-11 08:39:03.417: D/YWContactManagerImpl(7307): result nick=1 headUrl= appkey=null
01-11 08:39:03.425: D/WxPerf(7307): getview time:22
01-11 08:39:03.429: D/YWContactManagerImpl(7307): getContactProfileInfo userId=000151ae88e0f002@ps appkey=23232985
01-11 08:39:03.429: I/IMProfileCacheUtil(7307): getDefaultProfileCallback
01-11 08:39:03.433: I/IMProfileCacheUtil(7307): geDefaultCrossProfileCallback
01-11 08:39:03.433: D/YWContactManagerImpl(7307): defaultCallbak called
01-11 08:39:03.433: D/YWContactManagerImpl(7307): result nick= headUrl= appkey=null
01-11 08:39:03.437: D/YWContactManagerImpl(7307): getContactProfileInfo userId=000151ae88e0f002@ps appkey=23232985
01-11 08:39:03.441: I/IMProfileCacheUtil(7307): getDefaultProfileCallback
01-11 08:39:03.441: I/IMProfileCacheUtil(7307): geDefaultCrossProfileCallback
01-11 08:39:03.441: D/YWContactManagerImpl(7307): defaultCallbak called
01-11 08:39:03.441: D/YWContactManagerImpl(7307): result nick= headUrl= appkey=null
01-11 08:39:03.449: D/WxPerf(7307): getview time:22
01-11 08:39:03.453: D/YWContactManagerImpl(7307): getContactProfileInfo userId=000151c8cebe2200@ps appkey=23232985
01-11 08:39:03.453: I/IMProfileCacheUtil(7307): getDefaultProfileCallback
01-11 08:39:03.457: I/IMProfileCacheUtil(7307): geDefaultCrossProfileCallback
01-11 08:39:03.461: D/YWContactManagerImpl(7307): defaultCallbak called
01-11 08:39:03.461: D/YWContactManagerImpl(7307): result nick= headUrl= appkey=null
01-11 08:39:03.465: D/YWContactManagerImpl(7307): getContactProfileInfo userId=000151c8cebe2200@ps appkey=23232985
01-11 08:39:03.465: I/IMProfileCacheUtil(7307): getDefaultProfileCallback
01-11 08:39:03.465: I/IMProfileCacheUtil(7307): geDefaultCrossProfileCallback
01-11 08:39:03.465: D/YWContactManagerImpl(7307): defaultCallbak called
01-11 08:39:03.469: D/YWContactManagerImpl(7307): result nick=?? headUrl= appkey=null
01-11 08:39:03.469: D/WxPerf(7307): getview time:19
01-11 08:39:03.485: D/shape(7307): shape:2
01-11 08:39:03.485: I/IMAsyncLoadImageTask(7307): bitmap isRecycle:false
01-11 08:39:03.509: D/DataBaseUtils(7307): doContentResolverQueryWrapper uri=content://com.comtop.mim.aliwxprovider/wwTribeUser
01-11 08:39:03.553: I/Native(7307): InetIO_ngetLoginState
01-11 08:39:03.553: I/Native(7307): current user idvj1r4l000150888cb0740c
01-11 08:39:03.557: I/EgoAccount.api(7307): getLoginState:3
01-11 08:39:03.561: D/SocketChannel(7307): doTribeOperation:::reqData:{"members":["idvj1r4l000150891d9b8d37"],"tid":1900098988}
01-11 08:39:03.561: I/openimprotocol@native(7307): ImReqTribe_packData
01-11 08:39:03.565: I/openimprotocol@native(7307): ImReqTribe_packData success!
01-11 08:39:03.565: D/InetIO(7307): asyncCall  cmdid16777473 appId:100817 bizId:0
01-11 08:39:03.565: I/Native(7307): InetIO_asyncCall
01-11 08:39:03.565: I/WXContext@idvj1r4l000150888cb0740c@login(7307): extrahead:idvj1r4l000150888cb0740c, reserved:1
01-11 08:39:03.565: I/inetimpl@native@im@msg(7307): PostMsg,cmdid=0x1000101,seqid=26,cmdtype=0,compress=1,encrypted=28
01-11 08:39:03.565: D/packagesize(7307): headerlen:52, bodylen:88, extraheadlen:24
01-11 08:39:03.569: I/inetimpl@native@im@msg@sendbytes(7307): 146,fd=64,error=11
01-11 08:39:03.569: I/LocalSocketServer@native@tcms(7342): poll fd:47, event:1
01-11 08:39:03.569: I/tcminetimpl@native@tcms@msg(7342): PostMsg,interface=wx,method=s,seqid=32,sessionid:2,cmdtype=2,compress=0,encrypted=0
01-11 08:39:03.569: I/tcminetimpl@native@tcms(7342): postData2Server, seqid:32, data.len:163
01-11 08:39:03.569: I/tcminetimpl@native@tcms(7342): postData2Server, m_seqtsMap.len:0
01-11 08:39:03.573: I/tcminetimpl@native@tcms@msg@sendbytes(7342): 163,fd=44,error=11
01-11 08:39:03.585: D/test(7307): cmdId:16777473
01-11 08:39:03.585: D/SocketChanneldoAsyncCall(7307): reqCmdId:16777473 reqData:[B@53437ce8 sAppId:100817
01-11 08:39:03.589: D/test(7307): cmdId:16777473
01-11 08:39:03.589: D/IMChannel(7307): onActivityStopped:ui.PersonInfoActivity
01-11 08:39:03.593: D/IMChannel(7307): onActivityDestroyed:ui.PersonInfoActivity
01-11 08:39:03.597: D/may(7307): ====>onDestroy: PersonInfoActivity
01-11 08:39:03.597: I/NotificationService(415): cancelToast pkg=com.comtop.mim callback=android.app.ITransientNotification$Stub$Proxy@5355bf88
01-11 08:39:03.621: I/tcminetimpl@native@tcms@msg@recvbytes(7342): 97,fd=44,bufsize=97
01-11 08:39:03.621: I/SccomHelper@native(7342): 
01-11 08:39:03.621: I/tcminetimpl@native@tcms@msg(7342): SaveRspMsg,interface=wx,method=s,seqid=0,sessionId=2,cmdtype=2
01-11 08:39:03.621: I/TcmInet@native@tcms(7342): INetImpl::GetMsg, seqid=0,interface=wx,method=s, errcode=0,msgtype=2
01-11 08:39:03.621: I/TcmInet@native@tcms(7342): clientServiceThrFunc get one notify,interface=wx, method=s, sessionId=2, seqid=0
01-11 08:39:03.621: D/tcmsposix@native@tcms(7342): get a notify, sessionId:2, interface:wx, method:s, 
01-11 08:39:03.621: I/LocalSocketServer@native@tcms(7342): exitPoll
01-11 08:39:03.621: I/inetimpl@native@im@msg@recvbytes(7307): 80,fd=64,bufsize=80
01-11 08:39:03.621: I/inetimpl@native@im@msg@recv(7307): , seqid=26
01-11 08:39:03.621: I/inetimpl@native@im@msg(7307): SaveRspMsg,cmdid=0x1010101,seqid=26,cmdtype=0,compress=1,encrypted=-1202716504
01-11 08:39:03.621: I/InetIO(7307): ResponseSuccess, cmdid:16777473
01-11 08:39:03.621: D/WXServiceCallbackDefault.api(7307): cmdid:16777473 state: true
01-11 08:39:03.621: I/openimprotocol@native(7307): ImRspTribe_unpackData
01-11 08:39:03.621: I/openimprotocol@native(7307): ImRspTribe_unpackData success!
01-11 08:39:03.621: I/TribeManager(7307): onError,  code = 18, info = tribe operation:getMemberNick retCode=18 
01-11 08:39:03.621: D/WXServiceCallbackDefault@tribe(7307): Retcode = 18
01-11 08:39:03.621: D/WXServiceCallbackDefault@tribe(7307): RspData = {"members":null}
01-11 08:39:03.621: D/WXServiceCallbackDefault@tribe(7307): Operation = getMemberNick
01-11 08:39:03.829: D/IMChannel(7307): onActivityStopped:ui.FriendAddCommentActivity
01-11 08:39:03.829: D/IMChannel(7307): onActivityDestroyed:ui.FriendAddCommentActivity
01-11 08:39:03.829: D/may(7307): ====>onDestroy: FriendAddCommentActivity
01-11 08:39:06.617: E/Genymotion(415): Could not open '/sys/class/power_supply/genymotion_fake_path/present'
01-11 08:39:09.925: D/Tracker(7307): startSession:openChattingActivity
01-11 08:39:09.929: D/may(7307): userId: 000150888cb0740c
01-11 08:39:09.933: D/may(7307): ===>msg: Message{mMsgId=6269105872440982782, atFlag=0, direction=0, mContent='{"customize":"{\"source\":{\"phone\":\"13691637118\",\"nick\":\"118\",\"avatarId\":\"http://7xn4wo.com1.z0.glb.clouddn.com/user/avatar/000150888cb0740c?1437897406181\",\"name\":null,\"userId\":\"000150888cb0740c\"},\"msgType\":\"event.friend.apply.sent\",\"comment\":\"mmmmmmmm\"}","header":{"summary":""}}
01-11 08:39:09.933: D/may(7307): ', mCvsId='idvj1r4l000150888cb0740c', isAtMsgAck=false, atMsgAckSendId='null', atMsgAckUUid='null', isAtMsgHasRead=false, mTime=1452501544, mAuthorId='idvj1r4l000150888cb0740c', mAuthorName='000150888cb0740c', atUserList=null}
01-11 08:39:09.933: D/may(7307): msg: {"customize":"{\"source\":{\"phone\":\"13691637118\",\"nick\":\"118\",\"avatarId\":\"http://7xn4wo.com1.z0.glb.clouddn.com/user/avatar/000150888cb0740c?1437897406181\",\"name\":null,\"userId\":\"000150888cb0740c\"},\"msgType\":\"event.friend.apply.sent\",\"comment\":\"mmmmmmmm\"}","header":{"summary":""}}
01-11 08:39:09.933: D/may(7307): , subType: 66
01-11 08:39:09.937: I/Native(7307): InetIO_ngetLoginState
01-11 08:39:09.941: I/Native(7307): current user idvj1r4l000150888cb0740c
01-11 08:39:09.941: I/EgoAccount.api(7307): getLoginState:3
01-11 08:39:09.945: D/may(7307): =====>im login state: success
01-11 08:39:09.945: I/Native(7307): InetIO_ngetLoginState
01-11 08:39:09.945: I/Native(7307): current user idvj1r4l000150888cb0740c
01-11 08:39:09.945: I/EgoAccount.api(7307): getLoginState:3
01-11 08:39:09.949: I/YWConversationManagerImpl(7307): markReaded
01-11 08:39:09.949: W/genymotion_audio(132): out_write() limiting sleep time 44149 to 23219
01-11 08:39:09.953: I/openimprotocol@native(7307): ImReqMessageRead_packData
01-11 08:39:09.953: I/openimprotocol@native(7307): ImReqMessageRead_packData success!
01-11 08:39:09.953: D/InetIO(7307): asyncCall  cmdid16777746 appId:100817 bizId:0
01-11 08:39:09.953: I/Native(7307): InetIO_asyncCall
01-11 08:39:09.953: I/WXContext@idvj1r4l000150888cb0740c@login(7307): extrahead:idvj1r4l000150888cb0740c, reserved:1
01-11 08:39:09.953: I/inetimpl@native@im@msg(7307): PostMsg,cmdid=0x1000212,seqid=27,cmdtype=0,compress=1,encrypted=28
01-11 08:39:09.953: D/packagesize(7307): headerlen:52, bodylen:64, extraheadlen:24
01-11 08:39:09.953: I/inetimpl@native@im@msg@sendbytes(7307): 122,fd=64,error=11
01-11 08:39:09.953: I/LocalSocketServer@native@tcms(7342): poll fd:47, event:1
01-11 08:39:09.953: I/tcminetimpl@native@tcms@msg(7342): PostMsg,interface=wx,method=s,seqid=33,sessionid:2,cmdtype=2,compress=0,encrypted=0
01-11 08:39:09.953: I/tcminetimpl@native@tcms(7342): postData2Server, seqid:33, data.len:138
01-11 08:39:09.953: I/tcminetimpl@native@tcms(7342): postData2Server, m_seqtsMap.len:0
01-11 08:39:09.953: I/tcminetimpl@native@tcms@msg@sendbytes(7342): 138,fd=44,error=11
01-11 08:39:09.965: D/test(7307): cmdId:16777746
01-11 08:39:09.965: I/SocketChannel.api(7307): readP2PMessage invalid
01-11 08:39:09.969: D/WXUtil(7307): broadCastUnReadMsgCount msgUnReadCount=16 pubPrivateMsgUnReadCount=0
01-11 08:39:09.969: D/may(7307): App--->getUserInfo(), mUser: com.comtop.mim.model.UserInfo@533ab900
01-11 08:39:09.973: W/genymotion_audio(132): out_write() limiting sleep time 55759 to 23219
01-11 08:39:09.973: I/ActivityManager(415): START u0 {cmp=com.comtop.mim/.ui.PersonInfoActivity (has extras)} from pid 7307
01-11 08:39:09.993: I/tcminetimpl@native@tcms@msg@recvbytes(7342): 49,fd=44,bufsize=49
01-11 08:39:09.993: I/SccomHelper@native(7342): 
01-11 08:39:09.993: I/tcminetimpl@native@tcms@msg(7342): SaveRspMsg,interface=wx,method=s,seqid=0,sessionId=2,cmdtype=2
01-11 08:39:09.993: I/TcmInet@native@tcms(7342): INetImpl::GetMsg, seqid=0,interface=wx,method=s, errcode=0,msgtype=2
01-11 08:39:09.993: I/TcmInet@native@tcms(7342): clientServiceThrFunc get one notify,interface=wx, method=s, sessionId=2, seqid=0
01-11 08:39:09.993: D/tcmsposix@native@tcms(7342): get a notify, sessionId:2, interface:wx, method:s, 
01-11 08:39:09.993: I/LocalSocketServer@native@tcms(7342): exitPoll
01-11 08:39:09.993: I/inetimpl@native@im@msg@recvbytes(7307): 32,fd=64,bufsize=32
01-11 08:39:09.993: I/inetimpl@native@im@msg@recv(7307): , seqid=27
01-11 08:39:09.993: I/inetimpl@native@im@msg(7307): SaveRspMsg,cmdid=0x1010212,seqid=4294967323,cmdtype=0,compress=0,encrypted=-1203165080
01-11 08:39:09.993: I/InetIO(7307): ResponseSuccess, cmdid:16777746
01-11 08:39:09.993: D/WXServiceCallbackDefault.api(7307): cmdid:16777746 state: true
01-11 08:39:09.997: W/genymotion_audio(132): out_write() limiting sleep time 47369 to 23219
01-11 08:39:10.021: W/genymotion_audio(132): out_write() limiting sleep time 28979 to 23219
01-11 08:39:10.053: D/YWContactManagerImpl(7307): getContactProfileInfo userId=000150888cb0740c appkey=23232985
01-11 08:39:10.053: I/IMProfileCacheUtil(7307): getDefaultProfileCallback
01-11 08:39:10.057: I/IMProfileCacheUtil(7307): geDefaultCrossProfileCallback
01-11 08:39:10.057: D/YWContactManagerImpl(7307): defaultCallbak called
01-11 08:39:10.057: D/YWContactManagerImpl(7307): result nick=118 headUrl=http://7xn4wo.com1.z0.glb.clouddn.com/user/avatar/000150888cb0740c?1437897406181 appkey=null
01-11 08:39:10.061: D/YWContactManagerImpl(7307): getContactProfileInfo userId=000150888cb0740c appkey=23232985
01-11 08:39:10.061: I/IMProfileCacheUtil(7307): getDefaultProfileCallback
01-11 08:39:10.061: I/IMProfileCacheUtil(7307): geDefaultCrossProfileCallback
01-11 08:39:10.065: D/YWContactManagerImpl(7307): defaultCallbak called
01-11 08:39:10.065: D/YWContactManagerImpl(7307): result nick=118 headUrl=http://7xn4wo.com1.z0.glb.clouddn.com/user/avatar/000150888cb0740c?1437897406181 appkey=null
01-11 08:39:10.065: W/genymotion_audio(132): out_write() limiting sleep time 31178 to 23219
01-11 08:39:10.069: D/WxPerf(7307): getview time:16
01-11 08:39:10.073: D/YWContactManagerImpl(7307): getContactProfileInfo userId=000150888766a901 appkey=23232985
01-11 08:39:10.073: I/IMProfileCacheUtil(7307): getDefaultProfileCallback
01-11 08:39:10.073: I/IMProfileCacheUtil(7307): geDefaultCrossProfileCallback
01-11 08:39:10.077: D/YWContactManagerImpl(7307): defaultCallbak called
01-11 08:39:10.077: D/YWContactManagerImpl(7307): result nick=3333 headUrl=http://7xn4wo.com1.z0.glb.clouddn.com/user/avatar/000150888766a901?1445913912.753282 appkey=null
01-11 08:39:10.077: D/YWContactManagerImpl(7307): getContactProfileInfo userId=000150888766a901 appkey=23232985
01-11 08:39:10.077: I/IMProfileCacheUtil(7307): getDefaultProfileCallback
01-11 08:39:10.081: I/IMProfileCacheUtil(7307): geDefaultCrossProfileCallback
01-11 08:39:10.081: D/YWContactManagerImpl(7307): defaultCallbak called
01-11 08:39:10.081: D/YWContactManagerImpl(7307): result nick=3333 headUrl=http://7xn4wo.com1.z0.glb.clouddn.com/user/avatar/000150888766a901?1445913912.753282 appkey=null
01-11 08:39:10.081: D/WxPerf(7307): getview time:11
01-11 08:39:10.085: D/YWContactManagerImpl(7307): getContactProfileInfo userId=000150891d9b8d37 appkey=23232985
01-11 08:39:10.085: I/IMProfileCacheUtil(7307): getDefaultProfileCallback
01-11 08:39:10.089: I/IMProfileCacheUtil(7307): geDefaultCrossProfileCallback
01-11 08:39:10.089: D/YWContactManagerImpl(7307): defaultCallbak called
01-11 08:39:10.089: D/YWContactManagerImpl(7307): result nick=chenxiaolong headUrl=http://7xn4wo.com1.z0.glb.clouddn.com/user/avatar/000150891d9b8d37?t=1452481883.385806 appkey=null
01-11 08:39:10.089: D/YWContactManagerImpl(7307): getContactProfileInfo userId=000150891d9b8d37 appkey=23232985
01-11 08:39:10.089: I/IMProfileCacheUtil(7307): getDefaultProfileCallback
01-11 08:39:10.093: I/IMProfileCacheUtil(7307): geDefaultCrossProfileCallback
01-11 08:39:10.093: D/YWContactManagerImpl(7307): defaultCallbak called
01-11 08:39:10.093: D/YWContactManagerImpl(7307): result nick=chenxiaolong headUrl=http://7xn4wo.com1.z0.glb.clouddn.com/user/avatar/000150891d9b8d37?t=1452481883.385806 appkey=null
01-11 08:39:10.097: D/WxPerf(7307): getview time:10
01-11 08:39:10.097: D/YWContactManagerImpl(7307): getContactProfileInfo userId=00015089328c5855 appkey=23232985
01-11 08:39:10.097: I/IMProfileCacheUtil(7307): getDefaultProfileCallback
01-11 08:39:10.097: I/IMProfileCacheUtil(7307): geDefaultCrossProfileCallback
01-11 08:39:10.097: D/YWContactManagerImpl(7307): defaultCallbak called
01-11 08:39:10.101: D/YWContactManagerImpl(7307): result nick=B90 headUrl=http://7xn4wo.com1.z0.glb.clouddn.com/user/avatar/00015089328c5855?1452049200418 appkey=null
01-11 08:39:10.101: D/YWContactManagerImpl(7307): getContactProfileInfo userId=00015089328c5855 appkey=23232985
01-11 08:39:10.105: I/IMProfileCacheUtil(7307): getDefaultProfileCallback
01-11 08:39:10.105: I/IMProfileCacheUtil(7307): geDefaultCrossProfileCallback
01-11 08:39:10.105: D/YWContactManagerImpl(7307): defaultCallbak called
01-11 08:39:10.105: D/YWContactManagerImpl(7307): result nick=B90 headUrl=http://7xn4wo.com1.z0.glb.clouddn.com/user/avatar/00015089328c5855?1452049200418 appkey=null
01-11 08:39:10.109: D/WxPerf(7307): getview time:11
01-11 08:39:10.109: D/YWContactManagerImpl(7307): getContactProfileInfo userId=0001520bb684d807 appkey=23232985
01-11 08:39:10.109: I/IMProfileCacheUtil(7307): getDefaultProfileCallback
01-11 08:39:10.113: I/IMProfileCacheUtil(7307): geDefaultCrossProfileCallback
01-11 08:39:10.113: D/YWContactManagerImpl(7307): defaultCallbak called
01-11 08:39:10.117: D/YWContactManagerImpl(7307): result nick= headUrl= appkey=null
01-11 08:39:10.117: D/YWContactManagerImpl(7307): getContactProfileInfo userId=0001520bb684d807 appkey=23232985
01-11 08:39:10.121: I/IMProfileCacheUtil(7307): getDefaultProfileCallback
01-11 08:39:10.121: I/IMProfileCacheUtil(7307): geDefaultCrossProfileCallback
01-11 08:39:10.121: D/YWContactManagerImpl(7307): defaultCallbak called
01-11 08:39:10.121: D/YWContactManagerImpl(7307): result nick= headUrl= appkey=null
01-11 08:39:10.125: D/WxPerf(7307): getview time:14
01-11 08:39:10.125: D/YWContactManagerImpl(7307): getContactProfileInfo userId=000151c8cf92b302@ps appkey=23232985
01-11 08:39:10.125: I/IMProfileCacheUtil(7307): getDefaultProfileCallback
01-11 08:39:10.129: I/IMProfileCacheUtil(7307): geDefaultCrossProfileCallback
01-11 08:39:10.129: D/YWContactManagerImpl(7307): defaultCallbak called
01-11 08:39:10.129: D/YWContactManagerImpl(7307): result nick=1 headUrl= appkey=null
01-11 08:39:10.133: D/YWContactManagerImpl(7307): getContactProfileInfo userId=000151c8cf92b302@ps appkey=23232985
01-11 08:39:10.133: I/IMProfileCacheUtil(7307): getDefaultProfileCallback
01-11 08:39:10.133: I/IMProfileCacheUtil(7307): geDefaultCrossProfileCallback
01-11 08:39:10.137: D/YWContactManagerImpl(7307): defaultCallbak called
01-11 08:39:10.137: D/YWContactManagerImpl(7307): result nick=1 headUrl= appkey=null
01-11 08:39:10.137: D/WxPerf(7307): getview time:12
01-11 08:39:10.141: D/YWContactManagerImpl(7307): getContactProfileInfo userId=000151ae88e0f002@ps appkey=23232985
01-11 08:39:10.141: I/IMProfileCacheUtil(7307): getDefaultProfileCallback
01-11 08:39:10.141: I/IMProfileCacheUtil(7307): geDefaultCrossProfileCallback
01-11 08:39:10.141: D/YWContactManagerImpl(7307): defaultCallbak called
01-11 08:39:10.145: D/YWContactManagerImpl(7307): result nick= headUrl= appkey=null
01-11 08:39:10.145: D/YWContactManagerImpl(7307): getContactProfileInfo userId=000151ae88e0f002@ps appkey=23232985
01-11 08:39:10.145: I/IMProfileCacheUtil(7307): getDefaultProfileCallback
01-11 08:39:10.145: I/IMProfileCacheUtil(7307): geDefaultCrossProfileCallback
01-11 08:39:10.149: D/YWContactManagerImpl(7307): defaultCallbak called
01-11 08:39:10.149: D/YWContactManagerImpl(7307): result nick= headUrl= appkey=null
01-11 08:39:10.153: D/WxPerf(7307): getview time:12
01-11 08:39:10.153: D/YWContactManagerImpl(7307): getContactProfileInfo userId=000151c8cebe2200@ps appkey=23232985
01-11 08:39:10.153: I/IMProfileCacheUtil(7307): getDefaultProfileCallback
01-11 08:39:10.153: I/IMProfileCacheUtil(7307): geDefaultCrossProfileCallback
01-11 08:39:10.157: D/YWContactManagerImpl(7307): defaultCallbak called
01-11 08:39:10.157: D/YWContactManagerImpl(7307): result nick= headUrl= appkey=null
01-11 08:39:10.157: D/YWContactManagerImpl(7307): getContactProfileInfo userId=000151c8cebe2200@ps appkey=23232985
01-11 08:39:10.161: I/IMProfileCacheUtil(7307): getDefaultProfileCallback
01-11 08:39:10.161: I/IMProfileCacheUtil(7307): geDefaultCrossProfileCallback
01-11 08:39:10.161: D/YWContactManagerImpl(7307): defaultCallbak called
01-11 08:39:10.161: D/YWContactManagerImpl(7307): result nick= headUrl= appkey=null
01-11 08:39:10.165: D/WxPerf(7307): getview time:11
01-11 08:39:10.177: D/IMChannel(7307): onActivityPaused:ui.MainActivity
01-11 08:39:10.181: I/YWConversationManagerImpl(7307): removeConversationListener
01-11 08:39:10.193: D/IMChannel(7307): onActivityCreated:ui.PersonInfoActivity
01-11 08:39:10.217: D/IMChannel(7307): onActivityStarted:ui.PersonInfoActivity
01-11 08:39:10.217: D/IMChannel(7307): onActivityResumed:ui.PersonInfoActivity
01-11 08:39:10.221: I/Native(7307): InetIO_SetForeground 1
01-11 08:39:10.233: D/PersistManager(7307): get, list properties.
01-11 08:39:10.233: D/PersistManager(7307): key:XPUSH_SDK_INFO_V2 value:{"com.comtop.mim":"{\"clientPriority\":14464800,\"disable\":false,\"regTime\":1452482452371,\"callCount\":1,\"appKey\":\"23232985\"}"}
01-11 08:39:10.237: D/PersistManager(7307): key:push_tcms_client_id_key value:a0no8sfisy024rei
01-11 08:39:10.237: D/PersistManager(7307): key:push_heart_freq_key value:{"\"WiredSSID\"":274}
01-11 08:39:10.237: D/PersistManager(7307): key:push_device_id_key_v1 value:a0no8sfi8940386a___voc4gl5ytrdkt6uz
01-11 08:39:10.249: D/TCMSService(7342): onStart----
01-11 08:39:10.249: D/TCMSService(7342): onHandleIntent, ------- command=xpushnative://xpush/clearWearyCheck?
01-11 08:39:10.249: D/TCMSService(7342): clearWearyCheck
01-11 08:39:10.309: W/EGL_genymotion(7307): eglSurfaceAttrib not implemented
01-11 08:39:10.353: I/ActivityManager(415): Displayed com.comtop.mim/.ui.PersonInfoActivity: +171ms
01-11 08:39:10.677: D/IMChannel(7307): onActivityStopped:ui.MainActivity
01-11 08:39:10.677: D/dalvikvm(7307): TRACE stop requested, but not running
01-11 08:39:11.621: E/Genymotion(415): Could not open '/sys/class/power_supply/genymotion_fake_path/present'
01-11 08:39:12.073: D/IMChannel(7307): onActivityPaused:ui.PersonInfoActivity
01-11 08:39:12.077: D/IMChannel(7307): onActivityStarted:ui.MainActivity
01-11 08:39:12.077: D/IMChannel(7307): onActivityResumed:ui.MainActivity
01-11 08:39:12.077: I/Native(7307): InetIO_SetForeground 1
01-11 08:39:12.085: D/PersistManager(7307): get, list properties.
01-11 08:39:12.085: D/PersistManager(7307): key:XPUSH_SDK_INFO_V2 value:{"com.comtop.mim":"{\"clientPriority\":14464800,\"disable\":false,\"regTime\":1452482452371,\"callCount\":1,\"appKey\":\"23232985\"}"}
01-11 08:39:12.089: D/PersistManager(7307): key:push_tcms_client_id_key value:a0no8sfisy024rei
01-11 08:39:12.089: D/PersistManager(7307): key:push_heart_freq_key value:{"\"WiredSSID\"":274}
01-11 08:39:12.093: D/PersistManager(7307): key:push_device_id_key_v1 value:a0no8sfi8940386a___voc4gl5ytrdkt6uz
01-11 08:39:12.097: D/TCMSService(7342): onStart----
01-11 08:39:12.097: D/TCMSService(7342): onHandleIntent, ------- command=xpushnative://xpush/clearWearyCheck?
01-11 08:39:12.097: D/TCMSService(7342): clearWearyCheck
01-11 08:39:12.101: I/Native(7307): InetIO_ngetLoginState
01-11 08:39:12.105: I/Native(7307): current user idvj1r4l000150888cb0740c
01-11 08:39:12.105: I/EgoAccount.api(7307): getLoginState:3
01-11 08:39:12.109: D/may(7307): =====>im login state: success
01-11 08:39:12.109: I/Native(7307): InetIO_ngetLoginState
01-11 08:39:12.113: I/Native(7307): current user idvj1r4l000150888cb0740c
01-11 08:39:12.113: I/EgoAccount.api(7307): getLoginState:3
01-11 08:39:12.113: D/may(7307): ======>unread count: 16, service: com.alibaba.mobileim.lib.presenter.conversation.YWConversationManagerImpl@532dfc90
01-11 08:39:12.117: D/DataBaseUtils(7307): doContentResolverQueryWrapper uri=content://com.comtop.mim.aliwxprovider/atMessages
01-11 08:39:12.121: D/WxConversationFragment@kiked off(7307):  WXAPI.getInstance(): com.alibaba.mobileim.WXAPI@536859d8
01-11 08:39:12.121: D/WxConversationFragment@kiked off(7307):  WXAPI.getInstance().getLoginUserId(): 000150888cb0740c
01-11 08:39:12.125: D/WxConversationFragment@kiked off(7307):    WXAPI.getInstance().getConversationManager(): com.alibaba.mobileim.lib.presenter.conversation.YWConversationManagerImpl@532dfc90
01-11 08:39:12.125: D/WxConversationFragment@kiked off(7307):   WXAPI.getInstance().getConversationManager().getConversationList(): [com.alibaba.mobileim.lib.presenter.conversation.P2PConversation@5342b014, com.alibaba.mobileim.lib.presenter.conversation.P2PConversation@53319354, com.alibaba.mobileim.lib.presenter.conversation.P2PConversation@5331bc9c, com.alibaba.mobileim.lib.presenter.conversation.P2PConversation@532e877c, com.alibaba.mobileim.lib.presenter.conversation.P2PConversation@532e9ba4, com.alibaba.mobileim.lib.presenter.conversation.P2PConversation@532eb0a0, com.alibaba.mobileim.lib.presenter.conversation.P2PConversation@532ec4d0, com.alibaba.mobileim.lib.presenter.conversation.P2PConversation@532eda04, com.alibaba.mobileim.lib.presenter.conversation.TribeConversation@532ef164]
01-11 08:39:12.129: D/WxConversationFragment@kiked off(7307):  mConversations: [com.alibaba.mobileim.lib.presenter.conversation.P2PConversation@5342b014, com.alibaba.mobileim.lib.presenter.conversation.P2PConversation@53319354, com.alibaba.mobileim.lib.presenter.conversation.P2PConversation@5331bc9c, com.alibaba.mobileim.lib.presenter.conversation.P2PConversation@532e877c, com.alibaba.mobileim.lib.presenter.conversation.P2PConversation@532e9ba4, com.alibaba.mobileim.lib.presenter.conversation.P2PConversation@532eb0a0, com.alibaba.mobileim.lib.presenter.conversation.P2PConversation@532ec4d0, com.alibaba.mobileim.lib.presenter.conversation.P2PConversation@532eda04, com.alibaba.mobileim.lib.presenter.conversation.TribeConversation@532ef164]
01-11 08:39:12.129: D/WxConversationFragment@kiked off(7307):   mConversations.hashCode(): 7f6a8eb3
01-11 08:39:12.133: D/WxConversationFragment@kiked off(7307):   WXAPI.getInstance().getConversationManager().getConversationList().hashCode(): 7f6a8eb3
01-11 08:39:12.133: D/DataBaseUtils(7307): doContentResolverQueryWrapper uri=content://com.comtop.mim.aliwxprovider/atMessages
01-11 08:39:12.137: I/YWConversationManagerImpl(7307): removeConversationListener
01-11 08:39:12.137: I/YWConversationManagerImpl(7307): addConversationListener
01-11 08:39:12.165: W/EGL_genymotion(7307): eglSurfaceAttrib not implemented
01-11 08:39:12.165: D/YWContactManagerImpl(7307): getContactProfileInfo userId=000150888cb0740c appkey=23232985
01-11 08:39:12.169: I/IMProfileCacheUtil(7307): getDefaultProfileCallback
01-11 08:39:12.169: I/IMProfileCacheUtil(7307): geDefaultCrossProfileCallback
01-11 08:39:12.169: D/YWContactManagerImpl(7307): defaultCallbak called
01-11 08:39:12.173: D/YWContactManagerImpl(7307): result nick=118 headUrl=http://7xn4wo.com1.z0.glb.clouddn.com/user/avatar/000150888cb0740c?1437897406181 appkey=null
01-11 08:39:12.173: D/YWContactManagerImpl(7307): getContactProfileInfo userId=000150888cb0740c appkey=23232985
01-11 08:39:12.177: I/IMProfileCacheUtil(7307): getDefaultProfileCallback
01-11 08:39:12.177: I/IMProfileCacheUtil(7307): geDefaultCrossProfileCallback
01-11 08:39:12.177: D/YWContactManagerImpl(7307): defaultCallbak called
01-11 08:39:12.181: D/YWContactManagerImpl(7307): result nick=118 headUrl=http://7xn4wo.com1.z0.glb.clouddn.com/user/avatar/000150888cb0740c?1437897406181 appkey=null
01-11 08:39:12.185: D/WxPerf(7307): getview time:18
01-11 08:39:12.185: D/YWContactManagerImpl(7307): getContactProfileInfo userId=000150888766a901 appkey=23232985
01-11 08:39:12.189: I/IMProfileCacheUtil(7307): getDefaultProfileCallback
01-11 08:39:12.189: I/IMProfileCacheUtil(7307): geDefaultCrossProfileCallback
01-11 08:39:12.193: D/YWContactManagerImpl(7307): defaultCallbak called
01-11 08:39:12.193: D/YWContactManagerImpl(7307): result nick=3333 headUrl=http://7xn4wo.com1.z0.glb.clouddn.com/user/avatar/000150888766a901?1445913912.753282 appkey=null
01-11 08:39:12.197: D/YWContactManagerImpl(7307): getContactProfileInfo userId=000150888766a901 appkey=23232985
01-11 08:39:12.197: I/IMProfileCacheUtil(7307): getDefaultProfileCallback
01-11 08:39:12.197: I/IMProfileCacheUtil(7307): geDefaultCrossProfileCallback
01-11 08:39:12.201: D/YWContactManagerImpl(7307): defaultCallbak called
01-11 08:39:12.205: D/YWContactManagerImpl(7307): result nick=3333 headUrl=http://7xn4wo.com1.z0.glb.clouddn.com/user/avatar/000150888766a901?1445913912.753282 appkey=null
01-11 08:39:12.205: D/WxPerf(7307): getview time:19
01-11 08:39:12.209: D/YWContactManagerImpl(7307): getContactProfileInfo userId=000150891d9b8d37 appkey=23232985
01-11 08:39:12.209: I/IMProfileCacheUtil(7307): getDefaultProfileCallback
01-11 08:39:12.213: I/IMProfileCacheUtil(7307): geDefaultCrossProfileCallback
01-11 08:39:12.213: D/YWContactManagerImpl(7307): defaultCallbak called
01-11 08:39:12.217: D/YWContactManagerImpl(7307): result nick=chenxiaolong headUrl=http://7xn4wo.com1.z0.glb.clouddn.com/user/avatar/000150891d9b8d37?t=1452481883.385806 appkey=null
01-11 08:39:12.217: D/YWContactManagerImpl(7307): getContactProfileInfo userId=000150891d9b8d37 appkey=23232985
01-11 08:39:12.221: I/IMProfileCacheUtil(7307): getDefaultProfileCallback
01-11 08:39:12.221: I/IMProfileCacheUtil(7307): geDefaultCrossProfileCallback
01-11 08:39:12.225: D/YWContactManagerImpl(7307): defaultCallbak called
01-11 08:39:12.225: D/YWContactManagerImpl(7307): result nick=chenxiaolong headUrl=http://7xn4wo.com1.z0.glb.clouddn.com/user/avatar/000150891d9b8d37?t=1452481883.385806 appkey=null
01-11 08:39:12.229: D/WxPerf(7307): getview time:20
01-11 08:39:12.229: D/YWContactManagerImpl(7307): getContactProfileInfo userId=00015089328c5855 appkey=23232985
01-11 08:39:12.233: I/IMProfileCacheUtil(7307): getDefaultProfileCallback
01-11 08:39:12.233: I/IMProfileCacheUtil(7307): geDefaultCrossProfileCallback
01-11 08:39:12.233: D/YWContactManagerImpl(7307): defaultCallbak called
01-11 08:39:12.237: D/YWContactManagerImpl(7307): result nick=B90 headUrl=http://7xn4wo.com1.z0.glb.clouddn.com/user/avatar/00015089328c5855?1452049200418 appkey=null
01-11 08:39:12.237: D/YWContactManagerImpl(7307): getContactProfileInfo userId=00015089328c5855 appkey=23232985
01-11 08:39:12.241: I/IMProfileCacheUtil(7307): getDefaultProfileCallback
01-11 08:39:12.241: I/IMProfileCacheUtil(7307): geDefaultCrossProfileCallback
01-11 08:39:12.241: D/YWContactManagerImpl(7307): defaultCallbak called
01-11 08:39:12.245: D/YWContactManagerImpl(7307): result nick=B90 headUrl=http://7xn4wo.com1.z0.glb.clouddn.com/user/avatar/00015089328c5855?1452049200418 appkey=null
01-11 08:39:12.245: D/WxPerf(7307): getview time:17
01-11 08:39:12.249: D/YWContactManagerImpl(7307): getContactProfileInfo userId=0001520bb684d807 appkey=23232985
01-11 08:39:12.249: I/IMProfileCacheUtil(7307): getDefaultProfileCallback
01-11 08:39:12.253: I/IMProfileCacheUtil(7307): geDefaultCrossProfileCallback
01-11 08:39:12.253: D/YWContactManagerImpl(7307): defaultCallbak called
01-11 08:39:12.253: D/YWContactManagerImpl(7307): result nick= headUrl= appkey=null
01-11 08:39:12.257: D/YWContactManagerImpl(7307): getContactProfileInfo userId=0001520bb684d807 appkey=23232985
01-11 08:39:12.257: I/IMProfileCacheUtil(7307): getDefaultProfileCallback
01-11 08:39:12.261: I/IMProfileCacheUtil(7307): geDefaultCrossProfileCallback
01-11 08:39:12.261: D/YWContactManagerImpl(7307): defaultCallbak called
01-11 08:39:12.261: D/YWContactManagerImpl(7307): result nick= headUrl= appkey=null
01-11 08:39:12.265: D/WxPerf(7307): getview time:17
01-11 08:39:12.269: D/YWContactManagerImpl(7307): getContactProfileInfo userId=000151c8cf92b302@ps appkey=23232985
01-11 08:39:12.269: I/IMProfileCacheUtil(7307): getDefaultProfileCallback
01-11 08:39:12.273: I/IMProfileCacheUtil(7307): geDefaultCrossProfileCallback
01-11 08:39:12.273: D/YWContactManagerImpl(7307): defaultCallbak called
01-11 08:39:12.285: D/YWContactManagerImpl(7307): result nick=1 headUrl= appkey=null
01-11 08:39:12.285: D/YWContactManagerImpl(7307): getContactProfileInfo userId=000151c8cf92b302@ps appkey=23232985
01-11 08:39:12.285: I/IMProfileCacheUtil(7307): getDefaultProfileCallback
01-11 08:39:12.289: I/IMProfileCacheUtil(7307): geDefaultCrossProfileCallback
01-11 08:39:12.289: D/YWContactManagerImpl(7307): defaultCallbak called
01-11 08:39:12.289: D/YWContactManagerImpl(7307): result nick=1 headUrl= appkey=null
01-11 08:39:12.293: D/WxPerf(7307): getview time:26
01-11 08:39:12.297: D/YWContactManagerImpl(7307): getContactProfileInfo userId=000151ae88e0f002@ps appkey=23232985
01-11 08:39:12.297: I/IMProfileCacheUtil(7307): getDefaultProfileCallback
01-11 08:39:12.297: I/IMProfileCacheUtil(7307): geDefaultCrossProfileCallback
01-11 08:39:12.301: D/YWContactManagerImpl(7307): defaultCallbak called
01-11 08:39:12.301: D/YWContactManagerImpl(7307): result nick= headUrl= appkey=null
01-11 08:39:12.305: D/YWContactManagerImpl(7307): getContactProfileInfo userId=000151ae88e0f002@ps appkey=23232985
01-11 08:39:12.305: I/IMProfileCacheUtil(7307): getDefaultProfileCallback
01-11 08:39:12.305: I/IMProfileCacheUtil(7307): geDefaultCrossProfileCallback
01-11 08:39:12.305: D/YWContactManagerImpl(7307): defaultCallbak called
01-11 08:39:12.313: D/YWContactManagerImpl(7307): result nick= headUrl= appkey=null
01-11 08:39:12.313: D/WxPerf(7307): getview time:19
01-11 08:39:12.317: D/YWContactManagerImpl(7307): getContactProfileInfo userId=000151c8cebe2200@ps appkey=23232985
01-11 08:39:12.317: I/IMProfileCacheUtil(7307): getDefaultProfileCallback
01-11 08:39:12.321: I/IMProfileCacheUtil(7307): geDefaultCrossProfileCallback
01-11 08:39:12.321: D/YWContactManagerImpl(7307): defaultCallbak called
01-11 08:39:12.325: D/YWContactManagerImpl(7307): result nick= headUrl= appkey=null
01-11 08:39:12.325: D/YWContactManagerImpl(7307): getContactProfileInfo userId=000151c8cebe2200@ps appkey=23232985
01-11 08:39:12.329: I/IMProfileCacheUtil(7307): getDefaultProfileCallback
01-11 08:39:12.329: I/IMProfileCacheUtil(7307): geDefaultCrossProfileCallback
01-11 08:39:12.329: D/YWContactManagerImpl(7307): defaultCallbak called
01-11 08:39:12.333: D/YWContactManagerImpl(7307): result nick= headUrl= appkey=null
01-11 08:39:12.333: D/WxPerf(7307): getview time:18
01-11 08:39:12.709: D/IMChannel(7307): onActivityStopped:ui.PersonInfoActivity
01-11 08:39:12.709: D/IMChannel(7307): onActivityDestroyed:ui.PersonInfoActivity
01-11 08:39:12.709: D/may(7307): ====>onDestroy: PersonInfoActivity
01-11 08:39:15.121: D/skia(7307): --- SkImageDecoder::Factory returned null
01-11 08:39:15.121: W/unknown:RequestLoggingListener(7307): time 19381130: onProducerFinishWithFailure: {requestId: 60, stage: DecodeProducer, elapsedTime: -1 ms, extraMap: null, throwable: java.lang.IllegalArgumentException: unknown image format}
01-11 08:39:15.125: W/unknown:RequestLoggingListener(7307): time 19381133: onRequestFailure: {requestId: 60, elapsedTime: -1 ms, throwable: java.lang.IllegalArgumentException: unknown image format}
01-11 08:39:16.621: E/Genymotion(415): Could not open '/sys/class/power_supply/genymotion_fake_path/present'
01-11 08:39:18.129: D/skia(7307): --- SkImageDecoder::Factory returned null
01-11 08:39:18.129: W/unknown:RequestLoggingListener(7307): time 19384136: onProducerFinishWithFailure: {requestId: 61, stage: DecodeProducer, elapsedTime: -1 ms, extraMap: null, throwable: java.lang.IllegalArgumentException: unknown image format}
01-11 08:39:18.129: W/unknown:RequestLoggingListener(7307): time 19384137: onRequestFailure: {requestId: 61, elapsedTime: -1 ms, throwable: java.lang.IllegalArgumentException: unknown image format}
01-11 08:39:21.129: D/skia(7307): --- SkImageDecoder::Factory returned null
01-11 08:39:21.133: W/unknown:RequestLoggingListener(7307): time 19387140: onProducerFinishWithFailure: {requestId: 62, stage: DecodeProducer, elapsedTime: -1 ms, extraMap: null, throwable: java.lang.IllegalArgumentException: unknown image format}
01-11 08:39:21.133: W/unknown:RequestLoggingListener(7307): time 19387140: onRequestFailure: {requestId: 62, elapsedTime: -1 ms, throwable: java.lang.IllegalArgumentException: unknown image format}
01-11 08:39:21.621: E/Genymotion(415): Could not open '/sys/class/power_supply/genymotion_fake_path/present'
01-11 08:39:24.137: D/skia(7307): --- SkImageDecoder::Factory returned null
01-11 08:39:24.137: W/unknown:RequestLoggingListener(7307): time 19390145: onProducerFinishWithFailure: {requestId: 63, stage: DecodeProducer, elapsedTime: -1 ms, extraMap: null, throwable: java.lang.IllegalArgumentException: unknown image format}
01-11 08:39:24.137: W/unknown:RequestLoggingListener(7307): time 19390145: onRequestFailure: {requestId: 63, elapsedTime: -1 ms, throwable: java.lang.IllegalArgumentException: unknown image format}
01-11 08:39:26.621: E/Genymotion(415): Could not open '/sys/class/power_supply/genymotion_fake_path/present'
01-11 08:39:27.137: D/skia(7307): --- SkImageDecoder::Factory returned null
01-11 08:39:27.141: W/unknown:RequestLoggingListener(7307): time 19393148: onProducerFinishWithFailure: {requestId: 64, stage: DecodeProducer, elapsedTime: -1 ms, extraMap: null, throwable: java.lang.IllegalArgumentException: unknown image format}
01-11 08:39:27.141: W/unknown:RequestLoggingListener(7307): time 19393149: onRequestFailure: {requestId: 64, elapsedTime: -1 ms, throwable: java.lang.IllegalArgumentException: unknown image format}
01-11 08:39:29.037: D/Tracker(7307): startSession:openChattingActivity
01-11 08:39:29.037: D/may(7307): userId: 000150888cb0740c
