01-11 08:40:08.201: I/LocalSocketServer@native@tcms(7342): poll fd:47, event:1
01-11 08:40:08.201: I/tcminetimpl@native@tcms@msg(7342): PostMsg,interface=wx,method=s,seqid=43,sessionid:2,cmdtype=2,compress=0,encrypted=0
01-11 08:40:08.201: I/tcminetimpl@native@tcms(7342): postData2Server, seqid:43, data.len:155
01-11 08:40:08.201: I/tcminetimpl@native@tcms(7342): postData2Server, m_seqtsMap.len:0
01-11 08:40:08.205: I/tcminetimpl@native@tcms@msg@sendbytes(7342): 155,fd=44,error=11
01-11 08:40:08.205: I/InetPush(7307): reqConfirmMessage invalid
01-11 08:40:08.253: D/WxPerf(7307): getview time:86
01-11 08:40:08.253: D/YWContactManagerImpl(7307): getContactProfileInfo userId=0001520bb684d807 appkey=23232985
01-11 08:40:08.253: I/IMProfileCacheUtil(7307): getDefaultProfileCallback
01-11 08:40:08.253: I/IMProfileCacheUtil(7307): geDefaultCrossProfileCallback
01-11 08:40:08.253: D/YWContactManagerImpl(7307): defaultCallbak called
01-11 08:40:08.253: D/YWContactManagerImpl(7307): result nick= headUrl= appkey=null
01-11 08:40:08.253: D/YWContactManagerImpl(7307): getContactProfileInfo userId=0001520bb684d807 appkey=23232985
01-11 08:40:08.253: I/IMProfileCacheUtil(7307): getDefaultProfileCallback
01-11 08:40:08.253: I/IMProfileCacheUtil(7307): geDefaultCrossProfileCallback
01-11 08:40:08.253: D/YWContactManagerImpl(7307): defaultCallbak called
01-11 08:40:08.253: D/YWContactManagerImpl(7307): result nick= headUrl= appkey=null
01-11 08:40:08.253: D/WxPerf(7307): getview time:1
01-11 08:40:08.277: D/YWContactManagerImpl(7307): getContactProfileInfo userId=000151c8cf92b302@ps appkey=23232985
01-11 08:40:08.277: I/IMProfileCacheUtil(7307): getDefaultProfileCallback
01-11 08:40:08.281: I/IMProfileCacheUtil(7307): geDefaultCrossProfileCallback
01-11 08:40:08.285: I/tcminetimpl@native@tcms@msg@recvbytes(7342): 85,fd=44,bufsize=85
01-11 08:40:08.285: I/SccomHelper@native(7342): 
01-11 08:40:08.285: I/tcminetimpl@native@tcms@msg(7342): SaveRspMsg,interface=wx,method=s,seqid=0,sessionId=2,cmdtype=2
01-11 08:40:08.285: I/TcmInet@native@tcms(7342): INetImpl::GetMsg, seqid=0,interface=wx,method=s, errcode=0,msgtype=2
01-11 08:40:08.285: I/TcmInet@native@tcms(7342): clientServiceThrFunc get one notify,interface=wx, method=s, sessionId=2, seqid=0
01-11 08:40:08.285: D/tcmsposix@native@tcms(7342): get a notify, sessionId:2, interface:wx, method:s, 
01-11 08:40:08.285: I/LocalSocketServer@native@tcms(7342): exitPoll
01-11 08:40:08.285: I/inetimpl@native@im@msg@recvbytes(7307): 68,fd=64,bufsize=68
01-11 08:40:08.285: I/inetimpl@native@im@msg@recv(7307): , seqid=37
01-11 08:40:08.285: I/inetimpl@native@im@msg(7307): SaveRspMsg,cmdid=0x1010021,seqid=37,cmdtype=0,compress=1,encrypted=-1207503848
01-11 08:40:08.285: I/jni/inet/android/native/common/calljava.cpp(7307): nativeLog
01-11 08:40:08.285: W/imservice@native@im@msg@recvmynative(7307): . rspret=0,cmdid=0x1000021,seqid=37
01-11 08:40:08.285: I/nativeLog(7307): begin native log
01-11 08:40:08.285: I/im@imservice@native@im@msg@recv(7307): . rspret=0,cmdid=0x1000021,seqid=37
01-11 08:40:08.297: D/YWContactManagerImpl(7307): defaultCallbak called
01-11 08:40:08.297: D/YWContactManagerImpl(7307): result nick=1 headUrl= appkey=null
01-11 08:40:08.301: D/YWContactManagerImpl(7307): getContactProfileInfo userId=000151c8cf92b302@ps appkey=23232985
01-11 08:40:08.301: I/IMProfileCacheUtil(7307): getDefaultProfileCallback
01-11 08:40:08.301: I/IMProfileCacheUtil(7307): geDefaultCrossProfileCallback
01-11 08:40:08.301: D/YWContactManagerImpl(7307): defaultCallbak called
01-11 08:40:08.301: D/YWContactManagerImpl(7307): result nick=1 headUrl= appkey=null
01-11 08:40:08.305: D/WxPerf(7307): getview time:29
01-11 08:40:08.313: D/YWContactManagerImpl(7307): getContactProfileInfo userId=000151ae88e0f002@ps appkey=23232985
01-11 08:40:08.313: I/IMProfileCacheUtil(7307): getDefaultProfileCallback
01-11 08:40:08.313: I/IMProfileCacheUtil(7307): geDefaultCrossProfileCallback
01-11 08:40:08.313: D/YWContactManagerImpl(7307): defaultCallbak called
01-11 08:40:08.313: D/YWContactManagerImpl(7307): result nick= headUrl= appkey=null
01-11 08:40:08.313: D/YWContactManagerImpl(7307): getContactProfileInfo userId=000151ae88e0f002@ps appkey=23232985
01-11 08:40:08.317: I/IMProfileCacheUtil(7307): getDefaultProfileCallback
01-11 08:40:08.317: I/IMProfileCacheUtil(7307): geDefaultCrossProfileCallback
01-11 08:40:08.317: D/YWContactManagerImpl(7307): defaultCallbak called
01-11 08:40:08.329: D/YWContactManagerImpl(7307): result nick= headUrl= appkey=null
01-11 08:40:08.333: D/WxPerf(7307): getview time:18
01-11 08:40:08.353: D/YWContactManagerImpl(7307): getContactProfileInfo userId=000151c8cebe2200@ps appkey=23232985
01-11 08:40:08.357: I/IMProfileCacheUtil(7307): getDefaultProfileCallback
01-11 08:40:08.357: I/IMProfileCacheUtil(7307): geDefaultCrossProfileCallback
01-11 08:40:08.357: D/YWContactManagerImpl(7307): defaultCallbak called
01-11 08:40:08.365: D/YWContactManagerImpl(7307): result nick= headUrl= appkey=null
01-11 08:40:08.369: D/YWContactManagerImpl(7307): getContactProfileInfo userId=000151c8cebe2200@ps appkey=23232985
01-11 08:40:08.369: I/IMProfileCacheUtil(7307): getDefaultProfileCallback
01-11 08:40:08.369: I/IMProfileCacheUtil(7307): geDefaultCrossProfileCallback
01-11 08:40:08.369: D/YWContactManagerImpl(7307): defaultCallbak called
01-11 08:40:08.373: D/YWContactManagerImpl(7307): result nick= headUrl= appkey=null
01-11 08:40:08.377: D/WxPerf(7307): getview time:25
01-11 08:40:08.389: D/ConversationAdapter(7307): hasUnreadAtMsg:false
01-11 08:40:08.413: D/YWContactManagerImpl(7307): getContactProfileInfo userId=000150891d9b8d37 appkey=23232985
01-11 08:40:08.417: I/IMProfileCacheUtil(7307): getDefaultProfileCallback
01-11 08:40:08.417: I/IMProfileCacheUtil(7307): geDefaultCrossProfileCallback
01-11 08:40:08.417: D/YWContactManagerImpl(7307): defaultCallbak called
01-11 08:40:08.421: D/YWContactManagerImpl(7307): result nick=chenxiaolong headUrl=http://7xn4wo.com1.z0.glb.clouddn.com/user/avatar/000150891d9b8d37?t=1452481883.385806 appkey=null
01-11 08:40:08.425: D/WxPerf(7307): getview time:35
01-11 08:40:08.481: D/im@im@msgrecv(7307): [MsgRecv-createP2PConversation]createSimpleP2PConversationidvj1r4l000150888766a901
01-11 08:40:08.481: D/ConversationManager(7307): getTimeStamp, conversationIdidvj1r4l000150888766a901
01-11 08:40:08.481: D/im@im@msgrecv(7307): [MsgRecv-onPushMessage]timeStamp = 0 totalUnreadCount = 16
01-11 08:40:08.481: D/im@im@msgrecv(7307): [MsgRecv-onPushMessage]timeStamp = 0
01-11 08:40:08.481: I/im@im@msgrecv(7307): [MsgRecv-pushMessage]:{"customize":"{\"source\":{\"phone\":\"13691637118\",\"nick\":\"118\",\"avatarId\":\"http://7xn4wo.com1.z0.glb.clouddn.com/user/avatar/000150888cb0740c?1437897406181\",\"name\":null,\"userId\":\"000150888cb0740c\"},\"msgType\":\"event.friend.deleted\"}","header":{"summary":""}}
01-11 08:40:08.481: I/im@im@msgrecv(7307): , msgId = 6269105872445308408, msgTime = 1452501610
01-11 08:40:08.481: D/im@im@msgrecv(7307): [MsgRecv-pushMessage]on push message keyidvj1r4l000150888766a9016269105872445308408idvj1r4l000150888cb0740c existInCacheMsg=false msg.getSubtype=66
01-11 08:40:08.481: D/MessageList(7307): message:Message{mMsgId=6269105872445308408, atFlag=0, direction=0, mContent='{"customize":"{\"source\":{\"phone\":\"13691637118\",\"nick\":\"118\",\"avatarId\":\"http://7xn4wo.com1.z0.glb.clouddn.com/user/avatar/000150888cb0740c?1437897406181\",\"name\":null,\"userId\":\"000150888cb0740c\"},\"msgType\":\"event.friend.deleted\"}","header":{"summary":""}}
01-11 08:40:08.481: D/MessageList(7307): ', mCvsId='idvj1r4l000150888766a901', isAtMsgAck=false, atMsgAckSendId='null', atMsgAckUUid='null', isAtMsgHasRead=false, mTime=1452501610, mAuthorId='idvj1r4l000150888cb0740c', mAuthorName='000150888cb0740c', atUserList=null}
01-11 08:40:08.481: D/MessageList@OriginalPic(7307): message.getMsgId() = 6269105872445308408message.getSubType() = 66
01-11 08:40:08.481: D/DataBaseUtils(7307): insertValue uri=content://com.comtop.mim.aliwxprovider/message List<IDBModel>
01-11 08:40:08.481: D/MessageList(7307): flag = true
01-11 08:40:08.481: D/im@im@msgrecv(7307): [MsgRecv-onPushMessage]onPushMessage Not counting unread, msgTime = 1452501610
01-11 08:40:08.481: D/Conversation@tribe(7307): unReadCount = -1
01-11 08:40:08.481: D/ConversationModel(7307): this.unReadCount = 0, unReadCount = 0
01-11 08:40:08.481: D/WXUtil(7307): broadCastUnReadMsgCount msgUnReadCount=16 pubPrivateMsgUnReadCount=0
01-11 08:40:08.501: D/Conversation@tribe(7307): bNotify:trueneedNotify:0
01-11 08:40:08.501: D/im@im@msgrecv(7307): [MsgRecv-updateConversation]bNotify:trueneedNotify:0
01-11 08:40:08.501: D/DataBaseUtils(7307): replaceValue uri=content://com.comtop.mim.aliwxprovider/conversation
01-11 08:40:08.505: I/YWUIAPI(7307): onPushMessage
01-11 08:40:08.505: D/may(7307): App--->getUserInfo(), mUser: com.comtop.mim.model.UserInfo@533ab900
01-11 08:40:08.505: D/may(7307): App--->getUserInfo(), mUser: com.comtop.mim.model.UserInfo@533ab900
01-11 08:40:08.509: D/DataBaseUtils(7307): doContentResolverQueryWrapper uri=content://com.comtop.mim.aliwxprovider/wwTribeUser
01-11 08:40:08.521: D/YWContactManagerImpl(7307): getContactProfileInfo userId=000150888766a901 appkey=23232985
01-11 08:40:08.529: I/IMProfileCacheUtil(7307): getDefaultProfileCallback
01-11 08:40:08.529: I/IMProfileCacheUtil(7307): geDefaultCrossProfileCallback
01-11 08:40:08.533: D/YWContactManagerImpl(7307): defaultCallbak called
01-11 08:40:08.533: D/YWContactManagerImpl(7307): result nick=3333 headUrl=http://7xn4wo.com1.z0.glb.clouddn.com/user/avatar/000150888766a901?1445913912.753282 appkey=null
01-11 08:40:08.537: D/YWContactManagerImpl(7307): getContactProfileInfo userId=000150888766a901 appkey=23232985
01-11 08:40:08.541: I/IMProfileCacheUtil(7307): getDefaultProfileCallback
01-11 08:40:08.549: I/IMProfileCacheUtil(7307): geDefaultCrossProfileCallback
01-11 08:40:08.549: D/YWContactManagerImpl(7307): defaultCallbak called
01-11 08:40:08.553: D/YWContactManagerImpl(7307): result nick=3333 headUrl=http://7xn4wo.com1.z0.glb.clouddn.com/user/avatar/000150888766a901?1445913912.753282 appkey=null
01-11 08:40:08.553: D/WxPerf(7307): getview time:30
01-11 08:40:08.565: D/YWContactManagerImpl(7307): getContactProfileInfo userId=000150888cb0740c appkey=23232985
01-11 08:40:08.569: I/IMProfileCacheUtil(7307): getDefaultProfileCallback
01-11 08:40:08.573: I/IMProfileCacheUtil(7307): geDefaultCrossProfileCallback
01-11 08:40:08.577: D/YWContactManagerImpl(7307): defaultCallbak called
01-11 08:40:08.581: D/YWContactManagerImpl(7307): result nick=118 headUrl=http://7xn4wo.com1.z0.glb.clouddn.com/user/avatar/000150888cb0740c?1437897406181 appkey=null
01-11 08:40:08.581: D/YWContactManagerImpl(7307): getContactProfileInfo userId=000150888cb0740c appkey=23232985
01-11 08:40:08.589: I/IMProfileCacheUtil(7307): getDefaultProfileCallback
01-11 08:40:08.589: I/IMProfileCacheUtil(7307): geDefaultCrossProfileCallback
01-11 08:40:08.589: D/YWContactManagerImpl(7307): defaultCallbak called
01-11 08:40:08.597: D/YWContactManagerImpl(7307): result nick=118 headUrl=http://7xn4wo.com1.z0.glb.clouddn.com/user/avatar/000150888cb0740c?1437897406181 appkey=null
01-11 08:40:08.609: D/WxPerf(7307): getview time:45
01-11 08:40:08.609: D/YWContactManagerImpl(7307): getContactProfileInfo userId=000150891d9b8d37 appkey=23232985
01-11 08:40:08.613: I/IMProfileCacheUtil(7307): getDefaultProfileCallback
01-11 08:40:08.617: I/IMProfileCacheUtil(7307): geDefaultCrossProfileCallback
01-11 08:40:08.617: D/YWContactManagerImpl(7307): defaultCallbak called
01-11 08:40:08.617: D/YWContactManagerImpl(7307): result nick=chenxiaolong headUrl=http://7xn4wo.com1.z0.glb.clouddn.com/user/avatar/000150891d9b8d37?t=1452481883.385806 appkey=null
01-11 08:40:08.621: D/YWContactManagerImpl(7307): getContactProfileInfo userId=000150891d9b8d37 appkey=23232985
01-11 08:40:08.621: I/IMProfileCacheUtil(7307): getDefaultProfileCallback
01-11 08:40:08.621: I/IMProfileCacheUtil(7307): geDefaultCrossProfileCallback
01-11 08:40:08.625: D/YWContactManagerImpl(7307): defaultCallbak called
01-11 08:40:08.629: D/YWContactManagerImpl(7307): result nick=chenxiaolong headUrl=http://7xn4wo.com1.z0.glb.clouddn.com/user/avatar/000150891d9b8d37?t=1452481883.385806 appkey=null
01-11 08:40:08.637: D/WxPerf(7307): getview time:25
01-11 08:40:08.645: D/YWContactManagerImpl(7307): getContactProfileInfo userId=00015089328c5855 appkey=23232985
01-11 08:40:08.649: I/IMProfileCacheUtil(7307): getDefaultProfileCallback
01-11 08:40:08.649: I/IMProfileCacheUtil(7307): geDefaultCrossProfileCallback
01-11 08:40:08.649: D/YWContactManagerImpl(7307): defaultCallbak called
01-11 08:40:08.653: D/YWContactManagerImpl(7307): result nick=B90 headUrl=http://7xn4wo.com1.z0.glb.clouddn.com/user/avatar/00015089328c5855?1452049200418 appkey=null
01-11 08:40:08.653: D/YWContactManagerImpl(7307): getContactProfileInfo userId=00015089328c5855 appkey=23232985
01-11 08:40:08.653: I/IMProfileCacheUtil(7307): getDefaultProfileCallback
01-11 08:40:08.653: I/IMProfileCacheUtil(7307): geDefaultCrossProfileCallback
01-11 08:40:08.653: D/YWContactManagerImpl(7307): defaultCallbak called
01-11 08:40:08.657: D/YWContactManagerImpl(7307): result nick=B90 headUrl=http://7xn4wo.com1.z0.glb.clouddn.com/user/avatar/00015089328c5855?1452049200418 appkey=null
01-11 08:40:08.669: D/WxPerf(7307): getview time:24
01-11 08:40:08.677: D/YWContactManagerImpl(7307): getContactProfileInfo userId=0001520bb684d807 appkey=23232985
01-11 08:40:08.681: I/IMProfileCacheUtil(7307): getDefaultProfileCallback
01-11 08:40:08.685: I/IMProfileCacheUtil(7307): geDefaultCrossProfileCallback
01-11 08:40:08.685: D/YWContactManagerImpl(7307): defaultCallbak called
01-11 08:40:08.685: D/YWContactManagerImpl(7307): result nick= headUrl= appkey=null
01-11 08:40:08.689: D/YWContactManagerImpl(7307): getContactProfileInfo userId=0001520bb684d807 appkey=23232985
01-11 08:40:08.689: I/IMProfileCacheUtil(7307): getDefaultProfileCallback
01-11 08:40:08.689: I/IMProfileCacheUtil(7307): geDefaultCrossProfileCallback
01-11 08:40:08.689: D/YWContactManagerImpl(7307): defaultCallbak called
01-11 08:40:08.697: D/YWContactManagerImpl(7307): result nick= headUrl= appkey=null
01-11 08:40:08.697: D/WxPerf(7307): getview time:20
01-11 08:40:08.701: D/YWContactManagerImpl(7307): getContactProfileInfo userId=000151c8cf92b302@ps appkey=23232985
01-11 08:40:08.701: I/IMProfileCacheUtil(7307): getDefaultProfileCallback
01-11 08:40:08.701: I/IMProfileCacheUtil(7307): geDefaultCrossProfileCallback
01-11 08:40:08.705: D/YWContactManagerImpl(7307): defaultCallbak called
01-11 08:40:08.705: D/YWContactManagerImpl(7307): result nick=1 headUrl= appkey=null
01-11 08:40:08.713: D/YWContactManagerImpl(7307): getContactProfileInfo userId=000151c8cf92b302@ps appkey=23232985
01-11 08:40:08.713: I/IMProfileCacheUtil(7307): getDefaultProfileCallback
01-11 08:40:08.717: I/IMProfileCacheUtil(7307): geDefaultCrossProfileCallback
01-11 08:40:08.717: D/YWContactManagerImpl(7307): defaultCallbak called
01-11 08:40:08.721: D/YWContactManagerImpl(7307): result nick=1 headUrl= appkey=null
01-11 08:40:08.729: D/WxPerf(7307): getview time:27
01-11 08:40:08.733: D/YWContactManagerImpl(7307): getContactProfileInfo userId=000151ae88e0f002@ps appkey=23232985
01-11 08:40:08.733: I/IMProfileCacheUtil(7307): getDefaultProfileCallback
01-11 08:40:08.737: I/IMProfileCacheUtil(7307): geDefaultCrossProfileCallback
01-11 08:40:08.737: D/YWContactManagerImpl(7307): defaultCallbak called
01-11 08:40:08.737: D/YWContactManagerImpl(7307): result nick= headUrl= appkey=null
01-11 08:40:08.741: D/YWContactManagerImpl(7307): getContactProfileInfo userId=000151ae88e0f002@ps appkey=23232985
01-11 08:40:08.741: I/IMProfileCacheUtil(7307): getDefaultProfileCallback
01-11 08:40:08.745: I/IMProfileCacheUtil(7307): geDefaultCrossProfileCallback
01-11 08:40:08.749: D/YWContactManagerImpl(7307): defaultCallbak called
01-11 08:40:08.749: D/YWContactManagerImpl(7307): result nick= headUrl= appkey=null
01-11 08:40:08.757: D/WxPerf(7307): getview time:24
01-11 08:40:08.761: D/YWContactManagerImpl(7307): getContactProfileInfo userId=000151c8cebe2200@ps appkey=23232985
01-11 08:40:08.765: I/IMProfileCacheUtil(7307): getDefaultProfileCallback
01-11 08:40:08.765: I/IMProfileCacheUtil(7307): geDefaultCrossProfileCallback
01-11 08:40:08.765: D/YWContactManagerImpl(7307): defaultCallbak called
01-11 08:40:08.769: D/YWContactManagerImpl(7307): result nick= headUrl= appkey=null
01-11 08:40:08.773: D/YWContactManagerImpl(7307): getContactProfileInfo userId=000151c8cebe2200@ps appkey=23232985
01-11 08:40:08.773: I/IMProfileCacheUtil(7307): getDefaultProfileCallback
01-11 08:40:08.773: I/IMProfileCacheUtil(7307): geDefaultCrossProfileCallback
01-11 08:40:08.777: D/YWContactManagerImpl(7307): defaultCallbak called
01-11 08:40:08.781: D/YWContactManagerImpl(7307): result nick= headUrl= appkey=null
01-11 08:40:08.785: D/WxPerf(7307): getview time:23
01-11 08:40:08.833: I/Native(7307): InetIO_ngetLoginState
01-11 08:40:08.833: I/Native(7307): current user idvj1r4l000150888cb0740c
01-11 08:40:08.837: I/EgoAccount.api(7307): getLoginState:3
01-11 08:40:08.841: D/SocketChannel(7307): doTribeOperation:::reqData:{"members":["idvj1r4l000150891d9b8d37"],"tid":1900098988}
01-11 08:40:08.849: I/openimprotocol@native(7307): ImReqTribe_packData
01-11 08:40:08.849: I/openimprotocol@native(7307): ImReqTribe_packData success!
01-11 08:40:08.853: D/InetIO(7307): asyncCall  cmdid16777473 appId:100817 bizId:0
01-11 08:40:08.853: I/Native(7307): InetIO_asyncCall
01-11 08:40:08.853: I/WXContext@idvj1r4l000150888cb0740c@login(7307): extrahead:idvj1r4l000150888cb0740c, reserved:1
01-11 08:40:08.853: I/inetimpl@native@im@msg(7307): PostMsg,cmdid=0x1000101,seqid=38,cmdtype=0,compress=1,encrypted=28
01-11 08:40:08.853: D/packagesize(7307): headerlen:52, bodylen:88, extraheadlen:24
01-11 08:40:08.853: I/inetimpl@native@im@msg@sendbytes(7307): 146,fd=64,error=11
01-11 08:40:08.853: I/LocalSocketServer@native@tcms(7342): poll fd:47, event:1
01-11 08:40:08.853: I/tcminetimpl@native@tcms@msg(7342): PostMsg,interface=wx,method=s,seqid=44,sessionid:2,cmdtype=2,compress=0,encrypted=0
01-11 08:40:08.853: I/tcminetimpl@native@tcms(7342): postData2Server, seqid:44, data.len:163
01-11 08:40:08.853: I/tcminetimpl@native@tcms(7342): postData2Server, m_seqtsMap.len:0
01-11 08:40:08.865: I/tcminetimpl@native@tcms@msg@sendbytes(7342): 163,fd=44,error=11
01-11 08:40:08.873: D/test(7307): cmdId:16777473
01-11 08:40:08.873: D/SocketChanneldoAsyncCall(7307): reqCmdId:16777473 reqData:[B@534d7f3c sAppId:100817
01-11 08:40:08.877: D/test(7307): cmdId:16777473
01-11 08:40:08.881: D/IMChannel(7307): onActivityStopped:ui.PersonInfoActivity
01-11 08:40:08.885: D/IMChannel(7307): onActivityDestroyed:ui.PersonInfoActivity
01-11 08:40:08.885: D/may(7307): ====>onDestroy: PersonInfoActivity
01-11 08:40:08.933: I/tcminetimpl@native@tcms@msg@recvbytes(7342): 97,fd=44,bufsize=97
01-11 08:40:08.933: I/SccomHelper@native(7342): 
01-11 08:40:08.933: I/tcminetimpl@native@tcms@msg(7342): SaveRspMsg,interface=wx,method=s,seqid=0,sessionId=2,cmdtype=2
01-11 08:40:08.933: I/TcmInet@native@tcms(7342): INetImpl::GetMsg, seqid=0,interface=wx,method=s, errcode=0,msgtype=2
01-11 08:40:08.933: I/TcmInet@native@tcms(7342): clientServiceThrFunc get one notify,interface=wx, method=s, sessionId=2, seqid=0
01-11 08:40:08.933: D/tcmsposix@native@tcms(7342): get a notify, sessionId:2, interface:wx, method:s, 
01-11 08:40:08.933: I/LocalSocketServer@native@tcms(7342): exitPoll
01-11 08:40:08.933: I/inetimpl@native@im@msg@recvbytes(7307): 80,fd=64,bufsize=80
01-11 08:40:08.933: I/inetimpl@native@im@msg@recv(7307): , seqid=38
01-11 08:40:08.933: I/inetimpl@native@im@msg(7307): SaveRspMsg,cmdid=0x1010101,seqid=38,cmdtype=0,compress=1,encrypted=-1209118720
01-11 08:40:08.933: I/InetIO(7307): ResponseSuccess, cmdid:16777473
01-11 08:40:08.933: D/WXServiceCallbackDefault.api(7307): cmdid:16777473 state: true
01-11 08:40:08.933: I/openimprotocol@native(7307): ImRspTribe_unpackData
01-11 08:40:08.933: I/openimprotocol@native(7307): ImRspTribe_unpackData success!
01-11 08:40:08.933: I/TribeManager(7307): onError,  code = 18, info = tribe operation:getMemberNick retCode=18 
01-11 08:40:08.933: D/WXServiceCallbackDefault@tribe(7307): Retcode = 18
01-11 08:40:08.933: D/WXServiceCallbackDefault@tribe(7307): RspData = {"members":null}
01-11 08:40:08.933: D/WXServiceCallbackDefault@tribe(7307): Operation = getMemberNick
01-11 08:40:11.629: E/Genymotion(415): Could not open '/sys/class/power_supply/genymotion_fake_path/present'
01-11 08:40:16.629: E/Genymotion(415): Could not open '/sys/class/power_supply/genymotion_fake_path/present'
01-11 08:40:21.629: E/Genymotion(415): Could not open '/sys/class/power_supply/genymotion_fake_path/present'
01-11 08:40:26.629: E/Genymotion(415): Could not open '/sys/class/power_supply/genymotion_fake_path/present'
01-11 08:40:31.633: E/Genymotion(415): Could not open '/sys/class/power_supply/genymotion_fake_path/present'
01-11 08:40:32.129: D/skia(7307): --- SkImageDecoder::Factory returned null
01-11 08:40:32.133: W/unknown:RequestLoggingListener(7307): time 19458140: onProducerFinishWithFailure: {requestId: 89, stage: DecodeProducer, elapsedTime: -1 ms, extraMap: null, throwable: java.lang.IllegalArgumentException: unknown image format}
01-11 08:40:32.133: W/unknown:RequestLoggingListener(7307): time 19458143: onRequestFailure: {requestId: 89, elapsedTime: -1 ms, throwable: java.lang.IllegalArgumentException: unknown image format}
01-11 08:40:35.133: D/skia(7307): --- SkImageDecoder::Factory returned null
01-11 08:40:35.137: W/unknown:RequestLoggingListener(7307): time 19461143: onProducerFinishWithFailure: {requestId: 90, stage: DecodeProducer, elapsedTime: -1 ms, extraMap: null, throwable: java.lang.IllegalArgumentException: unknown image format}
01-11 08:40:35.137: W/unknown:RequestLoggingListener(7307): time 19461144: onRequestFailure: {requestId: 90, elapsedTime: -1 ms, throwable: java.lang.IllegalArgumentException: unknown image format}
01-11 08:40:36.633: E/Genymotion(415): Could not open '/sys/class/power_supply/genymotion_fake_path/present'
01-11 08:40:38.137: D/skia(7307): --- SkImageDecoder::Factory returned null
01-11 08:40:38.137: W/unknown:RequestLoggingListener(7307): time 19464147: onProducerFinishWithFailure: {requestId: 91, stage: DecodeProducer, elapsedTime: -1 ms, extraMap: null, throwable: java.lang.IllegalArgumentException: unknown image format}
01-11 08:40:38.137: W/unknown:RequestLoggingListener(7307): time 19464147: onRequestFailure: {requestId: 91, elapsedTime: -1 ms, throwable: java.lang.IllegalArgumentException: unknown image format}
01-11 08:40:41.141: D/skia(7307): --- SkImageDecoder::Factory returned null
01-11 08:40:41.157: W/unknown:RequestLoggingListener(7307): time 19467160: onProducerFinishWithFailure: {requestId: 92, stage: DecodeProducer, elapsedTime: -1 ms, extraMap: null, throwable: java.lang.IllegalArgumentException: unknown image format}
01-11 08:40:41.157: W/unknown:RequestLoggingListener(7307): time 19467168: onRequestFailure: {requestId: 92, elapsedTime: -1 ms, throwable: java.lang.IllegalArgumentException: unknown image format}
01-11 08:40:41.633: E/Genymotion(415): Could not open '/sys/class/power_supply/genymotion_fake_path/present'
01-11 08:40:44.145: D/skia(7307): --- SkImageDecoder::Factory returned null
01-11 08:40:44.145: W/unknown:RequestLoggingListener(7307): time 19470154: onProducerFinishWithFailure: {requestId: 93, stage: DecodeProducer, elapsedTime: -1 ms, extraMap: null, throwable: java.lang.IllegalArgumentException: unknown image format}
01-11 08:40:44.145: W/unknown:RequestLoggingListener(7307): time 19470154: onRequestFailure: {requestId: 93, elapsedTime: -1 ms, throwable: java.lang.IllegalArgumentException: unknown image format}
01-11 08:40:46.633: E/Genymotion(415): Could not open '/sys/class/power_supply/genymotion_fake_path/present'
01-11 08:40:51.633: E/Genymotion(415): Could not open '/sys/class/power_supply/genymotion_fake_path/present'
01-11 08:40:56.633: E/Genymotion(415): Could not open '/sys/class/power_supply/genymotion_fake_path/present'
01-11 08:41:01.637: E/Genymotion(415): Could not open '/sys/class/power_supply/genymotion_fake_path/present'
01-11 08:41:06.637: E/Genymotion(415): Could not open '/sys/class/power_supply/genymotion_fake_path/present'
01-11 08:41:11.637: E/Genymotion(415): Could not open '/sys/class/power_supply/genymotion_fake_path/present'
01-11 08:41:16.637: E/Genymotion(415): Could not open '/sys/class/power_supply/genymotion_fake_path/present'
01-11 08:41:21.641: E/Genymotion(415): Could not open '/sys/class/power_supply/genymotion_fake_path/present'
01-11 08:41:26.641: E/Genymotion(415): Could not open '/sys/class/power_supply/genymotion_fake_path/present'
01-11 08:41:31.641: E/Genymotion(415): Could not open '/sys/class/power_supply/genymotion_fake_path/present'
01-11 08:41:36.641: E/Genymotion(415): Could not open '/sys/class/power_supply/genymotion_fake_path/present'
01-11 08:41:41.641: E/Genymotion(415): Could not open '/sys/class/power_supply/genymotion_fake_path/present'
01-11 08:41:46.645: E/Genymotion(415): Could not open '/sys/class/power_supply/genymotion_fake_path/present'
01-11 08:41:51.645: E/Genymotion(415): Could not open '/sys/class/power_supply/genymotion_fake_path/present'
01-11 08:41:56.645: E/Genymotion(415): Could not open '/sys/class/power_supply/genymotion_fake_path/present'
01-11 08:42:01.645: E/Genymotion(415): Could not open '/sys/class/power_supply/genymotion_fake_path/present'
01-11 08:42:06.645: E/Genymotion(415): Could not open '/sys/class/power_supply/genymotion_fake_path/present'
01-11 08:42:09.409: D/dalvikvm(958): Debugger has detached; object registry had 1 entries
01-11 08:42:09.409: D/dalvikvm(787): Debugger has detached; object registry had 1 entries
01-11 08:42:09.409: D/dalvikvm(6199): Debugger has detached; object registry had 1 entries
01-11 08:42:09.409: D/dalvikvm(750): Debugger has detached; object registry had 1 entries
01-11 08:42:09.409: D/dalvikvm(415): Debugger has detached; object registry had 1 entries
01-11 08:42:09.413: D/dalvikvm(6257): Debugger has detached; object registry had 1 entries
01-11 08:42:09.417: D/dalvikvm(1092): Debugger has detached; object registry had 1 entries
01-11 08:42:09.417: D/dalvikvm(6232): Debugger has detached; object registry had 1 entries
01-11 08:42:09.417: D/dalvikvm(825): Debugger has detached; object registry had 1 entries
01-11 08:42:09.417: D/dalvikvm(6292): Debugger has detached; object registry had 1 entries
01-11 08:42:09.417: D/dalvikvm(620): Debugger has detached; object registry had 1 entries
01-11 08:42:09.421: D/dalvikvm(664): Debugger has detached; object registry had 1 entries
01-11 08:42:09.421: D/dalvikvm(733): Debugger has detached; object registry had 1 entries
01-11 08:42:09.421: D/dalvikvm(6306): Debugger has detached; object registry had 1 entries
01-11 08:42:09.421: D/dalvikvm(6276): Debugger has detached; object registry had 1 entries
01-11 08:42:09.421: D/dalvikvm(7307): Debugger has detached; object registry had 1 entries
01-11 08:42:09.425: D/dalvikvm(7342): Debugger has detached; object registry had 1 entries
01-11 08:42:09.457: D/dalvikvm(6245): Debugger has detached; object registry had 1 entries
01-11 08:42:11.645: E/Genymotion(415): Could not open '/sys/class/power_supply/genymotion_fake_path/present'
01-11 08:42:16.649: E/Genymotion(415): Could not open '/sys/class/power_supply/genymotion_fake_path/present'
01-11 08:42:21.649: E/Genymotion(415): Could not open '/sys/class/power_supply/genymotion_fake_path/present'
01-11 08:42:26.649: E/Genymotion(415): Could not open '/sys/class/power_supply/genymotion_fake_path/present'
01-11 08:42:31.649: E/Genymotion(415): Could not open '/sys/class/power_supply/genymotion_fake_path/present'
01-11 08:42:36.649: E/Genymotion(415): Could not open '/sys/class/power_supply/genymotion_fake_path/present'
01-11 08:42:41.649: E/Genymotion(415): Could not open '/sys/class/power_supply/genymotion_fake_path/present'
01-11 08:42:46.649: E/Genymotion(415): Could not open '/sys/class/power_supply/genymotion_fake_path/present'
01-11 08:42:51.649: E/Genymotion(415): Could not open '/sys/class/power_supply/genymotion_fake_path/present'
01-11 08:42:56.649: E/Genymotion(415): Could not open '/sys/class/power_supply/genymotion_fake_path/present'
01-11 08:43:01.653: E/Genymotion(415): Could not open '/sys/class/power_supply/genymotion_fake_path/present'
01-11 08:43:06.653: E/Genymotion(415): Could not open '/sys/class/power_supply/genymotion_fake_path/present'
01-11 08:43:11.653: E/Genymotion(415): Could not open '/sys/class/power_supply/genymotion_fake_path/present'
01-11 08:43:16.653: E/Genymotion(415): Could not open '/sys/class/power_supply/genymotion_fake_path/present'
01-11 08:43:21.653: E/Genymotion(415): Could not open '/sys/class/power_supply/genymotion_fake_path/present'
01-11 08:43:26.653: E/Genymotion(415): Could not open '/sys/class/power_supply/genymotion_fake_path/present'
01-11 08:43:31.653: E/Genymotion(415): Could not open '/sys/class/power_supply/genymotion_fake_path/present'
01-11 08:43:36.657: E/Genymotion(415): Could not open '/sys/class/power_supply/genymotion_fake_path/present'
01-11 08:43:41.657: E/Genymotion(415): Could not open '/sys/class/power_supply/genymotion_fake_path/present'
01-11 08:43:46.657: E/Genymotion(415): Could not open '/sys/class/power_supply/genymotion_fake_path/present'
01-11 08:43:51.657: E/Genymotion(415): Could not open '/sys/class/power_supply/genymotion_fake_path/present'
01-11 08:43:56.657: E/Genymotion(415): Could not open '/sys/class/power_supply/genymotion_fake_path/present'
01-11 08:44:01.657: E/Genymotion(415): Could not open '/sys/class/power_supply/genymotion_fake_path/present'
01-11 08:44:06.657: E/Genymotion(415): Could not open '/sys/class/power_supply/genymotion_fake_path/present'
01-11 08:44:11.657: E/Genymotion(415): Could not open '/sys/class/power_supply/genymotion_fake_path/present'
01-11 08:44:16.657: E/Genymotion(415): Could not open '/sys/class/power_supply/genymotion_fake_path/present'
01-11 08:44:21.657: E/Genymotion(415): Could not open '/sys/class/power_supply/genymotion_fake_path/present'
01-11 08:44:26.657: E/Genymotion(415): Could not open '/sys/class/power_supply/genymotion_fake_path/present'
01-11 08:44:31.661: E/Genymotion(415): Could not open '/sys/class/power_supply/genymotion_fake_path/present'
01-11 08:44:36.661: E/Genymotion(415): Could not open '/sys/class/power_supply/genymotion_fake_path/present'
01-11 08:44:41.661: E/Genymotion(415): Could not open '/sys/class/power_supply/genymotion_fake_path/present'
01-11 08:44:41.997: I/tcminetimpl@native@tcms(7342): sendHeartbeat, remain=0, interval * 0.700000 = 274.000000, state=0
01-11 08:44:41.997: I/tcminetimpl@native@tcms(7342): sendHeartbeat, lastSend:1452501608, lastRev:1452501608, now-mLastRecvTime=274, 274 * 0.700000 = 191.800003, state:0, check:1
01-11 08:44:42.005: I/tcminetimpl@native@tcms@msg@sendbytes(7342): 1,fd=44,error=11
01-11 08:44:42.045: I/tcminetimpl@native@tcms@msg@recvbytes(7342): 1,fd=44,bufsize=1
01-11 08:44:42.045: I/SccomHelper@native(7342): receive a heartbeat
01-11 08:44:42.045: I/tcminetimpl@native@tcms(7342): receive a empty scomBody.
01-11 08:44:42.045: I/jni/inet/android/native/common/calljava.cpp(7342): resetRTCWakeup
01-11 08:44:42.045: W/JNIUtil(7342): resetRTCWakeup
01-11 08:44:42.045: D/XPushJNI@Native(7342): com_alibaba_tcms_service_TCMPush_getHeartbeatInterval
01-11 08:44:42.049: I/tcminetimpl@native@tcms(7342): count=11, success=8, rate=0.700000
01-11 08:44:42.049: I/tcminetimpl@native@tcms(7342): 
01-11 08:44:42.049: I/TcmInet@native@tcms(7342):  274 -> 356, detectRate:0.300000, mDetect:1, detectInterval:274
01-11 08:44:42.049: I/jni/inet/android/native/common/calljava.cpp(7342): notifySendHeartbeatOk
01-11 08:44:42.057: I/WakeupAlarmManager(7342): alarm set rtc_wakeup 274000
01-11 08:44:42.057: I/TCMStaticDelegate(7342): call resetRTCWakeup
01-11 08:44:42.057: W/JNIUtil(7342): notifySendHeartbeatOk
01-11 08:44:42.057: D/XPushJNI@Native(7342): com_alibaba_tcms_service_TCMPush_getHeartbeatInterval
01-11 08:44:42.061: I/WakeupAlarmManager(7342): alarm set rtc_wakeup 356000
01-11 08:44:42.061: I/TCMStaticDelegate(7342): call resetRTCWakeup
01-11 08:44:42.061: D/PersistManager(7342): write, list properties.
01-11 08:44:42.061: D/PersistManager(7342): key:push_tcms_client_id_key value:a0no8sfisy024rei
01-11 08:44:42.061: D/PersistManager(7342): key:XPUSH_SDK_INFO_V2 value:{"com.comtop.mim":"{\"clientPriority\":14464800,\"disable\":false,\"regTime\":1452482452371,\"callCount\":1,\"appKey\":\"23232985\"}"}
01-11 08:44:42.061: D/PersistManager(7342): key:push_device_id_key_v1 value:a0no8sfi8940386a___voc4gl5ytrdkt6uz
01-11 08:44:42.061: D/PersistManager(7342): key:push_heart_freq_key value:{"\"WiredSSID\"":274}
