01-11 08:39:29.037: D/may(7307): ===>msg: Message{mMsgId=6269105872440982782, atFlag=0, direction=0, mContent='{"customize":"{\"source\":{\"phone\":\"13691637118\",\"nick\":\"118\",\"avatarId\":\"http://7xn4wo.com1.z0.glb.clouddn.com/user/avatar/000150888cb0740c?1437897406181\",\"name\":null,\"userId\":\"000150888cb0740c\"},\"msgType\":\"event.friend.apply.sent\",\"comment\":\"mmmmmmmm\"}","header":{"summary":""}}
01-11 08:39:29.037: D/may(7307): ', mCvsId='idvj1r4l000150888cb0740c', isAtMsgAck=false, atMsgAckSendId='null', atMsgAckUUid='null', isAtMsgHasRead=false, mTime=1452501544, mAuthorId='idvj1r4l000150888cb0740c', mAuthorName='000150888cb0740c', atUserList=null}
01-11 08:39:29.037: D/may(7307): msg: {"customize":"{\"source\":{\"phone\":\"13691637118\",\"nick\":\"118\",\"avatarId\":\"http://7xn4wo.com1.z0.glb.clouddn.com/user/avatar/000150888cb0740c?1437897406181\",\"name\":null,\"userId\":\"000150888cb0740c\"},\"msgType\":\"event.friend.apply.sent\",\"comment\":\"mmmmmmmm\"}","header":{"summary":""}}
01-11 08:39:29.037: D/may(7307): , subType: 66
01-11 08:39:29.057: I/Native(7307): InetIO_ngetLoginState
01-11 08:39:29.057: I/Native(7307): current user idvj1r4l000150888cb0740c
01-11 08:39:29.061: I/EgoAccount.api(7307): getLoginState:3
01-11 08:39:29.061: D/may(7307): =====>im login state: success
01-11 08:39:29.061: I/Native(7307): InetIO_ngetLoginState
01-11 08:39:29.065: I/Native(7307): current user idvj1r4l000150888cb0740c
01-11 08:39:29.065: I/EgoAccount.api(7307): getLoginState:3
01-11 08:39:29.065: I/YWConversationManagerImpl(7307): markReaded
01-11 08:39:29.069: I/openimprotocol@native(7307): ImReqMessageRead_packData
01-11 08:39:29.069: I/openimprotocol@native(7307): ImReqMessageRead_packData success!
01-11 08:39:29.073: D/InetIO(7307): asyncCall  cmdid16777746 appId:100817 bizId:0
01-11 08:39:29.073: I/Native(7307): InetIO_asyncCall
01-11 08:39:29.073: I/WXContext@idvj1r4l000150888cb0740c@login(7307): extrahead:idvj1r4l000150888cb0740c, reserved:1
01-11 08:39:29.073: I/inetimpl@native@im@msg(7307): PostMsg,cmdid=0x1000212,seqid=28,cmdtype=0,compress=1,encrypted=28
01-11 08:39:29.073: D/packagesize(7307): headerlen:52, bodylen:64, extraheadlen:24
01-11 08:39:29.073: I/inetimpl@native@im@msg@sendbytes(7307): 122,fd=64,error=11
01-11 08:39:29.073: I/LocalSocketServer@native@tcms(7342): poll fd:47, event:1
01-11 08:39:29.073: I/tcminetimpl@native@tcms@msg(7342): PostMsg,interface=wx,method=s,seqid=34,sessionid:2,cmdtype=2,compress=0,encrypted=0
01-11 08:39:29.073: I/tcminetimpl@native@tcms(7342): postData2Server, seqid:34, data.len:138
01-11 08:39:29.073: I/tcminetimpl@native@tcms(7342): postData2Server, m_seqtsMap.len:0
01-11 08:39:29.073: I/tcminetimpl@native@tcms@msg@sendbytes(7342): 138,fd=44,error=11
01-11 08:39:29.081: W/genymotion_audio(132): out_write() limiting sleep time 44149 to 23219
01-11 08:39:29.085: D/test(7307): cmdId:16777746
01-11 08:39:29.085: I/SocketChannel.api(7307): readP2PMessage invalid
01-11 08:39:29.085: D/WXUtil(7307): broadCastUnReadMsgCount msgUnReadCount=16 pubPrivateMsgUnReadCount=0
01-11 08:39:29.089: D/may(7307): App--->getUserInfo(), mUser: com.comtop.mim.model.UserInfo@533ab900
01-11 08:39:29.093: I/ActivityManager(415): START u0 {cmp=com.comtop.mim/.ui.PersonInfoActivity (has extras)} from pid 7307
01-11 08:39:29.105: W/genymotion_audio(132): out_write() limiting sleep time 45759 to 23219
01-11 08:39:29.133: I/tcminetimpl@native@tcms@msg@recvbytes(7342): 49,fd=44,bufsize=49
01-11 08:39:29.133: I/SccomHelper@native(7342): 
01-11 08:39:29.133: I/tcminetimpl@native@tcms@msg(7342): SaveRspMsg,interface=wx,method=s,seqid=0,sessionId=2,cmdtype=2
01-11 08:39:29.133: I/jni/inet/android/native/common/calljava.cpp(7342): resetRTCWakeup
01-11 08:39:29.133: W/genymotion_audio(132): out_write() limiting sleep time 27369 to 23219
01-11 08:39:29.137: I/TcmInet@native@tcms(7342): INetImpl::GetMsg, seqid=0,interface=wx,method=s, errcode=0,msgtype=2
01-11 08:39:29.137: I/TcmInet@native@tcms(7342): clientServiceThrFunc get one notify,interface=wx, method=s, sessionId=2, seqid=0
01-11 08:39:29.137: D/tcmsposix@native@tcms(7342): get a notify, sessionId:2, interface:wx, method:s, 
01-11 08:39:29.137: I/LocalSocketServer@native@tcms(7342): exitPoll
01-11 08:39:29.137: I/inetimpl@native@im@msg@recvbytes(7307): 32,fd=64,bufsize=32
01-11 08:39:29.137: I/inetimpl@native@im@msg@recv(7307): , seqid=28
01-11 08:39:29.137: I/inetimpl@native@im@msg(7307): SaveRspMsg,cmdid=0x1010212,seqid=4294967324,cmdtype=0,compress=0,encrypted=-1203316608
01-11 08:39:29.137: I/InetIO(7307): ResponseSuccess, cmdid:16777746
01-11 08:39:29.137: D/WXServiceCallbackDefault.api(7307): cmdid:16777746 state: true
01-11 08:39:29.145: W/JNIUtil(7342): resetRTCWakeup
01-11 08:39:29.145: D/XPushJNI@Native(7342): com_alibaba_tcms_service_TCMPush_getHeartbeatInterval
01-11 08:39:29.213: D/dalvikvm(415): GC_FOR_ALLOC freed 1322K, 49% free 6397K/12492K, paused 45ms, total 46ms
01-11 08:39:29.237: I/WakeupAlarmManager(7342): alarm set rtc_wakeup 274000
01-11 08:39:29.237: I/TCMStaticDelegate(7342): call resetRTCWakeup
01-11 08:39:29.257: D/YWContactManagerImpl(7307): getContactProfileInfo userId=000150888cb0740c appkey=23232985
01-11 08:39:29.265: I/IMProfileCacheUtil(7307): getDefaultProfileCallback
01-11 08:39:29.265: I/IMProfileCacheUtil(7307): geDefaultCrossProfileCallback
01-11 08:39:29.269: D/YWContactManagerImpl(7307): defaultCallbak called
01-11 08:39:29.273: D/YWContactManagerImpl(7307): result nick=118 headUrl=http://7xn4wo.com1.z0.glb.clouddn.com/user/avatar/000150888cb0740c?1437897406181 appkey=null
01-11 08:39:29.273: D/YWContactManagerImpl(7307): getContactProfileInfo userId=000150888cb0740c appkey=23232985
01-11 08:39:29.277: I/IMProfileCacheUtil(7307): getDefaultProfileCallback
01-11 08:39:29.277: I/IMProfileCacheUtil(7307): geDefaultCrossProfileCallback
01-11 08:39:29.277: D/YWContactManagerImpl(7307): defaultCallbak called
01-11 08:39:29.281: D/YWContactManagerImpl(7307): result nick=118 headUrl=http://7xn4wo.com1.z0.glb.clouddn.com/user/avatar/000150888cb0740c?1437897406181 appkey=null
01-11 08:39:29.281: D/WxPerf(7307): getview time:27
01-11 08:39:29.289: D/YWContactManagerImpl(7307): getContactProfileInfo userId=000150888766a901 appkey=23232985
01-11 08:39:29.289: I/IMProfileCacheUtil(7307): getDefaultProfileCallback
01-11 08:39:29.293: I/IMProfileCacheUtil(7307): geDefaultCrossProfileCallback
01-11 08:39:29.293: D/YWContactManagerImpl(7307): defaultCallbak called
01-11 08:39:29.297: D/YWContactManagerImpl(7307): result nick=3333 headUrl=http://7xn4wo.com1.z0.glb.clouddn.com/user/avatar/000150888766a901?1445913912.753282 appkey=null
01-11 08:39:29.297: D/YWContactManagerImpl(7307): getContactProfileInfo userId=000150888766a901 appkey=23232985
01-11 08:39:29.297: I/IMProfileCacheUtil(7307): getDefaultProfileCallback
01-11 08:39:29.301: I/IMProfileCacheUtil(7307): geDefaultCrossProfileCallback
01-11 08:39:29.301: D/YWContactManagerImpl(7307): defaultCallbak called
01-11 08:39:29.305: D/YWContactManagerImpl(7307): result nick=3333 headUrl=http://7xn4wo.com1.z0.glb.clouddn.com/user/avatar/000150888766a901?1445913912.753282 appkey=null
01-11 08:39:29.309: D/WxPerf(7307): getview time:21
01-11 08:39:29.317: D/YWContactManagerImpl(7307): getContactProfileInfo userId=000150891d9b8d37 appkey=23232985
01-11 08:39:29.317: I/IMProfileCacheUtil(7307): getDefaultProfileCallback
01-11 08:39:29.321: I/IMProfileCacheUtil(7307): geDefaultCrossProfileCallback
01-11 08:39:29.325: D/YWContactManagerImpl(7307): defaultCallbak called
01-11 08:39:29.325: D/YWContactManagerImpl(7307): result nick=chenxiaolong headUrl=http://7xn4wo.com1.z0.glb.clouddn.com/user/avatar/000150891d9b8d37?t=1452481883.385806 appkey=null
01-11 08:39:29.325: D/YWContactManagerImpl(7307): getContactProfileInfo userId=000150891d9b8d37 appkey=23232985
01-11 08:39:29.329: I/IMProfileCacheUtil(7307): getDefaultProfileCallback
01-11 08:39:29.329: I/IMProfileCacheUtil(7307): geDefaultCrossProfileCallback
01-11 08:39:29.329: D/YWContactManagerImpl(7307): defaultCallbak called
01-11 08:39:29.329: D/YWContactManagerImpl(7307): result nick=chenxiaolong headUrl=http://7xn4wo.com1.z0.glb.clouddn.com/user/avatar/000150891d9b8d37?t=1452481883.385806 appkey=null
01-11 08:39:29.345: D/WxPerf(7307): getview time:29
01-11 08:39:29.349: D/YWContactManagerImpl(7307): getContactProfileInfo userId=00015089328c5855 appkey=23232985
01-11 08:39:29.357: I/IMProfileCacheUtil(7307): getDefaultProfileCallback
01-11 08:39:29.357: I/IMProfileCacheUtil(7307): geDefaultCrossProfileCallback
01-11 08:39:29.357: D/YWContactManagerImpl(7307): defaultCallbak called
01-11 08:39:29.361: D/YWContactManagerImpl(7307): result nick=B90 headUrl=http://7xn4wo.com1.z0.glb.clouddn.com/user/avatar/00015089328c5855?1452049200418 appkey=null
01-11 08:39:29.361: D/YWContactManagerImpl(7307): getContactProfileInfo userId=00015089328c5855 appkey=23232985
01-11 08:39:29.361: I/IMProfileCacheUtil(7307): getDefaultProfileCallback
01-11 08:39:29.361: I/IMProfileCacheUtil(7307): geDefaultCrossProfileCallback
01-11 08:39:29.361: D/YWContactManagerImpl(7307): defaultCallbak called
01-11 08:39:29.365: D/YWContactManagerImpl(7307): result nick=B90 headUrl=http://7xn4wo.com1.z0.glb.clouddn.com/user/avatar/00015089328c5855?1452049200418 appkey=null
01-11 08:39:29.365: D/WxPerf(7307): getview time:20
01-11 08:39:29.369: D/YWContactManagerImpl(7307): getContactProfileInfo userId=0001520bb684d807 appkey=23232985
01-11 08:39:29.369: I/IMProfileCacheUtil(7307): getDefaultProfileCallback
01-11 08:39:29.369: I/IMProfileCacheUtil(7307): geDefaultCrossProfileCallback
01-11 08:39:29.373: D/YWContactManagerImpl(7307): defaultCallbak called
01-11 08:39:29.373: D/YWContactManagerImpl(7307): result nick= headUrl= appkey=null
01-11 08:39:29.377: D/YWContactManagerImpl(7307): getContactProfileInfo userId=0001520bb684d807 appkey=23232985
01-11 08:39:29.377: I/IMProfileCacheUtil(7307): getDefaultProfileCallback
01-11 08:39:29.385: I/IMProfileCacheUtil(7307): geDefaultCrossProfileCallback
01-11 08:39:29.385: D/YWContactManagerImpl(7307): defaultCallbak called
01-11 08:39:29.389: D/YWContactManagerImpl(7307): result nick= headUrl= appkey=null
01-11 08:39:29.401: D/WxPerf(7307): getview time:32
01-11 08:39:29.405: D/YWContactManagerImpl(7307): getContactProfileInfo userId=000151c8cf92b302@ps appkey=23232985
01-11 08:39:29.405: I/IMProfileCacheUtil(7307): getDefaultProfileCallback
01-11 08:39:29.409: I/IMProfileCacheUtil(7307): geDefaultCrossProfileCallback
01-11 08:39:29.409: D/YWContactManagerImpl(7307): defaultCallbak called
01-11 08:39:29.409: D/YWContactManagerImpl(7307): result nick=1 headUrl= appkey=null
01-11 08:39:29.413: D/YWContactManagerImpl(7307): getContactProfileInfo userId=000151c8cf92b302@ps appkey=23232985
01-11 08:39:29.417: I/IMProfileCacheUtil(7307): getDefaultProfileCallback
01-11 08:39:29.417: I/IMProfileCacheUtil(7307): geDefaultCrossProfileCallback
01-11 08:39:29.417: D/YWContactManagerImpl(7307): defaultCallbak called
01-11 08:39:29.421: D/YWContactManagerImpl(7307): result nick=1 headUrl= appkey=null
01-11 08:39:29.425: D/WxPerf(7307): getview time:23
01-11 08:39:29.429: D/YWContactManagerImpl(7307): getContactProfileInfo userId=000151ae88e0f002@ps appkey=23232985
01-11 08:39:29.437: I/IMProfileCacheUtil(7307): getDefaultProfileCallback
01-11 08:39:29.437: I/IMProfileCacheUtil(7307): geDefaultCrossProfileCallback
01-11 08:39:29.437: D/YWContactManagerImpl(7307): defaultCallbak called
01-11 08:39:29.437: D/YWContactManagerImpl(7307): result nick= headUrl= appkey=null
01-11 08:39:29.445: D/YWContactManagerImpl(7307): getContactProfileInfo userId=000151ae88e0f002@ps appkey=23232985
01-11 08:39:29.445: I/IMProfileCacheUtil(7307): getDefaultProfileCallback
01-11 08:39:29.445: I/IMProfileCacheUtil(7307): geDefaultCrossProfileCallback
01-11 08:39:29.445: D/YWContactManagerImpl(7307): defaultCallbak called
01-11 08:39:29.449: D/YWContactManagerImpl(7307): result nick= headUrl= appkey=null
01-11 08:39:29.453: D/WxPerf(7307): getview time:22
01-11 08:39:29.453: D/YWContactManagerImpl(7307): getContactProfileInfo userId=000151c8cebe2200@ps appkey=23232985
01-11 08:39:29.457: I/IMProfileCacheUtil(7307): getDefaultProfileCallback
01-11 08:39:29.461: I/IMProfileCacheUtil(7307): geDefaultCrossProfileCallback
01-11 08:39:29.465: D/YWContactManagerImpl(7307): defaultCallbak called
01-11 08:39:29.465: D/YWContactManagerImpl(7307): result nick= headUrl= appkey=null
01-11 08:39:29.469: D/YWContactManagerImpl(7307): getContactProfileInfo userId=000151c8cebe2200@ps appkey=23232985
01-11 08:39:29.473: I/IMProfileCacheUtil(7307): getDefaultProfileCallback
01-11 08:39:29.473: I/IMProfileCacheUtil(7307): geDefaultCrossProfileCallback
01-11 08:39:29.477: D/YWContactManagerImpl(7307): defaultCallbak called
01-11 08:39:29.477: D/YWContactManagerImpl(7307): result nick= headUrl= appkey=null
01-11 08:39:29.481: D/WxPerf(7307): getview time:28
01-11 08:39:29.505: D/IMChannel(7307): onActivityPaused:ui.MainActivity
01-11 08:39:29.505: I/YWConversationManagerImpl(7307): removeConversationListener
01-11 08:39:29.513: D/IMChannel(7307): onActivityCreated:ui.PersonInfoActivity
01-11 08:39:29.529: D/IMChannel(7307): onActivityStarted:ui.PersonInfoActivity
01-11 08:39:29.529: D/IMChannel(7307): onActivityResumed:ui.PersonInfoActivity
01-11 08:39:29.533: I/Native(7307): InetIO_SetForeground 1
01-11 08:39:29.533: D/PersistManager(7307): get, list properties.
01-11 08:39:29.537: D/PersistManager(7307): key:XPUSH_SDK_INFO_V2 value:{"com.comtop.mim":"{\"clientPriority\":14464800,\"disable\":false,\"regTime\":1452482452371,\"callCount\":1,\"appKey\":\"23232985\"}"}
01-11 08:39:29.537: D/PersistManager(7307): key:push_tcms_client_id_key value:a0no8sfisy024rei
01-11 08:39:29.541: D/PersistManager(7307): key:push_heart_freq_key value:{"\"WiredSSID\"":274}
01-11 08:39:29.545: D/PersistManager(7307): key:push_device_id_key_v1 value:a0no8sfi8940386a___voc4gl5ytrdkt6uz
01-11 08:39:29.545: D/TCMSService(7342): onStart----
01-11 08:39:29.549: D/TCMSService(7342): onHandleIntent, ------- command=xpushnative://xpush/clearWearyCheck?
01-11 08:39:29.549: D/TCMSService(7342): clearWearyCheck
01-11 08:39:29.593: W/EGL_genymotion(7307): eglSurfaceAttrib not implemented
01-11 08:39:29.633: I/ActivityManager(415): Displayed com.comtop.mim/.ui.PersonInfoActivity: +126ms
01-11 08:39:29.961: D/IMChannel(7307): onActivityStopped:ui.MainActivity
01-11 08:39:29.961: D/dalvikvm(7307): TRACE stop requested, but not running
01-11 08:39:30.989: W/genymotion_audio(132): out_write() limiting sleep time 30408 to 23219
01-11 08:39:31.061: D/IMChannel(7307): onActivityPaused:ui.PersonInfoActivity
01-11 08:39:31.077: D/IMChannel(7307): onActivityStarted:ui.MainActivity
01-11 08:39:31.081: D/IMChannel(7307): onActivityResumed:ui.MainActivity
01-11 08:39:31.081: I/Native(7307): InetIO_SetForeground 1
01-11 08:39:31.085: D/PersistManager(7307): get, list properties.
01-11 08:39:31.089: D/PersistManager(7307): key:XPUSH_SDK_INFO_V2 value:{"com.comtop.mim":"{\"clientPriority\":14464800,\"disable\":false,\"regTime\":1452482452371,\"callCount\":1,\"appKey\":\"23232985\"}"}
01-11 08:39:31.089: D/PersistManager(7307): key:push_tcms_client_id_key value:a0no8sfisy024rei
01-11 08:39:31.089: D/PersistManager(7307): key:push_heart_freq_key value:{"\"WiredSSID\"":274}
01-11 08:39:31.093: D/PersistManager(7307): key:push_device_id_key_v1 value:a0no8sfi8940386a___voc4gl5ytrdkt6uz
01-11 08:39:31.097: D/TCMSService(7342): onStart----
01-11 08:39:31.101: D/TCMSService(7342): onHandleIntent, ------- command=xpushnative://xpush/clearWearyCheck?
01-11 08:39:31.101: D/TCMSService(7342): clearWearyCheck
01-11 08:39:31.121: I/Native(7307): InetIO_ngetLoginState
01-11 08:39:31.121: I/Native(7307): current user idvj1r4l000150888cb0740c
01-11 08:39:31.125: I/EgoAccount.api(7307): getLoginState:3
01-11 08:39:31.125: D/may(7307): =====>im login state: success
01-11 08:39:31.125: I/Native(7307): InetIO_ngetLoginState
01-11 08:39:31.129: I/Native(7307): current user idvj1r4l000150888cb0740c
01-11 08:39:31.129: I/EgoAccount.api(7307): getLoginState:3
01-11 08:39:31.133: D/may(7307): ======>unread count: 16, service: com.alibaba.mobileim.lib.presenter.conversation.YWConversationManagerImpl@532dfc90
01-11 08:39:31.133: D/DataBaseUtils(7307): doContentResolverQueryWrapper uri=content://com.comtop.mim.aliwxprovider/atMessages
01-11 08:39:31.137: D/WxConversationFragment@kiked off(7307):  WXAPI.getInstance(): com.alibaba.mobileim.WXAPI@536859d8
01-11 08:39:31.141: D/WxConversationFragment@kiked off(7307):  WXAPI.getInstance().getLoginUserId(): 000150888cb0740c
01-11 08:39:31.141: D/WxConversationFragment@kiked off(7307):    WXAPI.getInstance().getConversationManager(): com.alibaba.mobileim.lib.presenter.conversation.YWConversationManagerImpl@532dfc90
01-11 08:39:31.145: D/WxConversationFragment@kiked off(7307):   WXAPI.getInstance().getConversationManager().getConversationList(): [com.alibaba.mobileim.lib.presenter.conversation.P2PConversation@5342b014, com.alibaba.mobileim.lib.presenter.conversation.P2PConversation@53319354, com.alibaba.mobileim.lib.presenter.conversation.P2PConversation@5331bc9c, com.alibaba.mobileim.lib.presenter.conversation.P2PConversation@532e877c, com.alibaba.mobileim.lib.presenter.conversation.P2PConversation@532e9ba4, com.alibaba.mobileim.lib.presenter.conversation.P2PConversation@532eb0a0, com.alibaba.mobileim.lib.presenter.conversation.P2PConversation@532ec4d0, com.alibaba.mobileim.lib.presenter.conversation.P2PConversation@532eda04, com.alibaba.mobileim.lib.presenter.conversation.TribeConversation@532ef164]
01-11 08:39:31.149: D/WxConversationFragment@kiked off(7307):  mConversations: [com.alibaba.mobileim.lib.presenter.conversation.P2PConversation@5342b014, com.alibaba.mobileim.lib.presenter.conversation.P2PConversation@53319354, com.alibaba.mobileim.lib.presenter.conversation.P2PConversation@5331bc9c, com.alibaba.mobileim.lib.presenter.conversation.P2PConversation@532e877c, com.alibaba.mobileim.lib.presenter.conversation.P2PConversation@532e9ba4, com.alibaba.mobileim.lib.presenter.conversation.P2PConversation@532eb0a0, com.alibaba.mobileim.lib.presenter.conversation.P2PConversation@532ec4d0, com.alibaba.mobileim.lib.presenter.conversation.P2PConversation@532eda04, com.alibaba.mobileim.lib.presenter.conversation.TribeConversation@532ef164]
01-11 08:39:31.149: D/WxConversationFragment@kiked off(7307):   mConversations.hashCode(): 7f6a8eb3
01-11 08:39:31.149: D/WxConversationFragment@kiked off(7307):   WXAPI.getInstance().getConversationManager().getConversationList().hashCode(): 7f6a8eb3
01-11 08:39:31.153: D/DataBaseUtils(7307): doContentResolverQueryWrapper uri=content://com.comtop.mim.aliwxprovider/atMessages
01-11 08:39:31.157: I/YWConversationManagerImpl(7307): removeConversationListener
01-11 08:39:31.157: I/YWConversationManagerImpl(7307): addConversationListener
01-11 08:39:31.189: W/EGL_genymotion(7307): eglSurfaceAttrib not implemented
01-11 08:39:31.189: D/YWContactManagerImpl(7307): getContactProfileInfo userId=000150888cb0740c appkey=23232985
01-11 08:39:31.189: I/IMProfileCacheUtil(7307): getDefaultProfileCallback
01-11 08:39:31.189: I/IMProfileCacheUtil(7307): geDefaultCrossProfileCallback
01-11 08:39:31.189: D/YWContactManagerImpl(7307): defaultCallbak called
01-11 08:39:31.189: D/YWContactManagerImpl(7307): result nick=118 headUrl=http://7xn4wo.com1.z0.glb.clouddn.com/user/avatar/000150888cb0740c?1437897406181 appkey=null
01-11 08:39:31.189: D/YWContactManagerImpl(7307): getContactProfileInfo userId=000150888cb0740c appkey=23232985
01-11 08:39:31.189: I/IMProfileCacheUtil(7307): getDefaultProfileCallback
01-11 08:39:31.189: I/IMProfileCacheUtil(7307): geDefaultCrossProfileCallback
01-11 08:39:31.189: D/YWContactManagerImpl(7307): defaultCallbak called
01-11 08:39:31.189: D/YWContactManagerImpl(7307): result nick=118 headUrl=http://7xn4wo.com1.z0.glb.clouddn.com/user/avatar/000150888cb0740c?1437897406181 appkey=null
01-11 08:39:31.201: D/WxPerf(7307): getview time:11
01-11 08:39:31.201: D/YWContactManagerImpl(7307): getContactProfileInfo userId=000150888766a901 appkey=23232985
01-11 08:39:31.201: I/IMProfileCacheUtil(7307): getDefaultProfileCallback
01-11 08:39:31.201: I/IMProfileCacheUtil(7307): geDefaultCrossProfileCallback
01-11 08:39:31.201: D/YWContactManagerImpl(7307): defaultCallbak called
01-11 08:39:31.201: D/YWContactManagerImpl(7307): result nick=3333 headUrl=http://7xn4wo.com1.z0.glb.clouddn.com/user/avatar/000150888766a901?1445913912.753282 appkey=null
01-11 08:39:31.205: D/YWContactManagerImpl(7307): getContactProfileInfo userId=000150888766a901 appkey=23232985
01-11 08:39:31.205: I/IMProfileCacheUtil(7307): getDefaultProfileCallback
01-11 08:39:31.205: I/IMProfileCacheUtil(7307): geDefaultCrossProfileCallback
01-11 08:39:31.205: D/YWContactManagerImpl(7307): defaultCallbak called
01-11 08:39:31.205: D/YWContactManagerImpl(7307): result nick=3333 headUrl=http://7xn4wo.com1.z0.glb.clouddn.com/user/avatar/000150888766a901?1445913912.753282 appkey=null
01-11 08:39:31.205: D/WxPerf(7307): getview time:1
01-11 08:39:31.205: D/YWContactManagerImpl(7307): getContactProfileInfo userId=000150891d9b8d37 appkey=23232985
01-11 08:39:31.205: I/IMProfileCacheUtil(7307): getDefaultProfileCallback
01-11 08:39:31.205: I/IMProfileCacheUtil(7307): geDefaultCrossProfileCallback
01-11 08:39:31.205: D/YWContactManagerImpl(7307): defaultCallbak called
01-11 08:39:31.205: D/YWContactManagerImpl(7307): result nick=chenxiaolong headUrl=http://7xn4wo.com1.z0.glb.clouddn.com/user/avatar/000150891d9b8d37?t=1452481883.385806 appkey=null
01-11 08:39:31.205: D/YWContactManagerImpl(7307): getContactProfileInfo userId=000150891d9b8d37 appkey=23232985
01-11 08:39:31.205: I/IMProfileCacheUtil(7307): getDefaultProfileCallback
01-11 08:39:31.205: I/IMProfileCacheUtil(7307): geDefaultCrossProfileCallback
01-11 08:39:31.205: D/YWContactManagerImpl(7307): defaultCallbak called
01-11 08:39:31.205: D/YWContactManagerImpl(7307): result nick=chenxiaolong headUrl=http://7xn4wo.com1.z0.glb.clouddn.com/user/avatar/000150891d9b8d37?t=1452481883.385806 appkey=null
01-11 08:39:31.205: D/WxPerf(7307): getview time:0
01-11 08:39:31.205: D/YWContactManagerImpl(7307): getContactProfileInfo userId=00015089328c5855 appkey=23232985
01-11 08:39:31.205: I/IMProfileCacheUtil(7307): getDefaultProfileCallback
01-11 08:39:31.205: I/IMProfileCacheUtil(7307): geDefaultCrossProfileCallback
01-11 08:39:31.205: D/YWContactManagerImpl(7307): defaultCallbak called
01-11 08:39:31.205: D/YWContactManagerImpl(7307): result nick=B90 headUrl=http://7xn4wo.com1.z0.glb.clouddn.com/user/avatar/00015089328c5855?1452049200418 appkey=null
01-11 08:39:31.205: D/YWContactManagerImpl(7307): getContactProfileInfo userId=00015089328c5855 appkey=23232985
01-11 08:39:31.205: I/IMProfileCacheUtil(7307): getDefaultProfileCallback
01-11 08:39:31.205: I/IMProfileCacheUtil(7307): geDefaultCrossProfileCallback
01-11 08:39:31.205: D/YWContactManagerImpl(7307): defaultCallbak called
01-11 08:39:31.205: D/YWContactManagerImpl(7307): result nick=B90 headUrl=http://7xn4wo.com1.z0.glb.clouddn.com/user/avatar/00015089328c5855?1452049200418 appkey=null
01-11 08:39:31.205: D/WxPerf(7307): getview time:1
01-11 08:39:31.205: D/YWContactManagerImpl(7307): getContactProfileInfo userId=0001520bb684d807 appkey=23232985
01-11 08:39:31.205: I/IMProfileCacheUtil(7307): getDefaultProfileCallback
01-11 08:39:31.205: I/IMProfileCacheUtil(7307): geDefaultCrossProfileCallback
01-11 08:39:31.205: D/YWContactManagerImpl(7307): defaultCallbak called
01-11 08:39:31.205: D/YWContactManagerImpl(7307): result nick= headUrl= appkey=null
01-11 08:39:31.205: D/YWContactManagerImpl(7307): getContactProfileInfo userId=0001520bb684d807 appkey=23232985
01-11 08:39:31.205: I/IMProfileCacheUtil(7307): getDefaultProfileCallback
01-11 08:39:31.205: I/IMProfileCacheUtil(7307): geDefaultCrossProfileCallback
01-11 08:39:31.205: D/YWContactManagerImpl(7307): defaultCallbak called
01-11 08:39:31.205: D/YWContactManagerImpl(7307): result nick= headUrl= appkey=null
01-11 08:39:31.205: D/WxPerf(7307): getview time:0
01-11 08:39:31.205: D/YWContactManagerImpl(7307): getContactProfileInfo userId=000151c8cf92b302@ps appkey=23232985
01-11 08:39:31.205: I/IMProfileCacheUtil(7307): getDefaultProfileCallback
01-11 08:39:31.205: I/IMProfileCacheUtil(7307): geDefaultCrossProfileCallback
01-11 08:39:31.205: D/YWContactManagerImpl(7307): defaultCallbak called
01-11 08:39:31.205: D/YWContactManagerImpl(7307): result nick=1 headUrl= appkey=null
01-11 08:39:31.205: D/YWContactManagerImpl(7307): getContactProfileInfo userId=000151c8cf92b302@ps appkey=23232985
01-11 08:39:31.205: I/IMProfileCacheUtil(7307): getDefaultProfileCallback
01-11 08:39:31.205: I/IMProfileCacheUtil(7307): geDefaultCrossProfileCallback
01-11 08:39:31.205: D/YWContactManagerImpl(7307): defaultCallbak called
01-11 08:39:31.205: D/YWContactManagerImpl(7307): result nick=1 headUrl= appkey=null
01-11 08:39:31.297: D/WxPerf(7307): getview time:88
01-11 08:39:31.301: D/YWContactManagerImpl(7307): getContactProfileInfo userId=000151ae88e0f002@ps appkey=23232985
01-11 08:39:31.301: I/IMProfileCacheUtil(7307): getDefaultProfileCallback
01-11 08:39:31.305: I/IMProfileCacheUtil(7307): geDefaultCrossProfileCallback
01-11 08:39:31.305: D/YWContactManagerImpl(7307): defaultCallbak called
01-11 08:39:31.305: D/YWContactManagerImpl(7307): result nick= headUrl= appkey=null
01-11 08:39:31.309: D/YWContactManagerImpl(7307): getContactProfileInfo userId=000151ae88e0f002@ps appkey=23232985
01-11 08:39:31.313: I/IMProfileCacheUtil(7307): getDefaultProfileCallback
01-11 08:39:31.313: I/IMProfileCacheUtil(7307): geDefaultCrossProfileCallback
01-11 08:39:31.317: D/YWContactManagerImpl(7307): defaultCallbak called
01-11 08:39:31.317: D/YWContactManagerImpl(7307): result nick= headUrl= appkey=null
01-11 08:39:31.321: D/WxPerf(7307): getview time:20
01-11 08:39:31.325: D/YWContactManagerImpl(7307): getContactProfileInfo userId=000151c8cebe2200@ps appkey=23232985
01-11 08:39:31.325: I/IMProfileCacheUtil(7307): getDefaultProfileCallback
01-11 08:39:31.329: I/IMProfileCacheUtil(7307): geDefaultCrossProfileCallback
01-11 08:39:31.329: D/YWContactManagerImpl(7307): defaultCallbak called
01-11 08:39:31.333: D/YWContactManagerImpl(7307): result nick= headUrl= appkey=null
01-11 08:39:31.333: D/YWContactManagerImpl(7307): getContactProfileInfo userId=000151c8cebe2200@ps appkey=23232985
01-11 08:39:31.333: I/IMProfileCacheUtil(7307): getDefaultProfileCallback
01-11 08:39:31.333: I/IMProfileCacheUtil(7307): geDefaultCrossProfileCallback
01-11 08:39:31.337: D/YWContactManagerImpl(7307): defaultCallbak called
01-11 08:39:31.337: D/YWContactManagerImpl(7307): result nick= headUrl= appkey=null
01-11 08:39:31.345: D/WxPerf(7307): getview time:20
01-11 08:39:31.621: E/Genymotion(415): Could not open '/sys/class/power_supply/genymotion_fake_path/present'
01-11 08:39:31.709: D/IMChannel(7307): onActivityStopped:ui.PersonInfoActivity
01-11 08:39:31.709: D/IMChannel(7307): onActivityDestroyed:ui.PersonInfoActivity
01-11 08:39:31.709: D/may(7307): ====>onDestroy: PersonInfoActivity
01-11 08:39:32.693: I/YWConversationManagerImpl(7307): removeConversationListener
01-11 08:39:32.697: D/myg(7307): start watch!
01-11 08:39:32.697: D/myg(7307): com.squareup.leakcanary.RefWatcher
01-11 08:39:32.701: D/YWContactManagerImpl(7307): removeProfileUpdateListener = com.alibaba.mobileim.kit.conversation.ConversationAdapter@5380f8cc
01-11 08:39:32.705: I/YWAccount(7307): removeConnectionListener 
01-11 08:39:32.705: I/WxConversationFragment(7307): ondestroy
01-11 08:39:32.705: I/YWConversationManagerImpl(7307): removeConversationListener
01-11 08:39:32.709: D/myg(7307): start watch!
01-11 08:39:32.717: D/myg(7307): com.squareup.leakcanary.RefWatcher
01-11 08:39:32.809: D/may(7307): App--->getUserInfo(), mUser: com.comtop.mim.model.UserInfo@533ab900
01-11 08:39:32.809: D/may(7307): locale: en_US
01-11 08:39:32.809: D/may(7307): App--->getUserInfo(), mUser: com.comtop.mim.model.UserInfo@533ab900
01-11 08:39:32.813: D/AbsHttpRequestResolver(7307): http://msp.szcomtop.com:6888/msp-cas/router?
01-11 08:39:32.813: I/System.out(7307): ---->sign=E72191193269518DB7D951C568FB407F15CF8B17
01-11 08:39:32.813: I/System.out(7307): ---->timestamp=1452501574312
01-11 08:39:32.813: I/System.out(7307): ---->v=1.0
01-11 08:39:32.813: I/System.out(7307): ---->nonce=1452501574312
01-11 08:39:32.813: I/System.out(7307): ---->sessionId=2d310494-acda-436a-86ff-578cb8d2c2df
01-11 08:39:32.813: I/System.out(7307): ---->ownerId=000150888cb0740c
01-11 08:39:32.813: I/System.out(7307): ---->tag=
01-11 08:39:32.813: I/System.out(7307): ---->locale=en_US
01-11 08:39:32.813: I/System.out(7307): ---->method=friend.list
01-11 08:39:32.813: I/System.out(7307): ---->format=json
01-11 08:39:32.813: I/System.out(7307): ---->appKey=000150888cb0740c
01-11 08:39:32.813: D/may(7307): ---->&sign=E72191193269518DB7D951C568FB407F15CF8B17&timestamp=1452501574312&v=1.0&nonce=1452501574312&sessionId=2d310494-acda-436a-86ff-578cb8d2c2df&ownerId=000150888cb0740c&tag=&locale=en_US&method=friend.list&format=json&appKey=000150888cb0740c
01-11 08:39:32.861: D/may(7307): App--->getUserInfo(), mUser: com.comtop.mim.model.UserInfo@533ab900
01-11 08:39:32.861: D/may(7307): locale: en_US
01-11 08:39:32.861: D/may(7307): App--->getUserInfo(), mUser: com.comtop.mim.model.UserInfo@533ab900
01-11 08:39:32.865: D/AbsHttpRequestResolver(7307): http://msp.szcomtop.com:6888/msp-cas/router?
01-11 08:39:32.865: I/System.out(7307): ---->sign=B19E50CC59B29C375308C90552D7DAD59DFA47B3
01-11 08:39:32.865: I/System.out(7307): ---->timestamp=1452501574364
01-11 08:39:32.865: I/System.out(7307): ---->v=1.0
01-11 08:39:32.865: I/System.out(7307): ---->nonce=1452501574364
01-11 08:39:32.865: I/System.out(7307): ---->sessionId=2d310494-acda-436a-86ff-578cb8d2c2df
01-11 08:39:32.865: I/System.out(7307): ---->ownerId=000150888cb0740c
01-11 08:39:32.865: I/System.out(7307): ---->tag=
01-11 08:39:32.865: I/System.out(7307): ---->locale=en_US
01-11 08:39:32.865: I/System.out(7307): ---->method=friend.list
01-11 08:39:32.865: I/System.out(7307): ---->format=json
01-11 08:39:32.865: I/System.out(7307): ---->appKey=000150888cb0740c
01-11 08:39:32.865: D/may(7307): ---->&sign=B19E50CC59B29C375308C90552D7DAD59DFA47B3&timestamp=1452501574364&v=1.0&nonce=1452501574364&sessionId=2d310494-acda-436a-86ff-578cb8d2c2df&ownerId=000150888cb0740c&tag=&locale=en_US&method=friend.list&format=json&appKey=000150888cb0740c
01-11 08:39:32.925: I/HttpRequestResolveImpl(7307): result parser is:com.comtop.mim.parser.AppDefaultJSONParser
01-11 08:39:32.925: D/HttpRequestResolveImpl(7307): result class is: com.comtop.mim.result.FriendListResult
01-11 08:39:32.925: D/AppCommJSONParser(7307): ---->result: FriendListResult, {"users":[{"createDate":"2015-10-21 15:00:02","updateDate":"2016-01-06 11:00:01","userId":"00015089328c5855","nick":"B90","avatarId":"http://7xn4wo.com1.z0.glb.clouddn.com/user/avatar/00015089328c5855?1452049200418","phone":"13000000000","gender":"0"},{"createDate":"2015-10-28 11:16:33","updateDate":"2015-10-29 14:28:44","userId":"000150ac7275465f8","nick":"B81","avatarId":"","phone":"13011111111","gender":"0"}],"deletedUsers":[{"createDate":"2015-10-21 11:53:06","updateDate":"2016-01-11 15:09:11","userId":"000150888766a901","nick":"3333","account":"meixiaoliang","avatarId":"http://7xn4wo.com1.z0.glb.clouddn.com/user/avatar/000150888766a901?1445913912.753282","phone":"13691637112","gender":"2"},{"createDate":"2015-10-23 15:43:32","updateDate":"2015-11-10 16:03:40","userId":"00015093a71819be","nick":"119","avatarId":"","phone":"13691637119","gender":"0"}],"tag":1452501281000}
01-11 08:39:32.929: D/HttpRequestResolveImpl(7307): handle send message.
01-11 08:39:32.933: D/AsyncTaskLoader(7307): callback: com.comtop.cmf.framework.net.impl.AsyncTaskCallbackProxy@5348080c, onPost result: com.comtop.mim.result.FriendListResult
01-11 08:39:32.973: I/HttpRequestResolveImpl(7307): result parser is:com.comtop.mim.parser.AppDefaultJSONParser
01-11 08:39:32.973: D/HttpRequestResolveImpl(7307): result class is: com.comtop.mim.result.FriendListResult
01-11 08:39:32.973: D/AppCommJSONParser(7307): ---->result: FriendListResult, {"users":[{"createDate":"2015-10-21 15:00:02","updateDate":"2016-01-06 11:00:01","userId":"00015089328c5855","nick":"B90","avatarId":"http://7xn4wo.com1.z0.glb.clouddn.com/user/avatar/00015089328c5855?1452049200418","phone":"13000000000","gender":"0"},{"createDate":"2015-10-28 11:16:33","updateDate":"2015-10-29 14:28:44","userId":"000150ac7275465f8","nick":"B81","avatarId":"","phone":"13011111111","gender":"0"}],"deletedUsers":[{"createDate":"2015-10-21 11:53:06","updateDate":"2016-01-11 15:09:11","userId":"000150888766a901","nick":"3333","account":"meixiaoliang","avatarId":"http://7xn4wo.com1.z0.glb.clouddn.com/user/avatar/000150888766a901?1445913912.753282","phone":"13691637112","gender":"2"},{"createDate":"2015-10-23 15:43:32","updateDate":"2015-11-10 16:03:40","userId":"00015093a71819be","nick":"119","avatarId":"","phone":"13691637119","gender":"0"}],"tag":1452501281000}
01-11 08:39:32.977: D/HttpRequestResolveImpl(7307): handle send message.
01-11 08:39:32.981: D/AsyncTaskLoader(7307): callback: com.comtop.cmf.framework.net.impl.AsyncTaskCallbackProxy@5348080c, onPost result: com.comtop.mim.result.FriendListResult
01-11 08:39:34.341: I/ActivityManager(415): START u0 {cmp=com.comtop.mim/.ui.FriendAddActivity} from pid 7307
01-11 08:39:34.401: D/dalvikvm(415): GC_FOR_ALLOC freed 855K, 49% free 6375K/12492K, paused 12ms, total 12ms
01-11 08:39:34.413: D/IMChannel(7307): onActivityPaused:ui.MainActivity
01-11 08:39:34.413: D/IMChannel(7307): onActivityCreated:ui.FriendAddActivity
01-11 08:39:34.429: D/IMChannel(7307): onActivityStarted:ui.FriendAddActivity
01-11 08:39:34.429: D/IMChannel(7307): onActivityResumed:ui.FriendAddActivity
01-11 08:39:34.433: I/Native(7307): InetIO_SetForeground 1
01-11 08:39:34.437: D/PersistManager(7307): get, list properties.
01-11 08:39:34.437: D/PersistManager(7307): key:XPUSH_SDK_INFO_V2 value:{"com.comtop.mim":"{\"clientPriority\":14464800,\"disable\":false,\"regTime\":1452482452371,\"callCount\":1,\"appKey\":\"23232985\"}"}
01-11 08:39:34.441: D/PersistManager(7307): key:push_tcms_client_id_key value:a0no8sfisy024rei
01-11 08:39:34.441: D/PersistManager(7307): key:push_heart_freq_key value:{"\"WiredSSID\"":274}
01-11 08:39:34.441: D/PersistManager(7307): key:push_device_id_key_v1 value:a0no8sfi8940386a___voc4gl5ytrdkt6uz
01-11 08:39:34.445: D/TCMSService(7342): onStart----
01-11 08:39:34.449: D/TCMSService(7342): onHandleIntent, ------- command=xpushnative://xpush/clearWearyCheck?
01-11 08:39:34.449: D/TCMSService(7342): clearWearyCheck
01-11 08:39:34.497: D/dalvikvm(7307): GC_CONCURRENT freed 2896K, 20% free 15394K/19048K, paused 10ms+2ms, total 33ms
01-11 08:39:34.509: W/EGL_genymotion(7307): eglSurfaceAttrib not implemented
01-11 08:39:34.549: I/ActivityManager(415): Displayed com.comtop.mim/.ui.FriendAddActivity: +135ms
01-11 08:39:34.549: V/InputMethodService(733): onEvaluateInputViewShown: config.hardKeyboardHidden = 1
01-11 08:39:34.549: V/InputMethodService(733): onEvaluateInputViewShown: config.hardKeyboardHidden = 1
01-11 08:39:34.885: D/IMChannel(7307): onActivityStopped:ui.MainActivity
01-11 08:39:34.885: D/dalvikvm(7307): TRACE stop requested, but not running
01-11 08:39:36.449: D/dalvikvm(733): GC_CONCURRENT freed 386K, 16% free 2656K/3160K, paused 1ms+0ms, total 4ms
01-11 08:39:36.621: E/Genymotion(415): Could not open '/sys/class/power_supply/genymotion_fake_path/present'
01-11 08:39:37.649: D/may(7307): locale: en_US
01-11 08:39:37.649: D/may(7307): App--->getUserInfo(), mUser: com.comtop.mim.model.UserInfo@533ab900
01-11 08:39:37.653: D/AbsHttpRequestResolver(7307): http://msp.szcomtop.com:6888/msp-cas/router?
01-11 08:39:37.657: I/System.out(7307): ---->sign=16858530C40220A4E2A45B63E01102D064B5BB8A
01-11 08:39:37.657: I/System.out(7307): ---->timestamp=1452501579151
01-11 08:39:37.657: I/System.out(7307): ---->v=1.0
01-11 08:39:37.657: I/System.out(7307): ---->nonce=1452501579151
01-11 08:39:37.661: I/System.out(7307): ---->sessionId=2d310494-acda-436a-86ff-578cb8d2c2df
01-11 08:39:37.661: I/System.out(7307): ---->ownerId=000150888cb0740c
01-11 08:39:37.661: W/genymotion_audio(132): out_write() limiting sleep time 44149 to 23219
01-11 08:39:37.665: I/System.out(7307): ---->locale=en_US
01-11 08:39:37.665: I/System.out(7307): ---->keyword=112
01-11 08:39:37.665: I/System.out(7307): ---->method=friend.discover
01-11 08:39:37.669: I/System.out(7307): ---->format=json
01-11 08:39:37.669: I/System.out(7307): ---->appKey=000150888cb0740c
01-11 08:39:37.669: D/may(7307): ---->&sign=16858530C40220A4E2A45B63E01102D064B5BB8A&timestamp=1452501579151&v=1.0&nonce=1452501579151&sessionId=2d310494-acda-436a-86ff-578cb8d2c2df&ownerId=000150888cb0740c&locale=en_US&keyword=112&method=friend.discover&format=json&appKey=000150888cb0740c
01-11 08:39:37.685: W/genymotion_audio(132): out_write() limiting sleep time 55759 to 23219
01-11 08:39:37.709: W/genymotion_audio(132): out_write() limiting sleep time 47369 to 23219
01-11 08:39:37.721: W/EGL_genymotion(7307): eglSurfaceAttrib not implemented
01-11 08:39:37.733: W/genymotion_audio(132): out_write() limiting sleep time 28979 to 23219
01-11 08:39:37.753: I/HttpRequestResolveImpl(7307): result parser is:com.comtop.mim.parser.AppDefaultJSONParser
01-11 08:39:37.753: D/HttpRequestResolveImpl(7307): result class is: com.comtop.mim.result.FriendSearchResult
01-11 08:39:37.753: D/AppCommJSONParser(7307): ---->result: FriendSearchResult, {"users":[{"createDate":"2015-10-21 11:53:06","updateDate":"2016-01-11 15:09:11","userId":"000150888766a901","nick":"3333","account":"meixiaoliang","avatarId":"http://7xn4wo.com1.z0.glb.clouddn.com/user/avatar/000150888766a901?1445913912.753282","phone":"13691637112","gender":"2"},{"createDate":"2015-10-23 18:11:28","updateDate":"2015-10-26 14:20:05","userId":"000150942e84cd184","nick":"B812","avatarId":"http://7xn4wo.com1.z0.glb.clouddn.com/user/avatar/000150942e84cd184?1445840399.135180","phone":"13811112222","gender":"0"},{"createDate":"2015-10-23 18:12:30","updateDate":"2015-10-23 18:12:30","userId":"000150942f79c8187","name":"zhuduan","nick":"zhuduan","account":"zd","phone":"13811112221","gender":"2"},{"createDate":"2016-01-07 15:01:26","updateDate":"2016-01-07 15:01:26","userId":"0001521ae3d9ab2df","phone":"13511112222","gender":"2"},{"createDate":"2016-01-07 16:00:38","updateDate":"2016-01-07 16:00:38","userId":"0001521b1a0cb141e","phone":"13311112222","gender":"2"}],"deletedUsers":null,"tag":0}
01-11 08:39:37.769: D/HttpRequestResolveImpl(7307): handle send message.
01-11 08:39:37.769: D/AsyncTaskLoader(7307): callback: com.comtop.cmf.framework.net.impl.AsyncTaskCallbackProxy@5349daa0, onPost result: com.comtop.mim.result.FriendSearchResult
01-11 08:39:38.929: I/ActivityManager(415): START u0 {cmp=com.comtop.mim/.ui.FriendAddCommentActivity} from pid 7307
01-11 08:39:39.005: D/IMChannel(7307): onActivityPaused:ui.FriendAddActivity
01-11 08:39:39.013: D/IMChannel(7307): onActivityCreated:ui.FriendAddCommentActivity
01-11 08:39:39.029: D/IMChannel(7307): onActivityStarted:ui.FriendAddCommentActivity
01-11 08:39:39.033: D/IMChannel(7307): onActivityResumed:ui.FriendAddCommentActivity
01-11 08:39:39.033: I/Native(7307): InetIO_SetForeground 1
01-11 08:39:39.037: D/PersistManager(7307): get, list properties.
01-11 08:39:39.041: D/PersistManager(7307): key:XPUSH_SDK_INFO_V2 value:{"com.comtop.mim":"{\"clientPriority\":14464800,\"disable\":false,\"regTime\":1452482452371,\"callCount\":1,\"appKey\":\"23232985\"}"}
01-11 08:39:39.041: D/PersistManager(7307): key:push_tcms_client_id_key value:a0no8sfisy024rei
01-11 08:39:39.045: D/PersistManager(7307): key:push_heart_freq_key value:{"\"WiredSSID\"":274}
01-11 08:39:39.045: D/PersistManager(7307): key:push_device_id_key_v1 value:a0no8sfi8940386a___voc4gl5ytrdkt6uz
01-11 08:39:39.049: D/TCMSService(7342): onStart----
01-11 08:39:39.053: D/TCMSService(7342): onHandleIntent, ------- command=xpushnative://xpush/clearWearyCheck?
01-11 08:39:39.053: D/TCMSService(7342): clearWearyCheck
01-11 08:39:39.061: D/dalvikvm(415): GC_CONCURRENT freed 890K, 49% free 6388K/12492K, paused 5ms+29ms, total 72ms
01-11 08:39:39.085: W/SpellChecker(7307): Trying to spellcheck invalid region, from 0 to 2
01-11 08:39:39.125: W/EGL_genymotion(7307): eglSurfaceAttrib not implemented
01-11 08:39:39.129: V/InputMethodService(733): onEvaluateInputViewShown: config.hardKeyboardHidden = 1
01-11 08:39:39.129: V/InputMethodService(733): onEvaluateInputViewShown: config.hardKeyboardHidden = 1
01-11 08:39:39.193: I/ActivityManager(415): Displayed com.comtop.mim/.ui.FriendAddCommentActivity: +187ms
01-11 08:39:39.509: D/IMChannel(7307): onActivityStopped:ui.FriendAddActivity
01-11 08:39:40.865: E/BinaryDictionaryGetter(733): Could not find a dictionary pack
01-11 08:39:40.865: E/ActivityThread(733): Failed to find provider info for com.android.inputmethod.latin.dictionarypack
01-11 08:39:41.621: E/Genymotion(415): Could not open '/sys/class/power_supply/genymotion_fake_path/present'
01-11 08:39:46.625: E/Genymotion(415): Could not open '/sys/class/power_supply/genymotion_fake_path/present'
01-11 08:39:46.941: W/genymotion_audio(132): out_write() limiting sleep time 44149 to 23219
01-11 08:39:46.965: W/genymotion_audio(132): out_write() limiting sleep time 55759 to 23219
01-11 08:39:46.977: D/IMChannel(7307): onActivityPaused:ui.FriendAddCommentActivity
01-11 08:39:46.989: D/may(7307): locale: en_US
01-11 08:39:46.989: D/may(7307): App--->getUserInfo(), mUser: com.comtop.mim.model.UserInfo@533ab900
01-11 08:39:46.989: W/genymotion_audio(132): out_write() limiting sleep time 47369 to 23219
01-11 08:39:46.993: D/AbsHttpRequestResolver(7307): http://msp.szcomtop.com:6888/msp-cas/router?
01-11 08:39:46.997: I/System.out(7307): ---->sign=B3888A49C548D0940403FFEEA760C399F78BBBBE
01-11 08:39:47.001: I/System.out(7307): ---->timestamp=1452501588491
01-11 08:39:47.001: I/System.out(7307): ---->v=1.0
01-11 08:39:47.001: I/System.out(7307): ---->nonce=1452501588491
01-11 08:39:47.005: I/System.out(7307): ---->sessionId=2d310494-acda-436a-86ff-578cb8d2c2df
01-11 08:39:47.005: I/System.out(7307): ---->toUserId=000150888766a901
01-11 08:39:47.005: I/System.out(7307): ---->locale=en_US
01-11 08:39:47.013: I/System.out(7307): ---->method=friend.apply.send
01-11 08:39:47.013: I/System.out(7307): ---->format=json
01-11 08:39:47.013: I/System.out(7307): ---->fromUserId=000150888cb0740c
01-11 08:39:47.013: I/System.out(7307): ---->comment=ooooooooooooooooo
01-11 08:39:47.013: W/genymotion_audio(132): out_write() limiting sleep time 28979 to 23219
01-11 08:39:47.017: I/System.out(7307): ---->appKey=000150888cb0740c
01-11 08:39:47.021: D/may(7307): ---->&sign=B3888A49C548D0940403FFEEA760C399F78BBBBE&timestamp=1452501588491&v=1.0&nonce=1452501588491&sessionId=2d310494-acda-436a-86ff-578cb8d2c2df&toUserId=000150888766a901&locale=en_US&method=friend.apply.send&format=json&fromUserId=000150888cb0740c&comment=ooooooooooooooooo&appKey=000150888cb0740c
01-11 08:39:47.021: D/IMChannel(7307): onActivityStarted:ui.FriendAddActivity
01-11 08:39:47.021: D/IMChannel(7307): onActivityResumed:ui.FriendAddActivity
01-11 08:39:47.021: I/Native(7307): InetIO_SetForeground 1
01-11 08:39:47.025: D/PersistManager(7307): get, list properties.
01-11 08:39:47.029: D/PersistManager(7307): key:XPUSH_SDK_INFO_V2 value:{"com.comtop.mim":"{\"clientPriority\":14464800,\"disable\":false,\"regTime\":1452482452371,\"callCount\":1,\"appKey\":\"23232985\"}"}
01-11 08:39:47.029: D/PersistManager(7307): key:push_tcms_client_id_key value:a0no8sfisy024rei
01-11 08:39:47.029: D/PersistManager(7307): key:push_heart_freq_key value:{"\"WiredSSID\"":274}
01-11 08:39:47.029: D/PersistManager(7307): key:push_device_id_key_v1 value:a0no8sfi8940386a___voc4gl5ytrdkt6uz
01-11 08:39:47.053: D/TCMSService(7342): onStart----
01-11 08:39:47.053: D/TCMSService(7342): onHandleIntent, ------- command=xpushnative://xpush/clearWearyCheck?
01-11 08:39:47.053: D/TCMSService(7342): clearWearyCheck
01-11 08:39:47.085: W/EGL_genymotion(7307): eglSurfaceAttrib not implemented
01-11 08:39:47.105: I/HttpRequestResolveImpl(7307): result parser is:com.comtop.mim.parser.AppDefaultJSONParser
01-11 08:39:47.105: D/HttpRequestResolveImpl(7307): result class is: com.comtop.mim.result.FriendApplySendResult
01-11 08:39:47.105: D/AppCommJSONParser(7307): ---->result: FriendApplySendResult, {"successful":true}
01-11 08:39:47.105: D/HttpRequestResolveImpl(7307): handle send message.
01-11 08:39:47.113: W/EGL_genymotion(7307): eglSurfaceAttrib not implemented
01-11 08:39:47.181: D/AsyncTaskLoader(7307): callback: com.comtop.cmf.framework.net.impl.AsyncTaskCallbackProxy@5349daa0, onPost result: com.comtop.mim.result.FriendApplySendResult
01-11 08:39:47.317: I/tcminetimpl@native@tcms@msg@recvbytes(7342): 406,fd=44,bufsize=406
01-11 08:39:47.317: I/SccomHelper@native(7342): 
01-11 08:39:47.317: I/tcminetimpl@native@tcms@msg(7342): SaveRspMsg,interface=wx,method=s,seqid=0,sessionId=2,cmdtype=2
01-11 08:39:47.317: I/jni/inet/android/native/common/calljava.cpp(7342): resetRTCWakeup
01-11 08:39:47.321: I/TcmInet@native@tcms(7342): INetImpl::GetMsg, seqid=0,interface=wx,method=s, errcode=0,msgtype=2
01-11 08:39:47.321: W/JNIUtil(7342): resetRTCWakeup
01-11 08:39:47.321: D/XPushJNI@Native(7342): com_alibaba_tcms_service_TCMPush_getHeartbeatInterval
01-11 08:39:47.325: I/TcmInet@native@tcms(7342): clientServiceThrFunc get one notify,interface=wx, method=s, sessionId=2, seqid=0
01-11 08:39:47.325: D/tcmsposix@native@tcms(7342): get a notify, sessionId:2, interface:wx, method:s, 
01-11 08:39:47.325: I/LocalSocketServer@native@tcms(7342): exitPoll
01-11 08:39:47.325: I/inetimpl@native@im@msg@recvbytes(7307): 386,fd=64,bufsize=386
01-11 08:39:47.325: I/inetimpl@native@im@msg@recv(7307): , seqid=0
01-11 08:39:47.325: I/inetimpl@native@im@msg(7307): SaveRspMsg,cmdid=0x1020010,seqid=0,cmdtype=1,compress=1,encrypted=-1202662264
01-11 08:39:47.325: I/imservice@native@im(7307): clientServiceThrFunc get one notify,cmdid=0x1020010,seqid=0
01-11 08:39:47.325: I/callback@native@im(7307): Notify
01-11 08:39:47.325: I/callback@native@im(7307): reserved:3
01-11 08:39:47.325: I/callback@native@im(7307): bizId:0, notifyAppId:0, uuid:6269105872443883287
01-11 08:39:47.325: D/InetIO(7307): doAction  cmdid16908304 NotifyAppId:0 bizId:0 uuid:6269105872443883287
01-11 08:39:47.325: D/InetPush(7307): InetPush:doAction, cmdid16908304 bizId:0dingdong:true uuid169083046269105872443883287
01-11 08:39:47.325: D/test(7307): cmdId response:16908304
01-11 08:39:47.325: I/InetPush(7307): msg coming!
01-11 08:39:47.325: I/openimprotocol@native(7307): ImNtfImmessage_unpackData
01-11 08:39:47.325: I/openimprotocol@native(7307): ImNtfImmessage_unpackData success!
01-11 08:39:47.325: I/InetPush(7307): msg coming! msg type16
01-11 08:39:47.325: I/InetPush(7307): imNtfImmessage.getMsgType() = 16
01-11 08:39:47.325: I/openimprotocol@native(7307): MessageBody_unpackData
01-11 08:39:47.325: D/MessageDispatcher(7307): onPushMessage uuid=169083046269105872443883287 dingdong=true appid=100817 msgCollectionType=0
01-11 08:39:47.325: D/MessageDispatcher(7307): broadCastMsgNotifyed msgid=169083046269105872443883287 appid=100817
01-11 08:39:47.353: I/im@im@msgrecv(7307): [MsgRecv-onPushMessage  id=idvj1r4l000150888766a901
01-11 08:39:47.353: D/MessageDispatcher(7307): onPushMessage, com.alibaba.mobileim.lib.presenter.conversation.ConversationManager@53297f28 is notified, dingdong=true.
01-11 08:39:47.353: D/MessageDispatcher(7307): onPushMessage bHandledtrue
01-11 08:39:47.353: I/openimprotocol@native(7307): MsgStatus_packData
01-11 08:39:47.353: I/openimprotocol@native(7307): MsgStatus_packData success!
01-11 08:39:47.353: I/openimprotocol@native(7307): MsgAck_packData
01-11 08:39:47.353: I/openimprotocol@native(7307): MsgAck_packData success!
01-11 08:39:47.353: I/openimprotocol@native(7307): ImReqSendimmessage_packData
01-11 08:39:47.353: I/openimprotocol@native(7307): ImReqSendimmessage_packData success!
01-11 08:39:47.353: D/InetIO(7307): asyncCall  cmdid16777249 appId:100817 bizId:0
01-11 08:39:47.353: I/Native(7307): InetIO_asyncCall
01-11 08:39:47.353: I/jni/inet/android/native/common/calljava.cpp(7307): nativeLog
01-11 08:39:47.353: W/imservice@native@im@msg@sendmynative(7307):  cmdid=0x1000021,seqid=29,timeout=10,appid=100817,bizid=0
01-11 08:39:47.353: I/nativeLog(7307): begin native log
01-11 08:39:47.353: I/im@imservice@native@im@msg@send(7307):  cmdid=0x1000021,seqid=29,timeout=10,appid=100817,bizid=0
01-11 08:39:47.369: I/imservice@native@im@msg@send(7307): , src paramdata.size=74
01-11 08:39:47.369: I/imservice@native@im@msg@send(7307): , bCommpress:1, dst paramdata.size=77
01-11 08:39:47.369: I/WXContext@idvj1r4l000150888cb0740c@login(7307): extrahead:idvj1r4l000150888cb0740c, reserved:1
01-11 08:39:47.369: I/inetimpl@native@im@msg(7307): PostMsg,cmdid=0x1000021,seqid=29,cmdtype=1,compress=1,encrypted=28
01-11 08:39:47.369: D/packagesize(7307): headerlen:52, bodylen:80, extraheadlen:24
01-11 08:39:47.377: I/WakeupAlarmManager(7342): alarm set rtc_wakeup 274000
01-11 08:39:47.377: I/TCMStaticDelegate(7342): call resetRTCWakeup
01-11 08:39:47.393: I/inetimpl@native@im@msg@sendbytes(7307): 138,fd=64,error=11
01-11 08:39:47.393: I/LocalSocketServer@native@tcms(7342): poll fd:47, event:1
01-11 08:39:47.393: I/tcminetimpl@native@tcms@msg(7342): PostMsg,interface=wx,method=s,seqid=35,sessionid:2,cmdtype=2,compress=0,encrypted=0
01-11 08:39:47.393: I/tcminetimpl@native@tcms(7342): postData2Server, seqid:35, data.len:155
01-11 08:39:47.393: I/tcminetimpl@native@tcms(7342): postData2Server, m_seqtsMap.len:0
