01-11 08:39:47.405: I/jni/inet/android/native/common/calljava.cpp(7307): nativeLog
01-11 08:39:47.409: W/inetimpl@native@im@msg@sendmynative(7307): . cmdid=0x1000021,seqid=29,timeout=3
01-11 08:39:47.409: I/nativeLog(7307): begin native log
01-11 08:39:47.409: I/im@inetimpl@native@im@msg@send(7307): . cmdid=0x1000021,seqid=29,timeout=3
01-11 08:39:47.413: I/InetPush(7307): reqConfirmMessage invalid
01-11 08:39:47.417: D/im@im@msgrecv(7307): [MsgRecv-createP2PConversation]createSimpleP2PConversationidvj1r4l000150888766a901
01-11 08:39:47.417: D/ConversationManager(7307): getTimeStamp, conversationIdidvj1r4l000150888766a901
01-11 08:39:47.421: D/im@im@msgrecv(7307): [MsgRecv-onPushMessage]timeStamp = 0 totalUnreadCount = 16
01-11 08:39:47.421: D/im@im@msgrecv(7307): [MsgRecv-onPushMessage]timeStamp = 0
01-11 08:39:47.421: I/im@im@msgrecv(7307): [MsgRecv-pushMessage]:{"customize":"{\"source\":{\"phone\":\"13691637118\",\"nick\":\"118\",\"avatarId\":\"http://7xn4wo.com1.z0.glb.clouddn.com/user/avatar/000150888cb0740c?1437897406181\",\"name\":null,\"userId\":\"000150888cb0740c\"},\"msgType\":\"event.friend.apply.sent\",\"comment\":\"ooooooooooooooooo\"}","header":{"summary":""}}
01-11 08:39:47.421: I/im@im@msgrecv(7307): , msgId = 6269105872443883287, msgTime = 1452501589
01-11 08:39:47.425: D/im@im@msgrecv(7307): [MsgRecv-pushMessage]on push message keyidvj1r4l000150888766a9016269105872443883287idvj1r4l000150888cb0740c existInCacheMsg=false msg.getSubtype=66
01-11 08:39:47.429: I/tcminetimpl@native@tcms@msg@sendbytes(7342): 155,fd=44,error=11
01-11 08:39:47.453: I/tcminetimpl@native@tcms@msg@recvbytes(7342): 85,fd=44,bufsize=85
01-11 08:39:47.453: I/SccomHelper@native(7342): 
01-11 08:39:47.453: I/tcminetimpl@native@tcms@msg(7342): SaveRspMsg,interface=wx,method=s,seqid=0,sessionId=2,cmdtype=2
01-11 08:39:47.453: I/TcmInet@native@tcms(7342): INetImpl::GetMsg, seqid=0,interface=wx,method=s, errcode=0,msgtype=2
01-11 08:39:47.453: I/TcmInet@native@tcms(7342): clientServiceThrFunc get one notify,interface=wx, method=s, sessionId=2, seqid=0
01-11 08:39:47.453: D/tcmsposix@native@tcms(7342): get a notify, sessionId:2, interface:wx, method:s, 
01-11 08:39:47.453: I/LocalSocketServer@native@tcms(7342): exitPoll
01-11 08:39:47.453: I/inetimpl@native@im@msg@recvbytes(7307): 68,fd=64,bufsize=68
01-11 08:39:47.453: I/inetimpl@native@im@msg@recv(7307): , seqid=29
01-11 08:39:47.453: I/inetimpl@native@im@msg(7307): SaveRspMsg,cmdid=0x1010021,seqid=29,cmdtype=0,compress=1,encrypted=-1204979504
01-11 08:39:47.453: I/jni/inet/android/native/common/calljava.cpp(7307): nativeLog
01-11 08:39:47.469: W/imservice@native@im@msg@recvmynative(7307): . rspret=0,cmdid=0x1000021,seqid=29
01-11 08:39:47.469: I/nativeLog(7307): begin native log
01-11 08:39:47.469: I/im@imservice@native@im@msg@recv(7307): . rspret=0,cmdid=0x1000021,seqid=29
01-11 08:39:47.473: D/MessageList(7307): message:Message{mMsgId=6269105872443883287, atFlag=0, direction=0, mContent='{"customize":"{\"source\":{\"phone\":\"13691637118\",\"nick\":\"118\",\"avatarId\":\"http://7xn4wo.com1.z0.glb.clouddn.com/user/avatar/000150888cb0740c?1437897406181\",\"name\":null,\"userId\":\"000150888cb0740c\"},\"msgType\":\"event.friend.apply.sent\",\"comment\":\"ooooooooooooooooo\"}","header":{"summary":""}}
01-11 08:39:47.473: D/MessageList(7307): ', mCvsId='idvj1r4l000150888766a901', isAtMsgAck=false, atMsgAckSendId='null', atMsgAckUUid='null', isAtMsgHasRead=false, mTime=1452501589, mAuthorId='idvj1r4l000150888cb0740c', mAuthorName='000150888cb0740c', atUserList=null}
01-11 08:39:47.477: D/MessageList@OriginalPic(7307): message.getMsgId() = 6269105872443883287message.getSubType() = 66
01-11 08:39:47.481: D/DataBaseUtils(7307): insertValue uri=content://com.comtop.mim.aliwxprovider/message List<IDBModel>
01-11 08:39:47.489: D/MessageList(7307): flag = true
01-11 08:39:47.493: D/im@im@msgrecv(7307): [MsgRecv-onPushMessage]onPushMessage Not counting unread, msgTime = 1452501589
01-11 08:39:47.501: D/Conversation@tribe(7307): unReadCount = -1
01-11 08:39:47.501: D/ConversationModel(7307): this.unReadCount = 0, unReadCount = 0
01-11 08:39:47.501: D/WXUtil(7307): broadCastUnReadMsgCount msgUnReadCount=16 pubPrivateMsgUnReadCount=0
01-11 08:39:47.505: D/Conversation@tribe(7307): bNotify:trueneedNotify:0
01-11 08:39:47.509: D/im@im@msgrecv(7307): [MsgRecv-updateConversation]bNotify:trueneedNotify:0
01-11 08:39:47.509: D/DataBaseUtils(7307): updateValue uri=content://com.comtop.mim.aliwxprovider/conversation ContentValues
01-11 08:39:47.517: I/YWUIAPI(7307): onPushMessage
01-11 08:39:47.517: D/may(7307): App--->getUserInfo(), mUser: com.comtop.mim.model.UserInfo@533ab900
01-11 08:39:47.521: D/may(7307): App--->getUserInfo(), mUser: com.comtop.mim.model.UserInfo@533ab900
01-11 08:39:47.521: D/IMChannel(7307): onActivityStopped:ui.FriendAddCommentActivity
01-11 08:39:47.533: D/IMChannel(7307): onActivityDestroyed:ui.FriendAddCommentActivity
01-11 08:39:47.533: D/may(7307): ====>onDestroy: FriendAddCommentActivity
01-11 08:39:48.649: D/dalvikvm(415): GC_FOR_ALLOC freed 657K, 49% free 6387K/12492K, paused 12ms, total 12ms
01-11 08:39:48.669: D/IMChannel(7307): onActivityPaused:ui.FriendAddActivity
01-11 08:39:48.673: D/IMChannel(7307): onActivityStarted:ui.MainActivity
01-11 08:39:48.673: D/IMChannel(7307): onActivityResumed:ui.MainActivity
01-11 08:39:48.673: I/Native(7307): InetIO_SetForeground 1
01-11 08:39:48.685: D/PersistManager(7307): get, list properties.
01-11 08:39:48.685: D/PersistManager(7307): key:XPUSH_SDK_INFO_V2 value:{"com.comtop.mim":"{\"clientPriority\":14464800,\"disable\":false,\"regTime\":1452482452371,\"callCount\":1,\"appKey\":\"23232985\"}"}
01-11 08:39:48.689: D/PersistManager(7307): key:push_tcms_client_id_key value:a0no8sfisy024rei
01-11 08:39:48.693: D/PersistManager(7307): key:push_heart_freq_key value:{"\"WiredSSID\"":274}
01-11 08:39:48.693: D/PersistManager(7307): key:push_device_id_key_v1 value:a0no8sfi8940386a___voc4gl5ytrdkt6uz
01-11 08:39:48.697: D/TCMSService(7342): onStart----
01-11 08:39:48.697: D/TCMSService(7342): onHandleIntent, ------- command=xpushnative://xpush/clearWearyCheck?
01-11 08:39:48.697: D/TCMSService(7342): clearWearyCheck
01-11 08:39:48.705: I/Native(7307): InetIO_ngetLoginState
01-11 08:39:48.705: I/Native(7307): current user idvj1r4l000150888cb0740c
01-11 08:39:48.713: I/EgoAccount.api(7307): getLoginState:3
01-11 08:39:48.713: D/may(7307): =====>im login state: success
01-11 08:39:48.713: I/Native(7307): InetIO_ngetLoginState
01-11 08:39:48.717: I/Native(7307): current user idvj1r4l000150888cb0740c
01-11 08:39:48.717: I/EgoAccount.api(7307): getLoginState:3
01-11 08:39:48.721: D/may(7307): ======>unread count: 16, service: com.alibaba.mobileim.lib.presenter.conversation.YWConversationManagerImpl@532dfc90
01-11 08:39:48.745: W/EGL_genymotion(7307): eglSurfaceAttrib not implemented
01-11 08:39:48.745: D/may(7307): App--->getUserInfo(), mUser: com.comtop.mim.model.UserInfo@533ab900
01-11 08:39:48.749: D/may(7307): locale: en_US
01-11 08:39:48.749: D/may(7307): App--->getUserInfo(), mUser: com.comtop.mim.model.UserInfo@533ab900
01-11 08:39:48.753: D/AbsHttpRequestResolver(7307): http://msp.szcomtop.com:6888/msp-cas/router?
01-11 08:39:48.753: I/System.out(7307): ---->sign=7F942BA21C4267081C9BE713C9C26FEA9BFD80AE
01-11 08:39:48.757: I/System.out(7307): ---->timestamp=1452501590252
01-11 08:39:48.757: I/System.out(7307): ---->v=1.0
01-11 08:39:48.761: I/System.out(7307): ---->nonce=1452501590252
01-11 08:39:48.761: I/System.out(7307): ---->sessionId=2d310494-acda-436a-86ff-578cb8d2c2df
01-11 08:39:48.765: I/System.out(7307): ---->ownerId=000150888cb0740c
01-11 08:39:48.765: I/System.out(7307): ---->tag=
01-11 08:39:48.765: I/System.out(7307): ---->locale=en_US
01-11 08:39:48.765: I/System.out(7307): ---->method=friend.list
01-11 08:39:48.769: I/System.out(7307): ---->format=json
01-11 08:39:48.769: I/System.out(7307): ---->appKey=000150888cb0740c
01-11 08:39:48.773: D/may(7307): ---->&sign=7F942BA21C4267081C9BE713C9C26FEA9BFD80AE&timestamp=1452501590252&v=1.0&nonce=1452501590252&sessionId=2d310494-acda-436a-86ff-578cb8d2c2df&ownerId=000150888cb0740c&tag=&locale=en_US&method=friend.list&format=json&appKey=000150888cb0740c
01-11 08:39:48.845: I/HttpRequestResolveImpl(7307): result parser is:com.comtop.mim.parser.AppDefaultJSONParser
01-11 08:39:48.845: D/HttpRequestResolveImpl(7307): result class is: com.comtop.mim.result.FriendListResult
01-11 08:39:48.845: D/AppCommJSONParser(7307): ---->result: FriendListResult, {"users":[{"createDate":"2015-10-21 15:00:02","updateDate":"2016-01-06 11:00:01","userId":"00015089328c5855","nick":"B90","avatarId":"http://7xn4wo.com1.z0.glb.clouddn.com/user/avatar/00015089328c5855?1452049200418","phone":"13000000000","gender":"0"},{"createDate":"2015-10-28 11:16:33","updateDate":"2015-10-29 14:28:44","userId":"000150ac7275465f8","nick":"B81","avatarId":"","phone":"13011111111","gender":"0"}],"deletedUsers":[{"createDate":"2015-10-21 11:53:06","updateDate":"2016-01-11 15:09:11","userId":"000150888766a901","nick":"3333","account":"meixiaoliang","avatarId":"http://7xn4wo.com1.z0.glb.clouddn.com/user/avatar/000150888766a901?1445913912.753282","phone":"13691637112","gender":"2"},{"createDate":"2015-10-23 15:43:32","updateDate":"2015-11-10 16:03:40","userId":"00015093a71819be","nick":"119","avatarId":"","phone":"13691637119","gender":"0"}],"tag":1452501281000}
01-11 08:39:48.845: D/HttpRequestResolveImpl(7307): handle send message.
01-11 08:39:48.845: D/AsyncTaskLoader(7307): callback: com.comtop.cmf.framework.net.impl.AsyncTaskCallbackProxy@5348080c, onPost result: com.comtop.mim.result.FriendListResult
01-11 08:39:49.157: D/IMChannel(7307): onActivityStopped:ui.FriendAddActivity
01-11 08:39:49.161: D/IMChannel(7307): onActivityDestroyed:ui.FriendAddActivity
01-11 08:39:49.161: D/may(7307): ====>onDestroy: FriendAddActivity
01-11 08:39:49.161: I/NotificationService(415): cancelToast pkg=com.comtop.mim callback=android.app.ITransientNotification$Stub$Proxy@5356c7cc
01-11 08:39:51.625: E/Genymotion(415): Could not open '/sys/class/power_supply/genymotion_fake_path/present'
01-11 08:39:53.345: I/tcminetimpl@native@tcms@msg@recvbytes(7342): 406,fd=44,bufsize=406
01-11 08:39:53.345: I/SccomHelper@native(7342): 
01-11 08:39:53.345: I/tcminetimpl@native@tcms@msg(7342): SaveRspMsg,interface=wx,method=s,seqid=0,sessionId=2,cmdtype=2
01-11 08:39:53.349: I/TcmInet@native@tcms(7342): INetImpl::GetMsg, seqid=0,interface=wx,method=s, errcode=0,msgtype=2
01-11 08:39:53.349: I/TcmInet@native@tcms(7342): clientServiceThrFunc get one notify,interface=wx, method=s, sessionId=2, seqid=0
01-11 08:39:53.349: D/tcmsposix@native@tcms(7342): get a notify, sessionId:2, interface:wx, method:s, 
01-11 08:39:53.349: I/LocalSocketServer@native@tcms(7342): exitPoll
01-11 08:39:53.349: I/inetimpl@native@im@msg@recvbytes(7307): 386,fd=64,bufsize=386
01-11 08:39:53.349: I/inetimpl@native@im@msg@recv(7307): , seqid=0
01-11 08:39:53.349: I/inetimpl@native@im@msg(7307): SaveRspMsg,cmdid=0x1020010,seqid=0,cmdtype=1,compress=1,encrypted=-1208395744
01-11 08:39:53.349: I/imservice@native@im(7307): clientServiceThrFunc get one notify,cmdid=0x1020010,seqid=0
01-11 08:39:53.349: I/callback@native@im(7307): Notify
01-11 08:39:53.349: I/callback@native@im(7307): reserved:3
01-11 08:39:53.349: I/callback@native@im(7307): bizId:0, notifyAppId:0, uuid:6269105872444325306
01-11 08:39:53.349: D/InetIO(7307): doAction  cmdid16908304 NotifyAppId:0 bizId:0 uuid:6269105872444325306
01-11 08:39:53.349: D/InetPush(7307): InetPush:doAction, cmdid16908304 bizId:0dingdong:true uuid169083046269105872444325306
01-11 08:39:53.349: D/test(7307): cmdId response:16908304
01-11 08:39:53.349: I/InetPush(7307): msg coming!
01-11 08:39:53.349: I/openimprotocol@native(7307): ImNtfImmessage_unpackData
01-11 08:39:53.349: I/openimprotocol@native(7307): ImNtfImmessage_unpackData success!
01-11 08:39:53.349: I/InetPush(7307): msg coming! msg type0
01-11 08:39:53.349: I/InetPush(7307): imNtfImmessage.getMsgType() = 0
01-11 08:39:53.349: I/openimprotocol@native(7307): MessageBody_unpackData
01-11 08:39:53.349: D/MessageDispatcher(7307): onPushMessage uuid=169083046269105872444325306 dingdong=true appid=100817 msgCollectionType=0
01-11 08:39:53.349: D/MessageDispatcher(7307): broadCastMsgNotifyed msgid=169083046269105872444325306 appid=100817
01-11 08:39:53.373: I/im@im@msgrecv(7307): [MsgRecv-onPushMessage  id=idvj1r4l000150888766a901
01-11 08:39:53.373: D/MessageDispatcher(7307): onPushMessage, com.alibaba.mobileim.lib.presenter.conversation.ConversationManager@53297f28 is notified, dingdong=true.
01-11 08:39:53.373: D/MessageDispatcher(7307): onPushMessage bHandledtrue
01-11 08:39:53.373: I/openimprotocol@native(7307): MsgStatus_packData
01-11 08:39:53.373: I/openimprotocol@native(7307): MsgStatus_packData success!
01-11 08:39:53.373: I/openimprotocol@native(7307): MsgAck_packData
01-11 08:39:53.373: I/openimprotocol@native(7307): MsgAck_packData success!
01-11 08:39:53.373: I/openimprotocol@native(7307): ImReqSendimmessage_packData
01-11 08:39:53.373: I/openimprotocol@native(7307): ImReqSendimmessage_packData success!
01-11 08:39:53.373: D/InetIO(7307): asyncCall  cmdid16777249 appId:100817 bizId:0
01-11 08:39:53.373: I/Native(7307): InetIO_asyncCall
01-11 08:39:53.373: I/jni/inet/android/native/common/calljava.cpp(7307): nativeLog
01-11 08:39:53.373: W/imservice@native@im@msg@sendmynative(7307):  cmdid=0x1000021,seqid=30,timeout=10,appid=100817,bizid=0
01-11 08:39:53.373: I/nativeLog(7307): begin native log
01-11 08:39:53.373: I/im@imservice@native@im@msg@send(7307):  cmdid=0x1000021,seqid=30,timeout=10,appid=100817,bizid=0
01-11 08:39:53.373: D/im@im@msgrecv(7307): [MsgRecv-createP2PConversation]createSimpleP2PConversationidvj1r4l000150888766a901
01-11 08:39:53.373: D/ConversationManager(7307): getTimeStamp, conversationIdidvj1r4l000150888766a901
01-11 08:39:53.373: D/im@im@msgrecv(7307): [MsgRecv-onPushMessage]timeStamp = 0 totalUnreadCount = 16
01-11 08:39:53.373: D/im@im@msgrecv(7307): [MsgRecv-onPushMessage]timeStamp = 0
01-11 08:39:53.373: I/im@im@msgrecv(7307): [MsgRecv-pushMessage]:{"customize":"{\"source\":{\"phone\":\"13691637112\",\"nick\":\"3333\",\"avatarId\":\"http://7xn4wo.com1.z0.glb.clouddn.com/user/avatar/000150888766a901?1445913912.753282\",\"name\":null,\"userId\":\"000150888766a901\"},\"msgType\":\"event.friend.apply.accepted\"}","header":{"summary":""}}
01-11 08:39:53.373: I/im@im@msgrecv(7307): , msgId = 6269105872444325306, msgTime = 1452501595
01-11 08:39:53.373: D/im@im@msgrecv(7307): [MsgRecv-pushMessage]on push message keyidvj1r4l000150888766a9016269105872444325306idvj1r4l000150888766a901 existInCacheMsg=false msg.getSubtype=66
01-11 08:39:53.373: D/MessageList(7307): message:Message{mMsgId=6269105872444325306, atFlag=0, direction=0, mContent='{"customize":"{\"source\":{\"phone\":\"13691637112\",\"nick\":\"3333\",\"avatarId\":\"http://7xn4wo.com1.z0.glb.clouddn.com/user/avatar/000150888766a901?1445913912.753282\",\"name\":null,\"userId\":\"000150888766a901\"},\"msgType\":\"event.friend.apply.accepted\"}","header":{"summary":""}}
01-11 08:39:53.373: D/MessageList(7307): ', mCvsId='idvj1r4l000150888766a901', isAtMsgAck=false, atMsgAckSendId='null', atMsgAckUUid='null', isAtMsgHasRead=false, mTime=1452501595, mAuthorId='idvj1r4l000150888766a901', mAuthorName='000150888766a901', atUserList=null}
01-11 08:39:53.373: D/MessageList@OriginalPic(7307): message.getMsgId() = 6269105872444325306message.getSubType() = 66
01-11 08:39:53.373: D/DataBaseUtils(7307): insertValue uri=content://com.comtop.mim.aliwxprovider/message List<IDBModel>
01-11 08:39:53.373: D/MessageList(7307): flag = true
01-11 08:39:53.373: D/Conversation@tribe(7307): unReadCount = -1
01-11 08:39:53.373: D/ConversationModel(7307): this.unReadCount = 0, unReadCount = 1
01-11 08:39:53.373: D/WXUtil(7307): broadCastUnReadMsgCount msgUnReadCount=16 pubPrivateMsgUnReadCount=1
01-11 08:39:53.377: D/Conversation@tribe(7307): bNotify:trueneedNotify:0
01-11 08:39:53.377: D/im@im@msgrecv(7307): [MsgRecv-updateConversation]bNotify:trueneedNotify:0
01-11 08:39:53.377: D/DataBaseUtils(7307): updateValue uri=content://com.comtop.mim.aliwxprovider/conversation ContentValues
01-11 08:39:53.377: I/YWUIAPI(7307): onPushMessage
01-11 08:39:53.409: I/imservice@native@im@msg@send(7307): , src paramdata.size=74
01-11 08:39:53.409: I/imservice@native@im@msg@send(7307): , bCommpress:1, dst paramdata.size=77
01-11 08:39:53.409: I/WXContext@idvj1r4l000150888cb0740c@login(7307): extrahead:idvj1r4l000150888cb0740c, reserved:1
01-11 08:39:53.409: I/inetimpl@native@im@msg(7307): PostMsg,cmdid=0x1000021,seqid=30,cmdtype=1,compress=1,encrypted=28
01-11 08:39:53.409: D/packagesize(7307): headerlen:52, bodylen:80, extraheadlen:24
01-11 08:39:53.409: I/jni/inet/android/native/common/calljava.cpp(7307): nativeLog
01-11 08:39:53.409: W/inetimpl@native@im@msg@sendmynative(7307): . cmdid=0x1000021,seqid=30,timeout=3
01-11 08:39:53.409: I/nativeLog(7307): begin native log
01-11 08:39:53.409: I/im@inetimpl@native@im@msg@send(7307): . cmdid=0x1000021,seqid=30,timeout=3
01-11 08:39:53.409: I/inetimpl@native@im@msg@sendbytes(7307): 138,fd=64,error=11
01-11 08:39:53.409: I/LocalSocketServer@native@tcms(7342): poll fd:47, event:1
01-11 08:39:53.409: I/tcminetimpl@native@tcms@msg(7342): PostMsg,interface=wx,method=s,seqid=36,sessionid:2,cmdtype=2,compress=0,encrypted=0
01-11 08:39:53.409: I/tcminetimpl@native@tcms(7342): postData2Server, seqid:36, data.len:155
01-11 08:39:53.409: I/tcminetimpl@native@tcms(7342): postData2Server, m_seqtsMap.len:0
01-11 08:39:53.409: I/tcminetimpl@native@tcms@msg@sendbytes(7342): 155,fd=44,error=11
01-11 08:39:53.417: I/InetPush(7307): reqConfirmMessage invalid
01-11 08:39:53.421: D/may(7307): App--->getUserInfo(), mUser: com.comtop.mim.model.UserInfo@533ab900
01-11 08:39:53.421: D/may(7307): App--->getUserInfo(), mUser: com.comtop.mim.model.UserInfo@533ab900
01-11 08:39:53.421: D/may(7307): =======>
01-11 08:39:53.445: D/may(7307): locale: en_US
01-11 08:39:53.445: D/may(7307): App--->getUserInfo(), mUser: com.comtop.mim.model.UserInfo@533ab900
01-11 08:39:53.445: D/AbsHttpRequestResolver(7307): http://msp.szcomtop.com:6888/msp-cas/router?
01-11 08:39:53.445: I/System.out(7307): ---->sign=AFE03A0430FFB3DF5700A3E5B2FECD20CD031177
01-11 08:39:53.449: I/System.out(7307): ---->timestamp=1452501594947
01-11 08:39:53.449: I/System.out(7307): ---->v=1.0
01-11 08:39:53.449: I/System.out(7307): ---->nonce=1452501594947
01-11 08:39:53.449: I/System.out(7307): ---->sessionId=2d310494-acda-436a-86ff-578cb8d2c2df
01-11 08:39:53.449: I/System.out(7307): ---->ownerId=000150888cb0740c
01-11 08:39:53.453: I/System.out(7307): ---->tag=
01-11 08:39:53.453: I/System.out(7307): ---->locale=en_US
01-11 08:39:53.457: I/tcminetimpl@native@tcms@msg@recvbytes(7342): 85,fd=44,bufsize=85
01-11 08:39:53.457: I/SccomHelper@native(7342): 
01-11 08:39:53.457: I/tcminetimpl@native@tcms@msg(7342): SaveRspMsg,interface=wx,method=s,seqid=0,sessionId=2,cmdtype=2
01-11 08:39:53.457: I/TcmInet@native@tcms(7342): INetImpl::GetMsg, seqid=0,interface=wx,method=s, errcode=0,msgtype=2
01-11 08:39:53.457: I/TcmInet@native@tcms(7342): clientServiceThrFunc get one notify,interface=wx, method=s, sessionId=2, seqid=0
01-11 08:39:53.457: D/tcmsposix@native@tcms(7342): get a notify, sessionId:2, interface:wx, method:s, 
01-11 08:39:53.457: I/LocalSocketServer@native@tcms(7342): exitPoll
01-11 08:39:53.457: I/inetimpl@native@im@msg@recvbytes(7307): 68,fd=64,bufsize=68
01-11 08:39:53.457: I/inetimpl@native@im@msg@recv(7307): , seqid=30
01-11 08:39:53.457: I/inetimpl@native@im@msg(7307): SaveRspMsg,cmdid=0x1010021,seqid=30,cmdtype=0,compress=1,encrypted=-1202424432
01-11 08:39:53.457: I/jni/inet/android/native/common/calljava.cpp(7307): nativeLog
01-11 08:39:53.457: W/imservice@native@im@msg@recvmynative(7307): . rspret=0,cmdid=0x1000021,seqid=30
01-11 08:39:53.457: I/nativeLog(7307): begin native log
01-11 08:39:53.457: I/im@imservice@native@im@msg@recv(7307): . rspret=0,cmdid=0x1000021,seqid=30
01-11 08:39:53.457: I/System.out(7307): ---->method=friend.list
01-11 08:39:53.461: I/System.out(7307): ---->format=json
01-11 08:39:53.461: I/System.out(7307): ---->appKey=000150888cb0740c
01-11 08:39:53.485: D/may(7307): ---->&sign=AFE03A0430FFB3DF5700A3E5B2FECD20CD031177&timestamp=1452501594947&v=1.0&nonce=1452501594947&sessionId=2d310494-acda-436a-86ff-578cb8d2c2df&ownerId=000150888cb0740c&tag=&locale=en_US&method=friend.list&format=json&appKey=000150888cb0740c
01-11 08:39:53.533: I/HttpRequestResolveImpl(7307): result parser is:com.comtop.mim.parser.AppDefaultJSONParser
01-11 08:39:53.533: D/HttpRequestResolveImpl(7307): result class is: com.comtop.mim.result.FriendListResult
01-11 08:39:53.533: D/AppCommJSONParser(7307): ---->result: FriendListResult, {"users":[{"createDate":"2015-10-21 11:53:06","updateDate":"2016-01-11 15:09:11","userId":"000150888766a901","nick":"3333","account":"meixiaoliang","avatarId":"http://7xn4wo.com1.z0.glb.clouddn.com/user/avatar/000150888766a901?1445913912.753282","phone":"13691637112","gender":"2"},{"createDate":"2015-10-21 15:00:02","updateDate":"2016-01-06 11:00:01","userId":"00015089328c5855","nick":"B90","avatarId":"http://7xn4wo.com1.z0.glb.clouddn.com/user/avatar/00015089328c5855?1452049200418","phone":"13000000000","gender":"0"},{"createDate":"2015-10-28 11:16:33","updateDate":"2015-10-29 14:28:44","userId":"000150ac7275465f8","nick":"B81","avatarId":"","phone":"13011111111","gender":"0"}],"deletedUsers":[{"createDate":"2015-10-23 15:43:32","updateDate":"2015-11-10 16:03:40","userId":"00015093a71819be","nick":"119","avatarId":"","phone":"13691637119","gender":"0"}],"tag":1452501595000}
01-11 08:39:53.533: D/HttpRequestResolveImpl(7307): handle send message.
01-11 08:39:53.533: D/AsyncTaskLoader(7307): callback: com.comtop.cmf.framework.net.impl.AsyncTaskCallbackProxy@53249508, onPost result: com.comtop.mim.result.FriendListResult
01-11 08:39:53.921: D/IMPushNotificationHandler(7307): notification push
01-11 08:39:53.921: D/IMPushNotificationHandler@Notification(7307): at getSendNickName(), mYWIMKit is com.alibaba.mobileim.WXAPI@536859d8
01-11 08:39:53.921: D/YWContactManagerImpl(7307): getContactProfileInfo userId=000150888766a901 appkey=23232985
01-11 08:39:53.921: I/IMProfileCacheUtil(7307): getDefaultProfileCallback
01-11 08:39:53.921: I/IMProfileCacheUtil(7307): geDefaultCrossProfileCallback
01-11 08:39:53.921: D/YWContactManagerImpl(7307): defaultCallbak called
01-11 08:39:53.921: D/YWContactManagerImpl(7307): result nick=3333 headUrl=http://7xn4wo.com1.z0.glb.clouddn.com/user/avatar/000150888766a901?1445913912.753282 appkey=null
01-11 08:39:53.921: D/IMPushNotificationHandler@Notification(7307): using ProfileCallback(), userName is 000150888766a901
01-11 08:39:53.921: D/IMPushNotificationHandler@Notification(7307): msgAuthorUserId = 000150888766a901, msgAuthorUserName = 000150888766a901
01-11 08:39:53.921: D/IMPushNotificationHandler(7307): conversation unread1
01-11 08:39:53.921: D/IMPushNotificationHandler(7307): conversation unread0
01-11 08:39:53.921: D/IMPushNotificationHandler(7307): conversation unread0
01-11 08:39:53.921: D/IMPushNotificationHandler(7307): conversation unread0
01-11 08:39:53.921: D/IMPushNotificationHandler(7307): conversation unread0
01-11 08:39:53.921: D/IMPushNotificationHandler(7307): conversation unread1
01-11 08:39:53.921: D/IMPushNotificationHandler(7307): conversation unread3
01-11 08:39:53.921: D/IMPushNotificationHandler(7307): conversation unread0
01-11 08:39:53.921: D/IMPushNotificationHandler(7307): conversation unread12
01-11 08:39:53.921: D/may(7307): =====>type: 66
01-11 08:39:53.921: D/may(7307): =======>
01-11 08:39:53.941: D/IMPushNotificationHandler(7307): notification text =  intent:null
01-11 08:39:53.941: D/IMPushNotificationHandler(7307): yiqiu.wang cancelNotifyInternal
01-11 08:39:53.977: D/IMPushNotificationHandler(7307): show notify1452501593981
01-11 08:39:53.981: D/dalvikvm(620): GC_CONCURRENT freed 909K, 48% free 10446K/19744K, paused 6ms+3ms, total 26ms
01-11 08:39:54.021: E/WVMExtractor(132): Failed to open libwvm.so
01-11 08:39:54.025: I/AudioService(415):  AudioFocus  requestAudioFocus() from android.media.AudioManager@53a581f4
01-11 08:39:54.041: W/genymotion_audio(132): out_write() limiting sleep time 44149 to 23219
01-11 08:39:54.065: W/genymotion_audio(132): out_write() limiting sleep time 55759 to 23219
01-11 08:39:54.089: W/genymotion_audio(132): out_write() limiting sleep time 47369 to 23219
01-11 08:39:54.113: W/genymotion_audio(132): out_write() limiting sleep time 28979 to 23219
01-11 08:39:54.157: W/genymotion_audio(132): out_write() limiting sleep time 31178 to 23219
01-11 08:39:55.217: E/MP3Extractor(132): Unable to resync. Signalling end of stream.
01-11 08:39:55.673: I/AudioService(415):  AudioFocus  abandonAudioFocus() from android.media.AudioManager@53a581f4
01-11 08:39:56.625: E/Genymotion(415): Could not open '/sys/class/power_supply/genymotion_fake_path/present'
01-11 08:39:56.973: W/genymotion_audio(132): out_write() limiting sleep time 30612 to 23219
01-11 08:39:57.877: D/WxConversationFragment(7307): onCreateView
01-11 08:39:57.877: I/WxConversationFragment(7307): parent = android.support.v4.app.NoSaveStateFrameLayout{532882d0 V.E..... ......ID 0,0-768,927}
01-11 08:39:57.885: I/YWAccount(7307): addConnectionListener 
01-11 08:39:57.889: D/WxConversationFragment@kiked off(7307):  WXAPI.getInstance(): com.alibaba.mobileim.WXAPI@536859d8
01-11 08:39:57.889: D/WxConversationFragment@kiked off(7307):  WXAPI.getInstance().getLoginUserId(): 000150888cb0740c
01-11 08:39:57.889: D/WxConversationFragment@kiked off(7307):    WXAPI.getInstance().getConversationManager(): com.alibaba.mobileim.lib.presenter.conversation.YWConversationManagerImpl@532dfc90
01-11 08:39:57.889: D/WxConversationFragment@kiked off(7307):   WXAPI.getInstance().getConversationManager().getConversationList(): [com.alibaba.mobileim.lib.presenter.conversation.P2PConversation@53319354, com.alibaba.mobileim.lib.presenter.conversation.P2PConversation@5342b014, com.alibaba.mobileim.lib.presenter.conversation.P2PConversation@5331bc9c, com.alibaba.mobileim.lib.presenter.conversation.P2PConversation@532e877c, com.alibaba.mobileim.lib.presenter.conversation.P2PConversation@532e9ba4, com.alibaba.mobileim.lib.presenter.conversation.P2PConversation@532eb0a0, com.alibaba.mobileim.lib.presenter.conversation.P2PConversation@532ec4d0, com.alibaba.mobileim.lib.presenter.conversation.P2PConversation@532eda04, com.alibaba.mobileim.lib.presenter.conversation.TribeConversation@532ef164]
01-11 08:39:57.889: D/WxConversationFragment@kiked off(7307):  mConversations: [com.alibaba.mobileim.lib.presenter.conversation.P2PConversation@53319354, com.alibaba.mobileim.lib.presenter.conversation.P2PConversation@5342b014, com.alibaba.mobileim.lib.presenter.conversation.P2PConversation@5331bc9c, com.alibaba.mobileim.lib.presenter.conversation.P2PConversation@532e877c, com.alibaba.mobileim.lib.presenter.conversation.P2PConversation@532e9ba4, com.alibaba.mobileim.lib.presenter.conversation.P2PConversation@532eb0a0, com.alibaba.mobileim.lib.presenter.conversation.P2PConversation@532ec4d0, com.alibaba.mobileim.lib.presenter.conversation.P2PConversation@532eda04, com.alibaba.mobileim.lib.presenter.conversation.TribeConversation@532ef164]
01-11 08:39:57.889: D/WxConversationFragment@kiked off(7307):   mConversations.hashCode(): f57b3d33
01-11 08:39:57.889: D/WxConversationFragment@kiked off(7307):   WXAPI.getInstance().getConversationManager().getConversationList().hashCode(): f57b3d33
01-11 08:39:57.893: D/DataBaseUtils(7307): doContentResolverQueryWrapper uri=content://com.comtop.mim.aliwxprovider/atMessages
01-11 08:39:57.901: I/YWConversationManagerImpl(7307): removeConversationListener
01-11 08:39:57.901: I/YWConversationManagerImpl(7307): addConversationListener
01-11 08:39:57.909: D/DataBaseUtils(7307): doContentResolverQueryWrapper uri=content://com.comtop.mim.aliwxprovider/atMessages
01-11 08:39:57.917: D/YWContactManagerImpl(7307): getContactProfileInfo userId=000150888766a901 appkey=23232985
01-11 08:39:57.917: I/IMProfileCacheUtil(7307): getDefaultProfileCallback
01-11 08:39:57.921: I/IMProfileCacheUtil(7307): geDefaultCrossProfileCallback
01-11 08:39:57.921: D/YWContactManagerImpl(7307): defaultCallbak called
01-11 08:39:57.925: D/YWContactManagerImpl(7307): result nick=3333 headUrl=http://7xn4wo.com1.z0.glb.clouddn.com/user/avatar/000150888766a901?1445913912.753282 appkey=null
01-11 08:39:57.925: D/YWContactManagerImpl(7307): getContactProfileInfo userId=000150888766a901 appkey=23232985
01-11 08:39:57.925: I/IMProfileCacheUtil(7307): getDefaultProfileCallback
01-11 08:39:57.925: I/IMProfileCacheUtil(7307): geDefaultCrossProfileCallback
01-11 08:39:57.929: D/YWContactManagerImpl(7307): defaultCallbak called
01-11 08:39:57.929: D/YWContactManagerImpl(7307): result nick=3333 headUrl=http://7xn4wo.com1.z0.glb.clouddn.com/user/avatar/000150888766a901?1445913912.753282 appkey=null
01-11 08:39:57.933: D/WxPerf(7307): getview time:15
01-11 08:39:57.937: D/YWContactManagerImpl(7307): getContactProfileInfo userId=000150888cb0740c appkey=23232985
01-11 08:39:57.937: I/IMProfileCacheUtil(7307): getDefaultProfileCallback
01-11 08:39:57.937: I/IMProfileCacheUtil(7307): geDefaultCrossProfileCallback
01-11 08:39:57.941: D/YWContactManagerImpl(7307): defaultCallbak called
01-11 08:39:57.941: D/YWContactManagerImpl(7307): result nick=118 headUrl=http://7xn4wo.com1.z0.glb.clouddn.com/user/avatar/000150888cb0740c?1437897406181 appkey=null
01-11 08:39:57.941: D/YWContactManagerImpl(7307): getContactProfileInfo userId=000150888cb0740c appkey=23232985
01-11 08:39:57.941: I/IMProfileCacheUtil(7307): getDefaultProfileCallback
01-11 08:39:57.945: I/IMProfileCacheUtil(7307): geDefaultCrossProfileCallback
01-11 08:39:57.949: D/YWContactManagerImpl(7307): defaultCallbak called
01-11 08:39:57.953: D/YWContactManagerImpl(7307): result nick=118 headUrl=http://7xn4wo.com1.z0.glb.clouddn.com/user/avatar/000150888cb0740c?1437897406181 appkey=null
01-11 08:39:57.953: D/WxPerf(7307): getview time:19
01-11 08:39:57.957: D/YWContactManagerImpl(7307): getContactProfileInfo userId=000150891d9b8d37 appkey=23232985
01-11 08:39:57.957: I/IMProfileCacheUtil(7307): getDefaultProfileCallback
01-11 08:39:57.961: I/IMProfileCacheUtil(7307): geDefaultCrossProfileCallback
01-11 08:39:57.961: D/YWContactManagerImpl(7307): defaultCallbak called
01-11 08:39:57.965: D/YWContactManagerImpl(7307): result nick=chenxiaolong headUrl=http://7xn4wo.com1.z0.glb.clouddn.com/user/avatar/000150891d9b8d37?t=1452481883.385806 appkey=null
01-11 08:39:57.965: D/YWContactManagerImpl(7307): getContactProfileInfo userId=000150891d9b8d37 appkey=23232985
01-11 08:39:57.965: I/IMProfileCacheUtil(7307): getDefaultProfileCallback
01-11 08:39:57.969: I/IMProfileCacheUtil(7307): geDefaultCrossProfileCallback
01-11 08:39:57.969: D/YWContactManagerImpl(7307): defaultCallbak called
01-11 08:39:57.973: D/YWContactManagerImpl(7307): result nick=chenxiaolong headUrl=http://7xn4wo.com1.z0.glb.clouddn.com/user/avatar/000150891d9b8d37?t=1452481883.385806 appkey=null
01-11 08:39:57.973: D/WxPerf(7307): getview time:16
01-11 08:39:57.977: D/YWContactManagerImpl(7307): getContactProfileInfo userId=00015089328c5855 appkey=23232985
01-11 08:39:57.977: I/IMProfileCacheUtil(7307): getDefaultProfileCallback
01-11 08:39:57.977: I/IMProfileCacheUtil(7307): geDefaultCrossProfileCallback
01-11 08:39:57.981: D/YWContactManagerImpl(7307): defaultCallbak called
01-11 08:39:57.981: D/YWContactManagerImpl(7307): result nick=B90 headUrl=http://7xn4wo.com1.z0.glb.clouddn.com/user/avatar/00015089328c5855?1452049200418 appkey=null
01-11 08:39:57.985: D/YWContactManagerImpl(7307): getContactProfileInfo userId=00015089328c5855 appkey=23232985
01-11 08:39:57.985: I/IMProfileCacheUtil(7307): getDefaultProfileCallback
01-11 08:39:57.985: I/IMProfileCacheUtil(7307): geDefaultCrossProfileCallback
01-11 08:39:57.993: D/YWContactManagerImpl(7307): defaultCallbak called
01-11 08:39:57.993: D/YWContactManagerImpl(7307): result nick=B90 headUrl=http://7xn4wo.com1.z0.glb.clouddn.com/user/avatar/00015089328c5855?1452049200418 appkey=null
01-11 08:39:57.993: D/WxPerf(7307): getview time:19
01-11 08:39:57.997: D/YWContactManagerImpl(7307): getContactProfileInfo userId=0001520bb684d807 appkey=23232985
01-11 08:39:57.997: I/IMProfileCacheUtil(7307): getDefaultProfileCallback
01-11 08:39:58.001: I/IMProfileCacheUtil(7307): geDefaultCrossProfileCallback
01-11 08:39:58.001: D/YWContactManagerImpl(7307): defaultCallbak called
01-11 08:39:58.001: D/YWContactManagerImpl(7307): result nick= headUrl= appkey=null
01-11 08:39:58.001: D/YWContactManagerImpl(7307): getContactProfileInfo userId=0001520bb684d807 appkey=23232985
01-11 08:39:58.005: I/IMProfileCacheUtil(7307): getDefaultProfileCallback
01-11 08:39:58.005: I/IMProfileCacheUtil(7307): geDefaultCrossProfileCallback
01-11 08:39:58.009: D/YWContactManagerImpl(7307): defaultCallbak called
01-11 08:39:58.009: D/YWContactManagerImpl(7307): result nick= headUrl= appkey=null
01-11 08:39:58.009: D/WxPerf(7307): getview time:14
01-11 08:39:58.013: D/YWContactManagerImpl(7307): getContactProfileInfo userId=000151c8cf92b302@ps appkey=23232985
01-11 08:39:58.013: I/IMProfileCacheUtil(7307): getDefaultProfileCallback
01-11 08:39:58.021: I/IMProfileCacheUtil(7307): geDefaultCrossProfileCallback
01-11 08:39:58.021: D/YWContactManagerImpl(7307): defaultCallbak called
01-11 08:39:58.021: D/YWContactManagerImpl(7307): result nick=1 headUrl= appkey=null
01-11 08:39:58.025: D/YWContactManagerImpl(7307): getContactProfileInfo userId=000151c8cf92b302@ps appkey=23232985
01-11 08:39:58.025: I/IMProfileCacheUtil(7307): getDefaultProfileCallback
01-11 08:39:58.029: I/IMProfileCacheUtil(7307): geDefaultCrossProfileCallback
01-11 08:39:58.029: D/YWContactManagerImpl(7307): defaultCallbak called
01-11 08:39:58.029: D/YWContactManagerImpl(7307): result nick=1 headUrl= appkey=null
01-11 08:39:58.033: D/WxPerf(7307): getview time:19
01-11 08:39:58.033: D/YWContactManagerImpl(7307): getContactProfileInfo userId=000151ae88e0f002@ps appkey=23232985
01-11 08:39:58.037: I/IMProfileCacheUtil(7307): getDefaultProfileCallback
01-11 08:39:58.037: I/IMProfileCacheUtil(7307): geDefaultCrossProfileCallback
01-11 08:39:58.037: D/YWContactManagerImpl(7307): defaultCallbak called
01-11 08:39:58.041: D/YWContactManagerImpl(7307): result nick= headUrl= appkey=null
01-11 08:39:58.041: D/YWContactManagerImpl(7307): getContactProfileInfo userId=000151ae88e0f002@ps appkey=23232985
01-11 08:39:58.045: I/IMProfileCacheUtil(7307): getDefaultProfileCallback
01-11 08:39:58.045: I/IMProfileCacheUtil(7307): geDefaultCrossProfileCallback
01-11 08:39:58.045: D/YWContactManagerImpl(7307): defaultCallbak called
01-11 08:39:58.045: D/YWContactManagerImpl(7307): result nick= headUrl= appkey=null
01-11 08:39:58.061: D/WxPerf(7307): getview time:29
01-11 08:39:58.065: D/YWContactManagerImpl(7307): getContactProfileInfo userId=000151c8cebe2200@ps appkey=23232985
01-11 08:39:58.065: I/IMProfileCacheUtil(7307): getDefaultProfileCallback
01-11 08:39:58.069: I/IMProfileCacheUtil(7307): geDefaultCrossProfileCallback
01-11 08:39:58.069: D/YWContactManagerImpl(7307): defaultCallbak called
01-11 08:39:58.069: D/YWContactManagerImpl(7307): result nick= headUrl= appkey=null
01-11 08:39:58.073: D/YWContactManagerImpl(7307): getContactProfileInfo userId=000151c8cebe2200@ps appkey=23232985
01-11 08:39:58.077: I/IMProfileCacheUtil(7307): getDefaultProfileCallback
01-11 08:39:58.077: I/IMProfileCacheUtil(7307): geDefaultCrossProfileCallback
01-11 08:39:58.081: D/YWContactManagerImpl(7307): defaultCallbak called
01-11 08:39:58.081: D/YWContactManagerImpl(7307): result nick= headUrl= appkey=null
01-11 08:39:58.085: D/WxPerf(7307): getview time:22
01-11 08:39:59.329: D/Tracker(7307): startSession:openChattingActivity
01-11 08:39:59.329: D/may(7307): userId: 000150888766a901
01-11 08:39:59.333: D/may(7307): ===>msg: Message{mMsgId=6269105872444325306, atFlag=0, direction=0, mContent='{"customize":"{\"source\":{\"phone\":\"13691637112\",\"nick\":\"3333\",\"avatarId\":\"http://7xn4wo.com1.z0.glb.clouddn.com/user/avatar/000150888766a901?1445913912.753282\",\"name\":null,\"userId\":\"000150888766a901\"},\"msgType\":\"event.friend.apply.accepted\"}","header":{"summary":""}}
01-11 08:39:59.333: D/may(7307): ', mCvsId='idvj1r4l000150888766a901', isAtMsgAck=false, atMsgAckSendId='null', atMsgAckUUid='null', isAtMsgHasRead=false, mTime=1452501595, mAuthorId='idvj1r4l000150888766a901', mAuthorName='000150888766a901', atUserList=null}
01-11 08:39:59.333: D/may(7307): msg: {"customize":"{\"source\":{\"phone\":\"13691637112\",\"nick\":\"3333\",\"avatarId\":\"http://7xn4wo.com1.z0.glb.clouddn.com/user/avatar/000150888766a901?1445913912.753282\",\"name\":null,\"userId\":\"000150888766a901\"},\"msgType\":\"event.friend.apply.accepted\"}","header":{"summary":""}}
01-11 08:39:59.333: D/may(7307): , subType: 66
01-11 08:39:59.337: I/Native(7307): InetIO_ngetLoginState
01-11 08:39:59.341: I/Native(7307): current user idvj1r4l000150888cb0740c
01-11 08:39:59.341: I/EgoAccount.api(7307): getLoginState:3
01-11 08:39:59.341: D/may(7307): =====>im login state: success
01-11 08:39:59.345: I/Native(7307): InetIO_ngetLoginState
01-11 08:39:59.345: I/Native(7307): current user idvj1r4l000150888cb0740c
01-11 08:39:59.345: I/EgoAccount.api(7307): getLoginState:3
01-11 08:39:59.345: I/YWConversationManagerImpl(7307): markReaded
01-11 08:39:59.353: I/openimprotocol@native(7307): ImReqMessageRead_packData
01-11 08:39:59.353: I/openimprotocol@native(7307): ImReqMessageRead_packData success!
01-11 08:39:59.357: D/InetIO(7307): asyncCall  cmdid16777746 appId:100817 bizId:0
01-11 08:39:59.357: I/Native(7307): InetIO_asyncCall
01-11 08:39:59.357: I/WXContext@idvj1r4l000150888cb0740c@login(7307): extrahead:idvj1r4l000150888cb0740c, reserved:1
01-11 08:39:59.357: I/inetimpl@native@im@msg(7307): PostMsg,cmdid=0x1000212,seqid=31,cmdtype=0,compress=1,encrypted=28
01-11 08:39:59.357: D/packagesize(7307): headerlen:52, bodylen:64, extraheadlen:24
01-11 08:39:59.357: I/inetimpl@native@im@msg@sendbytes(7307): 122,fd=64,error=11
01-11 08:39:59.357: I/LocalSocketServer@native@tcms(7342): poll fd:47, event:1
01-11 08:39:59.357: I/tcminetimpl@native@tcms@msg(7342): PostMsg,interface=wx,method=s,seqid=37,sessionid:2,cmdtype=2,compress=0,encrypted=0
01-11 08:39:59.357: I/tcminetimpl@native@tcms(7342): postData2Server, seqid:37, data.len:138
01-11 08:39:59.357: I/tcminetimpl@native@tcms(7342): postData2Server, m_seqtsMap.len:0
01-11 08:39:59.357: I/tcminetimpl@native@tcms@msg@sendbytes(7342): 138,fd=44,error=11
01-11 08:39:59.369: D/test(7307): cmdId:16777746
01-11 08:39:59.373: I/SocketChannel.api(7307): readP2PMessage invalid
01-11 08:39:59.373: D/ConversationModel(7307): this.unReadCount = 1, unReadCount = 0
01-11 08:39:59.373: D/DataBaseUtils(7307): updateValue uri=content://com.comtop.mim.aliwxprovider/conversation ContentValues
01-11 08:39:59.385: D/WXUtil(7307): broadCastUnReadMsgCount msgUnReadCount=16 pubPrivateMsgUnReadCount=0
01-11 08:39:59.385: I/ActivityManager(415): START u0 {flg=0x4000000 cmp=com.comtop.mim/com.alibaba.mobileim.ui.WxChattingActvity (has extras)} from pid 7307
01-11 08:39:59.425: I/tcminetimpl@native@tcms@msg@recvbytes(7342): 49,fd=44,bufsize=49
01-11 08:39:59.425: I/SccomHelper@native(7342): 
01-11 08:39:59.425: I/tcminetimpl@native@tcms@msg(7342): SaveRspMsg,interface=wx,method=s,seqid=0,sessionId=2,cmdtype=2
01-11 08:39:59.425: I/jni/inet/android/native/common/calljava.cpp(7342): resetRTCWakeup
01-11 08:39:59.437: I/TcmInet@native@tcms(7342): INetImpl::GetMsg, seqid=0,interface=wx,method=s, errcode=0,msgtype=2
01-11 08:39:59.445: I/TcmInet@native@tcms(7342): clientServiceThrFunc get one notify,interface=wx, method=s, sessionId=2, seqid=0
01-11 08:39:59.445: D/tcmsposix@native@tcms(7342): get a notify, sessionId:2, interface:wx, method:s, 
01-11 08:39:59.445: I/LocalSocketServer@native@tcms(7342): exitPoll
01-11 08:39:59.445: I/inetimpl@native@im@msg@recvbytes(7307): 32,fd=64,bufsize=32
01-11 08:39:59.445: I/inetimpl@native@im@msg@recv(7307): , seqid=31
01-11 08:39:59.449: I/inetimpl@native@im@msg(7307): SaveRspMsg,cmdid=0x1010212,seqid=4294967327,cmdtype=0,compress=0,encrypted=-1202638184
01-11 08:39:59.449: I/InetIO(7307): ResponseSuccess, cmdid:16777746
01-11 08:39:59.449: D/WXServiceCallbackDefault.api(7307): cmdid:16777746 state: true
01-11 08:39:59.461: W/JNIUtil(7342): resetRTCWakeup
01-11 08:39:59.461: D/XPushJNI@Native(7342): com_alibaba_tcms_service_TCMPush_getHeartbeatInterval
01-11 08:39:59.489: I/WakeupAlarmManager(7342): alarm set rtc_wakeup 274000
01-11 08:39:59.489: I/TCMStaticDelegate(7342): call resetRTCWakeup
01-11 08:39:59.501: D/YWContactManagerImpl(7307): getContactProfileInfo userId=000150888766a901 appkey=23232985
01-11 08:39:59.509: I/IMProfileCacheUtil(7307): getDefaultProfileCallback
01-11 08:39:59.509: I/IMProfileCacheUtil(7307): geDefaultCrossProfileCallback
01-11 08:39:59.509: D/YWContactManagerImpl(7307): defaultCallbak called
01-11 08:39:59.513: D/YWContactManagerImpl(7307): result nick=3333 headUrl=http://7xn4wo.com1.z0.glb.clouddn.com/user/avatar/000150888766a901?1445913912.753282 appkey=null
01-11 08:39:59.513: D/YWContactManagerImpl(7307): getContactProfileInfo userId=000150888766a901 appkey=23232985
01-11 08:39:59.513: I/IMProfileCacheUtil(7307): getDefaultProfileCallback
01-11 08:39:59.517: I/IMProfileCacheUtil(7307): geDefaultCrossProfileCallback
01-11 08:39:59.517: D/YWContactManagerImpl(7307): defaultCallbak called
01-11 08:39:59.517: D/YWContactManagerImpl(7307): result nick=3333 headUrl=http://7xn4wo.com1.z0.glb.clouddn.com/user/avatar/000150888766a901?1445913912.753282 appkey=null
01-11 08:39:59.529: D/WxPerf(7307): getview time:26
01-11 08:39:59.529: D/YWContactManagerImpl(7307): getContactProfileInfo userId=000150888cb0740c appkey=23232985
01-11 08:39:59.529: I/IMProfileCacheUtil(7307): getDefaultProfileCallback
01-11 08:39:59.529: I/IMProfileCacheUtil(7307): geDefaultCrossProfileCallback
01-11 08:39:59.533: D/YWContactManagerImpl(7307): defaultCallbak called
01-11 08:39:59.533: D/YWContactManagerImpl(7307): result nick=118 headUrl=http://7xn4wo.com1.z0.glb.clouddn.com/user/avatar/000150888cb0740c?1437897406181 appkey=null
01-11 08:39:59.537: D/YWContactManagerImpl(7307): getContactProfileInfo userId=000150888cb0740c appkey=23232985
01-11 08:39:59.537: I/IMProfileCacheUtil(7307): getDefaultProfileCallback
01-11 08:39:59.537: I/IMProfileCacheUtil(7307): geDefaultCrossProfileCallback
01-11 08:39:59.541: D/YWContactManagerImpl(7307): defaultCallbak called
01-11 08:39:59.541: D/YWContactManagerImpl(7307): result nick=118 headUrl=http://7xn4wo.com1.z0.glb.clouddn.com/user/avatar/000150888cb0740c?1437897406181 appkey=null
01-11 08:39:59.541: D/WxPerf(7307): getview time:16
01-11 08:39:59.545: D/YWContactManagerImpl(7307): getContactProfileInfo userId=000150891d9b8d37 appkey=23232985
01-11 08:39:59.553: I/IMProfileCacheUtil(7307): getDefaultProfileCallback
01-11 08:39:59.553: I/IMProfileCacheUtil(7307): geDefaultCrossProfileCallback
01-11 08:39:59.557: D/YWContactManagerImpl(7307): defaultCallbak called
01-11 08:39:59.557: D/YWContactManagerImpl(7307): result nick=chenxiaolong headUrl=http://7xn4wo.com1.z0.glb.clouddn.com/user/avatar/000150891d9b8d37?t=1452481883.385806 appkey=null
01-11 08:39:59.561: D/YWContactManagerImpl(7307): getContactProfileInfo userId=000150891d9b8d37 appkey=23232985
01-11 08:39:59.561: I/IMProfileCacheUtil(7307): getDefaultProfileCallback
01-11 08:39:59.565: I/IMProfileCacheUtil(7307): geDefaultCrossProfileCallback
01-11 08:39:59.565: D/YWContactManagerImpl(7307): defaultCallbak called
01-11 08:39:59.565: D/YWContactManagerImpl(7307): result nick=chenxiaolong headUrl=http://7xn4wo.com1.z0.glb.clouddn.com/user/avatar/000150891d9b8d37?t=1452481883.385806 appkey=null
01-11 08:39:59.577: D/WxPerf(7307): getview time:30
01-11 08:39:59.577: D/YWContactManagerImpl(7307): getContactProfileInfo userId=00015089328c5855 appkey=23232985
01-11 08:39:59.577: I/IMProfileCacheUtil(7307): getDefaultProfileCallback
01-11 08:39:59.577: I/IMProfileCacheUtil(7307): geDefaultCrossProfileCallback
01-11 08:39:59.581: D/YWContactManagerImpl(7307): defaultCallbak called
01-11 08:39:59.581: D/YWContactManagerImpl(7307): result nick=B90 headUrl=http://7xn4wo.com1.z0.glb.clouddn.com/user/avatar/00015089328c5855?1452049200418 appkey=null
01-11 08:39:59.585: D/YWContactManagerImpl(7307): getContactProfileInfo userId=00015089328c5855 appkey=23232985
01-11 08:39:59.585: I/IMProfileCacheUtil(7307): getDefaultProfileCallback
01-11 08:39:59.585: I/IMProfileCacheUtil(7307): geDefaultCrossProfileCallback
01-11 08:39:59.589: D/YWContactManagerImpl(7307): defaultCallbak called
01-11 08:39:59.589: D/YWContactManagerImpl(7307): result nick=B90 headUrl=http://7xn4wo.com1.z0.glb.clouddn.com/user/avatar/00015089328c5855?1452049200418 appkey=null
01-11 08:39:59.593: D/WxPerf(7307): getview time:16
01-11 08:39:59.597: D/YWContactManagerImpl(7307): getContactProfileInfo userId=0001520bb684d807 appkey=23232985
01-11 08:39:59.597: I/IMProfileCacheUtil(7307): getDefaultProfileCallback
01-11 08:39:59.597: I/IMProfileCacheUtil(7307): geDefaultCrossProfileCallback
01-11 08:39:59.601: D/YWContactManagerImpl(7307): defaultCallbak called
01-11 08:39:59.601: D/YWContactManagerImpl(7307): result nick= headUrl= appkey=null
01-11 08:39:59.605: D/YWContactManagerImpl(7307): getContactProfileInfo userId=0001520bb684d807 appkey=23232985
01-11 08:39:59.605: I/IMProfileCacheUtil(7307): getDefaultProfileCallback
01-11 08:39:59.605: I/IMProfileCacheUtil(7307): geDefaultCrossProfileCallback
01-11 08:39:59.609: D/YWContactManagerImpl(7307): defaultCallbak called
01-11 08:39:59.613: D/YWContactManagerImpl(7307): result nick= headUrl= appkey=null
01-11 08:39:59.613: D/WxPerf(7307): getview time:19
01-11 08:39:59.617: D/YWContactManagerImpl(7307): getContactProfileInfo userId=000151c8cf92b302@ps appkey=23232985
01-11 08:39:59.621: I/IMProfileCacheUtil(7307): getDefaultProfileCallback
01-11 08:39:59.621: I/IMProfileCacheUtil(7307): geDefaultCrossProfileCallback
01-11 08:39:59.621: D/YWContactManagerImpl(7307): defaultCallbak called
01-11 08:39:59.625: D/YWContactManagerImpl(7307): result nick=1 headUrl= appkey=null
01-11 08:39:59.625: D/YWContactManagerImpl(7307): getContactProfileInfo userId=000151c8cf92b302@ps appkey=23232985
01-11 08:39:59.625: I/IMProfileCacheUtil(7307): getDefaultProfileCallback
01-11 08:39:59.629: I/IMProfileCacheUtil(7307): geDefaultCrossProfileCallback
01-11 08:39:59.629: D/YWContactManagerImpl(7307): defaultCallbak called
01-11 08:39:59.629: D/YWContactManagerImpl(7307): result nick=1 headUrl= appkey=null
01-11 08:39:59.637: D/WxPerf(7307): getview time:19
01-11 08:39:59.645: D/YWContactManagerImpl(7307): getContactProfileInfo userId=000151ae88e0f002@ps appkey=23232985
01-11 08:39:59.649: I/IMProfileCacheUtil(7307): getDefaultProfileCallback
01-11 08:39:59.649: I/IMProfileCacheUtil(7307): geDefaultCrossProfileCallback
01-11 08:39:59.653: D/YWContactManagerImpl(7307): defaultCallbak called
01-11 08:39:59.653: D/YWContactManagerImpl(7307): result nick= headUrl= appkey=null
01-11 08:39:59.657: D/YWContactManagerImpl(7307): getContactProfileInfo userId=000151ae88e0f002@ps appkey=23232985
01-11 08:39:59.657: I/IMProfileCacheUtil(7307): getDefaultProfileCallback
01-11 08:39:59.661: I/IMProfileCacheUtil(7307): geDefaultCrossProfileCallback
01-11 08:39:59.661: D/YWContactManagerImpl(7307): defaultCallbak called
01-11 08:39:59.661: D/YWContactManagerImpl(7307): result nick= headUrl= appkey=null
01-11 08:39:59.673: D/WxPerf(7307): getview time:24
01-11 08:39:59.673: D/YWContactManagerImpl(7307): getContactProfileInfo userId=000151c8cebe2200@ps appkey=23232985
01-11 08:39:59.673: I/IMProfileCacheUtil(7307): getDefaultProfileCallback
01-11 08:39:59.673: I/IMProfileCacheUtil(7307): geDefaultCrossProfileCallback
01-11 08:39:59.677: D/YWContactManagerImpl(7307): defaultCallbak called
01-11 08:39:59.677: D/YWContactManagerImpl(7307): result nick= headUrl= appkey=null
01-11 08:39:59.681: D/YWContactManagerImpl(7307): getContactProfileInfo userId=000151c8cebe2200@ps appkey=23232985
01-11 08:39:59.681: I/IMProfileCacheUtil(7307): getDefaultProfileCallback
01-11 08:39:59.681: I/IMProfileCacheUtil(7307): geDefaultCrossProfileCallback
01-11 08:39:59.681: D/YWContactManagerImpl(7307): defaultCallbak called
01-11 08:39:59.681: D/YWContactManagerImpl(7307): result nick= headUrl= appkey=null
01-11 08:39:59.685: D/WxPerf(7307): getview time:15
01-11 08:39:59.705: D/IMChannel(7307): onActivityPaused:ui.MainActivity
01-11 08:39:59.713: I/YWConversationManagerImpl(7307): removeConversationListener
01-11 08:39:59.729: D/Tracker(7307): startSession:com.alibaba.mobileim.ui.WxChattingActvity@537741fc
01-11 08:39:59.733: D/IMChannel(7307): onActivityCreated:com.alibaba.mobileim.ui.WxChattingActvity
01-11 08:39:59.745: I/WxChattingActvity(7307): createFragment
01-11 08:39:59.765: I/dalvikvm(7307): Could not find method android.os.PowerManager.isIgnoringBatteryOptimizations, referenced from method com.alibaba.mobileim.kit.chat.ChattingFragment.addWhiteList
01-11 08:39:59.765: W/dalvikvm(7307): VFY: unable to resolve virtual method 1769: Landroid/os/PowerManager;.isIgnoringBatteryOptimizations (Ljava/lang/String;)Z
01-11 08:39:59.769: D/dalvikvm(7307): VFY: replacing opcode 0x6e at 0x002d
01-11 08:39:59.785: D/may(7307): ChattingOperationCustomSample constructor.
01-11 08:39:59.797: I/WxChattingActvity(7307): oncreate
01-11 08:39:59.797: D/IMChannel(7307): onActivityStarted:com.alibaba.mobileim.ui.WxChattingActvity
01-11 08:39:59.801: I/ChattingFragment(7307): init, mIsInitCalled = true
