10-16 07:54:49.166  1034  1107 V PerformBackupTask: Beginning backup of 11 targets
10-16 07:54:49.169  1034  1107 D PerformBackupTask: invokeAgentForBackup on @pm@
10-16 07:54:49.180  1034  1107 D BackupManagerService: Now staging backup of com.android.calendar
10-16 07:54:49.184  1034  1107 D BackupManagerService: Now staging backup of com.google.android.googlequicksearchbox
10-16 07:54:49.188  1034  1107 D BackupManagerService: Now staging backup of com.android.vending
10-16 07:54:49.192  1034  1107 D BackupManagerService: Now staging backup of com.google.android.talk
10-16 07:54:49.195  1034  1107 D BackupManagerService: Now staging backup of android
10-16 07:54:49.198  1034  1107 D BackupManagerService: Now staging backup of com.google.android.marvin.talkback
10-16 07:54:49.201  1034  1107 D BackupManagerService: Now staging backup of com.android.dialer
10-16 07:54:49.204  1034  1107 D BackupManagerService: Now staging backup of com.android.providers.userdictionary
10-16 07:54:49.207  1034  1107 D BackupManagerService: Now staging backup of com.android.sharedstoragebackup
10-16 07:54:49.210  1034  1107 D BackupManagerService: Now staging backup of com.google.android.gm
10-16 07:54:49.214  1034  1107 D BackupManagerService: Now staging backup of com.android.providers.settings
10-16 07:54:49.226  1034  1085 V AlarmManager: sending alarm Alarm{42eaca78 type 0 android}
10-16 07:54:49.227  1034  1034 I BackupManagerService: Backup time but one already running
10-16 07:54:49.227  1034  1107 I PerformBackupTask: Backup pass finished.
10-16 07:54:52.963  1034  1085 V AlarmManager: sending alarm Alarm{42eacbe8 type 2 com.google.android.gms}
10-16 07:54:53.002  1034  1099 D ConnectivityService: handleInetConditionChange: no active default network - ignore
10-16 07:54:59.055  1034  1085 V AlarmManager: sending alarm Alarm{42eaccc0 type 2 android}
10-16 07:54:59.056  1034  1085 V AlarmManager: sending alarm Alarm{43309a98 type 0 com.comtop.map}
10-16 07:54:59.059  1034  1099 D ConnectivityService: Sampling interval elapsed, updating statistics ..
10-16 07:54:59.080  1034  1099 D ConnectivityService: Done.
10-16 07:54:59.080  1034  1099 D ConnectivityService: Setting timer for 720seconds
10-16 07:54:59.091  1034  8207 I ActivityManager: Process com.comtop.map:bdservice_v1 (pid 14780) has died.
10-16 07:59:48.958  1034  1085 V AlarmManager: sending alarm Alarm{43309ae8 type 3 android}
10-16 07:59:48.959  1034  1085 V AlarmManager: sending alarm Alarm{43309bc0 type 3 com.tencent.mm}
10-16 07:59:48.960  1034  1085 V AlarmManager: sending alarm Alarm{431e9958 type 0 android}
10-16 07:59:48.960  1034  1085 V AlarmManager: sending alarm Alarm{43309c98 type 0 com.tencent.mobileqq}
10-16 07:59:49.039  1034  1034 V BackupManagerService: Running a backup pass
10-16 07:59:49.040  1034  1107 V BackupManagerService: clearing pending backups
10-16 07:59:49.041  1034  1107 V PerformBackupTask: Beginning backup of 11 targets
10-16 07:59:49.052  1034  1107 D PerformBackupTask: invokeAgentForBackup on @pm@
10-16 07:59:49.061  1034  1107 D BackupManagerService: Now staging backup of com.android.calendar
10-16 07:59:49.111  1034  1107 D BackupManagerService: Now staging backup of com.google.android.googlequicksearchbox
10-16 07:59:49.114  1034  1107 D BackupManagerService: Now staging backup of android
10-16 07:59:49.117  1034  1107 D BackupManagerService: Now staging backup of com.google.android.talk
10-16 07:59:49.121  1034  1107 D BackupManagerService: Now staging backup of com.android.vending
10-16 07:59:49.124  1034  1107 D BackupManagerService: Now staging backup of com.google.android.marvin.talkback
10-16 07:59:49.127  1034  1107 D BackupManagerService: Now staging backup of com.android.dialer
10-16 07:59:49.131  1034  1107 D BackupManagerService: Now staging backup of com.android.providers.userdictionary
10-16 07:59:49.143  1034  1107 D BackupManagerService: Now staging backup of com.google.android.gm
10-16 07:59:49.146  1034  1107 D BackupManagerService: Now staging backup of com.android.sharedstoragebackup
10-16 07:59:49.149  1034  1107 D BackupManagerService: Now staging backup of com.android.providers.settings
10-16 07:59:49.161  1034  1085 V AlarmManager: sending alarm Alarm{43180ac0 type 0 android}
10-16 07:59:49.162  1034  1034 I BackupManagerService: Backup time but one already running
10-16 07:59:49.163  1034  1107 I PerformBackupTask: Backup pass finished.
10-16 07:59:59.999  1034  1085 V AlarmManager: sending alarm Alarm{43180c30 type 3 android}
10-16 08:00:00.005  1034  1085 V AlarmManager: sending alarm Alarm{438bc748 type 0 com.motorola.contextual.smartrules2}
10-16 08:00:00.013  1034  1061 I ActivityManager: Start proc com.motorola.contextual.smartrules2 for broadcast com.motorola.contextual.smartrules2/com.motorola.assist.engine.mode.activity.sleep.SleepContextEventReceiver: pid=15353 uid=10032 gids={50032, 3003, 1028, 1015, 3001, 3002}
10-16 08:04:48.968  1034  1085 V AlarmManager: sending alarm Alarm{438bc820 type 1 com.android.deskclock}
10-16 08:04:48.971  1034  1085 V AlarmManager: sending alarm Alarm{431c9170 type 3 android}
10-16 08:04:49.036  1034  1085 V AlarmManager: sending alarm Alarm{438bc8f8 type 3 com.tencent.mobileqq}
10-16 08:04:49.044  1034  1085 V AlarmManager: sending alarm Alarm{438bc9d0 type 3 com.tencent.mm}
10-16 08:04:49.045  1034  1085 V AlarmManager: sending alarm Alarm{43c26e00 type 0 android}
10-16 08:04:49.046  1034  1085 V AlarmManager: sending alarm Alarm{438bcaa8 type 0 com.tencent.mobileqq}
10-16 08:04:49.096  1034  1334 I ActivityManager: Killing 14768:sogou.mobile.explorer.hotwords/u0a171 (adj 15): empty #9
10-16 08:04:49.098  1275  3952 W ContextImpl: Calling a method in the system process without a qualified user: android.app.ContextImpl.sendBroadcast:1252 android.content.ContextWrapper.sendBroadcast:365 com.motorola.motocare.util.TriggerHelper$TriggerBuilder.send:76 com.motorola.motocare.internal.frameworkevents.ProcessKillTrigger.sendTrigger:147 com.motorola.motocare.internal.frameworkevents.ProcessKillTrigger.handleFrameworkEvent:164 
10-16 08:04:49.114  1034  1034 V BackupManagerService: Running a backup pass
10-16 08:04:49.116  1034  1107 V BackupManagerService: clearing pending backups
10-16 08:04:49.119  1034  1107 V PerformBackupTask: Beginning backup of 11 targets
10-16 08:04:49.122  1034  1107 D PerformBackupTask: invokeAgentForBackup on @pm@
10-16 08:04:49.168  1034  1107 D BackupManagerService: Now staging backup of com.android.calendar
10-16 08:04:49.173  1034  1107 D BackupManagerService: Now staging backup of com.google.android.googlequicksearchbox
10-16 08:04:49.177  1034  1107 D BackupManagerService: Now staging backup of com.android.vending
10-16 08:04:49.181  1034  1107 D BackupManagerService: Now staging backup of com.google.android.talk
10-16 08:04:49.206  1034  1107 D BackupManagerService: Now staging backup of android
10-16 08:04:49.213  1034  1107 D BackupManagerService: Now staging backup of com.google.android.marvin.talkback
10-16 08:04:49.218  1034  1107 D BackupManagerService: Now staging backup of com.android.dialer
10-16 08:04:49.222  1034  1107 D BackupManagerService: Now staging backup of com.android.providers.userdictionary
10-16 08:04:49.225  1034  1107 D BackupManagerService: Now staging backup of com.android.sharedstoragebackup
10-16 08:04:49.229  1034  1107 D BackupManagerService: Now staging backup of com.google.android.gm
10-16 08:04:49.232  1034  1107 D BackupManagerService: Now staging backup of com.android.providers.settings
10-16 08:04:49.247  1034  1085 V AlarmManager: sending alarm Alarm{42c4fe00 type 0 android}
10-16 08:04:49.247  1034  1107 I PerformBackupTask: Backup pass finished.
10-16 08:04:49.248  1034  1034 V BackupManagerService: Running a backup pass
10-16 08:04:49.288  1034  1107 V BackupManagerService: clearing pending backups
10-16 08:04:49.289  1034  1107 V PerformBackupTask: Beginning backup of 11 targets
10-16 08:04:49.293  1034  1107 D PerformBackupTask: invokeAgentForBackup on @pm@
10-16 08:04:49.303  1034  1107 D BackupManagerService: Now staging backup of com.android.calendar
10-16 08:04:49.318  1034  1107 D BackupManagerService: Now staging backup of com.google.android.googlequicksearchbox
10-16 08:04:49.329  1034  1107 D BackupManagerService: Now staging backup of android
10-16 08:04:49.336  1034  1107 D BackupManagerService: Now staging backup of com.google.android.talk
10-16 08:04:49.349  1034  1107 D BackupManagerService: Now staging backup of com.android.vending
10-16 08:04:49.352  1034  1107 D BackupManagerService: Now staging backup of com.google.android.marvin.talkback
10-16 08:04:49.355  1034  1107 D BackupManagerService: Now staging backup of com.android.dialer
10-16 08:04:49.358  1034  1107 D BackupManagerService: Now staging backup of com.android.providers.userdictionary
10-16 08:04:49.360  1034  1107 D BackupManagerService: Now staging backup of com.google.android.gm
10-16 08:04:49.363  1034  1107 D BackupManagerService: Now staging backup of com.android.sharedstoragebackup
10-16 08:04:49.366  1034  1107 D BackupManagerService: Now staging backup of com.android.providers.settings
10-16 08:04:49.376  1034  1107 I PerformBackupTask: Backup pass finished.
10-16 08:04:49.376  1034  1085 V AlarmManager: sending alarm Alarm{42fc03a0 type 0 android}
10-16 08:04:49.378  1034  1034 V BackupManagerService: Running a backup pass
10-16 08:04:49.378  1034  1107 V BackupManagerService: clearing pending backups
10-16 08:04:49.379  1034  1107 V PerformBackupTask: Beginning backup of 11 targets
10-16 08:04:49.382  1034  1107 D PerformBackupTask: invokeAgentForBackup on @pm@
10-16 08:04:49.390  1034  1107 D BackupManagerService: Now staging backup of com.android.calendar
10-16 08:04:49.416  1034  1107 D BackupManagerService: Now staging backup of com.google.android.googlequicksearchbox
10-16 08:04:49.419  1034  1107 D BackupManagerService: Now staging backup of com.android.vending
10-16 08:04:49.422  1034  1107 D BackupManagerService: Now staging backup of com.google.android.talk
10-16 08:04:49.425  1034  1107 D BackupManagerService: Now staging backup of android
10-16 08:04:49.428  1034  1107 D BackupManagerService: Now staging backup of com.google.android.marvin.talkback
10-16 08:04:49.431  1034  1107 D BackupManagerService: Now staging backup of com.android.dialer
10-16 08:04:49.434  1034  1107 D BackupManagerService: Now staging backup of com.android.providers.userdictionary
10-16 08:04:49.437  1034  1107 D BackupManagerService: Now staging backup of com.android.sharedstoragebackup
10-16 08:04:49.440  1034  1107 D BackupManagerService: Now staging backup of com.google.android.gm
10-16 08:04:49.443  1034  1107 D BackupManagerService: Now staging backup of com.android.providers.settings
10-16 08:04:49.454  1034  1107 I PerformBackupTask: Backup pass finished.
10-16 08:04:49.455  1034  1085 V AlarmManager: sending alarm Alarm{43505578 type 0 android}
10-16 08:04:49.484  1034  1034 V BackupManagerService: Running a backup pass
10-16 08:04:49.495  1034  1107 V BackupManagerService: clearing pending backups
10-16 08:04:49.496  1034  1107 V PerformBackupTask: Beginning backup of 11 targets
10-16 08:04:49.498  1034  1107 D PerformBackupTask: invokeAgentForBackup on @pm@
10-16 08:04:49.505  1034  1107 D BackupManagerService: Now staging backup of com.android.calendar
10-16 08:04:49.509  1034  1107 D BackupManagerService: Now staging backup of com.google.android.googlequicksearchbox
10-16 08:04:49.524  1034  1107 D BackupManagerService: Now staging backup of android
10-16 08:04:49.527  1034  1107 D BackupManagerService: Now staging backup of com.google.android.talk
10-16 08:04:49.530  1034  1107 D BackupManagerService: Now staging backup of com.android.vending
10-16 08:04:49.533  1034  1107 D BackupManagerService: Now staging backup of com.google.android.marvin.talkback
10-16 08:04:49.535  1034  1107 D BackupManagerService: Now staging backup of com.android.dialer
10-16 08:04:49.538  1034  1107 D BackupManagerService: Now staging backup of com.android.providers.userdictionary
10-16 08:04:49.541  1034  1107 D BackupManagerService: Now staging backup of com.google.android.gm
10-16 08:04:49.544  1034  1107 D BackupManagerService: Now staging backup of com.android.sharedstoragebackup
10-16 08:04:49.546  1034  1107 D BackupManagerService: Now staging backup of com.android.providers.settings
10-16 08:04:49.557  1034  1085 V AlarmManager: sending alarm Alarm{430f9668 type 0 android}
10-16 08:04:49.557  1034  1107 I PerformBackupTask: Backup pass finished.
10-16 08:04:49.558  1034  1034 V BackupManagerService: Running a backup pass
10-16 08:04:49.560  1034  1107 V BackupManagerService: clearing pending backups
10-16 08:04:49.560  1034  1107 V PerformBackupTask: Beginning backup of 11 targets
10-16 08:04:49.563  1034  1107 D PerformBackupTask: invokeAgentForBackup on @pm@
10-16 08:04:49.600  1034  1107 D BackupManagerService: Now staging backup of com.android.calendar
10-16 08:04:49.604  1034  1107 D BackupManagerService: Now staging backup of com.google.android.googlequicksearchbox
10-16 08:04:49.607  1034  1107 D BackupManagerService: Now staging backup of com.android.vending
10-16 08:04:49.610  1034  1107 D BackupManagerService: Now staging backup of com.google.android.talk
10-16 08:04:49.613  1034  1107 D BackupManagerService: Now staging backup of android
10-16 08:04:49.616  1034  1107 D BackupManagerService: Now staging backup of com.google.android.marvin.talkback
10-16 08:04:49.619  1034  1107 D BackupManagerService: Now staging backup of com.android.dialer
10-16 08:04:49.622  1034  1107 D BackupManagerService: Now staging backup of com.android.providers.userdictionary
10-16 08:04:49.625  1034  1107 D BackupManagerService: Now staging backup of com.android.sharedstoragebackup
10-16 08:04:49.628  1034  1107 D BackupManagerService: Now staging backup of com.google.android.gm
10-16 08:04:49.631  1034  1107 D BackupManagerService: Now staging backup of com.android.providers.settings
10-16 08:04:49.642  1034  1085 V AlarmManager: sending alarm Alarm{42e931b8 type 0 android}
10-16 08:04:49.643  1034  1107 I PerformBackupTask: Backup pass finished.
10-16 08:04:49.643  1034  1034 V BackupManagerService: Running a backup pass
10-16 08:04:49.644  1034  1107 V BackupManagerService: clearing pending backups
10-16 08:04:49.645  1034  1107 V PerformBackupTask: Beginning backup of 11 targets
10-16 08:04:49.648  1034  1107 D PerformBackupTask: invokeAgentForBackup on @pm@
10-16 08:04:49.657  1034  1107 D BackupManagerService: Now staging backup of com.android.calendar
10-16 08:04:49.667  1034  1107 D BackupManagerService: Now staging backup of com.google.android.googlequicksearchbox
10-16 08:04:49.676  1034  1107 D BackupManagerService: Now staging backup of android
10-16 08:04:49.785  1034  1107 D BackupManagerService: Now staging backup of com.google.android.talk
10-16 08:04:49.794  1034  1107 D BackupManagerService: Now staging backup of com.android.vending
10-16 08:04:49.806  1034  1107 D BackupManagerService: Now staging backup of com.google.android.marvin.talkback
10-16 08:04:49.819  1034  1107 D BackupManagerService: Now staging backup of com.android.dialer
10-16 08:04:49.865  1034  1107 D BackupManagerService: Now staging backup of com.android.providers.userdictionary
10-16 08:04:50.039  1034  1107 D BackupManagerService: Now staging backup of com.google.android.gm
10-16 08:04:50.058  1034  1107 D BackupManagerService: Now staging backup of com.android.sharedstoragebackup
10-16 08:04:50.090  1034  1107 D BackupManagerService: Now staging backup of com.android.providers.settings
10-16 08:04:50.135  1034  1107 I PerformBackupTask: Backup pass finished.
10-16 08:04:50.135  1034  1085 V AlarmManager: sending alarm Alarm{438838f8 type 0 android}
10-16 08:04:50.154  1034  1034 V BackupManagerService: Running a backup pass
10-16 08:04:50.186  1034  1107 V BackupManagerService: clearing pending backups
10-16 08:04:50.187  1034  1107 V PerformBackupTask: Beginning backup of 11 targets
10-16 08:04:50.190  1034  1107 D PerformBackupTask: invokeAgentForBackup on @pm@
10-16 08:04:50.310  1034  1107 D BackupManagerService: Now staging backup of com.android.calendar
10-16 08:04:50.330  1034  1107 D BackupManagerService: Now staging backup of com.google.android.googlequicksearchbox
10-16 08:04:50.344  1034  1107 D BackupManagerService: Now staging backup of com.android.vending
10-16 08:04:50.357  1034  1107 D BackupManagerService: Now staging backup of com.google.android.talk
10-16 08:04:50.378  1034  1107 D BackupManagerService: Now staging backup of android
10-16 08:04:50.395  1034  1107 D BackupManagerService: Now staging backup of com.google.android.marvin.talkback
10-16 08:04:50.409  1034  1107 D BackupManagerService: Now staging backup of com.android.dialer
10-16 08:04:50.425  1034  1107 D BackupManagerService: Now staging backup of com.android.providers.userdictionary
10-16 08:04:50.446  1034  1107 D BackupManagerService: Now staging backup of com.android.sharedstoragebackup
10-16 08:04:50.472  1034  1107 D BackupManagerService: Now staging backup of com.google.android.gm
10-16 08:04:50.489  1034  1107 D BackupManagerService: Now staging backup of com.android.providers.settings
10-16 08:04:50.530  1034  1107 I PerformBackupTask: Backup pass finished.
10-16 08:04:50.530  1034  1085 V AlarmManager: sending alarm Alarm{4363b580 type 0 android}
10-16 08:04:50.531  1034  1034 V BackupManagerService: Running a backup pass
10-16 08:04:50.566  1034  1107 V BackupManagerService: clearing pending backups
10-16 08:04:50.635  1034  1107 V PerformBackupTask: Beginning backup of 11 targets
10-16 08:04:50.637  1034  1107 D PerformBackupTask: invokeAgentForBackup on @pm@
10-16 08:04:50.664  1034  1107 D BackupManagerService: Now staging backup of com.android.calendar
10-16 08:04:50.756  1034  1107 D BackupManagerService: Now staging backup of com.google.android.googlequicksearchbox
10-16 08:04:50.766  1034  1107 D BackupManagerService: Now staging backup of android
10-16 08:04:50.789  1034  1107 D BackupManagerService: Now staging backup of com.google.android.talk
10-16 08:04:50.804  1034  1107 D BackupManagerService: Now staging backup of com.android.vending
10-16 08:04:50.818  1034  1107 D BackupManagerService: Now staging backup of com.google.android.marvin.talkback
10-16 08:04:50.832  1034  1107 D BackupManagerService: Now staging backup of com.android.dialer
10-16 08:04:50.847  1034  1107 D BackupManagerService: Now staging backup of com.android.providers.userdictionary
10-16 08:04:50.876  1034  1107 D BackupManagerService: Now staging backup of com.google.android.gm
10-16 08:04:50.897  1034  1107 D BackupManagerService: Now staging backup of com.android.sharedstoragebackup
10-16 08:04:50.910  1034  1107 D BackupManagerService: Now staging backup of com.android.providers.settings
10-16 08:04:50.931  1034  1107 I PerformBackupTask: Backup pass finished.
10-16 08:04:50.931  1034  1085 V AlarmManager: sending alarm Alarm{437f4368 type 0 android}
10-16 08:04:50.935  1034  1034 V BackupManagerService: Running a backup pass
10-16 08:04:50.974  1034  1107 V BackupManagerService: clearing pending backups
10-16 08:04:50.975  1034  1107 V PerformBackupTask: Beginning backup of 11 targets
10-16 08:04:50.979  1034  1107 D PerformBackupTask: invokeAgentForBackup on @pm@
10-16 08:04:51.001  1034  1107 D BackupManagerService: Now staging backup of com.android.calendar
10-16 08:04:51.025  1034  1107 D BackupManagerService: Now staging backup of com.google.android.googlequicksearchbox
10-16 08:04:51.042  1034  1107 D BackupManagerService: Now staging backup of com.android.vending
10-16 08:04:51.058  1034  1107 D BackupManagerService: Now staging backup of com.google.android.talk
10-16 08:04:51.074  1034  1107 D BackupManagerService: Now staging backup of android
10-16 08:04:51.116  1034  1107 D BackupManagerService: Now staging backup of com.google.android.marvin.talkback
10-16 08:04:51.130  1034  1107 D BackupManagerService: Now staging backup of com.android.dialer
10-16 08:04:51.143  1034  1107 D BackupManagerService: Now staging backup of com.android.providers.userdictionary
10-16 08:04:51.158  1034  1107 D BackupManagerService: Now staging backup of com.android.sharedstoragebackup
10-16 08:04:51.174  1034  1107 D BackupManagerService: Now staging backup of com.google.android.gm
10-16 08:04:51.192  1034  1107 D BackupManagerService: Now staging backup of com.android.providers.settings
10-16 08:04:51.229  1034  1107 I PerformBackupTask: Backup pass finished.
10-16 08:04:51.229  1034  1085 V AlarmManager: sending alarm Alarm{437f7898 type 0 android}
10-16 08:04:51.230  1034  1034 V BackupManagerService: Running a backup pass
10-16 08:04:51.231  1034  1107 V BackupManagerService: clearing pending backups
10-16 08:04:51.232  1034  1107 V PerformBackupTask: Beginning backup of 11 targets
10-16 08:04:51.235  1034  1107 D PerformBackupTask: invokeAgentForBackup on @pm@
10-16 08:04:51.243  1034  1107 D BackupManagerService: Now staging backup of com.android.calendar
10-16 08:04:51.263  1034  1107 D BackupManagerService: Now staging backup of com.google.android.googlequicksearchbox
10-16 08:04:51.277  1034  1107 D BackupManagerService: Now staging backup of android
10-16 08:04:51.291  1034  1107 D BackupManagerService: Now staging backup of com.google.android.talk
10-16 08:04:51.307  1034  1107 D BackupManagerService: Now staging backup of com.android.vending
10-16 08:04:51.325  1034  1107 D BackupManagerService: Now staging backup of com.google.android.marvin.talkback
10-16 08:04:51.351  1034  1107 D BackupManagerService: Now staging backup of com.android.dialer
10-16 08:04:51.367  1034  1107 D BackupManagerService: Now staging backup of com.android.providers.userdictionary
10-16 08:04:51.383  1034  1107 D BackupManagerService: Now staging backup of com.google.android.gm
10-16 08:04:51.398  1034  1107 D BackupManagerService: Now staging backup of com.android.sharedstoragebackup
10-16 08:04:51.424  1034  1107 D BackupManagerService: Now staging backup of com.android.providers.settings
10-16 08:04:51.480  1034  1085 V AlarmManager: sending alarm Alarm{437eea68 type 0 android}
10-16 08:04:51.483  1034  1034 I BackupManagerService: Backup time but one already running
10-16 08:04:51.494  1034  1107 I PerformBackupTask: Backup pass finished.
10-16 08:05:00.964  1034  1085 V AlarmManager: sending alarm Alarm{437eebd8 type 3 android}
10-16 08:05:00.965  1034  1085 V AlarmManager: sending alarm Alarm{437eecb0 type 2 com.google.android.gms}
10-16 08:05:00.965  1034  1085 V AlarmManager: sending alarm Alarm{437eed88 type 0 com.comtop.map}
10-16 08:05:00.974  1034  1099 D ConnectivityService: handleInetConditionChange: no active default network - ignore
10-16 08:06:58.963  1034  1085 V AlarmManager: sending alarm Alarm{431663e8 type 3 android}
10-16 08:06:59.080  1034  1085 V AlarmManager: sending alarm Alarm{438861c0 type 2 android}
10-16 08:06:59.082  1034  1099 D ConnectivityService: Sampling interval elapsed, updating statistics ..
10-16 08:06:59.090  1034  1099 D ConnectivityService: Done.
10-16 08:06:59.091  1034  1099 D ConnectivityService: Setting timer for 720seconds
10-16 08:06:59.662   265 15467 W SocketClient: write error (Broken pipe)
10-16 08:09:48.955  1034  1085 V AlarmManager: sending alarm Alarm{43861ea8 type 3 android}
10-16 08:09:49.119  1034  1085 V AlarmManager: sending alarm Alarm{43886298 type 3 com.tencent.mm}
10-16 08:09:49.122  1034  1085 V AlarmManager: sending alarm Alarm{43886370 type 0 com.tencent.mm}
10-16 08:09:49.122  1034  1085 V AlarmManager: sending alarm Alarm{438863c0 type 0 com.tencent.mobileqq}
10-16 08:10:22.962  1034  1085 V AlarmManager: sending alarm Alarm{4396e790 type 3 android}
10-16 08:10:22.971  1034  1085 V AlarmManager: sending alarm Alarm{43886410 type 2 android}
10-16 08:10:23.268  1034  7580 W IntentResolver: resolveIntent: multiple matches, only some with CATEGORY_DEFAULT
10-16 08:10:23.274  1034  3233 I PackageManager: Adding preferred activity ComponentInfo{com.android.mms/com.android.mms.ui.ComposeMessageActivity} for user 0 :
10-16 08:10:23.310  1034  1198 W IntentResolver: resolveIntent: multiple matches, only some with CATEGORY_DEFAULT
10-16 08:10:23.311  1034  1313 I PackageManager: Adding preferred activity ComponentInfo{com.android.mms/com.android.mms.ui.ComposeMessageActivity} for user 0 :
10-16 08:10:23.346  1034  7580 W IntentResolver: resolveIntent: multiple matches, only some with CATEGORY_DEFAULT
10-16 08:10:23.348  1034  8208 I PackageManager: Adding preferred activity ComponentInfo{com.android.mms/com.android.mms.ui.ComposeMessageActivity} for user 0 :
10-16 08:10:23.384  1034  8208 W IntentResolver: resolveIntent: multiple matches, only some with CATEGORY_DEFAULT
10-16 08:10:23.386  1034  3252 I PackageManager: Adding preferred activity ComponentInfo{com.android.mms/com.android.mms.ui.ComposeMessageActivity} for user 0 :
10-16 08:10:23.485  1034  7580 W IntentResolver: resolveIntent: multiple matches, only some with CATEGORY_DEFAULT
10-16 08:10:23.487  1034  1334 I PackageManager: Adding preferred activity ComponentInfo{com.android.mms/com.android.mms.ui.ComposeMessageActivity} for user 0 :
10-16 08:10:23.498  1034  1047 W IntentResolver: resolveIntent: multiple matches, only some with CATEGORY_DEFAULT
10-16 08:10:23.501  1034  8208 I PackageManager: Adding preferred activity ComponentInfo{com.android.mms/com.android.mms.ui.ComposeMessageActivity} for user 0 :
10-16 08:10:23.512  1034  3233 W IntentResolver: resolveIntent: multiple matches, only some with CATEGORY_DEFAULT
10-16 08:10:23.514  1034  1048 I PackageManager: Adding preferred activity ComponentInfo{com.android.mms/com.android.mms.ui.ComposeMessageActivity} for user 0 :
10-16 08:10:23.526  1034  1312 W IntentResolver: resolveIntent: multiple matches, only some with CATEGORY_DEFAULT
10-16 08:10:23.528  1034  3252 I PackageManager: Adding preferred activity ComponentInfo{com.android.mms/com.android.mms.ui.ComposeMessageActivity} for user 0 :
10-16 08:10:23.550  1034  7580 W IntentResolver: resolveIntent: multiple matches, only some with CATEGORY_DEFAULT
10-16 08:10:23.552  1034  1105 I PackageManager: Adding preferred activity ComponentInfo{com.android.mms/com.android.mms.ui.ComposeMessageActivity} for user 0 :
10-16 08:10:23.565  1034  1313 W IntentResolver: resolveIntent: multiple matches, only some with CATEGORY_DEFAULT
10-16 08:10:23.567  1034  2789 I PackageManager: Adding preferred activity ComponentInfo{com.android.mms/com.android.mms.ui.ComposeMessageActivity} for user 0 :
10-16 08:10:23.598  1034  1334 W IntentResolver: resolveIntent: multiple matches, only some with CATEGORY_DEFAULT
10-16 08:10:23.599  1034  1105 I PackageManager: Adding preferred activity ComponentInfo{com.android.mms/com.android.mms.ui.ComposeMessageActivity} for user 0 :
10-16 08:10:23.619  1034  8208 W IntentResolver: resolveIntent: multiple matches, only some with CATEGORY_DEFAULT
10-16 08:10:23.684  1034  1334 I PackageManager: Adding preferred activity ComponentInfo{com.android.mms/com.android.mms.ui.ComposeMessageActivity} for user 0 :
10-16 08:10:23.711  1034  3252 W IntentResolver: resolveIntent: multiple matches, only some with CATEGORY_DEFAULT
10-16 08:10:23.713  1034  8208 I PackageManager: Adding preferred activity ComponentInfo{com.android.mms/com.android.mms.ui.ComposeMessageActivity} for user 0 :
10-16 08:10:23.731  1034  3233 W IntentResolver: resolveIntent: multiple matches, only some with CATEGORY_DEFAULT
10-16 08:10:23.733  1034  1198 I PackageManager: Adding preferred activity ComponentInfo{com.android.mms/com.android.mms.ui.ComposeMessageActivity} for user 0 :
10-16 08:10:23.746  1034  1105 W IntentResolver: resolveIntent: multiple matches, only some with CATEGORY_DEFAULT
10-16 08:10:23.749  1034  8208 I PackageManager: Adding preferred activity ComponentInfo{com.android.mms/com.android.mms.ui.ComposeMessageActivity} for user 0 :
10-16 08:10:23.821  1034  1334 W IntentResolver: resolveIntent: multiple matches, only some with CATEGORY_DEFAULT
10-16 08:10:23.824  1034  1313 I PackageManager: Adding preferred activity ComponentInfo{com.android.mms/com.android.mms.ui.ComposeMessageActivity} for user 0 :
10-16 08:14:49.966  1034  1085 V AlarmManager: sending alarm Alarm{43c443e0 type 3 android}
10-16 08:14:49.967  1034  1085 V AlarmManager: sending alarm Alarm{43b05e00 type 0 com.tencent.mobileqq}
10-16 08:15:00.958  1034  1085 V AlarmManager: sending alarm Alarm{42d8a200 type 3 android}
10-16 08:15:01.000  1034  1085 V AlarmManager: sending alarm Alarm{438864e8 type 3 com.xianguo.pad}
10-16 08:15:01.009  1034  1085 V AlarmManager: sending alarm Alarm{438865c0 type 3 android}
10-16 08:15:01.013  1034  1085 V AlarmManager: sending alarm Alarm{42cce648 type 3 com.tencent.mm}
10-16 08:15:01.014  1034  1085 V AlarmManager: sending alarm Alarm{43886610 type 2 com.google.android.talk}
10-16 08:15:01.022  1034  1085 V AlarmManager: sending alarm Alarm{43886660 type 2 com.google.android.talk}
10-16 08:15:01.031  1034  1085 V AlarmManager: sending alarm Alarm{438866b0 type 2 com.motorola.ccc.cce}
10-16 08:15:01.032  1034  1085 V AlarmManager: sending alarm Alarm{43886700 type 0 com.google.android.gms}
10-16 08:15:01.034  1034  1085 V AlarmManager: sending alarm Alarm{43886750 type 1 com.android.chrome}
10-16 08:15:01.042  1034  1085 I ActivityManager: Start proc com.android.chrome for service com.android.chrome/com.google.android.apps.chrome.omaha.OmahaClient: pid=15555 uid=10052 gids={50052, 3003, 1028, 1015}
10-16 08:15:01.043  1034  1085 V AlarmManager: sending alarm Alarm{438867a0 type 1 com.android.deskclock}
10-16 08:15:01.311  1034  1333 I ActivityManager: Killing 14795:fq.router2/u0a167 (adj 15): empty #9
10-16 08:15:01.313  1275  3952 W ContextImpl: Calling a method in the system process without a qualified user: android.app.ContextImpl.sendBroadcast:1252 android.content.ContextWrapper.sendBroadcast:365 com.motorola.motocare.util.TriggerHelper$TriggerBuilder.send:76 com.motorola.motocare.internal.frameworkevents.ProcessKillTrigger.sendTrigger:147 com.motorola.motocare.internal.frameworkevents.ProcessKillTrigger.handleFrameworkEvent:164 
10-16 08:19:49.970  1034  1085 V AlarmManager: sending alarm Alarm{437e19d0 type 3 android}
10-16 08:19:49.983  1034  1085 V AlarmManager: sending alarm Alarm{437debf0 type 3 com.tencent.mm}
10-16 08:19:49.984  1034  1085 V AlarmManager: sending alarm Alarm{437cba68 type 2 android}
10-16 08:19:49.985  1034  1085 V AlarmManager: sending alarm Alarm{437cbab8 type 0 com.tencent.mobileqq}
10-16 08:19:50.035  1034  1099 D ConnectivityService: Sampling interval elapsed, updating statistics ..
10-16 08:19:50.046  1034  1099 D ConnectivityService: Done.
10-16 08:19:50.047  1034  1099 D ConnectivityService: Setting timer for 720seconds
10-16 08:23:54.960  1034  1085 V AlarmManager: sending alarm Alarm{42f84410 type 3 android}
10-16 08:23:55.095  1034  1085 V AlarmManager: sending alarm Alarm{437bd840 type 2 com.google.android.gms}
10-16 08:23:55.099  1034  1085 V AlarmManager: sending alarm Alarm{42f00c30 type 3 com.tencent.mm}
10-16 08:23:55.107  1034  1085 V AlarmManager: sending alarm Alarm{437a9310 type 0 com.tencent.mm}
10-16 08:24:49.964  1034  1085 V AlarmManager: sending alarm Alarm{42cebb48 type 3 android}
10-16 08:24:50.038  1034  1085 V AlarmManager: sending alarm Alarm{42b330f0 type 0 com.tencent.mobileqq}
10-16 08:24:50.921  1034  1094 D WifiP2pService: InactiveState{ when=0 what=143375 arg1=1 arg2=196615 obj=android.net.DhcpStateMachine@42c750e0 target=com.android.internal.util.StateMachine$SmHandler }
10-16 08:24:50.921  1034  1094 D WifiP2pService: P2pEnabledState{ when=0 what=143375 arg1=1 arg2=196615 obj=android.net.DhcpStateMachine@42c750e0 target=com.android.internal.util.StateMachine$SmHandler }
10-16 08:24:59.806  1034  1094 D WifiP2pService: InactiveState{ when=0 what=143375 target=com.android.internal.util.StateMachine$SmHandler }
10-16 08:24:59.807  1034  1094 D WifiP2pService: P2pEnabledState{ when=-1ms what=143375 target=com.android.internal.util.StateMachine$SmHandler }
10-16 08:30:00.962  1034  1085 V AlarmManager: sending alarm Alarm{430aa658 type 3 android}
10-16 08:30:01.000  1034  1085 V AlarmManager: sending alarm Alarm{437a9360 type 2 com.tencent.mm}
10-16 08:30:01.001  1034  1099 D ConnectivityService: Captive portal check NetworkInfo: type: WIFI[], state: CONNECTING/CAPTIVE_PORTAL_CHECK, reason: (unspecified), extra: "MM_AP", roaming: false, failover: false, isAvailable: true, isConnectedToProvisioningNetwork: false
10-16 08:30:01.001  1034  1099 D ConnectivityService: handleCaptivePortalTrackerCheck: call captivePortalCheckComplete ni=NetworkInfo: type: WIFI[], state: CONNECTING/CAPTIVE_PORTAL_CHECK, reason: (unspecified), extra: "MM_AP", roaming: false, failover: false, isAvailable: true, isConnectedToProvisioningNetwork: false
10-16 08:30:01.001  1034  1099 D ConnectivityService: Captive portal check NetworkInfo: type: WIFI[], state: CONNECTING/CAPTIVE_PORTAL_CHECK, reason: (unspecified), extra: "MM_AP", roaming: false, failover: false, isAvailable: true, isConnectedToProvisioningNetwork: false
10-16 08:30:01.001  1034  1099 D ConnectivityService: handleCaptivePortalTrackerCheck: call captivePortalCheckComplete ni=NetworkInfo: type: WIFI[], state: CONNECTING/CAPTIVE_PORTAL_CHECK, reason: (unspecified), extra: "MM_AP", roaming: false, failover: false, isAvailable: true, isConnectedToProvisioningNetwork: false
10-16 08:30:01.003  1034  1085 V AlarmManager: sending alarm Alarm{43757da8 type 2 com.google.android.gms}
10-16 08:30:01.004  1034  1085 V AlarmManager: sending alarm Alarm{430c2f98 type 3 com.tencent.mm}
10-16 08:30:01.006  1034  1085 V AlarmManager: sending alarm Alarm{43730298 type 1 com.android.deskclock}
10-16 08:30:01.012  1034  1099 D ConnectivityService: ConnectivityChange for WIFI: CONNECTED/CONNECTED
10-16 08:30:01.012  1034  1099 V ConnectivityService: WiFi NOT Tethered!
10-16 08:30:01.015  1034  1099 E ConnectivityService: Unexpected mtu value: android.net.wifi.WifiStateTracker@42a97948
10-16 08:30:01.037  1034  1099 D Nat464Xlat: requiresClat: netType=1, hasIPv4Address=true
10-16 08:30:01.041  1034  1099 D ConnectivityService: ConnectivityChange for WIFI: CONNECTED/CONNECTED
10-16 08:30:01.042  1034  1099 V ConnectivityService: WiFi NOT Tethered!
10-16 08:30:01.042  1034  1099 E ConnectivityService: Unexpected mtu value: android.net.wifi.WifiStateTracker@42a97948
10-16 08:30:01.053  1034  1099 D ConnectivityService: handleConnectivityChange: address are the same reset per doReset linkProperty[1]: resetMask=0
10-16 08:30:01.053  1034  1099 D Nat464Xlat: requiresClat: netType=1, hasIPv4Address=true
10-16 08:30:01.221  1034  1061 I ActivityManager: Start proc com.tencent.mm for broadcast com.tencent.mm/.booter.NotifyReceiver: pid=15733 uid=10163 gids={50163, 3003, 1028, 1015, 3002, 3001}
10-16 08:30:02.165 15733 15733 E ActivityThread: Failed to find provider info for com.tencent.mm.coolassist.debugprovider
10-16 08:30:04.068  1878  1878 E ActivityThread: Failed to find provider info for com.motorola.blur.setupprovider
10-16 08:30:04.113  1878  1878 E ActivityThread: Failed to find provider info for com.motorola.blur.setupprovider
10-16 08:30:04.269  1034  8207 I ActivityManager: Start proc com.comtop.mim:TcmsService for service com.comtop.mim/com.alibaba.tcms.service.TCMSService: pid=15839 uid=10722 gids={50722, 3003, 1028, 1015}
10-16 08:30:04.703 15839 15839 E AndroidRuntime: FATAL EXCEPTION: main
10-16 08:30:04.703 15839 15839 E AndroidRuntime: Process: com.comtop.mim:TcmsService, PID: 15839
10-16 08:30:04.703 15839 15839 E AndroidRuntime: java.lang.RuntimeException: Unable to create application com.comtop.mim.app.App: java.lang.RuntimeException: can't get inetmode.
10-16 08:30:04.703 15839 15839 E AndroidRuntime: 	at android.app.ActivityThread.handleBindApplication(ActivityThread.java:4412)
10-16 08:30:04.703 15839 15839 E AndroidRuntime: 	at android.app.ActivityThread.access$1500(ActivityThread.java:139)
10-16 08:30:04.703 15839 15839 E AndroidRuntime: 	at android.app.ActivityThread$H.handleMessage(ActivityThread.java:1270)
10-16 08:30:04.703 15839 15839 E AndroidRuntime: 	at android.os.Handler.dispatchMessage(Handler.java:102)
10-16 08:30:04.703 15839 15839 E AndroidRuntime: 	at android.os.Looper.loop(Looper.java:136)
10-16 08:30:04.703 15839 15839 E AndroidRuntime: 	at android.app.ActivityThread.main(ActivityThread.java:5086)
10-16 08:30:04.703 15839 15839 E AndroidRuntime: 	at java.lang.reflect.Method.invokeNative(Native Method)
10-16 08:30:04.703 15839 15839 E AndroidRuntime: 	at java.lang.reflect.Method.invoke(Method.java:515)
10-16 08:30:04.703 15839 15839 E AndroidRuntime: 	at com.android.internal.os.ZygoteInit$MethodAndArgsCaller.run(ZygoteInit.java:785)
10-16 08:30:04.703 15839 15839 E AndroidRuntime: 	at com.android.internal.os.ZygoteInit.main(ZygoteInit.java:601)
10-16 08:30:04.703 15839 15839 E AndroidRuntime: 	at dalvik.system.NativeStart.main(Native Method)
10-16 08:30:04.703 15839 15839 E AndroidRuntime: Caused by: java.lang.RuntimeException: can't get inetmode.
10-16 08:30:04.703 15839 15839 E AndroidRuntime: 	at com.alibaba.mobileim.channel.service.InetIO.java_nGetInetMode(InetIO.java:959)
10-16 08:30:04.703 15839 15839 E AndroidRuntime: 	at com.alibaba.mobileim.channel.IMChannel.prepareInternal(IMChannel.java:204)
10-16 08:30:04.703 15839 15839 E AndroidRuntime: 	at com.alibaba.mobileim.channel.IMChannel.prepare(IMChannel.java:143)
10-16 08:30:04.703 15839 15839 E AndroidRuntime: 	at com.alibaba.mobileim.YWChannel.prepareImpl(YWChannel.java:253)
10-16 08:30:04.703 15839 15839 E AndroidRuntime: 	at com.alibaba.mobileim.YWAPI.init(YWAPI.java:52)
10-16 08:30:04.703 15839 15839 E AndroidRuntime: 	at com.comtop.mim.utils.LoginHelper.init(LoginHelper.java:23)
10-16 08:30:04.703 15839 15839 E AndroidRuntime: 	at com.comtop.mim.app.App.onCreate(App.java:82)
10-16 08:30:04.703 15839 15839 E AndroidRuntime: 	at android.app.Instrumentation.callApplicationOnCreate(Instrumentation.java:1030)
10-16 08:30:04.703 15839 15839 E AndroidRuntime: 	at android.app.ActivityThread.handleBindApplication(ActivityThread.java:4409)
10-16 08:30:04.703 15839 15839 E AndroidRuntime: 	... 10 more
10-16 08:30:04.726  1034  1313 I ActivityManager: Process com.comtop.mim:TcmsService (pid 15839) has died.
10-16 08:30:04.726  1034  1313 W ActivityManager: Scheduling restart of crashed service com.comtop.mim/com.alibaba.tcms.service.TCMSService in 1000ms
10-16 08:30:05.738  1034  1061 I ActivityManager: Start proc com.comtop.mim:TcmsService for service com.comtop.mim/com.alibaba.tcms.service.TCMSService: pid=15893 uid=10722 gids={50722, 3003, 1028, 1015}
10-16 08:30:05.771 15733 15733 E ActivityThread: Failed to find provider info for com.huawei.android.launcher.settings
10-16 08:30:05.961  1034  1098 D WifiService: New client listening to asynchronous messages
10-16 08:30:06.020 15893 15893 E AndroidRuntime: FATAL EXCEPTION: main
10-16 08:30:06.020 15893 15893 E AndroidRuntime: Process: com.comtop.mim:TcmsService, PID: 15893
10-16 08:30:06.020 15893 15893 E AndroidRuntime: java.lang.RuntimeException: Unable to create application com.comtop.mim.app.App: java.lang.RuntimeException: can't get inetmode.
10-16 08:30:06.020 15893 15893 E AndroidRuntime: 	at android.app.ActivityThread.handleBindApplication(ActivityThread.java:4412)
10-16 08:30:06.020 15893 15893 E AndroidRuntime: 	at android.app.ActivityThread.access$1500(ActivityThread.java:139)
10-16 08:30:06.020 15893 15893 E AndroidRuntime: 	at android.app.ActivityThread$H.handleMessage(ActivityThread.java:1270)
10-16 08:30:06.020 15893 15893 E AndroidRuntime: 	at android.os.Handler.dispatchMessage(Handler.java:102)
10-16 08:30:06.020 15893 15893 E AndroidRuntime: 	at android.os.Looper.loop(Looper.java:136)
10-16 08:30:06.020 15893 15893 E AndroidRuntime: 	at android.app.ActivityThread.main(ActivityThread.java:5086)
10-16 08:30:06.020 15893 15893 E AndroidRuntime: 	at java.lang.reflect.Method.invokeNative(Native Method)
10-16 08:30:06.020 15893 15893 E AndroidRuntime: 	at java.lang.reflect.Method.invoke(Method.java:515)
10-16 08:30:06.020 15893 15893 E AndroidRuntime: 	at com.android.internal.os.ZygoteInit$MethodAndArgsCaller.run(ZygoteInit.java:785)
10-16 08:30:06.020 15893 15893 E AndroidRuntime: 	at com.android.internal.os.ZygoteInit.main(ZygoteInit.java:601)
10-16 08:30:06.020 15893 15893 E AndroidRuntime: 	at dalvik.system.NativeStart.main(Native Method)
10-16 08:30:06.020 15893 15893 E AndroidRuntime: Caused by: java.lang.RuntimeException: can't get inetmode.
10-16 08:30:06.020 15893 15893 E AndroidRuntime: 	at com.alibaba.mobileim.channel.service.InetIO.java_nGetInetMode(InetIO.java:959)
10-16 08:30:06.020 15893 15893 E AndroidRuntime: 	at com.alibaba.mobileim.channel.IMChannel.prepareInternal(IMChannel.java:204)
10-16 08:30:06.020 15893 15893 E AndroidRuntime: 	at com.alibaba.mobileim.channel.IMChannel.prepare(IMChannel.java:143)
10-16 08:30:06.020 15893 15893 E AndroidRuntime: 	at com.alibaba.mobileim.YWChannel.prepareImpl(YWChannel.java:253)
10-16 08:30:06.020 15893 15893 E AndroidRuntime: 	at com.alibaba.mobileim.YWAPI.init(YWAPI.java:52)
10-16 08:30:06.020 15893 15893 E AndroidRuntime: 	at com.comtop.mim.utils.LoginHelper.init(LoginHelper.java:23)
10-16 08:30:06.020 15893 15893 E AndroidRuntime: 	at com.comtop.mim.app.App.onCreate(App.java:82)
10-16 08:30:06.020 15893 15893 E AndroidRuntime: 	at android.app.Instrumentation.callApplicationOnCreate(Instrumentation.java:1030)
10-16 08:30:06.020 15893 15893 E AndroidRuntime: 	at android.app.ActivityThread.handleBindApplication(ActivityThread.java:4409)
10-16 08:30:06.020 15893 15893 E AndroidRuntime: 	... 10 more
10-16 08:30:06.031  1034  1047 I ActivityManager: Process com.comtop.mim:TcmsService (pid 15893) has died.
10-16 08:30:06.032  1034  1047 W ActivityManager: Service crashed 2 times, stopping: ServiceRecord{4318c398 u0 com.comtop.mim/com.alibaba.tcms.service.TCMSService}
10-16 08:30:31.986  1034  1099 D ConnectivityService: handleConnectivityChange: addresses changed linkProperty[1]: resetMask=0
10-16 08:30:31.986  1034  1099 D ConnectivityService:    car=removed=[] added=[fe80::fae0:79ff:fe37:5ff5/64,]
10-16 08:30:31.986  1034  1099 D Nat464Xlat: requiresClat: netType=1, hasIPv4Address=true
10-16 08:30:31.994  1034  1099 D ConnectivityService: handleConnectivityChange: address are the same reset per doReset linkProperty[1]: resetMask=0
10-16 08:30:31.995  1034  1099 D Nat464Xlat: requiresClat: netType=1, hasIPv4Address=true
10-16 08:30:32.033  1034  3252 I ActivityManager: Start proc android.process.media for broadcast com.android.providers.downloads/.DownloadReceiver: pid=15992 uid=10016 gids={50016, 1028, 1015, 1023, 1024, 2001, 3003, 3007}
10-16 08:30:32.129 15992 15992 I openssl : Crypto mode not selected, openssl will run on its regular mode.
10-16 08:30:32.130 15992 15992 I openssl : Crypto mode 0 already enabled
10-16 08:30:32.133  1034  1314 I ActivityManager: Start proc com.android.mms for broadcast com.android.mms/.transaction.MmsSystemEventReceiver: pid=16010 uid=10028 gids={50028, 3003, 1028, 1015}
10-16 08:30:32.274  1034  1105 I ActivityManager: Start proc com.google.android.setupwizard for broadcast com.google.android.setupwizard/.MobileConnectivityChangeReceiver: pid=16032 uid=10038 gids={50038, 3003}
10-16 08:30:32.275  1034  1105 I ActivityManager: Killing 14809:com.diune.pictures/u0a317 (adj 15): empty #9
10-16 08:30:32.277  1275  3952 W ContextImpl: Calling a method in the system process without a qualified user: android.app.ContextImpl.sendBroadcast:1252 android.content.ContextWrapper.sendBroadcast:365 com.motorola.motocare.util.TriggerHelper$TriggerBuilder.send:76 com.motorola.motocare.internal.frameworkevents.ProcessKillTrigger.sendTrigger:147 com.motorola.motocare.internal.frameworkevents.ProcessKillTrigger.handleFrameworkEvent:164 
10-16 08:30:32.414  1034  1312 I ActivityManager: Start proc com.google.android.apps.magazines for broadcast com.google.android.apps.magazines/com.google.apps.dots.android.newsstand.appwidget.NewsWidgetProvider: pid=16049 uid=10070 gids={50070, 3003, 1028, 1015}
10-16 08:30:32.415  1034  1312 I ActivityManager: Killing 14824:com.xianguo.pad/u0a473 (adj 15): empty #9
10-16 08:30:32.416  1275  3952 W ContextImpl: Calling a method in the system process without a qualified user: android.app.ContextImpl.sendBroadcast:1252 android.content.ContextWrapper.sendBroadcast:365 com.motorola.motocare.util.TriggerHelper$TriggerBuilder.send:76 com.motorola.motocare.internal.frameworkevents.ProcessKillTrigger.sendTrigger:147 com.motorola.motocare.internal.frameworkevents.ProcessKillTrigger.handleFrameworkEvent:164 
10-16 08:30:32.495  1034  8208 I ActivityManager: Process com.comtop.eim:backend (pid 29070) has died.
10-16 08:30:32.496  1034  8208 W ActivityManager: Scheduling restart of crashed service com.comtop.eim/.backend.BackendService in 1000ms
10-16 08:30:32.572  1034  1098 D WifiService: New client listening to asynchronous messages
10-16 08:30:32.697  1034  1314 I ActivityManager: Killing 15353:com.motorola.contextual.smartrules2/u0a32 (adj 15): empty #9
10-16 08:30:32.699  1275  3952 W ContextImpl: Calling a method in the system process without a qualified user: android.app.ContextImpl.sendBroadcast:1252 android.content.ContextWrapper.sendBroadcast:365 com.motorola.motocare.util.TriggerHelper$TriggerBuilder.send:76 com.motorola.motocare.internal.frameworkevents.ProcessKillTrigger.sendTrigger:147 com.motorola.motocare.internal.frameworkevents.ProcessKillTrigger.handleFrameworkEvent:164 
10-16 08:30:32.785  1034  1048 I ActivityManager: Start proc sogou.mobile.explorer.hotwords for broadcast com.sohu.inputmethod.sogou/sogou.mobile.explorer.hotwords.browser.SemobWakeUpReceiver: pid=16112 uid=10171 gids={50171, 3003, 1028, 1015}
10-16 08:30:32.839  1034  7580 I ActivityManager: Killing 14942:com.google.android.talk/u0a65 (adj 15): empty #9
10-16 08:30:32.840  1275  3952 W ContextImpl: Calling a method in the system process without a qualified user: android.app.ContextImpl.sendBroadcast:1252 android.content.ContextWrapper.sendBroadcast:365 com.motorola.motocare.util.TriggerHelper$TriggerBuilder.send:76 com.motorola.motocare.internal.frameworkevents.ProcessKillTrigger.sendTrigger:147 com.motorola.motocare.internal.frameworkevents.ProcessKillTrigger.handleFrameworkEvent:164 
10-16 08:30:32.855  1034  8207 I ActivityManager: Killing 14985:com.motorola.MotGallery2/u0a31 (adj 15): empty #9
10-16 08:30:32.858  1275  3952 W ContextImpl: Calling a method in the system process without a qualified user: android.app.ContextImpl.sendBroadcast:1252 android.content.ContextWrapper.sendBroadcast:365 com.motorola.motocare.util.TriggerHelper$TriggerBuilder.send:76 com.motorola.motocare.internal.frameworkevents.ProcessKillTrigger.sendTrigger:147 com.motorola.motocare.internal.frameworkevents.ProcessKillTrigger.handleFrameworkEvent:164 
10-16 08:30:32.864  1034  1105 W ActivityManager: Unable to start service Intent { act=com.sogou.pushservice.action.METHOD cmp=/com.sogou.udp.push.PushService (has extras) } U=0: not found
10-16 08:30:32.900  1034  1105 I ActivityManager: Start proc com.comtop.map:bdservice_v1 for broadcast com.comtop.map/com.baidu.android.pushservice.PushServiceReceiver: pid=16133 uid=10292 gids={50292, 3003, 1028, 1015}
10-16 08:30:33.076  1034  3233 W ActivityManager: Unable to start service Intent { act=download.service.action } U=0: not found
10-16 08:30:33.131  1034  1061 I ActivityManager: Start proc fq.router2 for broadcast fq.router2/.ConnectivityChangeReceiver: pid=16150 uid=10167 gids={50167, 3003, 1028, 1015}
10-16 08:30:33.133  1034  7582 I ActivityManager: Killing 15040:com.android.deskclock/u0a12 (adj 15): empty #9
10-16 08:30:33.135  1275  3952 W ContextImpl: Calling a method in the system process without a qualified user: android.app.ContextImpl.sendBroadcast:1252 android.content.ContextWrapper.sendBroadcast:365 com.motorola.motocare.util.TriggerHelper$TriggerBuilder.send:76 com.motorola.motocare.internal.frameworkevents.ProcessKillTrigger.sendTrigger:147 com.motorola.motocare.internal.frameworkevents.ProcessKillTrigger.handleFrameworkEvent:164 
10-16 08:30:33.180  1034  1048 I ActivityManager: Start proc com.diune.pictures for broadcast com.diune.pictures/.service.NetworkChangeReceiver: pid=16168 uid=10317 gids={50317, 3003, 1028, 1015}
10-16 08:30:33.225  1034  1098 D WifiService: New client listening to asynchronous messages
10-16 08:30:33.250  1034  3252 I ActivityManager: Start proc com.xianguo.pad for broadcast com.xianguo.pad/.activity.manager.NetworkMonitor: pid=16183 uid=10473 gids={50473, 3003, 1028, 1015}
10-16 08:30:33.251  1034  3252 I ActivityManager: Killing 15992:android.process.media/u0a16 (adj 15): empty #9
10-16 08:30:33.253  1275  3952 W ContextImpl: Calling a method in the system process without a qualified user: android.app.ContextImpl.sendBroadcast:1252 android.content.ContextWrapper.sendBroadcast:365 com.motorola.motocare.util.TriggerHelper$TriggerBuilder.send:76 com.motorola.motocare.internal.frameworkevents.ProcessKillTrigger.sendTrigger:147 com.motorola.motocare.internal.frameworkevents.ProcessKillTrigger.handleFrameworkEvent:164 
10-16 08:30:33.301  1034  1085 V AlarmManager: sending alarm Alarm{42585508 type 3 com.xianguo.pad}
