10-30 17:50:23.342 11988-12076/com.comtop.mim D/CloudRequestCallback: param:{"site":"cntaobao,cnalichn,enaliint","optype":1,"count":20,"now":1446198593,"token":"385aa25c2b6951827203aa2c1e05ad44","btime":1446197692,"device":82,"appid":100817,"actor":"idvj1r4l000150888cb0740c","out":"mobile"} cmd:4100
10-30 17:50:23.343 11988-11988/com.comtop.mim D/DataNetworkManager: receive tcms status:0
10-30 17:50:23.344 11988-11988/com.comtop.mim I/Native: InetIO_SetForeground 0
10-30 17:50:23.345 11988-12076/com.comtop.mim D/SocketChannel: reqCommonCmd, cmdid = 4100reqPara = {"site":"cntaobao,cnalichn,enaliint","optype":1,"count":20,"now":1446198593,"token":"385aa25c2b6951827203aa2c1e05ad44","btime":1446197692,"device":82,"appid":100817,"actor":"idvj1r4l000150888cb0740c","out":"mobile"}
10-30 17:50:23.345 11988-12076/com.comtop.mim I/Native: InetIO_ngetLoginState
10-30 17:50:23.345 11988-12076/com.comtop.mim I/Native: current user idvj1r4l000150888cb0740c
10-30 17:50:23.345 11988-12076/com.comtop.mim I/EgoAccount.api: getLoginState:2
10-30 17:50:23.345 11988-12076/com.comtop.mim I/SocketChannel: valid req fail
10-30 17:50:23.346 11988-12076/com.comtop.mim D/SocketChannel: reqCommonCmd invalid
10-30 17:50:23.346 11988-12076/com.comtop.mim I/HttpChannel.api: getLatestContacts
10-30 17:50:23.706 11988-20419/com.comtop.mim I/WXContext@idvj1r4l000150888cb0740c@login: begin connect to local server.
10-30 17:50:23.706 11988-20419/com.comtop.mim I/WXContext@idvj1r4l000150888cb0740c@login: end   connect to local server, ret=0, fd=80
10-30 17:50:23.858 11988-11988/com.comtop.mim D/DataNetworkManager: receive tcms status:0
10-30 17:50:23.858 11988-11988/com.comtop.mim D/DataNetworkManager: receive tcms status:0
10-30 17:50:23.858 11988-11988/com.comtop.mim I/Native: InetIO_SetForeground 0
10-30 17:50:23.924 11988-11988/com.comtop.mim D/IMChannel: onActivityPaused:ui.MainActivity
10-30 17:50:23.925 11988-11988/com.comtop.mim I/YWConversationManagerImpl: removeConversationListener
10-30 17:50:23.979 11988-11988/com.comtop.mim D/DataNetworkManager: receive tcms status:1
10-30 17:50:23.979 11988-11988/com.comtop.mim D/DataNetworkManager: receive tcms status:1
10-30 17:50:23.980 11988-11988/com.comtop.mim D/TCMSStateChangeReceiver: begin---com.alibaba.tcms.channel.CONNECTIONED---with channel key:ALL
10-30 17:50:23.992 11988-11988/com.comtop.mim I/ServiceChooseHelper: startService, xpushnative://xpush/serviceStart code:1 conetxt.getPackageAppName:com.comtop.mim appname:com.alibaba.openIMUIDemo tcmsservicename:com.alibaba.tcms.service.MonitorActivity
10-30 17:50:24.707 11988-20419/com.comtop.mim I/WXContext@idvj1r4l000150888cb0740c@login: cannot connect to the server
10-30 17:50:24.708 11988-20419/com.comtop.mim I/jni/inet/android/native/common/calljava.cpp: nativeLog
10-30 17:50:24.709 11988-12073/com.comtop.mim W/WXContext@idvj1r4l000150888cb0740c@loginmynative: 连接到TCMS失败
10-30 17:50:24.710 11988-12073/com.comtop.mim I/nativeLog: begin native log
10-30 17:50:24.713 11988-12073/com.comtop.mim E/im@WXContext@idvj1r4l000150888cb0740c@login: 连接到TCMS失败
10-30 17:50:24.715 11988-20419/com.comtop.mim I/jni/inet/android/native/common/calljava.cpp: releaseWakeLock
10-30 17:50:24.716 11988-20419/com.comtop.mim I/WXContext@idvj1r4l000150888cb0740c@login: key:track value:{
                                                                                          	"name":	"login",
                                                                                          	"comsume":	3021,
                                                                                          	"steps":	[{
                                                                                          			"name":	"connect2ims",
                                                                                          			"comsume":	3016,
                                                                                          			"result":	-1
                                                                                          		}],
                                                                                          	"result":	99
                                                                                          }
10-30 17:50:24.717 11988-20419/com.comtop.mim I/WXContext@idvj1r4l000150888cb0740c@login: loginThreadFunc appId = 100817
10-30 17:50:24.717 11988-20419/com.comtop.mim I/WXContext@idvj1r4l000150888cb0740c@login: app getForeground:0
10-30 17:50:24.717 11988-20419/com.comtop.mim I/WXContext@idvj1r4l000150888cb0740c@login: sleep 10 seconds.
10-30 17:50:24.717 11988-12106/com.comtop.mim I/callback@native@im: updateData
10-30 17:50:24.717 11988-12106/com.comtop.mim D/InetIO: updateData, lAccout:idvj1r4l000150888cb0740c userId:idvj1r4l000150888cb0740c key:track value:{
                                                        	"name":	"login",
                                                        	"comsume":	3021,
                                                        	"steps":	[{
                                                        			"name":	"connect2ims",
                                                        			"comsume":	3016,
                                                        			"result":	-1
                                                        		}],
                                                        	"result":	99
                                                        }
10-30 17:50:24.717 11988-12063/com.comtop.mim I/Native: InetIO_ngetLoginState
10-30 17:50:24.718 11988-12063/com.comtop.mim I/Native: current user idvj1r4l000150888cb0740c
10-30 17:50:24.718 11988-12063/com.comtop.mim I/InetIO: lAccount:idvj1r4l000150888cb0740c ,mState:2 ,msg.what=7
10-30 17:50:24.718 11988-12063/com.comtop.mim I/InetIO: handleUpdateData
10-30 17:50:24.718 11988-12063/com.comtop.mim D/MessageDispatcher: onUpdateData:track {
                                                                   	"name":	"login",
                                                                   	"comsume":	3021,
                                                                   	"steps":	[{
                                                                   			"name":	"connect2ims",
                                                                   			"comsume":	3016,
                                                                   			"result":	-1
                                                                   		}],
                                                                   	"result":	99
                                                                   }
10-30 17:50:24.719 11988-12063/com.comtop.mim D/onUpdateData: {ctStatus=2, ct=3016}
10-30 17:50:24.732 11988-11988/com.comtop.mim D/IMChannel: onActivityStopped:ui.MainActivity
10-30 17:50:24.735 11988-11988/com.comtop.mim I/Native: InetIO_SetForeground 0
10-30 17:50:25.718 11988-20419/com.comtop.mim I/WXContext@idvj1r4l000150888cb0740c@login: 退出登录线程1,xpush=1, 不尝试重登录. isForeground:0
10-30 17:50:26.720 11988-20419/com.comtop.mim I/WXContext@idvj1r4l000150888cb0740c@login: 退出登录线程1,xpush=1, 不尝试重登录. isForeground:0
10-30 17:50:27.722 11988-20419/com.comtop.mim I/WXContext@idvj1r4l000150888cb0740c@login: 退出登录线程1,xpush=1, 不尝试重登录. isForeground:0
10-30 17:50:28.749 11988-20419/com.comtop.mim I/WXContext@idvj1r4l000150888cb0740c@login: 退出登录线程1,xpush=1, 不尝试重登录. isForeground:0
10-30 17:50:29.775 11988-20419/com.comtop.mim I/WXContext@idvj1r4l000150888cb0740c@login: 退出登录线程1,xpush=1, 不尝试重登录. isForeground:0
10-30 17:50:30.778 11988-20419/com.comtop.mim I/WXContext@idvj1r4l000150888cb0740c@login: 退出登录线程1,xpush=1, 不尝试重登录. isForeground:0
10-30 17:50:30.797 11988-11988/com.comtop.mim D/TCMSService: onStart----
10-30 17:50:30.865 11988-12100/com.comtop.mim D/ListenerService: begin---NOTICE_TYPE---data:
                                                                 {
                                                                 	"data" : "activeim",
                                                                 	"eventid" : "1",
                                                                 	"type" : 0
                                                                 }
10-30 17:50:30.870 11988-20651/com.comtop.mim I/ListenerService: begin---onCustomPushData---
10-30 17:50:30.872 11988-20651/com.comtop.mim W/YWChannel: onCustomPushData data=activeim start AutoLogin
10-30 17:50:30.873 11988-20651/com.comtop.mim D/YWChannel: doAutoLoginImpl
10-30 17:50:30.877 11988-20651/com.comtop.mim I/WXSecurityStoreWrapper: getString use store1
10-30 17:50:30.915 11988-20651/com.comtop.mim I/WXSecurityStoreWrapper: getString use store1
10-30 17:50:30.915 11988-20651/com.comtop.mim I/WXSecurityStoreWrapper: getString use store1
10-30 17:50:30.916 11988-20651/com.comtop.mim D/YWChannel: doAutoLoginImpl userid=000150888cb0740c appkey=23232985
10-30 17:50:30.916 11988-20651/com.comtop.mim I/im@im@login: [Login-login]用户：000150888cb0740c 开始登录！
10-30 17:50:30.936 11988-20651/com.comtop.mim I/WxUtil: current process name:com.comtop.mim---main process name:com.comtop.mim
10-30 17:50:30.942 11988-20651/com.comtop.mim D/EgoAccount.api: getAccount:idvj1r4l000150888cb0740c appId:100817
10-30 17:50:31.021 11988-20651/com.comtop.mim I/YWAccount: loginAccount
10-30 17:50:31.023 11988-20651/com.comtop.mim D/YWChannel: YWChannel getSessionId mOpenAccountAdapter is null
10-30 17:50:31.024 11988-20651/com.comtop.mim D/im@im@login: [Login-loginAccount]mSessionId is emplty get sessionId = 
10-30 17:50:31.026 11988-20651/com.comtop.mim D/im@im@login: [Login-loginAccount]mSessionId still is emplty
10-30 17:50:31.027 11988-20651/com.comtop.mim D/YWAccount: updateUserAccount called prefix=idvj1r4l
10-30 17:50:31.029 11988-20651/com.comtop.mim D/EgoAccount.api: getAccount:idvj1r4l000150888cb0740c appId:100817
10-30 17:50:31.030 11988-20651/com.comtop.mim D/EgoAccount.api: getAccount:idvj1r4l000150888cb0740c appId:100817
10-30 17:50:31.033 11988-20651/com.comtop.mim D/LoginParam: setSsoParam:{"appkey":"23232985"}
10-30 17:50:31.041 11988-20651/com.comtop.mim D/YWContactManagerImpl: com.alibaba.mobileim.gingko.presenter.contact.YWContactManagerImpl@4245f0d0
10-30 17:50:31.042 11988-20651/com.comtop.mim W/YWAccount: contact null
10-30 17:50:31.043 11988-20651/com.comtop.mim D/im@im@login: [Login-loginAccount]login contact is null!
10-30 17:50:31.045 11988-20651/com.comtop.mim D/im@im@login: [Login-loginAccount]start login timeout=20000
10-30 17:50:31.069 11988-20651/com.comtop.mim I/YWAccount: isAutoLogin
10-30 17:50:31.072 11988-20651/com.comtop.mim D/Account: mLoginState0 this:com.alibaba.mobileim.lib.presenter.account.Account@424665c8
10-30 17:50:31.073 11988-20651/com.comtop.mim D/im@im@login: [Login-login]set uuId 54217f5bcdc746edad2839f150520523
10-30 17:50:31.075 11988-20651/com.comtop.mim D/EgoAccount.api: getAccount:idvj1r4l000150888cb0740c appId:100817
10-30 17:50:31.076 11988-12063/com.comtop.mim I/Native: InetIO_ngetLoginState
10-30 17:50:31.077 11988-12063/com.comtop.mim I/Native: current user idvj1r4l000150888cb0740c
10-30 17:50:31.078 11988-20651/com.comtop.mim I/SocketChannel.api: start_login version=1.3.0_ANDROID_OPENIM
10-30 17:50:31.081 11988-12063/com.comtop.mim I/InetIO: lAccount:idvj1r4l000150888cb0740c ,mState:2 ,msg.what=1
10-30 17:50:31.095 11988-12063/com.comtop.mim I/Native: InetIO_setOSInfo
10-30 17:50:31.144 11988-12063/com.comtop.mim I/Native: InetIO_nInitAccount
10-30 17:50:31.191 11988-12063/com.comtop.mim D/dalvikvm: GC_FOR_ALLOC freed 2037K, 12% free 15908K/17980K, paused 35ms, total 36ms
10-30 17:50:31.192 11988-12063/com.comtop.mim D/InetIO: nlogin, pwdType:64 channel:1 accountType:1 account=idvj1r4l000150888cb0740c loginId=idvj1r4l000150888cb0740c extraData={"appkey":"23232985"} appid=100817
10-30 17:50:31.193 11988-12063/com.comtop.mim I/Native: InetIO_login
10-30 17:50:31.195 11988-12063/com.comtop.mim I/WXContext@idvj1r4l000150888cb0740c@login: startLogin..., pushSetting:1
10-30 17:50:31.196 11988-12063/com.comtop.mim I/WXContext@idvj1r4l000150888cb0740c@login: startLogin, loginId=idvj1r4l000150888cb0740c, checkcode=, appId=100817,
10-30 17:50:31.197 11988-11997/com.comtop.mim W/SQLiteConnectionPool: A SQLiteConnection object for database '/data/data/com.comtop.mim/databases/823ade7d60ead01cb1fb9efcdb0134f5' was leaked!  Please fix your application to end transactions in progress properly and to close the database when it is no longer needed.
10-30 17:50:31.198 11988-12063/com.comtop.mim I/jni/inet/android/native/common/calljava.cpp: nativeLog
10-30 17:50:31.199 11988-12073/com.comtop.mim W/WXContext@idvj1r4l000150888cb0740c@loginmynative: =调用登录= pwdtype:64, lastips:
10-30 17:50:31.201 11988-12073/com.comtop.mim I/nativeLog: begin native log
10-30 17:50:31.202 11988-12073/com.comtop.mim I/im@WXContext@idvj1r4l000150888cb0740c@login: =调用登录= pwdtype:64, lastips:
10-30 17:50:31.206 11988-11997/com.comtop.mim W/MediaPlayer-JNI: MediaPlayer finalized without being released
10-30 17:50:31.304 11988-12063/com.comtop.mim I/jni/inet/android/native/common/calljava.cpp: nativeLog
10-30 17:50:31.306 11988-12073/com.comtop.mim W/WXContext@idvj1r4l000150888cb0740c@loginmynative: 结束前一次登录线程
10-30 17:50:31.309 11988-12073/com.comtop.mim I/nativeLog: begin native log
10-30 17:50:31.313 11988-12073/com.comtop.mim I/im@WXContext@idvj1r4l000150888cb0740c@login: 结束前一次登录线程
10-30 17:50:31.316 11988-20419/com.comtop.mim I/imservice@native@im: /nSIGALRM has come. alrm_signal will kill thread
10-30 17:50:31.317 11988-12063/com.comtop.mim I/WXContext@idvj1r4l000150888cb0740c@login: start loginThreadFunc ....... from login
10-30 17:50:31.318 11988-12106/com.comtop.mim I/callback@native@im: Logining
10-30 17:50:31.320 11988-20662/com.comtop.mim I/WXContext@idvj1r4l000150888cb0740c@login: Before Login
10-30 17:50:31.320 11988-12063/com.comtop.mim I/Native: InetIO_ngetLoginState
10-30 17:50:31.321 11988-12063/com.comtop.mim I/Native: current user idvj1r4l000150888cb0740c
10-30 17:50:31.322 11988-12063/com.comtop.mim I/InetIO: lAccount:idvj1r4l000150888cb0740c ,mState:2 ,msg.what=6
10-30 17:50:31.322 11988-12063/com.comtop.mim I/InetIO: doLogining
10-30 17:50:31.324 11988-20662/com.comtop.mim I/jni/inet/android/native/common/calljava.cpp: getDataNetworkType
10-30 17:50:31.325 11988-12073/com.comtop.mim I/JNIUtil: getDataNetworkType 1 ret=1
10-30 17:50:31.327 11988-20662/com.comtop.mim I/jni/inet/android/native/common/calljava.cpp: aquireWakeLock
10-30 17:50:31.329 11988-20662/com.comtop.mim I/WXContext@idvj1r4l000150888cb0740c@login: LoginOnPushChannel
10-30 17:50:31.330 11988-20662/com.comtop.mim I/WXContext@idvj1r4l000150888cb0740c@login: try LoginOnPushChannel
10-30 17:50:31.332 11988-20662/com.comtop.mim I/WXContext@idvj1r4l000150888cb0740c@login: begin connect to local server.
10-30 17:50:31.334 11988-12063/com.comtop.mim I/ServiceChooseHelper: ClientRegInfo, 23015524 com.alibaba.openIMUIDemo
10-30 17:50:31.335 11988-12063/com.comtop.mim I/ServiceChooseHelper: startService, xpushnative://xpush/serviceStart code:0 conetxt.getPackageAppName:com.comtop.mim appname:com.alibaba.openIMUIDemo tcmsservicename:com.alibaba.tcms.service.MonitorActivity
10-30 17:50:31.352 11988-12063/com.comtop.mim D/MessageDispatcher: doLogining.
10-30 17:50:31.355 11988-12063/com.comtop.mim D/MessageDispatcher: doLogining, com.alibaba.mobileim.lib.presenter.conversation.ConversationManager@42475fa0 is notified.
10-30 17:50:31.357 11988-20662/com.comtop.mim I/WXContext@idvj1r4l000150888cb0740c@login: has connect
10-30 17:50:31.361 11988-20662/com.comtop.mim I/WXContext@idvj1r4l000150888cb0740c@login: end   connect to local server, ret=1, fd=59
10-30 17:50:31.363 11988-12063/com.comtop.mim D/MessageDispatcher: doLogining, com.alibaba.mobileim.lib.presenter.account.Account@424665c8 is notified.
10-30 17:50:31.365 11988-20662/com.comtop.mim I/WXContext@idvj1r4l000150888cb0740c@login: conntoPushService begin read...
10-30 17:50:31.368 11988-20662/com.comtop.mim I/WXContext@idvj1r4l000150888cb0740c@login: conntoPushService read timeout, wait ts:0, timeout:10
10-30 17:50:32.379 11988-20662/com.comtop.mim I/WXContext@idvj1r4l000150888cb0740c@login: conntoPushService successfully.
10-30 17:50:32.385 11988-20662/com.comtop.mim I/jni/inet/android/native/common/calljava.cpp: nativeLog
10-30 17:50:32.388 11988-12073/com.comtop.mim W/WXContext@idvj1r4l000150888cb0740c@loginmynative: 连接到TCMS成功
10-30 17:50:32.391 11988-12073/com.comtop.mim I/nativeLog: begin native log
10-30 17:50:32.396 11988-12073/com.comtop.mim I/im@WXContext@idvj1r4l000150888cb0740c@login: 连接到TCMS成功
10-30 17:50:32.399 11988-20662/com.comtop.mim I/inetimpl@native@im: RegisterFd,fd=59
10-30 17:50:32.414 11988-20662/com.comtop.mim I/WXContext@idvj1r4l000150888cb0740c@login: no renewal.
10-30 17:50:32.415 11988-20662/com.comtop.mim I/jni/inet/android/native/common/calljava.cpp: call inetMd5, content:?N??????o??
10-30 17:50:32.418 11988-12073/com.comtop.mim D/JNIUtil: java inetMd5
10-30 17:50:32.421 11988-20662/com.comtop.mim I/jni/inet/android/native/common/calljava.cpp: call getRSAEncryptKey
10-30 17:50:32.423 11988-12073/com.comtop.mim D/JNIUtil: getRSAEncryptKey
10-30 17:50:32.428 11988-20662/com.comtop.mim I/WXContext@idvj1r4l000150888cb0740c@login: sending exchangeKey req
10-30 17:50:32.431 11988-20662/com.comtop.mim I/WXContext@idvj1r4l000150888cb0740c@login: extrahead:idvj1r4l000150888cb0740c, reserved:1
10-30 17:50:32.433 11988-20662/com.comtop.mim I/inetimpl@native@im@msg: PostMsg,cmdid=0x1000005,seqid=54,cmdtype=0,compress=0,encrypted=28
10-30 17:50:32.436 11988-20662/com.comtop.mim D/packagesize: headerlen:52, bodylen:138, extraheadlen:24
10-30 17:50:32.438 11988-20662/com.comtop.mim I/imservice@native@im: synccall before TimedWait=8 seconds,seqid=54
10-30 17:50:32.528 11988-12105/com.comtop.mim I/inetimpl@native@im@msg@sendbytes: 196,fd=59,error=11
10-30 17:50:32.753 11988-12105/com.comtop.mim I/inetimpl@native@im@msg@recvbytes: 80,fd=59,bufsize=80
10-30 17:50:32.754 11988-12105/com.comtop.mim I/inetimpl@native@im@msg@recv: 接收到消息, seqid=54
10-30 17:50:32.756 11988-12107/com.comtop.mim I/imservice@native@im: clientAsyncCallbackThrFunc get one SyncResponse, Signal,cmdid=0x1010005,seqid=54,rspdatasize=56,errcode=0
10-30 17:50:32.757 11988-20662/com.comtop.mim I/imservice@native@im: synccall  after TimedWait=8 seconds, ret=0
10-30 17:50:32.759 11988-20662/com.comtop.mim I/WXContext@idvj1r4l000150888cb0740c@login: get exchangeKey rsp
10-30 17:50:32.762 11988-20662/com.comtop.mim I/jni/inet/android/native/common/calljava.cpp: call inetMd5, content:?`?[??@
10-30 17:50:32.764 11988-12073/com.comtop.mim D/JNIUtil: java inetMd5
10-30 17:50:32.766 11988-20662/com.comtop.mim I/jni/inet/android/native/common/calljava.cpp: nativeLog
10-30 17:50:32.767 11988-12073/com.comtop.mim W/WXContext@idvj1r4l000150888cb0740c@loginmynative: 交换密钥成功
10-30 17:50:32.768 11988-12073/com.comtop.mim I/nativeLog: begin native log
10-30 17:50:32.770 11988-12073/com.comtop.mim I/im@WXContext@idvj1r4l000150888cb0740c@login: 交换密钥成功
10-30 17:50:32.771 11988-20662/com.comtop.mim I/WXContext@idvj1r4l000150888cb0740c@login: mClientId=a0kstr1ck2paw1vh.
10-30 17:50:32.773 11988-20662/com.comtop.mim I/WXContext@idvj1r4l000150888cb0740c@login: pwdtype:64, ver:1.3.0_ANDROID_OPENIM, osver:19,dever:82, uuid:54217f5bcdc746edad2839f150520523,appid:100817,extradata:{"appkey":"23232985"}, cid:a0kstr1ck2paw1vh, accountType:1, channelUsed:1
10-30 17:50:32.774 11988-20662/com.comtop.mim I/WXContext@idvj1r4l000150888cb0740c@login: begin send LoginPw
10-30 17:50:32.775 11988-12105/com.comtop.mim I/inetimpl@native@im@msg: SaveRspMsg,cmdid=0x1010005,seqid=54,cmdtype=0,compress=0,encrypted=5320
10-30 17:50:32.776 11988-20662/com.comtop.mim I/WXContext@idvj1r4l000150888cb0740c@login: extrahead:idvj1r4l000150888cb0740c, reserved:1
10-30 17:50:32.777 11988-20662/com.comtop.mim I/inetimpl@native@im@msg: PostMsg,cmdid=0x1000003,seqid=55,cmdtype=1,compress=1,encrypted=28
10-30 17:50:32.779 11988-20662/com.comtop.mim D/packagesize: headerlen:52, bodylen:176, extraheadlen:24
10-30 17:50:32.780 11988-20662/com.comtop.mim I/imservice@native@im: synccall before TimedWait=8 seconds,seqid=55
10-30 17:50:32.781 11988-12105/com.comtop.mim I/inetimpl@native@im@msg@sendbytes: 234,fd=59,error=11
10-30 17:50:32.859 11988-12105/com.comtop.mim I/inetimpl@native@im@msg@recvbytes: 504,fd=59,bufsize=504
10-30 17:50:32.859 11988-12105/com.comtop.mim I/inetimpl@native@im@msg@recv: 接收到消息, seqid=55
10-30 17:50:32.860 11988-12105/com.comtop.mim I/inetimpl@native@im@msg: SaveRspMsg,cmdid=0x1010003,seqid=55,cmdtype=1,compress=1,encrypted=59883
10-30 17:50:32.864 11988-12107/com.comtop.mim I/imservice@native@im: clientAsyncCallbackThrFunc get one SyncResponse, Signal,cmdid=0x1010003,seqid=55,rspdatasize=480,errcode=0
10-30 17:50:32.865 11988-20662/com.comtop.mim I/imservice@native@im: synccall  after TimedWait=8 seconds, ret=0
10-30 17:50:32.866 11988-20662/com.comtop.mim I/WXContext@idvj1r4l000150888cb0740c@login: after send LoginPw
10-30 17:50:32.867 11988-20662/com.comtop.mim I/jni/inet/android/native/common/calljava.cpp: nativeLog
10-30 17:50:32.871 11988-12073/com.comtop.mim W/WXContext@idvj1r4l000150888cb0740c@loginmynative: 服务端返回xpush=1
10-30 17:50:32.872 11988-12073/com.comtop.mim I/nativeLog: begin native log
10-30 17:50:32.873 11988-12073/com.comtop.mim I/im@WXContext@idvj1r4l000150888cb0740c@login: 服务端返回xpush=1
10-30 17:50:32.874 11988-20662/com.comtop.mim I/WXContext@idvj1r4l000150888cb0740c@login: get a gLoginSessionId.
10-30 17:50:32.875 11988-20662/com.comtop.mim I/WXContext@idvj1r4l000150888cb0740c@login: key:renewal_session value:{"id":"NyUAAAAAAAAJcSe4UAEAAGlkdmoxcjRsMDAwMTUwODg4Y2IwNzQwYyAFDv2E6gzmWc2t6VEsQzxwRkEeoh3q7wY5hIil0o3qyBgVov25Gkn2iMKLRfe0pn8PIayRBLgXUalHp7IPUXkQx5t2ozZAUFjbg+8UqbXVdV5mIVMX/qPHhToiR3LgRjVLQVO/2JHzysoNJc9IUSWUJ8E5/F0h3uMteu6aSXTvV2n2QBu82vOJWO/zV6GGYcgVz0NH/+WvTdlN5Cw4DHq8P+ZZjS/iWMvVE9SgMH0rRlALfP/vJ3oB8nVVoNHKIKYHdKKH5tCbob+H6LBUPwF1nZRsRWII67W/uOFcIQTqcrW3KkW6B3h21aT6mB0JktuwP+4VIFSyIrRyx62G0ZO+","secret":""}
10-30 17:50:32.875 11988-12106/com.comtop.mim I/callback@native@im: updateData
10-30 17:50:32.876 11988-12106/com.comtop.mim D/InetIO: updateData, lAccout:idvj1r4l000150888cb0740c userId:idvj1r4l000150888cb0740c key:renewal_session value:{"id":"NyUAAAAAAAAJcSe4UAEAAGlkdmoxcjRsMDAwMTUwODg4Y2IwNzQwYyAFDv2E6gzmWc2t6VEsQzxwRkEeoh3q7wY5hIil0o3qyBgVov25Gkn2iMKLRfe0pn8PIayRBLgXUalHp7IPUXkQx5t2ozZAUFjbg+8UqbXVdV5mIVMX/qPHhToiR3LgRjVLQVO/2JHzysoNJc9IUSWUJ8E5/F0h3uMteu6aSXTvV2n2QBu82vOJWO/zV6GGYcgVz0NH/+WvTdlN5Cw4DHq8P+ZZjS/iWMvVE9SgMH0rRlALfP/vJ3oB8nVVoNHKIKYHdKKH5tCbob+H6LBUPwF1nZRsRWII67W/uOFcIQTqcrW3KkW6B3h21aT6mB0JktuwP+4VIFSyIrRyx62G0ZO+","secret":""}
10-30 17:50:32.878 11988-12063/com.comtop.mim I/Native: InetIO_ngetLoginState
10-30 17:50:32.879 11988-12063/com.comtop.mim I/Native: current user idvj1r4l000150888cb0740c
10-30 17:50:32.879 11988-20662/com.comtop.mim I/jni/inet/android/native/common/calljava.cpp: nativeLog
10-30 17:50:32.881 11988-12073/com.comtop.mim W/WXContext@idvj1r4l000150888cb0740c@loginmynative: 登录成功
10-30 17:50:32.881 11988-12063/com.comtop.mim I/InetIO: lAccount:idvj1r4l000150888cb0740c ,mState:2 ,msg.what=7
10-30 17:50:32.882 11988-12063/com.comtop.mim I/InetIO: handleUpdateData
10-30 17:50:32.883 11988-12063/com.comtop.mim D/MessageDispatcher: onUpdateData:renewal_session {"id":"NyUAAAAAAAAJcSe4UAEAAGlkdmoxcjRsMDAwMTUwODg4Y2IwNzQwYyAFDv2E6gzmWc2t6VEsQzxwRkEeoh3q7wY5hIil0o3qyBgVov25Gkn2iMKLRfe0pn8PIayRBLgXUalHp7IPUXkQx5t2ozZAUFjbg+8UqbXVdV5mIVMX/qPHhToiR3LgRjVLQVO/2JHzysoNJc9IUSWUJ8E5/F0h3uMteu6aSXTvV2n2QBu82vOJWO/zV6GGYcgVz0NH/+WvTdlN5Cw4DHq8P+ZZjS/iWMvVE9SgMH0rRlALfP/vJ3oB8nVVoNHKIKYHdKKH5tCbob+H6LBUPwF1nZRsRWII67W/uOFcIQTqcrW3KkW6B3h21aT6mB0JktuwP+4VIFSyIrRyx62G0ZO+","secret":""}
10-30 17:50:32.884 11988-12073/com.comtop.mim I/nativeLog: begin native log
10-30 17:50:32.885 11988-12063/com.comtop.mim I/MessageDispatcher: onUpdateData
10-30 17:50:32.887 11988-12073/com.comtop.mim I/im@WXContext@idvj1r4l000150888cb0740c@login: 登录成功
10-30 17:50:32.888 11988-20662/com.comtop.mim I/jni/inet/android/native/common/calljava.cpp: releaseWakeLock
10-30 17:50:32.890 11988-20662/com.comtop.mim I/WXContext@idvj1r4l000150888cb0740c@login: key:track value:{
                                                                                          	"name":	"login",
                                                                                          	"comsume":	1563,
                                                                                          	"steps":	[{
                                                                                          			"name":	"connect2ims",
                                                                                          			"comsume":	1067,
                                                                                          			"result":	0
                                                                                          		}, {
                                                                                          			"name":	"exchangekey",
                                                                                          			"comsume":	350,
                                                                                          			"result":	0
                                                                                          		}, {
                                                                                          			"name":	"loginstep",
                                                                                          			"comsume":	108,
                                                                                          			"result":	0
                                                                                          		}],
                                                                                          	"result":	0
                                                                                          }
10-30 17:50:32.890 11988-12106/com.comtop.mim I/callback@native@im: updateData
10-30 17:50:32.890 11988-12106/com.comtop.mim D/InetIO: updateData, lAccout:idvj1r4l000150888cb0740c userId:idvj1r4l000150888cb0740c key:track value:{
                                                        	"name":	"login",
                                                        	"comsume":	1563,
                                                        	"steps":	[{
                                                        			"name":	"connect2ims",
                                                        			"comsume":	1067,
                                                        			"result":	0
                                                        		}, {
                                                        			"name":	"exchangekey",
                                                        			"comsume":	350,
                                                        			"result":	0
                                                        		}, {
                                                        			"name":	"loginstep",
                                                        			"comsume":	108,
                                                        			"result":	0
                                                        		}],
                                                        	"result":	0
                                                        }
10-30 17:50:32.894 11988-20662/com.comtop.mim I/WXContext@idvj1r4l000150888cb0740c@login: After Login Success
10-30 17:50:32.894 11988-12063/com.comtop.mim I/WXSecurityStoreWrapper: putString use store2
10-30 17:50:32.895 11988-12063/com.comtop.mim I/Native: InetIO_ngetLoginState
10-30 17:50:32.895 11988-12063/com.comtop.mim I/Native: current user idvj1r4l000150888cb0740c
10-30 17:50:32.896 11988-12063/com.comtop.mim I/InetIO: lAccount:idvj1r4l000150888cb0740c ,mState:2 ,msg.what=7
10-30 17:50:32.896 11988-12063/com.comtop.mim I/InetIO: handleUpdateData
10-30 17:50:32.897 11988-12063/com.comtop.mim D/MessageDispatcher: onUpdateData:track {
                                                                   	"name":	"login",
                                                                   	"comsume":	1563,
                                                                   	"steps":	[{
                                                                   			"name":	"connect2ims",
                                                                   			"comsume":	1067,
                                                                   			"result":	0
                                                                   		}, {
                                                                   			"name":	"exchangekey",
                                                                   			"comsume":	350,
                                                                   			"result":	0
                                                                   		}, {
                                                                   			"name":	"loginstep",
                                                                   			"comsume":	108,
                                                                   			"result":	0
                                                                   		}],
                                                                   	"result":	0
                                                                   }
10-30 17:50:32.898 11988-12063/com.comtop.mim D/onUpdateData: {cvStatus=1, ctStatus=1, login=108, cv=350, loginStatus=1, ct=1067}
10-30 17:50:32.901 11988-20662/com.comtop.mim I/WXContext@idvj1r4l000150888cb0740c@login: Finished Login
10-30 17:50:32.974 11988-12106/com.comtop.mim I/callback@native@im: LoginSuccess
10-30 17:50:32.976 11988-12106/com.comtop.mim I/callback@native@im: LoginSuccess, nickname:idvj1r4l000150888cb0740c
10-30 17:50:32.977 11988-12106/com.comtop.mim I/callback@native@im: init nackNake
10-30 17:50:32.978 11988-12106/com.comtop.mim I/callback@native@im: updateData
10-30 17:50:32.978 11988-12063/com.comtop.mim I/Native: InetIO_ngetLoginState
10-30 17:50:32.978 11988-12063/com.comtop.mim I/Native: current user idvj1r4l000150888cb0740c
10-30 17:50:32.979 11988-12063/com.comtop.mim I/InetIO: lAccount:idvj1r4l000150888cb0740c ,mState:1 ,msg.what=3
10-30 17:50:32.980 11988-12063/com.comtop.mim I/InetIO: loginSuccess
10-30 17:50:32.980 11988-12063/com.comtop.mim D/WXContextDefault: setId:idvj1r4l000150888cb0740c
10-30 17:50:32.981 11988-12063/com.comtop.mim D/MessageDispatcher: loginSuccess, loginNotifys.size=2
10-30 17:50:32.982 11988-12063/com.comtop.mim D/MessageDispatcher: loginSuccess com.alibaba.mobileim.lib.presenter.conversation.ConversationManager@42475fa0 is notified.
10-30 17:50:32.982 11988-12063/com.comtop.mim D/EgoAccount.api: getAccount:idvj1r4l000150888cb0740c appId:100817
10-30 17:50:32.984 11988-12106/com.comtop.mim D/InetIO: updateData, lAccout:idvj1r4l000150888cb0740c userId:idvj1r4l000150888cb0740c key:ChannelUsed value:1
10-30 17:50:32.984 11988-12063/com.comtop.mim I/im@im@login: [Login-onLoginSuccess]idvj1r4l000150888cb0740c 登录成功！
10-30 17:50:32.984 11988-12063/com.comtop.mim D/Account: onLoginSuccess
10-30 17:50:32.985 11988-12063/com.comtop.mim D/Account: isTimeOut = false, isLogin = false
10-30 17:50:32.986 11988-12063/com.comtop.mim D/im@im@login: [Login-isTimeOut]isTimeOut = false, isLogin = false
10-30 17:50:32.988 11988-12063/com.comtop.mim I/WXSecurityStoreWrapper: putString use store2
10-30 17:50:32.990 11988-12063/com.comtop.mim I/WXSecurityStoreWrapper: putString use store2
10-30 17:50:32.992 11988-12063/com.comtop.mim I/WXSecurityStoreWrapper: putString use store2
10-30 17:50:32.994 11988-12063/com.comtop.mim D/EgoAccount.api: getAccount:idvj1r4l000150888cb0740c appId:100817
10-30 17:50:33.030 11988-12063/com.comtop.mim D/EgoAccount.api: setID, id=idvj1r4l000150888cb0740c appid:100817
10-30 17:50:33.030 11988-12063/com.comtop.mim D/WXContextDefault: setId:idvj1r4l000150888cb0740c
10-30 17:50:33.031 11988-11988/com.comtop.mim D/Account: 当前已有的notify**********************************
10-30 17:50:33.031 11988-11988/com.comtop.mim D/Account: notify = 1115864688
10-30 17:50:33.031 11988-11988/com.comtop.mim D/Account: 当前已有的notify**********************************
10-30 17:50:33.031 11988-11988/com.comtop.mim D/Account: login success notifying : notify = 1115864688
10-30 17:50:33.031 11988-11988/com.comtop.mim D/im@im@login: [Login-onSuccess]login success!
10-30 17:50:33.031 11988-11988/com.comtop.mim D/YWChannel: doAutoLoginImpl Success
10-30 17:50:33.031 11988-11988/com.comtop.mim D/EgoAccount.api: getAccount:idvj1r4l000150888cb0740c appId:100817
10-30 17:50:33.032 11988-12063/com.comtop.mim D/EgoAccount.api: getAccount:idvj1r4l000150888cb0740c appId:100817
10-30 17:50:33.032 11988-12063/com.comtop.mim I/Native: InetIO_ngetLoginState
10-30 17:50:33.032 11988-12063/com.comtop.mim I/Native: current user idvj1r4l000150888cb0740c
10-30 17:50:33.032 11988-12063/com.comtop.mim I/EgoAccount.api: getLoginState:3
10-30 17:50:33.034 11988-12063/com.comtop.mim I/openimprotocol@native: CntReqGetblack_packData
10-30 17:50:33.034 11988-12063/com.comtop.mim I/openimprotocol@native: CntReqGetblack_packData success!
10-30 17:50:33.035 11988-12063/com.comtop.mim D/test: cmdId:33554440
10-30 17:50:33.035 11988-12063/com.comtop.mim D/SocketChannel.api: getBlackList valid
10-30 17:50:33.035 11988-12063/com.comtop.mim D/MessageDispatcher: loginSuccess com.alibaba.mobileim.lib.presenter.account.Account@424665c8 is notified.
10-30 17:50:33.035 11988-12063/com.comtop.mim D/DegradeStrategyMgr: firstLoginFailTime=0 count=0
10-30 17:50:33.037 11988-12063/com.comtop.mim D/DegradeStrategyMgr:  mType=1 mVersion=1.3.0 mLastCrashTime=0 mNormalCrashCount=0 mUnsatisfiedLinkErrorCount=0 mJniExceptionCount=0 mFirstLoginFailTime=0 mLoginFailCount=0
10-30 17:50:33.037 11988-12063/com.comtop.mim D/DegradeStrategyMgr: firstLoginFailTime=0 count=0
10-30 17:50:33.037 11988-12063/com.comtop.mim I/Native: InetIO_ngetLoginState
10-30 17:50:33.037 11988-12063/com.comtop.mim I/Native: current user idvj1r4l000150888cb0740c
10-30 17:50:33.037 11988-12063/com.comtop.mim I/EgoAccount.api: getLoginState:3
10-30 17:50:33.037 11988-12063/com.comtop.mim I/SocketChannel: start getLogonSessionInfo
10-30 17:50:33.037 11988-12063/com.comtop.mim I/openimprotocol@native: ImReqGetLogonInfo_packData
10-30 17:50:33.037 11988-12063/com.comtop.mim I/openimprotocol@native: ImReqGetLogonInfo_packData success!
10-30 17:50:33.038 11988-12063/com.comtop.mim D/test: cmdId:67108865
10-30 17:50:33.038 11988-12063/com.comtop.mim I/Native: InetIO_ngetLoginState
10-30 17:50:33.038 11988-12063/com.comtop.mim I/Native: current user idvj1r4l000150888cb0740c
10-30 17:50:33.038 11988-12063/com.comtop.mim I/EgoAccount.api: getLoginState:3
10-30 17:50:33.038 11988-12063/com.comtop.mim I/openimprotocol@native: ImReqReadTimes_packData
10-30 17:50:33.038 11988-12063/com.comtop.mim I/openimprotocol@native: ImReqReadTimes_packData success!
10-30 17:50:33.038 11988-12063/com.comtop.mim D/test: cmdId:16777745
10-30 17:50:33.038 11988-12063/com.comtop.mim I/Native: InetIO_ngetLoginState
10-30 17:50:33.038 11988-12063/com.comtop.mim I/Native: current user idvj1r4l000150888cb0740c
10-30 17:50:33.038 11988-12063/com.comtop.mim I/InetIO: lAccount:idvj1r4l000150888cb0740c ,mState:1 ,msg.what=7
10-30 17:50:33.038 11988-12063/com.comtop.mim I/InetIO: handleUpdateData
10-30 17:50:33.038 11988-12063/com.comtop.mim D/InetIO: asyncCall，  cmdid：33554440 appId:100817 bizId:0
10-30 17:50:33.038 11988-12063/com.comtop.mim I/Native: InetIO_asyncCall
10-30 17:50:33.038 11988-12063/com.comtop.mim I/WXContext@idvj1r4l000150888cb0740c@login: extrahead:idvj1r4l000150888cb0740c, reserved:1
10-30 17:50:33.039 11988-12063/com.comtop.mim I/inetimpl@native@im@msg: PostMsg,cmdid=0x2000008,seqid=56,cmdtype=0,compress=1,encrypted=28
10-30 17:50:33.039 11988-12063/com.comtop.mim D/packagesize: headerlen:52, bodylen:24, extraheadlen:24
10-30 17:50:33.039 11988-12105/com.comtop.mim I/inetimpl@native@im@msg@sendbytes: 82,fd=59,error=11
10-30 17:50:33.039 11988-12063/com.comtop.mim D/InetIO: asyncCall，  cmdid：67108865 appId:100817 bizId:0
10-30 17:50:33.039 11988-12063/com.comtop.mim I/Native: InetIO_asyncCall
10-30 17:50:33.039 11988-12063/com.comtop.mim I/WXContext@idvj1r4l000150888cb0740c@login: extrahead:idvj1r4l000150888cb0740c, reserved:1
10-30 17:50:33.040 11988-12063/com.comtop.mim I/inetimpl@native@im@msg: PostMsg,cmdid=0x4000001,seqid=57,cmdtype=0,compress=1,encrypted=28
10-30 17:50:33.040 11988-12063/com.comtop.mim D/packagesize: headerlen:52, bodylen:0, extraheadlen:24
10-30 17:50:33.040 11988-12105/com.comtop.mim I/inetimpl@native@im@msg@sendbytes: 58,fd=59,error=11
10-30 17:50:33.040 11988-12063/com.comtop.mim D/InetIO: asyncCall，  cmdid：16777745 appId:100817 bizId:0
10-30 17:50:33.040 11988-12063/com.comtop.mim I/Native: InetIO_asyncCall
10-30 17:50:33.040 11988-12063/com.comtop.mim I/WXContext@idvj1r4l000150888cb0740c@login: extrahead:idvj1r4l000150888cb0740c, reserved:1
10-30 17:50:33.040 11988-12063/com.comtop.mim I/inetimpl@native@im@msg: PostMsg,cmdid=0x1000211,seqid=58,cmdtype=0,compress=1,encrypted=28
10-30 17:50:33.041 11988-12063/com.comtop.mim D/packagesize: headerlen:52, bodylen:16, extraheadlen:24
10-30 17:50:33.041 11988-12105/com.comtop.mim I/inetimpl@native@im@msg@sendbytes: 74,fd=59,error=11
10-30 17:50:33.139 11988-12105/com.comtop.mim I/inetimpl@native@im@msg@recvbytes: 48,fd=59,bufsize=48
10-30 17:50:33.143 11988-12105/com.comtop.mim I/inetimpl@native@im@msg@recv: 接收到消息, seqid=56
10-30 17:50:33.156 11988-12105/com.comtop.mim I/inetimpl@native@im@msg: SaveRspMsg,cmdid=0x2010008,seqid=56,cmdtype=0,compress=1,encrypted=167
10-30 17:50:33.156 11988-12107/com.comtop.mim I/InetIO: ResponseSuccess, cmdid:33554440
10-30 17:50:33.163 11988-12107/com.comtop.mim D/WXServiceCallbackDefault.api: cmdid:33554440 state: true
10-30 17:50:33.163 11988-12107/com.comtop.mim I/openimprotocol@native: CntRspGetblack_unpackData
10-30 17:50:33.164 11988-12107/com.comtop.mim I/openimprotocol@native: CntRspGetblack_unpackData success!
10-30 17:50:33.214 11988-12105/com.comtop.mim I/inetimpl@native@im@msg@recvbytes: 40,fd=59,bufsize=40
10-30 17:50:33.215 11988-12105/com.comtop.mim I/inetimpl@native@im@msg@recv: 接收到消息, seqid=57
10-30 17:50:33.215 11988-12105/com.comtop.mim I/inetimpl@native@im@msg: SaveRspMsg,cmdid=0x4010001,seqid=57,cmdtype=0,compress=1,encrypted=333
10-30 17:50:33.216 11988-12107/com.comtop.mim I/InetIO: ResponseSuccess, cmdid:67108865
10-30 17:50:33.217 11988-12107/com.comtop.mim D/InetPush: InetPush:doAction, cmdid67108865 bizId:0dingdong:true uuid671088651446198633217
10-30 17:50:33.218 11988-12107/com.comtop.mim D/test: cmdId response:67108865
10-30 17:50:33.227 11988-12107/com.comtop.mim I/InetPush: ImReqGetLogonInfo coming!
10-30 17:50:33.228 11988-12107/com.comtop.mim W/InetPush: ImReqGetLogonInfo infoList error infoList=[]
10-30 17:50:33.229 11988-12107/com.comtop.mim D/WXServiceCallbackDefault.api: cmdid:67108865 state: true
10-30 17:50:33.259 11988-12105/com.comtop.mim I/inetimpl@native@im@msg@recvbytes: 352,fd=59,bufsize=352
10-30 17:50:33.259 11988-12105/com.comtop.mim I/inetimpl@native@im@msg@recv: 接收到消息, seqid=58
10-30 17:50:33.260 11988-12105/com.comtop.mim I/inetimpl@native@im@msg: SaveRspMsg,cmdid=0x1010211,seqid=58,cmdtype=1,compress=1,encrypted=38765
10-30 17:50:33.262 11988-12107/com.comtop.mim I/InetIO: ResponseSuccess, cmdid:16777745
10-30 17:50:33.263 11988-12107/com.comtop.mim D/InetPush: InetPush:doAction, cmdid16777745 bizId:0dingdong:true uuid167777451446198633263
10-30 17:50:33.264 11988-12107/com.comtop.mim D/test: cmdId response:16777745
10-30 17:50:33.265 11988-12107/com.comtop.mim I/InetPush: ImReqReadTimes coming!
10-30 17:50:33.272 11988-12107/com.comtop.mim I/openimprotocol@native: MessageBody_unpackData
10-30 17:50:33.275 11988-12107/com.comtop.mim I/openimprotocol@native: MessageBody_unpackData
10-30 17:50:33.278 11988-12107/com.comtop.mim D/MsgReadedHandlerMgr: onReadTimesRspImpl, size = 2
10-30 17:50:33.281 11988-11988/com.comtop.mim D/MsgReadedHandlerMgr: conversationId = tribe1900097496, conversation = com.alibaba.mobileim.lib.presenter.conversation.TribeConversation@42496c20
10-30 17:50:33.282 11988-11988/com.comtop.mim D/MsgReadedHandlerMgr: localReadTimeStamp = 0
10-30 17:50:33.284 11988-11988/com.comtop.mim D/MsgReadedHandlerMgr: localReadTimeStamp = 0, timeStamp = 1446176670, lastMsgTime = 1446176670
10-30 17:50:33.287 11988-11988/com.comtop.mim D/MsgReadedHandlerMgr: conversationId = tribe1900097496, item = null
10-30 17:50:33.289 11988-11988/com.comtop.mim I/MsgReadedHandlerMgr: flag=1 readTimesInfo: userid=1900097496 timeStamp=1446176670 count=1 retCode=0 lastmsgtime :1446176670
10-30 17:50:33.291 11988-11988/com.comtop.mim D/MsgReadedHandlerMgr: conversationId = idvj1r4l000150888766a901, conversation = com.alibaba.mobileim.lib.presenter.conversation.P2PConversation@4255d6b8
10-30 17:50:33.293 11988-11988/com.comtop.mim D/MsgReadedHandlerMgr: localReadTimeStamp = 1446198439
10-30 17:50:33.294 11988-11988/com.comtop.mim D/MsgReadedHandlerMgr: localReadTimeStamp = 1446198439, timeStamp = 1446198601, lastMsgTime = 1446198601
10-30 17:50:33.295 11988-11988/com.comtop.mim D/MsgReadedHandlerMgr: conversationId = idvj1r4l000150888766a901, item = null
10-30 17:50:33.296 11988-11988/com.comtop.mim I/MsgReadedHandlerMgr: flag=1 readTimesInfo: userid=idvj1r4l000150888766a901 timeStamp=1446198601 count=1 retCode=0 lastmsgtime :1446198601
10-30 17:50:33.297 11988-12107/com.comtop.mim D/WXServiceCallbackDefault.api: cmdid:16777745 state: true
10-30 17:50:33.298 11988-12107/com.comtop.mim I/Native: InetIO_ngetLoginState
10-30 17:50:33.394 11988-12107/com.comtop.mim I/Native: current user idvj1r4l000150888cb0740c
10-30 17:50:33.394 11988-12107/com.comtop.mim I/EgoAccount.api: getLoginState:3
10-30 17:50:33.394 11988-12107/com.comtop.mim I/openimprotocol@native: ImReqOfflinemsg_packData
10-30 17:50:33.395 11988-12107/com.comtop.mim I/openimprotocol@native: ImReqOfflinemsg_packData success!
10-30 17:50:33.397 11988-12107/com.comtop.mim D/test: cmdId:16777245
10-30 17:50:33.398 11988-12107/com.comtop.mim I/SocketChannel.api: reqOfflineMsg
10-30 17:50:33.399 11988-12063/com.comtop.mim D/InetIO: asyncCall，  cmdid：16777245 appId:100817 bizId:0
10-30 17:50:33.400 11988-12063/com.comtop.mim I/Native: InetIO_asyncCall
10-30 17:50:33.401 11988-12063/com.comtop.mim I/WXContext@idvj1r4l000150888cb0740c@login: extrahead:idvj1r4l000150888cb0740c, reserved:1
10-30 17:50:33.402 11988-12063/com.comtop.mim I/inetimpl@native@im@msg: PostMsg,cmdid=0x100001d,seqid=59,cmdtype=0,compress=1,encrypted=28
10-30 17:50:33.403 11988-12063/com.comtop.mim D/packagesize: headerlen:52, bodylen:72, extraheadlen:24
10-30 17:50:33.404 11988-12105/com.comtop.mim I/inetimpl@native@im@msg@sendbytes: 130,fd=59,error=11
10-30 17:50:33.532 11988-12105/com.comtop.mim I/inetimpl@native@im@msg@recvbytes: 288,fd=59,bufsize=288
10-30 17:50:33.535 11988-12105/com.comtop.mim I/inetimpl@native@im@msg@recv: 接收到消息, seqid=59
10-30 17:50:33.536 11988-12105/com.comtop.mim I/inetimpl@native@im@msg: SaveRspMsg,cmdid=0x101001d,seqid=59,cmdtype=1,compress=1,encrypted=31695
10-30 17:50:33.539 11988-12107/com.comtop.mim I/InetIO: ResponseSuccess, cmdid:16777245
10-30 17:50:33.543 11988-12107/com.comtop.mim D/InetPush: InetPush:doAction, cmdid16777245 bizId:0dingdong:true uuid167772451446198633543
10-30 17:50:33.544 11988-12107/com.comtop.mim D/test: cmdId response:16777245
10-30 17:50:33.546 11988-12107/com.comtop.mim I/InetPush: ImReqOfflinemsg coming
10-30 17:50:33.547 11988-12107/com.comtop.mim I/openimprotocol@native: ImRspOfflinemsg_unpackData
10-30 17:50:33.548 11988-12107/com.comtop.mim I/openimprotocol@native: ImRspOfflinemsg_unpackData success!
10-30 17:50:33.551 11988-12107/com.comtop.mim D/InetPush: unpackOfflineMsg{"lastTime":1446198601000,"rsp_data":[{"loginId":"aWR2ajFyNGwwMDAxNTA4ODg3NjZhOTAx","nickname":"MDAwMTUwODg4NzY2YTkwMQ==","subType":0,"data":"AVAJAAAAAQUCAEAAAAAJZGRzZnNkZmRzQAAAAAAGAAAAAAYAAAAA","msgId":6269105459371114509,"msgType":0,"gmtSend":1446198601000,"type":0}],"operation":"get","retcode":0,"leftCount":0}
10-30 17:50:33.554 11988-12107/com.comtop.mim D/InetPush: msgType0
10-30 17:50:33.556 11988-12107/com.comtop.mim I/openimprotocol@native: MessageBody_unpackData
10-30 17:50:33.557 11988-12107/com.comtop.mim D/MessageDispatcher: onPushMessages offlineMsg uuid=167772451446198633543 dingdong=true appid=100817 msgCollectionType=0
10-30 17:50:33.558 11988-12107/com.comtop.mim D/MessageDispatcher: broadCastMsgNotifyed msgid=167772451446198633543 appid=100817
10-30 17:50:33.561 11988-11988/com.comtop.mim D/im@im@msgrecv: [MsgRecv-createP2PConversation]createSimpleP2PConversationidvj1r4l000150888766a901
10-30 17:50:33.562 11988-11988/com.comtop.mim D/ConversationManager: getTimeStamp, conversationIdidvj1r4l000150888766a901
10-30 17:50:33.563 11988-11988/com.comtop.mim D/im@im@msgrecv: [MsgRecv-onPushMessage]timeStamp = 1446198601
10-30 17:50:33.565 11988-11988/com.comtop.mim I/im@im@msgrecv: [MsgRecv-pushMessage]接收到消息:ddsfsdfds, msgId = 6269105459371114509, msgTime = 1446198601
10-30 17:50:33.566 11988-11988/com.comtop.mim D/im@im@msgrecv: [MsgRecv-pushMessage]on push message keyidvj1r4l000150888766a9016269105459371114509idvj1r4l000150888766a901 existInCacheMsg=false msg.getSubtype=0
10-30 17:50:33.568 11988-11988/com.comtop.mim D/MessageList: flag = true
10-30 17:50:33.569 11988-11988/com.comtop.mim D/Conversation@tribe: unReadCount = -1
10-30 17:50:33.571 11988-11988/com.comtop.mim D/ConversationModel: this.unReadCount = 0, unReadCount = 1
10-30 17:50:33.572 11988-11988/com.comtop.mim D/WXUtil: broadCastUnReadMsgCount msgUnReadCount=1 pubPrivateMsgUnReadCount=1
10-30 17:50:33.574 11988-12107/com.comtop.mim D/MessageDispatcher: onPushMessages offlineMsg, IP2PMessageCallback com.alibaba.mobileim.lib.presenter.conversation.ConversationManager@42475fa0 uuid:167772451446198633543 notified, dingdong=true
10-30 17:50:33.575 11988-11988/com.comtop.mim D/Conversation@tribe: bNotify:trueneedNotify:0
10-30 17:50:33.576 11988-11988/com.comtop.mim D/im@im@msgrecv: [MsgRecv-updateConversation]bNotify:trueneedNotify:0
10-30 17:50:33.577 11988-11988/com.comtop.mim I/YWUIAPI: onPushMessage
10-30 17:50:33.578 11988-12107/com.comtop.mim D/MessageDispatcher: onPushMessages bHandledtrue
10-30 17:50:33.580 11988-12107/com.comtop.mim D/InetPush: yiqiu.wang removeContactSyncMsgs
10-30 17:50:33.581 11988-12107/com.comtop.mim I/InetPush: ackOfflineMsg lastTime:1446198601000
10-30 17:50:33.583 11988-12107/com.comtop.mim I/openimprotocol@native: ImReqOfflinemsg_packData
10-30 17:50:33.584 11988-12107/com.comtop.mim I/openimprotocol@native: ImReqOfflinemsg_packData success!
10-30 17:50:33.586 11988-12107/com.comtop.mim D/InetIO: asyncCall，  cmdid：16777245 appId:100817 bizId:0
10-30 17:50:33.588 11988-12107/com.comtop.mim I/Native: InetIO_asyncCall
10-30 17:50:33.589 11988-12107/com.comtop.mim I/WXContext@idvj1r4l000150888cb0740c@login: extrahead:idvj1r4l000150888cb0740c, reserved:1
10-30 17:50:33.591 11988-12107/com.comtop.mim I/inetimpl@native@im@msg: PostMsg,cmdid=0x100001d,seqid=60,cmdtype=0,compress=1,encrypted=28
10-30 17:50:33.592 11988-12107/com.comtop.mim D/packagesize: headerlen:52, bodylen:96, extraheadlen:24
10-30 17:50:33.654 11988-12105/com.comtop.mim I/inetimpl@native@im@msg@sendbytes: 154,fd=59,error=11
10-30 17:50:33.664 11988-12107/com.comtop.mim I/InetPush: reqOfflineMsg
10-30 17:50:33.781 11988-12107/com.comtop.mim D/WXServiceCallbackDefault.api: cmdid:16777245 state: true
10-30 17:50:33.819 11988-11988/com.comtop.mim W/System.err: com.google.gson.JsonSyntaxException: java.lang.IllegalStateException: Expected BEGIN_OBJECT but was STRING at line 1 column 1 path $
10-30 17:50:33.823 11988-12105/com.comtop.mim I/inetimpl@native@im@msg@recvbytes: 112,fd=59,bufsize=112
10-30 17:50:33.823 11988-12105/com.comtop.mim I/inetimpl@native@im@msg@recv: 接收到消息, seqid=60
10-30 17:50:33.823 11988-12105/com.comtop.mim I/inetimpl@native@im@msg: SaveRspMsg,cmdid=0x101001d,seqid=60,cmdtype=0,compress=1,encrypted=5984
10-30 17:50:33.899 11988-11988/com.comtop.mim W/System.err:     at com.google.gson.internal.bind.ReflectiveTypeAdapterFactory$Adapter.read(ReflectiveTypeAdapterFactory.java:200)
10-30 17:50:33.900 11988-11988/com.comtop.mim W/System.err:     at com.google.gson.Gson.fromJson(Gson.java:810)
10-30 17:50:33.902 11988-11988/com.comtop.mim W/System.err:     at com.google.gson.Gson.fromJson(Gson.java:775)
10-30 17:50:33.903 11988-11988/com.comtop.mim W/System.err:     at com.google.gson.Gson.fromJson(Gson.java:724)
10-30 17:50:33.904 11988-11988/com.comtop.mim W/System.err:     at com.google.gson.Gson.fromJson(Gson.java:696)
10-30 17:50:33.904 11988-11988/com.comtop.mim W/System.err:     at com.comtop.mim.app.App$1.resolvePushMessage(App.java:360)
10-30 17:50:33.905 11988-11988/com.comtop.mim W/System.err:     at com.comtop.mim.app.App$1.onPushMessage(App.java:348)
10-30 17:50:33.906 11988-11988/com.comtop.mim W/System.err:     at com.alibaba.mobileim.lib.presenter.conversation.ConversationManager$5.run(ConversationManager.java:1524)
10-30 17:50:33.906 11988-11988/com.comtop.mim W/System.err:     at android.os.Handler.handleCallback(Handler.java:733)
10-30 17:50:33.907 11988-11988/com.comtop.mim W/System.err:     at android.os.Handler.dispatchMessage(Handler.java:95)
10-30 17:50:33.907 11988-11988/com.comtop.mim W/System.err:     at android.os.Looper.loop(Looper.java:136)
10-30 17:50:33.908 11988-11988/com.comtop.mim W/System.err:     at android.app.ActivityThread.main(ActivityThread.java:5086)
10-30 17:50:33.908 11988-11988/com.comtop.mim W/System.err:     at java.lang.reflect.Method.invokeNative(Native Method)
