10-16 07:44:51.587  1275  3952 W ContextImpl: Calling a method in the system process without a qualified user: android.app.ContextImpl.sendBroadcast:1252 android.content.ContextWrapper.sendBroadcast:365 com.motorola.motocare.util.TriggerHelper$TriggerBuilder.send:76 com.motorola.motocare.internal.frameworkevents.ProcessKillTrigger.sendTrigger:147 com.motorola.motocare.internal.frameworkevents.ProcessKillTrigger.handleFrameworkEvent:164 
10-16 07:44:51.883  1034  8208 I ActivityManager: Killing 12971:com.xianguo.pad/u0a473 (adj 15): empty #9
10-16 07:44:51.886  1275  3952 W ContextImpl: Calling a method in the system process without a qualified user: android.app.ContextImpl.sendBroadcast:1252 android.content.ContextWrapper.sendBroadcast:365 com.motorola.motocare.util.TriggerHelper$TriggerBuilder.send:76 com.motorola.motocare.internal.frameworkevents.ProcessKillTrigger.sendTrigger:147 com.motorola.motocare.internal.frameworkevents.ProcessKillTrigger.handleFrameworkEvent:164 
10-16 07:44:51.945  1034  8207 I ActivityManager: Start proc sogou.mobile.explorer.hotwords for broadcast com.sohu.inputmethod.sogou/sogou.mobile.explorer.hotwords.browser.SemobWakeUpReceiver: pid=14473 uid=10171 gids={50171, 3003, 1028, 1015}
10-16 07:44:52.000  1034  2789 I ActivityManager: Killing 12986:com.tencent.mobileqq/u0a703 (adj 15): empty #9
10-16 07:44:52.002  1275  3952 W ContextImpl: Calling a method in the system process without a qualified user: android.app.ContextImpl.sendBroadcast:1252 android.content.ContextWrapper.sendBroadcast:365 com.motorola.motocare.util.TriggerHelper$TriggerBuilder.send:76 com.motorola.motocare.internal.frameworkevents.ProcessKillTrigger.sendTrigger:147 com.motorola.motocare.internal.frameworkevents.ProcessKillTrigger.handleFrameworkEvent:164 
10-16 07:44:52.012  1034  1313 W ActivityManager: Unable to start service Intent { act=com.sogou.pushservice.action.METHOD cmp=/com.sogou.udp.push.PushService (has extras) } U=0: not found
10-16 07:44:52.026  1034  1098 D WifiService: Client connection lost with reason: 4
10-16 07:44:52.058  1034  8208 I ActivityManager: Start proc fq.router2 for broadcast fq.router2/.ConnectivityChangeReceiver: pid=14493 uid=10167 gids={50167, 3003, 1028, 1015}
10-16 07:44:52.123  1034  3233 I ActivityManager: Start proc com.diune.pictures for broadcast com.diune.pictures/.service.NetworkChangeReceiver: pid=14510 uid=10317 gids={50317, 3003, 1028, 1015}
10-16 07:44:52.124  1034  3233 I ActivityManager: Killing 13953:android.process.media/u0a16 (adj 15): empty #9
10-16 07:44:52.126  1275  3952 W ContextImpl: Calling a method in the system process without a qualified user: android.app.ContextImpl.sendBroadcast:1252 android.content.ContextWrapper.sendBroadcast:365 com.motorola.motocare.util.TriggerHelper$TriggerBuilder.send:76 com.motorola.motocare.internal.frameworkevents.ProcessKillTrigger.sendTrigger:147 com.motorola.motocare.internal.frameworkevents.ProcessKillTrigger.handleFrameworkEvent:164 
10-16 07:44:52.218  1034  1314 I ActivityManager: Start proc com.xianguo.pad for broadcast com.xianguo.pad/.activity.manager.NetworkMonitor: pid=14522 uid=10473 gids={50473, 3003, 1028, 1015}
10-16 07:44:52.220  1034  1314 I ActivityManager: Killing 14347:com.android.mms/u0a28 (adj 15): empty #9
10-16 07:44:52.222  1275  3952 W ContextImpl: Calling a method in the system process without a qualified user: android.app.ContextImpl.sendBroadcast:1252 android.content.ContextWrapper.sendBroadcast:365 com.motorola.motocare.util.TriggerHelper$TriggerBuilder.send:76 com.motorola.motocare.internal.frameworkevents.ProcessKillTrigger.sendTrigger:147 com.motorola.motocare.internal.frameworkevents.ProcessKillTrigger.handleFrameworkEvent:164 
10-16 07:44:52.278  1034  1047 I ActivityManager: Killing 14372:com.google.android.setupwizard/u0a38 (adj 15): empty #9
10-16 07:44:52.280  1275  3952 W ContextImpl: Calling a method in the system process without a qualified user: android.app.ContextImpl.sendBroadcast:1252 android.content.ContextWrapper.sendBroadcast:365 com.motorola.motocare.util.TriggerHelper$TriggerBuilder.send:76 com.motorola.motocare.internal.frameworkevents.ProcessKillTrigger.sendTrigger:147 com.motorola.motocare.internal.frameworkevents.ProcessKillTrigger.handleFrameworkEvent:164 
10-16 07:44:52.290  1034  2789 I ActivityManager: Start proc com.tencent.mobileqq for content provider com.tencent.mobileqq/com.tencent.mqq.shared_file_accessor.ContentProviderImpl: pid=14534 uid=10703 gids={50703, 3003, 3002, 3001, 1028, 1015}
10-16 07:44:52.476  1034  1047 I ActivityManager: Killing 14407:com.android.chrome/u0a52 (adj 15): empty #9
10-16 07:44:52.477  1275  3952 W ContextImpl: Calling a method in the system process without a qualified user: android.app.ContextImpl.sendBroadcast:1252 android.content.ContextWrapper.sendBroadcast:365 com.motorola.motocare.util.TriggerHelper$TriggerBuilder.send:76 com.motorola.motocare.internal.frameworkevents.ProcessKillTrigger.sendTrigger:147 com.motorola.motocare.internal.frameworkevents.ProcessKillTrigger.handleFrameworkEvent:164 
10-16 07:44:52.524  1034  8207 I ActivityManager: Start proc android.process.media for broadcast com.android.providers.downloads/.DownloadReceiver: pid=14553 uid=10016 gids={50016, 1028, 1015, 1023, 1024, 2001, 3003, 3007}
10-16 07:44:52.559  1034  1061 I ActivityManager: Start proc com.comtop.mim:TcmsService for service com.comtop.mim/com.alibaba.tcms.service.TCMSService: pid=14569 uid=10722 gids={50722, 3003, 1028, 1015}
10-16 07:44:52.623  1034  1085 V AlarmManager: sending alarm Alarm{42dd49d0 type 3 com.tencent.mm}
10-16 07:44:52.624  1034  1085 V AlarmManager: sending alarm Alarm{42dd4848 type 0 com.comtop.map}
10-16 07:44:52.625  1034  1085 V AlarmManager: sending alarm Alarm{42dd2e48 type 1 com.motorola.motocare}
10-16 07:44:52.645 14553 14553 I openssl : Crypto mode not selected, openssl will run on its regular mode.
10-16 07:44:52.645 14553 14553 I openssl : Crypto mode 0 already enabled
10-16 07:44:52.648  1034  3233 I ActivityManager: Start proc com.android.mms for broadcast com.android.mms/.transaction.MmsSystemEventReceiver: pid=14585 uid=10028 gids={50028, 3003, 1028, 1015}
10-16 07:44:52.650  1034  1105 I ActivityManager: Process com.comtop.map:bdservice_v1 (pid 1482) has died.
10-16 07:44:52.763  1034  1085 V AlarmManager: sending alarm Alarm{42dd1430 type 2 com.google.android.gms}
10-16 07:44:52.817 14569 14569 E AndroidRuntime: FATAL EXCEPTION: main
10-16 07:44:52.817 14569 14569 E AndroidRuntime: Process: com.comtop.mim:TcmsService, PID: 14569
10-16 07:44:52.817 14569 14569 E AndroidRuntime: java.lang.RuntimeException: Unable to create application com.comtop.mim.app.App: java.lang.RuntimeException: can't get inetmode.
10-16 07:44:52.817 14569 14569 E AndroidRuntime: 	at android.app.ActivityThread.handleBindApplication(ActivityThread.java:4412)
10-16 07:44:52.817 14569 14569 E AndroidRuntime: 	at android.app.ActivityThread.access$1500(ActivityThread.java:139)
10-16 07:44:52.817 14569 14569 E AndroidRuntime: 	at android.app.ActivityThread$H.handleMessage(ActivityThread.java:1270)
10-16 07:44:52.817 14569 14569 E AndroidRuntime: 	at android.os.Handler.dispatchMessage(Handler.java:102)
10-16 07:44:52.817 14569 14569 E AndroidRuntime: 	at android.os.Looper.loop(Looper.java:136)
10-16 07:44:52.817 14569 14569 E AndroidRuntime: 	at android.app.ActivityThread.main(ActivityThread.java:5086)
10-16 07:44:52.817 14569 14569 E AndroidRuntime: 	at java.lang.reflect.Method.invokeNative(Native Method)
10-16 07:44:52.817 14569 14569 E AndroidRuntime: 	at java.lang.reflect.Method.invoke(Method.java:515)
10-16 07:44:52.817 14569 14569 E AndroidRuntime: 	at com.android.internal.os.ZygoteInit$MethodAndArgsCaller.run(ZygoteInit.java:785)
10-16 07:44:52.817 14569 14569 E AndroidRuntime: 	at com.android.internal.os.ZygoteInit.main(ZygoteInit.java:601)
10-16 07:44:52.817 14569 14569 E AndroidRuntime: 	at dalvik.system.NativeStart.main(Native Method)
10-16 07:44:52.817 14569 14569 E AndroidRuntime: Caused by: java.lang.RuntimeException: can't get inetmode.
10-16 07:44:52.817 14569 14569 E AndroidRuntime: 	at com.alibaba.mobileim.channel.service.InetIO.java_nGetInetMode(InetIO.java:959)
10-16 07:44:52.817 14569 14569 E AndroidRuntime: 	at com.alibaba.mobileim.channel.IMChannel.prepareInternal(IMChannel.java:204)
10-16 07:44:52.817 14569 14569 E AndroidRuntime: 	at com.alibaba.mobileim.channel.IMChannel.prepare(IMChannel.java:143)
10-16 07:44:52.817 14569 14569 E AndroidRuntime: 	at com.alibaba.mobileim.YWChannel.prepareImpl(YWChannel.java:253)
10-16 07:44:52.817 14569 14569 E AndroidRuntime: 	at com.alibaba.mobileim.YWAPI.init(YWAPI.java:52)
10-16 07:44:52.817 14569 14569 E AndroidRuntime: 	at com.comtop.mim.utils.LoginHelper.init(LoginHelper.java:23)
10-16 07:44:52.817 14569 14569 E AndroidRuntime: 	at com.comtop.mim.app.App.onCreate(App.java:82)
10-16 07:44:52.817 14569 14569 E AndroidRuntime: 	at android.app.Instrumentation.callApplicationOnCreate(Instrumentation.java:1030)
10-16 07:44:52.817 14569 14569 E AndroidRuntime: 	at android.app.ActivityThread.handleBindApplication(ActivityThread.java:4409)
10-16 07:44:52.817 14569 14569 E AndroidRuntime: 	... 10 more
10-16 07:44:52.915  1034  1048 I ActivityManager: Start proc com.google.android.setupwizard for broadcast com.google.android.setupwizard/.MobileConnectivityChangeReceiver: pid=14622 uid=10038 gids={50038, 3003}
10-16 07:44:52.917  1034  1048 I ActivityManager: Killing 12835:com.google.android.apps.plus/u0a83 (adj 15): empty #9
10-16 07:44:52.920  1275  3952 W ContextImpl: Calling a method in the system process without a qualified user: android.app.ContextImpl.sendBroadcast:1252 android.content.ContextWrapper.sendBroadcast:365 com.motorola.motocare.util.TriggerHelper$TriggerBuilder.send:76 com.motorola.motocare.internal.frameworkevents.ProcessKillTrigger.sendTrigger:147 com.motorola.motocare.internal.frameworkevents.ProcessKillTrigger.handleFrameworkEvent:164 
10-16 07:44:52.928  1034  8207 I ActivityManager: Process com.comtop.mim:TcmsService (pid 14569) has died.
10-16 07:44:52.929  1034  8207 W ActivityManager: Service crashed 2 times, stopping: ServiceRecord{43adfc08 u0 com.comtop.mim/com.alibaba.tcms.service.TCMSService}
10-16 07:44:52.972  1034  7582 I ActivityManager: Start proc com.android.chrome for broadcast com.android.chrome/com.google.android.apps.chrome.precache.PrecacheServiceLauncher: pid=14636 uid=10052 gids={50052, 3003, 1028, 1015}
10-16 07:44:52.973  1034  7582 I ActivityManager: Killing 14426:com.google.android.apps.magazines/u0a70 (adj 15): empty #9
10-16 07:44:52.975  1275  3952 W ContextImpl: Calling a method in the system process without a qualified user: android.app.ContextImpl.sendBroadcast:1252 android.content.ContextWrapper.sendBroadcast:365 com.motorola.motocare.util.TriggerHelper$TriggerBuilder.send:76 com.motorola.motocare.internal.frameworkevents.ProcessKillTrigger.sendTrigger:147 com.motorola.motocare.internal.frameworkevents.ProcessKillTrigger.handleFrameworkEvent:164 
10-16 07:44:53.049  1034  7582 I ActivityManager: Start proc com.google.android.apps.plus for broadcast com.google.android.apps.plus/.service.ConnectivityReceiver: pid=14649 uid=10083 gids={50083, 3003, 3002, 1028, 1015}
10-16 07:44:53.050  1034  7582 I ActivityManager: Killing 14843:com.google.android.gms/u0a20 (adj 15): empty #9
10-16 07:44:53.052  1275  3952 W ContextImpl: Calling a method in the system process without a qualified user: android.app.ContextImpl.sendBroadcast:1252 android.content.ContextWrapper.sendBroadcast:365 com.motorola.motocare.util.TriggerHelper$TriggerBuilder.send:76 com.motorola.motocare.internal.frameworkevents.ProcessKillTrigger.sendTrigger:147 com.motorola.motocare.internal.frameworkevents.ProcessKillTrigger.handleFrameworkEvent:164 
10-16 07:44:53.072  1034  1098 D WifiService: Client connection lost with reason: 4
10-16 07:44:53.120  1034  1105 I ActivityManager: Killing 14473:sogou.mobile.explorer.hotwords/u0a171 (adj 15): empty #9
10-16 07:44:53.121  1275  3952 W ContextImpl: Calling a method in the system process without a qualified user: android.app.ContextImpl.sendBroadcast:1252 android.content.ContextWrapper.sendBroadcast:365 com.motorola.motocare.util.TriggerHelper$TriggerBuilder.send:76 com.motorola.motocare.internal.frameworkevents.ProcessKillTrigger.sendTrigger:147 com.motorola.motocare.internal.frameworkevents.ProcessKillTrigger.handleFrameworkEvent:164 
10-16 07:44:53.520  1034  3233 I ActivityManager: Start proc com.google.android.apps.magazines for broadcast com.google.android.apps.magazines/com.google.apps.dots.android.newsstand.appwidget.NewsWidgetProvider: pid=14685 uid=10070 gids={50070, 3003, 1028, 1015}
10-16 07:44:53.712  1034  7580 I ActivityManager: Start proc com.google.android.gms for service com.google.android.gms/.ads.identifier.service.AdvertisingIdService: pid=14723 uid=10020 gids={50020, 3007, 2001, 3003, 1007, 3006, 3002, 3001, 1028, 1015}
10-16 07:44:53.812  1034  8208 I ActivityManager: Killing 14493:fq.router2/u0a167 (adj 15): empty #9
10-16 07:44:53.813  1275  3952 W ContextImpl: Calling a method in the system process without a qualified user: android.app.ContextImpl.sendBroadcast:1252 android.content.ContextWrapper.sendBroadcast:365 com.motorola.motocare.util.TriggerHelper$TriggerBuilder.send:76 com.motorola.motocare.internal.frameworkevents.ProcessKillTrigger.sendTrigger:147 com.motorola.motocare.internal.frameworkevents.ProcessKillTrigger.handleFrameworkEvent:164 
10-16 07:44:54.197  1034  1312 I ActivityManager: Killing 14510:com.diune.pictures/u0a317 (adj 15): empty #9
10-16 07:44:54.199  1275  3952 W ContextImpl: Calling a method in the system process without a qualified user: android.app.ContextImpl.sendBroadcast:1252 android.content.ContextWrapper.sendBroadcast:365 com.motorola.motocare.util.TriggerHelper$TriggerBuilder.send:76 com.motorola.motocare.internal.frameworkevents.ProcessKillTrigger.sendTrigger:147 com.motorola.motocare.internal.frameworkevents.ProcessKillTrigger.handleFrameworkEvent:164 
10-16 07:44:54.325  1034  8208 I ActivityManager: Start proc sogou.mobile.explorer.hotwords for broadcast com.sohu.inputmethod.sogou/sogou.mobile.explorer.hotwords.browser.SemobWakeUpReceiver: pid=14768 uid=10171 gids={50171, 3003, 1028, 1015}
10-16 07:44:54.384  1034  7580 I ActivityManager: Killing 14522:com.xianguo.pad/u0a473 (adj 15): empty #9
10-16 07:44:54.386  1275  3952 W ContextImpl: Calling a method in the system process without a qualified user: android.app.ContextImpl.sendBroadcast:1252 android.content.ContextWrapper.sendBroadcast:365 com.motorola.motocare.util.TriggerHelper$TriggerBuilder.send:76 com.motorola.motocare.internal.frameworkevents.ProcessKillTrigger.sendTrigger:147 com.motorola.motocare.internal.frameworkevents.ProcessKillTrigger.handleFrameworkEvent:164 
10-16 07:44:54.396  1034  3233 W ActivityManager: Unable to start service Intent { act=com.sogou.pushservice.action.METHOD cmp=/com.sogou.udp.push.PushService (has extras) } U=0: not found
10-16 07:44:54.419  1034  1334 I ActivityManager: Start proc com.comtop.map:bdservice_v1 for broadcast com.comtop.map/com.baidu.android.pushservice.PushServiceReceiver: pid=14780 uid=10292 gids={50292, 3003, 1028, 1015}
10-16 07:44:54.542  1034  1314 W ActivityManager: Unable to start service Intent { act=download.service.action } U=0: not found
10-16 07:44:54.586  1034  1198 I ActivityManager: Start proc fq.router2 for broadcast fq.router2/.ConnectivityChangeReceiver: pid=14795 uid=10167 gids={50167, 3003, 1028, 1015}
10-16 07:44:54.587  1034  1198 I ActivityManager: Killing 14534:com.tencent.mobileqq/u0a703 (adj 15): empty #9
10-16 07:44:54.589  1275  3952 W ContextImpl: Calling a method in the system process without a qualified user: android.app.ContextImpl.sendBroadcast:1252 android.content.ContextWrapper.sendBroadcast:365 com.motorola.motocare.util.TriggerHelper$TriggerBuilder.send:76 com.motorola.motocare.internal.frameworkevents.ProcessKillTrigger.sendTrigger:147 com.motorola.motocare.internal.frameworkevents.ProcessKillTrigger.handleFrameworkEvent:164 
10-16 07:44:54.639  1034  1313 I ActivityManager: Start proc com.diune.pictures for broadcast com.diune.pictures/.service.NetworkChangeReceiver: pid=14809 uid=10317 gids={50317, 3003, 1028, 1015}
10-16 07:44:54.689  1034  1312 I ActivityManager: Start proc com.xianguo.pad for broadcast com.xianguo.pad/.activity.manager.NetworkMonitor: pid=14824 uid=10473 gids={50473, 3003, 1028, 1015}
10-16 07:44:54.690  1034  1312 I ActivityManager: Killing 14585:com.android.mms/u0a28 (adj 15): empty #9
10-16 07:44:54.692  1275  3952 W ContextImpl: Calling a method in the system process without a qualified user: android.app.ContextImpl.sendBroadcast:1252 android.content.ContextWrapper.sendBroadcast:365 com.motorola.motocare.util.TriggerHelper$TriggerBuilder.send:76 com.motorola.motocare.internal.frameworkevents.ProcessKillTrigger.sendTrigger:147 com.motorola.motocare.internal.frameworkevents.ProcessKillTrigger.handleFrameworkEvent:164 
10-16 07:44:54.735  1034  8208 I ActivityManager: Killing 14622:com.google.android.setupwizard/u0a38 (adj 15): empty #9
10-16 07:44:54.737  1275  3952 W ContextImpl: Calling a method in the system process without a qualified user: android.app.ContextImpl.sendBroadcast:1252 android.content.ContextWrapper.sendBroadcast:365 com.motorola.motocare.util.TriggerHelper$TriggerBuilder.send:76 com.motorola.motocare.internal.frameworkevents.ProcessKillTrigger.sendTrigger:147 com.motorola.motocare.internal.frameworkevents.ProcessKillTrigger.handleFrameworkEvent:164 
10-16 07:44:54.749  1034  1314 I ActivityManager: Start proc com.tencent.mobileqq for content provider com.tencent.mobileqq/com.tencent.mqq.shared_file_accessor.ContentProviderImpl: pid=14836 uid=10703 gids={50703, 3003, 3002, 3001, 1028, 1015}
10-16 07:44:54.910  1034  7580 I ActivityManager: Killing 14636:com.android.chrome/u0a52 (adj 15): empty #9
10-16 07:44:54.911  1275  3952 W ContextImpl: Calling a method in the system process without a qualified user: android.app.ContextImpl.sendBroadcast:1252 android.content.ContextWrapper.sendBroadcast:365 com.motorola.motocare.util.TriggerHelper$TriggerBuilder.send:76 com.motorola.motocare.internal.frameworkevents.ProcessKillTrigger.sendTrigger:147 com.motorola.motocare.internal.frameworkevents.ProcessKillTrigger.handleFrameworkEvent:164 
10-16 07:44:54.965  1034  1099 D ConnectivityService: handleInetConditionChange: no active default network - ignore
10-16 07:44:56.361  1275  1275 W ContextImpl: Calling a method in the system process without a qualified user: android.app.ContextImpl.startService:1608 android.content.ContextWrapper.startService:494 android.content.ContextWrapper.startService:494 com.motorola.motocare.internal.batterystats.BatteryStatsAction.onReceive:33 android.app.ActivityThread.handleReceiver:2434 
10-16 07:44:57.314  1034  1098 D WifiService: New client listening to asynchronous messages
10-16 07:44:58.174  1034  1061 I ActivityManager: Start proc com.google.android.talk for broadcast com.google.android.talk/com.google.android.apps.babel.phone.PackageReplacedReceiver: pid=14942 uid=10065 gids={50065, 3003, 1028, 1015, 3002}
10-16 07:44:58.175  1034  1048 W IntentResolver: resolveIntent: multiple matches, only some with CATEGORY_DEFAULT
10-16 07:44:58.176  1034  3233 I PackageManager: Adding preferred activity ComponentInfo{com.android.mms/com.android.mms.ui.ComposeMessageActivity} for user 0 :
10-16 07:44:58.208  1034  8208 W IntentResolver: resolveIntent: multiple matches, only some with CATEGORY_DEFAULT
10-16 07:44:58.210  1034  2789 I PackageManager: Adding preferred activity ComponentInfo{com.android.mms/com.android.mms.ui.ComposeMessageActivity} for user 0 :
10-16 07:44:58.232  1034  7580 W IntentResolver: resolveIntent: multiple matches, only some with CATEGORY_DEFAULT
10-16 07:44:58.238  1034  1313 I PackageManager: Adding preferred activity ComponentInfo{com.android.mms/com.android.mms.ui.ComposeMessageActivity} for user 0 :
10-16 07:44:58.254  1034  3252 W IntentResolver: resolveIntent: multiple matches, only some with CATEGORY_DEFAULT
10-16 07:44:58.256  1034  8208 I PackageManager: Adding preferred activity ComponentInfo{com.android.mms/com.android.mms.ui.ComposeMessageActivity} for user 0 :
10-16 07:44:58.280  1034  1198 W IntentResolver: resolveIntent: multiple matches, only some with CATEGORY_DEFAULT
10-16 07:44:58.281  1034  1333 I PackageManager: Adding preferred activity ComponentInfo{com.android.mms/com.android.mms.ui.ComposeMessageActivity} for user 0 :
10-16 07:44:58.295  1034  1334 W IntentResolver: resolveIntent: multiple matches, only some with CATEGORY_DEFAULT
10-16 07:44:58.298  1034  7582 I PackageManager: Adding preferred activity ComponentInfo{com.android.mms/com.android.mms.ui.ComposeMessageActivity} for user 0 :
10-16 07:44:58.310  1034  1314 W IntentResolver: resolveIntent: multiple matches, only some with CATEGORY_DEFAULT
10-16 07:44:58.312  1034  1048 I PackageManager: Adding preferred activity ComponentInfo{com.android.mms/com.android.mms.ui.ComposeMessageActivity} for user 0 :
10-16 07:44:58.325  1034  1047 W IntentResolver: resolveIntent: multiple matches, only some with CATEGORY_DEFAULT
10-16 07:44:58.327  1034  1312 I PackageManager: Adding preferred activity ComponentInfo{com.android.mms/com.android.mms.ui.ComposeMessageActivity} for user 0 :
10-16 07:44:58.440  1034  1334 I ActivityManager: Start proc com.motorola.MotGallery2 for broadcast com.motorola.MotGallery2/com.android.gallery3d.app.PackagesMonitor: pid=14985 uid=10031 gids={50031, 3003, 1028, 1015}
10-16 07:44:58.824  1034  1198 I ActivityManager: Killing 14553:android.process.media/u0a16 (adj 15): empty #9
10-16 07:44:58.826  1275  3952 W ContextImpl: Calling a method in the system process without a qualified user: android.app.ContextImpl.sendBroadcast:1252 android.content.ContextWrapper.sendBroadcast:365 com.motorola.motocare.util.TriggerHelper$TriggerBuilder.send:76 com.motorola.motocare.internal.frameworkevents.ProcessKillTrigger.sendTrigger:147 com.motorola.motocare.internal.frameworkevents.ProcessKillTrigger.handleFrameworkEvent:164 
10-16 07:45:00.000  1034  1085 V AlarmManager: sending alarm Alarm{42bfa438 type 3 android}
10-16 07:45:01.002  1034  1085 V AlarmManager: sending alarm Alarm{42bf9a60 type 1 com.android.deskclock}
10-16 07:45:01.035  1034  1061 I ActivityManager: Start proc com.android.deskclock for broadcast com.android.deskclock/com.android.alarmclock.DigitalAppWidgetProvider: pid=15040 uid=10012 gids={50012, 1028}
10-16 07:45:01.079  1034  1198 I ActivityManager: Killing 14685:com.google.android.apps.magazines/u0a70 (adj 15): empty #9
10-16 07:45:01.081  1275  3952 W ContextImpl: Calling a method in the system process without a qualified user: android.app.ContextImpl.sendBroadcast:1252 android.content.ContextWrapper.sendBroadcast:365 com.motorola.motocare.util.TriggerHelper$TriggerBuilder.send:76 com.motorola.motocare.internal.frameworkevents.ProcessKillTrigger.sendTrigger:147 com.motorola.motocare.internal.frameworkevents.ProcessKillTrigger.handleFrameworkEvent:164 
10-16 07:45:03.620  1034  1094 D WifiP2pService: InactiveState{ when=0 what=147461 target=com.android.internal.util.StateMachine$SmHandler }
10-16 07:45:03.620  1034  1094 D WifiP2pService: P2pEnabledState{ when=0 what=147461 target=com.android.internal.util.StateMachine$SmHandler }
10-16 07:45:03.620  1034  1094 D WifiP2pService: DefaultState{ when=0 what=147461 target=com.android.internal.util.StateMachine$SmHandler }
10-16 07:45:09.599  1034  1061 I ActivityManager: Waited long enough for: ServiceRecord{438b3cf0 u0 com.comtop.map/com.baidu.android.pushservice.PushService}
10-16 07:45:10.753  1034  1085 V AlarmManager: sending alarm Alarm{42d34c18 type 2 com.tencent.mm}
10-16 07:45:11.159  1034  1047 I ActivityManager: Start proc com.comtop.mim:TcmsService for service com.comtop.mim/com.alibaba.tcms.service.TCMSService: pid=15093 uid=10722 gids={50722, 3003, 1028, 1015}
10-16 07:45:11.357 15093 15093 E AndroidRuntime: FATAL EXCEPTION: main
10-16 07:45:11.357 15093 15093 E AndroidRuntime: Process: com.comtop.mim:TcmsService, PID: 15093
10-16 07:45:11.357 15093 15093 E AndroidRuntime: java.lang.RuntimeException: Unable to create application com.comtop.mim.app.App: java.lang.RuntimeException: can't get inetmode.
10-16 07:45:11.357 15093 15093 E AndroidRuntime: 	at android.app.ActivityThread.handleBindApplication(ActivityThread.java:4412)
10-16 07:45:11.357 15093 15093 E AndroidRuntime: 	at android.app.ActivityThread.access$1500(ActivityThread.java:139)
10-16 07:45:11.357 15093 15093 E AndroidRuntime: 	at android.app.ActivityThread$H.handleMessage(ActivityThread.java:1270)
10-16 07:45:11.357 15093 15093 E AndroidRuntime: 	at android.os.Handler.dispatchMessage(Handler.java:102)
10-16 07:45:11.357 15093 15093 E AndroidRuntime: 	at android.os.Looper.loop(Looper.java:136)
10-16 07:45:11.357 15093 15093 E AndroidRuntime: 	at android.app.ActivityThread.main(ActivityThread.java:5086)
10-16 07:45:11.357 15093 15093 E AndroidRuntime: 	at java.lang.reflect.Method.invokeNative(Native Method)
10-16 07:45:11.357 15093 15093 E AndroidRuntime: 	at java.lang.reflect.Method.invoke(Method.java:515)
10-16 07:45:11.357 15093 15093 E AndroidRuntime: 	at com.android.internal.os.ZygoteInit$MethodAndArgsCaller.run(ZygoteInit.java:785)
10-16 07:45:11.357 15093 15093 E AndroidRuntime: 	at com.android.internal.os.ZygoteInit.main(ZygoteInit.java:601)
10-16 07:45:11.357 15093 15093 E AndroidRuntime: 	at dalvik.system.NativeStart.main(Native Method)
10-16 07:45:11.357 15093 15093 E AndroidRuntime: Caused by: java.lang.RuntimeException: can't get inetmode.
10-16 07:45:11.357 15093 15093 E AndroidRuntime: 	at com.alibaba.mobileim.channel.service.InetIO.java_nGetInetMode(InetIO.java:959)
10-16 07:45:11.357 15093 15093 E AndroidRuntime: 	at com.alibaba.mobileim.channel.IMChannel.prepareInternal(IMChannel.java:204)
10-16 07:45:11.357 15093 15093 E AndroidRuntime: 	at com.alibaba.mobileim.channel.IMChannel.prepare(IMChannel.java:143)
10-16 07:45:11.357 15093 15093 E AndroidRuntime: 	at com.alibaba.mobileim.YWChannel.prepareImpl(YWChannel.java:253)
10-16 07:45:11.357 15093 15093 E AndroidRuntime: 	at com.alibaba.mobileim.YWAPI.init(YWAPI.java:52)
10-16 07:45:11.357 15093 15093 E AndroidRuntime: 	at com.comtop.mim.utils.LoginHelper.init(LoginHelper.java:23)
10-16 07:45:11.357 15093 15093 E AndroidRuntime: 	at com.comtop.mim.app.App.onCreate(App.java:82)
10-16 07:45:11.357 15093 15093 E AndroidRuntime: 	at android.app.Instrumentation.callApplicationOnCreate(Instrumentation.java:1030)
10-16 07:45:11.357 15093 15093 E AndroidRuntime: 	at android.app.ActivityThread.handleBindApplication(ActivityThread.java:4409)
10-16 07:45:11.357 15093 15093 E AndroidRuntime: 	... 10 more
10-16 07:45:11.374  1034  2789 I ActivityManager: Process com.comtop.mim:TcmsService (pid 15093) has died.
10-16 07:45:11.374  1034  2789 W ActivityManager: Scheduling restart of crashed service com.comtop.mim/com.alibaba.tcms.service.TCMSService in 1000ms
10-16 07:45:11.950   265 15146 W SocketClient: write error (Broken pipe)
10-16 07:45:12.408  1034  1061 I ActivityManager: Start proc com.comtop.mim:TcmsService for service com.comtop.mim/com.alibaba.tcms.service.TCMSService: pid=15147 uid=10722 gids={50722, 3003, 1028, 1015}
10-16 07:45:12.574 15147 15147 E AndroidRuntime: FATAL EXCEPTION: main
10-16 07:45:12.574 15147 15147 E AndroidRuntime: Process: com.comtop.mim:TcmsService, PID: 15147
10-16 07:45:12.574 15147 15147 E AndroidRuntime: java.lang.RuntimeException: Unable to create application com.comtop.mim.app.App: java.lang.RuntimeException: can't get inetmode.
10-16 07:45:12.574 15147 15147 E AndroidRuntime: 	at android.app.ActivityThread.handleBindApplication(ActivityThread.java:4412)
10-16 07:45:12.574 15147 15147 E AndroidRuntime: 	at android.app.ActivityThread.access$1500(ActivityThread.java:139)
10-16 07:45:12.574 15147 15147 E AndroidRuntime: 	at android.app.ActivityThread$H.handleMessage(ActivityThread.java:1270)
10-16 07:45:12.574 15147 15147 E AndroidRuntime: 	at android.os.Handler.dispatchMessage(Handler.java:102)
10-16 07:45:12.574 15147 15147 E AndroidRuntime: 	at android.os.Looper.loop(Looper.java:136)
10-16 07:45:12.574 15147 15147 E AndroidRuntime: 	at android.app.ActivityThread.main(ActivityThread.java:5086)
10-16 07:45:12.574 15147 15147 E AndroidRuntime: 	at java.lang.reflect.Method.invokeNative(Native Method)
10-16 07:45:12.574 15147 15147 E AndroidRuntime: 	at java.lang.reflect.Method.invoke(Method.java:515)
10-16 07:45:12.574 15147 15147 E AndroidRuntime: 	at com.android.internal.os.ZygoteInit$MethodAndArgsCaller.run(ZygoteInit.java:785)
10-16 07:45:12.574 15147 15147 E AndroidRuntime: 	at com.android.internal.os.ZygoteInit.main(ZygoteInit.java:601)
10-16 07:45:12.574 15147 15147 E AndroidRuntime: 	at dalvik.system.NativeStart.main(Native Method)
10-16 07:45:12.574 15147 15147 E AndroidRuntime: Caused by: java.lang.RuntimeException: can't get inetmode.
10-16 07:45:12.574 15147 15147 E AndroidRuntime: 	at com.alibaba.mobileim.channel.service.InetIO.java_nGetInetMode(InetIO.java:959)
10-16 07:45:12.574 15147 15147 E AndroidRuntime: 	at com.alibaba.mobileim.channel.IMChannel.prepareInternal(IMChannel.java:204)
10-16 07:45:12.574 15147 15147 E AndroidRuntime: 	at com.alibaba.mobileim.channel.IMChannel.prepare(IMChannel.java:143)
10-16 07:45:12.574 15147 15147 E AndroidRuntime: 	at com.alibaba.mobileim.YWChannel.prepareImpl(YWChannel.java:253)
10-16 07:45:12.574 15147 15147 E AndroidRuntime: 	at com.alibaba.mobileim.YWAPI.init(YWAPI.java:52)
10-16 07:45:12.574 15147 15147 E AndroidRuntime: 	at com.comtop.mim.utils.LoginHelper.init(LoginHelper.java:23)
10-16 07:45:12.574 15147 15147 E AndroidRuntime: 	at com.comtop.mim.app.App.onCreate(App.java:82)
10-16 07:45:12.574 15147 15147 E AndroidRuntime: 	at android.app.Instrumentation.callApplicationOnCreate(Instrumentation.java:1030)
10-16 07:45:12.574 15147 15147 E AndroidRuntime: 	at android.app.ActivityThread.handleBindApplication(ActivityThread.java:4409)
10-16 07:45:12.574 15147 15147 E AndroidRuntime: 	... 10 more
10-16 07:45:12.590  1034  1314 I ActivityManager: Process com.comtop.mim:TcmsService (pid 15147) has died.
10-16 07:45:12.591  1034  1314 W ActivityManager: Service crashed 2 times, stopping: ServiceRecord{439fcee8 u0 com.comtop.mim/com.alibaba.tcms.service.TCMSService}
10-16 07:45:13.968  1034  1085 V AlarmManager: sending alarm Alarm{42bf49c8 type 2 com.google.android.gms}
10-16 07:45:13.991  1034  1099 D ConnectivityService: handleInetConditionChange: no active default network - ignore
10-16 07:45:16.028   265 15195 W SocketClient: write error (Broken pipe)
10-16 07:45:19.154  1034  1094 D WifiP2pService: InactiveState{ when=0 what=147461 target=com.android.internal.util.StateMachine$SmHandler }
10-16 07:45:19.154  1034  1094 D WifiP2pService: P2pEnabledState{ when=0 what=147461 target=com.android.internal.util.StateMachine$SmHandler }
10-16 07:45:19.155  1034  1094 D WifiP2pService: DefaultState{ when=0 what=147461 target=com.android.internal.util.StateMachine$SmHandler }
10-16 07:45:21.099   265 15217 W SocketClient: write error (Broken pipe)
10-16 07:45:23.127   265 15218 W SocketClient: write error (Broken pipe)
10-16 07:45:27.260   265 15221 W SocketClient: write error (Broken pipe)
10-16 07:45:32.323   265 15222 W SocketClient: write error (Broken pipe)
10-16 07:45:34.355   265 15223 W SocketClient: write error (Broken pipe)
10-16 07:45:34.687  1034  1094 D WifiP2pService: InactiveState{ when=0 what=147461 target=com.android.internal.util.StateMachine$SmHandler }
10-16 07:45:34.687  1034  1094 D WifiP2pService: P2pEnabledState{ when=0 what=147461 target=com.android.internal.util.StateMachine$SmHandler }
10-16 07:45:34.687  1034  1094 D WifiP2pService: DefaultState{ when=0 what=147461 target=com.android.internal.util.StateMachine$SmHandler }
10-16 07:45:36.405   265 15245 W SocketClient: write error (Broken pipe)
10-16 07:45:38.442   265 15246 W SocketClient: write error (Broken pipe)
10-16 07:45:43.471   265 15247 W SocketClient: write error (Broken pipe)
10-16 07:45:45.506   265 15248 W SocketClient: write error (Broken pipe)
10-16 07:45:47.475  1034  1099 D ConnectivityService: NetTransition Wakelock for ConnectedState released by timeout
10-16 07:45:51.981  1034  1085 V AlarmManager: sending alarm Alarm{431c9c10 type 2 com.google.android.gms}
10-16 07:45:51.999  1034  1099 D ConnectivityService: handleInetConditionChange: no active default network - ignore
10-16 07:47:07.947  1034  1085 V AlarmManager: sending alarm Alarm{42dc8478 type 3 android}
10-16 07:47:07.976  1034  1085 V AlarmManager: sending alarm Alarm{42b48730 type 2 com.google.android.gms}
10-16 07:47:07.982  1034  1099 D ConnectivityService: handleInetConditionChange: no active default network - ignore
10-16 07:49:47.948  1034  1085 V AlarmManager: sending alarm Alarm{42dda3f8 type 3 android}
10-16 07:49:48.055  1034  1085 V AlarmManager: sending alarm Alarm{42bf4550 type 3 com.tencent.mm}
10-16 07:49:48.057  1034  1085 V AlarmManager: sending alarm Alarm{438a6d68 type 2 com.google.android.gms}
10-16 07:49:48.058  1034  1085 V AlarmManager: sending alarm Alarm{42bf2a10 type 0 com.google.android.gms}
10-16 07:49:48.059  1034  1085 V AlarmManager: sending alarm Alarm{42bf27c8 type 0 com.tencent.mobileqq}
10-16 07:49:48.113  1034  1099 D ConnectivityService: handleInetConditionChange: no active default network - ignore
10-16 07:50:56.951  1034  1085 V AlarmManager: sending alarm Alarm{42e47b40 type 3 android}
10-16 07:50:57.462  1034  1085 V AlarmManager: sending alarm Alarm{42e7d400 type 0 com.alibaba.openIMUIDemo}
10-16 07:54:47.947  1034  1085 V AlarmManager: sending alarm Alarm{42c59bb8 type 3 android}
10-16 07:54:48.129  1034  1085 V AlarmManager: sending alarm Alarm{42e99488 type 3 com.tencent.mm}
10-16 07:54:48.136  1034  1085 V AlarmManager: sending alarm Alarm{42ebdbb0 type 0 android}
10-16 07:54:48.138  1034  1085 V AlarmManager: sending alarm Alarm{42ebdc00 type 0 com.comtop.map}
10-16 07:54:48.153  1034  1085 V AlarmManager: sending alarm Alarm{42ebdc50 type 0 com.tencent.mm}
10-16 07:54:48.159  1034  1085 V AlarmManager: sending alarm Alarm{42e993b0 type 0 com.tencent.mobileqq}
10-16 07:54:48.223  1034  1034 V BackupManagerService: Running a backup pass
10-16 07:54:48.283  1034  1107 V BackupManagerService: clearing pending backups
10-16 07:54:48.284  1034  1107 V PerformBackupTask: Beginning backup of 11 targets
10-16 07:54:48.297  1034  1107 D PerformBackupTask: invokeAgentForBackup on @pm@
10-16 07:54:48.312  1034  1107 D BackupManagerService: Now staging backup of com.android.calendar
10-16 07:54:48.316  1034  1107 D BackupManagerService: Now staging backup of com.google.android.googlequicksearchbox
10-16 07:54:48.320  1034  1107 D BackupManagerService: Now staging backup of android
10-16 07:54:48.323  1034  1107 D BackupManagerService: Now staging backup of com.google.android.talk
10-16 07:54:48.326  1034  1107 D BackupManagerService: Now staging backup of com.android.vending
10-16 07:54:48.330  1034  1107 D BackupManagerService: Now staging backup of com.google.android.marvin.talkback
10-16 07:54:48.333  1034  1107 D BackupManagerService: Now staging backup of com.android.dialer
10-16 07:54:48.336  1034  1107 D BackupManagerService: Now staging backup of com.android.providers.userdictionary
10-16 07:54:48.339  1034  1107 D BackupManagerService: Now staging backup of com.google.android.gm
10-16 07:54:48.342  1034  1107 D BackupManagerService: Now staging backup of com.android.sharedstoragebackup
10-16 07:54:48.345  1034  1107 D BackupManagerService: Now staging backup of com.android.providers.settings
10-16 07:54:48.361  1034  1085 V AlarmManager: sending alarm Alarm{42ecb330 type 0 android}
10-16 07:54:48.362  1034  1107 I PerformBackupTask: Backup pass finished.
10-16 07:54:48.362  1034  1034 V BackupManagerService: Running a backup pass
10-16 07:54:48.363  1034  1107 V BackupManagerService: clearing pending backups
10-16 07:54:48.364  1034  1107 V PerformBackupTask: Beginning backup of 11 targets
10-16 07:54:48.368  1034  1107 D PerformBackupTask: invokeAgentForBackup on @pm@
10-16 07:54:48.377  1034  1107 D BackupManagerService: Now staging backup of com.android.calendar
10-16 07:54:48.380  1034  1107 D BackupManagerService: Now staging backup of com.google.android.googlequicksearchbox
10-16 07:54:48.383  1034  1107 D BackupManagerService: Now staging backup of com.android.vending
10-16 07:54:48.386  1034  1107 D BackupManagerService: Now staging backup of com.google.android.talk
10-16 07:54:48.390  1034  1107 D BackupManagerService: Now staging backup of android
10-16 07:54:48.393  1034  1107 D BackupManagerService: Now staging backup of com.google.android.marvin.talkback
10-16 07:54:48.396  1034  1107 D BackupManagerService: Now staging backup of com.android.dialer
10-16 07:54:48.401  1034  1107 D BackupManagerService: Now staging backup of com.android.providers.userdictionary
10-16 07:54:48.406  1034  1107 D BackupManagerService: Now staging backup of com.android.sharedstoragebackup
10-16 07:54:48.411  1034  1107 D BackupManagerService: Now staging backup of com.google.android.gm
10-16 07:54:48.421  1034  1107 D BackupManagerService: Now staging backup of com.android.providers.settings
10-16 07:54:48.445  1034  1107 I PerformBackupTask: Backup pass finished.
10-16 07:54:48.445  1034  1085 V AlarmManager: sending alarm Alarm{432f3070 type 0 android}
10-16 07:54:48.446  1034  1034 V BackupManagerService: Running a backup pass
10-16 07:54:48.447  1034  1107 V BackupManagerService: clearing pending backups
10-16 07:54:48.450  1034  1107 V PerformBackupTask: Beginning backup of 11 targets
10-16 07:54:48.456  1034  1107 D PerformBackupTask: invokeAgentForBackup on @pm@
10-16 07:54:48.467  1034  1107 D BackupManagerService: Now staging backup of com.android.calendar
10-16 07:54:48.471  1034  1107 D BackupManagerService: Now staging backup of com.google.android.googlequicksearchbox
10-16 07:54:48.474  1034  1107 D BackupManagerService: Now staging backup of android
10-16 07:54:48.478  1034  1107 D BackupManagerService: Now staging backup of com.google.android.talk
10-16 07:54:48.481  1034  1107 D BackupManagerService: Now staging backup of com.android.vending
10-16 07:54:48.484  1034  1107 D BackupManagerService: Now staging backup of com.google.android.marvin.talkback
10-16 07:54:48.495  1034  1107 D BackupManagerService: Now staging backup of com.android.dialer
10-16 07:54:48.499  1034  1107 D BackupManagerService: Now staging backup of com.android.providers.userdictionary
10-16 07:54:48.507  1034  1107 D BackupManagerService: Now staging backup of com.google.android.gm
10-16 07:54:48.512  1034  1107 D BackupManagerService: Now staging backup of com.android.sharedstoragebackup
10-16 07:54:48.515  1034  1107 D BackupManagerService: Now staging backup of com.android.providers.settings
10-16 07:54:48.535  1034  1107 I PerformBackupTask: Backup pass finished.
10-16 07:54:48.539  1034  1085 V AlarmManager: sending alarm Alarm{42d0c690 type 0 android}
10-16 07:54:48.540  1034  1034 V BackupManagerService: Running a backup pass
10-16 07:54:48.541  1034  1107 V BackupManagerService: clearing pending backups
10-16 07:54:48.542  1034  1107 V PerformBackupTask: Beginning backup of 11 targets
10-16 07:54:48.546  1034  1107 D PerformBackupTask: invokeAgentForBackup on @pm@
10-16 07:54:48.556  1034  1107 D BackupManagerService: Now staging backup of com.android.calendar
10-16 07:54:48.560  1034  1107 D BackupManagerService: Now staging backup of com.google.android.googlequicksearchbox
10-16 07:54:48.573  1034  1107 D BackupManagerService: Now staging backup of com.android.vending
10-16 07:54:48.576  1034  1107 D BackupManagerService: Now staging backup of com.google.android.talk
10-16 07:54:48.591  1034  1107 D BackupManagerService: Now staging backup of android
10-16 07:54:48.594  1034  1107 D BackupManagerService: Now staging backup of com.google.android.marvin.talkback
10-16 07:54:48.598  1034  1107 D BackupManagerService: Now staging backup of com.android.dialer
10-16 07:54:48.601  1034  1107 D BackupManagerService: Now staging backup of com.android.providers.userdictionary
10-16 07:54:48.604  1034  1107 D BackupManagerService: Now staging backup of com.android.sharedstoragebackup
10-16 07:54:48.608  1034  1107 D BackupManagerService: Now staging backup of com.google.android.gm
10-16 07:54:48.611  1034  1107 D BackupManagerService: Now staging backup of com.android.providers.settings
10-16 07:54:48.624  1034  1107 I PerformBackupTask: Backup pass finished.
10-16 07:54:48.624  1034  1085 V AlarmManager: sending alarm Alarm{42d9da60 type 0 android}
10-16 07:54:48.625  1034  1034 V BackupManagerService: Running a backup pass
10-16 07:54:48.627  1034  1107 V BackupManagerService: clearing pending backups
10-16 07:54:48.628  1034  1107 V PerformBackupTask: Beginning backup of 11 targets
10-16 07:54:48.632  1034  1107 D PerformBackupTask: invokeAgentForBackup on @pm@
10-16 07:54:48.641  1034  1107 D BackupManagerService: Now staging backup of com.android.calendar
10-16 07:54:48.644  1034  1107 D BackupManagerService: Now staging backup of com.google.android.googlequicksearchbox
10-16 07:54:48.648  1034  1107 D BackupManagerService: Now staging backup of android
10-16 07:54:48.651  1034  1107 D BackupManagerService: Now staging backup of com.google.android.talk
10-16 07:54:48.654  1034  1107 D BackupManagerService: Now staging backup of com.android.vending
10-16 07:54:48.672  1034  1107 D BackupManagerService: Now staging backup of com.google.android.marvin.talkback
10-16 07:54:48.675  1034  1107 D BackupManagerService: Now staging backup of com.android.dialer
10-16 07:54:48.678  1034  1107 D BackupManagerService: Now staging backup of com.android.providers.userdictionary
10-16 07:54:48.681  1034  1107 D BackupManagerService: Now staging backup of com.google.android.gm
10-16 07:54:48.685  1034  1107 D BackupManagerService: Now staging backup of com.android.sharedstoragebackup
10-16 07:54:48.688  1034  1107 D BackupManagerService: Now staging backup of com.android.providers.settings
10-16 07:54:48.702  1034  1107 I PerformBackupTask: Backup pass finished.
10-16 07:54:48.702  1034  1085 V AlarmManager: sending alarm Alarm{42e99bd0 type 0 android}
10-16 07:54:48.704  1034  1034 V BackupManagerService: Running a backup pass
10-16 07:54:48.704  1034  1107 V BackupManagerService: clearing pending backups
10-16 07:54:48.705  1034  1107 V PerformBackupTask: Beginning backup of 11 targets
10-16 07:54:48.709  1034  1107 D PerformBackupTask: invokeAgentForBackup on @pm@
10-16 07:54:48.717  1034  1107 D BackupManagerService: Now staging backup of com.android.calendar
10-16 07:54:48.726  1034  1107 D BackupManagerService: Now staging backup of com.google.android.googlequicksearchbox
10-16 07:54:48.729  1034  1107 D BackupManagerService: Now staging backup of com.android.vending
10-16 07:54:48.732  1034  1107 D BackupManagerService: Now staging backup of com.google.android.talk
10-16 07:54:48.736  1034  1107 D BackupManagerService: Now staging backup of android
10-16 07:54:48.739  1034  1107 D BackupManagerService: Now staging backup of com.google.android.marvin.talkback
10-16 07:54:48.742  1034  1107 D BackupManagerService: Now staging backup of com.android.dialer
10-16 07:54:48.745  1034  1107 D BackupManagerService: Now staging backup of com.android.providers.userdictionary
10-16 07:54:48.748  1034  1107 D BackupManagerService: Now staging backup of com.android.sharedstoragebackup
10-16 07:54:48.752  1034  1107 D BackupManagerService: Now staging backup of com.google.android.gm
10-16 07:54:48.755  1034  1107 D BackupManagerService: Now staging backup of com.android.providers.settings
10-16 07:54:48.767  1034  1107 I PerformBackupTask: Backup pass finished.
10-16 07:54:48.767  1034  1085 V AlarmManager: sending alarm Alarm{42f01860 type 0 android}
10-16 07:54:48.769  1034  1034 V BackupManagerService: Running a backup pass
10-16 07:54:48.770  1034  1107 V BackupManagerService: clearing pending backups
10-16 07:54:48.771  1034  1107 V PerformBackupTask: Beginning backup of 11 targets
10-16 07:54:48.774  1034  1107 D PerformBackupTask: invokeAgentForBackup on @pm@
10-16 07:54:48.783  1034  1107 D BackupManagerService: Now staging backup of com.android.calendar
10-16 07:54:48.787  1034  1107 D BackupManagerService: Now staging backup of com.google.android.googlequicksearchbox
10-16 07:54:48.796  1034  1107 D BackupManagerService: Now staging backup of android
10-16 07:54:48.801  1034  1107 D BackupManagerService: Now staging backup of com.google.android.talk
10-16 07:54:48.815  1034  1094 D WifiP2pService: InactiveState{ when=-4ms what=147461 target=com.android.internal.util.StateMachine$SmHandler }
10-16 07:54:48.815  1034  1094 D WifiP2pService: P2pEnabledState{ when=-4ms what=147461 target=com.android.internal.util.StateMachine$SmHandler }
10-16 07:54:48.816  1034  1094 D WifiP2pService: DefaultState{ when=-5ms what=147461 target=com.android.internal.util.StateMachine$SmHandler }
10-16 07:54:48.860  1034  1107 D BackupManagerService: Now staging backup of com.android.vending
10-16 07:54:48.880  1034  1107 D BackupManagerService: Now staging backup of com.google.android.marvin.talkback
10-16 07:54:48.891  1034  1107 D BackupManagerService: Now staging backup of com.android.dialer
10-16 07:54:48.894  1034  1107 D BackupManagerService: Now staging backup of com.android.providers.userdictionary
10-16 07:54:48.898  1034  1107 D BackupManagerService: Now staging backup of com.google.android.gm
10-16 07:54:48.901  1034  1107 D BackupManagerService: Now staging backup of com.android.sharedstoragebackup
10-16 07:54:48.904  1034  1107 D BackupManagerService: Now staging backup of com.android.providers.settings
10-16 07:54:48.920  1034  1107 I PerformBackupTask: Backup pass finished.
10-16 07:54:48.920  1034  1085 V AlarmManager: sending alarm Alarm{43746e20 type 0 android}
10-16 07:54:48.929  1034  1034 V BackupManagerService: Running a backup pass
10-16 07:54:49.029  1034  1107 V BackupManagerService: clearing pending backups
10-16 07:54:49.029  1034  1107 V PerformBackupTask: Beginning backup of 11 targets
10-16 07:54:49.032  1034  1107 D PerformBackupTask: invokeAgentForBackup on @pm@
10-16 07:54:49.040  1034  1107 D BackupManagerService: Now staging backup of com.android.calendar
10-16 07:54:49.043  1034  1107 D BackupManagerService: Now staging backup of com.google.android.googlequicksearchbox
10-16 07:54:49.046  1034  1107 D BackupManagerService: Now staging backup of com.android.vending
10-16 07:54:49.050  1034  1107 D BackupManagerService: Now staging backup of com.google.android.talk
10-16 07:54:49.053  1034  1107 D BackupManagerService: Now staging backup of android
10-16 07:54:49.056  1034  1107 D BackupManagerService: Now staging backup of com.google.android.marvin.talkback
10-16 07:54:49.059  1034  1107 D BackupManagerService: Now staging backup of com.android.dialer
10-16 07:54:49.062  1034  1107 D BackupManagerService: Now staging backup of com.android.providers.userdictionary
10-16 07:54:49.064  1034  1107 D BackupManagerService: Now staging backup of com.android.sharedstoragebackup
10-16 07:54:49.067  1034  1107 D BackupManagerService: Now staging backup of com.google.android.gm
10-16 07:54:49.070  1034  1107 D BackupManagerService: Now staging backup of com.android.providers.settings
10-16 07:54:49.082  1034  1107 I PerformBackupTask: Backup pass finished.
10-16 07:54:49.082  1034  1085 V AlarmManager: sending alarm Alarm{4317edd8 type 0 android}
10-16 07:54:49.083  1034  1034 V BackupManagerService: Running a backup pass
10-16 07:54:49.085  1034  1107 V BackupManagerService: clearing pending backups
10-16 07:54:49.085  1034  1107 V PerformBackupTask: Beginning backup of 11 targets
10-16 07:54:49.088  1034  1107 D PerformBackupTask: invokeAgentForBackup on @pm@
10-16 07:54:49.116  1034  1107 D BackupManagerService: Now staging backup of com.android.calendar
10-16 07:54:49.119  1034  1107 D BackupManagerService: Now staging backup of com.google.android.googlequicksearchbox
10-16 07:54:49.122  1034  1107 D BackupManagerService: Now staging backup of android
10-16 07:54:49.125  1034  1107 D BackupManagerService: Now staging backup of com.google.android.talk
10-16 07:54:49.128  1034  1107 D BackupManagerService: Now staging backup of com.android.vending
10-16 07:54:49.131  1034  1107 D BackupManagerService: Now staging backup of com.google.android.marvin.talkback
10-16 07:54:49.134  1034  1107 D BackupManagerService: Now staging backup of com.android.dialer
10-16 07:54:49.137  1034  1107 D BackupManagerService: Now staging backup of com.android.providers.userdictionary
10-16 07:54:49.140  1034  1107 D BackupManagerService: Now staging backup of com.google.android.gm
10-16 07:54:49.143  1034  1107 D BackupManagerService: Now staging backup of com.android.sharedstoragebackup
10-16 07:54:49.151  1034  1107 D BackupManagerService: Now staging backup of com.android.providers.settings
10-16 07:54:49.163  1034  1107 I PerformBackupTask: Backup pass finished.
10-16 07:54:49.163  1034  1085 V AlarmManager: sending alarm Alarm{432edb90 type 0 android}
10-16 07:54:49.165  1034  1034 V BackupManagerService: Running a backup pass
10-16 07:54:49.165  1034  1107 V BackupManagerService: clearing pending backups
