10-30 17:47:45.990 11988-11988/com.comtop.mim D/YWContactManagerImpl: getContactProfileInfo userId=000150888766a901 appkey=23232985
10-30 17:47:45.991 11988-11988/com.comtop.mim I/YWContactManagerImpl: getContactProfileCallback, temp = null
10-30 17:47:45.992 11988-11988/com.comtop.mim I/IMProfileCacheUtil: getDefaultProfileCallback
10-30 17:47:45.993 11988-11988/com.comtop.mim I/YWContactManagerImpl: getCrossContactProfileCallback, temp = null
10-30 17:47:45.993 11988-11988/com.comtop.mim I/IMProfileCacheUtil: geDefaultCrossProfileCallback
10-30 17:47:45.993 11988-11988/com.comtop.mim D/YWContactManagerImpl: appkey equals profileCallback called
10-30 17:47:45.994 11988-11988/com.comtop.mim D/YWContactManagerImpl: result nick=3333333333 headUrl=http://7xn4wo.com1.z0.glb.clouddn.com/user/avatar/000150888766a901?1445913912.753282 appkey=null
10-30 17:47:46.089 11988-11988/com.comtop.mim D/dalvikvm: GC_FOR_ALLOC freed 618K, 12% free 15713K/17760K, paused 29ms, total 29ms
10-30 17:47:46.095 11988-11988/com.comtop.mim D/YWContactManagerImpl: getContactProfileInfo userId=000150888cb0740c appkey=23232985
10-30 17:47:46.095 11988-11988/com.comtop.mim I/YWContactManagerImpl: getContactProfileCallback, temp = null
10-30 17:47:46.096 11988-11988/com.comtop.mim I/IMProfileCacheUtil: getDefaultProfileCallback
10-30 17:47:46.097 11988-11988/com.comtop.mim I/YWContactManagerImpl: getCrossContactProfileCallback, temp = null
10-30 17:47:46.098 11988-11988/com.comtop.mim I/IMProfileCacheUtil: geDefaultCrossProfileCallback
10-30 17:47:46.099 11988-11988/com.comtop.mim D/YWContactManagerImpl: appkey equals profileCallback called
10-30 17:47:46.100 11988-11988/com.comtop.mim D/YWContactManagerImpl: result nick=1188 headUrl=http://7xn4wo.com1.z0.glb.clouddn.com/user/avatar/000150888cb0740c?1437897406181 appkey=null
10-30 17:47:46.102 11988-11988/com.comtop.mim D/ChattingDetailAdapter: atFlag:0 count:0
10-30 17:47:46.150 11988-11988/com.comtop.mim D/YWContactManagerImpl: getContactProfileInfo userId=000150888766a901 appkey=23232985
10-30 17:47:46.151 11988-11988/com.comtop.mim I/YWContactManagerImpl: getContactProfileCallback, temp = null
10-30 17:47:46.152 11988-11988/com.comtop.mim I/IMProfileCacheUtil: getDefaultProfileCallback
10-30 17:47:46.153 11988-11988/com.comtop.mim I/YWContactManagerImpl: getCrossContactProfileCallback, temp = null
10-30 17:47:46.154 11988-11988/com.comtop.mim I/IMProfileCacheUtil: geDefaultCrossProfileCallback
10-30 17:47:46.155 11988-11988/com.comtop.mim D/YWContactManagerImpl: appkey equals profileCallback called
10-30 17:47:46.157 11988-11988/com.comtop.mim D/YWContactManagerImpl: result nick=3333333333 headUrl=http://7xn4wo.com1.z0.glb.clouddn.com/user/avatar/000150888766a901?1445913912.753282 appkey=null
10-30 17:47:46.352 11988-11988/com.comtop.mim D/IMChannel: onActivityStopped:ui.MainActivity
10-30 17:47:47.351 11988-11988/com.comtop.mim I/YWConversationManagerImpl: markReaded
10-30 17:47:47.352 11988-11988/com.comtop.mim I/openimprotocol@native: ImReqMessageRead_packData
10-30 17:47:47.360 11988-11988/com.comtop.mim I/openimprotocol@native: ImReqMessageRead_packData success!
10-30 17:47:47.368 11988-12063/com.comtop.mim D/InetIO: asyncCall，  cmdid：16777746 appId:100817 bizId:0
10-30 17:47:47.371 11988-12063/com.comtop.mim I/Native: InetIO_asyncCall
10-30 17:47:47.373 11988-12063/com.comtop.mim I/WXContext@idvj1r4l000150888cb0740c@login: extrahead:idvj1r4l000150888cb0740c, reserved:1
10-30 17:47:47.376 11988-12063/com.comtop.mim I/inetimpl@native@im@msg: PostMsg,cmdid=0x1000212,seqid=43,cmdtype=0,compress=1,encrypted=28
10-30 17:47:47.378 11988-12063/com.comtop.mim D/packagesize: headerlen:52, bodylen:64, extraheadlen:24
10-30 17:47:47.410 11988-12105/com.comtop.mim I/inetimpl@native@im@msg@sendbytes: 122,fd=80,error=11
10-30 17:47:47.413 11988-11988/com.comtop.mim D/test: cmdId:16777746
10-30 17:47:47.416 11988-11988/com.comtop.mim I/SocketChannel.api: readP2PMessage invalid
10-30 17:47:47.420 11988-11988/com.comtop.mim D/WXUtil: broadCastUnReadMsgCount msgUnReadCount=1 pubPrivateMsgUnReadCount=0
10-30 17:47:47.431 11988-11988/com.comtop.mim I/YWConversationManagerImpl: markReaded
10-30 17:47:47.432 11988-11988/com.comtop.mim I/openimprotocol@native: ImReqMessageRead_packData
10-30 17:47:47.434 11988-11988/com.comtop.mim I/openimprotocol@native: ImReqMessageRead_packData success!
10-30 17:47:47.435 11988-11988/com.comtop.mim D/test: cmdId:16777746
10-30 17:47:47.435 11988-12063/com.comtop.mim D/InetIO: asyncCall，  cmdid：16777746 appId:100817 bizId:0
10-30 17:47:47.436 11988-12063/com.comtop.mim I/Native: InetIO_asyncCall
10-30 17:47:47.437 11988-12063/com.comtop.mim I/WXContext@idvj1r4l000150888cb0740c@login: extrahead:idvj1r4l000150888cb0740c, reserved:1
10-30 17:47:47.437 11988-12063/com.comtop.mim I/inetimpl@native@im@msg: PostMsg,cmdid=0x1000212,seqid=44,cmdtype=0,compress=1,encrypted=28
10-30 17:47:47.438 11988-12063/com.comtop.mim D/packagesize: headerlen:52, bodylen:64, extraheadlen:24
10-30 17:47:47.439 11988-12105/com.comtop.mim I/inetimpl@native@im@msg@sendbytes: 122,fd=80,error=11
10-30 17:47:47.449 11988-11988/com.comtop.mim I/SocketChannel.api: readP2PMessage invalid
10-30 17:47:47.451 11988-11988/com.comtop.mim D/WXUtil: broadCastUnReadMsgCount msgUnReadCount=1 pubPrivateMsgUnReadCount=0
10-30 17:47:47.465 11988-11988/com.comtop.mim I/YWConversationManagerImpl: markReaded
10-30 17:47:47.466 11988-11988/com.comtop.mim I/openimprotocol@native: ImReqMessageRead_packData
10-30 17:47:47.467 11988-11988/com.comtop.mim I/openimprotocol@native: ImReqMessageRead_packData success!
10-30 17:47:47.467 11988-12063/com.comtop.mim D/InetIO: asyncCall，  cmdid：16777746 appId:100817 bizId:0
10-30 17:47:47.469 11988-12063/com.comtop.mim I/Native: InetIO_asyncCall
10-30 17:47:47.470 11988-12063/com.comtop.mim I/WXContext@idvj1r4l000150888cb0740c@login: extrahead:idvj1r4l000150888cb0740c, reserved:1
10-30 17:47:47.471 11988-12063/com.comtop.mim I/inetimpl@native@im@msg: PostMsg,cmdid=0x1000212,seqid=45,cmdtype=0,compress=1,encrypted=28
10-30 17:47:47.472 11988-12063/com.comtop.mim D/packagesize: headerlen:52, bodylen:64, extraheadlen:24
10-30 17:47:47.474 11988-12105/com.comtop.mim I/inetimpl@native@im@msg@sendbytes: 122,fd=80,error=11
10-30 17:47:47.476 11988-11988/com.comtop.mim D/test: cmdId:16777746
10-30 17:47:47.477 11988-11988/com.comtop.mim I/SocketChannel.api: readP2PMessage invalid
10-30 17:47:47.478 11988-11988/com.comtop.mim D/WXUtil: broadCastUnReadMsgCount msgUnReadCount=1 pubPrivateMsgUnReadCount=0
10-30 17:47:47.492 11988-12105/com.comtop.mim I/inetimpl@native@im@msg@recvbytes: 32,fd=80,bufsize=32
10-30 17:47:47.493 11988-12105/com.comtop.mim I/inetimpl@native@im@msg@recv: 接收到消息, seqid=43
10-30 17:47:47.494 11988-12105/com.comtop.mim I/inetimpl@native@im@msg: SaveRspMsg,cmdid=0x1010212,seqid=4294967339,cmdtype=0,compress=0,encrypted=7
10-30 17:47:47.495 11988-12107/com.comtop.mim I/InetIO: ResponseSuccess, cmdid:16777746
10-30 17:47:47.495 11988-12107/com.comtop.mim D/WXServiceCallbackDefault.api: cmdid:16777746 state: true
10-30 17:47:47.531 11988-12105/com.comtop.mim I/inetimpl@native@im@msg@recvbytes: 32,fd=80,bufsize=32
10-30 17:47:47.531 11988-12105/com.comtop.mim I/inetimpl@native@im@msg@recv: 接收到消息, seqid=44
10-30 17:47:47.532 11988-12105/com.comtop.mim I/inetimpl@native@im@msg: SaveRspMsg,cmdid=0x1010212,seqid=4294967340,cmdtype=0,compress=0,encrypted=7
10-30 17:47:47.532 11988-12107/com.comtop.mim I/InetIO: ResponseSuccess, cmdid:16777746
10-30 17:47:47.532 11988-12107/com.comtop.mim D/WXServiceCallbackDefault.api: cmdid:16777746 state: true
10-30 17:47:47.563 11988-12105/com.comtop.mim I/inetimpl@native@im@msg@recvbytes: 32,fd=80,bufsize=32
10-30 17:47:47.563 11988-12105/com.comtop.mim I/inetimpl@native@im@msg@recv: 接收到消息, seqid=45
10-30 17:47:47.563 11988-12105/com.comtop.mim I/inetimpl@native@im@msg: SaveRspMsg,cmdid=0x1010212,seqid=4294967341,cmdtype=0,compress=0,encrypted=7
10-30 17:47:47.564 11988-12107/com.comtop.mim I/InetIO: ResponseSuccess, cmdid:16777746
10-30 17:47:47.565 11988-12107/com.comtop.mim D/WXServiceCallbackDefault.api: cmdid:16777746 state: true
10-30 17:47:47.571 11988-11988/com.comtop.mim I/YWConversationManagerImpl: markReaded
10-30 17:47:47.572 11988-11988/com.comtop.mim I/openimprotocol@native: ImReqMessageRead_packData
10-30 17:47:47.572 11988-11988/com.comtop.mim I/openimprotocol@native: ImReqMessageRead_packData success!
10-30 17:47:47.573 11988-12063/com.comtop.mim D/InetIO: asyncCall，  cmdid：16777746 appId:100817 bizId:0
10-30 17:47:47.573 11988-12063/com.comtop.mim I/Native: InetIO_asyncCall
10-30 17:47:47.573 11988-12063/com.comtop.mim I/WXContext@idvj1r4l000150888cb0740c@login: extrahead:idvj1r4l000150888cb0740c, reserved:1
10-30 17:47:47.574 11988-12063/com.comtop.mim I/inetimpl@native@im@msg: PostMsg,cmdid=0x1000212,seqid=46,cmdtype=0,compress=1,encrypted=28
10-30 17:47:47.574 11988-12063/com.comtop.mim D/packagesize: headerlen:52, bodylen:64, extraheadlen:24
10-30 17:47:47.574 11988-12105/com.comtop.mim I/inetimpl@native@im@msg@sendbytes: 122,fd=80,error=11
10-30 17:47:47.576 11988-11988/com.comtop.mim D/test: cmdId:16777746
10-30 17:47:47.602 11988-11988/com.comtop.mim I/SocketChannel.api: readP2PMessage invalid
10-30 17:47:47.602 11988-11988/com.comtop.mim D/WXUtil: broadCastUnReadMsgCount msgUnReadCount=1 pubPrivateMsgUnReadCount=0
10-30 17:47:47.604 11988-11988/com.comtop.mim D/ChattingReplayBar: TextWatcher beforeTextChanged yiqiu.wsh
10-30 17:47:47.614 11988-11988/com.comtop.mim D/ChattingReplayBar: s: start:0 count:0
10-30 17:47:47.614 11988-11988/com.comtop.mim D/ChattingReplayBar: TextWatcher afterTextChanged yiqiu.wsh
10-30 17:47:47.615 11988-11988/com.comtop.mim D/ChattingReplayBar: TextWatcher  yiqiu.wsh
10-30 17:47:47.615 11988-11988/com.comtop.mim D/NormalChattingDetailPresenter: onPrepareMsg0
10-30 17:47:47.683 11988-12105/com.comtop.mim I/inetimpl@native@im@msg@recvbytes: 32,fd=80,bufsize=32
10-30 17:47:47.683 11988-12105/com.comtop.mim I/inetimpl@native@im@msg@recv: 接收到消息, seqid=46
10-30 17:47:47.683 11988-12105/com.comtop.mim I/inetimpl@native@im@msg: SaveRspMsg,cmdid=0x1010212,seqid=4294967342,cmdtype=0,compress=0,encrypted=7
10-30 17:47:47.684 11988-12107/com.comtop.mim I/InetIO: ResponseSuccess, cmdid:16777746
10-30 17:47:47.684 11988-12107/com.comtop.mim D/WXServiceCallbackDefault.api: cmdid:16777746 state: true
10-30 17:47:47.716 11988-11988/com.comtop.mim D/YWContactManagerImpl: getContactProfileInfo userId=000150888766a901 appkey=23232985
10-30 17:47:47.717 11988-11988/com.comtop.mim I/YWContactManagerImpl: getContactProfileCallback, temp = null
10-30 17:47:47.719 11988-11988/com.comtop.mim I/IMProfileCacheUtil: getDefaultProfileCallback
10-30 17:47:47.720 11988-11988/com.comtop.mim I/YWContactManagerImpl: getCrossContactProfileCallback, temp = null
10-30 17:47:47.721 11988-11988/com.comtop.mim I/IMProfileCacheUtil: geDefaultCrossProfileCallback
10-30 17:47:47.722 11988-11988/com.comtop.mim D/YWContactManagerImpl: appkey equals profileCallback called
10-30 17:47:47.724 11988-11988/com.comtop.mim D/YWContactManagerImpl: result nick=3333333333 headUrl=http://7xn4wo.com1.z0.glb.clouddn.com/user/avatar/000150888766a901?1445913912.753282 appkey=null
10-30 17:47:47.729 11988-11988/com.comtop.mim D/YWContactManagerImpl: getContactProfileInfo userId=000150888766a901 appkey=23232985
10-30 17:47:47.731 11988-11988/com.comtop.mim I/YWContactManagerImpl: getContactProfileCallback, temp = null
10-30 17:47:47.732 11988-11988/com.comtop.mim I/IMProfileCacheUtil: getDefaultProfileCallback
10-30 17:47:47.733 11988-11988/com.comtop.mim I/YWContactManagerImpl: getCrossContactProfileCallback, temp = null
10-30 17:47:47.736 11988-11988/com.comtop.mim I/IMProfileCacheUtil: geDefaultCrossProfileCallback
10-30 17:47:47.738 11988-11988/com.comtop.mim D/YWContactManagerImpl: appkey equals profileCallback called
10-30 17:47:47.740 11988-11988/com.comtop.mim D/YWContactManagerImpl: result nick=3333333333 headUrl=http://7xn4wo.com1.z0.glb.clouddn.com/user/avatar/000150888766a901?1445913912.753282 appkey=null
10-30 17:47:47.745 11988-11988/com.comtop.mim D/YWContactManagerImpl: getContactProfileInfo userId=000150888766a901 appkey=23232985
10-30 17:47:47.747 11988-11988/com.comtop.mim I/YWContactManagerImpl: getContactProfileCallback, temp = null
10-30 17:47:47.756 11988-11988/com.comtop.mim I/IMProfileCacheUtil: getDefaultProfileCallback
10-30 17:47:47.778 11988-11988/com.comtop.mim I/YWContactManagerImpl: getCrossContactProfileCallback, temp = null
10-30 17:47:47.779 11988-11988/com.comtop.mim I/IMProfileCacheUtil: geDefaultCrossProfileCallback
10-30 17:47:47.780 11988-11988/com.comtop.mim D/YWContactManagerImpl: appkey equals profileCallback called
10-30 17:47:47.780 11988-11988/com.comtop.mim D/YWContactManagerImpl: result nick=3333333333 headUrl=http://7xn4wo.com1.z0.glb.clouddn.com/user/avatar/000150888766a901?1445913912.753282 appkey=null
10-30 17:47:47.792 11988-11988/com.comtop.mim D/YWContactManagerImpl: getContactProfileInfo userId=000150888cb0740c appkey=23232985
10-30 17:47:47.805 11988-11988/com.comtop.mim I/YWContactManagerImpl: getContactProfileCallback, temp = null
10-30 17:47:47.805 11988-11988/com.comtop.mim I/IMProfileCacheUtil: getDefaultProfileCallback
10-30 17:47:47.806 11988-11988/com.comtop.mim I/YWContactManagerImpl: getCrossContactProfileCallback, temp = null
10-30 17:47:47.806 11988-11988/com.comtop.mim I/IMProfileCacheUtil: geDefaultCrossProfileCallback
10-30 17:47:47.806 11988-11988/com.comtop.mim D/YWContactManagerImpl: appkey equals profileCallback called
10-30 17:47:47.806 11988-11988/com.comtop.mim D/YWContactManagerImpl: result nick=1188 headUrl=http://7xn4wo.com1.z0.glb.clouddn.com/user/avatar/000150888cb0740c?1437897406181 appkey=null
10-30 17:47:47.812 11988-11988/com.comtop.mim D/ChattingDetailAdapter: atFlag:0 count:0
10-30 17:47:48.477 11988-11988/com.comtop.mim D/ChattingReplayBar: TextWatcher beforeTextChanged yiqiu.wsh
10-30 17:47:48.479 11988-11988/com.comtop.mim D/ChattingReplayBar: s:h start:0 count:1
10-30 17:47:48.481 11988-11988/com.comtop.mim D/ChattingReplayBar: TextWatcher afterTextChanged yiqiu.wsh
10-30 17:47:48.481 11988-11988/com.comtop.mim D/ChattingReplayBar: TextWatcher h yiqiu.wsh
10-30 17:47:48.481 11988-11988/com.comtop.mim D/NormalChattingDetailPresenter: onPrepareMsg0
10-30 17:47:48.640 11988-11988/com.comtop.mim D/ChattingReplayBar: TextWatcher beforeTextChanged yiqiu.wsh
10-30 17:47:48.641 11988-11988/com.comtop.mim D/ChattingReplayBar: s:hh start:1 count:1
10-30 17:47:48.643 11988-11988/com.comtop.mim D/ChattingReplayBar: TextWatcher afterTextChanged yiqiu.wsh
10-30 17:47:48.644 11988-11988/com.comtop.mim D/ChattingReplayBar: TextWatcher hh yiqiu.wsh
10-30 17:47:48.645 11988-11988/com.comtop.mim D/NormalChattingDetailPresenter: onPrepareMsg0
10-30 17:47:48.902 11988-11988/com.comtop.mim D/ChattingReplayBar: TextWatcher beforeTextChanged yiqiu.wsh
10-30 17:47:48.903 11988-11988/com.comtop.mim D/ChattingReplayBar: s:hhh start:2 count:1
10-30 17:47:48.906 11988-11988/com.comtop.mim D/ChattingReplayBar: TextWatcher afterTextChanged yiqiu.wsh
10-30 17:47:48.906 11988-11988/com.comtop.mim D/ChattingReplayBar: TextWatcher hhh yiqiu.wsh
10-30 17:47:48.906 11988-11988/com.comtop.mim D/NormalChattingDetailPresenter: onPrepareMsg0
10-30 17:47:49.371 11988-11988/com.comtop.mim D/ChattingReplayBar: TextWatcher beforeTextChanged yiqiu.wsh
10-30 17:47:49.380 11988-11988/com.comtop.mim D/ChattingReplayBar: s: start:0 count:0
10-30 17:47:49.381 11988-11988/com.comtop.mim D/ChattingReplayBar: TextWatcher afterTextChanged yiqiu.wsh
10-30 17:47:49.381 11988-11988/com.comtop.mim D/ChattingReplayBar: TextWatcher  yiqiu.wsh
10-30 17:47:49.381 11988-11988/com.comtop.mim D/NormalChattingDetailPresenter: onPrepareMsg0
10-30 17:47:49.391 11988-11988/com.comtop.mim I/im@im@msgsend: [MsgSend-sendMsg]开始发送消息：hhh
10-30 17:47:49.391 11988-11988/com.comtop.mim D/im@im@msgsend: [MsgSend-sendMsg]start send  message type 0
10-30 17:47:49.393 11988-11988/com.comtop.mim D/im@im@msgsend: [MsgSend-sendMessage]sendP2PMessage content=hhh
10-30 17:47:49.395 11988-11988/com.comtop.mim D/im@im@msgsend: [Message-initMessage]init message authorId =idvj1r4l000150888cb0740c time=1446198439 conversationIdidvj1r4l000150888766a901
10-30 17:47:49.396 11988-11988/com.comtop.mim D/im@im@msgsend: [MsgSend-addMessage]message list addMessage mDistinct add
10-30 17:47:49.398 11988-11988/com.comtop.mim D/im@im@msgsend: [MsgSend-addMessage]message list addMessage insertToDB
10-30 17:47:49.406 11988-11988/com.comtop.mim I/im@im@msgsend: [MsgSend-addMessage]消息入库！
10-30 17:47:49.420 11988-11988/com.comtop.mim I/im@im@msgsend: [MsgSend-sendMessage]消息发送中
10-30 17:47:49.421 11988-11988/com.comtop.mim D/im@im@msgsend: [MsgSend-sendMessage]check targetId =idvj1r4l000150888766a901
10-30 17:47:49.430 11988-11988/com.comtop.mim D/MessagePresenter: progress0
10-30 17:47:49.432 11988-11988/com.comtop.mim I/openimprotocol@native: MessageBody_packData
10-30 17:47:49.433 11988-11988/com.comtop.mim I/openimprotocol@native: ImReqSendimmessage_packData
10-30 17:47:49.434 11988-11988/com.comtop.mim I/openimprotocol@native: ImReqSendimmessage_packData success!
10-30 17:47:49.434 11988-12063/com.comtop.mim D/InetIO: asyncCall，  cmdid：16777249 appId:100817 bizId:1
10-30 17:47:49.434 11988-12063/com.comtop.mim I/Native: InetIO_asyncCall
10-30 17:47:49.435 11988-12063/com.comtop.mim I/jni/inet/android/native/common/calljava.cpp: nativeLog
10-30 17:47:49.443 11988-11988/com.comtop.mim D/test: cmdId:16777249
10-30 17:47:49.444 11988-12073/com.comtop.mim W/imservice@native@im@msg@sendmynative: 调用发送消息 cmdid=0x1000021,seqid=47,timeout=120,appid=100817,bizid=1
10-30 17:47:49.444 11988-11988/com.comtop.mim I/SocketChannel.api: reqSendMessage
10-30 17:47:49.444 11988-12073/com.comtop.mim I/nativeLog: begin native log
10-30 17:47:49.445 11988-12073/com.comtop.mim I/im@imservice@native@im@msg@send: 调用发送消息 cmdid=0x1000021,seqid=47,timeout=120,appid=100817,bizid=1
10-30 17:47:49.446 11988-11988/com.comtop.mim I/YWConversationManagerImpl: markReaded
10-30 17:47:49.446 11988-12063/com.comtop.mim I/imservice@native@im@msg@send: 压缩消息体, src paramdata.size=109
10-30 17:47:49.447 11988-11988/com.comtop.mim I/openimprotocol@native: ImReqMessageRead_packData
10-30 17:47:49.447 11988-11988/com.comtop.mim I/openimprotocol@native: ImReqMessageRead_packData success!
10-30 17:47:49.448 11988-12063/com.comtop.mim I/imservice@native@im@msg@send: 压缩消息体, bCommpress:1, dst paramdata.size=94
10-30 17:47:49.448 11988-11988/com.comtop.mim D/test: cmdId:16777746
10-30 17:47:49.448 11988-12063/com.comtop.mim I/WXContext@idvj1r4l000150888cb0740c@login: extrahead:@, reserved:3
10-30 17:47:49.448 11988-11988/com.comtop.mim I/SocketChannel.api: readP2PMessage invalid
10-30 17:47:49.448 11988-12063/com.comtop.mim I/inetimpl@native@im@msg: PostMsg,cmdid=0x1000021,seqid=47,cmdtype=1,compress=1,encrypted=28
10-30 17:47:49.448 11988-12063/com.comtop.mim D/packagesize: headerlen:73, bodylen:96, extraheadlen:45
10-30 17:47:49.449 11988-12063/com.comtop.mim I/jni/inet/android/native/common/calljava.cpp: nativeLog
10-30 17:47:49.449 11988-12105/com.comtop.mim I/inetimpl@native@im@msg@sendbytes: 175,fd=80,error=11
10-30 17:47:49.449 11988-12073/com.comtop.mim W/inetimpl@native@im@msg@sendmynative: 消息写入缓存等待发送. cmdid=0x1000021,seqid=47,timeout=3
10-30 17:47:49.449 11988-12073/com.comtop.mim I/nativeLog: begin native log
10-30 17:47:49.449 11988-12073/com.comtop.mim I/im@inetimpl@native@im@msg@send: 消息写入缓存等待发送. cmdid=0x1000021,seqid=47,timeout=3
10-30 17:47:49.449 11988-11988/com.comtop.mim D/WXUtil: broadCastUnReadMsgCount msgUnReadCount=1 pubPrivateMsgUnReadCount=0
10-30 17:47:49.450 11988-11988/com.comtop.mim D/ChattingFragment: replyMessagehhh
10-30 17:47:49.451 11988-12063/com.comtop.mim D/InetIO: asyncCall，  cmdid：16777746 appId:100817 bizId:0
10-30 17:47:49.452 11988-12063/com.comtop.mim I/Native: InetIO_asyncCall
10-30 17:47:49.452 11988-12063/com.comtop.mim I/WXContext@idvj1r4l000150888cb0740c@login: extrahead:idvj1r4l000150888cb0740c, reserved:1
10-30 17:47:49.452 11988-12063/com.comtop.mim I/inetimpl@native@im@msg: PostMsg,cmdid=0x1000212,seqid=48,cmdtype=0,compress=1,encrypted=28
10-30 17:47:49.452 11988-12063/com.comtop.mim D/packagesize: headerlen:52, bodylen:64, extraheadlen:24
10-30 17:47:49.452 11988-12105/com.comtop.mim I/inetimpl@native@im@msg@sendbytes: 122,fd=80,error=11
10-30 17:47:49.475 11988-11988/com.comtop.mim D/YWContactManagerImpl: getContactProfileInfo userId=000150888cb0740c appkey=23232985
10-30 17:47:49.476 11988-11988/com.comtop.mim I/YWContactManagerImpl: getContactProfileCallback, temp = null
10-30 17:47:49.476 11988-11988/com.comtop.mim I/IMProfileCacheUtil: getDefaultProfileCallback
10-30 17:47:49.476 11988-11988/com.comtop.mim I/YWContactManagerImpl: getCrossContactProfileCallback, temp = null
10-30 17:47:49.476 11988-11988/com.comtop.mim I/IMProfileCacheUtil: geDefaultCrossProfileCallback
10-30 17:47:49.477 11988-11988/com.comtop.mim D/YWContactManagerImpl: appkey equals profileCallback called
10-30 17:47:49.477 11988-11988/com.comtop.mim D/YWContactManagerImpl: result nick=1188 headUrl=http://7xn4wo.com1.z0.glb.clouddn.com/user/avatar/000150888cb0740c?1437897406181 appkey=null
10-30 17:47:49.479 11988-11988/com.comtop.mim D/ChattingDetailAdapter: atFlag:0 count:0
10-30 17:47:49.483 11988-11988/com.comtop.mim D/YWContactManagerImpl: getContactProfileInfo userId=000150888766a901 appkey=23232985
10-30 17:47:49.483 11988-11988/com.comtop.mim I/YWContactManagerImpl: getContactProfileCallback, temp = null
10-30 17:47:49.484 11988-11988/com.comtop.mim I/IMProfileCacheUtil: getDefaultProfileCallback
10-30 17:47:49.484 11988-11988/com.comtop.mim I/YWContactManagerImpl: getCrossContactProfileCallback, temp = null
10-30 17:47:49.484 11988-11988/com.comtop.mim I/IMProfileCacheUtil: geDefaultCrossProfileCallback
10-30 17:47:49.484 11988-11988/com.comtop.mim D/YWContactManagerImpl: appkey equals profileCallback called
10-30 17:47:49.485 11988-11988/com.comtop.mim D/YWContactManagerImpl: result nick=3333333333 headUrl=http://7xn4wo.com1.z0.glb.clouddn.com/user/avatar/000150888766a901?1445913912.753282 appkey=null
10-30 17:47:49.488 11988-11988/com.comtop.mim D/YWContactManagerImpl: getContactProfileInfo userId=000150888766a901 appkey=23232985
10-30 17:47:49.488 11988-11988/com.comtop.mim I/YWContactManagerImpl: getContactProfileCallback, temp = null
10-30 17:47:49.488 11988-11988/com.comtop.mim I/IMProfileCacheUtil: getDefaultProfileCallback
10-30 17:47:49.489 11988-11988/com.comtop.mim I/YWContactManagerImpl: getCrossContactProfileCallback, temp = null
10-30 17:47:49.489 11988-11988/com.comtop.mim I/IMProfileCacheUtil: geDefaultCrossProfileCallback
10-30 17:47:49.489 11988-11988/com.comtop.mim D/YWContactManagerImpl: appkey equals profileCallback called
10-30 17:47:49.489 11988-11988/com.comtop.mim D/YWContactManagerImpl: result nick=3333333333 headUrl=http://7xn4wo.com1.z0.glb.clouddn.com/user/avatar/000150888766a901?1445913912.753282 appkey=null
10-30 17:47:49.493 11988-11988/com.comtop.mim D/YWContactManagerImpl: getContactProfileInfo userId=000150888766a901 appkey=23232985
10-30 17:47:49.493 11988-11988/com.comtop.mim I/YWContactManagerImpl: getContactProfileCallback, temp = null
10-30 17:47:49.494 11988-11988/com.comtop.mim I/IMProfileCacheUtil: getDefaultProfileCallback
10-30 17:47:49.494 11988-11988/com.comtop.mim I/YWContactManagerImpl: getCrossContactProfileCallback, temp = null
10-30 17:47:49.494 11988-11988/com.comtop.mim I/IMProfileCacheUtil: geDefaultCrossProfileCallback
10-30 17:47:49.494 11988-11988/com.comtop.mim D/YWContactManagerImpl: appkey equals profileCallback called
10-30 17:47:49.495 11988-11988/com.comtop.mim D/YWContactManagerImpl: result nick=3333333333 headUrl=http://7xn4wo.com1.z0.glb.clouddn.com/user/avatar/000150888766a901?1445913912.753282 appkey=null
10-30 17:47:49.498 11988-12105/com.comtop.mim I/inetimpl@native@im@msg@recvbytes: 73,fd=80,bufsize=73
10-30 17:47:49.498 11988-12105/com.comtop.mim I/inetimpl@native@im@msg@recv: 接收到消息, seqid=47
10-30 17:47:49.498 11988-12105/com.comtop.mim I/inetimpl@native@im@msg: SaveRspMsg,cmdid=0x1010021,seqid=47,cmdtype=0,compress=1,encrypted=0
10-30 17:47:49.498 11988-12107/com.comtop.mim I/jni/inet/android/native/common/calljava.cpp: nativeLog
10-30 17:47:49.498 11988-12073/com.comtop.mim W/imservice@native@im@msg@recvmynative: 消息返回给应用. rspret=0,cmdid=0x1000021,seqid=47
10-30 17:47:49.498 11988-12073/com.comtop.mim I/nativeLog: begin native log
10-30 17:47:49.498 11988-12073/com.comtop.mim I/im@imservice@native@im@msg@recv: 消息返回给应用. rspret=0,cmdid=0x1000021,seqid=47
10-30 17:47:49.499 11988-12107/com.comtop.mim I/InetIO: ResponseSuccess, cmdid:16777249
10-30 17:47:49.499 11988-12107/com.comtop.mim D/WXServiceCallbackDefault.api: cmdid:16777249 state: true
10-30 17:47:49.499 11988-12107/com.comtop.mim I/openimprotocol@native: ImRspSendimmessage_unpackData
10-30 17:47:49.499 11988-12107/com.comtop.mim I/openimprotocol@native: ImRspSendimmessage_unpackData success!
10-30 17:47:49.499 11988-12107/com.comtop.mim D/tribe: recieve atFlag = 0getDirection = 0
10-30 17:47:49.527 11988-11988/com.comtop.mim I/openimprotocol@native: Inputstatus_packData
10-30 17:47:49.527 11988-11988/com.comtop.mim I/openimprotocol@native: Inputstatus_packData success!
10-30 17:47:49.530 11988-11988/com.comtop.mim I/Native: InetIO_ngetLoginState
10-30 17:47:49.531 11988-11988/com.comtop.mim I/Native: current user idvj1r4l000150888cb0740c
10-30 17:47:49.532 11988-11988/com.comtop.mim I/EgoAccount.api: getLoginState:3
10-30 17:47:49.533 11988-11988/com.comtop.mim I/openimprotocol@native: ImReqSendimmessage_packData
10-30 17:47:49.533 11988-11988/com.comtop.mim I/openimprotocol@native: ImReqSendimmessage_packData success!
10-30 17:47:49.534 11988-12063/com.comtop.mim D/InetIO: asyncCall，  cmdid：16777249 appId:100817 bizId:0
10-30 17:47:49.535 11988-12063/com.comtop.mim I/Native: InetIO_asyncCall
10-30 17:47:49.535 11988-12063/com.comtop.mim I/jni/inet/android/native/common/calljava.cpp: nativeLog
10-30 17:47:49.536 11988-12073/com.comtop.mim W/imservice@native@im@msg@sendmynative: 调用发送消息 cmdid=0x1000021,seqid=49,timeout=10,appid=100817,bizid=0
10-30 17:47:49.536 11988-12073/com.comtop.mim I/nativeLog: begin native log
10-30 17:47:49.537 11988-12073/com.comtop.mim I/im@imservice@native@im@msg@send: 调用发送消息 cmdid=0x1000021,seqid=49,timeout=10,appid=100817,bizid=0
10-30 17:47:49.537 11988-12063/com.comtop.mim I/imservice@native@im@msg@send: 压缩消息体, src paramdata.size=63
10-30 17:47:49.538 11988-12063/com.comtop.mim I/imservice@native@im@msg@send: 压缩消息体, bCommpress:1, dst paramdata.size=63
10-30 17:47:49.538 11988-12063/com.comtop.mim I/WXContext@idvj1r4l000150888cb0740c@login: extrahead:idvj1r4l000150888cb0740c, reserved:1
10-30 17:47:49.539 11988-12063/com.comtop.mim I/inetimpl@native@im@msg: PostMsg,cmdid=0x1000021,seqid=49,cmdtype=1,compress=1,encrypted=28
10-30 17:47:49.539 11988-12063/com.comtop.mim D/packagesize: headerlen:52, bodylen:64, extraheadlen:24
10-30 17:47:49.539 11988-12063/com.comtop.mim I/jni/inet/android/native/common/calljava.cpp: nativeLog
10-30 17:47:49.539 11988-12105/com.comtop.mim I/inetimpl@native@im@msg@sendbytes: 122,fd=80,error=11
10-30 17:47:49.540 11988-12073/com.comtop.mim W/inetimpl@native@im@msg@sendmynative: 消息写入缓存等待发送. cmdid=0x1000021,seqid=49,timeout=3
10-30 17:47:49.540 11988-12073/com.comtop.mim I/nativeLog: begin native log
10-30 17:47:49.540 11988-12073/com.comtop.mim I/im@inetimpl@native@im@msg@send: 消息写入缓存等待发送. cmdid=0x1000021,seqid=49,timeout=3
10-30 17:47:49.541 11988-11988/com.comtop.mim I/SocketChannel: reqSendInputStatus0
10-30 17:47:49.541 11988-11988/com.comtop.mim D/test: cmdId:16777249
10-30 17:47:49.541 11988-11988/com.comtop.mim I/SocketChannel.api: reqSendInputStatusidvj1r4l000150888766a901stateinputStop
10-30 17:47:49.541 11988-11988/com.comtop.mim D/Conversation@tribe: progress0
10-30 17:47:49.543 11988-11988/com.comtop.mim D/Conversation@tribe: msgId = 6269105459362594816, sendState = sended
10-30 17:47:49.554 11988-11988/com.comtop.mim I/im@im@msgsend: 发送消息成功！
10-30 17:47:49.555 11988-11988/com.comtop.mim D/im@im@msgsend: send message success！
10-30 17:47:49.555 11988-11988/com.comtop.mim D/ChattingDetailPresenter@tribe: 发送消息成功！
10-30 17:47:49.557 11988-11988/com.comtop.mim D/ChattingDetailPresenter@tribe:  message content = Message{mMsgId=6269105459362594816, atFlag=0, direction=0, mContent='hhh', mCvsId='idvj1r4l000150888766a901', isAtMsgAck=false, atMsgAckSendId='null', atMsgAckUUid='null', isAtMsgHasRead=false, mTime=1446198439, mAuthorId='idvj1r4l000150888cb0740c', mAuthorName='000150888cb0740c', atUserList=null}
10-30 17:47:49.557 11988-11988/com.comtop.mim D/ChattingDetailPresenter@tribe: key info of message = atflag = 0 getDirection = 0
10-30 17:47:49.558 11988-12105/com.comtop.mim I/inetimpl@native@im@msg@recvbytes: 32,fd=80,bufsize=32
10-30 17:47:49.558 11988-12105/com.comtop.mim I/inetimpl@native@im@msg@recv: 接收到消息, seqid=48
10-30 17:47:49.558 11988-12105/com.comtop.mim I/inetimpl@native@im@msg: SaveRspMsg,cmdid=0x1010212,seqid=4294967344,cmdtype=0,compress=0,encrypted=7
10-30 17:47:49.558 11988-12107/com.comtop.mim I/InetIO: ResponseSuccess, cmdid:16777746
10-30 17:47:49.558 11988-12107/com.comtop.mim D/WXServiceCallbackDefault.api: cmdid:16777746 state: true
10-30 17:47:49.566 11988-11988/com.comtop.mim D/YWContactManagerImpl: getContactProfileInfo userId=000150888cb0740c appkey=23232985
10-30 17:47:49.567 11988-11988/com.comtop.mim I/YWContactManagerImpl: getContactProfileCallback, temp = null
10-30 17:47:49.567 11988-11988/com.comtop.mim I/IMProfileCacheUtil: getDefaultProfileCallback
10-30 17:47:49.567 11988-11988/com.comtop.mim I/YWContactManagerImpl: getCrossContactProfileCallback, temp = null
10-30 17:47:49.567 11988-11988/com.comtop.mim I/IMProfileCacheUtil: geDefaultCrossProfileCallback
10-30 17:47:49.567 11988-11988/com.comtop.mim D/YWContactManagerImpl: appkey equals profileCallback called
10-30 17:47:49.568 11988-11988/com.comtop.mim D/YWContactManagerImpl: result nick=1188 headUrl=http://7xn4wo.com1.z0.glb.clouddn.com/user/avatar/000150888cb0740c?1437897406181 appkey=null
10-30 17:47:49.569 11988-11988/com.comtop.mim D/ChattingDetailAdapter: atFlag:0 count:0
10-30 17:47:49.573 11988-11988/com.comtop.mim D/YWContactManagerImpl: getContactProfileInfo userId=000150888766a901 appkey=23232985
10-30 17:47:49.573 11988-11988/com.comtop.mim I/YWContactManagerImpl: getContactProfileCallback, temp = null
10-30 17:47:49.573 11988-11988/com.comtop.mim I/IMProfileCacheUtil: getDefaultProfileCallback
10-30 17:47:49.573 11988-11988/com.comtop.mim I/YWContactManagerImpl: getCrossContactProfileCallback, temp = null
10-30 17:47:49.573 11988-11988/com.comtop.mim I/IMProfileCacheUtil: geDefaultCrossProfileCallback
10-30 17:47:49.573 11988-11988/com.comtop.mim D/YWContactManagerImpl: appkey equals profileCallback called
10-30 17:47:49.573 11988-11988/com.comtop.mim D/YWContactManagerImpl: result nick=3333333333 headUrl=http://7xn4wo.com1.z0.glb.clouddn.com/user/avatar/000150888766a901?1445913912.753282 appkey=null
10-30 17:47:49.589 11988-11988/com.comtop.mim D/YWContactManagerImpl: getContactProfileInfo userId=000150888766a901 appkey=23232985
10-30 17:47:49.591 11988-11988/com.comtop.mim I/YWContactManagerImpl: getContactProfileCallback, temp = null
10-30 17:47:49.592 11988-11988/com.comtop.mim I/IMProfileCacheUtil: getDefaultProfileCallback
10-30 17:47:49.593 11988-11988/com.comtop.mim I/YWContactManagerImpl: getCrossContactProfileCallback, temp = null
10-30 17:47:49.594 11988-11988/com.comtop.mim I/IMProfileCacheUtil: geDefaultCrossProfileCallback
10-30 17:47:49.596 11988-11988/com.comtop.mim D/YWContactManagerImpl: appkey equals profileCallback called
10-30 17:47:49.597 11988-11988/com.comtop.mim D/YWContactManagerImpl: result nick=3333333333 headUrl=http://7xn4wo.com1.z0.glb.clouddn.com/user/avatar/000150888766a901?1445913912.753282 appkey=null
10-30 17:47:49.604 11988-11988/com.comtop.mim D/YWContactManagerImpl: getContactProfileInfo userId=000150888766a901 appkey=23232985
10-30 17:47:49.605 11988-11988/com.comtop.mim I/YWContactManagerImpl: getContactProfileCallback, temp = null
10-30 17:47:49.606 11988-11988/com.comtop.mim I/IMProfileCacheUtil: getDefaultProfileCallback
10-30 17:47:49.614 11988-11988/com.comtop.mim I/YWContactManagerImpl: getCrossContactProfileCallback, temp = null
10-30 17:47:49.615 11988-11988/com.comtop.mim I/IMProfileCacheUtil: geDefaultCrossProfileCallback
10-30 17:47:49.617 11988-11988/com.comtop.mim D/YWContactManagerImpl: appkey equals profileCallback called
10-30 17:47:49.619 11988-12105/com.comtop.mim I/inetimpl@native@im@msg@recvbytes: 52,fd=80,bufsize=52
10-30 17:47:49.619 11988-12105/com.comtop.mim I/inetimpl@native@im@msg@recv: 接收到消息, seqid=49
10-30 17:47:49.619 11988-12105/com.comtop.mim I/inetimpl@native@im@msg: SaveRspMsg,cmdid=0x1010021,seqid=49,cmdtype=0,compress=1,encrypted=0
10-30 17:47:49.620 11988-12107/com.comtop.mim I/jni/inet/android/native/common/calljava.cpp: nativeLog
10-30 17:47:49.620 11988-12073/com.comtop.mim W/imservice@native@im@msg@recvmynative: 消息返回给应用. rspret=0,cmdid=0x1000021,seqid=49
10-30 17:47:49.623 11988-11988/com.comtop.mim D/YWContactManagerImpl: result nick=3333333333 headUrl=http://7xn4wo.com1.z0.glb.clouddn.com/user/avatar/000150888766a901?1445913912.753282 appkey=null
10-30 17:47:49.624 11988-12073/com.comtop.mim I/nativeLog: begin native log
10-30 17:47:49.625 11988-12073/com.comtop.mim I/im@imservice@native@im@msg@recv: 消息返回给应用. rspret=0,cmdid=0x1000021,seqid=49
10-30 17:47:49.626 11988-12107/com.comtop.mim I/InetIO: ResponseSuccess, cmdid:16777249
10-30 17:47:49.627 11988-12107/com.comtop.mim D/WXServiceCallbackDefault.api: cmdid:16777249 state: true
10-30 17:47:49.627 11988-12107/com.comtop.mim I/openimprotocol@native: ImRspSendimmessage_unpackData
10-30 17:47:49.629 11988-12107/com.comtop.mim I/openimprotocol@native: ImRspSendimmessage_unpackData success!
10-30 17:47:50.334 11988-12097/com.comtop.mim D/Tracker: start dump task. size:2
10-30 17:47:50.339 11988-12097/com.comtop.mim D/Tracker: {"time":"10-30 17:47:44.905","steps":[],"consume":1446198464906,"name":"com.alibaba.mobileim.ui.WxChattingActvity@4251a938"}
10-30 17:47:50.350 11988-12097/com.comtop.mim D/Tracker: {"result":0,"time":"10-30 17:47:44.796","steps":[{"result":0,"consume":42,"name":"clickConversationItem"},{"result":0,"consume":60,"name":"onCreate"},{"result":0,"consume":0,"name":"onCreate"},{"result":0,"consume":58,"name":"onCreateView"},{"result":0,"consume":293,"name":"onResume@ChattingFragment"},{"result":0,"consume":0,"name":"getCustomView@ChattingFragment"},{"result":0,"consume":0,"name":"adapterNotifyDataSetChanged@ChattingFragment"},{"result":0,"consume":1,"name":"presenter.onResume@ChattingFragment"}],"consume":535,"name":"openChattingActivity"}
10-30 17:47:50.351 11988-12097/com.comtop.mim D/Tracker: dump completed, sSessionMap.size=0
10-30 17:47:51.680 11988-11988/com.comtop.mim D/YWContactManagerImpl: getContactProfileInfo userId=000150888cb0740c appkey=23232985
10-30 17:47:51.681 11988-11988/com.comtop.mim I/YWContactManagerImpl: getContactProfileCallback, temp = null
10-30 17:47:51.682 11988-11988/com.comtop.mim I/IMProfileCacheUtil: getDefaultProfileCallback
10-30 17:47:51.682 11988-11988/com.comtop.mim I/YWContactManagerImpl: getCrossContactProfileCallback, temp = null
10-30 17:47:51.683 11988-11988/com.comtop.mim I/IMProfileCacheUtil: geDefaultCrossProfileCallback
10-30 17:47:51.684 11988-11988/com.comtop.mim D/YWContactManagerImpl: appkey equals profileCallback called
10-30 17:47:51.685 11988-11988/com.comtop.mim D/YWContactManagerImpl: result nick=1188 headUrl=http://7xn4wo.com1.z0.glb.clouddn.com/user/avatar/000150888cb0740c?1437897406181 appkey=null
10-30 17:47:51.687 11988-11988/com.comtop.mim D/ChattingDetailAdapter: atFlag:0 count:0
10-30 17:47:51.692 11988-11988/com.comtop.mim D/YWContactManagerImpl: getContactProfileInfo userId=000150888766a901 appkey=23232985
10-30 17:47:51.693 11988-11988/com.comtop.mim I/YWContactManagerImpl: getContactProfileCallback, temp = null
10-30 17:47:51.694 11988-11988/com.comtop.mim I/IMProfileCacheUtil: getDefaultProfileCallback
10-30 17:47:51.695 11988-11988/com.comtop.mim I/YWContactManagerImpl: getCrossContactProfileCallback, temp = null
10-30 17:47:51.695 11988-11988/com.comtop.mim I/IMProfileCacheUtil: geDefaultCrossProfileCallback
10-30 17:47:51.695 11988-11988/com.comtop.mim D/YWContactManagerImpl: appkey equals profileCallback called
10-30 17:47:51.696 11988-11988/com.comtop.mim D/YWContactManagerImpl: result nick=3333333333 headUrl=http://7xn4wo.com1.z0.glb.clouddn.com/user/avatar/000150888766a901?1445913912.753282 appkey=null
10-30 17:47:51.704 11988-11988/com.comtop.mim D/YWContactManagerImpl: getContactProfileInfo userId=000150888766a901 appkey=23232985
10-30 17:47:51.704 11988-11988/com.comtop.mim I/YWContactManagerImpl: getContactProfileCallback, temp = null
10-30 17:47:51.704 11988-11988/com.comtop.mim I/IMProfileCacheUtil: getDefaultProfileCallback
10-30 17:47:51.705 11988-11988/com.comtop.mim I/YWContactManagerImpl: getCrossContactProfileCallback, temp = null
10-30 17:47:51.705 11988-11988/com.comtop.mim I/IMProfileCacheUtil: geDefaultCrossProfileCallback
10-30 17:47:51.706 11988-11988/com.comtop.mim D/YWContactManagerImpl: appkey equals profileCallback called
10-30 17:47:51.716 11988-11988/com.comtop.mim D/YWContactManagerImpl: result nick=3333333333 headUrl=http://7xn4wo.com1.z0.glb.clouddn.com/user/avatar/000150888766a901?1445913912.753282 appkey=null
10-30 17:47:51.723 11988-11988/com.comtop.mim D/YWContactManagerImpl: getContactProfileInfo userId=000150888766a901 appkey=23232985
10-30 17:47:51.724 11988-11988/com.comtop.mim I/YWContactManagerImpl: getContactProfileCallback, temp = null
10-30 17:47:51.725 11988-11988/com.comtop.mim I/IMProfileCacheUtil: getDefaultProfileCallback
10-30 17:47:51.725 11988-11988/com.comtop.mim I/YWContactManagerImpl: getCrossContactProfileCallback, temp = null
10-30 17:47:51.726 11988-11988/com.comtop.mim I/IMProfileCacheUtil: geDefaultCrossProfileCallback
10-30 17:47:51.727 11988-11988/com.comtop.mim D/YWContactManagerImpl: appkey equals profileCallback called
10-30 17:47:51.729 11988-11988/com.comtop.mim D/YWContactManagerImpl: result nick=3333333333 headUrl=http://7xn4wo.com1.z0.glb.clouddn.com/user/avatar/000150888766a901?1445913912.753282 appkey=null
10-30 17:47:51.738 11988-11988/com.comtop.mim D/YWContactManagerImpl: getContactProfileInfo userId=000150888cb0740c appkey=23232985
10-30 17:47:51.739 11988-11988/com.comtop.mim I/YWContactManagerImpl: getContactProfileCallback, temp = null
10-30 17:47:51.739 11988-11988/com.comtop.mim I/IMProfileCacheUtil: getDefaultProfileCallback
10-30 17:47:51.739 11988-11988/com.comtop.mim I/YWContactManagerImpl: getCrossContactProfileCallback, temp = null
10-30 17:47:51.766 11988-11988/com.comtop.mim I/IMProfileCacheUtil: geDefaultCrossProfileCallback
10-30 17:47:51.766 11988-11988/com.comtop.mim D/YWContactManagerImpl: appkey equals profileCallback called
10-30 17:47:51.767 11988-11988/com.comtop.mim D/YWContactManagerImpl: result nick=1188 headUrl=http://7xn4wo.com1.z0.glb.clouddn.com/user/avatar/000150888cb0740c?1437897406181 appkey=null
10-30 17:47:51.769 11988-11988/com.comtop.mim D/ChattingDetailAdapter: atFlag:0 count:0
10-30 17:47:51.775 11988-11988/com.comtop.mim D/YWContactManagerImpl: getContactProfileInfo userId=000150888766a901 appkey=23232985
10-30 17:47:51.777 11988-11988/com.comtop.mim I/YWContactManagerImpl: getContactProfileCallback, temp = null
10-30 17:47:51.778 11988-11988/com.comtop.mim I/IMProfileCacheUtil: getDefaultProfileCallback
10-30 17:47:51.779 11988-11988/com.comtop.mim I/YWContactManagerImpl: getCrossContactProfileCallback, temp = null
10-30 17:47:51.780 11988-11988/com.comtop.mim I/IMProfileCacheUtil: geDefaultCrossProfileCallback
10-30 17:47:51.781 11988-11988/com.comtop.mim D/YWContactManagerImpl: appkey equals profileCallback called
10-30 17:47:51.782 11988-11988/com.comtop.mim D/YWContactManagerImpl: result nick=3333333333 headUrl=http://7xn4wo.com1.z0.glb.clouddn.com/user/avatar/000150888766a901?1445913912.753282 appkey=null
10-30 17:47:51.787 11988-11988/com.comtop.mim D/YWContactManagerImpl: getContactProfileInfo userId=000150888766a901 appkey=23232985
10-30 17:47:51.789 11988-11988/com.comtop.mim I/YWContactManagerImpl: getContactProfileCallback, temp = null
10-30 17:47:51.789 11988-11988/com.comtop.mim I/IMProfileCacheUtil: getDefaultProfileCallback
10-30 17:47:51.790 11988-11988/com.comtop.mim I/YWContactManagerImpl: getCrossContactProfileCallback, temp = null
10-30 17:47:51.802 11988-11988/com.comtop.mim I/IMProfileCacheUtil: geDefaultCrossProfileCallback
10-30 17:47:51.803 11988-11988/com.comtop.mim D/YWContactManagerImpl: appkey equals profileCallback called
10-30 17:47:51.804 11988-11988/com.comtop.mim D/YWContactManagerImpl: result nick=3333333333 headUrl=http://7xn4wo.com1.z0.glb.clouddn.com/user/avatar/000150888766a901?1445913912.753282 appkey=null
10-30 17:47:51.810 11988-11988/com.comtop.mim D/YWContactManagerImpl: getContactProfileInfo userId=000150888766a901 appkey=23232985
10-30 17:47:51.821 11988-11988/com.comtop.mim I/YWContactManagerImpl: getContactProfileCallback, temp = null
10-30 17:47:51.821 11988-11988/com.comtop.mim I/IMProfileCacheUtil: getDefaultProfileCallback
10-30 17:47:51.822 11988-11988/com.comtop.mim I/YWContactManagerImpl: getCrossContactProfileCallback, temp = null
10-30 17:47:51.822 11988-11988/com.comtop.mim I/IMProfileCacheUtil: geDefaultCrossProfileCallback
10-30 17:47:51.822 11988-11988/com.comtop.mim D/YWContactManagerImpl: appkey equals profileCallback called
10-30 17:47:51.823 11988-11988/com.comtop.mim D/YWContactManagerImpl: result nick=3333333333 headUrl=http://7xn4wo.com1.z0.glb.clouddn.com/user/avatar/000150888766a901?1445913912.753282 appkey=null
10-30 17:47:51.831 11988-11988/com.comtop.mim D/YWContactManagerImpl: getContactProfileInfo userId=000150888cb0740c appkey=23232985
10-30 17:47:51.833 11988-11988/com.comtop.mim I/YWContactManagerImpl: getContactProfileCallback, temp = null
10-30 17:47:51.835 11988-11988/com.comtop.mim I/IMProfileCacheUtil: getDefaultProfileCallback
10-30 17:47:51.836 11988-11988/com.comtop.mim I/YWContactManagerImpl: getCrossContactProfileCallback, temp = null
10-30 17:47:51.837 11988-11988/com.comtop.mim I/IMProfileCacheUtil: geDefaultCrossProfileCallback
10-30 17:47:51.839 11988-11988/com.comtop.mim D/YWContactManagerImpl: appkey equals profileCallback called
10-30 17:47:51.840 11988-11988/com.comtop.mim D/YWContactManagerImpl: result nick=1188 headUrl=http://7xn4wo.com1.z0.glb.clouddn.com/user/avatar/000150888cb0740c?1437897406181 appkey=null
10-30 17:47:51.843 11988-11988/com.comtop.mim D/ChattingDetailAdapter: atFlag:0 count:0
10-30 17:47:52.536 11988-11988/com.comtop.mim I/YWConversationManagerImpl: removeConversationListener
10-30 17:47:52.538 11988-11988/com.comtop.mim D/IMChannel: onActivityPaused:com.alibaba.mobileim.ui.WxChattingActvity
10-30 17:47:52.553 11988-11988/com.comtop.mim I/YWConversationManagerImpl: removeConversationListener
10-30 17:47:52.589 11988-11988/com.comtop.mim D/IMChannel: onActivityStarted:ui.MainActivity
10-30 17:47:52.592 11988-11988/com.comtop.mim D/IMChannel: onActivityResumed:ui.MainActivity
10-30 17:47:52.602 11988-11988/com.comtop.mim I/Native: InetIO_SetForeground 1
10-30 17:47:52.628 11988-11988/com.comtop.mim D/wjtest: VConnManager.getInstance().clearWearyCheck()
10-30 17:47:52.639 11988-11988/com.comtop.mim I/Native: InetIO_ngetLoginState
10-30 17:47:52.639 11988-11988/com.comtop.mim I/Native: current user idvj1r4l000150888cb0740c
10-30 17:47:52.640 11988-11988/com.comtop.mim I/EgoAccount.api: getLoginState:3
10-30 17:47:52.640 11988-11988/com.comtop.mim D/may: =====>im login state: success
10-30 17:47:52.640 11988-11988/com.comtop.mim I/Native: InetIO_ngetLoginState
10-30 17:47:52.640 11988-11988/com.comtop.mim I/Native: current user idvj1r4l000150888cb0740c
10-30 17:47:52.640 11988-11988/com.comtop.mim I/EgoAccount.api: getLoginState:3
10-30 17:47:52.640 11988-11988/com.comtop.mim D/may: ======>unread count: 1, service: com.alibaba.mobileim.lib.presenter.conversation.YWConversationManagerImpl@4245d7f8
10-30 17:47:52.649 11988-11988/com.comtop.mim D/WxConversationFragment@kiked?off:  WXAPI.getInstance(): com.alibaba.mobileim.WXAPI@42715740
10-30 17:47:52.651 11988-11988/com.comtop.mim D/WxConversationFragment@kiked?off:  WXAPI.getInstance().getLoginUserId(): 000150888cb0740c
10-30 17:47:52.652 11988-11988/com.comtop.mim D/WxConversationFragment@kiked?off:    WXAPI.getInstance().getConversationManager(): com.alibaba.mobileim.lib.presenter.conversation.YWConversationManagerImpl@4245d7f8
10-30 17:47:52.654 11988-11988/com.comtop.mim D/WxConversationFragment@kiked?off:   WXAPI.getInstance().getConversationManager().getConversationList(): [com.alibaba.mobileim.lib.presenter.conversation.P2PConversation@4255d6b8, com.alibaba.mobileim.lib.presenter.conversation.TribeConversation@42470b28, com.alibaba.mobileim.lib.presenter.conversation.TribeConversation@42496c20, com.alibaba.mobileim.lib.presenter.conversation.TribeConversation@4262c0c0, com.alibaba.mobileim.lib.presenter.conversation.P2PConversation@42629f78, com.alibaba.mobileim.lib.presenter.conversation.P2PConversation@4267d0e0, com.alibaba.mobileim.lib.presenter.conversation.P2PConversation@42661a30]
10-30 17:47:52.656 11988-11988/com.comtop.mim D/WxConversationFragment@kiked?off:  mConversations: [com.alibaba.mobileim.lib.presenter.conversation.P2PConversation@4255d6b8, com.alibaba.mobileim.lib.presenter.conversation.TribeConversation@42470b28, com.alibaba.mobileim.lib.presenter.conversation.TribeConversation@42496c20, com.alibaba.mobileim.lib.presenter.conversation.TribeConversation@4262c0c0, com.alibaba.mobileim.lib.presenter.conversation.P2PConversation@42629f78, com.alibaba.mobileim.lib.presenter.conversation.P2PConversation@4267d0e0, com.alibaba.mobileim.lib.presenter.conversation.P2PConversation@42661a30]
10-30 17:47:52.657 11988-11988/com.comtop.mim D/WxConversationFragment@kiked?off:   mConversations.hashCode(): 39c6b197
10-30 17:47:52.658 11988-11988/com.comtop.mim D/WxConversationFragment@kiked?off:   WXAPI.getInstance().getConversationManager().getConversationList().hashCode(): 39c6b197
10-30 17:47:52.666 11988-11988/com.comtop.mim I/YWConversationManagerImpl: removeConversationListener
10-30 17:47:52.667 11988-11988/com.comtop.mim I/YWConversationManagerImpl: addConversationListener
10-30 17:47:52.688 11988-11988/com.comtop.mim D/YWContactManagerImpl: getContactProfileInfo userId=000150888766a901 appkey=23232985
10-30 17:47:52.689 11988-11988/com.comtop.mim I/YWContactManagerImpl: getContactProfileCallback, temp = null
10-30 17:47:52.690 11988-11988/com.comtop.mim I/IMProfileCacheUtil: getDefaultProfileCallback
10-30 17:47:52.690 11988-11988/com.comtop.mim I/YWContactManagerImpl: getCrossContactProfileCallback, temp = null
10-30 17:47:52.691 11988-11988/com.comtop.mim I/IMProfileCacheUtil: geDefaultCrossProfileCallback
10-30 17:47:52.711 11988-11988/com.comtop.mim D/YWContactManagerImpl: appkey equals profileCallback called
10-30 17:47:52.711 11988-11988/com.comtop.mim D/YWContactManagerImpl: result nick=3333333333 headUrl=http://7xn4wo.com1.z0.glb.clouddn.com/user/avatar/000150888766a901?1445913912.753282 appkey=null
10-30 17:47:52.712 11988-11988/com.comtop.mim D/YWContactManagerImpl: getContactProfileInfo userId=000150888766a901 appkey=23232985
10-30 17:47:52.713 11988-11988/com.comtop.mim I/YWContactManagerImpl: getContactProfileCallback, temp = null
10-30 17:47:52.713 11988-11988/com.comtop.mim I/IMProfileCacheUtil: getDefaultProfileCallback
10-30 17:47:52.713 11988-11988/com.comtop.mim I/YWContactManagerImpl: getCrossContactProfileCallback, temp = null
10-30 17:47:52.713 11988-11988/com.comtop.mim I/IMProfileCacheUtil: geDefaultCrossProfileCallback
10-30 17:47:52.714 11988-11988/com.comtop.mim D/YWContactManagerImpl: appkey equals profileCallback called
10-30 17:47:52.715 11988-11988/com.comtop.mim D/YWContactManagerImpl: result nick=3333333333 headUrl=http://7xn4wo.com1.z0.glb.clouddn.com/user/avatar/000150888766a901?1445913912.753282 appkey=null
10-30 17:47:52.721 11988-11988/com.comtop.mim D/ConversationAdapter: message = Message{mMsgId=6269105459362594816, atFlag=0, direction=0, mContent='hhh', mCvsId='idvj1r4l000150888766a901', isAtMsgAck=false, atMsgAckSendId='null', atMsgAckUUid='null', isAtMsgHasRead=false, mTime=1446198439, mAuthorId='idvj1r4l000150888cb0740c', mAuthorName='000150888cb0740c', atUserList=null}
10-30 17:47:52.747 11988-11988/com.comtop.mim D/ConversationAdapter: hasUnreadAtMsg:false
10-30 17:47:52.748 11988-11988/com.comtop.mim D/ConversationAdapter: message = null
10-30 17:47:52.750 11988-11988/com.comtop.mim D/YWContactManagerImpl: getContactProfileInfo userId=00015093a71819be appkey=23232985
10-30 17:47:52.751 11988-11988/com.comtop.mim I/YWContactManagerImpl: getContactProfileCallback, temp = null
10-30 17:47:52.752 11988-11988/com.comtop.mim I/IMProfileCacheUtil: getDefaultProfileCallback
10-30 17:47:52.753 11988-11988/com.comtop.mim I/YWContactManagerImpl: getCrossContactProfileCallback, temp = null
10-30 17:47:52.755 11988-11988/com.comtop.mim I/IMProfileCacheUtil: geDefaultCrossProfileCallback
10-30 17:47:52.756 11988-11988/com.comtop.mim D/YWContactManagerImpl: appkey equals profileCallback called
10-30 17:47:52.757 11988-11988/com.comtop.mim D/YWContactManagerImpl: result nick=119 headUrl= appkey=null
10-30 17:47:52.762 11988-11988/com.comtop.mim D/ConversationAdapter: hasUnreadAtMsg:false
