10-16 09:13:25.987  1034  7582 I PackageManager: Adding preferred activity ComponentInfo{com.android.mms/com.android.mms.ui.ComposeMessageActivity} for user 0 :
10-16 09:13:36.160  1034  1061 I ActivityManager: Waited long enough for: ServiceRecord{42dac068 u0 com.google.android.gms/.checkin.CheckinService}
10-16 09:13:58.914  1034  1099 D ConnectivityService: handleInetConditionHoldEnd: net=1, condition=0, published condition=0
10-16 09:14:00.002  1034  1085 V AlarmManager: sending alarm Alarm{42ade888 type 3 android}
10-16 09:14:12.871  1034  1085 V AlarmManager: sending alarm Alarm{438dd868 type 2 com.google.android.gms}
10-16 09:14:21.187  1034  7580 W BackupManagerService: dataChanged but no participant pkg='com.android.providers.settings' uid=10292
10-16 09:14:21.232  1034  8207 W BackupManagerService: dataChanged but no participant pkg='com.android.providers.settings' uid=10292
10-16 09:14:24.898  1034  1099 D ConnectivityService: handleInetConditionHoldEnd: net=1, condition=0, published condition=0
10-16 09:14:44.301 16133 18303 W FileUtils: Failed to chmod(/storage/emulated/0/baidu/pushservice/database/pushstat_4.1.1.107.db): libcore.io.ErrnoException: chmod failed: EPERM (Operation not permitted)
10-16 09:14:44.348  1034  1105 W BackupManagerService: dataChanged but no participant pkg='com.android.providers.settings' uid=10292
10-16 09:14:44.379  1034  7580 W BackupManagerService: dataChanged but no participant pkg='com.android.providers.settings' uid=10292
10-16 09:15:00.001  1034  1085 V AlarmManager: sending alarm Alarm{438a63c0 type 3 android}
10-16 09:15:01.002  1034  1085 V AlarmManager: sending alarm Alarm{438930b8 type 2 com.google.android.gms}
10-16 09:15:01.011  1034  1085 V AlarmManager: sending alarm Alarm{42ea53d8 type 1 com.android.deskclock}
10-16 09:15:09.897  1034  1099 D ConnectivityService: handleInetConditionHoldEnd: net=1, condition=0, published condition=0
10-16 09:15:29.756  1034  1085 V AlarmManager: sending alarm Alarm{43169fb0 type 2 com.motorola.ccc.cce}
10-16 09:16:13.981  1034  1085 V AlarmManager: sending alarm Alarm{43184100 type 3 android}
10-16 09:16:14.738  1034  1085 V AlarmManager: sending alarm Alarm{43152c40 type 3 com.tencent.mm}
10-16 09:16:14.744  1034  1085 V AlarmManager: sending alarm Alarm{43171c70 type 2 com.google.android.gms}
10-16 09:16:14.746  1034  1085 V AlarmManager: sending alarm Alarm{43140068 type 0 com.tencent.mm}
10-16 09:16:14.748  1034  1085 V AlarmManager: sending alarm Alarm{4318d848 type 0 com.google.android.gms}
10-16 09:16:18.668  1034  1048 W BackupManagerService: dataChanged but no participant pkg='com.android.providers.settings' uid=10292
10-16 09:16:18.686  1034  1312 W BackupManagerService: dataChanged but no participant pkg='com.android.providers.settings' uid=10292
10-16 09:16:21.006  1034  1099 D ConnectivityService: handleInetConditionHoldEnd: net=1, condition=0, published condition=0
10-16 09:16:23.922  1034  7580 W IntentResolver: resolveIntent: multiple matches, only some with CATEGORY_DEFAULT
10-16 09:16:23.924  1034  7582 I PackageManager: Adding preferred activity ComponentInfo{com.android.mms/com.android.mms.ui.ComposeMessageActivity} for user 0 :
10-16 09:16:23.956  1034  1047 W IntentResolver: resolveIntent: multiple matches, only some with CATEGORY_DEFAULT
10-16 09:16:23.958  1034  8208 I PackageManager: Adding preferred activity ComponentInfo{com.android.mms/com.android.mms.ui.ComposeMessageActivity} for user 0 :
10-16 09:16:23.972  1034  3252 W IntentResolver: resolveIntent: multiple matches, only some with CATEGORY_DEFAULT
10-16 09:16:23.974  1034  1334 I PackageManager: Adding preferred activity ComponentInfo{com.android.mms/com.android.mms.ui.ComposeMessageActivity} for user 0 :
10-16 09:16:23.997  1034  1048 W IntentResolver: resolveIntent: multiple matches, only some with CATEGORY_DEFAULT
10-16 09:16:24.001  1034  1198 I PackageManager: Adding preferred activity ComponentInfo{com.android.mms/com.android.mms.ui.ComposeMessageActivity} for user 0 :
10-16 09:16:24.014  1034  3252 W IntentResolver: resolveIntent: multiple matches, only some with CATEGORY_DEFAULT
10-16 09:16:24.024  1034  1314 I PackageManager: Adding preferred activity ComponentInfo{com.android.mms/com.android.mms.ui.ComposeMessageActivity} for user 0 :
10-16 09:16:24.034  1034  1313 W IntentResolver: resolveIntent: multiple matches, only some with CATEGORY_DEFAULT
10-16 09:16:24.036  1034  1312 I PackageManager: Adding preferred activity ComponentInfo{com.android.mms/com.android.mms.ui.ComposeMessageActivity} for user 0 :
10-16 09:16:24.086  1034  7582 W IntentResolver: resolveIntent: multiple matches, only some with CATEGORY_DEFAULT
10-16 09:16:24.092  1034  1314 I PackageManager: Adding preferred activity ComponentInfo{com.android.mms/com.android.mms.ui.ComposeMessageActivity} for user 0 :
10-16 09:16:24.105  1034  1313 W IntentResolver: resolveIntent: multiple matches, only some with CATEGORY_DEFAULT
10-16 09:16:24.107  1034  1312 I PackageManager: Adding preferred activity ComponentInfo{com.android.mms/com.android.mms.ui.ComposeMessageActivity} for user 0 :
10-16 09:16:29.908  1034  1061 I ActivityManager: Waited long enough for: ServiceRecord{4354c2b8 u0 com.google.android.gms/.checkin.CheckinService}
10-16 09:17:00.001  1034  1085 V AlarmManager: sending alarm Alarm{42a4fdb0 type 3 android}
10-16 09:18:09.983  1034  1085 V AlarmManager: sending alarm Alarm{42c45860 type 3 android}
10-16 09:18:10.006  1034  1312 I ActivityManager: Killing 17348:android.process.media/u0a16 (adj 15): empty #9
10-16 09:18:10.073  1275  3952 W ContextImpl: Calling a method in the system process without a qualified user: android.app.ContextImpl.sendBroadcast:1252 android.content.ContextWrapper.sendBroadcast:365 com.motorola.motocare.util.TriggerHelper$TriggerBuilder.send:76 com.motorola.motocare.internal.frameworkevents.ProcessKillTrigger.sendTrigger:147 com.motorola.motocare.internal.frameworkevents.ProcessKillTrigger.handleFrameworkEvent:164 
10-16 09:18:10.126  1034  1085 V AlarmManager: sending alarm Alarm{42c5ba70 type 0 com.comtop.map}
10-16 09:18:10.132  1034  1085 V AlarmManager: sending alarm Alarm{42c5bb48 type 0 com.alibaba.openIMUIDemo}
10-16 09:18:21.210  1034  1085 V AlarmManager: sending alarm Alarm{42bae0e0 type 0 com.google.android.gms}
10-16 09:18:21.220  1034  1085 V AlarmManager: sending alarm Alarm{42cee640 type 0 com.tencent.mobileqq}
10-16 09:18:27.646  1034  7580 W IntentResolver: resolveIntent: multiple matches, only some with CATEGORY_DEFAULT
10-16 09:18:27.648  1034  7582 I PackageManager: Adding preferred activity ComponentInfo{com.android.mms/com.android.mms.ui.ComposeMessageActivity} for user 0 :
10-16 09:18:27.659  1034  2789 W IntentResolver: resolveIntent: multiple matches, only some with CATEGORY_DEFAULT
10-16 09:18:27.660  1034  3233 I PackageManager: Adding preferred activity ComponentInfo{com.android.mms/com.android.mms.ui.ComposeMessageActivity} for user 0 :
10-16 09:18:27.673  1034  3252 W IntentResolver: resolveIntent: multiple matches, only some with CATEGORY_DEFAULT
10-16 09:18:27.675  1034  1047 I PackageManager: Adding preferred activity ComponentInfo{com.android.mms/com.android.mms.ui.ComposeMessageActivity} for user 0 :
10-16 09:18:27.684  1034  1312 W IntentResolver: resolveIntent: multiple matches, only some with CATEGORY_DEFAULT
10-16 09:18:27.689  1034  1047 I PackageManager: Adding preferred activity ComponentInfo{com.android.mms/com.android.mms.ui.ComposeMessageActivity} for user 0 :
10-16 09:18:27.700  1034  1048 W IntentResolver: resolveIntent: multiple matches, only some with CATEGORY_DEFAULT
10-16 09:18:27.702  1034  1334 I PackageManager: Adding preferred activity ComponentInfo{com.android.mms/com.android.mms.ui.ComposeMessageActivity} for user 0 :
10-16 09:18:27.723  1034  1198 W IntentResolver: resolveIntent: multiple matches, only some with CATEGORY_DEFAULT
10-16 09:18:27.895  1034  1047 I PackageManager: Adding preferred activity ComponentInfo{com.android.mms/com.android.mms.ui.ComposeMessageActivity} for user 0 :
10-16 09:18:27.903  1034  2789 W IntentResolver: resolveIntent: multiple matches, only some with CATEGORY_DEFAULT
10-16 09:18:27.905  1034  3252 I PackageManager: Adding preferred activity ComponentInfo{com.android.mms/com.android.mms.ui.ComposeMessageActivity} for user 0 :
10-16 09:18:27.914  1034  1314 W IntentResolver: resolveIntent: multiple matches, only some with CATEGORY_DEFAULT
10-16 09:18:27.916  1034  7580 I PackageManager: Adding preferred activity ComponentInfo{com.android.mms/com.android.mms.ui.ComposeMessageActivity} for user 0 :
10-16 09:18:33.686  1034  1085 V AlarmManager: sending alarm Alarm{42d1f7f8 type 2 com.google.android.gms}
10-16 09:18:36.232  1034  1061 I ActivityManager: Waited long enough for: ServiceRecord{42eb4278 u0 com.google.android.gms/.checkin.CheckinService}
10-16 09:18:56.750  1034  1099 D ConnectivityService: handleInetConditionHoldEnd: net=1, condition=0, published condition=0
10-16 09:19:00.001  1034  1085 V AlarmManager: sending alarm Alarm{42d1f760 type 3 android}
10-16 09:19:24.217  1034  1085 V AlarmManager: sending alarm Alarm{43151df8 type 0 com.google.android.gms}
10-16 09:19:24.226  1034  1085 V AlarmManager: sending alarm Alarm{4314faa8 type 1 com.netease.newsreader.activity}
10-16 09:20:50.979  1034  1085 V AlarmManager: sending alarm Alarm{42e89c48 type 3 android}
10-16 09:20:50.986  1034  1085 V AlarmManager: sending alarm Alarm{42e89848 type 2 android}
10-16 09:20:50.993  1034  1085 V AlarmManager: sending alarm Alarm{42e890d0 type 3 com.tencent.mm}
10-16 09:20:50.997  1034  1099 D ConnectivityService: Sampling interval elapsed, updating statistics ..
10-16 09:20:51.009  1034  1099 D ConnectivityService: Done.
10-16 09:20:51.009  1034  1099 D ConnectivityService: Setting timer for 720seconds
10-16 09:21:13.988  1034  1085 V AlarmManager: sending alarm Alarm{42d2b5c8 type 3 android}
10-16 09:21:14.118  1034  1085 V AlarmManager: sending alarm Alarm{42e88ed8 type 2 com.tencent.mm}
10-16 09:21:14.119  1034  1085 V AlarmManager: sending alarm Alarm{42e7fa28 type 0 com.google.android.gms}
10-16 09:21:14.120  1034  1085 V AlarmManager: sending alarm Alarm{42e7e300 type 0 android}
10-16 09:21:14.130  1034  1034 V BackupManagerService: Running a backup pass
10-16 09:21:14.132  1034  1107 V BackupManagerService: clearing pending backups
10-16 09:21:14.133  1034  1107 V PerformBackupTask: Beginning backup of 11 targets
10-16 09:21:14.139  1034  1107 D PerformBackupTask: invokeAgentForBackup on @pm@
10-16 09:21:14.237  1034  1107 D BackupManagerService: Now staging backup of android
10-16 09:21:14.256  1034  1107 D BackupManagerService: Now staging backup of com.android.calendar
10-16 09:21:14.270  1034  1107 D BackupManagerService: Now staging backup of com.google.android.googlequicksearchbox
10-16 09:21:14.290  1034  1107 D BackupManagerService: Now staging backup of com.google.android.talk
10-16 09:21:14.303  1034  1107 D BackupManagerService: Now staging backup of com.android.vending
10-16 09:21:14.316  1034  1107 D BackupManagerService: Now staging backup of com.google.android.marvin.talkback
10-16 09:21:14.358  1034  1107 D BackupManagerService: Now staging backup of com.android.dialer
10-16 09:21:14.686  1034  1107 D BackupManagerService: Now staging backup of com.android.providers.userdictionary
10-16 09:21:14.737  1034  1107 D BackupManagerService: Now staging backup of com.google.android.gm
10-16 09:21:14.761  1034  1107 D BackupManagerService: Now staging backup of com.android.sharedstoragebackup
10-16 09:21:14.774  1034  1107 D BackupManagerService: Now staging backup of com.android.providers.settings
10-16 09:21:14.807  1034  1085 V AlarmManager: sending alarm Alarm{4219ef80 type 0 android}
10-16 09:21:14.809  1034  1034 I BackupManagerService: Backup time but one already running
10-16 09:21:14.811  1034  1107 I PerformBackupTask: Backup pass finished.
10-16 09:21:21.636  1034  1333 W IntentResolver: resolveIntent: multiple matches, only some with CATEGORY_DEFAULT
10-16 09:21:21.638  1034  1314 I PackageManager: Adding preferred activity ComponentInfo{com.android.mms/com.android.mms.ui.ComposeMessageActivity} for user 0 :
10-16 09:21:21.667  1034  2789 W IntentResolver: resolveIntent: multiple matches, only some with CATEGORY_DEFAULT
10-16 09:21:21.669  1034  7580 I PackageManager: Adding preferred activity ComponentInfo{com.android.mms/com.android.mms.ui.ComposeMessageActivity} for user 0 :
10-16 09:21:21.694  1034  1048 W IntentResolver: resolveIntent: multiple matches, only some with CATEGORY_DEFAULT
10-16 09:21:21.696  1034  1105 I PackageManager: Adding preferred activity ComponentInfo{com.android.mms/com.android.mms.ui.ComposeMessageActivity} for user 0 :
10-16 09:21:21.865  1034  1198 W IntentResolver: resolveIntent: multiple matches, only some with CATEGORY_DEFAULT
10-16 09:21:21.871  1034  1312 I PackageManager: Adding preferred activity ComponentInfo{com.android.mms/com.android.mms.ui.ComposeMessageActivity} for user 0 :
10-16 09:21:21.900  1034  8207 W IntentResolver: resolveIntent: multiple matches, only some with CATEGORY_DEFAULT
10-16 09:21:21.902  1034  7580 I PackageManager: Adding preferred activity ComponentInfo{com.android.mms/com.android.mms.ui.ComposeMessageActivity} for user 0 :
10-16 09:21:21.914  1034  1198 W IntentResolver: resolveIntent: multiple matches, only some with CATEGORY_DEFAULT
10-16 09:21:21.916  1034  1314 I PackageManager: Adding preferred activity ComponentInfo{com.android.mms/com.android.mms.ui.ComposeMessageActivity} for user 0 :
10-16 09:21:21.926  1034  8207 W IntentResolver: resolveIntent: multiple matches, only some with CATEGORY_DEFAULT
10-16 09:21:21.929  1034  3252 I PackageManager: Adding preferred activity ComponentInfo{com.android.mms/com.android.mms.ui.ComposeMessageActivity} for user 0 :
10-16 09:21:21.939  1034  3233 W IntentResolver: resolveIntent: multiple matches, only some with CATEGORY_DEFAULT
10-16 09:21:21.941  1034  1047 I PackageManager: Adding preferred activity ComponentInfo{com.android.mms/com.android.mms.ui.ComposeMessageActivity} for user 0 :
10-16 09:21:29.133  1034  1061 I ActivityManager: Waited long enough for: ServiceRecord{432f7b70 u0 com.google.android.gms/.checkin.CheckinService}
10-16 09:21:34.127  1034  1085 V AlarmManager: sending alarm Alarm{4219d3f0 type 2 com.tencent.mm}
10-16 09:21:34.658  1034  1085 V AlarmManager: sending alarm Alarm{42cef7d0 type 2 com.tencent.mm}
10-16 09:22:00.002  1034  1085 V AlarmManager: sending alarm Alarm{42cf25d8 type 3 android}
10-16 09:22:00.224  1034  1085 V AlarmManager: sending alarm Alarm{438ae270 type 2 com.tencent.mm}
10-16 09:24:10.985  1034  1085 V AlarmManager: sending alarm Alarm{42c6ece8 type 3 android}
10-16 09:24:11.484  1034  1085 V AlarmManager: sending alarm Alarm{42eccee0 type 2 com.google.android.gms}
10-16 09:24:11.497  1034  1085 V AlarmManager: sending alarm Alarm{42eccf90 type 0 com.tencent.mobileqq}
10-16 09:26:14.983  1034  1085 V AlarmManager: sending alarm Alarm{42defe28 type 3 android}
10-16 09:26:14.996  1034  1085 V AlarmManager: sending alarm Alarm{42eccfe0 type 3 com.tencent.mm}
10-16 09:26:14.997  1034  1085 V AlarmManager: sending alarm Alarm{42fe50d0 type 0 com.comtop.map}
10-16 09:26:14.998  1034  1085 V AlarmManager: sending alarm Alarm{42c6ec80 type 0 com.google.android.gms}
10-16 09:26:15.002  1034  1085 V AlarmManager: sending alarm Alarm{42fe5120 type 1 com.netease.newsreader.activity}
10-16 09:26:19.252  1034  1047 W IntentResolver: resolveIntent: multiple matches, only some with CATEGORY_DEFAULT
10-16 09:26:19.267  1034  8207 I PackageManager: Adding preferred activity ComponentInfo{com.android.mms/com.android.mms.ui.ComposeMessageActivity} for user 0 :
10-16 09:26:19.303  1034  2789 W IntentResolver: resolveIntent: multiple matches, only some with CATEGORY_DEFAULT
10-16 09:26:19.304  1034  3233 I PackageManager: Adding preferred activity ComponentInfo{com.android.mms/com.android.mms.ui.ComposeMessageActivity} for user 0 :
10-16 09:26:19.313  1034  1105 W IntentResolver: resolveIntent: multiple matches, only some with CATEGORY_DEFAULT
10-16 09:26:19.314  1034  1048 I PackageManager: Adding preferred activity ComponentInfo{com.android.mms/com.android.mms.ui.ComposeMessageActivity} for user 0 :
10-16 09:26:19.324  1034  1198 W IntentResolver: resolveIntent: multiple matches, only some with CATEGORY_DEFAULT
10-16 09:26:19.325  1034  1047 I PackageManager: Adding preferred activity ComponentInfo{com.android.mms/com.android.mms.ui.ComposeMessageActivity} for user 0 :
10-16 09:26:19.346  1034  1105 W IntentResolver: resolveIntent: multiple matches, only some with CATEGORY_DEFAULT
10-16 09:26:19.348  1034  3252 I PackageManager: Adding preferred activity ComponentInfo{com.android.mms/com.android.mms.ui.ComposeMessageActivity} for user 0 :
10-16 09:26:19.360  1034  7580 W IntentResolver: resolveIntent: multiple matches, only some with CATEGORY_DEFAULT
10-16 09:26:19.362  1034  1312 I PackageManager: Adding preferred activity ComponentInfo{com.android.mms/com.android.mms.ui.ComposeMessageActivity} for user 0 :
10-16 09:26:19.397  1034  8208 W IntentResolver: resolveIntent: multiple matches, only some with CATEGORY_DEFAULT
10-16 09:26:19.400  1034  1047 I PackageManager: Adding preferred activity ComponentInfo{com.android.mms/com.android.mms.ui.ComposeMessageActivity} for user 0 :
10-16 09:26:19.411  1034  7582 W IntentResolver: resolveIntent: multiple matches, only some with CATEGORY_DEFAULT
10-16 09:26:19.413  1034  1314 I PackageManager: Adding preferred activity ComponentInfo{com.android.mms/com.android.mms.ui.ComposeMessageActivity} for user 0 :
10-16 09:26:30.109  1034  1061 I ActivityManager: Waited long enough for: ServiceRecord{42d99a38 u0 com.google.android.gms/.checkin.CheckinService}
10-16 09:26:32.980  1034  1099 D ConnectivityService: handleInetConditionHoldEnd: net=1, condition=0, published condition=0
10-16 09:26:36.103  1034  3233 W BackupManagerService: dataChanged but no participant pkg='com.android.providers.settings' uid=10292
10-16 09:26:36.133  1034  3252 W BackupManagerService: dataChanged but no participant pkg='com.android.providers.settings' uid=10292
10-16 09:26:59.326  1034  1314 W BackupManagerService: dataChanged but no participant pkg='com.android.providers.settings' uid=10292
10-16 09:26:59.365  1034  1312 W BackupManagerService: dataChanged but no participant pkg='com.android.providers.settings' uid=10292
10-16 09:27:00.002  1034  1085 V AlarmManager: sending alarm Alarm{43303888 type 3 android}
10-16 09:29:11.988  1034  1085 V AlarmManager: sending alarm Alarm{43a042f0 type 3 android}
10-16 09:29:11.998  1034  1085 V AlarmManager: sending alarm Alarm{43a025f8 type 0 com.tencent.mobileqq}
10-16 09:30:00.988  1034  1085 V AlarmManager: sending alarm Alarm{43551c70 type 3 android}
10-16 09:30:01.006  1034  1085 V AlarmManager: sending alarm Alarm{439ff028 type 0 com.comtop.map}
10-16 09:30:01.008  1034  1085 V AlarmManager: sending alarm Alarm{439fc760 type 1 com.android.deskclock}
10-16 09:32:48.985  1034  1085 V AlarmManager: sending alarm Alarm{4354a550 type 3 android}
10-16 09:32:49.102  1034  1085 V AlarmManager: sending alarm Alarm{439fb9d0 type 3 com.tencent.mm}
10-16 09:32:49.108  1034  1085 V AlarmManager: sending alarm Alarm{439ed760 type 2 com.google.android.gms}
10-16 09:32:49.110  1034  1085 V AlarmManager: sending alarm Alarm{439e3890 type 2 com.tencent.mm}
10-16 09:32:49.114  1034  1085 V AlarmManager: sending alarm Alarm{439dfc58 type 3 com.tencent.mobileqq}
10-16 09:32:49.114  1034  1085 V AlarmManager: sending alarm Alarm{43962708 type 0 com.tencent.mm}
10-16 09:32:49.115  1034  1085 V AlarmManager: sending alarm Alarm{43904110 type 1 com.netease.newsreader.activity}
10-16 09:32:57.722  1034  1334 W IntentResolver: resolveIntent: multiple matches, only some with CATEGORY_DEFAULT
10-16 09:32:57.723  1034  7580 I PackageManager: Adding preferred activity ComponentInfo{com.android.mms/com.android.mms.ui.ComposeMessageActivity} for user 0 :
10-16 09:32:57.755  1034  8207 W IntentResolver: resolveIntent: multiple matches, only some with CATEGORY_DEFAULT
10-16 09:32:57.757  1034  3252 I PackageManager: Adding preferred activity ComponentInfo{com.android.mms/com.android.mms.ui.ComposeMessageActivity} for user 0 :
10-16 09:32:57.789  1034  1105 W IntentResolver: resolveIntent: multiple matches, only some with CATEGORY_DEFAULT
10-16 09:32:57.791  1034  8208 I PackageManager: Adding preferred activity ComponentInfo{com.android.mms/com.android.mms.ui.ComposeMessageActivity} for user 0 :
10-16 09:32:57.822  1034  1048 W IntentResolver: resolveIntent: multiple matches, only some with CATEGORY_DEFAULT
10-16 09:32:57.973  1034  1312 I PackageManager: Adding preferred activity ComponentInfo{com.android.mms/com.android.mms.ui.ComposeMessageActivity} for user 0 :
10-16 09:32:57.985  1034  1198 W IntentResolver: resolveIntent: multiple matches, only some with CATEGORY_DEFAULT
10-16 09:32:57.987  1034  2789 I PackageManager: Adding preferred activity ComponentInfo{com.android.mms/com.android.mms.ui.ComposeMessageActivity} for user 0 :
10-16 09:32:58.036  1034  1313 W IntentResolver: resolveIntent: multiple matches, only some with CATEGORY_DEFAULT
10-16 09:32:58.039  1034  1047 I PackageManager: Adding preferred activity ComponentInfo{com.android.mms/com.android.mms.ui.ComposeMessageActivity} for user 0 :
10-16 09:32:58.051  1034  1047 W IntentResolver: resolveIntent: multiple matches, only some with CATEGORY_DEFAULT
10-16 09:32:58.055  1034  1334 I PackageManager: Adding preferred activity ComponentInfo{com.android.mms/com.android.mms.ui.ComposeMessageActivity} for user 0 :
10-16 09:32:58.066  1034  1312 W IntentResolver: resolveIntent: multiple matches, only some with CATEGORY_DEFAULT
10-16 09:32:58.068  1034  1047 I PackageManager: Adding preferred activity ComponentInfo{com.android.mms/com.android.mms.ui.ComposeMessageActivity} for user 0 :
10-16 09:33:00.002  1034  1085 V AlarmManager: sending alarm Alarm{435053f0 type 3 android}
10-16 09:33:09.127  1034  3233 W BackupManagerService: dataChanged but no participant pkg='com.android.providers.settings' uid=10292
10-16 09:33:09.233  1034  8208 W BackupManagerService: dataChanged but no participant pkg='com.android.providers.settings' uid=10292
10-16 09:33:12.208  1034  1099 D ConnectivityService: handleInetConditionHoldEnd: net=1, condition=0, published condition=0
10-16 09:33:16.576  1034  1085 V AlarmManager: sending alarm Alarm{43836a38 type 2 com.tencent.mm}
10-16 09:34:11.989  1034  1085 V AlarmManager: sending alarm Alarm{42bca638 type 3 android}
10-16 09:34:12.040  1034  1085 V AlarmManager: sending alarm Alarm{43903738 type 2 android}
10-16 09:34:12.041  1034  1085 V AlarmManager: sending alarm Alarm{43a48bb8 type 0 com.google.android.gms}
10-16 09:34:12.042  1034  1085 V AlarmManager: sending alarm Alarm{4354edd8 type 0 com.tencent.mobileqq}
10-16 09:34:12.043  1034  1099 D ConnectivityService: Sampling interval elapsed, updating statistics ..
10-16 09:34:12.051  1034  1099 D ConnectivityService: Done.
10-16 09:34:12.051  1034  1099 D ConnectivityService: Setting timer for 720seconds
10-16 09:34:22.371  1034  1105 W IntentResolver: resolveIntent: multiple matches, only some with CATEGORY_DEFAULT
10-16 09:34:22.372  1034  1198 I PackageManager: Adding preferred activity ComponentInfo{com.android.mms/com.android.mms.ui.ComposeMessageActivity} for user 0 :
10-16 09:34:22.416  1034  1333 W IntentResolver: resolveIntent: multiple matches, only some with CATEGORY_DEFAULT
10-16 09:34:22.419  1034  7582 I PackageManager: Adding preferred activity ComponentInfo{com.android.mms/com.android.mms.ui.ComposeMessageActivity} for user 0 :
10-16 09:34:22.446  1034  2789 W IntentResolver: resolveIntent: multiple matches, only some with CATEGORY_DEFAULT
10-16 09:34:22.448  1034  1105 I PackageManager: Adding preferred activity ComponentInfo{com.android.mms/com.android.mms.ui.ComposeMessageActivity} for user 0 :
10-16 09:34:22.487  1034  1334 W IntentResolver: resolveIntent: multiple matches, only some with CATEGORY_DEFAULT
10-16 09:34:22.493  1034  1198 I PackageManager: Adding preferred activity ComponentInfo{com.android.mms/com.android.mms.ui.ComposeMessageActivity} for user 0 :
10-16 09:34:22.519  1034  7582 W IntentResolver: resolveIntent: multiple matches, only some with CATEGORY_DEFAULT
10-16 09:34:22.521  1034  8207 I PackageManager: Adding preferred activity ComponentInfo{com.android.mms/com.android.mms.ui.ComposeMessageActivity} for user 0 :
10-16 09:34:22.550  1034  2789 W IntentResolver: resolveIntent: multiple matches, only some with CATEGORY_DEFAULT
10-16 09:34:22.552  1034  3252 I PackageManager: Adding preferred activity ComponentInfo{com.android.mms/com.android.mms.ui.ComposeMessageActivity} for user 0 :
10-16 09:34:22.561  1034  1047 W IntentResolver: resolveIntent: multiple matches, only some with CATEGORY_DEFAULT
10-16 09:34:22.564  1034  8208 I PackageManager: Adding preferred activity ComponentInfo{com.android.mms/com.android.mms.ui.ComposeMessageActivity} for user 0 :
10-16 09:34:22.585  1034  1334 W IntentResolver: resolveIntent: multiple matches, only some with CATEGORY_DEFAULT
10-16 09:34:22.589  1034  8207 I PackageManager: Adding preferred activity ComponentInfo{com.android.mms/com.android.mms.ui.ComposeMessageActivity} for user 0 :
10-16 09:34:25.042  1034  1048 W BackupManagerService: dataChanged but no participant pkg='com.android.providers.settings' uid=10292
10-16 09:34:25.060  1034  1047 W BackupManagerService: dataChanged but no participant pkg='com.android.providers.settings' uid=10292
10-16 09:34:27.068  1034  1061 I ActivityManager: Waited long enough for: ServiceRecord{42de50f0 u0 com.google.android.gms/.checkin.CheckinService}
10-16 09:35:00.000  1034  1085 V AlarmManager: sending alarm Alarm{42bce8a0 type 3 android}
10-16 09:37:51.991  1034  1085 V AlarmManager: sending alarm Alarm{42e79f48 type 3 android}
10-16 09:37:52.076  1034  1085 V AlarmManager: sending alarm Alarm{42e7a020 type 3 com.tencent.mm}
10-16 09:37:52.091  1034  1085 V AlarmManager: sending alarm Alarm{42e7a0f8 type 0 com.comtop.map}
10-16 09:37:52.099  1034  1085 V AlarmManager: sending alarm Alarm{42e7a148 type 1 com.netease.newsreader.activity}
10-16 09:39:11.994  1034  1085 V AlarmManager: sending alarm Alarm{42fd4b58 type 3 android}
10-16 09:39:12.073  1034  1085 V AlarmManager: sending alarm Alarm{42e7a198 type 2 com.google.android.gms}
10-16 09:39:12.078  1034  1085 V AlarmManager: sending alarm Alarm{42e7a270 type 0 com.tencent.mobileqq}
10-16 09:39:13.353  1034  1313 W BackupManagerService: dataChanged but no participant pkg='com.android.providers.settings' uid=10292
10-16 09:39:13.383  1034  7580 W BackupManagerService: dataChanged but no participant pkg='com.android.providers.settings' uid=10292
10-16 09:40:50.992  1034  1085 V AlarmManager: sending alarm Alarm{438fcd28 type 3 android}
10-16 09:40:51.001  1034  1085 V AlarmManager: sending alarm Alarm{438ba250 type 3 com.tencent.mm}
10-16 09:40:51.001  1034  1085 V AlarmManager: sending alarm Alarm{438ba328 type 0 com.comtop.map}
10-16 09:44:11.998  1034  1085 V AlarmManager: sending alarm Alarm{43b05de0 type 3 android}
10-16 09:44:12.085  1034  1085 V AlarmManager: sending alarm Alarm{43510e78 type 0 com.tencent.mobileqq}
10-16 09:45:00.998  1034  1085 V AlarmManager: sending alarm Alarm{42fc2de0 type 3 android}
10-16 09:45:01.001  1034  1085 V AlarmManager: sending alarm Alarm{43b099b8 type 3 com.xianguo.pad}
10-16 09:45:01.004  1034  1085 V AlarmManager: sending alarm Alarm{43b09890 type 2 com.tencent.mm}
10-16 09:45:01.004  1034  1085 V AlarmManager: sending alarm Alarm{43b09a08 type 3 android}
10-16 09:45:01.007  1034  1085 V AlarmManager: sending alarm Alarm{431eb3d0 type 1 com.netease.newsreader.activity}
10-16 09:45:01.009  1034  1085 V AlarmManager: sending alarm Alarm{431d2030 type 0 com.comtop.map}
10-16 09:45:01.014  1034  1085 V AlarmManager: sending alarm Alarm{43b09968 type 1 com.android.deskclock}
10-16 09:45:03.142  1034  1198 W IntentResolver: resolveIntent: multiple matches, only some with CATEGORY_DEFAULT
10-16 09:45:03.143  1034  7582 I PackageManager: Adding preferred activity ComponentInfo{com.android.mms/com.android.mms.ui.ComposeMessageActivity} for user 0 :
10-16 09:45:03.169  1034  3233 W IntentResolver: resolveIntent: multiple matches, only some with CATEGORY_DEFAULT
10-16 09:45:03.170  1034  8208 I PackageManager: Adding preferred activity ComponentInfo{com.android.mms/com.android.mms.ui.ComposeMessageActivity} for user 0 :
10-16 09:45:03.186  1034  3252 W IntentResolver: resolveIntent: multiple matches, only some with CATEGORY_DEFAULT
10-16 09:45:03.187  1034  2789 I PackageManager: Adding preferred activity ComponentInfo{com.android.mms/com.android.mms.ui.ComposeMessageActivity} for user 0 :
10-16 09:45:03.195  1034  1047 W IntentResolver: resolveIntent: multiple matches, only some with CATEGORY_DEFAULT
10-16 09:45:03.197  1034  8207 I PackageManager: Adding preferred activity ComponentInfo{com.android.mms/com.android.mms.ui.ComposeMessageActivity} for user 0 :
10-16 09:45:03.205  1034  1333 W IntentResolver: resolveIntent: multiple matches, only some with CATEGORY_DEFAULT
10-16 09:45:03.207  1034  1314 I PackageManager: Adding preferred activity ComponentInfo{com.android.mms/com.android.mms.ui.ComposeMessageActivity} for user 0 :
10-16 09:45:03.224  1034  1198 W IntentResolver: resolveIntent: multiple matches, only some with CATEGORY_DEFAULT
10-16 09:45:03.225  1034  1048 I PackageManager: Adding preferred activity ComponentInfo{com.android.mms/com.android.mms.ui.ComposeMessageActivity} for user 0 :
10-16 09:45:03.233  1034  7582 W IntentResolver: resolveIntent: multiple matches, only some with CATEGORY_DEFAULT
10-16 09:45:03.236  1034  8208 I PackageManager: Adding preferred activity ComponentInfo{com.android.mms/com.android.mms.ui.ComposeMessageActivity} for user 0 :
10-16 09:45:03.245  1034  2789 W IntentResolver: resolveIntent: multiple matches, only some with CATEGORY_DEFAULT
10-16 09:45:03.246  1034  1047 I PackageManager: Adding preferred activity ComponentInfo{com.android.mms/com.android.mms.ui.ComposeMessageActivity} for user 0 :
--------- beginning of /dev/log/main
10-16 09:45:03.520  7605  7605 E GCoreFlp: Bound FusedProviderService with LocationManager
10-16 09:45:03.677 13407 19777 I ApplicationLogger: canRun() : Opted Out
10-16 09:45:03.678 13407 19777 I UpdateIcingCorporaServi: UpdateCorporaTask done [took 204 ms] updated apps [took 204 ms] 
10-16 09:45:04.229  8807 19615 W System.err: java.net.UnknownHostException: Unable to resolve host "configsvr.msf.3g.qq.com": No address associated with hostname
10-16 09:45:04.233  8807 19615 W System.err: 	at java.net.InetAddress.lookupHostByName(InetAddress.java:424)
10-16 09:45:04.237  8807 19615 W System.err: 	at java.net.InetAddress.getAllByNameImpl(InetAddress.java:236)
10-16 09:45:04.239  8807 19615 W System.err: 	at java.net.InetAddress.getAllByName(InetAddress.java:214)
10-16 09:45:04.242  8807 19615 W System.err: 	at com.android.okhttp.internal.Dns$1.getAllByName(Dns.java:28)
10-16 09:45:04.244  8807 19615 W System.err: 	at com.android.okhttp.internal.http.RouteSelector.resetNextInetSocketAddress(RouteSelector.java:216)
10-16 09:45:04.247  8807 19615 W System.err: 	at com.android.okhttp.internal.http.RouteSelector.next(RouteSelector.java:122)
10-16 09:45:04.248  8807 19615 W System.err: 	at com.android.okhttp.internal.http.HttpEngine.connect(HttpEngine.java:292)
10-16 09:45:04.248  8807 19615 W System.err: 	at com.android.okhttp.internal.http.HttpEngine.sendSocketRequest(HttpEngine.java:255)
10-16 09:45:04.249  8807 19615 W System.err: 	at com.android.okhttp.internal.http.HttpEngine.sendRequest(HttpEngine.java:206)
10-16 09:45:04.250  8807 19615 W System.err: 	at com.android.okhttp.internal.http.HttpURLConnectionImpl.execute(HttpURLConnectionImpl.java:345)
10-16 09:45:04.251  8807 19615 W System.err: 	at com.android.okhttp.internal.http.HttpURLConnectionImpl.connect(HttpURLConnectionImpl.java:89)
10-16 09:45:04.251  8807 19615 W System.err: 	at com.android.okhttp.internal.http.HttpURLConnectionImpl.getOutputStream(HttpURLConnectionImpl.java:197)
10-16 09:45:04.252  8807 19615 W System.err: 	at com.tencent.mobileqq.msf.core.a.b.run(ConfigManager.java:1603)
10-16 09:45:04.253  8807 19615 W System.err: Caused by: libcore.io.GaiException: getaddrinfo failed: EAI_NODATA (No address associated with hostname)
10-16 09:45:04.254  8807 19615 W System.err: 	at libcore.io.Posix.getaddrinfo(Native Method)
10-16 09:45:04.255  8807 19615 W System.err: 	at libcore.io.ForwardingOs.getaddrinfo(ForwardingOs.java:61)
10-16 09:45:04.255  8807 19615 W System.err: 	at java.net.InetAddress.lookupHostByName(InetAddress.java:405)
10-16 09:45:04.256  8807 19615 W System.err: 	... 12 more
10-16 09:45:09.211  8807 19612 W System.err: java.net.UnknownHostException: Unable to resolve host "sqimg.qq.com": No address associated with hostname
10-16 09:45:09.215  8807 19612 W System.err: 	at java.net.InetAddress.lookupHostByName(InetAddress.java:424)
10-16 09:45:09.218  8807 19612 W System.err: 	at java.net.InetAddress.getAllByNameImpl(InetAddress.java:236)
10-16 09:45:09.220  8807 19612 W System.err: 	at java.net.InetAddress.getAllByName(InetAddress.java:214)
10-16 09:45:09.223  8807 19612 W System.err: 	at com.android.okhttp.internal.Dns$1.getAllByName(Dns.java:28)
10-16 09:45:09.227  8807 19612 W System.err: 	at com.android.okhttp.internal.http.RouteSelector.resetNextInetSocketAddress(RouteSelector.java:216)
10-16 09:45:09.228  8807 19612 W System.err: 	at com.android.okhttp.internal.http.RouteSelector.next(RouteSelector.java:122)
10-16 09:45:09.228  8807 19612 W System.err: 	at com.android.okhttp.internal.http.HttpEngine.connect(HttpEngine.java:292)
10-16 09:45:09.229  8807 19612 W System.err: 	at com.android.okhttp.internal.http.HttpEngine.sendSocketRequest(HttpEngine.java:255)
10-16 09:45:09.230  8807 19612 W System.err: 	at com.android.okhttp.internal.http.HttpEngine.sendRequest(HttpEngine.java:206)
10-16 09:45:09.231  8807 19612 W System.err: 	at com.android.okhttp.internal.http.HttpURLConnectionImpl.execute(HttpURLConnectionImpl.java:345)
10-16 09:45:09.231  8807 19612 W System.err: 	at com.android.okhttp.internal.http.HttpURLConnectionImpl.connect(HttpURLConnectionImpl.java:89)
10-16 09:45:09.232  8807 19612 W System.err: 	at com.tencent.mobileqq.msf.core.net.a.b.a(EchoTaskHttp.java:50)
10-16 09:45:09.233  8807 19612 W System.err: 	at com.tencent.mobileqq.msf.core.net.a.a.run(EchoTask.java:35)
10-16 09:45:09.234  8807 19612 W System.err: 	at java.lang.Thread.run(Thread.java:841)
10-16 09:45:09.234  8807 19612 W System.err: Caused by: libcore.io.GaiException: getaddrinfo failed: EAI_NODATA (No address associated with hostname)
10-16 09:45:09.235  8807 19612 W System.err: 	at libcore.io.Posix.getaddrinfo(Native Method)
10-16 09:45:09.236  8807 19612 W System.err: 	at libcore.io.ForwardingOs.getaddrinfo(ForwardingOs.java:61)
10-16 09:45:09.237  8807 19612 W System.err: 	at java.net.InetAddress.lookupHostByName(InetAddress.java:405)
10-16 09:45:09.238  8807 19612 W System.err: 	... 13 more
10-16 09:45:09.238  8807 19612 D WifiDetector: [E]WIFI detect result, WIFI_EXCEPTION
10-16 09:45:09.950 28621 18279 I dns@native: ares lookup failed:16
10-16 09:45:09.954 28621 18279 I TcmInet@native@tcms: allot inet_gethostbyname failed.
10-16 09:45:09.971 28621 18279 I jni/inet/android/native/common/calljava.cpp: nativeLog
10-16 09:45:09.976 28621 28647 I nativeLog: begin native log
10-16 09:45:09.986 28653 28653 I im@TcmInet@native@tcms@login: [TCMNative-LoginAllot]allot inet_gethostbyname failed.
10-16 09:45:09.993 28621 18279 I TcmInet@native@tcms: try LoginAuthPw, bAllotSuccess=0
10-16 09:45:09.996 28621 18279 I jni/inet/android/native/common/calljava.cpp: nativeLog
10-16 09:45:10.004 28621 28647 I nativeLog: begin native log
10-16 09:45:10.019 28653 28653 I im@TcmInet@native@tcms@login: [TcmNative-LoginAuthPw]try LoginAuthPw, bAllotSuccess=0
10-16 09:45:10.020 28621 18279 I TcmInet@native@tcms: gDefaultIp is empty.
10-16 09:45:10.021 28621 18279 I TcmInet@native@tcms: loginsrvs size:0
10-16 09:45:10.022 28621 18279 I TcmInet@native@tcms: sleep 120 seconds.
10-16 09:45:11.025 28621 28676 E tcmsposix@native@tcms: TCMServicePosix::onConnecting...
10-16 09:45:11.027 28621 28676 I jni/inet/android/native/common/calljava.cpp: sendTcmsStatus
10-16 09:45:11.042   749   749 D DataNetworkManager: receive tcms status:0
10-16 09:45:11.043   749   749 D DataNetworkManager: receive tcms status:0
10-16 09:45:11.044   749   749 I Native  : InetIO_SetForeground 0
10-16 09:45:48.949   287   287 I AKMD2   : Suspended.
10-16 09:45:48.973 28621 28647 D VConnManager: sendTcmsStatus ok. stauts:0
10-16 09:45:48.973 28621 28676 I LocalSocketServer@native@tcms: cleanClients() clear all session & all clients
10-16 09:45:48.973 28621 28676 I LocalSocketServer@native@tcms: stop, mRwPid:0
10-16 09:45:48.974 28621 28676 I LocalSocketServer@native@tcms: stop, mMainPid:0
10-16 09:45:48.975 28621 28676 I TcmInet@native@tcms: EMsgCmdType_LoginResult. state:2
10-16 09:45:48.996 28653 28653 D DataNetworkManager: receive tcms status:0
10-16 09:45:48.996 28653 28653 I Native  : InetIO_SetForeground 0
10-16 09:45:48.997 28653 28653 D XPushJNI@Native: com_alibaba_tcms_service_TCMPush_setTcmsDataNetworkType 0
10-16 09:45:49.010 28621 18279 I TcmInet@native@tcms: Before Login
10-16 09:45:49.011 28621 18279 I TcmInet@native@tcms: Login(),:1
10-16 09:45:49.011 28621 18279 I TcmInet@native@tcms: LoginAllot url:tcms-allot.wangxin.taobao.com
10-16 09:45:49.011 28621 18279 I jni/inet/android/native/common/calljava.cpp: nativeLog
10-16 09:45:49.026 28621 28647 I nativeLog: begin native log
10-16 09:45:49.030 28621 18279 I dns@native: ares inet_gethostbyname.
10-16 09:45:49.034 28653 28653 I im@TcmInet@native@tcms@login: [TCMNative-LoginAllot]LoginAllot url:tcms-allot.wangxin.taobao.com
10-16 09:45:49.051   287   287 I AKMD2   : Suspended.
10-16 09:45:49.086   267   643 I MDMCTBK : NetlinkHandler, power_supply subsys
10-16 09:45:49.087   267   643 I MDMCTBK : NetlinkHandler, usbChargerStateChanged
10-16 09:45:49.087   267   643 I MDMCTBK : checkDefaultInst, current pid is = 267
10-16 09:45:49.087   267   643 I MDMCTBK : checkDefaultInst, pid match
10-16 09:45:49.088   267   643 I MDMCTBK : MdmCutbackHndler,readFromFile = /sys/class/power_supply/usb/online
10-16 09:45:49.088   267   643 I MDMCTBK : MdmCutbackHndler,readFromFile = 
10-16 09:45:49.089   267   643 E MDMCTBK : MdmCutbackHndler,Could not open ''
10-16 09:45:49.186   267   643 I MDMCTBK : NetlinkHandler, power_supply subsys
10-16 09:45:49.188   267   643 I MDMCTBK : NetlinkHandler, usbChargerStateChanged
10-16 09:45:49.189   267   643 I MDMCTBK : checkDefaultInst, current pid is = 267
10-16 09:45:49.191   267   643 I MDMCTBK : checkDefaultInst, pid match
10-16 09:45:49.193   267   643 I MDMCTBK : MdmCutbackHndler,readFromFile = /sys/class/power_supply/usb/online
10-16 09:45:49.194   267   643 I MDMCTBK : MdmCutbackHndler,usb, new_state =1
10-16 09:45:49.196   267   643 I MDMCTBK : MdmCutbackHndler Status: Qmi =1, cg=0, ep=0, vc=0, dc=0, cn=0, wf=1, mf=0, wfd=0, apm=0, usb=1, stopqmi=0
10-16 09:45:49.198   267   643 I MDMCTBK : set_property_value, Enter
10-16 09:45:49.199   267   643 I MDMCTBK : set_property_value, Values updated in the property=1,0,0,0,0,0,1,0,0,0,1,0
10-16 09:45:49.202   267   643 I MDMCTBK : set_property_value, Values updated in the property file Successfully
10-16 09:45:49.204   267   643 I MDMCTBK : set_property_value, Exit
10-16 09:45:49.206   267   643 I MDMCTBK : setSarCtrl:set SAR over QMI, conn:0, ep:0,wf:1, mf:0, chrg:1
10-16 09:45:49.209   267   643 I MDMCTBK : send SAR ctrl over QMI
10-16 09:45:49.211   267   643 I MDMCTBK : MdmCutbackHndler,readFromFile = 
10-16 09:45:49.213   267   643 E MDMCTBK : MdmCutbackHndler,Could not open ''
10-16 09:45:49.214   267   643 I MDMCTBK : NetlinkHandler, power_supply subsys
10-16 09:45:49.215   267   643 I MDMCTBK : NetlinkHandler, usbChargerStateChanged
10-16 09:45:49.215   267   643 I MDMCTBK : checkDefaultInst, current pid is = 267
10-16 09:45:49.216   267   643 I MDMCTBK : checkDefaultInst, pid match
10-16 09:45:49.216   267   643 I MDMCTBK : MdmCutbackHndler,readFromFile = /sys/class/power_supply/usb/online
10-16 09:45:49.216   267   643 I MDMCTBK : MdmCutbackHndler,readFromFile = 
10-16 09:45:49.217   267   643 E MDMCTBK : MdmCutbackHndler,Could not open ''
10-16 09:45:49.217   267   643 I MDMCTBK : NetlinkHandler, power_supply subsys
10-16 09:45:49.218   267   643 I MDMCTBK : NetlinkHandler, usbChargerStateChanged
10-16 09:45:49.218   267   643 I MDMCTBK : checkDefaultInst, current pid is = 267
10-16 09:45:49.218   267   643 I MDMCTBK : checkDefaultInst, pid match
10-16 09:45:49.219   267   643 I MDMCTBK : MdmCutbackHndler,readFromFile = /sys/class/power_supply/usb/online
10-16 09:45:49.219   267   643 I MDMCTBK : MdmCutbackHndler,readFromFile = 
10-16 09:45:49.220   267   643 E MDMCTBK : MdmCutbackHndler,Could not open ''
10-16 09:45:49.417  1034  1084 I PowerManagerService: Waking up from sleep...
10-16 09:45:49.421 28621 28621 I PhoneState: mIfCharging is false
10-16 09:45:49.432  1034  1061 I ActivityManager: Start proc com.google.android.apps.uploader for broadcast com.google.android.apps.uploader/com.google.android.picasasync.BatteryReceiver: pid=19821 uid=10072 gids={50072, 3003, 1028, 1015}
10-16 09:45:49.434  1034  1034 D Sensors : AccelerationSensor: Set Sensors state 0x2
10-16 09:45:49.436  1034  1034 D Sensors : AccelerationSensor: set delay 0
10-16 09:45:49.437  1034  1034 D Sensors : AccelerationSensor: set delay 0
10-16 09:45:49.441  1275  1285 I AonLTInterfaceService: AodLT package version: 1000000
10-16 09:45:49.442  1034  1034 V KeyguardServiceDelegate: onScreenTurnedOn(showListener = com.android.internal.policy.impl.PhoneWindowManager$20@429b93d0)
10-16 09:45:49.444   267   643 I MDMCTBK : NetlinkHandler, power_supply subsys
10-16 09:45:49.445   267   643 I MDMCTBK : NetlinkHandler, usbChargerStateChanged
10-16 09:45:49.445   267   643 I MDMCTBK : checkDefaultInst, current pid is = 267
10-16 09:45:49.445   267   643 I MDMCTBK : checkDefaultInst, pid match
10-16 09:45:49.445   267   643 I MDMCTBK : MdmCutbackHndler,readFromFile = /sys/class/power_supply/usb/online
10-16 09:45:49.445   267   643 I MDMCTBK : MdmCutbackHndler,readFromFile = 
10-16 09:45:49.445   267   643 E MDMCTBK : MdmCutbackHndler,Could not open ''
10-16 09:45:49.450  1034  1084 E Sensors : CT406 set ALS poll interval: 1000
10-16 09:45:49.457  1034  1034 I EntropyMixer: Writing entropy...
10-16 09:45:49.459 13169 13169 D KeyguardHostView: showSecurityScreen(Pattern)
10-16 09:45:49.459 13169 13169 D KeyguardHostView: getSecurityView(Pattern)
10-16 09:45:49.476  1034  1105 V KeyguardServiceDelegate: **** SHOWN CALLED ****
10-16 09:45:49.477  1034  1105 I WindowManager: Lock screen displayed!
10-16 09:45:49.479  1034  1084 D DisplayPowerController: Unblocked screen on after 686004141 ms
10-16 09:45:49.498   269   269 D SurfaceFlinger: Screen acquired, type=0 flinger=0xb7231450
10-16 09:45:49.500   269   269 D qdhwcomposer: hwc_blank: Unblanking display: 0
10-16 09:45:49.533  1034  1368 D LBSSystemMonitorService: handleMessage what - 8
10-16 09:45:49.534  1034  1368 D DeviceContext: handleMessage what - 1
10-16 09:45:49.535  1034  1034 D Ulp_jni : JNI:system_update. Event-2
10-16 09:45:49.539  1034  1383 E LocSvc_libulp: W/int ulp_brain_select_providers(), return when ulp_started = 0, phone context_type = 0x0
10-16 09:45:49.539  1034  1383 E LocSvc_libulp: ,
10-16 09:45:49.559   267   643 I MDMCTBK : NetlinkHandler, power_supply subsys
10-16 09:45:49.559   267   643 I MDMCTBK : NetlinkHandler, usbChargerStateChanged
10-16 09:45:49.560   267   643 I MDMCTBK : checkDefaultInst, current pid is = 267
10-16 09:45:49.560   267   643 I MDMCTBK : checkDefaultInst, pid match
10-16 09:45:49.560   267   643 I MDMCTBK : MdmCutbackHndler,readFromFile = /sys/class/power_supply/usb/online
10-16 09:45:49.561   267   643 I MDMCTBK : MdmCutbackHndler,readFromFile = 
10-16 09:45:49.561   267   643 E MDMCTBK : MdmCutbackHndler,Could not open ''
10-16 09:45:49.569  1034  1034 D WifiStateMachine: handleScreenStateChanged: true
10-16 09:45:49.570  1034  1095 D WifiStateMachine: handleMessage: E msg.what=131154
10-16 09:45:49.571  1034  1095 D WifiStateMachine: processMsg: ConnectedState
10-16 09:45:49.571  1034  1095 D WifiStateMachine: processMsg: L2ConnectedState
10-16 09:45:49.585  1034  1095 D WifiStateMachine: handleMessage: X
10-16 09:45:49.586  1034  1095 D WifiStateMachine: handleMessage: E msg.what=131163
10-16 09:45:49.587  1034  1095 D WifiStateMachine: processMsg: ConnectedState
10-16 09:45:49.588  1034  1095 D WifiStateMachine: processMsg: L2ConnectedState
10-16 09:45:49.588  1034  1095 D WifiStateMachine: processMsg: ConnectModeState
10-16 09:45:49.589  1034  1095 D WifiStateMachine: processMsg: DriverStartedState
10-16 09:45:49.589  1034  1095 D WifiStateMachine: processMsg: SupplicantStartedState
10-16 09:45:49.590  1034  1095 D WifiStateMachine: processMsg: DefaultState
10-16 09:45:49.591  1034  1095 D WifiStateMachine: handleMessage: X
10-16 09:45:49.591  1034  1095 D WifiStateMachine: handleMessage: E msg.what=131127
10-16 09:45:49.592  1034  1095 D WifiStateMachine: processMsg: ConnectedState
10-16 09:45:49.593  1034  1095 D WifiStateMachine: processMsg: L2ConnectedState
10-16 09:45:49.593  1034  1095 D WifiStateMachine: processMsg: ConnectModeState
10-16 09:45:49.597  1034  1095 D WifiStateMachine: handleMessage: X
10-16 09:45:49.597  1034  1095 D WifiStateMachine: handleMessage: E msg.what=131158
10-16 09:45:49.598  1034  1095 D WifiStateMachine: processMsg: ConnectedState
10-16 09:45:49.599  1034  1095 D WifiStateMachine: processMsg: L2ConnectedState
10-16 09:45:49.599  1034  1095 D WifiStateMachine: processMsg: ConnectModeState
10-16 09:45:49.600  1034  1095 D WifiStateMachine: processMsg: DriverStartedState
10-16 09:45:49.600  1034  1095 D WifiStateMachine: setSuspendOptimizationsNative: 4 false
10-16 09:45:49.604  1034  1095 D WifiStateMachine: handleMessage: X
10-16 09:45:49.605  1034  1095 D WifiStateMachine: handleMessage: E msg.what=151572
10-16 09:45:49.605  1034  1095 D WifiStateMachine: processMsg: ConnectedState
10-16 09:45:49.606  1034  1095 D WifiStateMachine: processMsg: L2ConnectedState
10-16 09:45:49.647  1034  1095 D WifiStateMachine: handleMessage: X
10-16 09:45:49.671  1034  7580 I ActivityManager: Start proc com.android.chrome for broadcast com.android.chrome/com.google.android.apps.chrome.precache.PrecacheServiceLauncher: pid=19838 uid=10052 gids={50052, 3003, 1028, 1015}
10-16 09:45:49.672  1034  7580 I ActivityManager: Killing 16824:com.google.android.gms.unstable/u0a20 (adj 15): empty #9
10-16 09:45:49.674  1275  3952 W ContextImpl: Calling a method in the system process without a qualified user: android.app.ContextImpl.sendBroadcast:1252 android.content.ContextWrapper.sendBroadcast:365 com.motorola.motocare.util.TriggerHelper$TriggerBuilder.send:76 com.motorola.motocare.internal.frameworkevents.ProcessKillTrigger.sendTrigger:147 com.motorola.motocare.internal.frameworkevents.ProcessKillTrigger.handleFrameworkEvent:164 
10-16 09:45:49.678 19821 19834 D PicasaUploader:    wifiOnlyPhoto changed to true
10-16 09:45:49.678 19821 19834 D PicasaUploader:    wifiOnlyVideo changed to true
10-16 09:45:49.679 19821 19834 D PicasaUploader:    syncOnBattery changed to true
10-16 09:45:49.682 19821 19834 D PicasaUploaderSync: sync account database
10-16 09:45:49.696  1034  1334 I ActivityManager: Start proc android.process.media for content provider com.android.providers.media/.MediaProvider: pid=19851 uid=10016 gids={50016, 1028, 1015, 1023, 1024, 2001, 3003, 3007}
10-16 09:45:49.714 19821 19834 D PicasaUploaderSync: accounts in DB=1
10-16 09:45:49.715  1034  1333 I ActivityManager: Killing 17657:com.tencent.mobileqq/u0a703 (adj 15): empty #9
10-16 09:45:49.717  1275  3952 W ContextImpl: Calling a method in the system process without a qualified user: android.app.ContextImpl.sendBroadcast:1252 android.content.ContextWrapper.sendBroadcast:365 com.motorola.motocare.util.TriggerHelper$TriggerBuilder.send:76 com.motorola.motocare.internal.frameworkevents.ProcessKillTrigger.sendTrigger:147 com.motorola.motocare.internal.frameworkevents.ProcessKillTrigger.handleFrameworkEvent:164 
10-16 09:45:49.722 19821 19834 D PicasaUploaderSyncManager: active network: NetworkInfo: type: WIFI[], state: CONNECTED/CONNECTED, reason: (unspecified), extra: "MM_AP", roaming: false, failover: false, isAvailable: true, isConnectedToProvisioningNetwork: false
10-16 09:45:49.723 19821 19834 D PicasaUploaderSyncManager: background data: true
10-16 09:45:49.739  1034  1098 D WifiService: Client connection lost with reason: 4
10-16 09:45:49.747   269   269 D qdhwcomposer: hwc_blank: Done unblanking display: 0
10-16 09:45:49.749  1034  1150 D SurfaceControl: Excessive delay in unblankDisplay() while turning screen on: 252ms
10-16 09:45:49.751  1034  1034 D Sensors : AccelerationSensor: Set Sensors state 0x3
10-16 09:45:49.751  1034  1034 D Sensors : AccelerationSensor: set delay 200
10-16 09:45:49.757  1034  1034 D Sensors : AccelerationSensor: set delay 200
