                                                        			"comsume":	133,
                                                        			"result":	0
                                                        		}],
                                                        	"result":	0
                                                        }
10-30 17:49:47.589 11988-12063/com.comtop.mim I/Native: InetIO_ngetLoginState
10-30 17:49:47.590 11988-12063/com.comtop.mim I/Native: current user idvj1r4l000150888cb0740c
10-30 17:49:47.590 11988-12063/com.comtop.mim I/InetIO: lAccount:idvj1r4l000150888cb0740c ,mState:2 ,msg.what=7
10-30 17:49:47.590 11988-12063/com.comtop.mim I/InetIO: handleUpdateData
10-30 17:49:47.590 11988-12063/com.comtop.mim D/MessageDispatcher: onUpdateData:track {
                                                                   	"name":	"login",
                                                                   	"comsume":	1165,
                                                                   	"steps":	[{
                                                                   			"name":	"connect2ims",
                                                                   			"comsume":	1021,
                                                                   			"result":	0
                                                                   		}, {
                                                                   			"name":	"renewal",
                                                                   			"comsume":	133,
                                                                   			"result":	0
                                                                   		}],
                                                                   	"result":	0
                                                                   }
10-30 17:49:47.591 11988-12063/com.comtop.mim D/onUpdateData: {renewal=133, ctStatus=1, ct=1021, renewalStatus=1}
10-30 17:49:47.591 11988-19274/com.comtop.mim I/WXContext@idvj1r4l000150888cb0740c@login: key:track value:{
                                                                                          	"name":	"login",
                                                                                          	"comsume":	1165,
                                                                                          	"steps":	[{
                                                                                          			"name":	"connect2ims",
                                                                                          			"comsume":	1021,
                                                                                          			"result":	0
                                                                                          		}, {
                                                                                          			"name":	"renewal",
                                                                                          			"comsume":	133,
                                                                                          			"result":	0
                                                                                          		}],
                                                                                          	"result":	0
                                                                                          }
10-30 17:49:47.592 11988-19274/com.comtop.mim I/WXContext@idvj1r4l000150888cb0740c@login: After Login Success
10-30 17:49:47.594 11988-19274/com.comtop.mim I/WXContext@idvj1r4l000150888cb0740c@login: Finished Login
10-30 17:49:47.601 11988-12106/com.comtop.mim I/callback@native@im: ReconnLoginSuccess
10-30 17:49:47.603 11988-12106/com.comtop.mim I/callback@native@im: updateData
10-30 17:49:47.605 11988-12106/com.comtop.mim D/InetIO: updateData, lAccout:idvj1r4l000150888cb0740c userId:idvj1r4l000150888cb0740c key:ChannelUsed value:1
10-30 17:49:47.606 11988-12063/com.comtop.mim I/Native: InetIO_ngetLoginState
10-30 17:49:47.607 11988-12063/com.comtop.mim I/Native: current user idvj1r4l000150888cb0740c
10-30 17:49:47.608 11988-12063/com.comtop.mim I/InetIO: lAccount:idvj1r4l000150888cb0740c ,mState:1 ,msg.what=5
10-30 17:49:47.609 11988-12063/com.comtop.mim I/InetIO: reconnLoginSuccess
10-30 17:49:47.611 11988-12063/com.comtop.mim D/MessageDispatcher: reconnLoginSuccess.
10-30 17:49:47.612 11988-12063/com.comtop.mim D/MessageDispatcher: reconnLoginSuccess. com.alibaba.mobileim.lib.presenter.conversation.ConversationManager@42475fa0 is notified.
10-30 17:49:47.613 11988-12063/com.comtop.mim D/MessageDispatcher: reconnLoginSuccess. com.alibaba.mobileim.lib.presenter.account.Account@424665c8 is notified.
10-30 17:49:47.615 11988-12063/com.comtop.mim I/Native: InetIO_ngetLoginState
10-30 17:49:47.615 11988-12063/com.comtop.mim I/Native: current user idvj1r4l000150888cb0740c
10-30 17:49:47.616 11988-12063/com.comtop.mim I/EgoAccount.api: getLoginState:3
10-30 17:49:47.617 11988-12063/com.comtop.mim I/SocketChannel: start getLogonSessionInfo
10-30 17:49:47.618 11988-12063/com.comtop.mim I/openimprotocol@native: ImReqGetLogonInfo_packData
10-30 17:49:47.619 11988-12063/com.comtop.mim I/openimprotocol@native: ImReqGetLogonInfo_packData success!
10-30 17:49:47.620 11988-12063/com.comtop.mim D/test: cmdId:67108865
10-30 17:49:47.621 11988-12063/com.comtop.mim I/Native: InetIO_ngetLoginState
10-30 17:49:47.622 11988-12063/com.comtop.mim I/Native: current user idvj1r4l000150888cb0740c
10-30 17:49:47.623 11988-12063/com.comtop.mim I/EgoAccount.api: getLoginState:3
10-30 17:49:47.624 11988-12063/com.comtop.mim I/openimprotocol@native: ImReqReadTimes_packData
10-30 17:49:47.625 11988-12063/com.comtop.mim I/openimprotocol@native: ImReqReadTimes_packData success!
10-30 17:49:47.626 11988-12063/com.comtop.mim D/test: cmdId:16777745
10-30 17:49:47.627 11988-12063/com.comtop.mim I/Native: InetIO_ngetLoginState
10-30 17:49:47.629 11988-12063/com.comtop.mim I/Native: current user idvj1r4l000150888cb0740c
10-30 17:49:47.630 11988-12063/com.comtop.mim I/InetIO: lAccount:idvj1r4l000150888cb0740c ,mState:1 ,msg.what=7
10-30 17:49:47.631 11988-12063/com.comtop.mim I/InetIO: handleUpdateData
10-30 17:49:47.632 11988-12063/com.comtop.mim D/InetIO: asyncCall，  cmdid：67108865 appId:100817 bizId:0
10-30 17:49:47.633 11988-12063/com.comtop.mim I/Native: InetIO_asyncCall
10-30 17:49:47.635 11988-12063/com.comtop.mim I/WXContext@idvj1r4l000150888cb0740c@login: extrahead:idvj1r4l000150888cb0740c, reserved:1
10-30 17:49:47.636 11988-12063/com.comtop.mim I/inetimpl@native@im@msg: PostMsg,cmdid=0x4000001,seqid=51,cmdtype=0,compress=1,encrypted=28
10-30 17:49:47.637 11988-12063/com.comtop.mim D/packagesize: headerlen:52, bodylen:0, extraheadlen:24
10-30 17:49:47.639 11988-12105/com.comtop.mim I/inetimpl@native@im@msg@sendbytes: 58,fd=80,error=11
10-30 17:49:47.640 11988-12063/com.comtop.mim D/InetIO: asyncCall，  cmdid：16777745 appId:100817 bizId:0
10-30 17:49:47.653 11988-12063/com.comtop.mim I/Native: InetIO_asyncCall
10-30 17:49:47.656 11988-12063/com.comtop.mim I/WXContext@idvj1r4l000150888cb0740c@login: extrahead:idvj1r4l000150888cb0740c, reserved:1
10-30 17:49:47.657 11988-12063/com.comtop.mim I/inetimpl@native@im@msg: PostMsg,cmdid=0x1000211,seqid=52,cmdtype=0,compress=1,encrypted=28
10-30 17:49:47.659 11988-12063/com.comtop.mim D/packagesize: headerlen:52, bodylen:16, extraheadlen:24
10-30 17:49:47.661 11988-12105/com.comtop.mim I/inetimpl@native@im@msg@sendbytes: 74,fd=80,error=11
10-30 17:49:47.712 11988-12105/com.comtop.mim I/inetimpl@native@im@msg@recvbytes: 40,fd=80,bufsize=40
10-30 17:49:47.713 11988-12105/com.comtop.mim I/inetimpl@native@im@msg@recv: 接收到消息, seqid=51
10-30 17:49:47.714 11988-12105/com.comtop.mim I/inetimpl@native@im@msg: SaveRspMsg,cmdid=0x4010001,seqid=51,cmdtype=0,compress=1,encrypted=333
10-30 17:49:47.715 11988-12107/com.comtop.mim I/InetIO: ResponseSuccess, cmdid:67108865
10-30 17:49:47.716 11988-12107/com.comtop.mim D/InetPush: InetPush:doAction, cmdid67108865 bizId:0dingdong:true uuid671088651446198587716
10-30 17:49:47.718 11988-12107/com.comtop.mim D/test: cmdId response:67108865
10-30 17:49:47.719 11988-12107/com.comtop.mim I/InetPush: ImReqGetLogonInfo coming!
10-30 17:49:47.721 11988-12107/com.comtop.mim W/InetPush: ImReqGetLogonInfo infoList error infoList=[]
10-30 17:49:47.722 11988-12107/com.comtop.mim D/WXServiceCallbackDefault.api: cmdid:67108865 state: true
10-30 17:49:47.774 11988-12105/com.comtop.mim I/inetimpl@native@im@msg@recvbytes: 296,fd=80,bufsize=296
10-30 17:49:47.774 11988-12105/com.comtop.mim I/inetimpl@native@im@msg@recv: 接收到消息, seqid=52
10-30 17:49:47.776 11988-12105/com.comtop.mim I/inetimpl@native@im@msg: SaveRspMsg,cmdid=0x1010211,seqid=52,cmdtype=1,compress=1,encrypted=33751
10-30 17:49:47.777 11988-12107/com.comtop.mim I/InetIO: ResponseSuccess, cmdid:16777745
10-30 17:49:47.777 11988-12107/com.comtop.mim D/InetPush: InetPush:doAction, cmdid16777745 bizId:0dingdong:true uuid167777451446198587777
10-30 17:49:47.778 11988-12107/com.comtop.mim D/test: cmdId response:16777745
10-30 17:49:47.778 11988-12107/com.comtop.mim I/InetPush: ImReqReadTimes coming!
10-30 17:49:47.782 11988-12107/com.comtop.mim D/MsgReadedHandlerMgr: onReadTimesRspImpl, size = 1
10-30 17:49:47.787 11988-11988/com.comtop.mim D/MsgReadedHandlerMgr: conversationId = tribe1900097496, conversation = com.alibaba.mobileim.lib.presenter.conversation.TribeConversation@42496c20
10-30 17:49:47.788 11988-11988/com.comtop.mim D/MsgReadedHandlerMgr: localReadTimeStamp = 0
10-30 17:49:47.790 11988-11988/com.comtop.mim D/MsgReadedHandlerMgr: localReadTimeStamp = 0, timeStamp = 1446176670, lastMsgTime = 1446176670
10-30 17:49:47.791 11988-11988/com.comtop.mim D/MsgReadedHandlerMgr: conversationId = tribe1900097496, item = null
10-30 17:49:47.793 11988-11988/com.comtop.mim I/MsgReadedHandlerMgr: flag=1 readTimesInfo: userid=1900097496 timeStamp=1446176670 count=1 retCode=0 lastmsgtime :1446176670
10-30 17:49:47.794 11988-12107/com.comtop.mim D/WXServiceCallbackDefault.api: cmdid:16777745 state: true
10-30 17:49:47.845 11988-12107/com.comtop.mim I/Native: InetIO_ngetLoginState
10-30 17:49:47.846 11988-12107/com.comtop.mim I/Native: current user idvj1r4l000150888cb0740c
10-30 17:49:47.847 11988-12107/com.comtop.mim I/EgoAccount.api: getLoginState:3
10-30 17:49:47.850 11988-12107/com.comtop.mim I/openimprotocol@native: ImReqOfflinemsg_packData
10-30 17:49:47.852 11988-12107/com.comtop.mim I/openimprotocol@native: ImReqOfflinemsg_packData success!
10-30 17:49:47.853 11988-12107/com.comtop.mim D/test: cmdId:16777245
10-30 17:49:47.854 11988-12107/com.comtop.mim I/SocketChannel.api: reqOfflineMsg
10-30 17:49:47.854 11988-12063/com.comtop.mim D/InetIO: asyncCall，  cmdid：16777245 appId:100817 bizId:0
10-30 17:49:47.855 11988-12063/com.comtop.mim I/Native: InetIO_asyncCall
10-30 17:49:47.856 11988-12063/com.comtop.mim I/WXContext@idvj1r4l000150888cb0740c@login: extrahead:idvj1r4l000150888cb0740c, reserved:1
10-30 17:49:47.856 11988-12063/com.comtop.mim I/inetimpl@native@im@msg: PostMsg,cmdid=0x100001d,seqid=53,cmdtype=0,compress=1,encrypted=28
10-30 17:49:47.856 11988-12063/com.comtop.mim D/packagesize: headerlen:52, bodylen:72, extraheadlen:24
10-30 17:49:47.857 11988-12105/com.comtop.mim I/inetimpl@native@im@msg@sendbytes: 130,fd=80,error=11
10-30 17:49:47.921 11988-12105/com.comtop.mim I/inetimpl@native@im@msg@recvbytes: 104,fd=80,bufsize=104
10-30 17:49:47.922 11988-12105/com.comtop.mim I/inetimpl@native@im@msg@recv: 接收到消息, seqid=53
10-30 17:49:47.923 11988-12105/com.comtop.mim I/inetimpl@native@im@msg: SaveRspMsg,cmdid=0x101001d,seqid=53,cmdtype=0,compress=1,encrypted=5436
10-30 17:49:47.926 11988-12107/com.comtop.mim I/InetIO: ResponseSuccess, cmdid:16777245
10-30 17:49:47.929 11988-12107/com.comtop.mim D/InetPush: InetPush:doAction, cmdid16777245 bizId:0dingdong:true uuid167772451446198587929
10-30 17:49:47.931 11988-12107/com.comtop.mim D/test: cmdId response:16777245
10-30 17:49:47.933 11988-12107/com.comtop.mim I/InetPush: ImReqOfflinemsg coming
10-30 17:49:47.934 11988-12107/com.comtop.mim I/openimprotocol@native: ImRspOfflinemsg_unpackData
10-30 17:49:47.935 11988-12107/com.comtop.mim I/openimprotocol@native: ImRspOfflinemsg_unpackData success!
10-30 17:49:47.937 11988-12107/com.comtop.mim D/InetPush: unpackOfflineMsg{"lastTime":0,"leftCount":0,"operation":"get","retcode":0}
10-30 17:49:47.938 11988-12107/com.comtop.mim W/dalvikvm: No implementation found for native Lcom/alibaba/mobileim/channel/itf/mimsc/NotifyPlugin;.unpackData:([B)I
10-30 17:49:47.939 11988-12107/com.comtop.mim I/InetPush: NotifyPlugin unpackData err=Native method not found: com.alibaba.mobileim.channel.itf.mimsc.NotifyPlugin.unpackData:([B)I 确认so有这个协议？？
10-30 17:49:47.941 11988-12107/com.comtop.mim D/WXServiceCallbackDefault.api: cmdid:16777245 state: true
10-30 17:49:48.141 11988-11988/com.comtop.mim D/TribeManager: onTribeMessage 1900097496
10-30 17:49:48.142 11988-12105/com.comtop.mim I/inetimpl@native@im@msg@recvbytes: 0,fd=80,err=Try again
10-30 17:49:48.144 11988-12105/com.comtop.mim I/inetimpl@native@im: forceClose,fd=80
10-30 17:49:48.145 11988-12105/com.comtop.mim I/inetimpl@native@im: enter INetImpl::closeFd,fd=80
10-30 17:49:48.146 11988-12108/com.comtop.mim I/inetimpl@native@im: UnRegisterFd,fd=80
10-30 17:49:48.147 11988-12106/com.comtop.mim I/callback@native@im: updateData
10-30 17:49:48.148 11988-12108/com.comtop.mim I/inetimpl@native@im: enter INetImpl::closeFd,fd=80
10-30 17:49:48.149 11988-12106/com.comtop.mim D/InetIO: updateData, lAccout:idvj1r4l000150888cb0740c userId:idvj1r4l000150888cb0740c key:connstatus value:0
10-30 17:49:48.151 11988-11988/com.comtop.mim D/ConversationManager: getTimeStamp, conversationIdtribe1900097496
10-30 17:49:48.153 11988-11988/com.comtop.mim D/im@im@msgrecv: [MsgRecv-onPushMessage]timeStamp = 1446176670
10-30 17:49:48.155 11988-11988/com.comtop.mim I/im@im@msgrecv: [MsgRecv-pushMessage]接收到消息:来来来, msgId = 6269105457933920313, msgTime = 1446176670
10-30 17:49:48.157 11988-11988/com.comtop.mim D/im@im@msgrecv: [MsgRecv-pushMessage]on push message keytribe19000974966269105457933920313idvj1r4l00015089328c5855 existInCacheMsg=true msg.getSubtype=0
10-30 17:49:48.159 11988-11988/com.comtop.mim D/im@im@msgrecv: [MsgRecv-pushMessage]onpush message duplicate6269105457933920313来来来
10-30 17:49:48.160 11988-11988/com.comtop.mim D/MessageList: flag = false
10-30 17:49:48.609 11988-12106/com.comtop.mim I/callback@native@im: updateData
10-30 17:49:48.611 11988-12106/com.comtop.mim D/InetIO: updateData, lAccout:idvj1r4l000150888cb0740c userId:idvj1r4l000150888cb0740c key:connstatus value:1
10-30 17:49:49.837 11988-11988/com.comtop.mim D/DataNetworkManager: receive tcms status:0
10-30 17:49:49.840 11988-11988/com.comtop.mim D/DataNetworkManager: receive tcms status:0
10-30 17:49:49.846 11988-11988/com.comtop.mim I/Native: InetIO_SetForeground 0
10-30 17:49:50.953 11988-11988/com.comtop.mim D/DataNetworkManager: receive tcms status:0
10-30 17:49:50.982 11988-11988/com.comtop.mim D/DataNetworkManager: receive tcms status:0
10-30 17:49:50.982 11988-11988/com.comtop.mim I/Native: InetIO_SetForeground 0
10-30 17:49:51.397 11988-11988/com.comtop.mim D/DataNetworkManager: receive tcms status:0
10-30 17:49:51.400 11988-11988/com.comtop.mim D/DataNetworkManager: receive tcms status:0
10-30 17:49:51.401 11988-11988/com.comtop.mim I/Native: InetIO_SetForeground 0
10-30 17:49:51.424 11988-11988/com.comtop.mim D/DataNetworkManager: receive tcms status:1
10-30 17:49:51.424 11988-11988/com.comtop.mim D/DataNetworkManager: receive tcms status:1
10-30 17:49:51.433 11988-11988/com.comtop.mim D/TCMSStateChangeReceiver: begin---com.alibaba.tcms.channel.CONNECTIONED---with channel key:ALL
10-30 17:49:51.482 11988-11988/com.comtop.mim I/ServiceChooseHelper: startService, xpushnative://xpush/serviceStart code:1 conetxt.getPackageAppName:com.comtop.mim appname:com.alibaba.openIMUIDemo tcmsservicename:com.alibaba.tcms.service.MonitorActivity
10-30 17:49:56.576 11988-11988/com.comtop.mim D/DataNetworkManager: receive tcms status:0
10-30 17:49:56.580 11988-11988/com.comtop.mim D/DataNetworkManager: receive tcms status:0
10-30 17:49:56.581 11988-11988/com.comtop.mim I/Native: InetIO_SetForeground 0
10-30 17:49:57.630 11988-11988/com.comtop.mim D/DataNetworkManager: receive tcms status:0
10-30 17:49:57.631 11988-11988/com.comtop.mim D/DataNetworkManager: receive tcms status:0
10-30 17:49:57.633 11988-11988/com.comtop.mim I/Native: InetIO_SetForeground 0
10-30 17:49:58.015 11988-11988/com.comtop.mim D/DataNetworkManager: receive tcms status:0
10-30 17:49:58.016 11988-11988/com.comtop.mim D/DataNetworkManager: receive tcms status:0
10-30 17:49:58.017 11988-11988/com.comtop.mim I/Native: InetIO_SetForeground 0
10-30 17:49:58.041 11988-11988/com.comtop.mim D/DataNetworkManager: receive tcms status:1
10-30 17:49:58.064 11988-11988/com.comtop.mim D/DataNetworkManager: receive tcms status:1
10-30 17:49:58.103 11988-11988/com.comtop.mim D/TCMSStateChangeReceiver: begin---com.alibaba.tcms.channel.CONNECTIONED---with channel key:ALL
10-30 17:49:58.292 11988-11988/com.comtop.mim I/ServiceChooseHelper: startService, xpushnative://xpush/serviceStart code:1 conetxt.getPackageAppName:com.comtop.mim appname:com.alibaba.openIMUIDemo tcmsservicename:com.alibaba.tcms.service.MonitorActivity
10-30 17:49:58.377 11988-11988/com.comtop.mim D/TCMSStateChangeReceiver: begin---com.alibaba.tcms.status.ENABLE
10-30 17:49:58.377 11988-11988/com.comtop.mim D/TCMSStateChangeReceiver: notifyServiceEnable------
10-30 17:49:58.378 11988-19751/com.comtop.mim I/XPushManager: get client id from preferences:a0kstr1ck2paw1vh appkey:23232985
10-30 17:49:58.379 11988-19751/com.comtop.mim W/IMChannel: clientID:a0kstr1ck2paw1vh, 将更新后的clientId上报服务器
10-30 17:50:21.350 11988-11988/com.comtop.mim D/IMChannel: onActivityStarted:ui.MainActivity
10-30 17:50:21.351 11988-11988/com.comtop.mim D/IMChannel: onActivityResumed:ui.MainActivity
10-30 17:50:21.353 11988-11988/com.comtop.mim I/Native: InetIO_SetForeground 1
10-30 17:50:21.404 11988-11988/com.comtop.mim D/wjtest: VConnManager.getInstance().clearWearyCheck()
10-30 17:50:21.421 11988-11988/com.comtop.mim I/Native: InetIO_ngetLoginState
10-30 17:50:21.421 11988-11988/com.comtop.mim I/Native: current user idvj1r4l000150888cb0740c
10-30 17:50:21.422 11988-11988/com.comtop.mim I/EgoAccount.api: getLoginState:3
10-30 17:50:21.422 11988-11988/com.comtop.mim D/may: =====>im login state: success
10-30 17:50:21.422 11988-11988/com.comtop.mim I/Native: InetIO_ngetLoginState
10-30 17:50:21.422 11988-11988/com.comtop.mim I/Native: current user idvj1r4l000150888cb0740c
10-30 17:50:21.423 11988-11988/com.comtop.mim I/EgoAccount.api: getLoginState:3
10-30 17:50:21.423 11988-11988/com.comtop.mim D/may: ======>unread count: 1, service: com.alibaba.mobileim.lib.presenter.conversation.YWConversationManagerImpl@4245d7f8
10-30 17:50:21.424 11988-11988/com.comtop.mim D/WxConversationFragment@kiked?off:  WXAPI.getInstance(): com.alibaba.mobileim.WXAPI@42715740
10-30 17:50:21.424 11988-11988/com.comtop.mim D/WxConversationFragment@kiked?off:  WXAPI.getInstance().getLoginUserId(): 000150888cb0740c
10-30 17:50:21.425 11988-11988/com.comtop.mim D/WxConversationFragment@kiked?off:    WXAPI.getInstance().getConversationManager(): com.alibaba.mobileim.lib.presenter.conversation.YWConversationManagerImpl@4245d7f8
10-30 17:50:21.425 11988-11988/com.comtop.mim D/WxConversationFragment@kiked?off:   WXAPI.getInstance().getConversationManager().getConversationList(): [com.alibaba.mobileim.lib.presenter.conversation.P2PConversation@4255d6b8, com.alibaba.mobileim.lib.presenter.conversation.TribeConversation@42470b28, com.alibaba.mobileim.lib.presenter.conversation.TribeConversation@42496c20, com.alibaba.mobileim.lib.presenter.conversation.TribeConversation@4262c0c0, com.alibaba.mobileim.lib.presenter.conversation.P2PConversation@42629f78, com.alibaba.mobileim.lib.presenter.conversation.P2PConversation@4267d0e0, com.alibaba.mobileim.lib.presenter.conversation.P2PConversation@42661a30]
10-30 17:50:21.426 11988-11988/com.comtop.mim D/WxConversationFragment@kiked?off:  mConversations: [com.alibaba.mobileim.lib.presenter.conversation.P2PConversation@4255d6b8, com.alibaba.mobileim.lib.presenter.conversation.TribeConversation@42470b28, com.alibaba.mobileim.lib.presenter.conversation.TribeConversation@42496c20, com.alibaba.mobileim.lib.presenter.conversation.TribeConversation@4262c0c0, com.alibaba.mobileim.lib.presenter.conversation.P2PConversation@42629f78, com.alibaba.mobileim.lib.presenter.conversation.P2PConversation@4267d0e0, com.alibaba.mobileim.lib.presenter.conversation.P2PConversation@42661a30]
10-30 17:50:21.426 11988-11988/com.comtop.mim D/WxConversationFragment@kiked?off:   mConversations.hashCode(): 39c6b197
10-30 17:50:21.427 11988-11988/com.comtop.mim D/WxConversationFragment@kiked?off:   WXAPI.getInstance().getConversationManager().getConversationList().hashCode(): 39c6b197
10-30 17:50:21.428 11988-11988/com.comtop.mim I/YWConversationManagerImpl: removeConversationListener
10-30 17:50:21.429 11988-11988/com.comtop.mim I/YWConversationManagerImpl: addConversationListener
10-30 17:50:21.465 11988-11988/com.comtop.mim D/YWContactManagerImpl: getContactProfileInfo userId=000150888766a901 appkey=23232985
10-30 17:50:21.466 11988-11988/com.comtop.mim I/YWContactManagerImpl: getContactProfileCallback, temp = null
10-30 17:50:21.468 11988-11988/com.comtop.mim I/IMProfileCacheUtil: getDefaultProfileCallback
10-30 17:50:21.469 11988-11988/com.comtop.mim I/YWContactManagerImpl: getCrossContactProfileCallback, temp = null
10-30 17:50:21.470 11988-11988/com.comtop.mim I/IMProfileCacheUtil: geDefaultCrossProfileCallback
10-30 17:50:21.470 11988-11988/com.comtop.mim D/YWContactManagerImpl: appkey equals profileCallback called
10-30 17:50:21.471 11988-11988/com.comtop.mim D/YWContactManagerImpl: result nick=3333333333 headUrl=http://7xn4wo.com1.z0.glb.clouddn.com/user/avatar/000150888766a901?1445913912.753282 appkey=null
10-30 17:50:21.473 11988-11988/com.comtop.mim D/YWContactManagerImpl: getContactProfileInfo userId=000150888766a901 appkey=23232985
10-30 17:50:21.474 11988-11988/com.comtop.mim I/YWContactManagerImpl: getContactProfileCallback, temp = null
10-30 17:50:21.475 11988-11988/com.comtop.mim I/IMProfileCacheUtil: getDefaultProfileCallback
10-30 17:50:21.476 11988-11988/com.comtop.mim I/YWContactManagerImpl: getCrossContactProfileCallback, temp = null
10-30 17:50:21.478 11988-11988/com.comtop.mim I/IMProfileCacheUtil: geDefaultCrossProfileCallback
10-30 17:50:21.480 11988-11988/com.comtop.mim D/YWContactManagerImpl: appkey equals profileCallback called
10-30 17:50:21.481 11988-11988/com.comtop.mim D/YWContactManagerImpl: result nick=3333333333 headUrl=http://7xn4wo.com1.z0.glb.clouddn.com/user/avatar/000150888766a901?1445913912.753282 appkey=null
10-30 17:50:21.483 11988-11988/com.comtop.mim D/ConversationAdapter: message = Message{mMsgId=6269105459362594816, atFlag=0, direction=0, mContent='hhh', mCvsId='idvj1r4l000150888766a901', isAtMsgAck=false, atMsgAckSendId='null', atMsgAckUUid='null', isAtMsgHasRead=false, mTime=1446198439, mAuthorId='idvj1r4l000150888cb0740c', mAuthorName='000150888cb0740c', atUserList=null}
10-30 17:50:21.498 11988-11988/com.comtop.mim D/ConversationAdapter: hasUnreadAtMsg:false
10-30 17:50:21.500 11988-11988/com.comtop.mim D/ConversationAdapter: message = null
10-30 17:50:21.503 11988-11988/com.comtop.mim D/YWContactManagerImpl: getContactProfileInfo userId=00015093a71819be appkey=23232985
10-30 17:50:21.504 11988-11988/com.comtop.mim I/YWContactManagerImpl: getContactProfileCallback, temp = null
10-30 17:50:21.505 11988-11988/com.comtop.mim I/IMProfileCacheUtil: getDefaultProfileCallback
10-30 17:50:21.505 11988-11988/com.comtop.mim I/YWContactManagerImpl: getCrossContactProfileCallback, temp = null
10-30 17:50:21.505 11988-11988/com.comtop.mim I/IMProfileCacheUtil: geDefaultCrossProfileCallback
10-30 17:50:21.506 11988-11988/com.comtop.mim D/YWContactManagerImpl: appkey equals profileCallback called
10-30 17:50:21.506 11988-11988/com.comtop.mim D/YWContactManagerImpl: result nick=119 headUrl= appkey=null
10-30 17:50:21.510 11988-11988/com.comtop.mim D/ConversationAdapter: hasUnreadAtMsg:false
10-30 17:50:21.516 11988-11988/com.comtop.mim D/ConversationAdapter: message = Message{mMsgId=6269105457933920313, atFlag=0, direction=1, mContent='来来来', mCvsId='null', isAtMsgAck=false, atMsgAckSendId='null', atMsgAckUUid='null', isAtMsgHasRead=false, mTime=1446176670, mAuthorId='idvj1r4l00015089328c5855', mAuthorName='null', atUserList=null}
10-30 17:50:21.519 11988-11988/com.comtop.mim D/YWContactManagerImpl: getContactProfileInfo userId=00015089328c5855 appkey=23232985
10-30 17:50:21.520 11988-11988/com.comtop.mim I/YWContactManagerImpl: getContactProfileCallback, temp = null
10-30 17:50:21.521 11988-11988/com.comtop.mim I/IMProfileCacheUtil: getDefaultProfileCallback
10-30 17:50:21.522 11988-11988/com.comtop.mim I/YWContactManagerImpl: getCrossContactProfileCallback, temp = null
10-30 17:50:21.523 11988-11988/com.comtop.mim I/IMProfileCacheUtil: geDefaultCrossProfileCallback
10-30 17:50:21.524 11988-11988/com.comtop.mim D/YWContactManagerImpl: appkey equals profileCallback called
10-30 17:50:21.525 11988-11988/com.comtop.mim D/YWContactManagerImpl: result nick=B90 headUrl=http://7xn4wo.com1.z0.glb.clouddn.com/user/avatar/00015089328c5855?1445911760.569337 appkey=null
10-30 17:50:21.530 11988-11988/com.comtop.mim D/ConversationAdapter: hasUnreadAtMsg:false
10-30 17:50:21.532 11988-11988/com.comtop.mim D/ConversationAdapter: message = Message{mMsgId=6269104920846204929, atFlag=0, direction=0, mContent='dddd', mCvsId='null', isAtMsgAck=false, atMsgAckSendId='null', atMsgAckUUid='null', isAtMsgHasRead=false, mTime=1446102866, mAuthorId='idvj1r4l000150888cb0740c', mAuthorName='null', atUserList=null}
10-30 17:50:21.560 11988-11988/com.comtop.mim D/YWContactManagerImpl: getContactProfileInfo userId=000150888cb0740c appkey=23232985
10-30 17:50:21.561 11988-11988/com.comtop.mim I/YWContactManagerImpl: getContactProfileCallback, temp = null
10-30 17:50:21.561 11988-11988/com.comtop.mim I/IMProfileCacheUtil: getDefaultProfileCallback
10-30 17:50:21.561 11988-11988/com.comtop.mim I/YWContactManagerImpl: getCrossContactProfileCallback, temp = null
10-30 17:50:21.564 11988-11988/com.comtop.mim I/IMProfileCacheUtil: geDefaultCrossProfileCallback
10-30 17:50:21.564 11988-11988/com.comtop.mim D/YWContactManagerImpl: appkey equals profileCallback called
10-30 17:50:21.565 11988-11988/com.comtop.mim D/YWContactManagerImpl: result nick=1188 headUrl=http://7xn4wo.com1.z0.glb.clouddn.com/user/avatar/000150888cb0740c?1437897406181 appkey=null
10-30 17:50:21.568 11988-11988/com.comtop.mim D/YWContactManagerImpl: getContactProfileInfo userId=00015089328c5855 appkey=23232985
10-30 17:50:21.568 11988-11988/com.comtop.mim I/YWContactManagerImpl: getContactProfileCallback, temp = null
10-30 17:50:21.568 11988-11988/com.comtop.mim I/IMProfileCacheUtil: getDefaultProfileCallback
10-30 17:50:21.569 11988-11988/com.comtop.mim I/YWContactManagerImpl: getCrossContactProfileCallback, temp = null
10-30 17:50:21.569 11988-11988/com.comtop.mim I/IMProfileCacheUtil: geDefaultCrossProfileCallback
10-30 17:50:21.569 11988-11988/com.comtop.mim D/YWContactManagerImpl: appkey equals profileCallback called
10-30 17:50:21.569 11988-11988/com.comtop.mim D/YWContactManagerImpl: result nick=B90 headUrl=http://7xn4wo.com1.z0.glb.clouddn.com/user/avatar/00015089328c5855?1445911760.569337 appkey=null
10-30 17:50:21.569 11988-11988/com.comtop.mim D/YWContactManagerImpl: getContactProfileInfo userId=00015089328c5855 appkey=23232985
10-30 17:50:21.570 11988-11988/com.comtop.mim I/YWContactManagerImpl: getContactProfileCallback, temp = null
10-30 17:50:21.570 11988-11988/com.comtop.mim I/IMProfileCacheUtil: getDefaultProfileCallback
10-30 17:50:21.570 11988-11988/com.comtop.mim I/YWContactManagerImpl: getCrossContactProfileCallback, temp = null
10-30 17:50:21.570 11988-11988/com.comtop.mim I/IMProfileCacheUtil: geDefaultCrossProfileCallback
10-30 17:50:21.570 11988-11988/com.comtop.mim D/YWContactManagerImpl: appkey equals profileCallback called
10-30 17:50:21.571 11988-11988/com.comtop.mim D/YWContactManagerImpl: result nick=B90 headUrl=http://7xn4wo.com1.z0.glb.clouddn.com/user/avatar/00015089328c5855?1445911760.569337 appkey=null
10-30 17:50:21.571 11988-11988/com.comtop.mim D/ConversationAdapter: message = null
10-30 17:50:21.580 11988-11988/com.comtop.mim D/YWContactManagerImpl: getContactProfileInfo userId=000150ac7275465f8 appkey=23232985
10-30 17:50:21.581 11988-11988/com.comtop.mim I/YWContactManagerImpl: getContactProfileCallback, temp = null
10-30 17:50:21.582 11988-11988/com.comtop.mim I/IMProfileCacheUtil: getDefaultProfileCallback
10-30 17:50:21.583 11988-11988/com.comtop.mim I/YWContactManagerImpl: getCrossContactProfileCallback, temp = null
10-30 17:50:21.584 11988-11988/com.comtop.mim I/IMProfileCacheUtil: geDefaultCrossProfileCallback
10-30 17:50:21.585 11988-11988/com.comtop.mim D/YWContactManagerImpl: appkey equals profileCallback called
10-30 17:50:21.586 11988-11988/com.comtop.mim D/YWContactManagerImpl: result nick=B81 headUrl= appkey=null
10-30 17:50:21.587 11988-11988/com.comtop.mim D/YWContactManagerImpl: getContactProfileInfo userId=000150ac7275465f8 appkey=23232985
10-30 17:50:21.588 11988-11988/com.comtop.mim I/YWContactManagerImpl: getContactProfileCallback, temp = null
10-30 17:50:21.589 11988-11988/com.comtop.mim I/IMProfileCacheUtil: getDefaultProfileCallback
10-30 17:50:21.590 11988-11988/com.comtop.mim I/YWContactManagerImpl: getCrossContactProfileCallback, temp = null
10-30 17:50:21.590 11988-11988/com.comtop.mim I/IMProfileCacheUtil: geDefaultCrossProfileCallback
10-30 17:50:21.591 11988-11988/com.comtop.mim D/YWContactManagerImpl: appkey equals profileCallback called
10-30 17:50:21.592 11988-11988/com.comtop.mim D/YWContactManagerImpl: result nick=B81 headUrl= appkey=null
10-30 17:50:21.593 11988-11988/com.comtop.mim D/ConversationAdapter: message = null
10-30 17:50:21.600 11988-11988/com.comtop.mim D/YWContactManagerImpl: getContactProfileInfo userId=00015093a71819be appkey=23232985
10-30 17:50:21.601 11988-11988/com.comtop.mim I/YWContactManagerImpl: getContactProfileCallback, temp = null
10-30 17:50:21.602 11988-11988/com.comtop.mim I/IMProfileCacheUtil: getDefaultProfileCallback
10-30 17:50:21.603 11988-11988/com.comtop.mim I/YWContactManagerImpl: getCrossContactProfileCallback, temp = null
10-30 17:50:21.604 11988-11988/com.comtop.mim I/IMProfileCacheUtil: geDefaultCrossProfileCallback
10-30 17:50:21.605 11988-11988/com.comtop.mim D/YWContactManagerImpl: appkey equals profileCallback called
10-30 17:50:21.606 11988-11988/com.comtop.mim D/YWContactManagerImpl: result nick=119 headUrl= appkey=null
10-30 17:50:21.610 11988-11988/com.comtop.mim D/YWContactManagerImpl: getContactProfileInfo userId=00015093a71819be appkey=23232985
10-30 17:50:21.612 11988-11988/com.comtop.mim I/YWContactManagerImpl: getContactProfileCallback, temp = null
10-30 17:50:21.613 11988-11988/com.comtop.mim I/IMProfileCacheUtil: getDefaultProfileCallback
10-30 17:50:21.615 11988-11988/com.comtop.mim I/YWContactManagerImpl: getCrossContactProfileCallback, temp = null
10-30 17:50:21.616 11988-11988/com.comtop.mim I/IMProfileCacheUtil: geDefaultCrossProfileCallback
10-30 17:50:21.618 11988-11988/com.comtop.mim D/YWContactManagerImpl: appkey equals profileCallback called
10-30 17:50:21.619 11988-11988/com.comtop.mim D/YWContactManagerImpl: result nick=119 headUrl= appkey=null
10-30 17:50:21.620 11988-11988/com.comtop.mim D/ConversationAdapter: message = null
10-30 17:50:21.678 11988-19274/com.comtop.mim I/WXContext@idvj1r4l000150888cb0740c@login: xlogin:1, isForeground:1
10-30 17:50:21.678 11988-19274/com.comtop.mim I/WXContext@idvj1r4l000150888cb0740c@login: connect with server failed, try restartlogin again
10-30 17:50:21.679 11988-19274/com.comtop.mim I/WXContext@idvj1r4l000150888cb0740c@login: restartLogin, self=1， gtid:0x65a12708
10-30 17:50:21.679 11988-19274/com.comtop.mim I/jni/inet/android/native/common/calljava.cpp: nativeLog
10-30 17:50:21.680 11988-12073/com.comtop.mim W/WXContext@idvj1r4l000150888cb0740c@loginmynative: =重登=
10-30 17:50:21.681 11988-12073/com.comtop.mim I/nativeLog: begin native log
10-30 17:50:21.681 11988-12073/com.comtop.mim I/im@WXContext@idvj1r4l000150888cb0740c@login: =重登=
10-30 17:50:21.685 11988-19274/com.comtop.mim I/WXContext@idvj1r4l000150888cb0740c@login: start loginThreadFunc ....... from restarlogin
10-30 17:50:21.688 11988-20419/com.comtop.mim I/WXContext@idvj1r4l000150888cb0740c@login: Before Login
10-30 17:50:21.688 11988-12106/com.comtop.mim I/callback@native@im: Logining
10-30 17:50:21.689 11988-12063/com.comtop.mim I/Native: InetIO_ngetLoginState
10-30 17:50:21.689 11988-12063/com.comtop.mim I/Native: current user idvj1r4l000150888cb0740c
10-30 17:50:21.689 11988-12063/com.comtop.mim I/InetIO: lAccount:idvj1r4l000150888cb0740c ,mState:2 ,msg.what=6
10-30 17:50:21.689 11988-12063/com.comtop.mim I/InetIO: doLogining
10-30 17:50:21.693 11988-20419/com.comtop.mim I/jni/inet/android/native/common/calljava.cpp: getDataNetworkType
10-30 17:50:21.694 11988-12073/com.comtop.mim I/JNIUtil: getDataNetworkType 1 ret=1
10-30 17:50:21.695 11988-20419/com.comtop.mim I/jni/inet/android/native/common/calljava.cpp: aquireWakeLock
10-30 17:50:21.696 11988-20419/com.comtop.mim I/WXContext@idvj1r4l000150888cb0740c@login: LoginOnPushChannel
10-30 17:50:21.698 11988-20419/com.comtop.mim I/WXContext@idvj1r4l000150888cb0740c@login: try LoginOnPushChannel
10-30 17:50:21.699 11988-20419/com.comtop.mim I/WXContext@idvj1r4l000150888cb0740c@login: begin connect to local server.
10-30 17:50:21.700 11988-20419/com.comtop.mim I/WXContext@idvj1r4l000150888cb0740c@login: end   connect to local server, ret=0, fd=80
10-30 17:50:21.722 11988-12063/com.comtop.mim I/ServiceChooseHelper: ClientRegInfo, 23015524 com.alibaba.openIMUIDemo
10-30 17:50:21.729 11988-12063/com.comtop.mim I/ServiceChooseHelper: startService, xpushnative://xpush/serviceStart code:0 conetxt.getPackageAppName:com.comtop.mim appname:com.alibaba.openIMUIDemo tcmsservicename:com.alibaba.tcms.service.MonitorActivity
10-30 17:50:21.939 11988-11988/com.comtop.mim D/IMChannel: onActivityPaused:ui.MainActivity
10-30 17:50:21.940 11988-11988/com.comtop.mim I/YWConversationManagerImpl: removeConversationListener
10-30 17:50:21.942 11988-12063/com.comtop.mim D/MessageDispatcher: doLogining.
10-30 17:50:21.942 11988-12063/com.comtop.mim D/MessageDispatcher: doLogining, com.alibaba.mobileim.lib.presenter.conversation.ConversationManager@42475fa0 is notified.
10-30 17:50:21.942 11988-12063/com.comtop.mim D/MessageDispatcher: doLogining, com.alibaba.mobileim.lib.presenter.account.Account@424665c8 is notified.
10-30 17:50:22.013 11988-11988/com.comtop.mim D/IMChannel: onActivityResumed:ui.MainActivity
10-30 17:50:22.013 11988-11988/com.comtop.mim I/Native: InetIO_SetForeground 1
10-30 17:50:22.033 11988-11988/com.comtop.mim D/wjtest: VConnManager.getInstance().clearWearyCheck()
10-30 17:50:22.034 11988-11988/com.comtop.mim I/Native: InetIO_ngetLoginState
10-30 17:50:22.034 11988-11988/com.comtop.mim I/Native: current user idvj1r4l000150888cb0740c
10-30 17:50:22.034 11988-11988/com.comtop.mim I/EgoAccount.api: getLoginState:2
10-30 17:50:22.034 11988-11988/com.comtop.mim D/may: =====>im login state: logining
10-30 17:50:22.035 11988-11988/com.comtop.mim I/Native: InetIO_ngetLoginState
10-30 17:50:22.035 11988-11988/com.comtop.mim I/Native: current user idvj1r4l000150888cb0740c
10-30 17:50:22.035 11988-11988/com.comtop.mim I/EgoAccount.api: getLoginState:2
10-30 17:50:22.035 11988-11988/com.comtop.mim D/may: ======>unread count: 0, service: null
10-30 17:50:22.036 11988-11988/com.comtop.mim D/WxConversationFragment@kiked?off:  WXAPI.getInstance(): com.alibaba.mobileim.WXAPI@42715740
10-30 17:50:22.036 11988-11988/com.comtop.mim D/WxConversationFragment@kiked?off:  WXAPI.getInstance().getLoginUserId(): 000150888cb0740c
10-30 17:50:22.036 11988-11988/com.comtop.mim D/WxConversationFragment@kiked?off:    WXAPI.getInstance().getConversationManager(): com.alibaba.mobileim.lib.presenter.conversation.YWConversationManagerImpl@4245d7f8
10-30 17:50:22.036 11988-11988/com.comtop.mim D/WxConversationFragment@kiked?off:   WXAPI.getInstance().getConversationManager().getConversationList(): [com.alibaba.mobileim.lib.presenter.conversation.P2PConversation@4255d6b8, com.alibaba.mobileim.lib.presenter.conversation.TribeConversation@42470b28, com.alibaba.mobileim.lib.presenter.conversation.TribeConversation@42496c20, com.alibaba.mobileim.lib.presenter.conversation.TribeConversation@4262c0c0, com.alibaba.mobileim.lib.presenter.conversation.P2PConversation@42629f78, com.alibaba.mobileim.lib.presenter.conversation.P2PConversation@4267d0e0, com.alibaba.mobileim.lib.presenter.conversation.P2PConversation@42661a30]
10-30 17:50:22.037 11988-11988/com.comtop.mim D/WxConversationFragment@kiked?off:  mConversations: [com.alibaba.mobileim.lib.presenter.conversation.P2PConversation@4255d6b8, com.alibaba.mobileim.lib.presenter.conversation.TribeConversation@42470b28, com.alibaba.mobileim.lib.presenter.conversation.TribeConversation@42496c20, com.alibaba.mobileim.lib.presenter.conversation.TribeConversation@4262c0c0, com.alibaba.mobileim.lib.presenter.conversation.P2PConversation@42629f78, com.alibaba.mobileim.lib.presenter.conversation.P2PConversation@4267d0e0, com.alibaba.mobileim.lib.presenter.conversation.P2PConversation@42661a30]
10-30 17:50:22.037 11988-11988/com.comtop.mim D/WxConversationFragment@kiked?off:   mConversations.hashCode(): 39c6b197
10-30 17:50:22.037 11988-11988/com.comtop.mim D/WxConversationFragment@kiked?off:   WXAPI.getInstance().getConversationManager().getConversationList().hashCode(): 39c6b197
10-30 17:50:22.039 11988-11988/com.comtop.mim I/YWConversationManagerImpl: removeConversationListener
10-30 17:50:22.039 11988-11988/com.comtop.mim I/YWConversationManagerImpl: addConversationListener
10-30 17:50:22.054 11988-11988/com.comtop.mim D/YWContactManagerImpl: getContactProfileInfo userId=000150888766a901 appkey=23232985
10-30 17:50:22.054 11988-11988/com.comtop.mim I/YWContactManagerImpl: getContactProfileCallback, temp = null
10-30 17:50:22.054 11988-11988/com.comtop.mim I/IMProfileCacheUtil: getDefaultProfileCallback
10-30 17:50:22.054 11988-11988/com.comtop.mim I/YWContactManagerImpl: getCrossContactProfileCallback, temp = null
10-30 17:50:22.054 11988-11988/com.comtop.mim I/IMProfileCacheUtil: geDefaultCrossProfileCallback
10-30 17:50:22.054 11988-11988/com.comtop.mim D/YWContactManagerImpl: appkey equals profileCallback called
10-30 17:50:22.055 11988-11988/com.comtop.mim D/YWContactManagerImpl: result nick=3333333333 headUrl=http://7xn4wo.com1.z0.glb.clouddn.com/user/avatar/000150888766a901?1445913912.753282 appkey=null
10-30 17:50:22.055 11988-11988/com.comtop.mim D/YWContactManagerImpl: getContactProfileInfo userId=000150888766a901 appkey=23232985
10-30 17:50:22.055 11988-11988/com.comtop.mim I/YWContactManagerImpl: getContactProfileCallback, temp = null
10-30 17:50:22.055 11988-11988/com.comtop.mim I/IMProfileCacheUtil: getDefaultProfileCallback
10-30 17:50:22.055 11988-11988/com.comtop.mim I/YWContactManagerImpl: getCrossContactProfileCallback, temp = null
10-30 17:50:22.055 11988-11988/com.comtop.mim I/IMProfileCacheUtil: geDefaultCrossProfileCallback
10-30 17:50:22.055 11988-11988/com.comtop.mim D/YWContactManagerImpl: appkey equals profileCallback called
10-30 17:50:22.055 11988-11988/com.comtop.mim D/YWContactManagerImpl: result nick=3333333333 headUrl=http://7xn4wo.com1.z0.glb.clouddn.com/user/avatar/000150888766a901?1445913912.753282 appkey=null
10-30 17:50:22.055 11988-11988/com.comtop.mim D/ConversationAdapter: message = Message{mMsgId=6269105459362594816, atFlag=0, direction=0, mContent='hhh', mCvsId='idvj1r4l000150888766a901', isAtMsgAck=false, atMsgAckSendId='null', atMsgAckUUid='null', isAtMsgHasRead=false, mTime=1446198439, mAuthorId='idvj1r4l000150888cb0740c', mAuthorName='000150888cb0740c', atUserList=null}
10-30 17:50:22.062 11988-11988/com.comtop.mim D/ConversationAdapter: hasUnreadAtMsg:false
10-30 17:50:22.062 11988-11988/com.comtop.mim D/ConversationAdapter: message = null
10-30 17:50:22.065 11988-11988/com.comtop.mim D/YWContactManagerImpl: getContactProfileInfo userId=00015093a71819be appkey=23232985
10-30 17:50:22.065 11988-11988/com.comtop.mim I/YWContactManagerImpl: getContactProfileCallback, temp = null
10-30 17:50:22.065 11988-11988/com.comtop.mim I/IMProfileCacheUtil: getDefaultProfileCallback
10-30 17:50:22.065 11988-11988/com.comtop.mim I/YWContactManagerImpl: getCrossContactProfileCallback, temp = null
10-30 17:50:22.065 11988-11988/com.comtop.mim I/IMProfileCacheUtil: geDefaultCrossProfileCallback
10-30 17:50:22.065 11988-11988/com.comtop.mim D/YWContactManagerImpl: appkey equals profileCallback called
10-30 17:50:22.065 11988-11988/com.comtop.mim D/YWContactManagerImpl: result nick=119 headUrl= appkey=null
10-30 17:50:22.068 11988-11988/com.comtop.mim D/ConversationAdapter: hasUnreadAtMsg:false
10-30 17:50:22.069 11988-11988/com.comtop.mim D/ConversationAdapter: message = Message{mMsgId=6269105457933920313, atFlag=0, direction=1, mContent='来来来', mCvsId='null', isAtMsgAck=false, atMsgAckSendId='null', atMsgAckUUid='null', isAtMsgHasRead=false, mTime=1446176670, mAuthorId='idvj1r4l00015089328c5855', mAuthorName='null', atUserList=null}
10-30 17:50:22.070 11988-11988/com.comtop.mim D/YWContactManagerImpl: getContactProfileInfo userId=00015089328c5855 appkey=23232985
10-30 17:50:22.071 11988-11988/com.comtop.mim I/YWContactManagerImpl: getContactProfileCallback, temp = null
10-30 17:50:22.071 11988-11988/com.comtop.mim I/IMProfileCacheUtil: getDefaultProfileCallback
10-30 17:50:22.071 11988-11988/com.comtop.mim I/YWContactManagerImpl: getCrossContactProfileCallback, temp = null
10-30 17:50:22.071 11988-11988/com.comtop.mim I/IMProfileCacheUtil: geDefaultCrossProfileCallback
10-30 17:50:22.071 11988-11988/com.comtop.mim D/YWContactManagerImpl: appkey equals profileCallback called
10-30 17:50:22.071 11988-11988/com.comtop.mim D/YWContactManagerImpl: result nick=B90 headUrl=http://7xn4wo.com1.z0.glb.clouddn.com/user/avatar/00015089328c5855?1445911760.569337 appkey=null
10-30 17:50:22.075 11988-11988/com.comtop.mim D/ConversationAdapter: hasUnreadAtMsg:false
10-30 17:50:22.076 11988-11988/com.comtop.mim D/ConversationAdapter: message = Message{mMsgId=6269104920846204929, atFlag=0, direction=0, mContent='dddd', mCvsId='null', isAtMsgAck=false, atMsgAckSendId='null', atMsgAckUUid='null', isAtMsgHasRead=false, mTime=1446102866, mAuthorId='idvj1r4l000150888cb0740c', mAuthorName='null', atUserList=null}
10-30 17:50:22.078 11988-11988/com.comtop.mim D/YWContactManagerImpl: getContactProfileInfo userId=000150888cb0740c appkey=23232985
10-30 17:50:22.078 11988-11988/com.comtop.mim I/YWContactManagerImpl: getContactProfileCallback, temp = null
10-30 17:50:22.078 11988-11988/com.comtop.mim I/IMProfileCacheUtil: getDefaultProfileCallback
10-30 17:50:22.078 11988-11988/com.comtop.mim I/YWContactManagerImpl: getCrossContactProfileCallback, temp = null
10-30 17:50:22.078 11988-11988/com.comtop.mim I/IMProfileCacheUtil: geDefaultCrossProfileCallback
10-30 17:50:22.078 11988-11988/com.comtop.mim D/YWContactManagerImpl: appkey equals profileCallback called
10-30 17:50:22.078 11988-11988/com.comtop.mim D/YWContactManagerImpl: result nick=1188 headUrl=http://7xn4wo.com1.z0.glb.clouddn.com/user/avatar/000150888cb0740c?1437897406181 appkey=null
10-30 17:50:22.083 11988-11988/com.comtop.mim D/YWContactManagerImpl: getContactProfileInfo userId=00015089328c5855 appkey=23232985
10-30 17:50:22.083 11988-11988/com.comtop.mim I/YWContactManagerImpl: getContactProfileCallback, temp = null
10-30 17:50:22.083 11988-11988/com.comtop.mim I/IMProfileCacheUtil: getDefaultProfileCallback
10-30 17:50:22.083 11988-11988/com.comtop.mim I/YWContactManagerImpl: getCrossContactProfileCallback, temp = null
10-30 17:50:22.083 11988-11988/com.comtop.mim I/IMProfileCacheUtil: geDefaultCrossProfileCallback
10-30 17:50:22.083 11988-11988/com.comtop.mim D/YWContactManagerImpl: appkey equals profileCallback called
10-30 17:50:22.083 11988-11988/com.comtop.mim D/YWContactManagerImpl: result nick=B90 headUrl=http://7xn4wo.com1.z0.glb.clouddn.com/user/avatar/00015089328c5855?1445911760.569337 appkey=null
10-30 17:50:22.083 11988-11988/com.comtop.mim D/YWContactManagerImpl: getContactProfileInfo userId=00015089328c5855 appkey=23232985
10-30 17:50:22.083 11988-11988/com.comtop.mim I/YWContactManagerImpl: getContactProfileCallback, temp = null
10-30 17:50:22.084 11988-11988/com.comtop.mim I/IMProfileCacheUtil: getDefaultProfileCallback
10-30 17:50:22.084 11988-11988/com.comtop.mim I/YWContactManagerImpl: getCrossContactProfileCallback, temp = null
10-30 17:50:22.084 11988-11988/com.comtop.mim I/IMProfileCacheUtil: geDefaultCrossProfileCallback
10-30 17:50:22.084 11988-11988/com.comtop.mim D/YWContactManagerImpl: appkey equals profileCallback called
10-30 17:50:22.084 11988-11988/com.comtop.mim D/YWContactManagerImpl: result nick=B90 headUrl=http://7xn4wo.com1.z0.glb.clouddn.com/user/avatar/00015089328c5855?1445911760.569337 appkey=null
10-30 17:50:22.084 11988-11988/com.comtop.mim D/ConversationAdapter: message = null
10-30 17:50:22.088 11988-11988/com.comtop.mim D/YWContactManagerImpl: getContactProfileInfo userId=000150ac7275465f8 appkey=23232985
10-30 17:50:22.088 11988-11988/com.comtop.mim I/YWContactManagerImpl: getContactProfileCallback, temp = null
10-30 17:50:22.088 11988-11988/com.comtop.mim I/IMProfileCacheUtil: getDefaultProfileCallback
10-30 17:50:22.088 11988-11988/com.comtop.mim I/YWContactManagerImpl: getCrossContactProfileCallback, temp = null
10-30 17:50:22.088 11988-11988/com.comtop.mim I/IMProfileCacheUtil: geDefaultCrossProfileCallback
10-30 17:50:22.088 11988-11988/com.comtop.mim D/YWContactManagerImpl: appkey equals profileCallback called
10-30 17:50:22.088 11988-11988/com.comtop.mim D/YWContactManagerImpl: result nick=B81 headUrl= appkey=null
10-30 17:50:22.088 11988-11988/com.comtop.mim D/YWContactManagerImpl: getContactProfileInfo userId=000150ac7275465f8 appkey=23232985
10-30 17:50:22.089 11988-11988/com.comtop.mim I/YWContactManagerImpl: getContactProfileCallback, temp = null
10-30 17:50:22.089 11988-11988/com.comtop.mim I/IMProfileCacheUtil: getDefaultProfileCallback
10-30 17:50:22.089 11988-11988/com.comtop.mim I/YWContactManagerImpl: getCrossContactProfileCallback, temp = null
10-30 17:50:22.089 11988-11988/com.comtop.mim I/IMProfileCacheUtil: geDefaultCrossProfileCallback
10-30 17:50:22.089 11988-11988/com.comtop.mim D/YWContactManagerImpl: appkey equals profileCallback called
10-30 17:50:22.089 11988-11988/com.comtop.mim D/YWContactManagerImpl: result nick=B81 headUrl= appkey=null
10-30 17:50:22.089 11988-11988/com.comtop.mim D/ConversationAdapter: message = null
10-30 17:50:22.143 11988-11988/com.comtop.mim D/YWContactManagerImpl: getContactProfileInfo userId=00015093a71819be appkey=23232985
10-30 17:50:22.143 11988-11988/com.comtop.mim I/YWContactManagerImpl: getContactProfileCallback, temp = null
10-30 17:50:22.143 11988-11988/com.comtop.mim I/IMProfileCacheUtil: getDefaultProfileCallback
10-30 17:50:22.143 11988-11988/com.comtop.mim I/YWContactManagerImpl: getCrossContactProfileCallback, temp = null
10-30 17:50:22.143 11988-11988/com.comtop.mim I/IMProfileCacheUtil: geDefaultCrossProfileCallback
10-30 17:50:22.143 11988-11988/com.comtop.mim D/YWContactManagerImpl: appkey equals profileCallback called
10-30 17:50:22.143 11988-11988/com.comtop.mim D/YWContactManagerImpl: result nick=119 headUrl= appkey=null
10-30 17:50:22.145 11988-11988/com.comtop.mim D/YWContactManagerImpl: getContactProfileInfo userId=00015093a71819be appkey=23232985
10-30 17:50:22.146 11988-11988/com.comtop.mim I/YWContactManagerImpl: getContactProfileCallback, temp = null
10-30 17:50:22.146 11988-11988/com.comtop.mim I/IMProfileCacheUtil: getDefaultProfileCallback
10-30 17:50:22.146 11988-11988/com.comtop.mim I/YWContactManagerImpl: getCrossContactProfileCallback, temp = null
10-30 17:50:22.146 11988-11988/com.comtop.mim I/IMProfileCacheUtil: geDefaultCrossProfileCallback
10-30 17:50:22.147 11988-11988/com.comtop.mim D/YWContactManagerImpl: appkey equals profileCallback called
10-30 17:50:22.147 11988-11988/com.comtop.mim D/YWContactManagerImpl: result nick=119 headUrl= appkey=null
10-30 17:50:22.148 11988-11988/com.comtop.mim D/ConversationAdapter: message = null
10-30 17:50:22.255 11988-11988/com.comtop.mim D/DataNetworkManager: receive tcms status:0
10-30 17:50:22.256 11988-11988/com.comtop.mim D/DataNetworkManager: receive tcms status:0
10-30 17:50:22.257 11988-11988/com.comtop.mim I/Native: InetIO_SetForeground 0
10-30 17:50:22.702 11988-20419/com.comtop.mim I/WXContext@idvj1r4l000150888cb0740c@login: begin connect to local server.
10-30 17:50:22.704 11988-20419/com.comtop.mim I/WXContext@idvj1r4l000150888cb0740c@login: end   connect to local server, ret=0, fd=80
10-30 17:50:23.322 11988-11988/com.comtop.mim D/MsgReadedHandlerMgr: asyncCloudMessages,开始漫游
10-30 17:50:23.324 11988-11988/com.comtop.mim D/DataNetworkManager: receive tcms status:0
10-30 17:50:23.324 11988-12076/com.comtop.mim I/ConversationManager: sync recent conversation
10-30 17:50:23.327 11988-12076/com.comtop.mim D/CloudBaseRequest: oToken:null
10-30 17:50:23.331 11988-12076/com.comtop.mim D/CloudBaseRequest: token:#$@~%/^K_*nullwx_android1446198593idvj1r4l000150888cb0740c
10-30 17:50:23.339 11988-12076/com.comtop.mim D/CloudBaseRequest: token md5:385aa25c2b6951827203aa2c1e05ad44
