adb server is out of date.  killing...
* daemon started successfully *
--------- beginning of /dev/log/system
10-16 07:09:03.839  1034  1085 V AlarmManager: sending alarm Alarm{42e4d698 type 3 com.xianguo.pad}
10-16 07:09:03.847  1034  1313 I ActivityManager: Killing 12774:com.android.mms/u0a28 (adj 15): empty #9
10-16 07:09:03.849  1275  3952 W ContextImpl: Calling a method in the system process without a qualified user: android.app.ContextImpl.sendBroadcast:1252 android.content.ContextWrapper.sendBroadcast:365 com.motorola.motocare.util.TriggerHelper$TriggerBuilder.send:76 com.motorola.motocare.internal.frameworkevents.ProcessKillTrigger.sendTrigger:147 com.motorola.motocare.internal.frameworkevents.ProcessKillTrigger.handleFrameworkEvent:164 
10-16 07:09:03.862  1034  1333 I ActivityManager: Start proc com.tencent.mobileqq for content provider com.tencent.mobileqq/com.tencent.mqq.shared_file_accessor.ContentProviderImpl: pid=12986 uid=10703 gids={50703, 3003, 3002, 3001, 1028, 1015}
10-16 07:09:04.001  1034  1099 D ConnectivityService: handleInetConditionHoldEnd: net=1, condition=100, published condition=100
10-16 07:09:04.143  1034  7582 I ActivityManager: Killing 12809:com.google.android.setupwizard/u0a38 (adj 15): empty #9
10-16 07:09:04.145  1275  3952 W ContextImpl: Calling a method in the system process without a qualified user: android.app.ContextImpl.sendBroadcast:1252 android.content.ContextWrapper.sendBroadcast:365 com.motorola.motocare.util.TriggerHelper$TriggerBuilder.send:76 com.motorola.motocare.internal.frameworkevents.ProcessKillTrigger.sendTrigger:147 com.motorola.motocare.internal.frameworkevents.ProcessKillTrigger.handleFrameworkEvent:164 
10-16 07:09:08.264  1034  7582 I ActivityManager: Killing 12822:com.android.chrome/u0a52 (adj 15): empty #9
10-16 07:09:08.266  1275  3952 W ContextImpl: Calling a method in the system process without a qualified user: android.app.ContextImpl.sendBroadcast:1252 android.content.ContextWrapper.sendBroadcast:365 com.motorola.motocare.util.TriggerHelper$TriggerBuilder.send:76 com.motorola.motocare.internal.frameworkevents.ProcessKillTrigger.sendTrigger:147 com.motorola.motocare.internal.frameworkevents.ProcessKillTrigger.handleFrameworkEvent:164 
10-16 07:09:21.032  1034  8208 I ActivityManager: Start proc com.comtop.mim:TcmsService for service com.comtop.mim/com.alibaba.tcms.service.TCMSService: pid=13017 uid=10722 gids={50722, 3003, 1028, 1015}
10-16 07:09:21.263 13017 13017 E AndroidRuntime: FATAL EXCEPTION: main
10-16 07:09:21.263 13017 13017 E AndroidRuntime: Process: com.comtop.mim:TcmsService, PID: 13017
10-16 07:09:21.263 13017 13017 E AndroidRuntime: java.lang.RuntimeException: Unable to create application com.comtop.mim.app.App: java.lang.RuntimeException: can't get inetmode.
10-16 07:09:21.263 13017 13017 E AndroidRuntime: 	at android.app.ActivityThread.handleBindApplication(ActivityThread.java:4412)
10-16 07:09:21.263 13017 13017 E AndroidRuntime: 	at android.app.ActivityThread.access$1500(ActivityThread.java:139)
10-16 07:09:21.263 13017 13017 E AndroidRuntime: 	at android.app.ActivityThread$H.handleMessage(ActivityThread.java:1270)
10-16 07:09:21.263 13017 13017 E AndroidRuntime: 	at android.os.Handler.dispatchMessage(Handler.java:102)
10-16 07:09:21.263 13017 13017 E AndroidRuntime: 	at android.os.Looper.loop(Looper.java:136)
10-16 07:09:21.263 13017 13017 E AndroidRuntime: 	at android.app.ActivityThread.main(ActivityThread.java:5086)
10-16 07:09:21.263 13017 13017 E AndroidRuntime: 	at java.lang.reflect.Method.invokeNative(Native Method)
10-16 07:09:21.263 13017 13017 E AndroidRuntime: 	at java.lang.reflect.Method.invoke(Method.java:515)
10-16 07:09:21.263 13017 13017 E AndroidRuntime: 	at com.android.internal.os.ZygoteInit$MethodAndArgsCaller.run(ZygoteInit.java:785)
10-16 07:09:21.263 13017 13017 E AndroidRuntime: 	at com.android.internal.os.ZygoteInit.main(ZygoteInit.java:601)
10-16 07:09:21.263 13017 13017 E AndroidRuntime: 	at dalvik.system.NativeStart.main(Native Method)
10-16 07:09:21.263 13017 13017 E AndroidRuntime: Caused by: java.lang.RuntimeException: can't get inetmode.
10-16 07:09:21.263 13017 13017 E AndroidRuntime: 	at com.alibaba.mobileim.channel.service.InetIO.java_nGetInetMode(InetIO.java:959)
10-16 07:09:21.263 13017 13017 E AndroidRuntime: 	at com.alibaba.mobileim.channel.IMChannel.prepareInternal(IMChannel.java:204)
10-16 07:09:21.263 13017 13017 E AndroidRuntime: 	at com.alibaba.mobileim.channel.IMChannel.prepare(IMChannel.java:143)
10-16 07:09:21.263 13017 13017 E AndroidRuntime: 	at com.alibaba.mobileim.YWChannel.prepareImpl(YWChannel.java:253)
10-16 07:09:21.263 13017 13017 E AndroidRuntime: 	at com.alibaba.mobileim.YWAPI.init(YWAPI.java:52)
10-16 07:09:21.263 13017 13017 E AndroidRuntime: 	at com.comtop.mim.utils.LoginHelper.init(LoginHelper.java:23)
10-16 07:09:21.263 13017 13017 E AndroidRuntime: 	at com.comtop.mim.app.App.onCreate(App.java:82)
10-16 07:09:21.263 13017 13017 E AndroidRuntime: 	at android.app.Instrumentation.callApplicationOnCreate(Instrumentation.java:1030)
10-16 07:09:21.263 13017 13017 E AndroidRuntime: 	at android.app.ActivityThread.handleBindApplication(ActivityThread.java:4409)
10-16 07:09:21.263 13017 13017 E AndroidRuntime: 	... 10 more
10-16 07:09:21.273  1034  2789 I ActivityManager: Process com.comtop.mim:TcmsService (pid 13017) has died.
10-16 07:09:21.274  1034  2789 W ActivityManager: Scheduling restart of crashed service com.comtop.mim/com.alibaba.tcms.service.TCMSService in 1000ms
10-16 07:09:22.306  1034  1061 I ActivityManager: Start proc com.comtop.mim:TcmsService for service com.comtop.mim/com.alibaba.tcms.service.TCMSService: pid=13070 uid=10722 gids={50722, 3003, 1028, 1015}
10-16 07:09:22.492 13070 13070 E AndroidRuntime: FATAL EXCEPTION: main
10-16 07:09:22.492 13070 13070 E AndroidRuntime: Process: com.comtop.mim:TcmsService, PID: 13070
10-16 07:09:22.492 13070 13070 E AndroidRuntime: java.lang.RuntimeException: Unable to create application com.comtop.mim.app.App: java.lang.RuntimeException: can't get inetmode.
10-16 07:09:22.492 13070 13070 E AndroidRuntime: 	at android.app.ActivityThread.handleBindApplication(ActivityThread.java:4412)
10-16 07:09:22.492 13070 13070 E AndroidRuntime: 	at android.app.ActivityThread.access$1500(ActivityThread.java:139)
10-16 07:09:22.492 13070 13070 E AndroidRuntime: 	at android.app.ActivityThread$H.handleMessage(ActivityThread.java:1270)
10-16 07:09:22.492 13070 13070 E AndroidRuntime: 	at android.os.Handler.dispatchMessage(Handler.java:102)
10-16 07:09:22.492 13070 13070 E AndroidRuntime: 	at android.os.Looper.loop(Looper.java:136)
10-16 07:09:22.492 13070 13070 E AndroidRuntime: 	at android.app.ActivityThread.main(ActivityThread.java:5086)
10-16 07:09:22.492 13070 13070 E AndroidRuntime: 	at java.lang.reflect.Method.invokeNative(Native Method)
10-16 07:09:22.492 13070 13070 E AndroidRuntime: 	at java.lang.reflect.Method.invoke(Method.java:515)
10-16 07:09:22.492 13070 13070 E AndroidRuntime: 	at com.android.internal.os.ZygoteInit$MethodAndArgsCaller.run(ZygoteInit.java:785)
10-16 07:09:22.492 13070 13070 E AndroidRuntime: 	at com.android.internal.os.ZygoteInit.main(ZygoteInit.java:601)
10-16 07:09:22.492 13070 13070 E AndroidRuntime: 	at dalvik.system.NativeStart.main(Native Method)
10-16 07:09:22.492 13070 13070 E AndroidRuntime: Caused by: java.lang.RuntimeException: can't get inetmode.
10-16 07:09:22.492 13070 13070 E AndroidRuntime: 	at com.alibaba.mobileim.channel.service.InetIO.java_nGetInetMode(InetIO.java:959)
10-16 07:09:22.492 13070 13070 E AndroidRuntime: 	at com.alibaba.mobileim.channel.IMChannel.prepareInternal(IMChannel.java:204)
10-16 07:09:22.492 13070 13070 E AndroidRuntime: 	at com.alibaba.mobileim.channel.IMChannel.prepare(IMChannel.java:143)
10-16 07:09:22.492 13070 13070 E AndroidRuntime: 	at com.alibaba.mobileim.YWChannel.prepareImpl(YWChannel.java:253)
10-16 07:09:22.492 13070 13070 E AndroidRuntime: 	at com.alibaba.mobileim.YWAPI.init(YWAPI.java:52)
10-16 07:09:22.492 13070 13070 E AndroidRuntime: 	at com.comtop.mim.utils.LoginHelper.init(LoginHelper.java:23)
10-16 07:09:22.492 13070 13070 E AndroidRuntime: 	at com.comtop.mim.app.App.onCreate(App.java:82)
10-16 07:09:22.492 13070 13070 E AndroidRuntime: 	at android.app.Instrumentation.callApplicationOnCreate(Instrumentation.java:1030)
10-16 07:09:22.492 13070 13070 E AndroidRuntime: 	at android.app.ActivityThread.handleBindApplication(ActivityThread.java:4409)
10-16 07:09:22.492 13070 13070 E AndroidRuntime: 	... 10 more
10-16 07:09:22.505  1034  8208 I ActivityManager: Process com.comtop.mim:TcmsService (pid 13070) has died.
10-16 07:09:22.506  1034  8208 W ActivityManager: Service crashed 2 times, stopping: ServiceRecord{438fa6f8 u0 com.comtop.mim/com.alibaba.tcms.service.TCMSService}
10-16 07:10:00.001  1034  1085 V AlarmManager: sending alarm Alarm{430ad1f8 type 3 android}
10-16 07:10:32.899  1034  1085 V AlarmManager: sending alarm Alarm{43552a70 type 0 com.google.android.gms}
10-16 07:10:32.906  1034  1085 V AlarmManager: sending alarm Alarm{43551db0 type 0 com.tencent.mobileqq}
10-16 07:11:00.001  1034  1085 V AlarmManager: sending alarm Alarm{42f9bcd8 type 3 android}
10-16 07:11:26.451  1034  1085 V AlarmManager: sending alarm Alarm{42e16b08 type 2 com.tencent.mm}
10-16 07:11:26.463  1034  1061 I ProcessStatsService: Prepared write state in 4ms
10-16 07:11:26.467  1034  1061 I ProcessStatsService: Prepared write state in 3ms
10-16 07:12:00.002  1034  1085 V AlarmManager: sending alarm Alarm{42d10090 type 3 android}
10-16 07:13:00.001  1034  1085 V AlarmManager: sending alarm Alarm{42c40cc0 type 3 android}
10-16 07:13:55.097  1034  1085 V AlarmManager: sending alarm Alarm{42d118c8 type 2 com.google.android.talk}
10-16 07:13:55.117  1034  1085 V AlarmManager: sending alarm Alarm{42d0e568 type 3 com.xianguo.pad}
10-16 07:13:55.132  1034  1061 I ActivityManager: Start proc com.google.android.talk for broadcast com.google.android.talk/com.google.android.apps.babel.realtimechat.RealTimeChatService$AlarmReceiver: pid=13172 uid=10065 gids={50065, 3003, 1028, 1015, 3002}
10-16 07:13:55.135  1034  1085 V AlarmManager: sending alarm Alarm{42d0f158 type 3 com.xianguo.pad}
10-16 07:13:55.141  1034  1085 V AlarmManager: sending alarm Alarm{42d10010 type 3 com.xianguo.pad}
10-16 07:13:55.164  1034  1085 V AlarmManager: sending alarm Alarm{42d0dd30 type 3 android}
10-16 07:13:55.165  1034  1085 V AlarmManager: sending alarm Alarm{42d01ee8 type 2 com.google.android.gms}
10-16 07:13:55.166  1034  1085 V AlarmManager: sending alarm Alarm{42cfc068 type 3 com.tencent.mm}
10-16 07:13:55.167  1034  1085 V AlarmManager: sending alarm Alarm{42cf21c8 type 0 com.comtop.map}
10-16 07:13:55.247  1482 13202 W FileUtils: Failed to chmod(/storage/emulated/0/baidu/pushservice/database/pushstat_4.1.1.107.db): libcore.io.ErrnoException: chmod failed: EPERM (Operation not permitted)
10-16 07:13:55.285  1482 13202 W FileUtils: Failed to chmod(/storage/emulated/0/baidu/pushservice/database/pushstat_4.1.1.107.db): libcore.io.ErrnoException: chmod failed: EPERM (Operation not permitted)
10-16 07:13:55.298  1482 13202 W FileUtils: Failed to chmod(/storage/emulated/0/baidu/pushservice/database/pushstat_4.1.1.107.db): libcore.io.ErrnoException: chmod failed: EPERM (Operation not permitted)
10-16 07:13:55.316  1482 13202 W FileUtils: Failed to chmod(/storage/emulated/0/baidu/pushservice/database/pushstat_4.1.1.107.db): libcore.io.ErrnoException: chmod failed: EPERM (Operation not permitted)
10-16 07:13:55.328  1482 13202 W FileUtils: Failed to chmod(/storage/emulated/0/baidu/pushservice/database/pushstat_4.1.1.107.db): libcore.io.ErrnoException: chmod failed: EPERM (Operation not permitted)
10-16 07:13:55.337  1482 13202 W FileUtils: Failed to chmod(/storage/emulated/0/baidu/pushservice/database/pushstat_4.1.1.107.db): libcore.io.ErrnoException: chmod failed: EPERM (Operation not permitted)
10-16 07:13:55.346  1482 13202 W FileUtils: Failed to chmod(/storage/emulated/0/baidu/pushservice/database/pushstat_4.1.1.107.db): libcore.io.ErrnoException: chmod failed: EPERM (Operation not permitted)
10-16 07:13:55.357  1482 13202 W FileUtils: Failed to chmod(/storage/emulated/0/baidu/pushservice/database/pushlappv2.db): libcore.io.ErrnoException: chmod failed: EPERM (Operation not permitted)
10-16 07:13:55.447  1034  1333 I ActivityManager: Killing 12865:com.google.android.apps.magazines/u0a70 (adj 15): empty #9
10-16 07:13:55.449  1275  3952 W ContextImpl: Calling a method in the system process without a qualified user: android.app.ContextImpl.sendBroadcast:1252 android.content.ContextWrapper.sendBroadcast:365 com.motorola.motocare.util.TriggerHelper$TriggerBuilder.send:76 com.motorola.motocare.internal.frameworkevents.ProcessKillTrigger.sendTrigger:147 com.motorola.motocare.internal.frameworkevents.ProcessKillTrigger.handleFrameworkEvent:164 
10-16 07:14:00.002  1034  1085 V AlarmManager: sending alarm Alarm{42b5ec50 type 3 android}
10-16 07:15:00.001  1034  1085 V AlarmManager: sending alarm Alarm{4254be50 type 3 android}
10-16 07:15:01.001  1034  1085 V AlarmManager: sending alarm Alarm{4250ff60 type 1 com.android.deskclock}
10-16 07:15:01.040  1034  1061 I ActivityManager: Start proc com.android.deskclock for broadcast com.android.deskclock/com.android.alarmclock.DigitalAppWidgetProvider: pid=13254 uid=10012 gids={50012, 1028}
10-16 07:15:01.069  1034  1047 I ActivityManager: Killing 12742:android.process.media/u0a16 (adj 15): empty #9
10-16 07:15:01.072  1275  3952 W ContextImpl: Calling a method in the system process without a qualified user: android.app.ContextImpl.sendBroadcast:1252 android.content.ContextWrapper.sendBroadcast:365 com.motorola.motocare.util.TriggerHelper$TriggerBuilder.send:76 com.motorola.motocare.internal.frameworkevents.ProcessKillTrigger.sendTrigger:147 com.motorola.motocare.internal.frameworkevents.ProcessKillTrigger.handleFrameworkEvent:164 
10-16 07:15:01.265  1034  1085 V AlarmManager: sending alarm Alarm{4247c138 type 2 com.google.android.gms}
10-16 07:15:01.941  1034  1099 D ConnectivityService: handleInetConditionHoldEnd: net=1, condition=100, published condition=100
10-16 07:15:02.813  1034  1085 V AlarmManager: sending alarm Alarm{4317e338 type 1 com.netease.newsreader.activity}
10-16 07:15:03.852  1034  7582 W IntentResolver: resolveIntent: multiple matches, only some with CATEGORY_DEFAULT
10-16 07:15:03.860  1034  1047 I PackageManager: Adding preferred activity ComponentInfo{com.android.mms/com.android.mms.ui.ComposeMessageActivity} for user 0 :
10-16 07:15:03.905  1034  1048 W IntentResolver: resolveIntent: multiple matches, only some with CATEGORY_DEFAULT
10-16 07:15:03.907  1034  1333 I PackageManager: Adding preferred activity ComponentInfo{com.android.mms/com.android.mms.ui.ComposeMessageActivity} for user 0 :
10-16 07:15:03.931  1034  7580 W IntentResolver: resolveIntent: multiple matches, only some with CATEGORY_DEFAULT
10-16 07:15:03.933  1034  1313 I PackageManager: Adding preferred activity ComponentInfo{com.android.mms/com.android.mms.ui.ComposeMessageActivity} for user 0 :
10-16 07:15:03.956  1034  8208 W IntentResolver: resolveIntent: multiple matches, only some with CATEGORY_DEFAULT
10-16 07:15:03.957  1034  1312 I PackageManager: Adding preferred activity ComponentInfo{com.android.mms/com.android.mms.ui.ComposeMessageActivity} for user 0 :
10-16 07:15:03.994  1034  1333 W IntentResolver: resolveIntent: multiple matches, only some with CATEGORY_DEFAULT
10-16 07:15:04.005  1034  1198 I ActivityManager: Start proc com.motorola.MotGallery2 for broadcast com.motorola.MotGallery2/com.android.gallery3d.app.PackagesMonitor: pid=13294 uid=10031 gids={50031, 3003, 1028, 1015}
10-16 07:15:04.006  1034  1313 I PackageManager: Adding preferred activity ComponentInfo{com.android.mms/com.android.mms.ui.ComposeMessageActivity} for user 0 :
10-16 07:15:04.050  1034  1105 W IntentResolver: resolveIntent: multiple matches, only some with CATEGORY_DEFAULT
10-16 07:15:04.067  1034  8207 I PackageManager: Adding preferred activity ComponentInfo{com.android.mms/com.android.mms.ui.ComposeMessageActivity} for user 0 :
10-16 07:15:04.241  1034  1334 W IntentResolver: resolveIntent: multiple matches, only some with CATEGORY_DEFAULT
10-16 07:15:04.248  1034  1333 I PackageManager: Adding preferred activity ComponentInfo{com.android.mms/com.android.mms.ui.ComposeMessageActivity} for user 0 :
10-16 07:15:04.278  1034  1313 W IntentResolver: resolveIntent: multiple matches, only some with CATEGORY_DEFAULT
10-16 07:15:04.280  1034  1312 I PackageManager: Adding preferred activity ComponentInfo{com.android.mms/com.android.mms.ui.ComposeMessageActivity} for user 0 :
10-16 07:15:04.368  1034  3233 I ActivityManager: Killing 12926:sogou.mobile.explorer.hotwords/u0a171 (adj 15): empty #9
10-16 07:15:04.370  1275  3952 W ContextImpl: Calling a method in the system process without a qualified user: android.app.ContextImpl.sendBroadcast:1252 android.content.ContextWrapper.sendBroadcast:365 com.motorola.motocare.util.TriggerHelper$TriggerBuilder.send:76 com.motorola.motocare.internal.frameworkevents.ProcessKillTrigger.sendTrigger:147 com.motorola.motocare.internal.frameworkevents.ProcessKillTrigger.handleFrameworkEvent:164 
10-16 07:15:32.992  1034  1085 V AlarmManager: sending alarm Alarm{42e41b50 type 0 com.google.android.gms}
10-16 07:15:33.000  1034  1085 V AlarmManager: sending alarm Alarm{42e3ff08 type 0 com.tencent.mobileqq}
10-16 07:15:43.331  1034  1333 W IntentResolver: resolveIntent: multiple matches, only some with CATEGORY_DEFAULT
10-16 07:15:43.333  1034  8207 I PackageManager: Adding preferred activity ComponentInfo{com.android.mms/com.android.mms.ui.ComposeMessageActivity} for user 0 :
10-16 07:15:43.352  1034  1314 W IntentResolver: resolveIntent: multiple matches, only some with CATEGORY_DEFAULT
10-16 07:15:43.354  1034  7580 I PackageManager: Adding preferred activity ComponentInfo{com.android.mms/com.android.mms.ui.ComposeMessageActivity} for user 0 :
10-16 07:15:43.364  1034  8208 W IntentResolver: resolveIntent: multiple matches, only some with CATEGORY_DEFAULT
10-16 07:15:43.366  1034  2789 I PackageManager: Adding preferred activity ComponentInfo{com.android.mms/com.android.mms.ui.ComposeMessageActivity} for user 0 :
10-16 07:15:43.373  1034  3233 W IntentResolver: resolveIntent: multiple matches, only some with CATEGORY_DEFAULT
10-16 07:15:43.374  1034  3252 I PackageManager: Adding preferred activity ComponentInfo{com.android.mms/com.android.mms.ui.ComposeMessageActivity} for user 0 :
10-16 07:15:43.384  1034  1333 W IntentResolver: resolveIntent: multiple matches, only some with CATEGORY_DEFAULT
10-16 07:15:43.391  1034  8207 I PackageManager: Adding preferred activity ComponentInfo{com.android.mms/com.android.mms.ui.ComposeMessageActivity} for user 0 :
10-16 07:15:43.400  1034  1047 W IntentResolver: resolveIntent: multiple matches, only some with CATEGORY_DEFAULT
10-16 07:15:43.401  1034  8208 I PackageManager: Adding preferred activity ComponentInfo{com.android.mms/com.android.mms.ui.ComposeMessageActivity} for user 0 :
10-16 07:15:43.414  1034  3233 W IntentResolver: resolveIntent: multiple matches, only some with CATEGORY_DEFAULT
10-16 07:15:43.415  1034  3252 I PackageManager: Adding preferred activity ComponentInfo{com.android.mms/com.android.mms.ui.ComposeMessageActivity} for user 0 :
10-16 07:15:43.439  1034  1312 W IntentResolver: resolveIntent: multiple matches, only some with CATEGORY_DEFAULT
10-16 07:15:43.441  1034  1048 I PackageManager: Adding preferred activity ComponentInfo{com.android.mms/com.android.mms.ui.ComposeMessageActivity} for user 0 :
10-16 07:15:48.016  1034  1061 I ActivityManager: Waited long enough for: ServiceRecord{432e3a18 u0 com.google.android.gms/.checkin.CheckinService}
10-16 07:16:00.002  1034  1085 V AlarmManager: sending alarm Alarm{42e3f8b8 type 3 android}
10-16 07:17:00.001  1034  1085 V AlarmManager: sending alarm Alarm{43c39288 type 3 android}
10-16 07:18:00.002  1034  1085 V AlarmManager: sending alarm Alarm{43b5ab40 type 3 android}
10-16 07:18:20.641  1034  1085 V AlarmManager: sending alarm Alarm{42e3d9b8 type 2 android}
10-16 07:18:20.645  1034  1099 D ConnectivityService: Sampling interval elapsed, updating statistics ..
10-16 07:18:20.657  1034  1085 V AlarmManager: sending alarm Alarm{42e28c78 type 0 android}
10-16 07:18:20.658  1034  1034 V BackupManagerService: Running a backup pass
10-16 07:18:20.665  1034  1099 D ConnectivityService: Done.
10-16 07:18:20.665  1034  1107 V BackupManagerService: clearing pending backups
10-16 07:18:20.666  1034  1099 D ConnectivityService: Setting timer for 720seconds
10-16 07:18:20.667  1034  1107 V PerformBackupTask: Beginning backup of 11 targets
10-16 07:18:20.671  1034  1107 D PerformBackupTask: invokeAgentForBackup on @pm@
10-16 07:18:20.681  1034  1107 D BackupManagerService: Now staging backup of com.android.calendar
10-16 07:18:20.761  1034  1107 D BackupManagerService: Now staging backup of com.google.android.googlequicksearchbox
10-16 07:18:20.773  1034  1107 D BackupManagerService: Now staging backup of com.android.vending
10-16 07:18:20.784  1034  1107 D BackupManagerService: Now staging backup of com.google.android.talk
10-16 07:18:20.790  1034  1107 D BackupManagerService: Now staging backup of android
10-16 07:18:20.795  1034  1107 D BackupManagerService: Now staging backup of com.google.android.marvin.talkback
10-16 07:18:20.799  1034  1107 D BackupManagerService: Now staging backup of com.android.dialer
10-16 07:18:20.804  1034  1107 D BackupManagerService: Now staging backup of com.android.providers.userdictionary
10-16 07:18:20.808  1034  1107 D BackupManagerService: Now staging backup of com.android.sharedstoragebackup
10-16 07:18:20.813  1034  1107 D BackupManagerService: Now staging backup of com.google.android.gm
10-16 07:18:20.817  1034  1107 D BackupManagerService: Now staging backup of com.android.providers.settings
10-16 07:18:20.830  1034  1085 V AlarmManager: sending alarm Alarm{43a025f8 type 0 android}
10-16 07:18:20.831  1034  1034 I BackupManagerService: Backup time but one already running
10-16 07:18:20.833  1034  1107 I PerformBackupTask: Backup pass finished.
10-16 07:18:33.985  1034  8208 I ActivityManager: Start proc com.google.android.gms.unstable for service com.google.android.gms/.droidguard.DroidGuardService: pid=13388 uid=10020 gids={50020, 3007, 2001, 3003, 1007, 3006, 3002, 3001, 1028, 1015}
10-16 07:19:00.000  1034  1085 V AlarmManager: sending alarm Alarm{439f75a8 type 3 android}
10-16 07:19:10.258  1034  1105 I ActivityManager: Killing 12944:fq.router2/u0a167 (adj 15): empty #9
10-16 07:19:10.263  1275  3952 W ContextImpl: Calling a method in the system process without a qualified user: android.app.ContextImpl.sendBroadcast:1252 android.content.ContextWrapper.sendBroadcast:365 com.motorola.motocare.util.TriggerHelper$TriggerBuilder.send:76 com.motorola.motocare.internal.frameworkevents.ProcessKillTrigger.sendTrigger:147 com.motorola.motocare.internal.frameworkevents.ProcessKillTrigger.handleFrameworkEvent:164 
10-16 07:20:00.001  1034  1085 V AlarmManager: sending alarm Alarm{42d946f8 type 3 android}
10-16 07:20:33.049  1034  1085 V AlarmManager: sending alarm Alarm{42a55248 type 3 com.tencent.mm}
10-16 07:20:33.055  1034  1085 V AlarmManager: sending alarm Alarm{42a544c8 type 0 com.tencent.mobileqq}
10-16 07:21:00.001  1034  1085 V AlarmManager: sending alarm Alarm{42a53b98 type 3 android}
10-16 07:22:00.001  1034  1085 V AlarmManager: sending alarm Alarm{42eaee60 type 3 android}
10-16 07:23:00.001  1034  1085 V AlarmManager: sending alarm Alarm{42c15d38 type 3 android}
10-16 07:24:00.001  1034  1085 V AlarmManager: sending alarm Alarm{42ca5b90 type 3 android}
10-16 07:25:00.001  1034  1085 V AlarmManager: sending alarm Alarm{42183540 type 3 android}
10-16 07:25:23.530  1034  1085 V AlarmManager: sending alarm Alarm{42cdc4f8 type 2 com.motorola.ccc.cce}
10-16 07:25:23.531  1034  1085 V AlarmManager: sending alarm Alarm{42cd85e0 type 0 com.comtop.map}
10-16 07:25:23.536  1034  1085 V AlarmManager: sending alarm Alarm{42cd53a8 type 0 com.tencent.mm}
10-16 07:25:23.537  1034  1085 V AlarmManager: sending alarm Alarm{42cd0098 type 1 com.netease.newsreader.activity}
10-16 07:25:23.639  1482 13506 W FileUtils: Failed to chmod(/storage/emulated/0/baidu/pushservice/database/pushstat_4.1.1.107.db): libcore.io.ErrnoException: chmod failed: EPERM (Operation not permitted)
10-16 07:25:23.644  1034  1048 I ActivityManager: Killing 12958:com.diune.pictures/u0a317 (adj 15): empty #9
10-16 07:25:23.646  1275  3952 W ContextImpl: Calling a method in the system process without a qualified user: android.app.ContextImpl.sendBroadcast:1252 android.content.ContextWrapper.sendBroadcast:365 com.motorola.motocare.util.TriggerHelper$TriggerBuilder.send:76 com.motorola.motocare.internal.frameworkevents.ProcessKillTrigger.sendTrigger:147 com.motorola.motocare.internal.frameworkevents.ProcessKillTrigger.handleFrameworkEvent:164 
10-16 07:25:23.665  1482 13506 W FileUtils: Failed to chmod(/storage/emulated/0/baidu/pushservice/database/pushstat_4.1.1.107.db): libcore.io.ErrnoException: chmod failed: EPERM (Operation not permitted)
10-16 07:25:23.674  1482 13506 W FileUtils: Failed to chmod(/storage/emulated/0/baidu/pushservice/database/pushstat_4.1.1.107.db): libcore.io.ErrnoException: chmod failed: EPERM (Operation not permitted)
10-16 07:25:23.683  1482 13506 W FileUtils: Failed to chmod(/storage/emulated/0/baidu/pushservice/database/pushstat_4.1.1.107.db): libcore.io.ErrnoException: chmod failed: EPERM (Operation not permitted)
10-16 07:25:23.693  1482 13506 W FileUtils: Failed to chmod(/storage/emulated/0/baidu/pushservice/database/pushstat_4.1.1.107.db): libcore.io.ErrnoException: chmod failed: EPERM (Operation not permitted)
10-16 07:25:23.702  1482 13506 W FileUtils: Failed to chmod(/storage/emulated/0/baidu/pushservice/database/pushstat_4.1.1.107.db): libcore.io.ErrnoException: chmod failed: EPERM (Operation not permitted)
10-16 07:25:23.711  1482 13506 W FileUtils: Failed to chmod(/storage/emulated/0/baidu/pushservice/database/pushstat_4.1.1.107.db): libcore.io.ErrnoException: chmod failed: EPERM (Operation not permitted)
10-16 07:25:23.724  1482 13506 W FileUtils: Failed to chmod(/storage/emulated/0/baidu/pushservice/database/pushlappv2.db): libcore.io.ErrnoException: chmod failed: EPERM (Operation not permitted)
10-16 07:25:33.153  1034  1085 V AlarmManager: sending alarm Alarm{4215c1b8 type 3 com.tencent.mm}
10-16 07:25:33.157  1034  1085 V AlarmManager: sending alarm Alarm{4215bc68 type 0 com.tencent.mobileqq}
10-16 07:25:56.949  1034  1085 V AlarmManager: sending alarm Alarm{4215bcb8 type 2 com.tencent.mm}
10-16 07:25:56.950  1034  1085 V AlarmManager: sending alarm Alarm{4214b6e8 type 0 com.google.android.gms}
10-16 07:26:00.001  1034  1085 V AlarmManager: sending alarm Alarm{42d247e8 type 3 android}
10-16 07:26:06.159  1034  2789 W IntentResolver: resolveIntent: multiple matches, only some with CATEGORY_DEFAULT
10-16 07:26:06.160  1034  3233 I PackageManager: Adding preferred activity ComponentInfo{com.android.mms/com.android.mms.ui.ComposeMessageActivity} for user 0 :
10-16 07:26:06.173  1034  8208 W IntentResolver: resolveIntent: multiple matches, only some with CATEGORY_DEFAULT
10-16 07:26:06.179  1034  7580 I PackageManager: Adding preferred activity ComponentInfo{com.android.mms/com.android.mms.ui.ComposeMessageActivity} for user 0 :
10-16 07:26:06.204  1034  1048 W IntentResolver: resolveIntent: multiple matches, only some with CATEGORY_DEFAULT
10-16 07:26:06.206  1034  1314 I PackageManager: Adding preferred activity ComponentInfo{com.android.mms/com.android.mms.ui.ComposeMessageActivity} for user 0 :
10-16 07:26:06.231  1034  8207 W IntentResolver: resolveIntent: multiple matches, only some with CATEGORY_DEFAULT
10-16 07:26:06.233  1034  7582 I PackageManager: Adding preferred activity ComponentInfo{com.android.mms/com.android.mms.ui.ComposeMessageActivity} for user 0 :
10-16 07:26:06.243  1034  1048 W IntentResolver: resolveIntent: multiple matches, only some with CATEGORY_DEFAULT
10-16 07:26:06.246  1034  1314 I PackageManager: Adding preferred activity ComponentInfo{com.android.mms/com.android.mms.ui.ComposeMessageActivity} for user 0 :
10-16 07:26:06.254  1034  7580 W IntentResolver: resolveIntent: multiple matches, only some with CATEGORY_DEFAULT
10-16 07:26:06.256  1034  1312 I PackageManager: Adding preferred activity ComponentInfo{com.android.mms/com.android.mms.ui.ComposeMessageActivity} for user 0 :
10-16 07:26:06.316  1034  3252 W IntentResolver: resolveIntent: multiple matches, only some with CATEGORY_DEFAULT
10-16 07:26:06.318  1034  3233 I PackageManager: Adding preferred activity ComponentInfo{com.android.mms/com.android.mms.ui.ComposeMessageActivity} for user 0 :
10-16 07:26:06.327  1034  1048 W IntentResolver: resolveIntent: multiple matches, only some with CATEGORY_DEFAULT
10-16 07:26:06.328  1034  8208 I PackageManager: Adding preferred activity ComponentInfo{com.android.mms/com.android.mms.ui.ComposeMessageActivity} for user 0 :
10-16 07:26:11.965  1034  1061 I ActivityManager: Waited long enough for: ServiceRecord{438398f8 u0 com.google.android.gms/.checkin.CheckinService}
10-16 07:27:00.002  1034  1085 V AlarmManager: sending alarm Alarm{42ce2ee0 type 3 android}
10-16 07:28:00.001  1034  1085 V AlarmManager: sending alarm Alarm{42a31dc0 type 3 android}
10-16 07:29:00.001  1034  1085 V AlarmManager: sending alarm Alarm{43088f98 type 3 android}
10-16 07:30:00.002  1034  1085 V AlarmManager: sending alarm Alarm{42b06f90 type 3 android}
10-16 07:30:01.003  1034  1085 V AlarmManager: sending alarm Alarm{43183eb0 type 3 com.tencent.mm}
10-16 07:30:01.009  1034  1085 V AlarmManager: sending alarm Alarm{43183f88 type 3 com.tencent.mobileqq}
10-16 07:30:01.011  1034  1085 V AlarmManager: sending alarm Alarm{43183fd8 type 0 com.motorola.motocare}
10-16 07:30:01.014  1034  1085 V AlarmManager: sending alarm Alarm{431af760 type 1 com.android.deskclock}
10-16 07:30:33.269  1034  1085 V AlarmManager: sending alarm Alarm{431af7b0 type 2 com.google.android.gms}
10-16 07:30:33.284  1034  1085 V AlarmManager: sending alarm Alarm{431af888 type 2 android}
10-16 07:30:33.285  1034  1085 V AlarmManager: sending alarm Alarm{431c9dc0 type 0 com.tencent.mobileqq}
10-16 07:30:33.289  1034  1099 D ConnectivityService: Sampling interval elapsed, updating statistics ..
10-16 07:30:33.305  1034  1099 D ConnectivityService: Done.
10-16 07:30:33.305  1034  1099 D ConnectivityService: Setting timer for 720seconds
10-16 07:30:33.832  1034  1099 D ConnectivityService: handleInetConditionHoldEnd: net=1, condition=100, published condition=100
10-16 07:31:00.001  1034  1085 V AlarmManager: sending alarm Alarm{438fa980 type 3 android}
10-16 07:31:54.894  1034  1098 D WifiService: New client listening to asynchronous messages
10-16 07:32:00.002  1034  1085 V AlarmManager: sending alarm Alarm{42f7a430 type 3 android}
10-16 07:32:29.226  1034  1333 I ActivityManager: Start proc android.process.media for content provider com.android.providers.media/.MediaProvider: pid=13953 uid=10016 gids={50016, 1028, 1015, 1023, 1024, 2001, 3003, 3007}
10-16 07:32:29.381 13953 13953 I openssl : Crypto mode not selected, openssl will run on its regular mode.
10-16 07:32:29.381 13953 13953 I openssl : Crypto mode 0 already enabled
10-16 07:33:00.002  1034  1085 V AlarmManager: sending alarm Alarm{43547a40 type 3 android}
10-16 07:34:00.001  1034  1085 V AlarmManager: sending alarm Alarm{42ef3d08 type 3 android}
10-16 07:35:00.001  1034  1085 V AlarmManager: sending alarm Alarm{42c8e630 type 3 android}
10-16 07:35:33.356  1034  1085 V AlarmManager: sending alarm Alarm{43512f20 type 3 com.tencent.mm}
10-16 07:35:33.362  1034  1085 V AlarmManager: sending alarm Alarm{43512cd0 type 0 com.comtop.map}
10-16 07:35:33.375  1034  1085 V AlarmManager: sending alarm Alarm{4350b868 type 1 com.netease.newsreader.activity}
10-16 07:35:33.379  1034  1085 V AlarmManager: sending alarm Alarm{435078d0 type 0 com.tencent.mobileqq}
10-16 07:35:33.462  1482 14032 W FileUtils: Failed to chmod(/storage/emulated/0/baidu/pushservice/database/pushstat_4.1.1.107.db): libcore.io.ErrnoException: chmod failed: EPERM (Operation not permitted)
10-16 07:35:33.489  1482 14032 W FileUtils: Failed to chmod(/storage/emulated/0/baidu/pushservice/database/pushstat_4.1.1.107.db): libcore.io.ErrnoException: chmod failed: EPERM (Operation not permitted)
10-16 07:35:33.497  1482 14032 W FileUtils: Failed to chmod(/storage/emulated/0/baidu/pushservice/database/pushstat_4.1.1.107.db): libcore.io.ErrnoException: chmod failed: EPERM (Operation not permitted)
10-16 07:35:33.506  1482 14032 W FileUtils: Failed to chmod(/storage/emulated/0/baidu/pushservice/database/pushstat_4.1.1.107.db): libcore.io.ErrnoException: chmod failed: EPERM (Operation not permitted)
10-16 07:35:33.517  1482 14032 W FileUtils: Failed to chmod(/storage/emulated/0/baidu/pushservice/database/pushstat_4.1.1.107.db): libcore.io.ErrnoException: chmod failed: EPERM (Operation not permitted)
10-16 07:35:33.525  1482 14032 W FileUtils: Failed to chmod(/storage/emulated/0/baidu/pushservice/database/pushstat_4.1.1.107.db): libcore.io.ErrnoException: chmod failed: EPERM (Operation not permitted)
10-16 07:35:33.534  1482 14032 W FileUtils: Failed to chmod(/storage/emulated/0/baidu/pushservice/database/pushstat_4.1.1.107.db): libcore.io.ErrnoException: chmod failed: EPERM (Operation not permitted)
10-16 07:35:33.545  1482 14032 W FileUtils: Failed to chmod(/storage/emulated/0/baidu/pushservice/database/pushlappv2.db): libcore.io.ErrnoException: chmod failed: EPERM (Operation not permitted)
10-16 07:35:40.324  1034  1048 W ActivityManager: Unable to start service Intent { act=com.sogouchat.im.IMsgService cmp=com.sogouchat/.os.MsgService } U=0: not found
10-16 07:37:58.942  1034  1085 V AlarmManager: sending alarm Alarm{42587d60 type 3 android}
10-16 07:37:58.955  1034  1085 V AlarmManager: sending alarm Alarm{42612388 type 0 com.google.android.gms}
10-16 07:37:58.956  1034  1085 V AlarmManager: sending alarm Alarm{4257e7b0 type 0 com.tencent.mobileqq}
10-16 07:38:00.001  1034  1085 V AlarmManager: sending alarm Alarm{42dda5d0 type 3 android}
10-16 07:38:08.929  1034  8207 W IntentResolver: resolveIntent: multiple matches, only some with CATEGORY_DEFAULT
10-16 07:38:08.931  1034  3233 I PackageManager: Adding preferred activity ComponentInfo{com.android.mms/com.android.mms.ui.ComposeMessageActivity} for user 0 :
10-16 07:38:08.952  1034  8208 W IntentResolver: resolveIntent: multiple matches, only some with CATEGORY_DEFAULT
10-16 07:38:08.953  1034  2789 I PackageManager: Adding preferred activity ComponentInfo{com.android.mms/com.android.mms.ui.ComposeMessageActivity} for user 0 :
10-16 07:38:08.965  1034  1047 W IntentResolver: resolveIntent: multiple matches, only some with CATEGORY_DEFAULT
10-16 07:38:08.968  1034  1313 I PackageManager: Adding preferred activity ComponentInfo{com.android.mms/com.android.mms.ui.ComposeMessageActivity} for user 0 :
10-16 07:38:08.983  1034  1312 W IntentResolver: resolveIntent: multiple matches, only some with CATEGORY_DEFAULT
10-16 07:38:08.984  1034  1048 I PackageManager: Adding preferred activity ComponentInfo{com.android.mms/com.android.mms.ui.ComposeMessageActivity} for user 0 :
10-16 07:38:09.005  1034  1334 W IntentResolver: resolveIntent: multiple matches, only some with CATEGORY_DEFAULT
10-16 07:38:09.006  1034  8207 I PackageManager: Adding preferred activity ComponentInfo{com.android.mms/com.android.mms.ui.ComposeMessageActivity} for user 0 :
10-16 07:38:09.017  1034  3252 W IntentResolver: resolveIntent: multiple matches, only some with CATEGORY_DEFAULT
10-16 07:38:09.019  1034  1312 I PackageManager: Adding preferred activity ComponentInfo{com.android.mms/com.android.mms.ui.ComposeMessageActivity} for user 0 :
10-16 07:38:09.039  1034  1105 W IntentResolver: resolveIntent: multiple matches, only some with CATEGORY_DEFAULT
10-16 07:38:09.041  1034  8207 I PackageManager: Adding preferred activity ComponentInfo{com.android.mms/com.android.mms.ui.ComposeMessageActivity} for user 0 :
10-16 07:38:09.056  1034  3233 W IntentResolver: resolveIntent: multiple matches, only some with CATEGORY_DEFAULT
10-16 07:38:09.058  1034  2789 I PackageManager: Adding preferred activity ComponentInfo{com.android.mms/com.android.mms.ui.ComposeMessageActivity} for user 0 :
10-16 07:38:14.013  1034  1061 I ActivityManager: Waited long enough for: ServiceRecord{43c42540 u0 com.google.android.gms/.checkin.CheckinService}
10-16 07:39:00.001  1034  1085 V AlarmManager: sending alarm Alarm{42c56dc8 type 3 android}
10-16 07:40:00.001  1034  1085 V AlarmManager: sending alarm Alarm{42dbffa0 type 3 android}
10-16 07:40:27.005  1034  1085 V AlarmManager: sending alarm Alarm{42ca7778 type 3 com.tencent.mm}
10-16 07:40:27.007  1034  1085 V AlarmManager: sending alarm Alarm{42d0aeb8 type 2 com.tencent.mm}
10-16 07:40:27.008  1034  1085 V AlarmManager: sending alarm Alarm{42d9e4b0 type 0 com.tencent.mm}
10-16 07:40:59.999  1034  1085 V AlarmManager: sending alarm Alarm{42cd8748 type 3 android}
10-16 07:42:00.001  1034  1085 V AlarmManager: sending alarm Alarm{4318ee88 type 3 android}
10-16 07:42:49.532  1034  1105 W ActivityManager: Unable to start service Intent { act=com.sogou.pushservice.action.RESTART_PUSH cmp=/com.sogou.udp.push.PushService } U=0: not found
10-16 07:42:49.566  1034  7582 W ActivityManager: Unable to start service Intent { act=com.sogou.pushservice.action.METHOD cmp=/com.sogou.udp.push.PushService (has extras) } U=0: not found
10-16 07:42:49.573  1034  1198 W ActivityManager: Unable to start service Intent { act=com.sogou.pushservice.action.METHOD cmp=/com.sogou.udp.push.PushService (has extras) } U=0: not found
10-16 07:42:49.580  1034  1333 W ActivityManager: Unable to start service Intent { act=com.sogou.pushservice.action.METHOD cmp=/com.sogou.udp.push.PushService (has extras) } U=0: not found
10-16 07:42:49.594  1034  7580 W ActivityManager: Unable to start service Intent { act=com.sogou.pushservice.action.METHOD cmp=/com.sogou.udp.push.PushService (has extras) } U=0: not found
10-16 07:42:49.601  1034  3252 W ActivityManager: Unable to start service Intent { act=com.sohu.push.action.PUSH_SERVICE pkg=com.sohu.newsclient (has extras) } U=0: not found
10-16 07:42:59.007  1034  1085 V AlarmManager: sending alarm Alarm{42cdd060 type 3 com.xianguo.pad}
10-16 07:42:59.023  1034  1085 V AlarmManager: sending alarm Alarm{42cdd0b0 type 2 android}
10-16 07:42:59.026  1034  1085 V AlarmManager: sending alarm Alarm{42ce6cd0 type 3 android}
10-16 07:42:59.032  1034  1085 V AlarmManager: sending alarm Alarm{42cbb908 type 0 com.google.android.gms}
10-16 07:42:59.034  1034  1085 V AlarmManager: sending alarm Alarm{42ce6d20 type 0 com.tencent.mobileqq}
10-16 07:42:59.040  1034  1099 D ConnectivityService: Sampling interval elapsed, updating statistics ..
10-16 07:42:59.054  1034  1099 D ConnectivityService: Done.
10-16 07:42:59.055  1034  1099 D ConnectivityService: Setting timer for 720seconds
10-16 07:43:00.002  1034  1085 V AlarmManager: sending alarm Alarm{43c21fa0 type 3 android}
10-16 07:44:00.001  1034  1085 V AlarmManager: sending alarm Alarm{4355d2c0 type 3 android}
10-16 07:44:47.405  1034  1034 V ConnectivityService: WiFi NOT Tethered!
10-16 07:44:47.418  1034  1094 D WifiP2pService: InactiveState{ when=-1ms what=143375 target=com.android.internal.util.StateMachine$SmHandler }
10-16 07:44:47.418  1034  1094 D WifiP2pService: P2pEnabledState{ when=-1ms what=143375 target=com.android.internal.util.StateMachine$SmHandler }
10-16 07:44:47.455  1034  1099 D ConnectivityService: ConnectivityChange for WIFI: DISCONNECTED/DISCONNECTED
10-16 07:44:47.456  1034  1099 D ConnectivityService: tryFailover: set mActiveDefaultNetwork=-1, prevNetType=1
10-16 07:44:47.464  1034  1099 D ConnectivityService: Attempting to switch to mobile
10-16 07:44:47.464  1034  1099 D ConnectivityService: Attempting to switch to BLUETOOTH_TETHER
10-16 07:44:47.464  1034  1099 D ConnectivityService: Attempting to switch to ETHERNET
10-16 07:44:47.475  1034  1094 D WifiP2pService: InactiveState{ when=-1ms what=143375 target=com.android.internal.util.StateMachine$SmHandler }
10-16 07:44:47.476  1034  1094 D WifiP2pService: P2pEnabledState{ when=-2ms what=143375 target=com.android.internal.util.StateMachine$SmHandler }
10-16 07:44:47.488  1034  1099 D ConnectivityService: resetConnections(wlan0, 3)
10-16 07:44:47.580  1034  1094 D WifiP2pService: InactiveState{ when=0 what=143376 obj=US target=com.android.internal.util.StateMachine$SmHandler }
10-16 07:44:47.581  1034  1094 D WifiP2pService: P2pEnabledState{ when=0 what=143376 obj=US target=com.android.internal.util.StateMachine$SmHandler }
10-16 07:44:48.039  1034  1094 D WifiP2pService: InactiveState{ when=-1ms what=147461 target=com.android.internal.util.StateMachine$SmHandler }
10-16 07:44:48.039  1034  1094 D WifiP2pService: P2pEnabledState{ when=-1ms what=147461 target=com.android.internal.util.StateMachine$SmHandler }
10-16 07:44:48.039  1034  1094 D WifiP2pService: DefaultState{ when=-1ms what=147461 target=com.android.internal.util.StateMachine$SmHandler }
10-16 07:44:48.053  1034  1099 D Nat464Xlat: requiresClat: netType=1, hasIPv4Address=false
10-16 07:44:48.054  1034  1099 D ConnectivityService: ConnectivityChange for WIFI: DISCONNECTED/DISCONNECTED
10-16 07:44:48.074  1034  1099 D ConnectivityService: Attempting to switch to mobile
10-16 07:44:48.089  1034  1047 W BackupManagerService: dataChanged but no participant pkg='com.android.providers.settings' uid=10292
10-16 07:44:48.093  1034  1099 D ConnectivityService: Attempting to switch to BLUETOOTH_TETHER
10-16 07:44:48.093  1034  1099 D ConnectivityService: Attempting to switch to ETHERNET
10-16 07:44:48.096  1034  1099 D Nat464Xlat: requiresClat: netType=1, hasIPv4Address=false
10-16 07:44:48.097  1034  1099 D ConnectivityService: handleInetConditionChange: no active default network - ignore
10-16 07:44:48.121  1034  1061 I ProcessStatsService: Prepared write state in 10ms
10-16 07:44:48.178  1034  1047 I ActivityManager: Killing 13254:com.android.deskclock/u0a12 (adj 15): empty #9
10-16 07:44:48.181  1275  3952 W ContextImpl: Calling a method in the system process without a qualified user: android.app.ContextImpl.sendBroadcast:1252 android.content.ContextWrapper.sendBroadcast:365 com.motorola.motocare.util.TriggerHelper$TriggerBuilder.send:76 com.motorola.motocare.internal.frameworkevents.ProcessKillTrigger.sendTrigger:147 com.motorola.motocare.internal.frameworkevents.ProcessKillTrigger.handleFrameworkEvent:164 
10-16 07:44:48.290  1034  1063 I ProcessStatsService: Pruning old procstats: /data/system/procstats/state-2015-10-15-02-31-00.bin
10-16 07:44:48.778  1034  1085 V AlarmManager: sending alarm Alarm{42590260 type 2 com.tencent.mm}
10-16 07:44:51.085  1034  1244 D ConnectivityService: setProvNotificationVisible: E visible=false networkType=1 extraInfo=null url=null
10-16 07:44:51.135  1482 14320 W FileUtils: Failed to chmod(/storage/emulated/0/baidu/pushservice/database/pushstat_4.1.1.107.db): libcore.io.ErrnoException: chmod failed: EPERM (Operation not permitted)
10-16 07:44:51.145  1878  1878 E ActivityThread: Failed to find provider info for com.motorola.blur.setupprovider
10-16 07:44:51.220  1878  1878 E ActivityThread: Failed to find provider info for com.motorola.blur.setupprovider
10-16 07:44:51.236  1034  1105 I ActivityManager: Start proc com.comtop.mim:TcmsService for service com.comtop.mim/com.alibaba.tcms.service.TCMSService: pid=14335 uid=10722 gids={50722, 3003, 1028, 1015}
10-16 07:44:51.291  1034  8207 I ActivityManager: Start proc com.android.mms for broadcast com.android.mms/.transaction.MmsSystemEventReceiver: pid=14347 uid=10028 gids={50028, 3003, 1028, 1015}
10-16 07:44:51.297  1034  1048 W BackupManagerService: dataChanged but no participant pkg='com.android.providers.settings' uid=10292
10-16 07:44:51.340  1034  3252 W BackupManagerService: dataChanged but no participant pkg='com.android.providers.settings' uid=10292
10-16 07:44:51.410  1034  1048 I ActivityManager: Start proc com.google.android.setupwizard for broadcast com.google.android.setupwizard/.MobileConnectivityChangeReceiver: pid=14372 uid=10038 gids={50038, 3003}
10-16 07:44:51.411  1034  1048 I ActivityManager: Killing 13172:com.google.android.talk/u0a65 (adj 15): empty #9
10-16 07:44:51.413  1275  3952 W ContextImpl: Calling a method in the system process without a qualified user: android.app.ContextImpl.sendBroadcast:1252 android.content.ContextWrapper.sendBroadcast:365 com.motorola.motocare.util.TriggerHelper$TriggerBuilder.send:76 com.motorola.motocare.internal.frameworkevents.ProcessKillTrigger.sendTrigger:147 com.motorola.motocare.internal.frameworkevents.ProcessKillTrigger.handleFrameworkEvent:164 
10-16 07:44:51.468  1034  7580 I ActivityManager: Start proc com.android.chrome for broadcast com.android.chrome/com.google.android.apps.chrome.precache.PrecacheServiceLauncher: pid=14407 uid=10052 gids={50052, 3003, 1028, 1015}
10-16 07:44:51.469  1034  7580 I ActivityManager: Killing 13294:com.motorola.MotGallery2/u0a31 (adj 15): empty #9
10-16 07:44:51.471  1275  3952 W ContextImpl: Calling a method in the system process without a qualified user: android.app.ContextImpl.sendBroadcast:1252 android.content.ContextWrapper.sendBroadcast:365 com.motorola.motocare.util.TriggerHelper$TriggerBuilder.send:76 com.motorola.motocare.internal.frameworkevents.ProcessKillTrigger.sendTrigger:147 com.motorola.motocare.internal.frameworkevents.ProcessKillTrigger.handleFrameworkEvent:164 
10-16 07:44:51.538 14335 14335 E AndroidRuntime: FATAL EXCEPTION: main
10-16 07:44:51.538 14335 14335 E AndroidRuntime: Process: com.comtop.mim:TcmsService, PID: 14335
10-16 07:44:51.538 14335 14335 E AndroidRuntime: java.lang.RuntimeException: Unable to create application com.comtop.mim.app.App: java.lang.RuntimeException: can't get inetmode.
10-16 07:44:51.538 14335 14335 E AndroidRuntime: 	at android.app.ActivityThread.handleBindApplication(ActivityThread.java:4412)
10-16 07:44:51.538 14335 14335 E AndroidRuntime: 	at android.app.ActivityThread.access$1500(ActivityThread.java:139)
10-16 07:44:51.538 14335 14335 E AndroidRuntime: 	at android.app.ActivityThread$H.handleMessage(ActivityThread.java:1270)
10-16 07:44:51.538 14335 14335 E AndroidRuntime: 	at android.os.Handler.dispatchMessage(Handler.java:102)
10-16 07:44:51.538 14335 14335 E AndroidRuntime: 	at android.os.Looper.loop(Looper.java:136)
10-16 07:44:51.538 14335 14335 E AndroidRuntime: 	at android.app.ActivityThread.main(ActivityThread.java:5086)
10-16 07:44:51.538 14335 14335 E AndroidRuntime: 	at java.lang.reflect.Method.invokeNative(Native Method)
10-16 07:44:51.538 14335 14335 E AndroidRuntime: 	at java.lang.reflect.Method.invoke(Method.java:515)
10-16 07:44:51.538 14335 14335 E AndroidRuntime: 	at com.android.internal.os.ZygoteInit$MethodAndArgsCaller.run(ZygoteInit.java:785)
10-16 07:44:51.538 14335 14335 E AndroidRuntime: 	at com.android.internal.os.ZygoteInit.main(ZygoteInit.java:601)
10-16 07:44:51.538 14335 14335 E AndroidRuntime: 	at dalvik.system.NativeStart.main(Native Method)
10-16 07:44:51.538 14335 14335 E AndroidRuntime: Caused by: java.lang.RuntimeException: can't get inetmode.
10-16 07:44:51.538 14335 14335 E AndroidRuntime: 	at com.alibaba.mobileim.channel.service.InetIO.java_nGetInetMode(InetIO.java:959)
10-16 07:44:51.538 14335 14335 E AndroidRuntime: 	at com.alibaba.mobileim.channel.IMChannel.prepareInternal(IMChannel.java:204)
10-16 07:44:51.538 14335 14335 E AndroidRuntime: 	at com.alibaba.mobileim.channel.IMChannel.prepare(IMChannel.java:143)
10-16 07:44:51.538 14335 14335 E AndroidRuntime: 	at com.alibaba.mobileim.YWChannel.prepareImpl(YWChannel.java:253)
10-16 07:44:51.538 14335 14335 E AndroidRuntime: 	at com.alibaba.mobileim.YWAPI.init(YWAPI.java:52)
10-16 07:44:51.538 14335 14335 E AndroidRuntime: 	at com.comtop.mim.utils.LoginHelper.init(LoginHelper.java:23)
10-16 07:44:51.538 14335 14335 E AndroidRuntime: 	at com.comtop.mim.app.App.onCreate(App.java:82)
10-16 07:44:51.538 14335 14335 E AndroidRuntime: 	at android.app.Instrumentation.callApplicationOnCreate(Instrumentation.java:1030)
10-16 07:44:51.538 14335 14335 E AndroidRuntime: 	at android.app.ActivityThread.handleBindApplication(ActivityThread.java:4409)
10-16 07:44:51.538 14335 14335 E AndroidRuntime: 	... 10 more
10-16 07:44:51.550  1034  8208 I ActivityManager: Process com.comtop.mim:TcmsService (pid 14335) has died.
10-16 07:44:51.551  1034  8208 W ActivityManager: Scheduling restart of crashed service com.comtop.mim/com.alibaba.tcms.service.TCMSService in 1000ms
10-16 07:44:51.584  1034  1105 I ActivityManager: Start proc com.google.android.apps.magazines for broadcast com.google.android.apps.magazines/com.google.apps.dots.android.newsstand.appwidget.NewsWidgetProvider: pid=14426 uid=10070 gids={50070, 3003, 1028, 1015}
10-16 07:44:51.586  1034  1105 I ActivityManager: Killing 13388:com.google.android.gms.unstable/u0a20 (adj 15): empty #9
