10-30 17:47:52.763 11988-11988/com.comtop.mim D/ConversationAdapter: message = Message{mMsgId=6269105457933920313, atFlag=0, direction=1, mContent='来来来', mCvsId='null', isAtMsgAck=false, atMsgAckSendId='null', atMsgAckUUid='null', isAtMsgHasRead=false, mTime=1446176670, mAuthorId='idvj1r4l00015089328c5855', mAuthorName='null', atUserList=null}
10-30 17:47:52.766 11988-11988/com.comtop.mim D/YWContactManagerImpl: getContactProfileInfo userId=00015089328c5855 appkey=23232985
10-30 17:47:52.766 11988-11988/com.comtop.mim I/YWContactManagerImpl: getContactProfileCallback, temp = null
10-30 17:47:52.766 11988-11988/com.comtop.mim I/IMProfileCacheUtil: getDefaultProfileCallback
10-30 17:47:52.766 11988-11988/com.comtop.mim I/YWContactManagerImpl: getCrossContactProfileCallback, temp = null
10-30 17:47:52.766 11988-11988/com.comtop.mim I/IMProfileCacheUtil: geDefaultCrossProfileCallback
10-30 17:47:52.766 11988-11988/com.comtop.mim D/YWContactManagerImpl: appkey equals profileCallback called
10-30 17:47:52.766 11988-11988/com.comtop.mim D/YWContactManagerImpl: result nick=B90 headUrl=http://7xn4wo.com1.z0.glb.clouddn.com/user/avatar/00015089328c5855?1445911760.569337 appkey=null
10-30 17:47:52.769 11988-11988/com.comtop.mim D/ConversationAdapter: hasUnreadAtMsg:false
10-30 17:47:52.770 11988-11988/com.comtop.mim D/ConversationAdapter: message = Message{mMsgId=6269104920846204929, atFlag=0, direction=0, mContent='dddd', mCvsId='null', isAtMsgAck=false, atMsgAckSendId='null', atMsgAckUUid='null', isAtMsgHasRead=false, mTime=1446102866, mAuthorId='idvj1r4l000150888cb0740c', mAuthorName='null', atUserList=null}
10-30 17:47:52.772 11988-11988/com.comtop.mim D/YWContactManagerImpl: getContactProfileInfo userId=000150888cb0740c appkey=23232985
10-30 17:47:52.773 11988-11988/com.comtop.mim I/YWContactManagerImpl: getContactProfileCallback, temp = null
10-30 17:47:52.773 11988-11988/com.comtop.mim I/IMProfileCacheUtil: getDefaultProfileCallback
10-30 17:47:52.773 11988-11988/com.comtop.mim I/YWContactManagerImpl: getCrossContactProfileCallback, temp = null
10-30 17:47:52.774 11988-11988/com.comtop.mim I/IMProfileCacheUtil: geDefaultCrossProfileCallback
10-30 17:47:52.774 11988-11988/com.comtop.mim D/YWContactManagerImpl: appkey equals profileCallback called
10-30 17:47:52.774 11988-11988/com.comtop.mim D/YWContactManagerImpl: result nick=1188 headUrl=http://7xn4wo.com1.z0.glb.clouddn.com/user/avatar/000150888cb0740c?1437897406181 appkey=null
10-30 17:47:52.782 11988-11988/com.comtop.mim D/YWContactManagerImpl: getContactProfileInfo userId=00015089328c5855 appkey=23232985
10-30 17:47:52.783 11988-11988/com.comtop.mim I/YWContactManagerImpl: getContactProfileCallback, temp = null
10-30 17:47:52.784 11988-11988/com.comtop.mim I/IMProfileCacheUtil: getDefaultProfileCallback
10-30 17:47:52.785 11988-11988/com.comtop.mim I/YWContactManagerImpl: getCrossContactProfileCallback, temp = null
10-30 17:47:52.786 11988-11988/com.comtop.mim I/IMProfileCacheUtil: geDefaultCrossProfileCallback
10-30 17:47:52.787 11988-11988/com.comtop.mim D/YWContactManagerImpl: appkey equals profileCallback called
10-30 17:47:52.788 11988-11988/com.comtop.mim D/YWContactManagerImpl: result nick=B90 headUrl=http://7xn4wo.com1.z0.glb.clouddn.com/user/avatar/00015089328c5855?1445911760.569337 appkey=null
10-30 17:47:52.790 11988-11988/com.comtop.mim D/YWContactManagerImpl: getContactProfileInfo userId=00015089328c5855 appkey=23232985
10-30 17:47:52.791 11988-11988/com.comtop.mim I/YWContactManagerImpl: getContactProfileCallback, temp = null
10-30 17:47:52.792 11988-11988/com.comtop.mim I/IMProfileCacheUtil: getDefaultProfileCallback
10-30 17:47:52.795 11988-11988/com.comtop.mim I/YWContactManagerImpl: getCrossContactProfileCallback, temp = null
10-30 17:47:52.796 11988-11988/com.comtop.mim I/IMProfileCacheUtil: geDefaultCrossProfileCallback
10-30 17:47:52.797 11988-11988/com.comtop.mim D/YWContactManagerImpl: appkey equals profileCallback called
10-30 17:47:52.799 11988-11988/com.comtop.mim D/YWContactManagerImpl: result nick=B90 headUrl=http://7xn4wo.com1.z0.glb.clouddn.com/user/avatar/00015089328c5855?1445911760.569337 appkey=null
10-30 17:47:52.800 11988-11988/com.comtop.mim D/ConversationAdapter: message = null
10-30 17:47:52.805 11988-11988/com.comtop.mim D/YWContactManagerImpl: getContactProfileInfo userId=000150ac7275465f8 appkey=23232985
10-30 17:47:52.806 11988-11988/com.comtop.mim I/YWContactManagerImpl: getContactProfileCallback, temp = null
10-30 17:47:52.807 11988-11988/com.comtop.mim I/IMProfileCacheUtil: getDefaultProfileCallback
10-30 17:47:52.808 11988-11988/com.comtop.mim I/YWContactManagerImpl: getCrossContactProfileCallback, temp = null
10-30 17:47:52.808 11988-11988/com.comtop.mim I/IMProfileCacheUtil: geDefaultCrossProfileCallback
10-30 17:47:52.809 11988-11988/com.comtop.mim D/YWContactManagerImpl: appkey equals profileCallback called
10-30 17:47:52.809 11988-11988/com.comtop.mim D/YWContactManagerImpl: result nick=B81 headUrl= appkey=null
10-30 17:47:52.809 11988-11988/com.comtop.mim D/YWContactManagerImpl: getContactProfileInfo userId=000150ac7275465f8 appkey=23232985
10-30 17:47:52.809 11988-11988/com.comtop.mim I/YWContactManagerImpl: getContactProfileCallback, temp = null
10-30 17:47:52.809 11988-11988/com.comtop.mim I/IMProfileCacheUtil: getDefaultProfileCallback
10-30 17:47:52.809 11988-11988/com.comtop.mim I/YWContactManagerImpl: getCrossContactProfileCallback, temp = null
10-30 17:47:52.809 11988-11988/com.comtop.mim I/IMProfileCacheUtil: geDefaultCrossProfileCallback
10-30 17:47:52.809 11988-11988/com.comtop.mim D/YWContactManagerImpl: appkey equals profileCallback called
10-30 17:47:52.810 11988-11988/com.comtop.mim D/YWContactManagerImpl: result nick=B81 headUrl= appkey=null
10-30 17:47:52.810 11988-11988/com.comtop.mim D/ConversationAdapter: message = null
10-30 17:47:52.820 11988-11988/com.comtop.mim D/YWContactManagerImpl: getContactProfileInfo userId=00015093a71819be appkey=23232985
10-30 17:47:52.821 11988-11988/com.comtop.mim I/YWContactManagerImpl: getContactProfileCallback, temp = null
10-30 17:47:52.822 11988-11988/com.comtop.mim I/IMProfileCacheUtil: getDefaultProfileCallback
10-30 17:47:52.823 11988-11988/com.comtop.mim I/YWContactManagerImpl: getCrossContactProfileCallback, temp = null
10-30 17:47:52.824 11988-11988/com.comtop.mim I/IMProfileCacheUtil: geDefaultCrossProfileCallback
10-30 17:47:52.825 11988-11988/com.comtop.mim D/YWContactManagerImpl: appkey equals profileCallback called
10-30 17:47:52.825 11988-11988/com.comtop.mim D/YWContactManagerImpl: result nick=119 headUrl= appkey=null
10-30 17:47:52.826 11988-11988/com.comtop.mim D/YWContactManagerImpl: getContactProfileInfo userId=00015093a71819be appkey=23232985
10-30 17:47:52.826 11988-11988/com.comtop.mim I/YWContactManagerImpl: getContactProfileCallback, temp = null
10-30 17:47:52.826 11988-11988/com.comtop.mim I/IMProfileCacheUtil: getDefaultProfileCallback
10-30 17:47:52.826 11988-11988/com.comtop.mim I/YWContactManagerImpl: getCrossContactProfileCallback, temp = null
10-30 17:47:52.827 11988-11988/com.comtop.mim I/IMProfileCacheUtil: geDefaultCrossProfileCallback
10-30 17:47:52.827 11988-11988/com.comtop.mim D/YWContactManagerImpl: appkey equals profileCallback called
10-30 17:47:52.827 11988-11988/com.comtop.mim D/YWContactManagerImpl: result nick=119 headUrl= appkey=null
10-30 17:47:52.827 11988-11988/com.comtop.mim D/ConversationAdapter: message = null
10-30 17:47:52.896 11988-11988/com.comtop.mim D/IMChannel: onActivityStopped:com.alibaba.mobileim.ui.WxChattingActvity
10-30 17:47:52.898 11988-11988/com.comtop.mim D/IMChannel: onActivityDestroyed:com.alibaba.mobileim.ui.WxChattingActvity
10-30 17:47:52.898 11988-12087/com.comtop.mim D/MemoryManager: maxRunMemory:100663296
10-30 17:47:52.900 11988-12087/com.comtop.mim D/MemoryManager: memClassInt:100663296
10-30 17:47:52.900 11988-12063/com.comtop.mim D/test: WxMemoryManager tbsRunnable
10-30 17:47:52.941 11988-11988/com.comtop.mim D/myg: start watch!
10-30 17:47:52.942 11988-11988/com.comtop.mim D/myg: com.squareup.leakcanary.RefWatcher
10-30 17:47:52.943 11988-11988/com.comtop.mim I/YWConversationManagerImpl: removeConversationListener
10-30 17:47:52.944 11988-11988/com.comtop.mim D/CloudMessageManager: recycleManager, mPNotify = null
10-30 17:47:52.944 11988-11988/com.comtop.mim D/YWContactManagerImpl: removeProfileUpdateListener = com.alibaba.mobileim.kit.chat.ChattingDetailAdapter@42033af0
10-30 17:47:52.946 11988-11988/com.comtop.mim D/myg: start watch!
10-30 17:47:52.947 11988-11988/com.comtop.mim D/myg: com.squareup.leakcanary.RefWatcher
10-30 17:47:52.949 11988-11988/com.comtop.mim I/ChattingFragment: onDestroy
10-30 17:47:52.950 11988-11988/com.comtop.mim D/IMBaseActivity: onDestroy
10-30 17:47:52.951 11988-11988/com.comtop.mim I/WxChattingActvity: onDestroy
10-30 17:47:54.931 11988-11988/com.comtop.mim D/IMChannel: onActivityPaused:ui.MainActivity
10-30 17:47:54.932 11988-11988/com.comtop.mim I/YWConversationManagerImpl: removeConversationListener
10-30 17:47:55.337 11988-11988/com.comtop.mim D/IMChannel: onActivityStopped:ui.MainActivity
10-30 17:47:55.339 11988-11988/com.comtop.mim I/Native: InetIO_SetForeground 0
10-30 17:48:54.890 11988-12105/com.comtop.mim I/inetimpl@native@im@msg@recvbytes: 0,fd=80,err=Try again
10-30 17:48:54.892 11988-12105/com.comtop.mim I/inetimpl@native@im: forceClose,fd=80
10-30 17:48:54.895 11988-12105/com.comtop.mim I/inetimpl@native@im: enter INetImpl::closeFd,fd=80
10-30 17:48:54.898 11988-12108/com.comtop.mim I/inetimpl@native@im: UnRegisterFd,fd=80
10-30 17:48:54.900 11988-12106/com.comtop.mim I/callback@native@im: updateData
10-30 17:48:54.901 11988-12106/com.comtop.mim D/InetIO: updateData, lAccout:idvj1r4l000150888cb0740c userId:idvj1r4l000150888cb0740c key:connstatus value:0
10-30 17:48:54.903 11988-12108/com.comtop.mim I/inetimpl@native@im: enter INetImpl::closeFd,fd=80
10-30 17:48:56.577 11988-11988/com.comtop.mim D/DataNetworkManager: receive tcms status:0
10-30 17:48:56.577 11988-11988/com.comtop.mim D/DataNetworkManager: receive tcms status:0
10-30 17:48:56.579 11988-11988/com.comtop.mim I/Native: InetIO_SetForeground 0
10-30 17:48:57.631 11988-11988/com.comtop.mim D/DataNetworkManager: receive tcms status:0
10-30 17:48:57.632 11988-11988/com.comtop.mim D/DataNetworkManager: receive tcms status:0
10-30 17:48:57.636 11988-11988/com.comtop.mim I/Native: InetIO_SetForeground 0
10-30 17:48:57.985 11988-11988/com.comtop.mim D/DataNetworkManager: receive tcms status:0
10-30 17:48:57.985 11988-11988/com.comtop.mim D/DataNetworkManager: receive tcms status:0
10-30 17:48:57.985 11988-11988/com.comtop.mim I/Native: InetIO_SetForeground 0
10-30 17:48:58.026 11988-11988/com.comtop.mim D/DataNetworkManager: receive tcms status:1
10-30 17:48:58.027 11988-11988/com.comtop.mim D/DataNetworkManager: receive tcms status:1
10-30 17:48:58.116 11988-11988/com.comtop.mim D/TCMSStateChangeReceiver: begin---com.alibaba.tcms.channel.CONNECTIONED---with channel key:ALL
10-30 17:48:58.233 11988-11988/com.comtop.mim I/ServiceChooseHelper: startService, xpushnative://xpush/serviceStart code:1 conetxt.getPackageAppName:com.comtop.mim appname:com.alibaba.openIMUIDemo tcmsservicename:com.alibaba.tcms.service.MonitorActivity
10-30 17:49:07.661 11988-11988/com.comtop.mim D/DataNetworkManager: receive tcms status:0
10-30 17:49:07.661 11988-11988/com.comtop.mim D/DataNetworkManager: receive tcms status:0
10-30 17:49:07.661 11988-11988/com.comtop.mim I/Native: InetIO_SetForeground 0
10-30 17:49:08.912 11988-11988/com.comtop.mim D/DataNetworkManager: receive tcms status:0
10-30 17:49:08.912 11988-11988/com.comtop.mim D/DataNetworkManager: receive tcms status:0
10-30 17:49:08.924 11988-11988/com.comtop.mim I/Native: InetIO_SetForeground 0
10-30 17:49:09.694 11988-11988/com.comtop.mim D/DataNetworkManager: receive tcms status:0
10-30 17:49:09.718 11988-11988/com.comtop.mim D/DataNetworkManager: receive tcms status:0
10-30 17:49:09.720 11988-11988/com.comtop.mim I/Native: InetIO_SetForeground 0
10-30 17:49:09.818 11988-11988/com.comtop.mim D/TCMSStateChangeReceiver: begin---com.alibaba.tcms.channel.CONNECTIONED---with channel key:ALL
10-30 17:49:09.926 11988-11988/com.comtop.mim I/ServiceChooseHelper: startService, xpushnative://xpush/serviceStart code:1 conetxt.getPackageAppName:com.comtop.mim appname:com.alibaba.openIMUIDemo tcmsservicename:com.alibaba.tcms.service.MonitorActivity
10-30 17:49:10.089 11988-11988/com.comtop.mim D/DataNetworkManager: receive tcms status:1
10-30 17:49:10.089 11988-11988/com.comtop.mim D/DataNetworkManager: receive tcms status:1
10-30 17:49:10.207 11988-11988/com.comtop.mim D/TCMSStateChangeReceiver: begin---com.alibaba.tcms.status.ENABLE
10-30 17:49:10.207 11988-11988/com.comtop.mim D/TCMSStateChangeReceiver: notifyServiceEnable------
10-30 17:49:10.209 11988-18156/com.comtop.mim I/XPushManager: get client id from preferences:a0kstr1ck2paw1vh appkey:23232985
10-30 17:49:10.211 11988-18156/com.comtop.mim W/IMChannel: clientID:a0kstr1ck2paw1vh, 将更新后的clientId上报服务器
10-30 17:49:43.463 11988-11988/com.comtop.mim D/IMChannel: onActivityStarted:ui.MainActivity
10-30 17:49:43.464 11988-11988/com.comtop.mim D/IMChannel: onActivityResumed:ui.MainActivity
10-30 17:49:43.475 11988-11988/com.comtop.mim I/Native: InetIO_SetForeground 1
10-30 17:49:43.502 11988-11988/com.comtop.mim D/wjtest: VConnManager.getInstance().clearWearyCheck()
10-30 17:49:43.506 11988-11988/com.comtop.mim I/Native: InetIO_ngetLoginState
10-30 17:49:43.508 11988-11988/com.comtop.mim I/Native: current user idvj1r4l000150888cb0740c
10-30 17:49:43.511 11988-11988/com.comtop.mim I/EgoAccount.api: getLoginState:3
10-30 17:49:43.512 11988-11988/com.comtop.mim D/may: =====>im login state: success
10-30 17:49:43.512 11988-11988/com.comtop.mim I/Native: InetIO_ngetLoginState
10-30 17:49:43.512 11988-11988/com.comtop.mim I/Native: current user idvj1r4l000150888cb0740c
10-30 17:49:43.512 11988-11988/com.comtop.mim I/EgoAccount.api: getLoginState:3
10-30 17:49:43.512 11988-11988/com.comtop.mim D/may: ======>unread count: 1, service: com.alibaba.mobileim.lib.presenter.conversation.YWConversationManagerImpl@4245d7f8
10-30 17:49:43.513 11988-11988/com.comtop.mim D/WxConversationFragment@kiked?off:  WXAPI.getInstance(): com.alibaba.mobileim.WXAPI@42715740
10-30 17:49:43.513 11988-11988/com.comtop.mim D/WxConversationFragment@kiked?off:  WXAPI.getInstance().getLoginUserId(): 000150888cb0740c
10-30 17:49:43.513 11988-11988/com.comtop.mim D/WxConversationFragment@kiked?off:    WXAPI.getInstance().getConversationManager(): com.alibaba.mobileim.lib.presenter.conversation.YWConversationManagerImpl@4245d7f8
10-30 17:49:43.513 11988-11988/com.comtop.mim D/WxConversationFragment@kiked?off:   WXAPI.getInstance().getConversationManager().getConversationList(): [com.alibaba.mobileim.lib.presenter.conversation.P2PConversation@4255d6b8, com.alibaba.mobileim.lib.presenter.conversation.TribeConversation@42470b28, com.alibaba.mobileim.lib.presenter.conversation.TribeConversation@42496c20, com.alibaba.mobileim.lib.presenter.conversation.TribeConversation@4262c0c0, com.alibaba.mobileim.lib.presenter.conversation.P2PConversation@42629f78, com.alibaba.mobileim.lib.presenter.conversation.P2PConversation@4267d0e0, com.alibaba.mobileim.lib.presenter.conversation.P2PConversation@42661a30]
10-30 17:49:43.514 11988-11988/com.comtop.mim D/WxConversationFragment@kiked?off:  mConversations: [com.alibaba.mobileim.lib.presenter.conversation.P2PConversation@4255d6b8, com.alibaba.mobileim.lib.presenter.conversation.TribeConversation@42470b28, com.alibaba.mobileim.lib.presenter.conversation.TribeConversation@42496c20, com.alibaba.mobileim.lib.presenter.conversation.TribeConversation@4262c0c0, com.alibaba.mobileim.lib.presenter.conversation.P2PConversation@42629f78, com.alibaba.mobileim.lib.presenter.conversation.P2PConversation@4267d0e0, com.alibaba.mobileim.lib.presenter.conversation.P2PConversation@42661a30]
10-30 17:49:43.514 11988-11988/com.comtop.mim D/WxConversationFragment@kiked?off:   mConversations.hashCode(): 39c6b197
10-30 17:49:43.514 11988-11988/com.comtop.mim D/WxConversationFragment@kiked?off:   WXAPI.getInstance().getConversationManager().getConversationList().hashCode(): 39c6b197
10-30 17:49:43.514 11988-11988/com.comtop.mim I/YWConversationManagerImpl: removeConversationListener
10-30 17:49:43.514 11988-11988/com.comtop.mim I/YWConversationManagerImpl: addConversationListener
10-30 17:49:43.530 11988-11988/com.comtop.mim D/YWContactManagerImpl: getContactProfileInfo userId=000150888766a901 appkey=23232985
10-30 17:49:43.530 11988-11988/com.comtop.mim I/YWContactManagerImpl: getContactProfileCallback, temp = null
10-30 17:49:43.530 11988-11988/com.comtop.mim I/IMProfileCacheUtil: getDefaultProfileCallback
10-30 17:49:43.530 11988-11988/com.comtop.mim I/YWContactManagerImpl: getCrossContactProfileCallback, temp = null
10-30 17:49:43.530 11988-11988/com.comtop.mim I/IMProfileCacheUtil: geDefaultCrossProfileCallback
10-30 17:49:43.531 11988-11988/com.comtop.mim D/YWContactManagerImpl: appkey equals profileCallback called
10-30 17:49:43.531 11988-11988/com.comtop.mim D/YWContactManagerImpl: result nick=3333333333 headUrl=http://7xn4wo.com1.z0.glb.clouddn.com/user/avatar/000150888766a901?1445913912.753282 appkey=null
10-30 17:49:43.531 11988-11988/com.comtop.mim D/YWContactManagerImpl: getContactProfileInfo userId=000150888766a901 appkey=23232985
10-30 17:49:43.531 11988-11988/com.comtop.mim I/YWContactManagerImpl: getContactProfileCallback, temp = null
10-30 17:49:43.531 11988-11988/com.comtop.mim I/IMProfileCacheUtil: getDefaultProfileCallback
10-30 17:49:43.531 11988-11988/com.comtop.mim I/YWContactManagerImpl: getCrossContactProfileCallback, temp = null
10-30 17:49:43.531 11988-11988/com.comtop.mim I/IMProfileCacheUtil: geDefaultCrossProfileCallback
10-30 17:49:43.531 11988-11988/com.comtop.mim D/YWContactManagerImpl: appkey equals profileCallback called
10-30 17:49:43.531 11988-11988/com.comtop.mim D/YWContactManagerImpl: result nick=3333333333 headUrl=http://7xn4wo.com1.z0.glb.clouddn.com/user/avatar/000150888766a901?1445913912.753282 appkey=null
10-30 17:49:43.531 11988-11988/com.comtop.mim D/ConversationAdapter: message = Message{mMsgId=6269105459362594816, atFlag=0, direction=0, mContent='hhh', mCvsId='idvj1r4l000150888766a901', isAtMsgAck=false, atMsgAckSendId='null', atMsgAckUUid='null', isAtMsgHasRead=false, mTime=1446198439, mAuthorId='idvj1r4l000150888cb0740c', mAuthorName='000150888cb0740c', atUserList=null}
10-30 17:49:43.535 11988-11988/com.comtop.mim D/ConversationAdapter: hasUnreadAtMsg:false
10-30 17:49:43.536 11988-11988/com.comtop.mim D/ConversationAdapter: message = null
10-30 17:49:43.537 11988-11988/com.comtop.mim D/YWContactManagerImpl: getContactProfileInfo userId=00015093a71819be appkey=23232985
10-30 17:49:43.537 11988-11988/com.comtop.mim I/YWContactManagerImpl: getContactProfileCallback, temp = null
10-30 17:49:43.537 11988-11988/com.comtop.mim I/IMProfileCacheUtil: getDefaultProfileCallback
10-30 17:49:43.537 11988-11988/com.comtop.mim I/YWContactManagerImpl: getCrossContactProfileCallback, temp = null
10-30 17:49:43.537 11988-11988/com.comtop.mim I/IMProfileCacheUtil: geDefaultCrossProfileCallback
10-30 17:49:43.537 11988-11988/com.comtop.mim D/YWContactManagerImpl: appkey equals profileCallback called
10-30 17:49:43.537 11988-11988/com.comtop.mim D/YWContactManagerImpl: result nick=119 headUrl= appkey=null
10-30 17:49:43.540 11988-11988/com.comtop.mim D/ConversationAdapter: hasUnreadAtMsg:false
10-30 17:49:43.543 11988-11988/com.comtop.mim D/ConversationAdapter: message = Message{mMsgId=6269105457933920313, atFlag=0, direction=1, mContent='来来来', mCvsId='null', isAtMsgAck=false, atMsgAckSendId='null', atMsgAckUUid='null', isAtMsgHasRead=false, mTime=1446176670, mAuthorId='idvj1r4l00015089328c5855', mAuthorName='null', atUserList=null}
10-30 17:49:43.554 11988-11988/com.comtop.mim D/YWContactManagerImpl: getContactProfileInfo userId=00015089328c5855 appkey=23232985
10-30 17:49:43.554 11988-11988/com.comtop.mim I/YWContactManagerImpl: getContactProfileCallback, temp = null
10-30 17:49:43.555 11988-11988/com.comtop.mim I/IMProfileCacheUtil: getDefaultProfileCallback
10-30 17:49:43.555 11988-11988/com.comtop.mim I/YWContactManagerImpl: getCrossContactProfileCallback, temp = null
10-30 17:49:43.556 11988-11988/com.comtop.mim I/IMProfileCacheUtil: geDefaultCrossProfileCallback
10-30 17:49:43.557 11988-11988/com.comtop.mim D/YWContactManagerImpl: appkey equals profileCallback called
10-30 17:49:43.558 11988-11988/com.comtop.mim D/YWContactManagerImpl: result nick=B90 headUrl=http://7xn4wo.com1.z0.glb.clouddn.com/user/avatar/00015089328c5855?1445911760.569337 appkey=null
10-30 17:49:43.568 11988-11988/com.comtop.mim D/ConversationAdapter: hasUnreadAtMsg:false
10-30 17:49:43.569 11988-11988/com.comtop.mim D/ConversationAdapter: message = Message{mMsgId=6269104920846204929, atFlag=0, direction=0, mContent='dddd', mCvsId='null', isAtMsgAck=false, atMsgAckSendId='null', atMsgAckUUid='null', isAtMsgHasRead=false, mTime=1446102866, mAuthorId='idvj1r4l000150888cb0740c', mAuthorName='null', atUserList=null}
10-30 17:49:43.572 11988-11988/com.comtop.mim D/YWContactManagerImpl: getContactProfileInfo userId=000150888cb0740c appkey=23232985
10-30 17:49:43.573 11988-11988/com.comtop.mim I/YWContactManagerImpl: getContactProfileCallback, temp = null
10-30 17:49:43.575 11988-11988/com.comtop.mim I/IMProfileCacheUtil: getDefaultProfileCallback
10-30 17:49:43.576 11988-11988/com.comtop.mim I/YWContactManagerImpl: getCrossContactProfileCallback, temp = null
10-30 17:49:43.577 11988-11988/com.comtop.mim I/IMProfileCacheUtil: geDefaultCrossProfileCallback
10-30 17:49:43.577 11988-11988/com.comtop.mim D/YWContactManagerImpl: appkey equals profileCallback called
10-30 17:49:43.577 11988-11988/com.comtop.mim D/YWContactManagerImpl: result nick=1188 headUrl=http://7xn4wo.com1.z0.glb.clouddn.com/user/avatar/000150888cb0740c?1437897406181 appkey=null
10-30 17:49:43.581 11988-11988/com.comtop.mim D/YWContactManagerImpl: getContactProfileInfo userId=00015089328c5855 appkey=23232985
10-30 17:49:43.582 11988-11988/com.comtop.mim I/YWContactManagerImpl: getContactProfileCallback, temp = null
10-30 17:49:43.583 11988-11988/com.comtop.mim I/IMProfileCacheUtil: getDefaultProfileCallback
10-30 17:49:43.583 11988-11988/com.comtop.mim I/YWContactManagerImpl: getCrossContactProfileCallback, temp = null
10-30 17:49:43.584 11988-11988/com.comtop.mim I/IMProfileCacheUtil: geDefaultCrossProfileCallback
10-30 17:49:43.585 11988-11988/com.comtop.mim D/YWContactManagerImpl: appkey equals profileCallback called
10-30 17:49:43.585 11988-11988/com.comtop.mim D/YWContactManagerImpl: result nick=B90 headUrl=http://7xn4wo.com1.z0.glb.clouddn.com/user/avatar/00015089328c5855?1445911760.569337 appkey=null
10-30 17:49:43.586 11988-11988/com.comtop.mim D/YWContactManagerImpl: getContactProfileInfo userId=00015089328c5855 appkey=23232985
10-30 17:49:43.587 11988-11988/com.comtop.mim I/YWContactManagerImpl: getContactProfileCallback, temp = null
10-30 17:49:43.588 11988-11988/com.comtop.mim I/IMProfileCacheUtil: getDefaultProfileCallback
10-30 17:49:43.588 11988-11988/com.comtop.mim I/YWContactManagerImpl: getCrossContactProfileCallback, temp = null
10-30 17:49:43.588 11988-11988/com.comtop.mim I/IMProfileCacheUtil: geDefaultCrossProfileCallback
10-30 17:49:43.588 11988-11988/com.comtop.mim D/YWContactManagerImpl: appkey equals profileCallback called
10-30 17:49:43.589 11988-11988/com.comtop.mim D/YWContactManagerImpl: result nick=B90 headUrl=http://7xn4wo.com1.z0.glb.clouddn.com/user/avatar/00015089328c5855?1445911760.569337 appkey=null
10-30 17:49:43.589 11988-11988/com.comtop.mim D/ConversationAdapter: message = null
10-30 17:49:43.596 11988-11988/com.comtop.mim D/YWContactManagerImpl: getContactProfileInfo userId=000150ac7275465f8 appkey=23232985
10-30 17:49:43.597 11988-11988/com.comtop.mim I/YWContactManagerImpl: getContactProfileCallback, temp = null
10-30 17:49:43.598 11988-11988/com.comtop.mim I/IMProfileCacheUtil: getDefaultProfileCallback
10-30 17:49:43.599 11988-11988/com.comtop.mim I/YWContactManagerImpl: getCrossContactProfileCallback, temp = null
10-30 17:49:43.600 11988-11988/com.comtop.mim I/IMProfileCacheUtil: geDefaultCrossProfileCallback
10-30 17:49:43.600 11988-11988/com.comtop.mim D/YWContactManagerImpl: appkey equals profileCallback called
10-30 17:49:43.601 11988-11988/com.comtop.mim D/YWContactManagerImpl: result nick=B81 headUrl= appkey=null
10-30 17:49:43.602 11988-11988/com.comtop.mim D/YWContactManagerImpl: getContactProfileInfo userId=000150ac7275465f8 appkey=23232985
10-30 17:49:43.602 11988-11988/com.comtop.mim I/YWContactManagerImpl: getContactProfileCallback, temp = null
10-30 17:49:43.602 11988-11988/com.comtop.mim I/IMProfileCacheUtil: getDefaultProfileCallback
10-30 17:49:43.602 11988-11988/com.comtop.mim I/YWContactManagerImpl: getCrossContactProfileCallback, temp = null
10-30 17:49:43.602 11988-11988/com.comtop.mim I/IMProfileCacheUtil: geDefaultCrossProfileCallback
10-30 17:49:43.602 11988-11988/com.comtop.mim D/YWContactManagerImpl: appkey equals profileCallback called
10-30 17:49:43.602 11988-11988/com.comtop.mim D/YWContactManagerImpl: result nick=B81 headUrl= appkey=null
10-30 17:49:43.603 11988-11988/com.comtop.mim D/ConversationAdapter: message = null
10-30 17:49:43.611 11988-11988/com.comtop.mim D/YWContactManagerImpl: getContactProfileInfo userId=00015093a71819be appkey=23232985
10-30 17:49:43.612 11988-11988/com.comtop.mim I/YWContactManagerImpl: getContactProfileCallback, temp = null
10-30 17:49:43.612 11988-11988/com.comtop.mim I/IMProfileCacheUtil: getDefaultProfileCallback
10-30 17:49:43.613 11988-11988/com.comtop.mim I/YWContactManagerImpl: getCrossContactProfileCallback, temp = null
10-30 17:49:43.613 11988-11988/com.comtop.mim I/IMProfileCacheUtil: geDefaultCrossProfileCallback
10-30 17:49:43.614 11988-11988/com.comtop.mim D/YWContactManagerImpl: appkey equals profileCallback called
10-30 17:49:43.615 11988-11988/com.comtop.mim D/YWContactManagerImpl: result nick=119 headUrl= appkey=null
10-30 17:49:43.625 11988-11988/com.comtop.mim D/YWContactManagerImpl: getContactProfileInfo userId=00015093a71819be appkey=23232985
10-30 17:49:43.626 11988-11988/com.comtop.mim I/YWContactManagerImpl: getContactProfileCallback, temp = null
10-30 17:49:43.626 11988-11988/com.comtop.mim I/IMProfileCacheUtil: getDefaultProfileCallback
10-30 17:49:43.627 11988-11988/com.comtop.mim I/YWContactManagerImpl: getCrossContactProfileCallback, temp = null
10-30 17:49:43.628 11988-11988/com.comtop.mim I/IMProfileCacheUtil: geDefaultCrossProfileCallback
10-30 17:49:43.629 11988-11988/com.comtop.mim D/YWContactManagerImpl: appkey equals profileCallback called
10-30 17:49:43.629 11988-11988/com.comtop.mim D/YWContactManagerImpl: result nick=119 headUrl= appkey=null
10-30 17:49:43.629 11988-11988/com.comtop.mim D/ConversationAdapter: message = null
10-30 17:49:43.942 11988-11988/com.comtop.mim D/DataNetworkManager: receive tcms status:0
10-30 17:49:43.942 11988-11988/com.comtop.mim D/DataNetworkManager: receive tcms status:0
10-30 17:49:43.942 11988-11988/com.comtop.mim I/Native: InetIO_SetForeground 0
10-30 17:49:45.099 11988-11988/com.comtop.mim D/DataNetworkManager: receive tcms status:0
10-30 17:49:45.100 11988-11988/com.comtop.mim D/DataNetworkManager: receive tcms status:0
10-30 17:49:45.100 11988-11988/com.comtop.mim I/Native: InetIO_SetForeground 0
10-30 17:49:45.330 11988-11988/com.comtop.mim D/DataNetworkManager: receive tcms status:0
10-30 17:49:45.330 11988-11988/com.comtop.mim D/DataNetworkManager: receive tcms status:0
10-30 17:49:45.330 11988-11988/com.comtop.mim I/Native: InetIO_SetForeground 0
10-30 17:49:45.417 11988-11988/com.comtop.mim D/TCMSStateChangeReceiver: begin---com.alibaba.tcms.channel.CONNECTIONED---with channel key:ALL
10-30 17:49:45.424 11988-11988/com.comtop.mim I/ServiceChooseHelper: startService, xpushnative://xpush/serviceStart code:1 conetxt.getPackageAppName:com.comtop.mim appname:com.alibaba.openIMUIDemo tcmsservicename:com.alibaba.tcms.service.MonitorActivity
10-30 17:49:45.469 11988-11988/com.comtop.mim D/IMChannel: onActivityPaused:ui.MainActivity
10-30 17:49:45.479 11988-11988/com.comtop.mim I/YWConversationManagerImpl: removeConversationListener
10-30 17:49:45.519 11988-11988/com.comtop.mim D/IMChannel: onActivityResumed:ui.MainActivity
10-30 17:49:45.519 11988-11988/com.comtop.mim I/Native: InetIO_SetForeground 1
10-30 17:49:45.526 11988-11988/com.comtop.mim D/wjtest: VConnManager.getInstance().clearWearyCheck()
10-30 17:49:45.528 11988-11988/com.comtop.mim I/Native: InetIO_ngetLoginState
10-30 17:49:45.528 11988-11988/com.comtop.mim I/Native: current user idvj1r4l000150888cb0740c
10-30 17:49:45.528 11988-11988/com.comtop.mim I/EgoAccount.api: getLoginState:3
10-30 17:49:45.528 11988-11988/com.comtop.mim D/may: =====>im login state: success
10-30 17:49:45.528 11988-11988/com.comtop.mim I/Native: InetIO_ngetLoginState
10-30 17:49:45.528 11988-11988/com.comtop.mim I/Native: current user idvj1r4l000150888cb0740c
10-30 17:49:45.529 11988-11988/com.comtop.mim I/EgoAccount.api: getLoginState:3
10-30 17:49:45.529 11988-11988/com.comtop.mim D/may: ======>unread count: 1, service: com.alibaba.mobileim.lib.presenter.conversation.YWConversationManagerImpl@4245d7f8
10-30 17:49:45.529 11988-11988/com.comtop.mim D/WxConversationFragment@kiked?off:  WXAPI.getInstance(): com.alibaba.mobileim.WXAPI@42715740
10-30 17:49:45.575 11988-11988/com.comtop.mim D/WxConversationFragment@kiked?off:  WXAPI.getInstance().getLoginUserId(): 000150888cb0740c
10-30 17:49:45.576 11988-11988/com.comtop.mim D/WxConversationFragment@kiked?off:    WXAPI.getInstance().getConversationManager(): com.alibaba.mobileim.lib.presenter.conversation.YWConversationManagerImpl@4245d7f8
10-30 17:49:45.577 11988-11988/com.comtop.mim D/WxConversationFragment@kiked?off:   WXAPI.getInstance().getConversationManager().getConversationList(): [com.alibaba.mobileim.lib.presenter.conversation.P2PConversation@4255d6b8, com.alibaba.mobileim.lib.presenter.conversation.TribeConversation@42470b28, com.alibaba.mobileim.lib.presenter.conversation.TribeConversation@42496c20, com.alibaba.mobileim.lib.presenter.conversation.TribeConversation@4262c0c0, com.alibaba.mobileim.lib.presenter.conversation.P2PConversation@42629f78, com.alibaba.mobileim.lib.presenter.conversation.P2PConversation@4267d0e0, com.alibaba.mobileim.lib.presenter.conversation.P2PConversation@42661a30]
10-30 17:49:45.577 11988-11988/com.comtop.mim D/WxConversationFragment@kiked?off:  mConversations: [com.alibaba.mobileim.lib.presenter.conversation.P2PConversation@4255d6b8, com.alibaba.mobileim.lib.presenter.conversation.TribeConversation@42470b28, com.alibaba.mobileim.lib.presenter.conversation.TribeConversation@42496c20, com.alibaba.mobileim.lib.presenter.conversation.TribeConversation@4262c0c0, com.alibaba.mobileim.lib.presenter.conversation.P2PConversation@42629f78, com.alibaba.mobileim.lib.presenter.conversation.P2PConversation@4267d0e0, com.alibaba.mobileim.lib.presenter.conversation.P2PConversation@42661a30]
10-30 17:49:45.577 11988-11988/com.comtop.mim D/WxConversationFragment@kiked?off:   mConversations.hashCode(): 39c6b197
10-30 17:49:45.577 11988-11988/com.comtop.mim D/WxConversationFragment@kiked?off:   WXAPI.getInstance().getConversationManager().getConversationList().hashCode(): 39c6b197
10-30 17:49:45.579 11988-11988/com.comtop.mim I/YWConversationManagerImpl: removeConversationListener
10-30 17:49:45.579 11988-11988/com.comtop.mim I/YWConversationManagerImpl: addConversationListener
10-30 17:49:45.581 11988-11988/com.comtop.mim D/DataNetworkManager: receive tcms status:1
10-30 17:49:45.581 11988-11988/com.comtop.mim D/DataNetworkManager: receive tcms status:1
10-30 17:49:45.620 11988-11988/com.comtop.mim D/YWContactManagerImpl: getContactProfileInfo userId=000150888766a901 appkey=23232985
10-30 17:49:45.620 11988-11988/com.comtop.mim I/YWContactManagerImpl: getContactProfileCallback, temp = null
10-30 17:49:45.620 11988-11988/com.comtop.mim I/IMProfileCacheUtil: getDefaultProfileCallback
10-30 17:49:45.620 11988-11988/com.comtop.mim I/YWContactManagerImpl: getCrossContactProfileCallback, temp = null
10-30 17:49:45.621 11988-11988/com.comtop.mim I/IMProfileCacheUtil: geDefaultCrossProfileCallback
10-30 17:49:45.621 11988-11988/com.comtop.mim D/YWContactManagerImpl: appkey equals profileCallback called
10-30 17:49:45.621 11988-11988/com.comtop.mim D/YWContactManagerImpl: result nick=3333333333 headUrl=http://7xn4wo.com1.z0.glb.clouddn.com/user/avatar/000150888766a901?1445913912.753282 appkey=null
10-30 17:49:45.621 11988-11988/com.comtop.mim D/YWContactManagerImpl: getContactProfileInfo userId=000150888766a901 appkey=23232985
10-30 17:49:45.621 11988-11988/com.comtop.mim I/YWContactManagerImpl: getContactProfileCallback, temp = null
10-30 17:49:45.621 11988-11988/com.comtop.mim I/IMProfileCacheUtil: getDefaultProfileCallback
10-30 17:49:45.621 11988-11988/com.comtop.mim I/YWContactManagerImpl: getCrossContactProfileCallback, temp = null
10-30 17:49:45.622 11988-11988/com.comtop.mim I/IMProfileCacheUtil: geDefaultCrossProfileCallback
10-30 17:49:45.622 11988-11988/com.comtop.mim D/YWContactManagerImpl: appkey equals profileCallback called
10-30 17:49:45.622 11988-11988/com.comtop.mim D/YWContactManagerImpl: result nick=3333333333 headUrl=http://7xn4wo.com1.z0.glb.clouddn.com/user/avatar/000150888766a901?1445913912.753282 appkey=null
10-30 17:49:45.622 11988-11988/com.comtop.mim D/ConversationAdapter: message = Message{mMsgId=6269105459362594816, atFlag=0, direction=0, mContent='hhh', mCvsId='idvj1r4l000150888766a901', isAtMsgAck=false, atMsgAckSendId='null', atMsgAckUUid='null', isAtMsgHasRead=false, mTime=1446198439, mAuthorId='idvj1r4l000150888cb0740c', mAuthorName='000150888cb0740c', atUserList=null}
10-30 17:49:45.626 11988-11988/com.comtop.mim D/ConversationAdapter: hasUnreadAtMsg:false
10-30 17:49:45.626 11988-11988/com.comtop.mim D/ConversationAdapter: message = null
10-30 17:49:45.627 11988-11988/com.comtop.mim D/YWContactManagerImpl: getContactProfileInfo userId=00015093a71819be appkey=23232985
10-30 17:49:45.628 11988-11988/com.comtop.mim I/YWContactManagerImpl: getContactProfileCallback, temp = null
10-30 17:49:45.628 11988-11988/com.comtop.mim I/IMProfileCacheUtil: getDefaultProfileCallback
10-30 17:49:45.628 11988-11988/com.comtop.mim I/YWContactManagerImpl: getCrossContactProfileCallback, temp = null
10-30 17:49:45.628 11988-11988/com.comtop.mim I/IMProfileCacheUtil: geDefaultCrossProfileCallback
10-30 17:49:45.629 11988-11988/com.comtop.mim D/YWContactManagerImpl: appkey equals profileCallback called
10-30 17:49:45.629 11988-11988/com.comtop.mim D/YWContactManagerImpl: result nick=119 headUrl= appkey=null
10-30 17:49:45.631 11988-11988/com.comtop.mim D/ConversationAdapter: hasUnreadAtMsg:false
10-30 17:49:45.632 11988-11988/com.comtop.mim D/ConversationAdapter: message = Message{mMsgId=6269105457933920313, atFlag=0, direction=1, mContent='来来来', mCvsId='null', isAtMsgAck=false, atMsgAckSendId='null', atMsgAckUUid='null', isAtMsgHasRead=false, mTime=1446176670, mAuthorId='idvj1r4l00015089328c5855', mAuthorName='null', atUserList=null}
10-30 17:49:45.633 11988-11988/com.comtop.mim D/YWContactManagerImpl: getContactProfileInfo userId=00015089328c5855 appkey=23232985
10-30 17:49:45.633 11988-11988/com.comtop.mim I/YWContactManagerImpl: getContactProfileCallback, temp = null
10-30 17:49:45.633 11988-11988/com.comtop.mim I/IMProfileCacheUtil: getDefaultProfileCallback
10-30 17:49:45.633 11988-11988/com.comtop.mim I/YWContactManagerImpl: getCrossContactProfileCallback, temp = null
10-30 17:49:45.633 11988-11988/com.comtop.mim I/IMProfileCacheUtil: geDefaultCrossProfileCallback
10-30 17:49:45.633 11988-11988/com.comtop.mim D/YWContactManagerImpl: appkey equals profileCallback called
10-30 17:49:45.633 11988-11988/com.comtop.mim D/YWContactManagerImpl: result nick=B90 headUrl=http://7xn4wo.com1.z0.glb.clouddn.com/user/avatar/00015089328c5855?1445911760.569337 appkey=null
10-30 17:49:45.636 11988-11988/com.comtop.mim D/ConversationAdapter: hasUnreadAtMsg:false
10-30 17:49:45.637 11988-11988/com.comtop.mim D/ConversationAdapter: message = Message{mMsgId=6269104920846204929, atFlag=0, direction=0, mContent='dddd', mCvsId='null', isAtMsgAck=false, atMsgAckSendId='null', atMsgAckUUid='null', isAtMsgHasRead=false, mTime=1446102866, mAuthorId='idvj1r4l000150888cb0740c', mAuthorName='null', atUserList=null}
10-30 17:49:45.650 11988-11988/com.comtop.mim D/YWContactManagerImpl: getContactProfileInfo userId=000150888cb0740c appkey=23232985
10-30 17:49:45.650 11988-11988/com.comtop.mim I/YWContactManagerImpl: getContactProfileCallback, temp = null
10-30 17:49:45.650 11988-11988/com.comtop.mim I/IMProfileCacheUtil: getDefaultProfileCallback
10-30 17:49:45.651 11988-11988/com.comtop.mim I/YWContactManagerImpl: getCrossContactProfileCallback, temp = null
10-30 17:49:45.651 11988-11988/com.comtop.mim I/IMProfileCacheUtil: geDefaultCrossProfileCallback
10-30 17:49:45.651 11988-11988/com.comtop.mim D/YWContactManagerImpl: appkey equals profileCallback called
10-30 17:49:45.651 11988-11988/com.comtop.mim D/YWContactManagerImpl: result nick=1188 headUrl=http://7xn4wo.com1.z0.glb.clouddn.com/user/avatar/000150888cb0740c?1437897406181 appkey=null
10-30 17:49:45.663 11988-11988/com.comtop.mim D/YWContactManagerImpl: getContactProfileInfo userId=00015089328c5855 appkey=23232985
10-30 17:49:45.663 11988-11988/com.comtop.mim I/YWContactManagerImpl: getContactProfileCallback, temp = null
10-30 17:49:45.663 11988-11988/com.comtop.mim I/IMProfileCacheUtil: getDefaultProfileCallback
10-30 17:49:45.663 11988-11988/com.comtop.mim I/YWContactManagerImpl: getCrossContactProfileCallback, temp = null
10-30 17:49:45.663 11988-11988/com.comtop.mim I/IMProfileCacheUtil: geDefaultCrossProfileCallback
10-30 17:49:45.663 11988-11988/com.comtop.mim D/YWContactManagerImpl: appkey equals profileCallback called
10-30 17:49:45.663 11988-11988/com.comtop.mim D/YWContactManagerImpl: result nick=B90 headUrl=http://7xn4wo.com1.z0.glb.clouddn.com/user/avatar/00015089328c5855?1445911760.569337 appkey=null
10-30 17:49:45.664 11988-11988/com.comtop.mim D/YWContactManagerImpl: getContactProfileInfo userId=00015089328c5855 appkey=23232985
10-30 17:49:45.664 11988-11988/com.comtop.mim I/YWContactManagerImpl: getContactProfileCallback, temp = null
10-30 17:49:45.664 11988-11988/com.comtop.mim I/IMProfileCacheUtil: getDefaultProfileCallback
10-30 17:49:45.664 11988-11988/com.comtop.mim I/YWContactManagerImpl: getCrossContactProfileCallback, temp = null
10-30 17:49:45.664 11988-11988/com.comtop.mim I/IMProfileCacheUtil: geDefaultCrossProfileCallback
10-30 17:49:45.665 11988-11988/com.comtop.mim D/YWContactManagerImpl: appkey equals profileCallback called
10-30 17:49:45.665 11988-11988/com.comtop.mim D/YWContactManagerImpl: result nick=B90 headUrl=http://7xn4wo.com1.z0.glb.clouddn.com/user/avatar/00015089328c5855?1445911760.569337 appkey=null
10-30 17:49:45.665 11988-11988/com.comtop.mim D/ConversationAdapter: message = null
10-30 17:49:45.669 11988-11988/com.comtop.mim D/YWContactManagerImpl: getContactProfileInfo userId=000150ac7275465f8 appkey=23232985
10-30 17:49:45.669 11988-11988/com.comtop.mim I/YWContactManagerImpl: getContactProfileCallback, temp = null
10-30 17:49:45.670 11988-11988/com.comtop.mim I/IMProfileCacheUtil: getDefaultProfileCallback
10-30 17:49:45.670 11988-11988/com.comtop.mim I/YWContactManagerImpl: getCrossContactProfileCallback, temp = null
10-30 17:49:45.670 11988-11988/com.comtop.mim I/IMProfileCacheUtil: geDefaultCrossProfileCallback
10-30 17:49:45.670 11988-11988/com.comtop.mim D/YWContactManagerImpl: appkey equals profileCallback called
10-30 17:49:45.670 11988-11988/com.comtop.mim D/YWContactManagerImpl: result nick=B81 headUrl= appkey=null
10-30 17:49:45.671 11988-11988/com.comtop.mim D/YWContactManagerImpl: getContactProfileInfo userId=000150ac7275465f8 appkey=23232985
10-30 17:49:45.671 11988-11988/com.comtop.mim I/YWContactManagerImpl: getContactProfileCallback, temp = null
10-30 17:49:45.671 11988-11988/com.comtop.mim I/IMProfileCacheUtil: getDefaultProfileCallback
10-30 17:49:45.671 11988-11988/com.comtop.mim I/YWContactManagerImpl: getCrossContactProfileCallback, temp = null
10-30 17:49:45.671 11988-11988/com.comtop.mim I/IMProfileCacheUtil: geDefaultCrossProfileCallback
10-30 17:49:45.671 11988-11988/com.comtop.mim D/YWContactManagerImpl: appkey equals profileCallback called
10-30 17:49:45.671 11988-11988/com.comtop.mim D/YWContactManagerImpl: result nick=B81 headUrl= appkey=null
10-30 17:49:45.672 11988-11988/com.comtop.mim D/ConversationAdapter: message = null
10-30 17:49:45.675 11988-11988/com.comtop.mim D/YWContactManagerImpl: getContactProfileInfo userId=00015093a71819be appkey=23232985
10-30 17:49:45.676 11988-11988/com.comtop.mim I/YWContactManagerImpl: getContactProfileCallback, temp = null
10-30 17:49:45.676 11988-11988/com.comtop.mim I/IMProfileCacheUtil: getDefaultProfileCallback
10-30 17:49:45.676 11988-11988/com.comtop.mim I/YWContactManagerImpl: getCrossContactProfileCallback, temp = null
10-30 17:49:45.676 11988-11988/com.comtop.mim I/IMProfileCacheUtil: geDefaultCrossProfileCallback
10-30 17:49:45.676 11988-11988/com.comtop.mim D/YWContactManagerImpl: appkey equals profileCallback called
10-30 17:49:45.676 11988-11988/com.comtop.mim D/YWContactManagerImpl: result nick=119 headUrl= appkey=null
10-30 17:49:45.677 11988-11988/com.comtop.mim D/YWContactManagerImpl: getContactProfileInfo userId=00015093a71819be appkey=23232985
10-30 17:49:45.677 11988-11988/com.comtop.mim I/YWContactManagerImpl: getContactProfileCallback, temp = null
10-30 17:49:45.677 11988-11988/com.comtop.mim I/IMProfileCacheUtil: getDefaultProfileCallback
10-30 17:49:45.677 11988-11988/com.comtop.mim I/YWContactManagerImpl: getCrossContactProfileCallback, temp = null
10-30 17:49:45.677 11988-11988/com.comtop.mim I/IMProfileCacheUtil: geDefaultCrossProfileCallback
10-30 17:49:45.678 11988-11988/com.comtop.mim D/YWContactManagerImpl: appkey equals profileCallback called
10-30 17:49:45.678 11988-11988/com.comtop.mim D/YWContactManagerImpl: result nick=119 headUrl= appkey=null
10-30 17:49:45.678 11988-11988/com.comtop.mim D/ConversationAdapter: message = null
10-30 17:49:45.884 11988-19256/com.comtop.mim I/Native: InetIO_SetForeground 1
10-30 17:49:46.358 11988-11988/com.comtop.mim D/IMChannel: onActivityPaused:ui.MainActivity
10-30 17:49:46.358 11988-11988/com.comtop.mim I/YWConversationManagerImpl: removeConversationListener
10-30 17:49:46.413 11988-15722/com.comtop.mim I/WXContext@idvj1r4l000150888cb0740c@login: xlogin:1, isForeground:1
10-30 17:49:46.413 11988-15722/com.comtop.mim I/WXContext@idvj1r4l000150888cb0740c@login: connect with server failed, try restartlogin again
10-30 17:49:46.413 11988-15722/com.comtop.mim I/WXContext@idvj1r4l000150888cb0740c@login: restartLogin, self=1， gtid:0x61bf98a0
10-30 17:49:46.414 11988-15722/com.comtop.mim I/jni/inet/android/native/common/calljava.cpp: nativeLog
10-30 17:49:46.414 11988-12073/com.comtop.mim W/WXContext@idvj1r4l000150888cb0740c@loginmynative: =重登=
10-30 17:49:46.415 11988-12073/com.comtop.mim I/nativeLog: begin native log
10-30 17:49:46.415 11988-12073/com.comtop.mim I/im@WXContext@idvj1r4l000150888cb0740c@login: =重登=
10-30 17:49:46.416 11988-15722/com.comtop.mim I/WXContext@idvj1r4l000150888cb0740c@login: start loginThreadFunc ....... from restarlogin
10-30 17:49:46.421 11988-19274/com.comtop.mim I/WXContext@idvj1r4l000150888cb0740c@login: Before Login
10-30 17:49:46.421 11988-12106/com.comtop.mim I/callback@native@im: Logining
10-30 17:49:46.422 11988-19274/com.comtop.mim I/jni/inet/android/native/common/calljava.cpp: getDataNetworkType
10-30 17:49:46.423 11988-12073/com.comtop.mim I/JNIUtil: getDataNetworkType 1 ret=1
10-30 17:49:46.425 11988-12063/com.comtop.mim I/Native: InetIO_ngetLoginState
10-30 17:49:46.426 11988-12063/com.comtop.mim I/Native: current user idvj1r4l000150888cb0740c
10-30 17:49:46.427 11988-12063/com.comtop.mim I/InetIO: lAccount:idvj1r4l000150888cb0740c ,mState:2 ,msg.what=6
10-30 17:49:46.428 11988-12063/com.comtop.mim I/InetIO: doLogining
10-30 17:49:46.429 11988-19274/com.comtop.mim I/jni/inet/android/native/common/calljava.cpp: aquireWakeLock
10-30 17:49:46.430 11988-19274/com.comtop.mim I/WXContext@idvj1r4l000150888cb0740c@login: LoginOnPushChannel
10-30 17:49:46.430 11988-19274/com.comtop.mim I/WXContext@idvj1r4l000150888cb0740c@login: try LoginOnPushChannel
10-30 17:49:46.430 11988-19274/com.comtop.mim I/WXContext@idvj1r4l000150888cb0740c@login: begin connect to local server.
10-30 17:49:46.431 11988-19274/com.comtop.mim I/WXContext@idvj1r4l000150888cb0740c@login: has connect
10-30 17:49:46.431 11988-19274/com.comtop.mim I/WXContext@idvj1r4l000150888cb0740c@login: end   connect to local server, ret=1, fd=80
10-30 17:49:46.432 11988-19274/com.comtop.mim I/WXContext@idvj1r4l000150888cb0740c@login: conntoPushService begin read...
10-30 17:49:46.432 11988-19274/com.comtop.mim I/WXContext@idvj1r4l000150888cb0740c@login: conntoPushService read timeout, wait ts:0, timeout:10
10-30 17:49:46.435 11988-12063/com.comtop.mim I/ServiceChooseHelper: ClientRegInfo, 23015524 com.alibaba.openIMUIDemo
10-30 17:49:46.436 11988-12063/com.comtop.mim I/ServiceChooseHelper: startService, xpushnative://xpush/serviceStart code:0 conetxt.getPackageAppName:com.comtop.mim appname:com.alibaba.openIMUIDemo tcmsservicename:com.alibaba.tcms.service.MonitorActivity
10-30 17:49:46.458 11988-12063/com.comtop.mim D/MessageDispatcher: doLogining.
10-30 17:49:46.460 11988-12063/com.comtop.mim D/MessageDispatcher: doLogining, com.alibaba.mobileim.lib.presenter.conversation.ConversationManager@42475fa0 is notified.
10-30 17:49:46.463 11988-12063/com.comtop.mim D/MessageDispatcher: doLogining, com.alibaba.mobileim.lib.presenter.account.Account@424665c8 is notified.
10-30 17:49:46.671 11988-11988/com.comtop.mim D/IMChannel: onActivityStopped:ui.MainActivity
10-30 17:49:46.672 11988-11988/com.comtop.mim I/Native: InetIO_SetForeground 0
10-30 17:49:47.433 11988-19274/com.comtop.mim I/WXContext@idvj1r4l000150888cb0740c@login: conntoPushService successfully.
10-30 17:49:47.436 11988-19274/com.comtop.mim I/jni/inet/android/native/common/calljava.cpp: nativeLog
10-30 17:49:47.445 11988-12073/com.comtop.mim W/WXContext@idvj1r4l000150888cb0740c@loginmynative: 连接到TCMS成功
10-30 17:49:47.447 11988-12073/com.comtop.mim I/nativeLog: begin native log
10-30 17:49:47.449 11988-12073/com.comtop.mim I/im@WXContext@idvj1r4l000150888cb0740c@login: 连接到TCMS成功
10-30 17:49:47.451 11988-19274/com.comtop.mim I/inetimpl@native@im: RegisterFd,fd=80
10-30 17:49:47.453 11988-19274/com.comtop.mim I/WXContext@idvj1r4l000150888cb0740c@login: begin send renewal ...
10-30 17:49:47.455 11988-19274/com.comtop.mim I/inetimpl@native@im@msg: PostMsg,cmdid=0x1000300,seqid=50,cmdtype=0,compress=0,encrypted=28
10-30 17:49:47.456 11988-19274/com.comtop.mim D/packagesize: headerlen:424, bodylen:30, extraheadlen:396
10-30 17:49:47.458 11988-19274/com.comtop.mim I/imservice@native@im: synccall before TimedWait=8 seconds,seqid=50
10-30 17:49:47.460 11988-12105/com.comtop.mim I/inetimpl@native@im@msg@sendbytes: 460,fd=80,error=11
10-30 17:49:47.572 11988-12105/com.comtop.mim I/inetimpl@native@im@msg@recvbytes: 56,fd=80,bufsize=56
10-30 17:49:47.575 11988-12105/com.comtop.mim I/inetimpl@native@im@msg@recv: 接收到消息, seqid=50
10-30 17:49:47.576 11988-12107/com.comtop.mim I/imservice@native@im: clientAsyncCallbackThrFunc get one SyncResponse, Signal,cmdid=0x1010300,seqid=50,rspdatasize=32,errcode=0
10-30 17:49:47.576 11988-12105/com.comtop.mim I/inetimpl@native@im@msg: SaveRspMsg,cmdid=0x1010300,seqid=50,cmdtype=0,compress=1,encrypted=1005
10-30 17:49:47.577 11988-19274/com.comtop.mim I/imservice@native@im: synccall  after TimedWait=8 seconds, ret=0
10-30 17:49:47.577 11988-19274/com.comtop.mim I/WXContext@idvj1r4l000150888cb0740c@login: after send renewal
10-30 17:49:47.577 11988-19274/com.comtop.mim I/WXContext@idvj1r4l000150888cb0740c@login: renewal ok.
10-30 17:49:47.578 11988-19274/com.comtop.mim I/jni/inet/android/native/common/calljava.cpp: nativeLog
10-30 17:49:47.582 11988-12073/com.comtop.mim W/WXContext@idvj1r4l000150888cb0740c@loginmynative: 服务端返回xpush=1
10-30 17:49:47.583 11988-12073/com.comtop.mim I/nativeLog: begin native log
10-30 17:49:47.584 11988-12073/com.comtop.mim I/im@WXContext@idvj1r4l000150888cb0740c@login: 服务端返回xpush=1
10-30 17:49:47.586 11988-19274/com.comtop.mim I/jni/inet/android/native/common/calljava.cpp: nativeLog
10-30 17:49:47.587 11988-12073/com.comtop.mim W/WXContext@idvj1r4l000150888cb0740c@loginmynative: 快登成功
10-30 17:49:47.588 11988-12073/com.comtop.mim I/nativeLog: begin native log
10-30 17:49:47.588 11988-12073/com.comtop.mim I/im@WXContext@idvj1r4l000150888cb0740c@login: 快登成功
10-30 17:49:47.588 11988-19274/com.comtop.mim I/jni/inet/android/native/common/calljava.cpp: releaseWakeLock
10-30 17:49:47.589 11988-12106/com.comtop.mim I/callback@native@im: updateData
10-30 17:49:47.589 11988-12106/com.comtop.mim D/InetIO: updateData, lAccout:idvj1r4l000150888cb0740c userId:idvj1r4l000150888cb0740c key:track value:{
                                                        	"name":	"login",
                                                        	"comsume":	1165,
                                                        	"steps":	[{
                                                        			"name":	"connect2ims",
                                                        			"comsume":	1021,
                                                        			"result":	0
                                                        		}, {
                                                        			"name":	"renewal",
