01-16 16:24:36.398: W/WXSecurityStoreWrapper(26365): getStore2 dynamicDataStore is null
01-16 16:24:36.398: W/WXSecurityStoreWrapper(26365): getStore2 dynamicDataStore is null
01-16 16:24:36.398: W/WXSecurityStoreWrapper(26365): getStore2 dynamicDataStore is null
01-16 16:24:36.399: D/WXUtil(26365): sign string:idvj1r4l00015248af3cd4e4dumyKey1452932675100817126211861.9.0_ANDROID_OPENIM
01-16 16:24:36.399: D/WXUtil(26365): appId:100817
01-16 16:24:36.399: D/WXUtil(26365): appKey:12621186
01-16 16:24:36.399: D/WXUtil(26365): sign_key:dumyKey
01-16 16:24:36.399: D/WXUtil(26365): sign_time:1452932675
01-16 16:24:36.399: D/WXUtil(26365): sign_value:792ec45dabec328e4897170759a06e12
01-16 16:24:36.400: D/WXUtil(26365): user_id:idvj1r4l00015248af3cd4e4
01-16 16:24:36.400: D/WXUtil(26365): ver:1.9.0_ANDROID_OPENIM
01-16 16:24:36.400: D/HttpChannel(26365): {appId=100817, appKey=12621186, sign_key=dumyKey, sign_time=1452932675, sign_value=792ec45dabec328e4897170759a06e12, user_id=idvj1r4l00015248af3cd4e4, ver=1.9.0_ANDROID_OPENIM}
01-16 16:24:36.409: D/may(26365): setContentView() used time: 179
01-16 16:24:36.416: D/may(26365): init async thread used time: 6
01-16 16:24:36.424: I/YWAPI(26365): getIMKitInstance userid=00015248af3cd4e4 appkey=23232985
01-16 16:24:36.424: I/YWAPI(26365): createIMCore userId=00015248af3cd4e4 appkey=23232985
01-16 16:24:36.425: I/im@im@login(26365): [Login-login]用户：00015248af3cd4e4 开始登录！
01-16 16:24:36.425: D/WxPerf(26365): IMSmilyCache time:57
01-16 16:24:36.430: I/WxUtil(26365): current process name:com.comtop.mim---main process name:com.comtop.mim
01-16 16:24:36.431: D/may(26365): =====>loginBaiChuanProgressing
01-16 16:24:36.431: D/EgoAccount.api(26365): getAccount:idvj1r4l00015248af3cd4e4 appId:100817
01-16 16:24:36.432: I/YWAccount(26365): loginAccount
01-16 16:24:36.432: D/YWChannel(26365): YWChannel getSessionId mOpenAccountAdapter is null
01-16 16:24:36.433: D/im@im@login(26365): [Login-loginAccount]mSessionId is emplty get sessionId = 
01-16 16:24:36.433: D/im@im@login(26365): [Login-loginAccount]mSessionId still is emplty
01-16 16:24:36.433: D/YWAccount(26365): updateUserAccount called prefix=idvj1r4l
01-16 16:24:36.434: D/EgoAccount.api(26365): getAccount:idvj1r4l00015248af3cd4e4 appId:100817
01-16 16:24:36.434: D/EgoAccount.api(26365): getAccount:idvj1r4l00015248af3cd4e4 appId:100817
01-16 16:24:36.435: D/LoginParam(26365): setSsoParam:{"appkey":"23232985"}
01-16 16:24:36.436: D/YWContactManagerImpl(26365): com.alibaba.mobileim.gingko.presenter.contact.YWContactManagerImpl@420433f8
01-16 16:24:36.436: W/YWAccount(26365): contact null
01-16 16:24:36.436: D/im@im@login(26365): [Login-loginAccount]login contact is null!
01-16 16:24:36.436: D/im@im@login(26365): [Login-loginAccount]start login timeout=120000
01-16 16:24:36.437: D/Account(26365): mLoginState1 this:com.alibaba.mobileim.lib.presenter.account.Account@42330da8
01-16 16:24:36.437: D/Account(26365): postDelayed,timeoutTaskcom.alibaba.mobileim.lib.presenter.account.Account$9@42026400
01-16 16:24:36.438: I/YWAccount(26365): addConnectionListener 
01-16 16:24:36.438: D/may(26365): switchFragment used time: 22
01-16 16:24:36.443: D/may(26365): registerReceiver used time: 5
01-16 16:24:36.444: D/may(26365): locale: zh_CN
01-16 16:24:36.446: D/AbsHttpRequestResolver(26365): http://msp.szcomtop.com:6888/msp-cas/router?
01-16 16:24:36.450: D/SysUtil(26365): url before:http://wxapi.taobao.com/api/user/getUser.json
01-16 16:24:36.450: D/SysUtil(26365): url after:http://wxapi.taobao.com/api/user/getUser.json
01-16 16:24:36.450: D/WxDefaultExecutor(26365): ----http running:com.alibaba.mobileim.channel.http.HttpRequestPost
01-16 16:24:36.451: I/HttpWebTokenCallback(26365): http://wxapi.taobao.com/api/user/getUser.json  result:{"msg":"token校验失败","code":410}
01-16 16:24:36.451: I/HttpChannel.api(26365): asyncGetAccountProfile
01-16 16:24:36.451: D/WXGetWebTokenLock(26365): await true 10
01-16 16:24:36.451: D/EgoAccount.api(26365): getAccount:idvj1r4l00015248af3cd4e4 appId:100817
01-16 16:24:36.452: D/HttpWebTokenCallback(26365): ReqGetToken retry:http://wxapi.taobao.com/api/user/getUser.json
01-16 16:24:36.453: I/openimprotocol@native(26365): ImReqGetToken_packData
01-16 16:24:36.453: I/openimprotocol@native(26365): ImReqGetToken_packData success!
01-16 16:24:36.453: D/test(26365): cmdId:16777222
01-16 16:24:36.454: I/SocketChannel.api(26365): reqGetToken
01-16 16:24:36.454: D/WXGetWebTokenLock(26365): waitForNotify
01-16 16:24:36.454: D/SocketChannel(26365): query param:{"query":[{"name":"all"}]}
01-16 16:24:36.455: I/Native(26365): InetIO_ngetLoginState
01-16 16:24:36.455: I/Native(26365): current user idvj1r4l00015248af3cd4e4
01-16 16:24:36.455: I/EgoAccount.api(26365): getLoginState:3
01-16 16:24:36.455: D/test(26365): cmdId:301991425
01-16 16:24:36.455: D/SocketChannel(26365): .api asyncGetSetting
01-16 16:24:36.456: I/Native(26365): InetIO_ngetLoginState
01-16 16:24:36.456: I/Native(26365): current user idvj1r4l00015248af3cd4e4
01-16 16:24:36.456: I/EgoAccount.api(26365): getLoginState:3
01-16 16:24:36.458: I/openimprotocol@native(26365): CntReqGetblack_packData
01-16 16:24:36.458: I/openimprotocol@native(26365): CntReqGetblack_packData success!
01-16 16:24:36.458: D/test(26365): cmdId:33554440
01-16 16:24:36.458: D/SocketChannel.api(26365): getBlackList valid
01-16 16:24:36.458: D/MessageDispatcher(26365): loginSuccess com.alibaba.mobileim.lib.presenter.account.Account@42330da8 is notified.
01-16 16:24:36.459: D/MessageDispatcher(26365): loginSuccess com.alibaba.mobileim.lib.presenter.conversation.ConversationManager@42370d98 is notified.
01-16 16:24:36.459: D/DegradeStrategyMgr(26365): firstLoginFailTime=0 count=0
01-16 16:24:36.460: I/System.out(26365): ---->sign=CA828AD180E4039DC29B5032B36887E5EFAB4E44
01-16 16:24:36.460: I/System.out(26365): ---->timestamp=1452932675125
01-16 16:24:36.460: I/System.out(26365): ---->v=1.0
01-16 16:24:36.460: I/System.out(26365): ---->nonce=1452932675125
01-16 16:24:36.460: I/System.out(26365): ---->sessionId=f628e54c-9f17-4209-a82c-444e4c80ddd4
01-16 16:24:36.460: I/System.out(26365): ---->locale=zh_CN
01-16 16:24:36.460: I/System.out(26365): ---->method=user.relogin
01-16 16:24:36.460: I/System.out(26365): ---->format=json
01-16 16:24:36.460: I/System.out(26365): ---->appKey=00015248af3cdee5
01-16 16:24:36.460: D/may(26365): ---->&sign=CA828AD180E4039DC29B5032B36887E5EFAB4E44&timestamp=1452932675125&v=1.0&nonce=1452932675125&sessionId=f628e54c-9f17-4209-a82c-444e4c80ddd4&locale=zh_CN&method=user.relogin&format=json&appKey=00015248af3cdee5
01-16 16:24:36.469: D/may(26365): auto login used time: 26
01-16 16:24:36.470: D/IMChannel(26365): onActivityStarted:ui.MainActivity
01-16 16:24:36.712: W/dalvikvm(26365): VFY: unable to find class referenced in signature (Ljava/nio/file/Path;)
01-16 16:24:36.713: W/dalvikvm(26365): VFY: unable to find class referenced in signature ([Ljava/nio/file/OpenOption;)
01-16 16:24:36.715: I/dalvikvm(26365): Could not find method java.nio.file.Files.newOutputStream, referenced from method okio.Okio.sink
01-16 16:24:36.715: W/dalvikvm(26365): VFY: unable to resolve static method 55387: Ljava/nio/file/Files;.newOutputStream (Ljava/nio/file/Path;[Ljava/nio/file/OpenOption;)Ljava/io/OutputStream;
01-16 16:24:36.715: D/dalvikvm(26365): VFY: replacing opcode 0x71 at 0x000a
01-16 16:24:36.723: W/dalvikvm(26365): VFY: unable to find class referenced in signature (Ljava/nio/file/Path;)
01-16 16:24:36.723: W/dalvikvm(26365): VFY: unable to find class referenced in signature ([Ljava/nio/file/OpenOption;)
01-16 16:24:36.724: I/dalvikvm(26365): Could not find method java.nio.file.Files.newInputStream, referenced from method okio.Okio.source
01-16 16:24:36.724: W/dalvikvm(26365): VFY: unable to resolve static method 55386: Ljava/nio/file/Files;.newInputStream (Ljava/nio/file/Path;[Ljava/nio/file/OpenOption;)Ljava/io/InputStream;
01-16 16:24:36.725: D/dalvikvm(26365): VFY: replacing opcode 0x71 at 0x000a
01-16 16:24:36.801: I/HttpRequestResolveImpl(26365): result parser is:com.comtop.mim.parser.AppDefaultJSONParser
01-16 16:24:36.801: D/HttpRequestResolveImpl(26365): result class is: com.comtop.mim.result.LoginResult
01-16 16:24:36.801: D/AppCommJSONParser(26365): ---->result: LoginResult, {"user":{"createDate":"2016-01-16 12:26:29","updateDate":"2016-01-16 15:32:00","userId":"00015248af3cd4e4","nick":"zhou","avatarId":"http://7xn4wo.com1.z0.glb.clouddn.com/user/avatar/00015248af3cd4e4?t=1452929520.909189","phone":"13800000005","gender":"2"},"sessionId":"089be1f9-709b-4135-8475-afe0d8788044","imToken":"7998c18481","timeStamp":1452932675762,"jsessionId":"d21dbb99-e9b9-423b-add4-dbc2398defc8","appKey":"00015248af3cdee5","appSecret":"31eb8820c43a41698cf4bd4ed788c63e"}
01-16 16:24:36.841: D/may(26365): locale: zh_CN
01-16 16:24:36.842: D/AbsHttpRequestResolver(26365): http://msp.szcomtop.com:6888/msp-ams/router?
01-16 16:24:36.847: I/System.out(26365): ---->sign=465755E1BE7439AFE1877BC34984E015F401ADAF
01-16 16:24:36.848: I/System.out(26365): ---->timestamp=1452932675522
01-16 16:24:36.848: I/System.out(26365): ---->v=1.0
01-16 16:24:36.848: I/System.out(26365): ---->platform=android
01-16 16:24:36.848: I/System.out(26365): ---->nonce=1452932675522
01-16 16:24:36.848: I/System.out(26365): ---->sessionId=f628e54c-9f17-4209-a82c-444e4c80ddd4
01-16 16:24:36.848: I/System.out(26365): ---->locale=zh_CN
01-16 16:24:36.849: I/System.out(26365): ---->method=workcircle.app.list
01-16 16:24:36.849: I/System.out(26365): ---->format=json
01-16 16:24:36.849: I/System.out(26365): ---->appKey=00015248af3cdee5
01-16 16:24:36.849: D/may(26365): ---->&sign=465755E1BE7439AFE1877BC34984E015F401ADAF&timestamp=1452932675522&v=1.0&platform=android&nonce=1452932675522&sessionId=f628e54c-9f17-4209-a82c-444e4c80ddd4&locale=zh_CN&method=workcircle.app.list&format=json&appKey=00015248af3cdee5
01-16 16:24:36.917: I/HttpRequestResolveImpl(26365): result parser is:com.comtop.mim.parser.AppDefaultJSONParser
01-16 16:24:36.917: D/HttpRequestResolveImpl(26365): result class is: com.comtop.mim.result.PluglistResult
01-16 16:24:36.919: D/AppCommJSONParser(26365): ---->result: PluglistResult, {"items":[{"appId":"123006","name":"Google+","logo":"http://www.ffpic.com/files/2013/0313/png0308roberto/ffpic1306123388153.png","description":"如现实生活中一样分享，颠覆您以往的网络观念","platform":"android","type":"android","url":"","params":"{'noTitle':0}","packName":"com.comtop.bbs","lanuch":"com.comtop.bbs.activity.BbsMainActivity","isAdd":"1","inlay":"1","defaultApp":"1"},{"appId":"123004","name":"Google翻译","logo":"http://www.ffpic.com/files/2013/0313/png0308roberto/ffpic13061233204319.png","description":"即时翻译50多种语言的文字、网页和文件","platform":"android","type":"web","url":"https://translate.google.com","params":"","packName":"","lanuch":"0","isAdd":"1","inlay":"0","defaultApp":"1"},{"appId":"123005","name":"云端硬盘","logo":"http://www.ffpic.com/files/2013/0313/png0308roberto/ffpic1306123330449.png","description":"在同一位置创建、共享和保存您的所有文件和资料","platform":"android","type":"web","url":"https://www.google.com/drive/","params":"","packName":"","lanuch":"0","isAdd":"1","inlay":"0","defaultApp":"1"},{"appId":"0123008","name":"北理驾校","logo":"http://7xn4wo.com1.z0.glb.clouddn.com/workcircle/20151231/111712/jiaxiao.png","description":"北理驾校","platform":"android","type":"web","url":"https://www.baidu.com","params":"","packName":"","lanuch":"","isAdd":"1","inlay":"","defaultApp":"1"},{"appId":"0123009","name":"吃货","logo":"http://7xn4wo.com1.z0.glb.clouddn.com/workcircle/20151231/111712/chihuo.png","description":"吃货","platform":"android","type":"web","url":"http://m.sogou.com/","params":"","packName":"","lanuch":"0","isAdd":"1","inlay":"0","defaultApp":"1"},{"appId":"0123012","name":"快递","logo":"http://7xn4wo.com1.z0.glb.clouddn.com/workcircle/20151231/111712/kuaidi.png","description":"快递","platform":"android","type":"web","url":"http://express1.lenewwifi.com/","params":"","packName":"","lanuch":"","isAdd":"1","inlay":"","defaultApp":"1"},{"appId":"0123011","name":"快餐","logo":"http://7xn4wo.com1.z0.glb.clouddn.com/workcircle/20151231/111712/kuaican.png","description":"快餐","platform":"android","type":"web","url":"http://cn.bing.com/","params":"","packName":"","lanuch":"0","isAdd":"1","inlay":"0","defaultApp":"1"},{"appId":"0123015","name":"校园wifi","logo":"http://7xn4wo.com1.z0.glb.clouddn.com/workcircle/20151231/111712/campus_wifi.png","description":"校园wifi","platform":"android","type":"web","url":"https://www.baidu.com","params":"","packName":"","lanuch":"0","isAdd":"1","inlay":"0","defaultApp":"1"},{"appId":"0123013","name":"联通wifi","logo":"http://7xn4wo.com1.z0.glb.clouddn.com/workcircle/20151231/111712/unicom_wifi.png","description":"联通wifi","platform":"android","type":"web","url":"https://www.baidu.com","params":"","packName":"","lanuch":"0","isAdd":"1","inlay":"0","defaultApp":"1"},{"appId":"0123014","name":"联通充值","logo":"http://7xn4wo.com1.z0.glb.clouddn.com/workcircle/20151231/111712/unicom_charge.png","description":"联通充值","platform":"android","type":"web","url":"http://cn.bing.com/","params":"","packName":"","lanuch":"0","isAdd":"1","inlay":"0","defaultApp":"1"},{"appId":"0123010","name":"课程表","logo":"http://7xn4wo.com1.z0.glb.clouddn.com/workcircle/20151231/111712/schedule.png","description":"课程表","platform":"android","type":"web","url":"http://course1.lenewwifi.com/","params":"","packName":"","lanuch":"","isAdd":"1","inlay":"","defaultApp":"1"}]}
01-16 16:24:37.000: D/dalvikvm(26365): GC_FOR_ALLOC freed 9377K, 47% free 15020K/27864K, paused 22ms, total 22ms
01-16 16:24:37.031: D/WifiStateMachine(1045): handleMessage: E msg.what=151572
01-16 16:24:37.031: D/WifiStateMachine(1045): processMsg: ConnectedState
01-16 16:24:37.031: D/WifiStateMachine(1045): processMsg: L2ConnectedState
01-16 16:24:37.044: D/WifiStateMachine(1045): handleMessage: X
01-16 16:24:37.190: D/HttpRequestResolveImpl(26365): handle send message.
01-16 16:24:37.212: D/HttpRequestResolveImpl(26365): handle send message.
01-16 16:24:37.266: D/IMChannel(26365): onActivityResumed:ui.MainActivity
01-16 16:24:37.266: I/Native(26365): InetIO_SetForeground 1
01-16 16:24:37.354: D/DegradeStrategyMgr(26365):  mType=1 mVersion=1.9.0 mLastCrashTime=0 mNormalCrashCount=0 mUnsatisfiedLinkErrorCount=0 mJniExceptionCount=0 mFirstLoginFailTime=0 mLoginFailCount=0
01-16 16:24:37.354: D/DegradeStrategyMgr(26365): firstLoginFailTime=0 count=0
01-16 16:24:37.354: I/Native(26365): InetIO_ngetLoginState
01-16 16:24:37.354: I/Native(26365): current user idvj1r4l00015248af3cd4e4
01-16 16:24:37.355: I/EgoAccount.api(26365): getLoginState:3
01-16 16:24:37.359: I/callback@native@im(26365): updateData
01-16 16:24:37.359: D/InetIO(26365): updateData, lAccout:idvj1r4l00015248af3cd4e4 userId:idvj1r4l00015248af3cd4e4 key:connstatus value:1
01-16 16:24:37.368: I/SocketChannel(26365): start getLogonSessionInfo
01-16 16:24:37.440: I/openimprotocol@native(26365): ImReqGetLogonInfo_packData
01-16 16:24:37.440: I/openimprotocol@native(26365): ImReqGetLogonInfo_packData success!
01-16 16:24:37.441: D/test(26365): cmdId:67108865
01-16 16:24:37.442: I/Native(26365): InetIO_ngetLoginState
01-16 16:24:37.444: I/Native(26365): current user idvj1r4l00015248af3cd4e4
01-16 16:24:37.444: I/EgoAccount.api(26365): getLoginState:3
01-16 16:24:37.444: I/openimprotocol@native(26365): ImReqReadTimes_packData
01-16 16:24:37.444: I/openimprotocol@native(26365): ImReqReadTimes_packData success!
01-16 16:24:37.445: D/test(26365): cmdId:16777745
01-16 16:24:37.445: I/Native(26365): InetIO_ngetLoginState
01-16 16:24:37.445: I/Native(26365): current user idvj1r4l00015248af3cd4e4
01-16 16:24:37.445: I/InetIO(26365): lAccount:idvj1r4l00015248af3cd4e4 ,mState:1 ,msg.what=7
01-16 16:24:37.445: I/InetIO(26365): handleUpdateData
01-16 16:24:37.446: D/InetIO(26365): asyncCall，  cmdid：16778240 appId:100817 bizId:0
01-16 16:24:37.446: I/Native(26365): InetIO_asyncCall
01-16 16:24:37.446: I/imservice@native@im@msg@send(26365): 压缩消息体, src paramdata.size=208
01-16 16:24:37.446: I/imservice@native@im@msg@send(26365): 压缩消息体, bCommpress:1, dst paramdata.size=168
01-16 16:24:37.447: I/WXContext@idvj1r4l00015248af3cd4e4@login(26365): extrahead:idvj1r4l00015248af3cd4e4, reserved:1
01-16 16:24:37.447: I/inetimpl@native@im@msg(26365): PostMsg,cmdid=0x1000400,seqid=3,cmdtype=1,compress=1,encrypted=28
01-16 16:24:37.447: D/PersistManager(26365): get, list properties.
01-16 16:24:37.448: D/PersistManager(26365): key:\":1,\"appKey\":\"23015524\"}"} value:
01-16 16:24:37.448: D/packagesize(26365): headerlen:52, bodylen:168, extraheadlen:24
01-16 16:24:37.448: I/inetimpl@native@im@msg@sendbytes(26365): 226,fd=72,error=11
01-16 16:24:37.448: I/LocalSocketServer@native@tcms(19676): poll fd:61, event:1
01-16 16:24:37.448: D/InetIO(26365): asyncCall，  cmdid：16777222 appId:100817 bizId:0
01-16 16:24:37.449: D/PersistManager(26365): key:op.mim":"{\"clientPriority\":14464800,\"disable\":false,\"regTime\":1450233171304,\"callCount\":1,\"appKey\":\"23015524\"}"} value:
01-16 16:24:37.449: D/PersistManager(26365): key:ec value:18 23:40:39 GMT+08:00 2015
01-16 16:24:37.449: I/Native(26365): InetIO_asyncCall
01-16 16:24:37.449: I/WXContext@idvj1r4l00015248af3cd4e4@login(26365): extrahead:idvj1r4l00015248af3cd4e4, reserved:1
01-16 16:24:37.449: D/PersistManager(26365): key:23015524\"}"} value:
01-16 16:24:37.450: I/inetimpl@native@im@msg(26365): PostMsg,cmdid=0x1000006,seqid=4,cmdtype=0,compress=1,encrypted=28
01-16 16:24:37.450: D/PersistManager(26365): key:XPUSH_SDK_INFO_V2 value:{"com.comtop.mim":"{\"clientPriority\":14464800,\"disable\":false,\"regTime\":1452515957757,\"callCount\":1,\"appKey\":\"23232985\"}"}
01-16 16:24:37.450: D/PersistManager(26365): key:":1,\"appKey\":\"23015524\"}"} value:
01-16 16:24:37.450: D/packagesize(26365): headerlen:52, bodylen:8, extraheadlen:24
01-16 16:24:37.451: I/inetimpl@native@im@msg@sendbytes(26365): 66,fd=72,error=11
01-16 16:24:37.451: D/InetIO(26365): asyncCall，  cmdid：301991425 appId:100817 bizId:0
01-16 16:24:37.451: D/PersistManager(26365): key:push_device_id_key_v1 value:a0t6ix2taf44895d___tks79g5mstt9xb5l
01-16 16:24:37.451: D/PersistManager(26365): key::"{\"clientPriority\":14464800,\"disable\":false,\"regTime\":1450233171304,\"callCount\":1,\"appKey\":\"23015524\"}"} value:
01-16 16:24:37.451: I/Native(26365): InetIO_asyncCall
01-16 16:24:37.452: I/WXContext@idvj1r4l00015248af3cd4e4@login(26365): extrahead:idvj1r4l00015248af3cd4e4, reserved:1
01-16 16:24:37.452: D/PersistManager(26365): key:2015 value:
01-16 16:24:37.452: I/inetimpl@native@im@msg(26365): PostMsg,cmdid=0x12000601,seqid=5,cmdtype=0,compress=1,encrypted=28
01-16 16:24:37.452: D/PersistManager(26365): key:"appKey\":\"23015524\"}"} value:
01-16 16:24:37.452: D/PersistManager(26365): key:304,\"callCount\":1,\"appKey\":\"23015524\"}"} value:
01-16 16:24:37.453: D/packagesize(26365): headerlen:52, bodylen:72, extraheadlen:24
01-16 16:24:37.453: D/PersistManager(26365): key:xpushClient__xpush_push_maxmsgid value:32234630603777
01-16 16:24:37.453: I/inetimpl@native@im@msg@sendbytes(26365): 130,fd=72,error=11
01-16 16:24:37.453: D/PersistManager(26365): key:mtop.mim":"{\"clientPriority\":14464800,\"disable\":false,\"regTime\":1450233171304,\"callCount\":1,\"appKey\":\"23015524\"}"} value:
01-16 16:24:37.454: D/InetIO(26365): asyncCall，  cmdid：33554440 appId:100817 bizId:0
01-16 16:24:37.454: I/Native(26365): InetIO_asyncCall
01-16 16:24:37.454: I/WXContext@idvj1r4l00015248af3cd4e4@login(26365): extrahead:idvj1r4l00015248af3cd4e4, reserved:1
01-16 16:24:37.454: I/inetimpl@native@im@msg(26365): PostMsg,cmdid=0x2000008,seqid=6,cmdtype=0,compress=1,encrypted=28
01-16 16:24:37.454: D/packagesize(26365): headerlen:52, bodylen:24, extraheadlen:24
01-16 16:24:37.454: I/inetimpl@native@im@msg@sendbytes(26365): 82,fd=72,error=11
01-16 16:24:37.454: D/PersistManager(26365): key:14464800,\"disable\":false,\"regTime\":1450233171304,\"callCount\":1,\"appKey\":\"23015524\"}"} value:
01-16 16:24:37.454: D/PersistManager(26365): key:push_heart_freq_key value:{"\"lenew\"":180,"\"wifi-comtop\"":358,"\"MM_AP\"":227,"\"jacpy\"":800,"\"wifi-confine\"":180,"\".lenew-T\"":180}
01-16 16:24:37.454: D/PersistManager(26365): key:iority\":14464800,\"disable\":false,\"regTime\":1450233171304,\"callCount\":1,\"appKey\":\"23015524\"}"} value:
01-16 16:24:37.455: D/PersistManager(26365): key:push_tcms_client_id_key value:a0d0jhk6neij6wka
01-16 16:24:37.455: D/PersistManager(26365): key:\"23015524\"}"} value:
01-16 16:24:37.455: D/InetIO(26365): asyncCall，  cmdid：67108865 appId:100817 bizId:0
01-16 16:24:37.455: I/Native(26365): InetIO_asyncCall
01-16 16:24:37.455: I/WXContext@idvj1r4l00015248af3cd4e4@login(26365): extrahead:idvj1r4l00015248af3cd4e4, reserved:1
01-16 16:24:37.455: I/inetimpl@native@im@msg(26365): PostMsg,cmdid=0x4000001,seqid=7,cmdtype=0,compress=1,encrypted=28
01-16 16:24:37.455: D/packagesize(26365): headerlen:52, bodylen:0, extraheadlen:24
01-16 16:24:37.455: I/inetimpl@native@im@msg@sendbytes(26365): 58,fd=72,error=11
01-16 16:24:37.456: D/InetIO(26365): asyncCall，  cmdid：16777745 appId:100817 bizId:0
01-16 16:24:37.456: I/Native(26365): InetIO_asyncCall
01-16 16:24:37.460: I/jni/inet/android/native/common/calljava.cpp(19676): nativeLog
01-16 16:24:37.464: W/tcminetimpl@native@tcms@msgmynative(19676): PostMsg,interface=wx,method=s,seqid=39,sessionid:4,cmdtype=2,compress=0,encrypted=0
01-16 16:24:37.464: I/Native(26365): InetIO_ngetLoginState
01-16 16:24:37.465: I/Native(26365): current user idvj1r4l00015248af3cd4e4
01-16 16:24:37.465: I/EgoAccount.api(26365): getLoginState:3
01-16 16:24:37.465: D/may(26365): =====>im login state: success
01-16 16:24:37.465: I/Native(26365): InetIO_ngetLoginState
01-16 16:24:37.465: I/Native(26365): current user idvj1r4l00015248af3cd4e4
01-16 16:24:37.465: I/EgoAccount.api(26365): getLoginState:3
01-16 16:24:37.465: D/TCMSService(19676): onStart----
01-16 16:24:37.465: I/Native(26365): InetIO_ngetLoginState
01-16 16:24:37.465: I/Native(26365): current user idvj1r4l00015248af3cd4e4
01-16 16:24:37.465: I/EgoAccount.api(26365): getLoginState:3
01-16 16:24:37.466: D/may(26365): =====>im login state: success
01-16 16:24:37.466: I/Native(26365): InetIO_ngetLoginState
01-16 16:24:37.466: I/Native(26365): current user idvj1r4l00015248af3cd4e4
01-16 16:24:37.466: I/EgoAccount.api(26365): getLoginState:3
01-16 16:24:37.466: D/may(26365): ======>unread count: 0, service: com.alibaba.mobileim.lib.presenter.conversation.YWConversationManagerImpl@42300468
01-16 16:24:37.483: D/Account(26365): 当前已有的notify**********************************
01-16 16:24:37.484: D/Account(26365): notify = 1108118200
01-16 16:24:37.484: D/Account(26365): notify = 1110321592
01-16 16:24:37.484: D/Account(26365): 当前已有的notify**********************************
01-16 16:24:37.484: D/Account(26365): login success notifying : notify = 1108118200
01-16 16:24:37.484: D/im@im@login(26365): [Login-onSuccess]login success!
01-16 16:24:37.484: I/Native(26365): InetIO_ngetLoginState
01-16 16:24:37.484: I/Native(26365): current user idvj1r4l00015248af3cd4e4
01-16 16:24:37.484: I/EgoAccount.api(26365): getLoginState:3
01-16 16:24:37.484: D/may(26365): =====>im login state: success
01-16 16:24:37.484: I/Native(26365): InetIO_ngetLoginState
01-16 16:24:37.484: I/Native(26365): current user idvj1r4l00015248af3cd4e4
01-16 16:24:37.485: I/EgoAccount.api(26365): getLoginState:3
01-16 16:24:37.485: I/Native(26365): InetIO_ngetLoginState
01-16 16:24:37.485: I/Native(26365): current user idvj1r4l00015248af3cd4e4
01-16 16:24:37.485: I/EgoAccount.api(26365): getLoginState:3
01-16 16:24:37.485: D/may(26365): =====>im login state: success
01-16 16:24:37.485: I/Native(26365): InetIO_ngetLoginState
01-16 16:24:37.485: I/Native(26365): current user idvj1r4l00015248af3cd4e4
01-16 16:24:37.485: I/EgoAccount.api(26365): getLoginState:3
01-16 16:24:37.485: I/YWConversationManagerImpl(26365): removeP2PPushListener
01-16 16:24:37.485: I/YWConversationManagerImpl(26365): addP2PPushListener listener=com.comtop.mim.app.App$1@4201c700
01-16 16:24:37.485: I/YWConversationManagerImpl(26365): addP2PPushListener after add listener size=1
01-16 16:24:37.486: I/Native(26365): InetIO_ngetLoginState
01-16 16:24:37.486: I/Native(26365): current user idvj1r4l00015248af3cd4e4
01-16 16:24:37.486: I/EgoAccount.api(26365): getLoginState:3
01-16 16:24:37.486: D/may(26365): =====>im login state: success
01-16 16:24:37.486: I/Native(26365): InetIO_ngetLoginState
01-16 16:24:37.486: I/Native(26365): current user idvj1r4l00015248af3cd4e4
01-16 16:24:37.486: I/EgoAccount.api(26365): getLoginState:3
01-16 16:24:37.486: D/may(26365): ======>unread count: 0, service: com.alibaba.mobileim.lib.presenter.conversation.YWConversationManagerImpl@42300468
01-16 16:24:37.486: D/may(26365): =====>loginBaiChuanSuccess
01-16 16:24:37.486: D/EgoAccount.api(26365): getAccount:idvj1r4l00015248af3cd4e4 appId:100817
01-16 16:24:37.487: I/YWAPI(26365): updateIMKitInstance account=idvj1r4l00015248af3cd4e4 longUserId=idvj1r4l00015248af3cd4e4
01-16 16:24:37.491: W/WXSecurityStoreWrapper(26365): getStore2 dynamicDataStore is null
01-16 16:24:37.508: D/Account(26365): login success notifying : notify = 1110321592
01-16 16:24:37.508: D/im@im@login(26365): [Login-onSuccess]login success!
01-16 16:24:37.508: D/YWChannel(26365): doAutoLoginImpl Success
01-16 16:24:37.508: D/EgoAccount.api(26365): getAccount:idvj1r4l00015248af3cd4e4 appId:100817
01-16 16:24:37.508: I/YWAPI(26365): updateIMKitInstance account=idvj1r4l00015248af3cd4e4 longUserId=idvj1r4l00015248af3cd4e4
01-16 16:24:37.508: W/WXSecurityStoreWrapper(26365): getStore2 dynamicDataStore is null
01-16 16:24:37.509: D/TCMSService(19676): onHandleIntent, ------- command=xpushnative://xpush/clearWearyCheck?
01-16 16:24:37.512: I/nativeLog(19676): begin native log
01-16 16:24:37.512: I/tcminetimpl@native@tcms(19676): postData2Server, seqid:39, data.len:244
01-16 16:24:37.512: I/tcminetimpl@native@tcms(19676): postData2Server, m_seqtsMap.len:0
01-16 16:24:37.512: I/LocalSocketServer@native@tcms(19676): poll fd:61, event:1
01-16 16:24:37.456: I/WXContext@idvj1r4l00015248af3cd4e4@login(26365): extrahead:idvj1r4l00015248af3cd4e4, reserved:1
01-16 16:24:37.512: I/jni/inet/android/native/common/calljava.cpp(19676): nativeLog
01-16 16:24:37.512: I/inetimpl@native@im@msg(26365): PostMsg,cmdid=0x1000211,seqid=8,cmdtype=0,compress=1,encrypted=28
01-16 16:24:37.513: D/packagesize(26365): headerlen:52, bodylen:16, extraheadlen:24
01-16 16:24:37.515: I/jni/inet/android/native/common/calljava.cpp(19676): nativeLog
01-16 16:24:37.526: I/YWAPI(26365): getIMKitInstance userid=00015248af3cd4e4 appkey=23232985
01-16 16:24:37.527: I/YWAPI(26365): createIMCore userId=00015248af3cd4e4 appkey=23232985
01-16 16:24:37.527: I/im@im@login(26365): [Login-login]用户：00015248af3cd4e4 开始登录！
01-16 16:24:37.533: I/WxUtil(26365): current process name:com.comtop.mim---main process name:com.comtop.mim
01-16 16:24:37.533: D/may(26365): =====>loginBaiChuanProgressing
01-16 16:24:37.534: D/EgoAccount.api(26365): getAccount:idvj1r4l00015248af3cd4e4 appId:100817
01-16 16:24:37.534: I/YWAccount(26365): loginAccount
01-16 16:24:37.535: D/YWChannel(26365): YWChannel getSessionId mOpenAccountAdapter is null
01-16 16:24:37.536: D/im@im@login(26365): [Login-loginAccount]mSessionId is emplty get sessionId = 
01-16 16:24:37.536: D/im@im@login(26365): [Login-loginAccount]mSessionId still is emplty
01-16 16:24:37.536: D/YWAccount(26365): updateUserAccount called prefix=idvj1r4l
01-16 16:24:37.536: D/EgoAccount.api(26365): getAccount:idvj1r4l00015248af3cd4e4 appId:100817
01-16 16:24:37.536: D/EgoAccount.api(26365): getAccount:idvj1r4l00015248af3cd4e4 appId:100817
01-16 16:24:37.536: D/LoginParam(26365): setSsoParam:{"appkey":"23232985"}
01-16 16:24:37.536: D/YWContactManagerImpl(26365): com.alibaba.mobileim.gingko.presenter.contact.YWContactManagerImpl@420433f8
01-16 16:24:37.536: W/YWAccount(26365): contact null
01-16 16:24:37.537: D/im@im@login(26365): [Login-loginAccount]login contact is null!
01-16 16:24:37.537: D/im@im@login(26365): [Login-loginAccount]start login timeout=120000
01-16 16:24:37.537: D/Account(26365): mLoginState2 this:com.alibaba.mobileim.lib.presenter.account.Account@42330da8
01-16 16:24:37.537: D/im@im@login(26365): [Login-onSuccess]login success!
01-16 16:24:37.537: I/Native(26365): InetIO_ngetLoginState
01-16 16:24:37.537: I/Native(26365): current user idvj1r4l00015248af3cd4e4
01-16 16:24:37.537: I/EgoAccount.api(26365): getLoginState:3
01-16 16:24:37.537: D/may(26365): =====>im login state: success
01-16 16:24:37.537: I/Native(26365): InetIO_ngetLoginState
01-16 16:24:37.537: I/Native(26365): current user idvj1r4l00015248af3cd4e4
01-16 16:24:37.537: I/EgoAccount.api(26365): getLoginState:3
01-16 16:24:37.537: I/Native(26365): InetIO_ngetLoginState
01-16 16:24:37.537: I/Native(26365): current user idvj1r4l00015248af3cd4e4
01-16 16:24:37.537: I/EgoAccount.api(26365): getLoginState:3
01-16 16:24:37.537: D/may(26365): =====>im login state: success
01-16 16:24:37.538: I/Native(26365): InetIO_ngetLoginState
01-16 16:24:37.538: I/Native(26365): current user idvj1r4l00015248af3cd4e4
01-16 16:24:37.539: I/EgoAccount.api(26365): getLoginState:3
01-16 16:24:37.539: I/YWConversationManagerImpl(26365): removeP2PPushListener
01-16 16:24:37.540: I/YWConversationManagerImpl(26365): addP2PPushListener listener=com.comtop.mim.app.App$1@4201c700
01-16 16:24:37.540: I/YWConversationManagerImpl(26365): addP2PPushListener after add listener size=1
01-16 16:24:37.540: I/Native(26365): InetIO_ngetLoginState
01-16 16:24:37.540: I/Native(26365): current user idvj1r4l00015248af3cd4e4
01-16 16:24:37.540: I/EgoAccount.api(26365): getLoginState:3
01-16 16:24:37.540: D/may(26365): =====>im login state: success
01-16 16:24:37.540: I/Native(26365): InetIO_ngetLoginState
01-16 16:24:37.541: I/Native(26365): current user idvj1r4l00015248af3cd4e4
01-16 16:24:37.541: I/EgoAccount.api(26365): getLoginState:3
01-16 16:24:37.541: D/may(26365): ======>unread count: 0, service: com.alibaba.mobileim.lib.presenter.conversation.YWConversationManagerImpl@42300468
01-16 16:24:37.541: D/may(26365): =====>loginBaiChuanSuccess
01-16 16:24:37.541: D/EgoAccount.api(26365): getAccount:idvj1r4l00015248af3cd4e4 appId:100817
01-16 16:24:37.541: I/YWAPI(26365): updateIMKitInstance account=idvj1r4l00015248af3cd4e4 longUserId=idvj1r4l00015248af3cd4e4
01-16 16:24:37.541: W/WXSecurityStoreWrapper(26365): getStore2 dynamicDataStore is null
01-16 16:24:37.542: I/YWAccount(26365): addConnectionListener 
01-16 16:24:37.542: D/AsyncTaskLoader(26365): callback: com.comtop.cmf.framework.net.impl.AsyncTaskCallbackProxy@4216df10, onPost result: com.comtop.mim.result.LoginResult
01-16 16:24:37.512: D/TCMSService(19676): clearWearyCheck
01-16 16:24:37.513: I/inetimpl@native@im@msg@sendbytes(26365): 74,fd=72,error=11
01-16 16:24:37.517: W/tcminetimpl@native@tcms@msg@sendbytesmynative(19676): 244,fd=54,error=11
01-16 16:24:37.542: D/AsyncTaskLoader(26365): callback: com.comtop.cmf.framework.net.impl.AsyncTaskCallbackProxy@4216df10, onPost result: com.comtop.mim.result.PluglistResult
01-16 16:24:37.595: I/nativeLog(19676): begin native log
01-16 16:24:37.596: I/jni/inet/android/native/common/calljava.cpp(19676): nativeLog
01-16 16:24:37.596: W/tcminetimpl@native@tcms@msgmynative(19676): PostMsg,interface=wx,method=s,seqid=40,sessionid:4,cmdtype=2,compress=0,encrypted=0
01-16 16:24:37.596: I/nativeLog(19676): begin native log
01-16 16:24:37.596: W/tcminetimpl@native@tcms@msg@recvbytesmynative(19676): 236,fd=54,bufsize=236
01-16 16:24:37.596: I/nativeLog(19676): begin native log
01-16 16:24:37.596: I/SccomHelper@native(19676): 包未加密
01-16 16:24:37.665: I/jni/inet/android/native/common/calljava.cpp(19676): nativeLog
01-16 16:24:37.667: I/TcmInet@native@tcms(19676): INetImpl::GetMsg, seqid=0,interface=wx,method=s, errcode=0,msgtype=2
01-16 16:24:37.743: I/TcmInet@native@tcms(19676): clientServiceThrFunc get one notify,interface=wx, method=s, sessionId=4, seqid=0
01-16 16:24:37.751: D/tcmsposix@native@tcms(19676): get a notify, sessionId:4, interface:wx, method:s, 
01-16 16:24:37.756: I/inetimpl@native@im@msg@recvbytes(26365): 216,fd=72,bufsize=216
01-16 16:24:37.756: I/inetimpl@native@im@msg@recv(26365): 接收到消息, seqid=3
01-16 16:24:37.757: I/inetimpl@native@im@msg(26365): SaveRspMsg,cmdid=0x1010400,seqid=3,cmdtype=1,compress=1,encrypted=23905
01-16 16:24:37.757: I/InetIO(26365): ResponseSuccess, cmdid:16778240
01-16 16:24:37.757: D/WXServiceCallbackDefault.api(26365): cmdid:16778240 state: true
01-16 16:24:37.758: D/CloudRequestCallback(26365): openIMProfile:{"code":0,"result":{"items":{"idvj1r4l00015248af3cd4e4":{"email":"","icon":"http://7xn4wo.com1.z0.glb.clouddn.com/user/avatar/00015248af3cd4e4?t=1452929520.909189","mobile":"13800000005","nick":"zhou","taobaoid":"","userid":"00015248af3cd4e4"}}}}
01-16 16:24:37.759: I/LocalSocketServer@native@tcms(19676): exitPoll
01-16 16:24:37.764: I/System.out(26365): ----------------->updateAllPlug 11
01-16 16:24:37.778: W/tcminetimpl@native@tcms@msgmynative(19676): SaveRspMsg,interface=wx,method=s,seqid=0,sessionId=4,cmdtype=2
01-16 16:24:37.795: I/nativeLog(19676): begin native log
01-16 16:24:37.796: I/tcminetimpl@native@tcms(19676): postData2Server, seqid:40, data.len:81
01-16 16:24:37.796: I/tcminetimpl@native@tcms(19676): postData2Server, m_seqtsMap.len:0
01-16 16:24:37.796: I/LocalSocketServer@native@tcms(19676): poll fd:61, event:1
01-16 16:24:37.796: I/jni/inet/android/native/common/calljava.cpp(19676): nativeLog
01-16 16:24:37.797: I/jni/inet/android/native/common/calljava.cpp(19676): nativeLog
01-16 16:24:37.797: W/tcminetimpl@native@tcms@msg@sendbytesmynative(19676): 81,fd=54,error=11
01-16 16:24:37.797: I/nativeLog(19676): begin native log
01-16 16:24:37.797: W/tcminetimpl@native@tcms@msgmynative(19676): PostMsg,interface=wx,method=s,seqid=41,sessionid:4,cmdtype=2,compress=0,encrypted=0
01-16 16:24:37.797: I/nativeLog(19676): begin native log
01-16 16:24:37.797: I/tcminetimpl@native@tcms(19676): postData2Server, seqid:41, data.len:146
01-16 16:24:37.797: I/tcminetimpl@native@tcms(19676): postData2Server, m_seqtsMap.len:0
01-16 16:24:37.797: I/LocalSocketServer@native@tcms(19676): poll fd:61, event:1
01-16 16:24:37.797: I/jni/inet/android/native/common/calljava.cpp(19676): nativeLog
01-16 16:24:37.797: I/jni/inet/android/native/common/calljava.cpp(19676): nativeLog
01-16 16:24:37.797: W/tcminetimpl@native@tcms@msgmynative(19676): PostMsg,interface=wx,method=s,seqid=42,sessionid:4,cmdtype=2,compress=0,encrypted=0
01-16 16:24:37.797: I/nativeLog(19676): begin native log
01-16 16:24:37.798: W/tcminetimpl@native@tcms@msg@sendbytesmynative(19676): 146,fd=54,error=11
01-16 16:24:37.798: I/nativeLog(19676): begin native log
01-16 16:24:37.798: I/tcminetimpl@native@tcms(19676): postData2Server, seqid:42, data.len:97
01-16 16:24:37.798: I/tcminetimpl@native@tcms(19676): postData2Server, m_seqtsMap.len:0
01-16 16:24:37.799: I/jni/inet/android/native/common/calljava.cpp(19676): nativeLog
01-16 16:24:37.799: I/LocalSocketServer@native@tcms(19676): poll fd:61, event:1
01-16 16:24:37.799: W/tcminetimpl@native@tcms@msg@sendbytesmynative(19676): 97,fd=54,error=11
01-16 16:24:37.799: I/nativeLog(19676): begin native log
01-16 16:24:37.800: I/jni/inet/android/native/common/calljava.cpp(19676): nativeLog
01-16 16:24:37.800: W/tcminetimpl@native@tcms@msgmynative(19676): PostMsg,interface=wx,method=s,seqid=43,sessionid:4,cmdtype=2,compress=0,encrypted=0
01-16 16:24:37.800: I/nativeLog(19676): begin native log
01-16 16:24:37.801: I/tcminetimpl@native@tcms(19676): postData2Server, seqid:43, data.len:73
01-16 16:24:37.801: I/tcminetimpl@native@tcms(19676): postData2Server, m_seqtsMap.len:0
01-16 16:24:37.801: I/jni/inet/android/native/common/calljava.cpp(19676): nativeLog
01-16 16:24:37.801: I/LocalSocketServer@native@tcms(19676): poll fd:61, event:1
01-16 16:24:37.802: W/tcminetimpl@native@tcms@msg@sendbytesmynative(19676): 73,fd=54,error=11
01-16 16:24:37.802: I/YWAPI(26365): getIMKitInstance userid=00015248af3cd4e4 appkey=23232985
01-16 16:24:37.803: I/nativeLog(19676): begin native log
01-16 16:24:37.803: I/YWAPI(26365): createIMCore userId=00015248af3cd4e4 appkey=23232985
01-16 16:24:37.803: I/im@im@login(26365): [Login-login]用户：00015248af3cd4e4 开始登录！
01-16 16:24:37.806: I/WxUtil(26365): current process name:com.comtop.mim---main process name:com.comtop.mim
01-16 16:24:37.806: D/may(26365): =====>loginBaiChuanProgressing
01-16 16:24:37.806: D/EgoAccount.api(26365): getAccount:idvj1r4l00015248af3cd4e4 appId:100817
01-16 16:24:37.807: I/YWAccount(26365): loginAccount
01-16 16:24:37.807: D/YWChannel(26365): YWChannel getSessionId mOpenAccountAdapter is null
01-16 16:24:37.807: D/im@im@login(26365): [Login-loginAccount]mSessionId is emplty get sessionId = 
01-16 16:24:37.807: D/im@im@login(26365): [Login-loginAccount]mSessionId still is emplty
01-16 16:24:37.807: D/YWAccount(26365): updateUserAccount called prefix=idvj1r4l
01-16 16:24:37.807: D/EgoAccount.api(26365): getAccount:idvj1r4l00015248af3cd4e4 appId:100817
01-16 16:24:37.807: D/EgoAccount.api(26365): getAccount:idvj1r4l00015248af3cd4e4 appId:100817
01-16 16:24:37.807: D/LoginParam(26365): setSsoParam:{"appkey":"23232985"}
01-16 16:24:37.807: I/jni/inet/android/native/common/calljava.cpp(19676): nativeLog
01-16 16:24:37.807: D/YWContactManagerImpl(26365): com.alibaba.mobileim.gingko.presenter.contact.YWContactManagerImpl@420433f8
01-16 16:24:37.807: W/YWAccount(26365): contact null
01-16 16:24:37.807: D/im@im@login(26365): [Login-loginAccount]login contact is null!
01-16 16:24:37.807: D/im@im@login(26365): [Login-loginAccount]start login timeout=120000
01-16 16:24:37.807: D/Account(26365): mLoginState2 this:com.alibaba.mobileim.lib.presenter.account.Account@42330da8
01-16 16:24:37.807: D/im@im@login(26365): [Login-onSuccess]login success!
01-16 16:24:37.808: I/Native(26365): InetIO_ngetLoginState
01-16 16:24:37.808: I/Native(26365): current user idvj1r4l00015248af3cd4e4
01-16 16:24:37.808: I/EgoAccount.api(26365): getLoginState:3
01-16 16:24:37.808: D/may(26365): =====>im login state: success
01-16 16:24:37.808: I/Native(26365): InetIO_ngetLoginState
01-16 16:24:37.808: I/Native(26365): current user idvj1r4l00015248af3cd4e4
01-16 16:24:37.808: I/EgoAccount.api(26365): getLoginState:3
01-16 16:24:37.808: I/Native(26365): InetIO_ngetLoginState
01-16 16:24:37.808: I/Native(26365): current user idvj1r4l00015248af3cd4e4
01-16 16:24:37.808: I/EgoAccount.api(26365): getLoginState:3
01-16 16:24:37.808: D/may(26365): =====>im login state: success
01-16 16:24:37.808: I/Native(26365): InetIO_ngetLoginState
01-16 16:24:37.808: I/Native(26365): current user idvj1r4l00015248af3cd4e4
01-16 16:24:37.808: I/EgoAccount.api(26365): getLoginState:3
01-16 16:24:37.808: I/YWConversationManagerImpl(26365): removeP2PPushListener
01-16 16:24:37.808: I/YWConversationManagerImpl(26365): addP2PPushListener listener=com.comtop.mim.app.App$1@4201c700
01-16 16:24:37.808: I/YWConversationManagerImpl(26365): addP2PPushListener after add listener size=1
01-16 16:24:37.808: D/EgoAccount.api(26365): getAccount:idvj1r4l00015248af3cd4e4 appId:100817
01-16 16:24:37.808: I/YWAPI(26365): updateIMKitInstance account=idvj1r4l00015248af3cd4e4 longUserId=idvj1r4l00015248af3cd4e4
01-16 16:24:37.808: W/WXSecurityStoreWrapper(26365): getStore2 dynamicDataStore is null
01-16 16:24:37.808: I/YWAccount(26365): addConnectionListener 
01-16 16:24:37.809: I/YWUIAPI(26365): prepare
01-16 16:24:37.809: W/tcminetimpl@native@tcms@msgmynative(19676): PostMsg,interface=wx,method=s,seqid=44,sessionid:4,cmdtype=2,compress=0,encrypted=0
01-16 16:24:37.809: I/nativeLog(19676): begin native log
01-16 16:24:37.809: D/may(26365): MainActivity initEnv used time: 1393ms
01-16 16:24:37.811: I/tcminetimpl@native@tcms(19676): postData2Server, seqid:44, data.len:89
01-16 16:24:37.811: I/tcminetimpl@native@tcms(19676): postData2Server, m_seqtsMap.len:0
01-16 16:24:37.811: I/jni/inet/android/native/common/calljava.cpp(19676): nativeLog
01-16 16:24:37.811: W/tcminetimpl@native@tcms@msg@sendbytesmynative(19676): 89,fd=54,error=11
01-16 16:24:37.811: I/nativeLog(19676): begin native log
01-16 16:24:37.842: D/dalvikvm(26365): Trying to load lib /data/app-lib/com.comtop.mim-1/libmemchunk.so 0x41facb98
01-16 16:24:37.844: D/dalvikvm(26365): Added shared lib /data/app-lib/com.comtop.mim-1/libmemchunk.so 0x41facb98
01-16 16:24:37.872: D/dalvikvm(26365): GC_FOR_ALLOC freed 1114K, 43% free 15934K/27864K, paused 23ms, total 23ms
01-16 16:24:37.882: I/jni/inet/android/native/common/calljava.cpp(19676): nativeLog
01-16 16:24:37.882: W/tcminetimpl@native@tcms@msg@recvbytesmynative(19676): 172,fd=54,bufsize=172
01-16 16:24:37.882: I/nativeLog(19676): begin native log
01-16 16:24:37.882: I/SccomHelper@native(19676): 包未加密
01-16 16:24:37.882: I/jni/inet/android/native/common/calljava.cpp(19676): nativeLog
01-16 16:24:37.882: I/TcmInet@native@tcms(19676): INetImpl::GetMsg, seqid=0,interface=wx,method=s, errcode=0,msgtype=2
01-16 16:24:37.882: I/TcmInet@native@tcms(19676): clientServiceThrFunc get one notify,interface=wx, method=s, sessionId=4, seqid=0
01-16 16:24:37.882: D/tcmsposix@native@tcms(19676): get a notify, sessionId:4, interface:wx, method:s, 
01-16 16:24:37.882: I/inetimpl@native@im@msg@recvbytes(26365): 152,fd=72,bufsize=152
01-16 16:24:37.882: I/inetimpl@native@im@msg@recv(26365): 接收到消息, seqid=4
01-16 16:24:37.882: I/inetimpl@native@im@msg(26365): SaveRspMsg,cmdid=0x1010006,seqid=4,cmdtype=1,compress=1,encrypted=14483
01-16 16:24:37.882: I/LocalSocketServer@native@tcms(19676): exitPoll
01-16 16:24:37.883: W/tcminetimpl@native@tcms@msgmynative(19676): SaveRspMsg,interface=wx,method=s,seqid=0,sessionId=4,cmdtype=2
01-16 16:24:37.883: I/nativeLog(19676): begin native log
01-16 16:24:37.884: I/InetIO(26365): ResponseSuccess, cmdid:16777222
01-16 16:24:37.884: D/WXServiceCallbackDefault.api(26365): cmdid:16777222 state: true
01-16 16:24:37.884: I/openimprotocol@native(26365): ImRspGetToken_unpackData
01-16 16:24:37.884: I/openimprotocol@native(26365): ImRspGetToken_unpackData success!
01-16 16:24:37.884: D/HttpWebTokenCallback(26365): ReqGetToken retcode:0 token:{"uniqkey":"08395862-9A30-E949-8312-6AAB9869A683","token":"5B1EF15E-C00C-1F47-9766-8C2FE66266CE","expire":1800} type:10
01-16 16:24:37.885: W/WXSecurityStoreWrapper(26365): getStore2 dynamicDataStore is null
01-16 16:24:37.885: W/WXSecurityStoreWrapper(26365): getStore2 dynamicDataStore is null
01-16 16:24:37.885: W/WXSecurityStoreWrapper(26365): getStore2 dynamicDataStore is null
01-16 16:24:37.886: D/WXGetWebTokenLock(26365): doNotifyAll
01-16 16:24:37.886: D/WXUtil(26365): sign string:idvj1r4l00015248af3cd4e408395862-9A30-E949-8312-6AAB9869A6835B1EF15E-C00C-1F47-9766-8C2FE66266CE1452932676100817126211861.9.0_ANDROID_OPENIM
01-16 16:24:37.887: D/WXUtil(26365): appId:100817
01-16 16:24:37.887: D/WXUtil(26365): appKey:12621186
01-16 16:24:37.887: D/WXUtil(26365): sign_key:08395862-9A30-E949-8312-6AAB9869A683
01-16 16:24:37.887: D/WXUtil(26365): sign_time:1452932676
01-16 16:24:37.887: D/WXUtil(26365): sign_value:a667cff59681aa23d972466dab94457d
01-16 16:24:37.887: D/WXUtil(26365): user_id:idvj1r4l00015248af3cd4e4
01-16 16:24:37.888: D/WXUtil(26365): ver:1.9.0_ANDROID_OPENIM
01-16 16:24:37.888: D/SysUtil(26365): url before:http://wxapi.taobao.com/api/user/getUser.json
01-16 16:24:37.888: D/SysUtil(26365): url after:http://wxapi.taobao.com/api/user/getUser.json
01-16 16:24:37.902: D/HttpRequestPost(26365): doHttpPostDefault
01-16 16:24:37.948: I/jni/inet/android/native/common/calljava.cpp(19676): nativeLog
01-16 16:24:38.018: W/tcminetimpl@native@tcms@msg@recvbytesmynative(19676): 57,fd=54,bufsize=57
01-16 16:24:38.021: I/nativeLog(19676): begin native log
01-16 16:24:38.021: I/SccomHelper@native(19676): 包未加密
01-16 16:24:38.022: I/jni/inet/android/native/common/calljava.cpp(19676): nativeLog
01-16 16:24:38.022: I/TcmInet@native@tcms(19676): INetImpl::GetMsg, seqid=0,interface=wx,method=s, errcode=0,msgtype=2
01-16 16:24:38.022: I/TcmInet@native@tcms(19676): clientServiceThrFunc get one notify,interface=wx, method=s, sessionId=4, seqid=0
01-16 16:24:38.022: D/tcmsposix@native@tcms(19676): get a notify, sessionId:4, interface:wx, method:s, 
01-16 16:24:38.023: I/inetimpl@native@im@msg@recvbytes(26365): 40,fd=72,bufsize=40
01-16 16:24:38.023: I/inetimpl@native@im@msg@recv(26365): 接收到消息, seqid=7
01-16 16:24:38.023: I/inetimpl@native@im@msg(26365): SaveRspMsg,cmdid=0x4010001,seqid=7,cmdtype=0,compress=1,encrypted=333
01-16 16:24:38.023: I/InetIO(26365): ResponseSuccess, cmdid:67108865
01-16 16:24:38.023: I/LocalSocketServer@native@tcms(19676): exitPoll
01-16 16:24:38.023: D/InetPush(26365): InetPush:doAction, cmdid67108865 bizId:0dingdong:true uuid671088651452932678023
01-16 16:24:38.024: D/test(26365): cmdId response:67108865
01-16 16:24:38.024: I/InetPush(26365): ImReqGetLogonInfo coming!
01-16 16:24:38.024: W/InetPush(26365): ImReqGetLogonInfo infoList error infoList=[]
01-16 16:24:38.024: D/WXServiceCallbackDefault.api(26365): cmdid:67108865 state: true
01-16 16:24:38.024: W/tcminetimpl@native@tcms@msgmynative(19676): SaveRspMsg,interface=wx,method=s,seqid=0,sessionId=4,cmdtype=2
01-16 16:24:38.024: I/nativeLog(19676): begin native log
01-16 16:24:38.024: I/jni/inet/android/native/common/calljava.cpp(19676): nativeLog
01-16 16:24:38.025: W/tcminetimpl@native@tcms@msg@recvbytesmynative(19676): 294,fd=54,bufsize=294
01-16 16:24:38.025: I/nativeLog(19676): begin native log
01-16 16:24:38.025: I/SccomHelper@native(19676): 包未加密
01-16 16:24:38.026: I/jni/inet/android/native/common/calljava.cpp(19676): nativeLog
01-16 16:24:38.026: I/TcmInet@native@tcms(19676): INetImpl::GetMsg, seqid=0,interface=wx,method=s, errcode=0,msgtype=2
01-16 16:24:38.026: I/TcmInet@native@tcms(19676): clientServiceThrFunc get one notify,interface=wx, method=s, sessionId=4, seqid=0
01-16 16:24:38.026: D/tcmsposix@native@tcms(19676): get a notify, sessionId:4, interface:wx, method:s, 
01-16 16:24:38.026: I/inetimpl@native@im@msg@recvbytes(26365): 40,fd=72,bufsize=40
01-16 16:24:38.026: I/inetimpl@native@im@msg@recv(26365): 接收到消息, seqid=8
01-16 16:24:38.026: I/inetimpl@native@im@msg(26365): SaveRspMsg,cmdid=0x1010211,seqid=8,cmdtype=0,compress=1,encrypted=97
01-16 16:24:38.027: I/LocalSocketServer@native@tcms(19676): exitPoll
01-16 16:24:38.027: W/tcminetimpl@native@tcms@msgmynative(19676): SaveRspMsg,interface=wx,method=s,seqid=0,sessionId=4,cmdtype=2
01-16 16:24:38.027: I/nativeLog(19676): begin native log
01-16 16:24:38.027: I/SccomHelper@native(19676): 包未加密
01-16 16:24:38.027: I/jni/inet/android/native/common/calljava.cpp(19676): nativeLog
01-16 16:24:38.027: I/TcmInet@native@tcms(19676): INetImpl::GetMsg, seqid=0,interface=wx,method=s, errcode=0,msgtype=2
01-16 16:24:38.028: I/TcmInet@native@tcms(19676): clientServiceThrFunc get one notify,interface=wx, method=s, sessionId=4, seqid=0
01-16 16:24:38.028: D/tcmsposix@native@tcms(19676): get a notify, sessionId:4, interface:wx, method:s, 
01-16 16:24:38.028: I/inetimpl@native@im@msg@recvbytes(26365): 48,fd=72,bufsize=48
01-16 16:24:38.028: I/inetimpl@native@im@msg@recv(26365): 接收到消息, seqid=6
01-16 16:24:38.028: I/inetimpl@native@im@msg(26365): SaveRspMsg,cmdid=0x2010008,seqid=6,cmdtype=0,compress=1,encrypted=166
01-16 16:24:38.028: I/LocalSocketServer@native@tcms(19676): exitPoll
01-16 16:24:38.028: W/tcminetimpl@native@tcms@msgmynative(19676): SaveRspMsg,interface=wx,method=s,seqid=0,sessionId=4,cmdtype=2
01-16 16:24:38.029: I/nativeLog(19676): begin native log
01-16 16:24:38.029: I/SccomHelper@native(19676): 包未加密
01-16 16:24:38.029: I/jni/inet/android/native/common/calljava.cpp(19676): nativeLog
01-16 16:24:38.029: I/TcmInet@native@tcms(19676): INetImpl::GetMsg, seqid=0,interface=wx,method=s, errcode=0,msgtype=2
01-16 16:24:38.029: I/TcmInet@native@tcms(19676): clientServiceThrFunc get one notify,interface=wx, method=s, sessionId=4, seqid=0
01-16 16:24:38.030: D/tcmsposix@native@tcms(19676): get a notify, sessionId:4, interface:wx, method:s, 
01-16 16:24:38.030: I/inetimpl@native@im@msg@recvbytes(26365): 152,fd=72,bufsize=152
01-16 16:24:38.030: I/inetimpl@native@im@msg@recv(26365): 接收到消息, seqid=5
01-16 16:24:38.030: I/inetimpl@native@im@msg(26365): SaveRspMsg,cmdid=0x12010601,seqid=5,cmdtype=1,compress=1,encrypted=15079
01-16 16:24:38.030: I/LocalSocketServer@native@tcms(19676): exitPoll
01-16 16:24:38.031: W/tcminetimpl@native@tcms@msgmynative(19676): SaveRspMsg,interface=wx,method=s,seqid=0,sessionId=4,cmdtype=2
01-16 16:24:38.031: I/nativeLog(19676): begin native log
01-16 16:24:38.032: D/WifiStateMachine(1045): handleMessage: E msg.what=151572
01-16 16:24:38.032: D/WifiStateMachine(1045): processMsg: ConnectedState
01-16 16:24:38.032: D/WifiStateMachine(1045): processMsg: L2ConnectedState
01-16 16:24:38.033: D/dalvikvm(26365): Trying to load lib /data/app-lib/com.comtop.mim-1/libwebp.so 0x41facb98
01-16 16:24:38.033: D/dalvikvm(26365): Added shared lib /data/app-lib/com.comtop.mim-1/libwebp.so 0x41facb98
01-16 16:24:38.033: D/dalvikvm(26365): No JNI_OnLoad found in /data/app-lib/com.comtop.mim-1/libwebp.so 0x41facb98, skipping init
01-16 16:24:38.033: D/dalvikvm(26365): Trying to load lib /data/app-lib/com.comtop.mim-1/libimagepipeline.so 0x41facb98
01-16 16:24:38.034: D/dalvikvm(26365): Added shared lib /data/app-lib/com.comtop.mim-1/libimagepipeline.so 0x41facb98
01-16 16:24:38.035: I/InetIO(26365): ResponseSuccess, cmdid:16777745
01-16 16:24:38.035: D/InetPush(26365): InetPush:doAction, cmdid16777745 bizId:0dingdong:true uuid167777451452932678035
01-16 16:24:38.035: D/test(26365): cmdId response:16777745
01-16 16:24:38.035: I/InetPush(26365): ImReqReadTimes coming!
01-16 16:24:38.035: D/MsgReadedHandlerMgr(26365): onReadTimesRspImpl, size = 0
01-16 16:24:38.036: D/WifiStateMachine(1045): handleMessage: X
