01-16 16:26:55.035: I/SocketChannel.api(27086): reqCommonCmd
01-16 16:26:55.035: I/HttpChannel.api(27086): syncOpenIMProfile
01-16 16:26:55.036: D/YWContactManagerImpl(27086): result is null
01-16 16:26:55.036: D/Account(27086): showName = 00015248af3cd4e4
01-16 16:26:55.041: W/WXSecurityStoreWrapper(27086): getStore2 dynamicDataStore is null
01-16 16:26:55.042: W/WXSecurityStoreWrapper(27086): getStore2 dynamicDataStore is null
01-16 16:26:55.042: W/WXSecurityStoreWrapper(27086): getStore2 dynamicDataStore is null
01-16 16:26:55.042: I/Native(27086): current user idvj1r4l00015248af3cd4e4
01-16 16:26:55.117: D/WXUtil(27086): sign string:idvj1r4l00015248af3cd4e4dumyKey1452932813100817126211861.9.0_ANDROID_OPENIM
01-16 16:26:55.118: I/EgoAccount.api(27086): getLoginState:3
01-16 16:26:55.118: D/may(27086): =====>im login state: success
01-16 16:26:55.119: I/Native(27086): InetIO_ngetLoginState
01-16 16:26:55.120: I/Native(27086): current user idvj1r4l00015248af3cd4e4
01-16 16:26:55.120: I/EgoAccount.api(27086): getLoginState:3
01-16 16:26:55.120: I/YWConversationManagerImpl(27086): removeP2PPushListener
01-16 16:26:55.121: D/WXUtil(27086): appId:100817
01-16 16:26:55.121: I/YWConversationManagerImpl(27086): addP2PPushListener listener=com.comtop.mim.app.App$1@42022570
01-16 16:26:55.122: I/YWConversationManagerImpl(27086): addP2PPushListener after add listener size=1
01-16 16:26:55.122: D/WXUtil(27086): appKey:12621186
01-16 16:26:55.123: D/WXUtil(27086): sign_key:dumyKey
01-16 16:26:55.123: D/WXUtil(27086): sign_time:1452932813
01-16 16:26:55.124: D/WXUtil(27086): sign_value:894bc96e1ba602b8e7f244614accbdc9
01-16 16:26:55.124: D/WXUtil(27086): user_id:idvj1r4l00015248af3cd4e4
01-16 16:26:55.124: D/WXUtil(27086): ver:1.9.0_ANDROID_OPENIM
01-16 16:26:55.125: D/HttpChannel(27086): {appId=100817, appKey=12621186, sign_key=dumyKey, sign_time=1452932813, sign_value=894bc96e1ba602b8e7f244614accbdc9, user_id=idvj1r4l00015248af3cd4e4, ver=1.9.0_ANDROID_OPENIM}
01-16 16:26:55.140: I/ActivityManager(1045): START u0 {cmp=com.comtop.mim/.ui.MainActivity (has extras)} from pid 27086
01-16 16:26:55.143: W/ContextImpl(1280): Calling a method in the system process without a qualified user: android.app.ContextImpl.sendBroadcast:1252 android.content.ContextWrapper.sendBroadcast:365 com.motorola.motocare.util.TriggerHelper$TriggerBuilder.send:76 com.motorola.motocare.internal.frameworkevents.PauseResumeTrigger.handleFrameworkEvent:53 com.motorola.motocare.internal.frameworkevents.FwEventMonitor$FrameworkListener.processFrameworkEvent:114 
01-16 16:26:55.148: W/ActivityManager(1045): Duplicate finish request for ActivityRecord{42cb8408 u0 com.comtop.mim/.ui.LoginActivity t84 f}
01-16 16:26:55.149: D/EgoAccount.api(27086): getAccount:idvj1r4l00015248af3cd4e4 appId:100817
01-16 16:26:55.150: I/YWAPI(27086): updateIMKitInstance account=idvj1r4l00015248af3cd4e4 longUserId=idvj1r4l00015248af3cd4e4
01-16 16:26:55.150: W/WXSecurityStoreWrapper(27086): getStore2 dynamicDataStore is null
01-16 16:26:55.154: D/IMChannel(27086): onActivityPaused:ui.LoginActivity
01-16 16:26:55.155: V/MicroMsg.SDK.WXApiImplV10.ActivityLifecycleCb(27086): com.comtop.mim.ui.LoginActivity  onActivityPaused
01-16 16:26:55.174: I/SBar.NetworkController(1115): updateTelephonySignalStrength:  No service
01-16 16:26:55.182: W/ContextImpl(1280): Calling a method in the system process without a qualified user: android.app.ContextImpl.sendBroadcast:1252 android.content.ContextWrapper.sendBroadcast:365 com.motorola.motocare.util.TriggerHelper$TriggerBuilder.send:76 com.motorola.motocare.internal.frameworkevents.PauseResumeTrigger.handleFrameworkEvent:53 com.motorola.motocare.internal.frameworkevents.FwEventMonitor$FrameworkListener.processFrameworkEvent:114 
01-16 16:26:55.190: D/IMChannel(27086): onActivityCreated:ui.MainActivity
01-16 16:26:55.191: D/WxPerf(27086): IMSmilyCache time:183
01-16 16:26:55.204: D/=SOGOU_LOG=(1233): notifyPackageName--notify packageName-- packageName = com.comtop.mim
01-16 16:26:55.207: D/SysUtil(27086): url before:http://wxapi.taobao.com/api/user/getUser.json
01-16 16:26:55.207: D/SysUtil(27086): url after:http://wxapi.taobao.com/api/user/getUser.json
01-16 16:26:55.208: D/WxDefaultExecutor(27086): ----http running:com.alibaba.mobileim.channel.http.HttpRequestPost
01-16 16:26:55.209: I/HttpChannel.api(27086): asyncGetAccountProfile
01-16 16:26:55.209: I/HttpWebTokenCallback(27086): http://wxapi.taobao.com/api/user/getUser.json  result:{"msg":"token校验失败","code":410}
01-16 16:26:55.209: D/WXGetWebTokenLock(27086): await true 10
01-16 16:26:55.210: D/HttpWebTokenCallback(27086): ReqGetToken retry:http://wxapi.taobao.com/api/user/getUser.json
01-16 16:26:55.210: I/openimprotocol@native(27086): ImReqGetToken_packData
01-16 16:26:55.210: I/openimprotocol@native(27086): ImReqGetToken_packData success!
01-16 16:26:55.211: D/test(27086): cmdId:16777222
01-16 16:26:55.211: D/EgoAccount.api(27086): getAccount:idvj1r4l00015248af3cd4e4 appId:100817
01-16 16:26:55.211: I/SocketChannel.api(27086): reqGetToken
01-16 16:26:55.211: D/WXGetWebTokenLock(27086): waitForNotify
01-16 16:26:55.213: D/SocketChannel(27086): query param:{"query":[{"name":"all"}]}
01-16 16:26:55.214: I/Native(27086): InetIO_ngetLoginState
01-16 16:26:55.214: I/Native(27086): current user idvj1r4l00015248af3cd4e4
01-16 16:26:55.214: I/EgoAccount.api(27086): getLoginState:3
01-16 16:26:55.215: D/test(27086): cmdId:301991425
01-16 16:26:55.215: D/SocketChannel(27086): .api asyncGetSetting
01-16 16:26:55.215: I/Native(27086): InetIO_ngetLoginState
01-16 16:26:55.215: I/Native(27086): current user idvj1r4l00015248af3cd4e4
01-16 16:26:55.216: I/EgoAccount.api(27086): getLoginState:3
01-16 16:26:55.217: I/openimprotocol@native(27086): CntReqGetblack_packData
01-16 16:26:55.217: I/openimprotocol@native(27086): CntReqGetblack_packData success!
01-16 16:26:55.219: D/test(27086): cmdId:33554440
01-16 16:26:55.219: D/SocketChannel.api(27086): getBlackList valid
01-16 16:26:55.220: D/MessageDispatcher(27086): loginSuccess com.alibaba.mobileim.lib.presenter.account.Account@42435e08 is notified.
01-16 16:26:55.220: D/MessageDispatcher(27086): loginSuccess com.alibaba.mobileim.lib.presenter.conversation.ConversationManager@423846e0 is notified.
01-16 16:26:55.221: D/DegradeStrategyMgr(27086): firstLoginFailTime=0 count=0
01-16 16:26:55.273: D/WifiStateMachine(1045): handleMessage: E msg.what=151572
01-16 16:26:55.273: D/WifiStateMachine(1045): processMsg: ConnectedState
01-16 16:26:55.273: D/WifiStateMachine(1045): processMsg: L2ConnectedState
01-16 16:26:55.289: D/WifiStateMachine(1045): handleMessage: X
01-16 16:26:55.659: D/may(27086): setContentView() used time: 304
01-16 16:26:55.660: D/may(27086): init async thread used time: 1
01-16 16:26:55.667: I/Native(27086): InetIO_ngetLoginState
01-16 16:26:55.668: I/Native(27086): current user idvj1r4l00015248af3cd4e4
01-16 16:26:55.668: I/EgoAccount.api(27086): getLoginState:3
01-16 16:26:55.668: D/may(27086): =====>im login state: success
01-16 16:26:55.668: I/Native(27086): InetIO_ngetLoginState
01-16 16:26:55.668: I/Native(27086): current user idvj1r4l00015248af3cd4e4
01-16 16:26:55.668: I/EgoAccount.api(27086): getLoginState:3
01-16 16:26:55.668: D/may(27086): switchFragment used time: 8
01-16 16:26:55.680: D/DegradeStrategyMgr(27086):  mType=1 mVersion=1.9.0 mLastCrashTime=0 mNormalCrashCount=0 mUnsatisfiedLinkErrorCount=0 mJniExceptionCount=0 mFirstLoginFailTime=0 mLoginFailCount=0
01-16 16:26:55.682: D/DegradeStrategyMgr(27086): firstLoginFailTime=0 count=0
01-16 16:26:55.686: I/Native(27086): InetIO_ngetLoginState
01-16 16:26:55.687: I/Native(27086): current user idvj1r4l00015248af3cd4e4
01-16 16:26:55.687: I/EgoAccount.api(27086): getLoginState:3
01-16 16:26:55.688: I/SocketChannel(27086): start getLogonSessionInfo
01-16 16:26:55.733: I/openimprotocol@native(27086): ImReqGetLogonInfo_packData
01-16 16:26:55.735: I/openimprotocol@native(27086): ImReqGetLogonInfo_packData success!
01-16 16:26:55.736: D/test(27086): cmdId:67108865
01-16 16:26:55.738: I/Native(27086): InetIO_ngetLoginState
01-16 16:26:55.744: I/Native(27086): current user idvj1r4l00015248af3cd4e4
01-16 16:26:55.744: I/EgoAccount.api(27086): getLoginState:3
01-16 16:26:55.745: I/openimprotocol@native(27086): ImReqReadTimes_packData
01-16 16:26:55.745: I/openimprotocol@native(27086): ImReqReadTimes_packData success!
01-16 16:26:55.745: D/test(27086): cmdId:16777745
01-16 16:26:55.745: I/Native(27086): InetIO_ngetLoginState
01-16 16:26:55.745: I/Native(27086): current user idvj1r4l00015248af3cd4e4
01-16 16:26:55.746: I/InetIO(27086): lAccount:idvj1r4l00015248af3cd4e4 ,mState:1 ,msg.what=7
01-16 16:26:55.746: I/InetIO(27086): handleUpdateData
01-16 16:26:55.746: D/InetIO(27086): asyncCall，  cmdid：16778240 appId:100817 bizId:0
01-16 16:26:55.746: I/Native(27086): InetIO_asyncCall
01-16 16:26:55.747: I/imservice@native@im@msg@send(27086): 压缩消息体, src paramdata.size=208
01-16 16:26:55.747: I/imservice@native@im@msg@send(27086): 压缩消息体, bCommpress:1, dst paramdata.size=167
01-16 16:26:55.747: I/WXContext@idvj1r4l00015248af3cd4e4@login(27086): extrahead:idvj1r4l00015248af3cd4e4, reserved:1
01-16 16:26:55.747: I/inetimpl@native@im@msg(27086): PostMsg,cmdid=0x1000400,seqid=3,cmdtype=1,compress=1,encrypted=28
01-16 16:26:55.747: D/packagesize(27086): headerlen:52, bodylen:168, extraheadlen:24
01-16 16:26:55.748: I/inetimpl@native@im@msg@sendbytes(27086): 226,fd=103,error=11
01-16 16:26:55.748: D/InetIO(27086): asyncCall，  cmdid：16777222 appId:100817 bizId:0
01-16 16:26:55.748: I/Native(27086): InetIO_asyncCall
01-16 16:26:55.748: I/WXContext@idvj1r4l00015248af3cd4e4@login(27086): extrahead:idvj1r4l00015248af3cd4e4, reserved:1
01-16 16:26:55.748: I/inetimpl@native@im@msg(27086): PostMsg,cmdid=0x1000006,seqid=4,cmdtype=0,compress=1,encrypted=28
01-16 16:26:55.748: D/packagesize(27086): headerlen:52, bodylen:8, extraheadlen:24
01-16 16:26:55.748: I/inetimpl@native@im@msg@sendbytes(27086): 66,fd=103,error=11
01-16 16:26:55.748: D/InetIO(27086): asyncCall，  cmdid：301991425 appId:100817 bizId:0
01-16 16:26:55.748: I/Native(27086): InetIO_asyncCall
01-16 16:26:55.749: I/WXContext@idvj1r4l00015248af3cd4e4@login(27086): extrahead:idvj1r4l00015248af3cd4e4, reserved:1
01-16 16:26:55.749: I/inetimpl@native@im@msg(27086): PostMsg,cmdid=0x12000601,seqid=5,cmdtype=0,compress=1,encrypted=28
01-16 16:26:55.749: D/packagesize(27086): headerlen:52, bodylen:72, extraheadlen:24
01-16 16:26:55.749: I/inetimpl@native@im@msg@sendbytes(27086): 130,fd=103,error=11
01-16 16:26:55.749: D/InetIO(27086): asyncCall，  cmdid：33554440 appId:100817 bizId:0
01-16 16:26:55.749: I/Native(27086): InetIO_asyncCall
01-16 16:26:55.749: I/WXContext@idvj1r4l00015248af3cd4e4@login(27086): extrahead:idvj1r4l00015248af3cd4e4, reserved:1
01-16 16:26:55.749: I/inetimpl@native@im@msg(27086): PostMsg,cmdid=0x2000008,seqid=6,cmdtype=0,compress=1,encrypted=28
01-16 16:26:55.749: D/packagesize(27086): headerlen:52, bodylen:24, extraheadlen:24
01-16 16:26:55.749: I/inetimpl@native@im@msg@sendbytes(27086): 82,fd=103,error=11
01-16 16:26:55.750: D/InetIO(27086): asyncCall，  cmdid：67108865 appId:100817 bizId:0
01-16 16:26:55.750: I/Native(27086): InetIO_asyncCall
01-16 16:26:55.750: I/WXContext@idvj1r4l00015248af3cd4e4@login(27086): extrahead:idvj1r4l00015248af3cd4e4, reserved:1
01-16 16:26:55.750: I/inetimpl@native@im@msg(27086): PostMsg,cmdid=0x4000001,seqid=7,cmdtype=0,compress=1,encrypted=28
01-16 16:26:55.750: D/packagesize(27086): headerlen:52, bodylen:0, extraheadlen:24
01-16 16:26:55.750: I/inetimpl@native@im@msg@sendbytes(27086): 58,fd=103,error=11
01-16 16:26:55.750: I/LocalSocketServer@native@tcms(27123): poll fd:59, event:1
01-16 16:26:55.750: I/jni/inet/android/native/common/calljava.cpp(27123): nativeLog
01-16 16:26:55.750: D/InetIO(27086): asyncCall，  cmdid：16777745 appId:100817 bizId:0
01-16 16:26:55.751: I/Native(27086): InetIO_asyncCall
01-16 16:26:55.751: I/WXContext@idvj1r4l00015248af3cd4e4@login(27086): extrahead:idvj1r4l00015248af3cd4e4, reserved:1
01-16 16:26:55.751: I/inetimpl@native@im@msg(27086): PostMsg,cmdid=0x1000211,seqid=8,cmdtype=0,compress=1,encrypted=28
01-16 16:26:55.751: D/packagesize(27086): headerlen:52, bodylen:16, extraheadlen:24
01-16 16:26:55.751: I/inetimpl@native@im@msg@sendbytes(27086): 74,fd=103,error=11
01-16 16:26:55.751: W/tcminetimpl@native@tcms@msgmynative(27123): PostMsg,interface=wx,method=s,seqid=10,sessionid:2,cmdtype=2,compress=0,encrypted=0
01-16 16:26:55.751: I/nativeLog(27123): begin native log
01-16 16:26:55.751: I/tcminetimpl@native@tcms(27123): postData2Server, seqid:10, data.len:244
01-16 16:26:55.751: I/tcminetimpl@native@tcms(27123): postData2Server, m_seqtsMap.len:0
01-16 16:26:55.751: I/LocalSocketServer@native@tcms(27123): poll fd:59, event:1
01-16 16:26:55.752: I/jni/inet/android/native/common/calljava.cpp(27123): nativeLog
01-16 16:26:55.752: I/jni/inet/android/native/common/calljava.cpp(27123): nativeLog
01-16 16:26:55.752: W/tcminetimpl@native@tcms@msgmynative(27123): PostMsg,interface=wx,method=s,seqid=11,sessionid:2,cmdtype=2,compress=0,encrypted=0
01-16 16:26:55.752: I/nativeLog(27123): begin native log
01-16 16:26:55.753: W/tcminetimpl@native@tcms@msg@sendbytesmynative(27123): 244,fd=56,error=11
01-16 16:26:55.753: I/nativeLog(27123): begin native log
01-16 16:26:55.753: I/tcminetimpl@native@tcms(27123): postData2Server, seqid:11, data.len:81
01-16 16:26:55.753: I/tcminetimpl@native@tcms(27123): postData2Server, m_seqtsMap.len:0
01-16 16:26:55.753: I/LocalSocketServer@native@tcms(27123): poll fd:59, event:1
01-16 16:26:55.753: I/jni/inet/android/native/common/calljava.cpp(27123): nativeLog
01-16 16:26:55.753: I/jni/inet/android/native/common/calljava.cpp(27123): nativeLog
01-16 16:26:55.753: W/tcminetimpl@native@tcms@msgmynative(27123): PostMsg,interface=wx,method=s,seqid=12,sessionid:2,cmdtype=2,compress=0,encrypted=0
01-16 16:26:55.753: I/nativeLog(27123): begin native log
01-16 16:26:55.756: W/tcminetimpl@native@tcms@msg@sendbytesmynative(27123): 81,fd=56,error=11
01-16 16:26:55.757: I/nativeLog(27123): begin native log
01-16 16:26:55.757: I/tcminetimpl@native@tcms(27123): postData2Server, seqid:12, data.len:146
01-16 16:26:55.757: I/tcminetimpl@native@tcms(27123): postData2Server, m_seqtsMap.len:0
01-16 16:26:55.757: I/LocalSocketServer@native@tcms(27123): poll fd:59, event:1
01-16 16:26:55.757: I/jni/inet/android/native/common/calljava.cpp(27123): nativeLog
01-16 16:26:55.758: I/jni/inet/android/native/common/calljava.cpp(27123): nativeLog
01-16 16:26:55.758: W/tcminetimpl@native@tcms@msg@sendbytesmynative(27123): 146,fd=56,error=11
01-16 16:26:55.758: I/nativeLog(27123): begin native log
01-16 16:26:55.758: W/tcminetimpl@native@tcms@msgmynative(27123): PostMsg,interface=wx,method=s,seqid=13,sessionid:2,cmdtype=2,compress=0,encrypted=0
01-16 16:26:55.758: I/nativeLog(27123): begin native log
01-16 16:26:55.759: I/tcminetimpl@native@tcms(27123): postData2Server, seqid:13, data.len:97
01-16 16:26:55.759: I/tcminetimpl@native@tcms(27123): postData2Server, m_seqtsMap.len:0
01-16 16:26:55.759: I/LocalSocketServer@native@tcms(27123): poll fd:59, event:1
01-16 16:26:55.759: I/jni/inet/android/native/common/calljava.cpp(27123): nativeLog
01-16 16:26:55.759: I/jni/inet/android/native/common/calljava.cpp(27123): nativeLog
01-16 16:26:55.759: W/tcminetimpl@native@tcms@msg@sendbytesmynative(27123): 97,fd=56,error=11
01-16 16:26:55.760: I/nativeLog(27123): begin native log
01-16 16:26:55.760: W/tcminetimpl@native@tcms@msgmynative(27123): PostMsg,interface=wx,method=s,seqid=14,sessionid:2,cmdtype=2,compress=0,encrypted=0
01-16 16:26:55.760: I/nativeLog(27123): begin native log
01-16 16:26:55.760: I/tcminetimpl@native@tcms(27123): postData2Server, seqid:14, data.len:73
01-16 16:26:55.760: I/tcminetimpl@native@tcms(27123): postData2Server, m_seqtsMap.len:0
01-16 16:26:55.760: I/LocalSocketServer@native@tcms(27123): poll fd:59, event:1
01-16 16:26:55.761: I/jni/inet/android/native/common/calljava.cpp(27123): nativeLog
01-16 16:26:55.761: I/jni/inet/android/native/common/calljava.cpp(27123): nativeLog
01-16 16:26:55.761: W/tcminetimpl@native@tcms@msg@sendbytesmynative(27123): 73,fd=56,error=11
01-16 16:26:55.761: I/nativeLog(27123): begin native log
01-16 16:26:55.761: W/tcminetimpl@native@tcms@msgmynative(27123): PostMsg,interface=wx,method=s,seqid=15,sessionid:2,cmdtype=2,compress=0,encrypted=0
01-16 16:26:55.762: I/nativeLog(27123): begin native log
01-16 16:26:55.762: I/tcminetimpl@native@tcms(27123): postData2Server, seqid:15, data.len:89
01-16 16:26:55.762: I/tcminetimpl@native@tcms(27123): postData2Server, m_seqtsMap.len:0
01-16 16:26:55.762: I/jni/inet/android/native/common/calljava.cpp(27123): nativeLog
01-16 16:26:55.762: W/tcminetimpl@native@tcms@msg@sendbytesmynative(27123): 89,fd=56,error=11
01-16 16:26:55.762: I/nativeLog(27123): begin native log
01-16 16:26:55.810: I/jni/inet/android/native/common/calljava.cpp(27123): nativeLog
01-16 16:26:55.810: W/tcminetimpl@native@tcms@msg@recvbytesmynative(27123): 236,fd=56,bufsize=236
01-16 16:26:55.810: I/nativeLog(27123): begin native log
01-16 16:26:55.810: I/SccomHelper@native(27123): 包未加密
01-16 16:26:55.810: I/jni/inet/android/native/common/calljava.cpp(27123): nativeLog
01-16 16:26:55.811: I/TcmInet@native@tcms(27123): INetImpl::GetMsg, seqid=0,interface=wx,method=s, errcode=0,msgtype=2
01-16 16:26:55.811: I/TcmInet@native@tcms(27123): clientServiceThrFunc get one notify,interface=wx, method=s, sessionId=2, seqid=0
01-16 16:26:55.811: D/tcmsposix@native@tcms(27123): get a notify, sessionId:2, interface:wx, method:s, 
01-16 16:26:55.811: I/inetimpl@native@im@msg@recvbytes(27086): 216,fd=103,bufsize=216
01-16 16:26:55.811: I/inetimpl@native@im@msg@recv(27086): 接收到消息, seqid=3
01-16 16:26:55.811: I/inetimpl@native@im@msg(27086): SaveRspMsg,cmdid=0x1010400,seqid=3,cmdtype=1,compress=1,encrypted=23905
01-16 16:26:55.811: I/LocalSocketServer@native@tcms(27123): exitPoll
01-16 16:26:55.812: W/tcminetimpl@native@tcms@msgmynative(27123): SaveRspMsg,interface=wx,method=s,seqid=0,sessionId=2,cmdtype=2
01-16 16:26:55.812: I/nativeLog(27123): begin native log
01-16 16:26:55.814: I/InetIO(27086): ResponseSuccess, cmdid:16778240
01-16 16:26:55.814: D/WXServiceCallbackDefault.api(27086): cmdid:16778240 state: true
01-16 16:26:55.814: D/CloudRequestCallback(27086): openIMProfile:{"code":0,"result":{"items":{"idvj1r4l00015248af3cd4e4":{"email":"","icon":"http://7xn4wo.com1.z0.glb.clouddn.com/user/avatar/00015248af3cd4e4?t=1452929520.909189","mobile":"13800000005","nick":"zhou","taobaoid":"","userid":"00015248af3cd4e4"}}}}
01-16 16:26:55.840: D/dalvikvm(1045): GC_EXPLICIT freed 3358K, 24% free 24172K/31720K, paused 25ms+14ms, total 170ms
01-16 16:26:55.841: D/may(27086): registerReceiver used time: 173
01-16 16:26:55.858: I/jni/inet/android/native/common/calljava.cpp(27123): nativeLog
01-16 16:26:55.859: W/tcminetimpl@native@tcms@msg@recvbytesmynative(27123): 57,fd=56,bufsize=57
01-16 16:26:55.859: I/nativeLog(27123): begin native log
01-16 16:26:55.860: I/SccomHelper@native(27123): 包未加密
01-16 16:26:55.860: I/jni/inet/android/native/common/calljava.cpp(27123): nativeLog
01-16 16:26:55.860: I/TcmInet@native@tcms(27123): INetImpl::GetMsg, seqid=0,interface=wx,method=s, errcode=0,msgtype=2
01-16 16:26:55.860: I/TcmInet@native@tcms(27123): clientServiceThrFunc get one notify,interface=wx, method=s, sessionId=2, seqid=0
01-16 16:26:55.861: D/tcmsposix@native@tcms(27123): get a notify, sessionId:2, interface:wx, method:s, 
01-16 16:26:55.861: I/inetimpl@native@im@msg@recvbytes(27086): 40,fd=103,bufsize=40
01-16 16:26:55.861: W/tcminetimpl@native@tcms@msgmynative(27123): SaveRspMsg,interface=wx,method=s,seqid=0,sessionId=2,cmdtype=2
01-16 16:26:55.861: I/nativeLog(27123): begin native log
01-16 16:26:55.861: I/inetimpl@native@im@msg@recv(27086): 接收到消息, seqid=7
01-16 16:26:55.862: I/inetimpl@native@im@msg(27086): SaveRspMsg,cmdid=0x4010001,seqid=7,cmdtype=0,compress=1,encrypted=333
01-16 16:26:55.862: I/LocalSocketServer@native@tcms(27123): exitPoll
01-16 16:26:55.863: I/InetIO(27086): ResponseSuccess, cmdid:67108865
01-16 16:26:55.864: D/InetPush(27086): InetPush:doAction, cmdid67108865 bizId:0dingdong:true uuid671088651452932815863
01-16 16:26:55.865: D/test(27086): cmdId response:67108865
01-16 16:26:55.865: I/InetPush(27086): ImReqGetLogonInfo coming!
01-16 16:26:55.865: W/InetPush(27086): ImReqGetLogonInfo infoList error infoList=[]
01-16 16:26:55.865: D/WXServiceCallbackDefault.api(27086): cmdid:67108865 state: true
01-16 16:26:55.903: D/WifiStateMachine(1045): handleMessage: E msg.what=131155
01-16 16:26:55.903: D/WifiStateMachine(1045): processMsg: ConnectedState
01-16 16:26:55.903: D/WifiStateMachine(1045): processMsg: L2ConnectedState
01-16 16:26:55.905: D/WifiStateMachine(1045): handleMessage: X
01-16 16:26:55.908: I/callback@native@im(27086): updateData
01-16 16:26:55.908: D/InetIO(27086): updateData, lAccout:idvj1r4l00015248af3cd4e4 userId:idvj1r4l00015248af3cd4e4 key:connstatus value:1
01-16 16:26:55.925: I/jni/inet/android/native/common/calljava.cpp(27123): nativeLog
01-16 16:26:55.925: W/tcminetimpl@native@tcms@msg@recvbytesmynative(27123): 466,fd=56,bufsize=466
01-16 16:26:55.926: I/nativeLog(27123): begin native log
01-16 16:26:55.926: I/SccomHelper@native(27123): 包未加密
01-16 16:26:55.926: I/jni/inet/android/native/common/calljava.cpp(27123): nativeLog
01-16 16:26:55.926: I/TcmInet@native@tcms(27123): INetImpl::GetMsg, seqid=0,interface=wx,method=s, errcode=0,msgtype=2
01-16 16:26:55.926: I/TcmInet@native@tcms(27123): clientServiceThrFunc get one notify,interface=wx, method=s, sessionId=2, seqid=0
01-16 16:26:55.926: D/tcmsposix@native@tcms(27123): get a notify, sessionId:2, interface:wx, method:s, 
01-16 16:26:55.927: I/LocalSocketServer@native@tcms(27123): exitPoll
01-16 16:26:55.927: I/inetimpl@native@im@msg@recvbytes(27086): 152,fd=103,bufsize=152
01-16 16:26:55.927: I/inetimpl@native@im@msg@recv(27086): 接收到消息, seqid=4
01-16 16:26:55.927: I/inetimpl@native@im@msg(27086): SaveRspMsg,cmdid=0x1010006,seqid=4,cmdtype=1,compress=1,encrypted=15830
01-16 16:26:55.928: I/InetIO(27086): ResponseSuccess, cmdid:16777222
01-16 16:26:55.928: D/WXServiceCallbackDefault.api(27086): cmdid:16777222 state: true
01-16 16:26:55.928: I/openimprotocol@native(27086): ImRspGetToken_unpackData
01-16 16:26:55.928: W/tcminetimpl@native@tcms@msgmynative(27123): SaveRspMsg,interface=wx,method=s,seqid=0,sessionId=2,cmdtype=2
01-16 16:26:55.928: I/openimprotocol@native(27086): ImRspGetToken_unpackData success!
01-16 16:26:55.928: D/HttpWebTokenCallback(27086): ReqGetToken retcode:0 token:{"uniqkey":"FBFFB9E3-A715-704C-B9E3-20391CA558CF","token":"70A54BFE-6251-D34C-9903-D11CA106A233","expire":1800} type:10
01-16 16:26:55.929: W/WXSecurityStoreWrapper(27086): getStore2 dynamicDataStore is null
01-16 16:26:55.929: W/WXSecurityStoreWrapper(27086): getStore2 dynamicDataStore is null
01-16 16:26:55.929: W/WXSecurityStoreWrapper(27086): getStore2 dynamicDataStore is null
01-16 16:26:55.929: D/WXGetWebTokenLock(27086): doNotifyAll
01-16 16:26:55.929: I/nativeLog(27123): begin native log
01-16 16:26:55.930: D/WXUtil(27086): sign string:idvj1r4l00015248af3cd4e4FBFFB9E3-A715-704C-B9E3-20391CA558CF70A54BFE-6251-D34C-9903-D11CA106A2331452932813100817126211861.9.0_ANDROID_OPENIM
01-16 16:26:55.930: I/SccomHelper@native(27123): 包未加密
01-16 16:26:55.930: I/jni/inet/android/native/common/calljava.cpp(27123): nativeLog
01-16 16:26:55.930: I/TcmInet@native@tcms(27123): INetImpl::GetMsg, seqid=0,interface=wx,method=s, errcode=0,msgtype=2
01-16 16:26:55.930: I/TcmInet@native@tcms(27123): clientServiceThrFunc get one notify,interface=wx, method=s, sessionId=2, seqid=0
01-16 16:26:55.930: D/tcmsposix@native@tcms(27123): get a notify, sessionId:2, interface:wx, method:s, 
01-16 16:26:55.930: D/WXUtil(27086): appId:100817
01-16 16:26:55.930: I/inetimpl@native@im@msg@recvbytes(27086): 40,fd=103,bufsize=40
01-16 16:26:55.930: I/inetimpl@native@im@msg@recv(27086): 接收到消息, seqid=8
01-16 16:26:55.930: D/WXUtil(27086): appKey:12621186
01-16 16:26:55.930: I/inetimpl@native@im@msg(27086): SaveRspMsg,cmdid=0x1010211,seqid=8,cmdtype=0,compress=1,encrypted=97
01-16 16:26:55.930: D/WXUtil(27086): sign_key:FBFFB9E3-A715-704C-B9E3-20391CA558CF
01-16 16:26:55.930: D/WXUtil(27086): sign_time:1452932813
01-16 16:26:55.930: D/WXUtil(27086): sign_value:fef6981266db0eab41a97ce5321f690a
01-16 16:26:55.930: D/WXUtil(27086): user_id:idvj1r4l00015248af3cd4e4
01-16 16:26:55.930: D/WXUtil(27086): ver:1.9.0_ANDROID_OPENIM
01-16 16:26:55.930: D/SysUtil(27086): url before:http://wxapi.taobao.com/api/user/getUser.json
01-16 16:26:55.930: I/InetIO(27086): ResponseSuccess, cmdid:16777745
01-16 16:26:55.930: D/SysUtil(27086): url after:http://wxapi.taobao.com/api/user/getUser.json
01-16 16:26:55.930: D/InetPush(27086): InetPush:doAction, cmdid16777745 bizId:0dingdong:true uuid167777451452932815930
01-16 16:26:55.930: D/HttpRequestPost(27086): doHttpPostDefault
01-16 16:26:55.930: D/test(27086): cmdId response:16777745
01-16 16:26:55.930: I/InetPush(27086): ImReqReadTimes coming!
01-16 16:26:55.931: D/MsgReadedHandlerMgr(27086): onReadTimesRspImpl, size = 0
01-16 16:26:55.931: I/LocalSocketServer@native@tcms(27123): exitPoll
01-16 16:26:55.931: W/tcminetimpl@native@tcms@msgmynative(27123): SaveRspMsg,interface=wx,method=s,seqid=0,sessionId=2,cmdtype=2
01-16 16:26:55.931: I/nativeLog(27123): begin native log
01-16 16:26:55.931: I/SccomHelper@native(27123): 包未加密
01-16 16:26:55.931: I/jni/inet/android/native/common/calljava.cpp(27123): nativeLog
01-16 16:26:55.931: I/TcmInet@native@tcms(27123): INetImpl::GetMsg, seqid=0,interface=wx,method=s, errcode=0,msgtype=2
01-16 16:26:55.931: I/TcmInet@native@tcms(27123): clientServiceThrFunc get one notify,interface=wx, method=s, sessionId=2, seqid=0
01-16 16:26:55.931: D/tcmsposix@native@tcms(27123): get a notify, sessionId:2, interface:wx, method:s, 
01-16 16:26:55.932: I/inetimpl@native@im@msg@recvbytes(27086): 48,fd=103,bufsize=48
01-16 16:26:55.932: I/inetimpl@native@im@msg@recv(27086): 接收到消息, seqid=6
01-16 16:26:55.932: I/inetimpl@native@im@msg(27086): SaveRspMsg,cmdid=0x2010008,seqid=6,cmdtype=0,compress=1,encrypted=166
01-16 16:26:55.932: I/LocalSocketServer@native@tcms(27123): exitPoll
01-16 16:26:55.932: W/tcminetimpl@native@tcms@msgmynative(27123): SaveRspMsg,interface=wx,method=s,seqid=0,sessionId=2,cmdtype=2
01-16 16:26:55.932: I/nativeLog(27123): begin native log
01-16 16:26:55.933: I/SccomHelper@native(27123): 包未加密
01-16 16:26:55.933: I/TcmInet@native@tcms(27123): INetImpl::GetMsg, seqid=0,interface=wx,method=s, errcode=0,msgtype=2
01-16 16:26:55.933: I/TcmInet@native@tcms(27123): clientServiceThrFunc get one notify,interface=wx, method=s, sessionId=2, seqid=0
01-16 16:26:55.933: D/tcmsposix@native@tcms(27123): get a notify, sessionId:2, interface:wx, method:s, 
01-16 16:26:55.933: I/inetimpl@native@im@msg@recvbytes(27086): 152,fd=103,bufsize=152
01-16 16:26:55.933: I/inetimpl@native@im@msg@recv(27086): 接收到消息, seqid=5
01-16 16:26:55.934: I/inetimpl@native@im@msg(27086): SaveRspMsg,cmdid=0x12010601,seqid=5,cmdtype=1,compress=1,encrypted=15079
01-16 16:26:55.934: I/LocalSocketServer@native@tcms(27123): exitPoll
01-16 16:26:55.934: I/jni/inet/android/native/common/calljava.cpp(27123): nativeLog
01-16 16:26:55.934: W/tcminetimpl@native@tcms@msgmynative(27123): SaveRspMsg,interface=wx,method=s,seqid=0,sessionId=2,cmdtype=2
01-16 16:26:55.934: I/nativeLog(27123): begin native log
01-16 16:26:56.036: D/HttpRequestPost(27086): {"code":400,"msg":"错误请求 — 请求参数有误，或用户不存在。"}
01-16 16:26:56.036: I/HttpWebTokenCallback(27086): http://wxapi.taobao.com/api/user/getUser.json  result:{"code":400,"msg":"错误请求 — 请求参数有误，或用户不存在。"}
01-16 16:26:56.274: D/WifiStateMachine(1045): handleMessage: E msg.what=151572
01-16 16:26:56.275: D/WifiStateMachine(1045): processMsg: ConnectedState
01-16 16:26:56.275: D/WifiStateMachine(1045): processMsg: L2ConnectedState
01-16 16:26:56.279: D/WifiStateMachine(1045): handleMessage: X
01-16 16:26:56.660: I/SFPerfTracer(260):      triggers: (rate: 0:6) (31534 sw vsyncs) (0 skipped) (56:211084 vsyncs) (58:415456)
01-16 16:26:57.176: I/SBar.NetworkController(1115): updateTelephonySignalStrength:  No service
01-16 16:26:57.204: I/TableUtils(27086): creating table 'friend_push_msg'
01-16 16:26:57.276: D/WifiStateMachine(1045): handleMessage: E msg.what=151572
01-16 16:26:57.276: D/WifiStateMachine(1045): processMsg: ConnectedState
01-16 16:26:57.277: D/WifiStateMachine(1045): processMsg: L2ConnectedState
01-16 16:26:57.292: D/WifiStateMachine(1045): handleMessage: X
01-16 16:26:57.324: I/TableUtils(27086): executed create table statement changed 1 rows: CREATE TABLE IF NOT EXISTS `friend_push_msg` (`phone` VARCHAR , `desc` VARCHAR , `msgType` VARCHAR , `fromName` VARCHAR , `fromNick` VARCHAR , `fromPortraitURL` VARCHAR , `from_user_id` VARCHAR , `memo` VARCHAR , `mid` VARCHAR , `done` INTEGER , `time` BIGINT , `_id` INTEGER PRIMARY KEY AUTOINCREMENT , `unread` INTEGER ) 
01-16 16:26:57.364: I/TableUtils(27086): creating table 'user'
01-16 16:26:57.372: I/TableUtils(27086): executed create table statement changed 1 rows: CREATE TABLE IF NOT EXISTS `user` (`gender` VARCHAR , `nick` VARCHAR , `phone` VARCHAR , `user_id` VARCHAR , `userPortrait` VARCHAR , PRIMARY KEY (`user_id`) ) 
01-16 16:26:57.373: I/TableUtils(27086): creating table 'friend'
01-16 16:26:57.376: I/TableUtils(27086): executed create table statement changed 1 rows: CREATE TABLE IF NOT EXISTS `friend` (`user_id` VARCHAR , PRIMARY KEY (`user_id`) ) 
01-16 16:26:57.390: I/TableUtils(27086): creating table 'group'
01-16 16:26:57.394: I/TableUtils(27086): executed create table statement changed 1 rows: CREATE TABLE IF NOT EXISTS `group` (`group_id` VARCHAR , `name` VARCHAR , PRIMARY KEY (`group_id`) ) 
01-16 16:26:57.430: I/TableUtils(27086): creating table 'group_mem'
01-16 16:26:57.523: I/TableUtils(27086): executed create table statement changed 1 rows: CREATE TABLE IF NOT EXISTS `group_mem` (`groupHost` VARCHAR , `group_id` VARCHAR , `user_id` VARCHAR ) 
01-16 16:26:57.575: I/TableUtils(27086): creating table 'home_list'
01-16 16:26:57.576: I/TableUtils(27086): executed create table statement changed 1 rows: CREATE TABLE IF NOT EXISTS `home_list` (`content` VARCHAR , `imageUrl` VARCHAR , `publishDate` VARCHAR , `title` VARCHAR , `url` VARCHAR ) 
01-16 16:26:57.596: I/TableUtils(27086): creating table 'banner'
01-16 16:26:57.598: I/TableUtils(27086): executed create table statement changed 1 rows: CREATE TABLE IF NOT EXISTS `banner` (`imageUrl` VARCHAR , `profile` VARCHAR , `title` VARCHAR , `url` VARCHAR ) 
01-16 16:26:57.673: I/TableUtils(27086): creating table 'plug'
01-16 16:26:57.704: I/YWAPI(27086): getIMKitInstance userid=00015248af3cd4e4 appkey=23232985
01-16 16:26:57.707: I/YWAPI(27086): createIMCore userId=00015248af3cd4e4 appkey=23232985
01-16 16:26:57.708: I/TableUtils(27086): executed create table statement changed 1 rows: CREATE TABLE IF NOT EXISTS `plug` (`appId` VARCHAR , `className` VARCHAR , `version` VARCHAR , `description` VARCHAR , `url` VARCHAR , `type` VARCHAR , `logo` VARCHAR , `name` VARCHAR , `packName` VARCHAR , `params` VARCHAR , `position` INTEGER , `inlay` INTEGER , `id` INTEGER PRIMARY KEY AUTOINCREMENT , `defaultApp` INTEGER ) 
01-16 16:26:57.717: I/im@im@login(27086): [Login-login]用户：00015248af3cd4e4 开始登录！
01-16 16:26:57.720: I/TableUtils(27086): creating table 'service_no'
01-16 16:26:57.724: I/TableUtils(27086): executed create table statement changed 1 rows: CREATE TABLE IF NOT EXISTS `service_no` (`id` VARCHAR , `isOpenServer` VARCHAR , `name` VARCHAR , `recommend` VARCHAR , `subscribeByOrg` VARCHAR , `url` VARCHAR , PRIMARY KEY (`id`) ) 
01-16 16:26:57.735: I/TableUtils(27086): creating table 'service_no_menu'
01-16 16:26:57.738: I/WxUtil(27086): current process name:com.comtop.mim---main process name:com.comtop.mim
01-16 16:26:57.744: D/may(27086): =====>loginBaiChuanProgressing
01-16 16:26:57.869: I/TableUtils(27086): executed create table statement changed 1 rows: CREATE TABLE IF NOT EXISTS `service_no_menu` (`content` VARCHAR , `sid` VARCHAR , PRIMARY KEY (`sid`) ) 
01-16 16:26:57.883: D/EgoAccount.api(27086): getAccount:idvj1r4l00015248af3cd4e4 appId:100817
01-16 16:26:57.885: I/YWAccount(27086): loginAccount
01-16 16:26:57.890: D/YWChannel(27086): YWChannel getSessionId mOpenAccountAdapter is null
01-16 16:26:57.894: D/im@im@login(27086): [Login-loginAccount]mSessionId is emplty get sessionId = 
01-16 16:26:57.895: D/im@im@login(27086): [Login-loginAccount]mSessionId still is emplty
01-16 16:26:57.895: D/YWAccount(27086): updateUserAccount called prefix=idvj1r4l
01-16 16:26:57.895: D/EgoAccount.api(27086): getAccount:idvj1r4l00015248af3cd4e4 appId:100817
01-16 16:26:57.895: D/EgoAccount.api(27086): getAccount:idvj1r4l00015248af3cd4e4 appId:100817
01-16 16:26:57.896: D/LoginParam(27086): setSsoParam:{"appkey":"23232985"}
01-16 16:26:57.896: D/YWContactManagerImpl(27086): com.alibaba.mobileim.gingko.presenter.contact.YWContactManagerImpl@423b9668
01-16 16:26:57.896: W/YWAccount(27086): contact null
01-16 16:26:57.896: D/im@im@login(27086): [Login-loginAccount]login contact is null!
01-16 16:26:57.896: D/im@im@login(27086): [Login-loginAccount]start login timeout=120000
01-16 16:26:57.897: D/Account(27086): mLoginState2 this:com.alibaba.mobileim.lib.presenter.account.Account@42435e08
01-16 16:26:57.897: D/im@im@login(27086): [Login-onSuccess]login success!
01-16 16:26:57.897: I/Native(27086): InetIO_ngetLoginState
01-16 16:26:57.897: I/Native(27086): current user idvj1r4l00015248af3cd4e4
01-16 16:26:57.897: I/EgoAccount.api(27086): getLoginState:3
01-16 16:26:57.897: D/may(27086): =====>im login state: success
01-16 16:26:57.897: I/Native(27086): InetIO_ngetLoginState
01-16 16:26:57.897: I/Native(27086): current user idvj1r4l00015248af3cd4e4
01-16 16:26:57.898: I/EgoAccount.api(27086): getLoginState:3
01-16 16:26:57.898: I/Native(27086): InetIO_ngetLoginState
01-16 16:26:57.898: I/Native(27086): current user idvj1r4l00015248af3cd4e4
01-16 16:26:57.898: I/EgoAccount.api(27086): getLoginState:3
01-16 16:26:57.898: D/may(27086): =====>im login state: success
01-16 16:26:57.898: I/Native(27086): InetIO_ngetLoginState
01-16 16:26:57.898: I/Native(27086): current user idvj1r4l00015248af3cd4e4
01-16 16:26:57.899: I/EgoAccount.api(27086): getLoginState:3
01-16 16:26:57.899: I/YWConversationManagerImpl(27086): removeP2PPushListener
01-16 16:26:57.899: I/YWConversationManagerImpl(27086): addP2PPushListener listener=com.comtop.mim.app.App$1@42022570
01-16 16:26:57.899: I/YWConversationManagerImpl(27086): addP2PPushListener after add listener size=1
01-16 16:26:57.899: D/EgoAccount.api(27086): getAccount:idvj1r4l00015248af3cd4e4 appId:100817
01-16 16:26:57.900: I/YWAPI(27086): updateIMKitInstance account=idvj1r4l00015248af3cd4e4 longUserId=idvj1r4l00015248af3cd4e4
01-16 16:26:57.900: W/WXSecurityStoreWrapper(27086): getStore2 dynamicDataStore is null
01-16 16:26:57.900: I/YWAccount(27086): addConnectionListener 
01-16 16:26:57.901: I/YWUIAPI(27086): prepare
01-16 16:26:57.903: D/may(27086): MainActivity initEnv used time: 2243ms
01-16 16:26:58.027: D/dalvikvm(27086): GC_FOR_ALLOC freed 18607K, 52% free 17591K/36236K, paused 26ms, total 26ms
01-16 16:26:58.141: D/may(27086): locale: zh_CN
01-16 16:26:58.141: D/may(27086): App--->getUserInfo(), mUser: null
01-16 16:26:58.145: D/AbsHttpRequestResolver(27086): http://msp.szcomtop.com:6888/msp-cas/router?
01-16 16:26:58.147: I/System.out(27086): ---->sign=69866609A1B7DACCD69418444E9350F6EADEA9D3
01-16 16:26:58.148: I/System.out(27086): ---->timestamp=1452932816866
01-16 16:26:58.149: I/System.out(27086): ---->v=1.0
01-16 16:26:58.149: I/System.out(27086): ---->nonce=1452932816866
01-16 16:26:58.149: I/System.out(27086): ---->sessionId=25eea793-cf78-4182-9247-c11a2f3dce36
01-16 16:26:58.149: I/System.out(27086): ---->ownerId=00015248af3cd4e4
01-16 16:26:58.149: I/System.out(27086): ---->tag=
01-16 16:26:58.149: I/System.out(27086): ---->locale=zh_CN
01-16 16:26:58.151: I/System.out(27086): ---->method=friend.list
01-16 16:26:58.155: I/System.out(27086): ---->format=json
01-16 16:26:58.155: I/System.out(27086): ---->appKey=00015248af3cdee5
01-16 16:26:58.156: D/may(27086): ---->&sign=69866609A1B7DACCD69418444E9350F6EADEA9D3&timestamp=1452932816866&v=1.0&nonce=1452932816866&sessionId=25eea793-cf78-4182-9247-c11a2f3dce36&ownerId=00015248af3cd4e4&tag=&locale=zh_CN&method=friend.list&format=json&appKey=00015248af3cdee5
01-16 16:26:58.213: D/may(27086): auto login used time: 2370
01-16 16:26:58.213: D/IMChannel(27086): onActivityStarted:ui.MainActivity
01-16 16:26:58.178: I/SBar.NetworkController(1115): updateTelephonySignalStrength:  No service
01-16 16:26:58.277: D/WifiStateMachine(1045): handleMessage: E msg.what=151572
01-16 16:26:58.279: D/WifiStateMachine(1045): processMsg: ConnectedState
01-16 16:26:58.339: D/WifiStateMachine(1045): processMsg: L2ConnectedState
01-16 16:26:58.342: I/HttpRequestResolveImpl(27086): result parser is:com.comtop.mim.parser.AppDefaultJSONParser
01-16 16:26:58.343: D/HttpRequestResolveImpl(27086): result class is: com.comtop.mim.result.FriendListResult
01-16 16:26:58.349: D/WifiStateMachine(1045): handleMessage: X
01-16 16:26:58.350: D/AppCommJSONParser(27086): ---->result: FriendListResult, {"users":[{"createDate":"2016-01-16 12:22:51","updateDate":"2016-01-16 15:33:59","userId":"00015248abe635d9","nick":"wang","avatarId":"http://7xn4wo.com1.z0.glb.clouddn.com/user/avatar/00015248abe635d9?t=1452929637.654072","phone":"13800000002","gender":"2"},{"createDate":"2016-01-16 12:21:22","updateDate":"2016-01-16 15:39:23","userId":"00015248aa8c64c9","nick":"shan","avatarId":"http://7xn4wo.com1.z0.glb.clouddn.com/user/avatar/00015248aa8c64c9?t=1452929963.448624","phone":"13800000001","gender":"0"},{"createDate":"2016-01-16 12:23:45","updateDate":"2016-01-16 15:29:32","userId":"00015248acbadddd","nick":"yuan","avatarId":"http://7xn4wo.com1.z0.glb.clouddn.com/user/avatar/00015248acbadddd?t=1452929371.923251","phone":"13800000003","gender":"2"}],"deletedUsers":[],"tag":1452931182000}
01-16 16:26:58.377: D/HttpRequestResolveImpl(27086): handle send message.
01-16 16:26:58.444: D/dalvikvm(27086): GC_FOR_ALLOC freed 623K, 46% free 19824K/36236K, paused 27ms, total 27ms
01-16 16:26:58.471: D/may(27086): locale: zh_CN
01-16 16:26:58.473: D/AbsHttpRequestResolver(27086): http://msp.szcomtop.com:6888/msp-ams/router?
01-16 16:26:58.479: I/System.out(27086): ---->sign=284C5580F0C972EF3C52A97FAE2B9888C9F4B9B3
01-16 16:26:58.482: I/System.out(27086): ---->timestamp=1452932817196
01-16 16:26:58.485: I/System.out(27086): ---->v=1.0
01-16 16:26:58.489: I/System.out(27086): ---->platform=android
01-16 16:26:58.497: I/System.out(27086): ---->nonce=1452932817196
01-16 16:26:58.499: I/System.out(27086): ---->sessionId=25eea793-cf78-4182-9247-c11a2f3dce36
01-16 16:26:58.501: I/System.out(27086): ---->locale=zh_CN
01-16 16:26:58.505: I/System.out(27086): ---->method=workcircle.app.list
01-16 16:26:58.508: I/System.out(27086): ---->format=json
01-16 16:26:58.510: I/System.out(27086): ---->appKey=00015248af3cdee5
01-16 16:26:58.511: D/may(27086): ---->&sign=284C5580F0C972EF3C52A97FAE2B9888C9F4B9B3&timestamp=1452932817196&v=1.0&platform=android&nonce=1452932817196&sessionId=25eea793-cf78-4182-9247-c11a2f3dce36&locale=zh_CN&method=workcircle.app.list&format=json&appKey=00015248af3cdee5
01-16 16:26:58.567: D/may(27086): locale: zh_CN
01-16 16:26:58.569: D/AbsHttpRequestResolver(27086): http://msp.szcomtop.com:6888/msp-cms/router?
01-16 16:26:58.573: I/HttpRequestResolveImpl(27086): result parser is:com.comtop.mim.parser.AppDefaultJSONParser
01-16 16:26:58.575: D/HttpRequestResolveImpl(27086): result class is: com.comtop.mim.result.PluglistResult
01-16 16:26:58.580: D/AppCommJSONParser(27086): ---->result: PluglistResult, {"items":[{"appId":"123006","name":"Google+","logo":"http://www.ffpic.com/files/2013/0313/png0308roberto/ffpic1306123388153.png","description":"如现实生活中一样分享，颠覆您以往的网络观念","platform":"android","type":"android","url":"","params":"{'noTitle':0}","packName":"com.comtop.bbs","lanuch":"com.comtop.bbs.activity.BbsMainActivity","isAdd":"1","inlay":"1","defaultApp":"1"},{"appId":"123004","name":"Google翻译","logo":"http://www.ffpic.com/files/2013/0313/png0308roberto/ffpic13061233204319.png","description":"即时翻译50多种语言的文字、网页和文件","platform":"android","type":"web","url":"https://translate.google.com","params":"","packName":"","lanuch":"0","isAdd":"1","inlay":"0","defaultApp":"1"},{"appId":"123005","name":"云端硬盘","logo":"http://www.ffpic.com/files/2013/0313/png0308roberto/ffpic1306123330449.png","description":"在同一位置创建、共享和保存您的所有文件和资料","platform":"android","type":"web","url":"https://www.google.com/drive/","params":"","packName":"","lanuch":"0","isAdd":"1","inlay":"0","defaultApp":"1"},{"appId":"0123008","name":"北理驾校","logo":"http://7xn4wo.com1.z0.glb.clouddn.com/workcircle/20151231/111712/jiaxiao.png","description":"北理驾校","platform":"android","type":"web","url":"https://www.baidu.com","params":"","packName":"","lanuch":"","isAdd":"1","inlay":"","defaultApp":"1"},{"appId":"0123009","name":"吃货","logo":"http://7xn4wo.com1.z0.glb.clouddn.com/workcircle/20151231/111712/chihuo.png","description":"吃货","platform":"android","type":"web","url":"http://m.sogou.com/","params":"","packName":"","lanuch":"0","isAdd":"1","inlay":"0","defaultApp":"1"},{"appId":"0123012","name":"快递","logo":"http://7xn4wo.com1.z0.glb.clouddn.com/workcircle/20151231/111712/kuaidi.png","description":"快递","platform":"android","type":"web","url":"http://express1.lenewwifi.com/","params":"","packName":"","lanuch":"","isAdd":"1","inlay":"","defaultApp":"1"},{"appId":"0123011","name":"快餐","logo":"http://7xn4wo.com1.z0.glb.clouddn.com/workcircle/20151231/111712/kuaican.png","description":"快餐","platform":"android","type":"web","url":"http://cn.bing.com/","params":"","packName":"","lanuch":"0","isAdd":"1","inlay":"0","defaultApp":"1"},{"appId":"0123015","name":"校园wifi","logo":"http://7xn4wo.com1.z0.glb.clouddn.com/workcircle/20151231/111712/campus_wifi.png","description":"校园wifi","platform":"android","type":"web","url":"https://www.baidu.com","params":"","packName":"","lanuch":"0","isAdd":"1","inlay":"0","defaultApp":"1"},{"appId":"0123013","name":"联通wifi","logo":"http://7xn4wo.com1.z0.glb.clouddn.com/workcircle/20151231/111712/unicom_wifi.png","description":"联通wifi","platform":"android","type":"web","url":"https://www.baidu.com","params":"","packName":"","lanuch":"0","isAdd":"1","inlay":"0","defaultApp":"1"},{"appId":"0123014","name":"联通充值","logo":"http://7xn4wo.com1.z0.glb.clouddn.com/workcircle/20151231/111712/unicom_charge.png","description":"联通充值","platform":"android","type":"web","url":"http://cn.bing.com/","params":"","packName":"","lanuch":"0","isAdd":"1","inlay":"0","defaultApp":"1"},{"appId":"0123010","name":"课程表","logo":"http://7xn4wo.com1.z0.glb.clouddn.com/workcircle/20151231/111712/schedule.png","description":"课程表","platform":"android","type":"web","url":"http://course1.lenewwifi.com/","params":"","packName":"","lanuch":"","isAdd":"1","inlay":"","defaultApp":"1"}]}
01-16 16:26:58.604: I/System.out(27086): ---->sign=26453533771D8BEE51B84F4B0D2C42767AF42393
01-16 16:26:58.604: I/System.out(27086): ---->timestamp=1452932817292
01-16 16:26:58.605: I/System.out(27086): ---->v=1.0
01-16 16:26:58.605: I/System.out(27086): ---->nonce=1452932817292
01-16 16:26:58.605: I/System.out(27086): ---->sessionId=25eea793-cf78-4182-9247-c11a2f3dce36
01-16 16:26:58.605: I/System.out(27086): ---->locale=zh_CN
01-16 16:26:58.605: I/System.out(27086): ---->method=banner.list
01-16 16:26:58.605: I/System.out(27086): ---->format=json
01-16 16:26:58.605: I/System.out(27086): ---->appKey=00015248af3cdee5
01-16 16:26:58.605: D/may(27086): ---->&sign=26453533771D8BEE51B84F4B0D2C42767AF42393&timestamp=1452932817292&v=1.0&nonce=1452932817292&sessionId=25eea793-cf78-4182-9247-c11a2f3dce36&locale=zh_CN&method=banner.list&format=json&appKey=00015248af3cdee5
01-16 16:26:58.653: D/may(27086): locale: zh_CN
01-16 16:26:58.656: D/AbsHttpRequestResolver(27086): http://msp.szcomtop.com:6888/msp-cms/router?
01-16 16:26:58.670: I/System.out(27086): ---->sign=689E52154EFE822BBEBA247E0DB891BC3140FA41
01-16 16:26:58.670: I/System.out(27086): ---->timestamp=1452932817378
01-16 16:26:58.670: I/System.out(27086): ---->v=1.0
01-16 16:26:58.671: I/System.out(27086): ---->nonce=1452932817378
01-16 16:26:58.671: I/System.out(27086): ---->sessionId=25eea793-cf78-4182-9247-c11a2f3dce36
01-16 16:26:58.671: I/System.out(27086): ---->curPage=0
01-16 16:26:58.671: I/System.out(27086): ---->tag=
01-16 16:26:58.674: I/System.out(27086): ---->locale=zh_CN
01-16 16:26:58.678: I/System.out(27086): ---->pageSize=5
01-16 16:26:58.691: I/System.out(27086): ---->method=news.page
01-16 16:26:58.691: I/System.out(27086): ---->format=json
01-16 16:26:58.692: I/System.out(27086): ---->appKey=00015248af3cdee5
01-16 16:26:58.692: D/may(27086): ---->&sign=689E52154EFE822BBEBA247E0DB891BC3140FA41&timestamp=1452932817378&v=1.0&nonce=1452932817378&sessionId=25eea793-cf78-4182-9247-c11a2f3dce36&curPage=0&tag=&locale=zh_CN&pageSize=5&method=news.page&format=json&appKey=00015248af3cdee5
01-16 16:26:58.694: D/IMChannel(27086): onActivityResumed:ui.MainActivity
01-16 16:26:58.695: I/Native(27086): InetIO_SetForeground 1
01-16 16:26:58.714: D/PersistManager(27086): get, list properties.
01-16 16:26:58.720: D/PersistManager(27086): key:op.mim":"{\"clientPriority\":14464800,\"disable\":false,\"regTime\":1450233171304,\"callCount\":1,\"appKey\":\"23015524\"}"} value:
01-16 16:26:58.722: D/PersistManager(27086): key:\":1,\"appKey\":\"23015524\"}"} value:
01-16 16:26:58.724: D/PersistManager(27086): key:ec value:18 23:40:39 GMT+08:00 2015
01-16 16:26:58.726: D/PersistManager(27086): key:23015524\"}"} value:
01-16 16:26:58.726: D/PersistManager(27086): key:XPUSH_SDK_INFO_V2 value:{"com.comtop.mim":"{\"clientPriority\":14464800,\"disable\":false,\"regTime\":1452515957757,\"callCount\":1,\"appKey\":\"23232985\"}"}
01-16 16:26:58.726: D/PersistManager(27086): key:push_device_id_key_v1 value:a0t6ix2taf44895d___tks79g5mstt9xb5l
01-16 16:26:58.727: D/PersistManager(27086): key:":1,\"appKey\":\"23015524\"}"} value:
01-16 16:26:58.727: D/PersistManager(27086): key:"appKey\":\"23015524\"}"} value:
01-16 16:26:58.727: D/PersistManager(27086): key:2015 value:
01-16 16:26:58.728: D/PersistManager(27086): key::"{\"clientPriority\":14464800,\"disable\":false,\"regTime\":1450233171304,\"callCount\":1,\"appKey\":\"23015524\"}"} value:
01-16 16:26:58.728: D/PersistManager(27086): key:304,\"callCount\":1,\"appKey\":\"23015524\"}"} value:
01-16 16:26:58.746: I/HttpRequestResolveImpl(27086): result parser is:com.comtop.mim.parser.AppDefaultJSONParser
01-16 16:26:58.753: D/HttpRequestResolveImpl(27086): result class is: com.comtop.mim.result.BannerResult
01-16 16:26:58.754: D/PersistManager(27086): key:xpushClient__xpush_push_maxmsgid value:32234630603777
01-16 16:26:58.756: D/AppCommJSONParser(27086): ---->result: BannerResult, {"items":[{"title":"北理工驾校学车，50元抵200元","url":"http://file.lenewwifi.com/StaticPage/car.html","profile":"北理工驾校学车，50元抵200元","imageUrl":"http://7xn4wo.com1.z0.glb.clouddn.com/banner/20160116/160356/6MSt5kC5b2bRmyxK","showTitleBar":false},{"title":"这是一个悲伤的故事","url":"http://www.baidu.com","profile":"测试banner22","imageUrl":"http://eimcloud.szcomtop.com:6888/avatar/get_avatar?avatarId=0001501c57615e1f0&size=source","showTitleBar":true}]}
01-16 16:26:58.772: D/PersistManager(27086): key:mtop.mim":"{\"clientPriority\":14464800,\"disable\":false,\"regTime\":1450233171304,\"callCount\":1,\"appKey\":\"23015524\"}"} value:
01-16 16:26:58.773: D/PersistManager(27086): key:14464800,\"disable\":false,\"regTime\":1450233171304,\"callCount\":1,\"appKey\":\"23015524\"}"} value:
01-16 16:26:58.776: D/PersistManager(27086): key:iority\":14464800,\"disable\":false,\"regTime\":1450233171304,\"callCount\":1,\"appKey\":\"23015524\"}"} value:
01-16 16:26:58.785: D/PersistManager(27086): key:push_heart_freq_key value:{"\"lenew\"":180,"\"wifi-comtop\"":358,"\"MM_AP\"":227,"\"jacpy\"":800,"\"wifi-confine\"":180,"\".lenew-T\"":180}
01-16 16:26:58.787: D/PersistManager(27086): key:push_tcms_client_id_key value:a0d0jhk6neij6wka
01-16 16:26:58.790: D/PersistManager(27086): key:\"23015524\"}"} value:
01-16 16:26:58.808: V/MicroMsg.SDK.WXApiImplV10.ActivityLifecycleCb(27086): com.comtop.mim.ui.MainActivity  onActivityResumed
01-16 16:26:58.814: D/HttpRequestResolveImpl(27086): handle send message.
01-16 16:26:58.816: I/Native(27086): InetIO_ngetLoginState
01-16 16:26:58.820: I/Native(27086): current user idvj1r4l00015248af3cd4e4
01-16 16:26:58.823: I/EgoAccount.api(27086): getLoginState:3
01-16 16:26:58.826: D/may(27086): =====>im login state: success
01-16 16:26:58.826: I/Native(27086): InetIO_ngetLoginState
01-16 16:26:58.826: I/Native(27086): current user idvj1r4l00015248af3cd4e4
01-16 16:26:58.826: I/EgoAccount.api(27086): getLoginState:3
01-16 16:26:58.827: I/Native(27086): InetIO_ngetLoginState
01-16 16:26:58.828: I/Native(27086): current user idvj1r4l00015248af3cd4e4
01-16 16:26:58.829: I/EgoAccount.api(27086): getLoginState:3
01-16 16:26:58.829: D/may(27086): =====>im login state: success
01-16 16:26:58.830: I/Native(27086): InetIO_ngetLoginState
01-16 16:26:58.809: D/TCMSService(27123): onStart----
01-16 16:26:58.831: I/Native(27086): current user idvj1r4l00015248af3cd4e4
01-16 16:26:58.832: D/TCMSService(27123): onHandleIntent, ------- command=xpushnative://xpush/clearWearyCheck?
01-16 16:26:58.833: I/EgoAccount.api(27086): getLoginState:3
01-16 16:26:58.833: I/HttpRequestResolveImpl(27086): result parser is:com.comtop.mim.parser.AppDefaultJSONParser
01-16 16:26:58.835: D/may(27086): ======>unread count: 0, service: com.alibaba.mobileim.lib.presenter.conversation.YWConversationManagerImpl@420fb758
