01-25 09:51:13.371: W/System.err(27168): 	at libcore.net.http.HttpEngine.sendSocketRequest(HttpEngine.java:289)
01-25 09:51:13.371: W/System.err(27168): 	at libcore.net.http.HttpEngine.sendRequest(HttpEngine.java:239)
01-25 09:51:13.371: W/System.err(27168): 	at libcore.net.http.HttpURLConnectionImpl.connect(HttpURLConnectionImpl.java:80)
01-25 09:51:13.379: W/System.err(27168): 	at libcore.net.http.HttpURLConnectionImpl.getOutputStream(HttpURLConnectionImpl.java:188)
01-25 09:51:13.379: W/System.err(27168): 	at cir.a(SogouSource:299)
01-25 09:51:13.379: W/System.err(27168): 	at cir.a(SogouSource:125)
01-25 09:51:13.379: W/System.err(27168): 	at clg.run(SogouSource:35)
01-25 09:51:13.379: W/System.err(27168): 	at dey.run(SogouSource:697)
01-25 09:51:13.387: W/System.err(27168): 	at java.util.concurrent.ThreadPoolExecutor.runWorker(ThreadPoolExecutor.java:1076)
01-25 09:51:13.387: W/System.err(27168): 	at java.util.concurrent.ThreadPoolExecutor$Worker.run(ThreadPoolExecutor.java:569)
01-25 09:51:13.387: W/System.err(27168): 	at java.lang.Thread.run(Thread.java:856)
01-25 09:51:13.449: D/=SOGOU_LOG=(27168): a--ConfigManager--request url ==  http://cfg.mse.sogou.com/popup/hwcfg.php
01-25 09:51:13.465: W/System.err(27168): java.net.UnknownHostException: Unable to resolve host "get.sogou.com": No address associated with hostname
01-25 09:51:13.465: W/System.err(27168): 	at java.net.InetAddress.lookupHostByName(InetAddress.java:394)
01-25 09:51:13.465: W/System.err(27168): 	at java.net.InetAddress.getAllByNameImpl(InetAddress.java:236)
01-25 09:51:13.465: W/System.err(27168): 	at java.net.InetAddress.getAllByName(InetAddress.java:214)
01-25 09:51:13.465: W/System.err(27168): 	at libcore.net.http.HttpConnection.<init>(HttpConnection.java:70)
01-25 09:51:13.465: W/System.err(27168): 	at libcore.net.http.HttpConnection.<init>(HttpConnection.java:50)
01-25 09:51:13.465: W/System.err(27168): 	at libcore.net.http.HttpConnection$Address.connect(HttpConnection.java:343)
01-25 09:51:13.465: W/System.err(27168): 	at libcore.net.http.HttpConnectionPool.get(HttpConnectionPool.java:87)
01-25 09:51:13.465: W/System.err(27168): 	at libcore.net.http.HttpConnection.connect(HttpConnection.java:128)
01-25 09:51:13.465: W/System.err(27168): 	at libcore.net.http.HttpEngine.openSocketConnection(HttpEngine.java:315)
01-25 09:51:13.465: W/System.err(27168): 	at libcore.net.http.HttpEngine.connect(HttpEngine.java:310)
01-25 09:51:13.465: W/System.err(27168): 	at libcore.net.http.HttpEngine.sendSocketRequest(HttpEngine.java:289)
01-25 09:51:13.465: W/System.err(27168): 	at libcore.net.http.HttpEngine.sendRequest(HttpEngine.java:239)
01-25 09:51:13.465: W/System.err(27168): 	at libcore.net.http.HttpURLConnectionImpl.connect(HttpURLConnectionImpl.java:80)
01-25 09:51:13.465: W/System.err(27168): 	at libcore.net.http.HttpURLConnectionImpl.getOutputStream(HttpURLConnectionImpl.java:188)
01-25 09:51:13.465: W/System.err(27168): 	at cir.a(SogouSource:299)
01-25 09:51:13.465: W/System.err(27168): 	at cir.a(SogouSource:125)
01-25 09:51:13.465: W/System.err(27168): 	at clg.run(SogouSource:35)
01-25 09:51:13.465: W/System.err(27168): 	at dey.run(SogouSource:697)
01-25 09:51:13.465: W/System.err(27168): 	at java.util.concurrent.ThreadPoolExecutor.runWorker(ThreadPoolExecutor.java:1076)
01-25 09:51:13.465: W/System.err(27168): 	at java.util.concurrent.ThreadPoolExecutor$Worker.run(ThreadPoolExecutor.java:569)
01-25 09:51:13.465: W/System.err(27168): 	at java.lang.Thread.run(Thread.java:856)
01-25 09:51:13.520: I/WifiMonitor(564): mWifiReceiver SCAN_RESULTS_AVAILABLE_ACTION
01-25 09:51:13.543: E/WifiSettings(1926): invalid RSSI value, do not update wifi signal icon
01-25 09:51:13.574: D/=SOGOU_LOG=(27168): a--ConfigManager--request url ==  http://cfg.mse.sogou.com/popup/hwcfg.php
01-25 09:51:13.582: W/System.err(27168): java.net.UnknownHostException: Unable to resolve host "get.sogou.com": No address associated with hostname
01-25 09:51:13.582: W/System.err(27168): 	at java.net.InetAddress.lookupHostByName(InetAddress.java:394)
01-25 09:51:13.582: W/System.err(27168): 	at java.net.InetAddress.getAllByNameImpl(InetAddress.java:236)
01-25 09:51:13.590: W/System.err(27168): 	at java.net.InetAddress.getAllByName(InetAddress.java:214)
01-25 09:51:13.590: W/System.err(27168): 	at libcore.net.http.HttpConnection.<init>(HttpConnection.java:70)
01-25 09:51:13.590: W/System.err(27168): 	at libcore.net.http.HttpConnection.<init>(HttpConnection.java:50)
01-25 09:51:13.590: W/System.err(27168): 	at libcore.net.http.HttpConnection$Address.connect(HttpConnection.java:343)
01-25 09:51:13.590: W/System.err(27168): 	at libcore.net.http.HttpConnectionPool.get(HttpConnectionPool.java:87)
01-25 09:51:13.590: W/System.err(27168): 	at libcore.net.http.HttpConnection.connect(HttpConnection.java:128)
01-25 09:51:13.590: W/System.err(27168): 	at libcore.net.http.HttpEngine.openSocketConnection(HttpEngine.java:315)
01-25 09:51:13.590: W/System.err(27168): 	at libcore.net.http.HttpEngine.connect(HttpEngine.java:310)
01-25 09:51:13.590: W/System.err(27168): 	at libcore.net.http.HttpEngine.sendSocketRequest(HttpEngine.java:289)
01-25 09:51:13.590: W/System.err(27168): 	at libcore.net.http.HttpEngine.sendRequest(HttpEngine.java:239)
01-25 09:51:13.590: W/System.err(27168): 	at libcore.net.http.HttpURLConnectionImpl.connect(HttpURLConnectionImpl.java:80)
01-25 09:51:13.590: W/System.err(27168): 	at libcore.net.http.HttpURLConnectionImpl.getOutputStream(HttpURLConnectionImpl.java:188)
01-25 09:51:13.590: W/System.err(27168): 	at cir.a(SogouSource:299)
01-25 09:51:13.590: W/System.err(27168): 	at cir.a(SogouSource:125)
01-25 09:51:13.590: W/System.err(27168): 	at clg.run(SogouSource:35)
01-25 09:51:13.590: W/System.err(27168): 	at dey.run(SogouSource:697)
01-25 09:51:13.590: W/System.err(27168): 	at java.util.concurrent.ThreadPoolExecutor.runWorker(ThreadPoolExecutor.java:1076)
01-25 09:51:13.598: W/System.err(27168): 	at java.util.concurrent.ThreadPoolExecutor$Worker.run(ThreadPoolExecutor.java:569)
01-25 09:51:13.598: W/System.err(27168): 	at java.lang.Thread.run(Thread.java:856)
01-25 09:51:13.606: D/=SOGOU_LOG=(27168): a--frist notify app----startShortIntervalTimer--
01-25 09:51:13.613: D/=SOGOU_LOG=(27168): a--frist notify app-----startSendMiniPingbacks---
01-25 09:51:13.621: W/ActivityManager(375): Unable to start service Intent { cmp=sogou.mobile.explorer/.ActivateBrowserService }: not found
01-25 09:51:13.785: I/wpa_supplicant(5976): wlan0: Associated with 04:18:d6:22:1a:f1
01-25 09:51:13.785: I/wpa_supplicant(5976): wlan0: CTRL-EVENT-EAP-STARTED EAP authentication started
01-25 09:51:13.793: I/wpa_supplicant(5976): wlan0: CTRL-EVENT-EAP-PROPOSED-METHOD vendor=0 method=25
01-25 09:51:13.793: I/wpa_supplicant(5976): wlan0: CTRL-EVENT-EAP-METHOD EAP vendor 0 method 25 (PEAP) selected
01-25 09:51:13.840: I/wpa_supplicant(5976): wlan0: CTRL-EVENT-EAP-PEER-CERT depth=1 subject='/DC=local/DC=comtop/CN=comtop-SZCOMTOPDC1-CA'
01-25 09:51:13.840: I/wpa_supplicant(5976): wlan0: CTRL-EVENT-EAP-PEER-CERT depth=1 subject='/DC=local/DC=comtop/CN=comtop-SZCOMTOPDC1-CA'
01-25 09:51:13.840: I/wpa_supplicant(5976): wlan0: CTRL-EVENT-EAP-PEER-CERT depth=0 subject='/CN=acs184'
01-25 09:51:13.910: I/wpa_supplicant(5976): EAP-MSCHAPV2: Authentication succeeded
01-25 09:51:13.926: I/wpa_supplicant(5976): wlan0: CTRL-EVENT-EAP-SUCCESS EAP authentication completed successfully
01-25 09:51:13.949: I/wpa_supplicant(5976): wlan0: WPA: Key negotiation completed with 04:18:d6:22:1a:f1 [PTK=CCMP GTK=CCMP]
01-25 09:51:13.949: I/wpa_supplicant(5976): wlan0: CTRL-EVENT-CONNECTED - Connection to 04:18:d6:22:1a:f1 completed (reauth) [id=14 id_str=]
01-25 09:51:15.082: D/ConnectivityService(375): ConnectivityChange for mobile: CONNECTED/CONNECTED
01-25 09:51:15.082: V/AlarmManager(375): set: Alarm{41d8ec78 type 2 com.android.phone}
01-25 09:51:15.090: V/AlarmManager(375): Adding alarm Alarm{41d8ec78 type 2 com.android.phone} at 1
01-25 09:51:15.754: D/Tethering(375): MasterInitialState.processMessage what=3
01-25 09:51:15.817: V/AlarmManager(375): set: Alarm{4221c3c0 type 1 com.UCMobile}
01-25 09:51:15.817: V/AlarmManager(375): Adding alarm Alarm{4221c3c0 type 1 com.UCMobile} at 0
01-25 09:51:15.840: D/Tethering(375): MasterInitialState.processMessage what=3
01-25 09:51:15.840: D/NetworkManager(1588): extraInfo = 3gnet
01-25 09:51:15.871: V/AlarmManager(375): set: Alarm{41e1dcc8 type 1 com.kingreader.framework}
01-25 09:51:15.879: V/AlarmManager(375): Adding alarm Alarm{41e1dcc8 type 1 com.kingreader.framework} at 0
01-25 09:51:15.887: I/GTalkService/c(22312): [AndroidEndpoint@1104557240] connect: acct=1000000, state=CONNECTING
01-25 09:51:15.887: D/NetworkManager(1588): searchCommuType = COMMU_3GNET
01-25 09:51:15.887: D/NetworkManager(1588): last commu Type:wifi---current commu Type:3gnet
01-25 09:51:15.902: I/TCMSService(1588): network type:3gnet
01-25 09:51:15.902: I/TCMSService(1588): network change---
01-25 09:51:15.902: D/EnvManager(1588): getEnv:ONLINE
01-25 09:51:15.910: D/EnvManager(1588): getEnv:ONLINE
01-25 09:51:15.910: D/EnvManager(1588): getEnv:ONLINE
01-25 09:51:15.942: I/ActivityManager(375): Start proc com.UCMobile:ppappstore for broadcast com.UCMobile/com.pp.plugin.appstore.receiver.PPNetworkReceiver: pid=2054 uid=10103 gids={3003, 1006, 1028, 1015}
01-25 09:51:15.981: V/AlarmManager(375): set: Alarm{42925a20 type 1 com.UCMobile}
01-25 09:51:15.981: D/libgps(375): agps_ril_update_network_state: Waiting for IPC connection...
01-25 09:51:15.981: V/AlarmManager(375): Adding alarm Alarm{42925a20 type 1 com.UCMobile} at 0
01-25 09:51:16.020: E/Trace(2054): error opening trace file: No such file or directory (2)
01-25 09:51:16.027: D/XPushJNI@Native(1588): com_alibaba_tcms_service_TCMPush_register
01-25 09:51:16.059: D/XPush@native(1588): call getDeviceId 
01-25 09:51:16.082: D/ConnectivityService(375): NetTransition Wakelock for WifiStateMachine released by timeout
01-25 09:51:16.098: D/PersistManager(1588): get, list properties.
01-25 09:51:16.098: D/PersistManager(1588): key:XPUSH_SDK_INFO_V2 value:{"com.comtop.mim":"{\"clientPriority\":14464800,\"disable\":false,\"regTime\":1453363398820,\"callCount\":1,\"appKey\":\"23232985\"}"}
01-25 09:51:16.098: D/PersistManager(1588): key:push_tcms_client_id_key value:a04gig2jepl3ixyz
01-25 09:51:16.106: D/PersistManager(1588): key:push_heart_freq_key value:{"wifi-comtop":276,"MM_AP":180,"460:1:0:0":560}
01-25 09:51:16.106: D/PersistManager(1588): key:push_device_id_key_v1 value:a0z4dbo99afd820c___d5r8adlj1uxcs24h
01-25 09:51:16.106: D/NativeStoreProxy(1588): getString, key:push_device_id_key_v1 value:a0z4dbo99afd820c___d5r8adlj1uxcs24h
01-25 09:51:16.106: I/JavaGlobalStore@native(1588): getString, key:push_device_id_key_v1, value:a0z4dbo99afd820c___d5r8adlj1uxcs24h/n
01-25 09:51:16.113: D/XPush@native(1588): get cached DeviceId
01-25 09:51:16.113: D/TCMPushIO(1588): register device with code:0spent time:88ms
01-25 09:51:16.113: D/TCMPushIO(1588): deviceId:a0z4dbo99afd820c
01-25 09:51:16.121: D/LogTrack(1588): |1|14464800|1453686676|a0z4dbo99afd820c|||wifi||||com.comtop.mim|1.0||10||getDeviceId|0|88|pid:1588,tid:1||
01-25 09:51:16.121: D/XPushJNI@Native(1588): com_alibaba_tcms_service_TCMPush_start
01-25 09:51:16.129: D/TcmsXpushOne@native@tcms(1588): setSessionId, sid:1
01-25 09:51:16.152: W/dalvikvm(2054): Refusing to reopen boot DEX '/system/framework/hwframework.jar'
01-25 09:51:16.168: D/PersistManager(1588): get, list properties.
01-25 09:51:16.168: D/PersistManager(1588): key:XPUSH_SDK_INFO_V2 value:{"com.comtop.mim":"{\"clientPriority\":14464800,\"disable\":false,\"regTime\":1453363398820,\"callCount\":1,\"appKey\":\"23232985\"}"}
01-25 09:51:16.168: D/PersistManager(1588): key:push_tcms_client_id_key value:a04gig2jepl3ixyz
01-25 09:51:16.176: D/PersistManager(1588): key:push_heart_freq_key value:{"wifi-comtop":276,"MM_AP":180,"460:1:0:0":560}
01-25 09:51:16.176: D/PersistManager(1588): key:push_device_id_key_v1 value:a0z4dbo99afd820c___d5r8adlj1uxcs24h
01-25 09:51:16.176: D/NativeStoreProxy(1588): getInt64, key:xpushClient__xpush_push_maxmsgid value:-1
01-25 09:51:16.184: I/jni/inet/android/native/common/calljava.cpp(1588): nativeLog
01-25 09:51:16.184: W/JavaGlobalStore@nativemynative(1588): getInt64, key:xpushClient__xpush_push_maxmsgid, value:-1/n
01-25 09:51:16.184: I/nativeLog(1588): begin native log
01-25 09:51:16.184: I/jni/inet/android/native/common/calljava.cpp(1588): nativeLog
01-25 09:51:16.192: W/PushBase@nativemynative(1588): PushBase::enableApp, subclass must implement this method.
01-25 09:51:16.192: I/nativeLog(1588): begin native log
01-25 09:51:16.192: I/jni/inet/android/native/common/calljava.cpp(1588): nativeLog
01-25 09:51:16.192: W/tcmsposix@native@tcmsmynative(1588): TCMServicePosix.mStarted = true.
01-25 09:51:16.199: I/nativeLog(1588): begin native log
01-25 09:51:16.199: D/TCMPushIO(1588): start push:com.comtop.mim spent time:294ms with ips:
01-25 09:51:16.199: D/TCMSService(1588): setHearbeatInterval---------:COMMU_3GNET
01-25 09:51:16.199: D/TCMSService(1588): network change setHeartbeatInterval true interval:560
01-25 09:51:16.207: D/XPushJNI@Native(1588): com_alibaba_tcms_service_TCMPush_setHeartbeatInterval
01-25 09:51:16.207: I/TcmInet@native@tcms(1588): :560, locationId:460:1:0:0
01-25 09:51:16.223: D/NetworkManager(1588): extraInfo = 3gnet
01-25 09:51:16.223: D/NetworkManager(1588): searchCommuType = COMMU_3GNET
01-25 09:51:16.223: D/NetworkManager(1588): last commu Type:3gnet---current commu Type:3gnet
01-25 09:51:16.387: E/dalvikvm(22697): GC_CONCURRENT freed 1899K, 24% free 18031K/23619K, paused 198ms+19ms, total 343ms
01-25 09:51:16.387: D/dalvikvm(22697): WAIT_FOR_CONCURRENT_GC blocked 168ms
01-25 09:51:16.387: D/dalvikvm(22697): WAIT_FOR_CONCURRENT_GC blocked 222ms
01-25 09:51:16.395: D/dalvikvm(22697): WAIT_FOR_CONCURRENT_GC blocked 177ms
01-25 09:51:16.395: D/dalvikvm(22697): WAIT_FOR_CONCURRENT_GC blocked 179ms
01-25 09:51:16.402: D/dalvikvm(22697): WAIT_FOR_CONCURRENT_GC blocked 178ms
01-25 09:51:16.590: W/System.err(2054): Invalid int: ""
01-25 09:51:16.621: E/dalvikvm(1134): GC_CONCURRENT freed 1764K, 36% free 15172K/23619K, paused 3ms+2ms, total 29ms
01-25 09:51:16.754: I/PackageParser(2054): add hwframework.jar as a optional shared library.
01-25 09:51:16.777: V/AlarmManager(375): set: Alarm{4225f110 type 0 com.UCMobile}
01-25 09:51:16.777: V/AlarmManager(375): Adding alarm Alarm{4225f110 type 0 com.UCMobile} at 6
01-25 09:51:16.840: D/AccService(30782): restorApnIfNeed
01-25 09:51:16.840: D/AccService(30782): restorApnIfNeed, apn: 3gnet
01-25 09:51:16.840: D/AccService(30782): saved: 
01-25 09:51:16.840: D/AccService(30782): ConnectionChangeBroadcastReceiver, forward broadcast to service
01-25 09:51:16.856: I/ActivityManager(375): Start proc com.huawei.android.ds:pushservice for broadcast com.huawei.android.ds/com.huawei.android.pushagent.PushEventReceiver: pid=2082 uid=10032 gids={1015, 3003, 1028}
01-25 09:51:16.887: E/Trace(2082): error opening trace file: No such file or directory (2)
01-25 09:51:16.910: W/dalvikvm(2082): Refusing to reopen boot DEX '/system/framework/hwframework.jar'
01-25 09:51:16.949: I/PushLogSC2508(2082): [main-1]action is android.net.conn.CONNECTIVITY_CHANGE(ds/null:-1)
01-25 09:51:16.949: I/PushLogSC2508(2082): [main-1]run PushProxy.handleEvent (ds/null:-1)
01-25 09:51:16.957: I/PushLogSC2508(2082): [main-1]run invokePluginReport(ds/null:-1)
01-25 09:51:16.957: E/PushLogSC2508(2082): [main-1]java.lang.NoSuchMethodException: handleEvent [class android.content.Context, class android.content.Intent](ds/null:-1)
01-25 09:51:16.957: E/PushLogSC2508(2082): java.lang.NoSuchMethodException: handleEvent [class android.content.Context, class android.content.Intent]
01-25 09:51:16.957: E/PushLogSC2508(2082): 	at java.lang.Class.getConstructorOrMethod(Class.java:460)
01-25 09:51:16.957: E/PushLogSC2508(2082): 	at java.lang.Class.getMethod(Class.java:915)
01-25 09:51:16.957: E/PushLogSC2508(2082): 	at com.huawei.android.pushagent.PushEventReceiver.a(Unknown Source)
01-25 09:51:16.957: E/PushLogSC2508(2082): 	at com.huawei.android.pushagent.PushEventReceiver.onReceive(Unknown Source)
01-25 09:51:16.957: E/PushLogSC2508(2082): 	at android.app.ActivityThread.handleReceiver(ActivityThread.java:2239)
01-25 09:51:16.957: E/PushLogSC2508(2082): 	at android.app.ActivityThread.access$1500(ActivityThread.java:134)
01-25 09:51:16.957: E/PushLogSC2508(2082): 	at android.app.ActivityThread$H.handleMessage(ActivityThread.java:1278)
01-25 09:51:16.957: E/PushLogSC2508(2082): 	at android.os.Handler.dispatchMessage(Handler.java:99)
01-25 09:51:16.957: E/PushLogSC2508(2082): 	at android.os.Looper.loop(Looper.java:137)
01-25 09:51:16.957: E/PushLogSC2508(2082): 	at android.app.ActivityThread.main(ActivityThread.java:4767)
01-25 09:51:16.957: E/PushLogSC2508(2082): 	at java.lang.reflect.Method.invokeNative(Native Method)
01-25 09:51:16.957: E/PushLogSC2508(2082): 	at java.lang.reflect.Method.invoke(Method.java:511)
01-25 09:51:16.957: E/PushLogSC2508(2082): 	at com.android.internal.os.ZygoteInit$MethodAndArgsCaller.run(ZygoteInit.java:800)
01-25 09:51:16.957: E/PushLogSC2508(2082): 	at com.android.internal.os.ZygoteInit.main(ZygoteInit.java:567)
01-25 09:51:16.957: E/PushLogSC2508(2082): 	at dalvik.system.NativeStart.main(Native Method)
01-25 09:51:16.973: I/ConnectionChangeReceiver(1731): ConnectionChangeReceiver onReceive:android.net.conn.CONNECTIVITY_CHANGE
01-25 09:51:16.973: I/ConnectionChangeReceiver(1731): end ConnectionChangeReceiver onReceive:android.net.conn.CONNECTIVITY_CHANGE
01-25 09:51:16.981: E/HoTalkService(1731): 3gnet
01-25 09:51:16.981: I/PushLogSC2508(7572): [main-1]action is android.net.conn.CONNECTIVITY_CHANGE(message/null:-1)
01-25 09:51:16.981: I/PushLogSC2508(7572): [main-1]run PushProxy.handleEvent (message/null:-1)
01-25 09:51:16.988: I/PushLogSC2508(7572): [main-1]run invokePluginReport(message/null:-1)
01-25 09:51:16.988: I/PushLogSC2508(7572): [main-1]no cycle task need to run(message/null:-1)
01-25 09:51:16.996: I/ActivityManager(375): Start proc com.huawei.android.hwouc for broadcast com.huawei.android.hwouc/.provider.DownloadReceiver: pid=2105 uid=10043 gids={2001, 3003, 1015, 1023, 1028}
01-25 09:51:17.004: I/PushLogSC2508(7572): [main-1]PushService onStartCommand(message/null:-1)
01-25 09:51:17.020: E/Trace(2105): error opening trace file: No such file or directory (2)
01-25 09:51:17.051: I/PushLogSC2508(7572): [ReceiverDispatcher-1871]lastnetWorkType:1 curNetWorkType:0(message/null:-1)
01-25 09:51:17.051: D/libgps(375): agps_ril_update_network_state: Waiting for IPC connection - timeout
01-25 09:51:17.051: E/libgps(375): LIBGPS: Cannot communicate (write) with a GPSD
01-25 09:51:17.051: E/libgps(375): IPC Communication Error, /tmp/11981473/customers/broadcom/jbandroid/../../../proprietary/deliverables/android/gps_interface/../gps_interface/gpsi_client/GpsiClient.cpp:1194 agps_ril_update_network_state
01-25 09:51:17.051: D/libgps(375): agps_ril_update_network_availability: Waiting for IPC connection...
01-25 09:51:17.082: W/dalvikvm(2105): Refusing to reopen boot DEX '/system/framework/hwframework.jar'
01-25 09:51:17.121: I/ActivityThread(2105): Pub hwouc_download: com.huawei.android.hwouc.provider.DownloadProvider
01-25 09:51:17.129: E/dalvikvm(1134): GC_CONCURRENT freed 1775K, 36% free 15239K/23619K, paused 8ms+8ms, total 45ms
01-25 09:51:17.129: D/dalvikvm(1134): WAIT_FOR_CONCURRENT_GC blocked 8ms
01-25 09:51:17.129: D/dalvikvm(1134): WAIT_FOR_CONCURRENT_GC blocked 8ms
01-25 09:51:17.129: D/dalvikvm(1134): WAIT_FOR_CONCURRENT_GC blocked 9ms
01-25 09:51:17.129: D/dalvikvm(1134): WAIT_FOR_CONCURRENT_GC blocked 10ms
01-25 09:51:17.129: D/HwOUC(2105): HwOucConfig -> load default presets...
01-25 09:51:17.137: I/ActivityManager(375): No longer want com.huawei.hiwiservice.android (pid 1469): hidden #16
01-25 09:51:17.145: D/HwOUC(2105): HwOucConfig -> load presets, tag=string, value=phone_firmware_uri, text=http://query.hicloud.com:80/sp_ard_common/v2/Check.action?latest=true
01-25 09:51:17.145: D/HwOUC(2105): HwOucConfig -> load presets, tag=string, value=phone_firmware_report_uri, text=http://query.hicloud.com:80/sp_ard_common/v2/UpdateReport.action
01-25 09:51:17.145: D/HwOUC(2105): HwOucConfig -> load presets, tag=string, value=phone_app_conditions_uri, text=http://query.hicloud.com:80/sp_ard_app_common/v2/GetCondition.action
01-25 09:51:17.145: D/HwOUC(2105): HwOucConfig -> load presets, tag=string, value=phone_app_uri, text=http://query.hicloud.com:80/sp_ard_app_common/v2/CheckEx.action
01-25 09:51:17.145: D/HwOUC(2105): HwOucConfig -> load presets, tag=string, value=phone_app_report_uri, text=http://query.hicloud.com:80/sp_ard_app_common/v2/UpdateReport.action
01-25 09:51:17.145: D/HwOUC(2105): HwOucConfig -> load presets, tag=string, value=pad_firmware_uri, text=http://query.hicloud.com:80/hid_and_common/v2/Check.action?latest=true
01-25 09:51:17.145: D/HwOUC(2105): HwOucConfig -> load presets, tag=string, value=pad_firmware_report_uri, text=http://query.hicloud.com:80/hid_and_common/v2/UpdateReport.action
01-25 09:51:17.145: D/HwOUC(2105): HwOucConfig -> load presets, tag=string, value=pad_app_conditions_uri, text=http://query.hicloud.com:80/hid_and_app_common/v2/GetCondition.action
01-25 09:51:17.145: D/HwOUC(2105): HwOucConfig -> load presets, tag=string, value=pad_app_uri, text=http://query.hicloud.com:80/hid_and_app_common/v2/CheckEx.action
01-25 09:51:17.145: D/HwOUC(2105): HwOucConfig -> load presets, tag=string, value=pad_app_report_uri, text=http://query.hicloud.com:80/hid_and_app_common/v2/UpdateReport.action
01-25 09:51:17.145: D/HwOUC(2105): HwOucConfig -> load presets, tag=string, value=singlebox_firmware_uri, text=http://query.hicloud.com:80/singlebox_and_common/v2/check.action?latest=true
01-25 09:51:17.145: D/HwOUC(2105): HwOucConfig -> load presets, tag=string, value=singlebox_firmware_report_uri, text=http://query.hicloud.com:80/singlebox_and_common/v2/UpdateReport.action
01-25 09:51:17.145: D/HwOUC(2105): HwOucConfig -> load presets, tag=string, value=singlebox_app_conditions_uri, text=http://query.hicloud.com:80/singlebox_and_app_common/v2/GetCondition.action
01-25 09:51:17.145: D/HwOUC(2105): HwOucConfig -> load presets, tag=string, value=singlebox_app_uri, text=http://query.hicloud.com:80/singlebox_and_app_common/v2/checkEx.action
01-25 09:51:17.145: D/HwOUC(2105): HwOucConfig -> load presets, tag=string, value=singlebox_app_report_uri, text=http://query.hicloud.com:80/singlebox_and_app_common/v2/UpdateReport.action
01-25 09:51:17.145: D/HwOUC(2105): HwOucConfig -> load presets, tag=int, value=socket_timeout, text=20000
01-25 09:51:17.145: D/HwOUC(2105): HwOucConfig -> load presets, tag=int, value=connection_timeout, text=20000
01-25 09:51:17.145: D/HwOUC(2105): HwOucConfig -> load presets, tag=int, value=app_download_limit_count, text=3
01-25 09:51:17.145: D/HwOUC(2105): HwOucConfig -> load presets, tag=bool, value=auto_check_switch_on, text=true
01-25 09:51:17.145: D/HwOUC(2105): HwOucConfig -> load presets, tag=bool, value=auto_check_setting_UI_show, text=true
01-25 09:51:17.145: D/HwOUC(2105): HwOucConfig -> load presets, tag=string, value=free_download_proxy_host, text=null
01-25 09:51:17.145: D/HwOUC(2105): HwOucConfig -> load presets, tag=string, value=free_download_proxy_port, text=null
01-25 09:51:17.145: D/HwOUC(2105): HwOucConfig -> load presets, tag=string, value=hota_internal_command, text=--update_package=/HWUserData
01-25 09:51:17.145: D/HwOUC(2105): HwOucConfig -> load presets, tag=string, value=hota_external_command, text=--update_package=/sdcard
01-25 09:51:17.145: D/HwOUC(2105): HwOucConfig -> load presets, tag=bool, value=test_version, text=false
01-25 09:51:17.145: D/HwOUC(2105): HwOucConfig -> load presets, tag=int, value=install_interval_remind, text=30
01-25 09:51:17.145: D/HwOUC(2105): HwOucConfig -> load presets, tag=int, value=autoPollingCycle, text=7
01-25 09:51:17.145: D/HwOUC(2105): HwOucConfig -> load presets, tag=string, value=user_agent, text=null
01-25 09:51:17.145: D/HwOUC(2105): HwOucConfig -> load presets, tag=string, value=roaming_flag, text=false
01-25 09:51:17.145: D/HwOUC(2105): HwOucConfig -> load presets, tag=bool, value=changelog_show_flag, text=true
01-25 09:51:17.145: D/HwOUC(2105): HwOucConfig -> load presets, tag=bool, value=beta_and_stable_version_flag, text=false
01-25 09:51:17.145: D/HwOUC(2105): HwOucConfig -> load presets, tag=int, value=download_limit_size, text=40
01-25 09:51:17.145: D/HwOUC(2105): HwOucConfig -> load presets, tag=bool, value=fw_cancelbtn_show_flag, text=false
01-25 09:51:17.145: D/HwOUC(2105): HwOucConfig -> load presets, tag=bool, value=push_msg_on, text=true
01-25 09:51:17.145: D/HwOUC(2105): HwOucConfig -> load presets, tag=bool, value=support_sdcard_update, text=true
01-25 09:51:17.145: D/HwOUC(2105): HwOucConfig -> load presets, tag=string, value=app_nick_name, text=HuaweiDeItms
01-25 09:51:17.145: D/HwOUC(2105): HwOucConfig -> load presets, tag=bool, value=support_auto_blacklist, text=false
01-25 09:51:17.145: D/HwOUC(2105): HwOucConfig -> load presets, tag=bool, value=support_auto_download, text=true
01-25 09:51:17.145: D/HwOUC(2105): HwOucConfig -> load presets, tag=bool, value=is_D2, text=false
01-25 09:51:17.145: D/HwOUC(2105): HwOucConfig -> load presets, tag=bool, value=is_hap_common, text=true
01-25 09:51:17.145: D/HwOUC(2105): HwOucConfig -> load presets, tag=bool, value=is_China_telecom_phone, text=false
01-25 09:51:17.145: D/HwOUC(2105): HwOucConfig -> load presets, tag=bool, value=is_show_emui_entrance, text=false
01-25 09:51:17.145: D/HwOUC(2105): HwOucConfig -> load presets, tag=bool, value=is_forced_wifi, text=false
01-25 09:51:17.145: D/HwOUC(2105): HwOucConfig -> load presets, tag=bool, value=support_usb_upgrade, text=false
01-25 09:51:17.145: D/HwOUC(2105): HwOucConfig -> load presets, tag=int, value=offset_storage, text=2
01-25 09:51:17.145: D/HwOUC(2105): HwOucConfig -> load custom presets...
01-25 09:51:17.152: D/HwOUC(2105): HwOucConfig -> load presets, tag=string, value=phone_firmware_uri, text=http://query.hicloud.com:80/sp_ard_common/v2/Check.action?latest=true
01-25 09:51:17.152: D/HwOUC(2105): HwOucConfig -> load presets, tag=string, value=phone_firmware_report_uri, text=http://query.hicloud.com:80/sp_ard_common/v2/UpdateReport.action
01-25 09:51:17.152: D/HwOUC(2105): HwOucConfig -> load presets, tag=string, value=phone_app_conditions_uri, text=http://query.hicloud.com:80/sp_ard_app_common/v2/GetCondition.action
01-25 09:51:17.152: D/HwOUC(2105): HwOucConfig -> load presets, tag=string, value=phone_app_uri, text=http://query.hicloud.com:80/sp_ard_app_common/v2/CheckEx.action
01-25 09:51:17.152: D/HwOUC(2105): HwOucConfig -> load presets, tag=string, value=phone_app_report_uri, text=http://query.hicloud.com:80/sp_ard_app_common/v2/UpdateReport.action
01-25 09:51:17.152: D/HwOUC(2105): HwOucConfig -> load presets, tag=string, value=pad_firmware_uri, text=http://query.hicloud.com:80/hid_and_common/v2/Check.action?latest=true
01-25 09:51:17.160: D/HwOUC(2105): HwOucConfig -> load presets, tag=string, value=pad_firmware_report_uri, text=http://query.hicloud.com:80/hid_and_common/v2/UpdateReport.action
01-25 09:51:17.160: D/HwOUC(2105): HwOucConfig -> load presets, tag=string, value=pad_app_conditions_uri, text=http://query.hicloud.com:80/hid_and_app_common/v2/GetCondition.action
01-25 09:51:17.160: D/HwOUC(2105): HwOucConfig -> load presets, tag=string, value=pad_app_uri, text=http://query.hicloud.com:80/hid_and_app_common/v2/CheckEx.action
01-25 09:51:17.160: D/HwOUC(2105): HwOucConfig -> load presets, tag=string, value=pad_app_report_uri, text=http://query.hicloud.com:80/hid_and_app_common/v2/UpdateReport.action
01-25 09:51:17.160: D/HwOUC(2105): HwOucConfig -> load presets, tag=int, value=socket_timeout, text=20000
01-25 09:51:17.160: D/HwOUC(2105): HwOucConfig -> load presets, tag=int, value=connection_timeout, text=20000
01-25 09:51:17.160: D/HwOUC(2105): HwOucConfig -> load presets, tag=int, value=app_download_limit_count, text=3
01-25 09:51:17.160: D/HwOUC(2105): HwOucConfig -> load presets, tag=bool, value=auto_check_switch_on, text=true
01-25 09:51:17.160: D/HwOUC(2105): HwOucConfig -> load presets, tag=bool, value=auto_check_setting_UI_show, text=true
01-25 09:51:17.160: D/HwOUC(2105): HwOucConfig -> load presets, tag=string, value=free_download_proxy_host, text=null
01-25 09:51:17.160: D/HwOUC(2105): HwOucConfig -> load presets, tag=string, value=free_download_proxy_port, text=null
01-25 09:51:17.160: D/HwOUC(2105): HwOucConfig -> load presets, tag=string, value=hota_internal_command, text=--update_package=/HWUserData
01-25 09:51:17.160: D/HwOUC(2105): HwOucConfig -> load presets, tag=string, value=hota_external_command, text=--update_package=/sdcard
01-25 09:51:17.160: D/HwOUC(2105): HwOucConfig -> load presets, tag=bool, value=test_version, text=false
01-25 09:51:17.160: D/HwOUC(2105): HwOucConfig -> load presets, tag=int, value=forcedUpdate_install_interval_remind, text=30
01-25 09:51:17.160: D/HwOUC(2105): HwOucConfig -> load presets, tag=int, value=autoPollingCycle, text=2
01-25 09:51:17.160: D/HwOUC(2105): HwOucConfig -> load presets, tag=string, value=user_agent, text=null
01-25 09:51:17.160: D/HwOUC(2105): HwOucConfig -> load presets, tag=string, value=roaming_flag, text=false
01-25 09:51:17.160: D/HwOUC(2105): HwOucConfig -> load presets, tag=bool, value=changelog_show_flag, text=true
01-25 09:51:17.160: D/HwOUC(2105): HwOucConfig -> load presets, tag=bool, value=beta_and_stable_version_flag, text=true
01-25 09:51:17.160: D/HwOUC(2105): HwOucConfig -> load presets, tag=int, value=download_limit_size, text=20
01-25 09:51:17.160: D/HwOUC(2105): HwOucConfig -> load presets, tag=bool, value=fw_cancelbtn_show_flag, text=false
01-25 09:51:17.160: I/BroadcastQueue(375): There are ordered broadcasts stay in queue, should schedule next Broadcasts.
01-25 09:51:17.168: D/HwOUC(2105): HwOucUtility -> enter detectStorage!!!
01-25 09:51:17.168: D/HwOUC(2105): HwOucUtility -> detectPadAndPhoneI, path=/storage/sdcard0,isEmulated=true
01-25 09:51:17.168: D/HwOUC(2105): HwOucUtility -> detectPadAndPhoneI, mInternalSdcardPath=/storage/sdcard0
01-25 09:51:17.168: D/HwOUC(2105): HwOucUtility -> detectPadAndPhoneI, path=/storage/sdcard1,isEmulated=false
01-25 09:51:17.168: D/HwOUC(2105): HwOucUtility -> detectPadAndPhoneI, mExternalSdcardPath=/storage/sdcard1
01-25 09:51:17.168: D/HwOUC(2105): HwOucUtility -> enter detectURL!!!
01-25 09:51:17.168: D/HwOUC(2105): HwOucUtility -> productBoard = U9500,productName = U9500
01-25 09:51:17.168: D/HwOUC(2105): HwOucUtility -> isS7_Tablet, productModel = U9500
01-25 09:51:17.168: D/HwOUC(2105): HwOucUtility -> method invoke failed: com.huawei.pad.Product
01-25 09:51:17.168: D/HwOUC(2105): HwOucUtility -> isTablet() = false
01-25 09:51:17.168: D/HwOUC(2105): HwOucUtility -> isPad() = false
01-25 09:51:17.168: D/HwOUC(2105): HwOucUtility -> isSingleBox()--productName = U9500
01-25 09:51:17.168: D/HwOUC(2105): HwOucUtility -> choosePhoneURL!!!
01-25 09:51:17.168: V/DownloadManager(2105): DownloadReceiver get action:android.net.conn.CONNECTIVITY_CHANGE
01-25 09:51:17.176: D/HwOUC(2105): DownloadReceiver -> Network changed
01-25 09:51:17.176: D/HwOUC(2105): DownloadReceiver -> Network not available
01-25 09:51:17.176: D/HwOUC(2105): CheckPhoneEncrypted -> getMountService service != null
01-25 09:51:17.176: D/HwOUC(2105): CheckPhoneEncrypted -> NO ENCRYPTION,HwOucConfig.mIsEncrypted = false 
01-25 09:51:17.176: D/VoldCmdListener(132): cryptfs cryptocomplete
01-25 09:51:17.176: E/Cryptfs(132): not running with encryption, aborting
01-25 09:51:17.184: I/ActivityManager(375): Start proc com.huawei.android.hwouc:appsupdate for broadcast com.huawei.android.hwouc/com.huawei.appsupdate.check.AutoCheckReceiver: pid=2120 uid=10043 gids={2001, 3003, 1015, 1023, 1028}
01-25 09:51:17.184: I/ActivityManager(375): No longer want com.android.contacts (pid 1355): hidden #16
01-25 09:51:17.199: E/Trace(2120): error opening trace file: No such file or directory (2)
01-25 09:51:17.207: W/dalvikvm(2120): Refusing to reopen boot DEX '/system/framework/hwframework.jar'
01-25 09:51:17.223: D/HwOUC(2120): HwOucConfig -> load default presets...
01-25 09:51:17.223: D/HwOUC(2120): HwOucConfig -> load presets, tag=string, value=phone_firmware_uri, text=http://query.hicloud.com:80/sp_ard_common/v2/Check.action?latest=true
01-25 09:51:17.223: D/HwOUC(2120): HwOucConfig -> load presets, tag=string, value=phone_firmware_report_uri, text=http://query.hicloud.com:80/sp_ard_common/v2/UpdateReport.action
01-25 09:51:17.223: D/HwOUC(2120): HwOucConfig -> load presets, tag=string, value=phone_app_conditions_uri, text=http://query.hicloud.com:80/sp_ard_app_common/v2/GetCondition.action
01-25 09:51:17.223: D/HwOUC(2120): HwOucConfig -> load presets, tag=string, value=phone_app_uri, text=http://query.hicloud.com:80/sp_ard_app_common/v2/CheckEx.action
01-25 09:51:17.223: D/HwOUC(2120): HwOucConfig -> load presets, tag=string, value=phone_app_report_uri, text=http://query.hicloud.com:80/sp_ard_app_common/v2/UpdateReport.action
01-25 09:51:17.223: D/HwOUC(2120): HwOucConfig -> load presets, tag=string, value=pad_firmware_uri, text=http://query.hicloud.com:80/hid_and_common/v2/Check.action?latest=true
01-25 09:51:17.223: D/HwOUC(2120): HwOucConfig -> load presets, tag=string, value=pad_firmware_report_uri, text=http://query.hicloud.com:80/hid_and_common/v2/UpdateReport.action
01-25 09:51:17.223: D/HwOUC(2120): HwOucConfig -> load presets, tag=string, value=pad_app_conditions_uri, text=http://query.hicloud.com:80/hid_and_app_common/v2/GetCondition.action
01-25 09:51:17.223: D/HwOUC(2120): HwOucConfig -> load presets, tag=string, value=pad_app_uri, text=http://query.hicloud.com:80/hid_and_app_common/v2/CheckEx.action
01-25 09:51:17.223: D/HwOUC(2120): HwOucConfig -> load presets, tag=string, value=pad_app_report_uri, text=http://query.hicloud.com:80/hid_and_app_common/v2/UpdateReport.action
01-25 09:51:17.223: D/HwOUC(2120): HwOucConfig -> load presets, tag=string, value=singlebox_firmware_uri, text=http://query.hicloud.com:80/singlebox_and_common/v2/check.action?latest=true
01-25 09:51:17.223: D/HwOUC(2120): HwOucConfig -> load presets, tag=string, value=singlebox_firmware_report_uri, text=http://query.hicloud.com:80/singlebox_and_common/v2/UpdateReport.action
01-25 09:51:17.223: D/HwOUC(2120): HwOucConfig -> load presets, tag=string, value=singlebox_app_conditions_uri, text=http://query.hicloud.com:80/singlebox_and_app_common/v2/GetCondition.action
01-25 09:51:17.223: D/HwOUC(2120): HwOucConfig -> load presets, tag=string, value=singlebox_app_uri, text=http://query.hicloud.com:80/singlebox_and_app_common/v2/checkEx.action
01-25 09:51:17.223: D/HwOUC(2120): HwOucConfig -> load presets, tag=string, value=singlebox_app_report_uri, text=http://query.hicloud.com:80/singlebox_and_app_common/v2/UpdateReport.action
01-25 09:51:17.223: D/HwOUC(2120): HwOucConfig -> load presets, tag=int, value=socket_timeout, text=20000
01-25 09:51:17.223: D/HwOUC(2120): HwOucConfig -> load presets, tag=int, value=connection_timeout, text=20000
01-25 09:51:17.223: D/HwOUC(2120): HwOucConfig -> load presets, tag=int, value=app_download_limit_count, text=3
01-25 09:51:17.223: D/HwOUC(2120): HwOucConfig -> load presets, tag=bool, value=auto_check_switch_on, text=true
01-25 09:51:17.223: D/HwOUC(2120): HwOucConfig -> load presets, tag=bool, value=auto_check_setting_UI_show, text=true
01-25 09:51:17.223: D/HwOUC(2120): HwOucConfig -> load presets, tag=string, value=free_download_proxy_host, text=null
01-25 09:51:17.223: D/HwOUC(2120): HwOucConfig -> load presets, tag=string, value=free_download_proxy_port, text=null
01-25 09:51:17.223: D/HwOUC(2120): HwOucConfig -> load presets, tag=string, value=hota_internal_command, text=--update_package=/HWUserData
01-25 09:51:17.223: D/HwOUC(2120): HwOucConfig -> load presets, tag=string, value=hota_external_command, text=--update_package=/sdcard
01-25 09:51:17.223: D/HwOUC(2120): HwOucConfig -> load presets, tag=bool, value=test_version, text=false
01-25 09:51:17.231: D/HwOUC(2120): HwOucConfig -> load presets, tag=int, value=install_interval_remind, text=30
01-25 09:51:17.231: D/HwOUC(2120): HwOucConfig -> load presets, tag=int, value=autoPollingCycle, text=7
01-25 09:51:17.231: D/HwOUC(2120): HwOucConfig -> load presets, tag=string, value=user_agent, text=null
01-25 09:51:17.231: D/HwOUC(2120): HwOucConfig -> load presets, tag=string, value=roaming_flag, text=false
01-25 09:51:17.231: D/HwOUC(2120): HwOucConfig -> load presets, tag=bool, value=changelog_show_flag, text=true
01-25 09:51:17.231: D/HwOUC(2120): HwOucConfig -> load presets, tag=bool, value=beta_and_stable_version_flag, text=false
01-25 09:51:17.231: D/HwOUC(2120): HwOucConfig -> load presets, tag=int, value=download_limit_size, text=40
01-25 09:51:17.231: D/HwOUC(2120): HwOucConfig -> load presets, tag=bool, value=fw_cancelbtn_show_flag, text=false
01-25 09:51:17.231: D/HwOUC(2120): HwOucConfig -> load presets, tag=bool, value=push_msg_on, text=true
01-25 09:51:17.231: D/HwOUC(2120): HwOucConfig -> load presets, tag=bool, value=support_sdcard_update, text=true
01-25 09:51:17.231: D/HwOUC(2120): HwOucConfig -> load presets, tag=string, value=app_nick_name, text=HuaweiDeItms
01-25 09:51:17.231: D/HwOUC(2120): HwOucConfig -> load presets, tag=bool, value=support_auto_blacklist, text=false
01-25 09:51:17.231: D/HwOUC(2120): HwOucConfig -> load presets, tag=bool, value=support_auto_download, text=true
01-25 09:51:17.231: D/HwOUC(2120): HwOucConfig -> load presets, tag=bool, value=is_D2, text=false
01-25 09:51:17.231: D/HwOUC(2120): HwOucConfig -> load presets, tag=bool, value=is_hap_common, text=true
01-25 09:51:17.231: D/HwOUC(2120): HwOucConfig -> load presets, tag=bool, value=is_China_telecom_phone, text=false
01-25 09:51:17.231: D/HwOUC(2120): HwOucConfig -> load presets, tag=bool, value=is_show_emui_entrance, text=false
01-25 09:51:17.231: D/HwOUC(2120): HwOucConfig -> load presets, tag=bool, value=is_forced_wifi, text=false
01-25 09:51:17.231: D/HwOUC(2120): HwOucConfig -> load presets, tag=bool, value=support_usb_upgrade, text=false
01-25 09:51:17.231: D/HwOUC(2120): HwOucConfig -> load presets, tag=int, value=offset_storage, text=2
01-25 09:51:17.231: D/HwOUC(2120): HwOucConfig -> load custom presets...
01-25 09:51:17.231: D/HwOUC(2120): HwOucConfig -> load presets, tag=string, value=phone_firmware_uri, text=http://query.hicloud.com:80/sp_ard_common/v2/Check.action?latest=true
01-25 09:51:17.231: I/BroadcastQueue(375): There are ordered broadcasts stay in queue, should schedule next Broadcasts.
01-25 09:51:17.238: D/HwOUC(2120): HwOucConfig -> load presets, tag=string, value=phone_firmware_report_uri, text=http://query.hicloud.com:80/sp_ard_common/v2/UpdateReport.action
01-25 09:51:17.238: D/HwOUC(2120): HwOucConfig -> load presets, tag=string, value=phone_app_conditions_uri, text=http://query.hicloud.com:80/sp_ard_app_common/v2/GetCondition.action
01-25 09:51:17.238: D/HwOUC(2120): HwOucConfig -> load presets, tag=string, value=phone_app_uri, text=http://query.hicloud.com:80/sp_ard_app_common/v2/CheckEx.action
01-25 09:51:17.238: D/HwOUC(2120): HwOucConfig -> load presets, tag=string, value=phone_app_report_uri, text=http://query.hicloud.com:80/sp_ard_app_common/v2/UpdateReport.action
01-25 09:51:17.238: D/HwOUC(2120): HwOucConfig -> load presets, tag=string, value=pad_firmware_uri, text=http://query.hicloud.com:80/hid_and_common/v2/Check.action?latest=true
01-25 09:51:17.238: D/HwOUC(2120): HwOucConfig -> load presets, tag=string, value=pad_firmware_report_uri, text=http://query.hicloud.com:80/hid_and_common/v2/UpdateReport.action
01-25 09:51:17.238: D/HwOUC(2120): HwOucConfig -> load presets, tag=string, value=pad_app_conditions_uri, text=http://query.hicloud.com:80/hid_and_app_common/v2/GetCondition.action
01-25 09:51:17.238: D/HwOUC(2120): HwOucConfig -> load presets, tag=string, value=pad_app_uri, text=http://query.hicloud.com:80/hid_and_app_common/v2/CheckEx.action
01-25 09:51:17.238: D/HwOUC(2120): HwOucConfig -> load presets, tag=string, value=pad_app_report_uri, text=http://query.hicloud.com:80/hid_and_app_common/v2/UpdateReport.action
01-25 09:51:17.238: D/HwOUC(2120): HwOucConfig -> load presets, tag=int, value=socket_timeout, text=20000
01-25 09:51:17.238: D/HwOUC(2120): HwOucConfig -> load presets, tag=int, value=connection_timeout, text=20000
01-25 09:51:17.238: D/HwOUC(2120): HwOucConfig -> load presets, tag=int, value=app_download_limit_count, text=3
01-25 09:51:17.238: D/HwOUC(2120): HwOucConfig -> load presets, tag=bool, value=auto_check_switch_on, text=true
01-25 09:51:17.238: D/HwOUC(2120): HwOucConfig -> load presets, tag=bool, value=auto_check_setting_UI_show, text=true
01-25 09:51:17.238: D/HwOUC(2120): HwOucConfig -> load presets, tag=string, value=free_download_proxy_host, text=null
01-25 09:51:17.238: D/HwOUC(2120): HwOucConfig -> load presets, tag=string, value=free_download_proxy_port, text=null
01-25 09:51:17.238: D/HwOUC(2120): HwOucConfig -> load presets, tag=string, value=hota_internal_command, text=--update_package=/HWUserData
01-25 09:51:17.238: D/HwOUC(2120): HwOucConfig -> load presets, tag=string, value=hota_external_command, text=--update_package=/sdcard
01-25 09:51:17.238: D/HwOUC(2120): HwOucConfig -> load presets, tag=bool, value=test_version, text=false
01-25 09:51:17.238: D/HwOUC(2120): HwOucConfig -> load presets, tag=int, value=forcedUpdate_install_interval_remind, text=30
01-25 09:51:17.238: D/HwOUC(2120): HwOucConfig -> load presets, tag=int, value=autoPollingCycle, text=2
01-25 09:51:17.238: D/HwOUC(2120): HwOucConfig -> load presets, tag=string, value=user_agent, text=null
01-25 09:51:17.238: D/HwOUC(2120): HwOucConfig -> load presets, tag=string, value=roaming_flag, text=false
01-25 09:51:17.238: D/HwOUC(2120): HwOucConfig -> load presets, tag=bool, value=changelog_show_flag, text=true
01-25 09:51:17.238: D/HwOUC(2120): HwOucConfig -> load presets, tag=bool, value=beta_and_stable_version_flag, text=true
01-25 09:51:17.238: D/HwOUC(2120): HwOucConfig -> load presets, tag=int, value=download_limit_size, text=20
01-25 09:51:17.238: D/HwOUC(2120): HwOucConfig -> load presets, tag=bool, value=fw_cancelbtn_show_flag, text=false
01-25 09:51:17.238: V/AlarmManager(375): set: Alarm{42ba0290 type 0 com.huawei.message}
01-25 09:51:17.238: V/AlarmManager(375): Adding alarm Alarm{42ba0290 type 0 com.huawei.message} at 2
01-25 09:51:17.246: D/HwOUC(2120): HwOucUtility -> enter detectStorage!!!
01-25 09:51:17.246: D/HwOUC(2120): HwOucUtility -> detectPadAndPhoneI, path=/storage/sdcard0,isEmulated=true
01-25 09:51:17.246: D/HwOUC(2120): HwOucUtility -> detectPadAndPhoneI, mInternalSdcardPath=/storage/sdcard0
01-25 09:51:17.246: D/HwOUC(2120): HwOucUtility -> detectPadAndPhoneI, path=/storage/sdcard1,isEmulated=false
01-25 09:51:17.246: D/HwOUC(2120): HwOucUtility -> detectPadAndPhoneI, mExternalSdcardPath=/storage/sdcard1
01-25 09:51:17.246: D/HwOUC(2120): HwOucUtility -> enter detectURL!!!
01-25 09:51:17.246: D/HwOUC(2120): HwOucUtility -> productBoard = U9500,productName = U9500
01-25 09:51:17.254: D/HwOUC(2120): CheckPhoneEncrypted -> getMountService service != null
01-25 09:51:17.254: D/HwOUC(2120): HwOucUtility -> isS7_Tablet, productModel = U9500
01-25 09:51:17.254: D/HwOUC(2120): HwOucUtility -> method invoke failed: com.huawei.pad.Product
01-25 09:51:17.254: D/HwOUC(2120): HwOucUtility -> isTablet() = false
01-25 09:51:17.254: D/HwOUC(2120): HwOucUtility -> isPad() = false
01-25 09:51:17.254: D/HwOUC(2120): HwOucUtility -> isSingleBox()--productName = U9500
01-25 09:51:17.254: D/HwOUC(2120): HwOucUtility -> choosePhoneURL!!!
01-25 09:51:17.254: D/HwOUC(2120): CheckPhoneEncrypted -> NO ENCRYPTION,HwOucConfig.mIsEncrypted = false 
01-25 09:51:17.254: V/HwAppsUpdate_NetworkUtil(2120): network is available
01-25 09:51:17.254: E/HwAppsUpdate_AutoCheckReceiver(2120): Intent.CONNECTIVITY_ACTION nextCheckNewVersionTime:Tue Jan 26 09:59:42 +0800 2016 
01-25 09:51:17.254: D/VoldCmdListener(132): cryptfs cryptocomplete
01-25 09:51:17.254: E/Cryptfs(132): not running with encryption, aborting
01-25 09:51:17.262: I/Process(2120): Sending signal. PID: 2120 SIG: 9
01-25 09:51:17.270: I/ActivityManager(375): Process com.huawei.android.hwouc:appsupdate (pid 2120) has died.
01-25 09:51:17.270: D/ConnectionChangedBroadcastReceiver[line|25][7.0.18](10728): 1;onReceive
01-25 09:51:17.270: I/BroadcastQueue(375): There are ordered broadcasts stay in queue, should schedule next Broadcasts.
01-25 09:51:17.277: D/ConnectionChangedBroadcastReceiver[line|38][7.0.18](10728): 1;switcher of phonefinder is off 
01-25 09:51:17.277: I/PushLogSC2508(30840): [main-1]action is android.net.conn.CONNECTIVITY_CHANGE(remotecontrol/null:-1)
01-25 09:51:17.277: I/PushLogSC2508(30840): [main-1]run PushProxy.handleEvent (remotecontrol/null:-1)
01-25 09:51:17.285: I/PushLogSC2508(30840): [main-1]run invokePluginReport(remotecontrol/null:-1)
01-25 09:51:17.285: I/PushLogSC2508(30840): [main-1]no cycle task need to run(remotecontrol/null:-1)
01-25 09:51:17.293: I/ActivityManager(375): Start proc com.kingreader.framework for broadcast com.kingreader.framework/.os.android.service.NotificationReceiver: pid=2135 uid=10087 gids={3003, 1015, 1028}
01-25 09:51:17.309: I/dalvikvm(2135): Turning on JNI app bug workarounds for target SDK version 4...
01-25 09:51:17.324: E/dalvikvm(139): GC_EXPLICIT freed 39K, 42% free 13782K/23619K, paused 2ms+3ms, total 31ms
01-25 09:51:17.348: E/dalvikvm(139): GC_EXPLICIT freed <1K, 42% free 13782K/23619K, paused 1ms+2ms, total 19ms
01-25 09:51:17.348: E/Trace(2135): error opening trace file: No such file or directory (2)
01-25 09:51:17.363: E/dalvikvm(139): GC_EXPLICIT freed <1K, 42% free 13782K/23619K, paused 1ms+2ms, total 20ms
01-25 09:51:17.371: I/PushLogSC2508(7572): [ReceiverDispatcher-1871] not pass:com.huawei.android.pushagent.a.d.a.b@41dc0f40(message/null:-1)
01-25 09:51:17.371: E/PushLogSC2508(7572): [ReceiverDispatcher-1871]trsFlowControl not allowed to pass!!(message/null:-1)
01-25 09:51:17.371: I/PushLogSC2508(7572): [ReceiverDispatcher-1871]return valid PushSrvAddr(message/null:-1)
01-25 09:51:17.371: I/PushLogSC2508(7572): [SocketRead_09:51:17-2031]useProxy is valid:false(message/null:-1)
01-25 09:51:17.371: I/PushLogSC2508(7572): [SocketRead_09:51:17-2031]create socket without proxy(message/null:-1)
01-25 09:51:17.379: W/dalvikvm(2135): Refusing to reopen boot DEX '/system/framework/hwframework.jar'
01-25 09:51:17.559: V/AlarmManager(375): set: Alarm{421de0d0 type 2 com.google.android.gsf}
01-25 09:51:17.559: W/System.err(2135): Invalid int: ""
01-25 09:51:17.559: V/AlarmManager(375): Adding alarm Alarm{421de0d0 type 2 com.google.android.gsf} at 2
01-25 09:51:17.598: I/ActivityThread(2135): Pub com.kingreader.framework: com.kingreader.framework.os.android.util.AssetContentProvider
01-25 09:51:17.715: E/SQLiteLog(2135): (1) duplicate column name: FACEBOOK3
01-25 09:51:17.715: E/SQLiteLog(2135): (1) duplicate column name: ISLB
01-25 09:51:17.934: I/ActivityManager(375): Start proc com.sohu.inputmethod.sogou:classic for broadcast com.sohu.inputmethod.sogou/com.sogou.androidtool.receiver.NetChangeReceiver: pid=2159 uid=10120 gids={3003, 1015, 1006, 1028}
01-25 09:51:17.973: E/Trace(2159): error opening trace file: No such file or directory (2)
01-25 09:51:17.981: V/AlarmManager(375): Checking for alarms... rtc=1453686677984, elapsed=226675331
01-25 09:51:17.981: V/AlarmManager(375): Checking active alarm when=1453686677984 Alarm{42925a20 type 1 com.UCMobile}
01-25 09:51:17.981: V/AlarmManager(375): Alarm triggering: Alarm{42925a20 type 1 com.UCMobile}
01-25 09:51:17.981: V/AlarmManager(375): Checking active alarm when=1453686678312 Alarm{41e1dcc8 type 1 com.kingreader.framework}
01-25 09:51:17.981: V/AlarmManager(375): The statePoweron is :normal
01-25 09:51:17.981: V/AlarmManager(375): sending alarm Alarm{42925a20 type 1 com.UCMobile}
01-25 09:51:17.988: V/AlarmManager(375): set: Alarm{42727bb8 type 0 com.huawei.message}
01-25 09:51:17.988: V/AlarmManager(375): Adding alarm Alarm{42727bb8 type 0 com.huawei.message} at 2
01-25 09:51:18.090: D/libgps(375): agps_ril_update_network_availability: Waiting for IPC connection - timeout
01-25 09:51:18.090: E/libgps(375): LIBGPS: Cannot communicate (write) with a GPSD
01-25 09:51:18.090: E/libgps(375): IPC Communication Error, /tmp/11981473/customers/broadcom/jbandroid/../../../proprietary/deliverables/android/gps_interface/../gps_interface/gpsi_client/GpsiClient.cpp:1213 agps_ril_update_network_availability
01-25 09:51:18.098: D/libgps(375): agps_ril_update_network_state: Waiting for IPC connection...
01-25 09:51:18.106: D/ConnectivityService(375): handleInetConditionHoldEnd: net=0, condition=100, published condition=0
01-25 09:51:18.145: D/Tethering(375): MasterInitialState.processMessage what=3
01-25 09:51:18.184: D/NetworkManager(1588): extraInfo = 3gnet
01-25 09:51:18.192: W/dalvikvm(2159): Refusing to reopen boot DEX '/system/framework/hwframework.jar'
01-25 09:51:18.223: E/dalvikvm(31005): GC_CONCURRENT freed 2016K, 33% free 15875K/23619K, paused 7ms+2ms, total 53ms
01-25 09:51:18.223: D/NetworkManager(1588): searchCommuType = COMMU_3GNET
01-25 09:51:18.223: D/NetworkManager(1588): last commu Type:3gnet---current commu Type:3gnet
01-25 09:51:18.309: I/ActivityThread(2159): Pub sogou_sdk_downloads_appmarket: com.sogou.androidtool.downloads.DownloadProvider
01-25 09:51:18.309: V/AlarmManager(375): Checking for alarms... rtc=1453686678313, elapsed=226675661
01-25 09:51:18.309: V/AlarmManager(375): Checking active alarm when=1453686678312 Alarm{41e1dcc8 type 1 com.kingreader.framework}
01-25 09:51:18.309: V/AlarmManager(375): Alarm triggering: Alarm{41e1dcc8 type 1 com.kingreader.framework}
