01-25 09:50:05.395: W/System.err(25982): 	at libcore.net.http.HttpConnection.<init>(HttpConnection.java:50)
01-25 09:50:05.395: W/System.err(25982): 	at libcore.net.http.HttpConnection$Address.connect(HttpConnection.java:343)
01-25 09:50:05.395: W/System.err(25982): libcore.net.http.HttpConnection.<init>(HttpConnection.java:50)
01-25 09:50:05.395: W/System.err(25982): 	at libcore.net.http.HttpConnection$Address.connect(HttpConnection.java:343)
01-25 09:50:05.395: W/System.err(25982): 	at libcore.net.http.HttpConnectionPool.get(HttpConnectionPool.java:87)
01-25 09:50:05.395: W/System.err(25982): 	at libcore.net.http.HttpConnection.connect(HttpConnection.java:128)
01-25 09:50:05.395: W/System.err(25982): 	at libcore.net.http.HttpEngine.openSocketConnection(HttpEngine.java:315)
01-25 09:50:05.395: W/System.err(25982): 	at libcore.net.http.HttpEngine.connect(HttpEngine.java:310)
01-25 09:50:05.395: W/System.err(25982): 	at libcore.net.http.HttpEngine.sendSocketRequest(HttpEngine.java:289)
01-25 09:50:05.395: W/System.err(25982): 	at libcore.net.http.HttpEngine.sendRequest(HttpEngine.java:239)
01-25 09:50:05.395: W/System.err(25982): 	at libcore.net.http.HttpURLConnectionImpl.getResponse(HttpURLConnectionImpl.java:273)
01-25 09:50:05.395: W/System.err(25982): 	at libcore.net.http.HttpURLConnectionImpl.getResponseCode(HttpURLConnectionImpl.java:486)
01-25 09:50:05.402: W/System.err(25982): 	at com.tencent.mobileqq.msf.core.net.b.b.c(EchoTaskHttp.java:80)
01-25 09:50:05.402: W/System.err(25982): 	at com.tencent.mobileqq.msf.core.net.b.a.run(EchoTask.java:40)
01-25 09:50:05.402: W/System.err(25982): 	at java.lang.Thread.run(Thread.java:856)
01-25 09:50:05.402: W/System.err(25982): 	at libcore.net.http.HttpConnectionPool.get(HttpConnectionPool.java:87)
01-25 09:50:05.402: W/System.err(25982): 	at libcore.net.http.HttpConnection.connect(HttpConnection.java:128)
01-25 09:50:05.402: W/System.err(25982): 	at libcore.net.http.HttpEngine.openSocketConnection(HttpEngine.java:315)
01-25 09:50:05.402: W/System.err(25982): 	at libcore.net.http.HttpEngine.connect(HttpEngine.java:310)
01-25 09:50:05.402: W/System.err(25982): 	at libcore.net.http.HttpEngine.sendSocketRequest(HttpEngine.java:289)
01-25 09:50:05.402: W/System.err(25982): 	at libcore.net.http.HttpEngine.sendRequest(HttpEngine.java:239)
01-25 09:50:05.402: W/System.err(25982): 	at libcore.net.http.HttpURLConnectionImpl.connect(HttpURLConnectionImpl.java:80)
01-25 09:50:05.402: W/System.err(25982): 	at com.tencent.mobileqq.msf.core.net.b.b.a(EchoTaskHttp.java:50)
01-25 09:50:05.402: W/System.err(25982): 	at com.tencent.mobileqq.msf.core.net.b.a.run(EchoTask.java:35)
01-25 09:50:05.402: W/System.err(25982): 	at java.lang.Thread.run(Thread.java:856)
01-25 09:50:05.402: D/WifiDetector(25982): WIFI detect result, WIFI_EXCEPTION
01-25 09:50:09.465: I/TcmInet@native@tcms(1588): try LoginAuthPw, bAllotSuccess=0
01-25 09:50:09.465: I/jni/inet/android/native/common/calljava.cpp(1588): nativeLog
01-25 09:50:09.465: W/TcmInet@native@tcms@loginmynative(1588): [TcmNative-LoginAuthPw]try LoginAuthPw, bAllotSuccess=0
01-25 09:50:09.465: I/nativeLog(1588): begin native log
01-25 09:50:09.465: I/TcmInet@native@tcms(1588): add default ims ip
01-25 09:50:09.465: I/TcmInet@native@tcms(1588): loginsrvs size:2
01-25 09:50:09.465: I/TcmInet@native@tcms(1588): login to ip imdef.wangxin.taobao.com:443
01-25 09:50:09.465: I/jni/inet/android/native/common/calljava.cpp(1588): nativeLog
01-25 09:50:09.465: W/TcmInet@native@tcms@loginmynative(1588): [TcmNative-LoginAuthPw]login to ip imdef.wangxin.taobao.com:443
01-25 09:50:09.473: I/nativeLog(1588): begin native log
01-25 09:50:09.473: I/jni/inet/android/native/common/calljava.cpp(1588): getDataNetworkType
01-25 09:50:09.473: I/JNIUtil(1588): getDataNetworkType 2 ret=1
01-25 09:50:09.481: I/TcmInet@native@tcms(1588): conntoServer,:1
01-25 09:50:09.481: I/lzf(1588): gethostbyname normal
01-25 09:50:09.481: I/TcmInet@native@tcms(1588): ims...
01-25 09:50:14.840: V/AlarmManager(375): set: Alarm{41f368a0 type 1 com.kingreader.framework}
01-25 09:50:14.840: V/AlarmManager(375): Adding alarm Alarm{41f368a0 type 1 com.kingreader.framework} at 2
01-25 09:50:21.012: E/dalvikvm(22697): GC_CONCURRENT freed 1775K, 24% free 18005K/23619K, paused 15ms+11ms, total 118ms
01-25 09:50:22.934: D/WifiService(375): ACTION_BATTERY_CHANGED pluggedType: 2
01-25 09:50:22.934: W/PowerUI(474): Low power,stop 30 seconds timer and dismiss the dialog: Warning!INTENT:ACTION_REQUEST_SHUTDOWN
01-25 09:50:24.817: D/WifiService(375): ACTION_BATTERY_CHANGED pluggedType: 2
01-25 09:50:24.817: W/PowerUI(474): Low power,stop 30 seconds timer and dismiss the dialog: Warning!INTENT:ACTION_REQUEST_SHUTDOWN
01-25 09:50:26.332: D/Launcher(9601): mLongClickPerformed = false
01-25 09:50:26.496: D/Launcher(9601): mLongClickPerformed = false
01-25 09:50:27.488: D/Launcher(9601): mLongClickPerformed = false
01-25 09:50:27.598: D/Launcher(9601): mLongClickPerformed = false
01-25 09:50:27.621: I/ActivityManager(375): START {act=android.intent.action.MAIN cat=[android.intent.category.LAUNCHER] flg=0x10200000 cmp=com.android.settings/.HWSettings bnds=[360,840][536,1096] u=0} from pid 9601
01-25 09:50:27.637: I/ComBroadcastReceiver(746): ComBroadcastReceiver action = android.server.am.ActivityStack.taskstatechange
01-25 09:50:27.668: I/ActivityManager(375): Start proc com.android.settings for activity com.android.settings/.HWSettings: pid=1926 uid=1000 gids={3003, 1006, 3002, 3001, 1015, 1028}
01-25 09:50:27.715: W/ActivityRecord(375): goujw packagename: com.android.settings
01-25 09:50:27.715: W/ActivityRecord(375): goujw userId: 0
01-25 09:50:27.731: V/LightsService(375): setBrightness brightness1=115
01-25 09:50:27.731: V/LightsService(375): setPowerSaving brightness2=115
01-25 09:50:27.738: E/Trace(1926): error opening trace file: No such file or directory (2)
01-25 09:50:27.832: E/dalvikvm(9601): GC_CONCURRENT freed 333K, 21% free 21318K/26951K, paused 13ms+4ms, total 90ms
01-25 09:50:27.840: W/dalvikvm(1926): Refusing to reopen boot DEX '/system/framework/hwframework.jar'
01-25 09:50:27.949: I/PhoneStatusBar(474): ----UPDATE_STATUSBAR_BG=false
01-25 09:50:28.137: W/System.err(1926): com.huawei.android.util.NoExtAPIException: method not supported.
01-25 09:50:28.145: W/System.err(1926): 	at android.telephony.MSimTelephonyManager.getDefault(MSimTelephonyManager.java:59)
01-25 09:50:28.145: W/System.err(1926): 	at com.android.settings.Utils.isMultiSimEnabled(Utils.java:741)
01-25 09:50:28.145: W/System.err(1926): 	at com.android.settings.HWSettings.updateHeaderList(HWSettings.java:883)
01-25 09:50:28.145: W/System.err(1926): 	at com.android.settings.BasePreferenceFragment.buildHeaders(BasePreferenceFragment.java:109)
01-25 09:50:28.145: W/System.err(1926): 	at com.android.settings.BasePreferenceFragment.buildAdapter(BasePreferenceFragment.java:71)
01-25 09:50:28.145: W/System.err(1926): 	at com.android.settings.BasePreferenceFragment.onViewCreated(BasePreferenceFragment.java:181)
01-25 09:50:28.145: W/System.err(1926): 	at android.app.FragmentManagerImpl.moveToState(FragmentManager.java:843)
01-25 09:50:28.145: W/System.err(1926): 	at android.app.FragmentManagerImpl.moveToState(FragmentManager.java:1035)
01-25 09:50:28.145: W/System.err(1926): 	at android.app.FragmentManagerImpl.moveToState(FragmentManager.java:1017)
01-25 09:50:28.145: W/System.err(1926): 	at android.app.FragmentManagerImpl.dispatchActivityCreated(FragmentManager.java:1802)
01-25 09:50:28.145: W/System.err(1926): 	at android.app.Activity.performCreate(Activity.java:5024)
01-25 09:50:28.145: W/System.err(1926): 	at android.app.Instrumentation.callActivityOnCreate(Instrumentation.java:1079)
01-25 09:50:28.145: W/System.err(1926): 	at android.app.ActivityThread.performLaunchActivity(ActivityThread.java:2033)
01-25 09:50:28.145: W/System.err(1926): 	at android.app.ActivityThread.handleLaunchActivity(ActivityThread.java:2094)
01-25 09:50:28.145: W/System.err(1926): 	at android.app.ActivityThread.access$600(ActivityThread.java:134)
01-25 09:50:28.145: W/System.err(1926): 	at android.app.ActivityThread$H.handleMessage(ActivityThread.java:1202)
01-25 09:50:28.145: W/System.err(1926): 	at android.os.Handler.dispatchMessage(Handler.java:99)
01-25 09:50:28.145: W/System.err(1926): 	at android.os.Looper.loop(Looper.java:137)
01-25 09:50:28.145: W/System.err(1926): 	at android.app.ActivityThread.main(ActivityThread.java:4767)
01-25 09:50:28.145: W/System.err(1926): 	at java.lang.reflect.Method.invokeNative(Native Method)
01-25 09:50:28.145: W/System.err(1926): 	at java.lang.reflect.Method.invoke(Method.java:511)
01-25 09:50:28.145: W/System.err(1926): 	at com.android.internal.os.ZygoteInit$MethodAndArgsCaller.run(ZygoteInit.java:800)
01-25 09:50:28.145: W/System.err(1926): 	at com.android.internal.os.ZygoteInit.main(ZygoteInit.java:567)
01-25 09:50:28.145: W/System.err(1926): 	at dalvik.system.NativeStart.main(Native Method)
01-25 09:50:28.145: W/System.err(1926): com.huawei.android.util.NoExtAPIException: method not supported.
01-25 09:50:28.145: W/System.err(1926): 	at android.telephony.MSimTelephonyManager.getDefault(MSimTelephonyManager.java:59)
01-25 09:50:28.145: W/System.err(1926): 	at com.android.settings.Utils.isMultiSimEnabled(Utils.java:741)
01-25 09:50:28.145: W/System.err(1926): 	at com.android.settings.HWSettings.updateHeaderList(HWSettings.java:896)
01-25 09:50:28.145: W/System.err(1926): 	at com.android.settings.BasePreferenceFragment.buildHeaders(BasePreferenceFragment.java:109)
01-25 09:50:28.145: W/System.err(1926): 	at com.android.settings.BasePreferenceFragment.buildAdapter(BasePreferenceFragment.java:71)
01-25 09:50:28.145: W/System.err(1926): 	at com.android.settings.BasePreferenceFragment.onViewCreated(BasePreferenceFragment.java:181)
01-25 09:50:28.145: W/System.err(1926): 	at android.app.FragmentManagerImpl.moveToState(FragmentManager.java:843)
01-25 09:50:28.145: W/System.err(1926): 	at android.app.FragmentManagerImpl.moveToState(FragmentManager.java:1035)
01-25 09:50:28.145: W/System.err(1926): 	at android.app.FragmentManagerImpl.moveToState(FragmentManager.java:1017)
01-25 09:50:28.145: W/System.err(1926): 	at android.app.FragmentManagerImpl.dispatchActivityCreated(FragmentManager.java:1802)
01-25 09:50:28.145: W/System.err(1926): 	at android.app.Activity.performCreate(Activity.java:5024)
01-25 09:50:28.145: W/System.err(1926): 	at android.app.Instrumentation.callActivityOnCreate(Instrumentation.java:1079)
01-25 09:50:28.145: W/System.err(1926): 	at android.app.ActivityThread.performLaunchActivity(ActivityThread.java:2033)
01-25 09:50:28.145: W/System.err(1926): 	at android.app.ActivityThread.handleLaunchActivity(ActivityThread.java:2094)
01-25 09:50:28.145: W/System.err(1926): 	at android.app.ActivityThread.access$600(ActivityThread.java:134)
01-25 09:50:28.145: W/System.err(1926): 	at android.app.ActivityThread$H.handleMessage(ActivityThread.java:1202)
01-25 09:50:28.145: W/System.err(1926): 	at android.os.Handler.dispatchMessage(Handler.java:99)
01-25 09:50:28.145: W/System.err(1926): 	at android.os.Looper.loop(Looper.java:137)
01-25 09:50:28.145: W/System.err(1926): 	at android.app.ActivityThread.main(ActivityThread.java:4767)
01-25 09:50:28.145: W/System.err(1926): 	at java.lang.reflect.Method.invokeNative(Native Method)
01-25 09:50:28.152: W/System.err(1926): 	at java.lang.reflect.Method.invoke(Method.java:511)
01-25 09:50:28.152: W/System.err(1926): 	at com.android.internal.os.ZygoteInit$MethodAndArgsCaller.run(ZygoteInit.java:800)
01-25 09:50:28.152: W/System.err(1926): 	at com.android.internal.os.ZygoteInit.main(ZygoteInit.java:567)
01-25 09:50:28.152: W/System.err(1926): 	at dalvik.system.NativeStart.main(Native Method)
01-25 09:50:28.152: W/System.err(1926): Removed 2131296810
01-25 09:50:28.270: I/libEGL(1926): Processor type: omap4460
01-25 09:50:28.270: I/libEGL(1926): egl.cfg: entry POWERVR_SGX540_120 omap4430
01-25 09:50:28.270: I/libEGL(1926): egl.cfg: entry POWERVR_SGX540_120 omap4460
01-25 09:50:28.270: I/libEGL(1926): Picked EGL type 'POWERVR_SGX540_120' for processor 'omap4460'
01-25 09:50:28.277: D/libEGL(1926): loaded /vendor/lib/egl/libEGL_POWERVR_SGX540_120.so
01-25 09:50:28.285: D/libEGL(1926): loaded /vendor/lib/egl/libGLESv1_CM_POWERVR_SGX540_120.so
01-25 09:50:28.293: D/libEGL(1926): loaded /vendor/lib/egl/libGLESv2_POWERVR_SGX540_120.so
01-25 09:50:28.379: D/OpenGLRenderer(1926): Enabling debug mode 0
01-25 09:50:28.473: D/WifiService(375): setWifiEnabled: true pid=1926, uid=1000
01-25 09:50:28.473: E/WifiService(375): Invoking mWifiStateMachine.setWifiEnabled
01-25 09:50:28.699: I/ActivityManager(375): Displayed com.android.settings/.HWSettings: +1s59ms
01-25 09:50:28.715: D/=SOGOU_LOG=(564): notifyPackageName--HotwordsController--open from notify package
01-25 09:50:28.723: D/=SOGOU_LOG=(27168): onStartCommand--frist notify app--isFristNotifyApp = false
01-25 09:50:28.754: W/System.err(1926): com.huawei.android.util.NoExtAPIException: method not supported.
01-25 09:50:28.762: W/System.err(1926): 	at android.telephony.MSimTelephonyManager.getDefault(MSimTelephonyManager.java:59)
01-25 09:50:28.762: W/System.err(1926): 	at com.android.settings.Utils.isMultiSimEnabled(Utils.java:741)
01-25 09:50:28.762: W/System.err(1926): 	at com.android.settings.HWSettings.updateHeaderList(HWSettings.java:933)
01-25 09:50:28.762: W/System.err(1926): 	at com.android.settings.BasePreferenceFragment.buildHeaders(BasePreferenceFragment.java:109)
01-25 09:50:28.762: W/System.err(1926): 	at com.android.settings.BasePreferenceFragment.buildAdapter(BasePreferenceFragment.java:71)
01-25 09:50:28.762: W/System.err(1926): 	at com.android.settings.BasePreferenceFragment.onViewCreated(BasePreferenceFragment.java:181)
01-25 09:50:28.762: W/System.err(1926): 	at android.app.FragmentManagerImpl.moveToState(FragmentManager.java:843)
01-25 09:50:28.762: W/System.err(1926): 	at android.app.FragmentManagerImpl.moveToState(FragmentManager.java:1035)
01-25 09:50:28.762: W/System.err(1926): 	at android.app.BackStackRecord.run(BackStackRecord.java:635)
01-25 09:50:28.762: W/System.err(1926): 	at android.app.FragmentManagerImpl.execPendingActions(FragmentManager.java:1397)
01-25 09:50:28.762: W/System.err(1926): 	at android.app.FragmentManagerImpl.executePendingTransactions(FragmentManager.java:437)
01-25 09:50:28.762: W/System.err(1926): 	at com.android.settings.HWSettings$1.handleMessage(HWSettings.java:190)
01-25 09:50:28.762: W/System.err(1926): 	at android.os.Handler.dispatchMessage(Handler.java:99)
01-25 09:50:28.762: W/System.err(1926): 	at android.os.Looper.loop(Looper.java:137)
01-25 09:50:28.762: W/System.err(1926): 	at android.app.ActivityThread.main(ActivityThread.java:4767)
01-25 09:50:28.762: W/System.err(1926): 	at java.lang.reflect.Method.invokeNative(Native Method)
01-25 09:50:28.762: W/System.err(1926): 	at java.lang.reflect.Method.invoke(Method.java:511)
01-25 09:50:28.762: W/System.err(1926): 	at com.android.internal.os.ZygoteInit$MethodAndArgsCaller.run(ZygoteInit.java:800)
01-25 09:50:28.762: W/System.err(1926): 	at com.android.internal.os.ZygoteInit.main(ZygoteInit.java:567)
01-25 09:50:28.762: W/System.err(1926): 	at dalvik.system.NativeStart.main(Native Method)
01-25 09:50:28.762: W/System.err(1926): com.huawei.android.util.NoExtAPIException: method not supported.
01-25 09:50:28.762: W/System.err(1926): 	at android.telephony.MSimTelephonyManager.getDefault(MSimTelephonyManager.java:59)
01-25 09:50:28.770: W/System.err(1926): 	at com.android.settings.Utils.isMultiSimEnabled(Utils.java:741)
01-25 09:50:28.770: W/System.err(1926): 	at com.android.settings.HWSettings.updateHeaderList(HWSettings.java:933)
01-25 09:50:28.770: W/System.err(1926): 	at com.android.settings.BasePreferenceFragment.buildHeaders(BasePreferenceFragment.java:109)
01-25 09:50:28.770: W/System.err(1926): 	at com.android.settings.BasePreferenceFragment.buildAdapter(BasePreferenceFragment.java:71)
01-25 09:50:28.770: W/System.err(1926): 	at com.android.settings.BasePreferenceFragment.onViewCreated(BasePreferenceFragment.java:181)
01-25 09:50:28.770: W/System.err(1926): 	at android.app.FragmentManagerImpl.moveToState(FragmentManager.java:843)
01-25 09:50:28.770: W/System.err(1926): 	at android.app.FragmentManagerImpl.moveToState(FragmentManager.java:1035)
01-25 09:50:28.770: W/System.err(1926): 	at android.app.BackStackRecord.run(BackStackRecord.java:635)
01-25 09:50:28.770: W/System.err(1926): 	at android.app.FragmentManagerImpl.execPendingActions(FragmentManager.java:1397)
01-25 09:50:28.770: W/System.err(1926): 	at android.app.FragmentManagerImpl.executePendingTransactions(FragmentManager.java:437)
01-25 09:50:28.770: W/System.err(1926): 	at com.android.settings.HWSettings$1.handleMessage(HWSettings.java:190)
01-25 09:50:28.770: W/System.err(1926): 	at android.os.Handler.dispatchMessage(Handler.java:99)
01-25 09:50:28.770: W/System.err(1926): 	at android.os.Looper.loop(Looper.java:137)
01-25 09:50:28.770: W/System.err(1926): 	at android.app.ActivityThread.main(ActivityThread.java:4767)
01-25 09:50:28.770: W/System.err(1926): 	at java.lang.reflect.Method.invokeNative(Native Method)
01-25 09:50:28.770: W/System.err(1926): 	at java.lang.reflect.Method.invoke(Method.java:511)
01-25 09:50:28.777: W/System.err(1926): 	at com.android.internal.os.ZygoteInit$MethodAndArgsCaller.run(ZygoteInit.java:800)
01-25 09:50:28.777: W/System.err(1926): 	at com.android.internal.os.ZygoteInit.main(ZygoteInit.java:567)
01-25 09:50:28.777: W/System.err(1926): 	at dalvik.system.NativeStart.main(Native Method)
01-25 09:50:28.777: W/System.err(1926): com.huawei.android.util.NoExtAPIException: method not supported.
01-25 09:50:28.777: W/System.err(1926): 	at android.telephony.MSimTelephonyManager.getDefault(MSimTelephonyManager.java:59)
01-25 09:50:28.777: W/System.err(1926): 	at com.android.settings.Utils.isMultiSimEnabled(Utils.java:741)
01-25 09:50:28.777: W/System.err(1926): 	at com.android.settings.HWSettings.updateHeaderList(HWSettings.java:938)
01-25 09:50:28.777: W/System.err(1926): 	at com.android.settings.BasePreferenceFragment.buildHeaders(BasePreferenceFragment.java:109)
01-25 09:50:28.777: W/System.err(1926): 	at com.android.settings.BasePreferenceFragment.buildAdapter(BasePreferenceFragment.java:71)
01-25 09:50:28.777: W/System.err(1926): 	at com.android.settings.BasePreferenceFragment.onViewCreated(BasePreferenceFragment.java:181)
01-25 09:50:28.777: W/System.err(1926): 	at android.app.FragmentManagerImpl.moveToState(FragmentManager.java:843)
01-25 09:50:28.777: W/System.err(1926): 	at android.app.FragmentManagerImpl.moveToState(FragmentManager.java:1035)
01-25 09:50:28.777: W/System.err(1926): 	at android.app.BackStackRecord.run(BackStackRecord.java:635)
01-25 09:50:28.777: W/System.err(1926): 	at android.app.FragmentManagerImpl.execPendingActions(FragmentManager.java:1397)
01-25 09:50:28.777: W/System.err(1926): 	at android.app.FragmentManagerImpl.executePendingTransactions(FragmentManager.java:437)
01-25 09:50:28.777: W/System.err(1926): 	at com.android.settings.HWSettings$1.handleMessage(HWSettings.java:190)
01-25 09:50:28.777: W/System.err(1926): 	at android.os.Handler.dispatchMessage(Handler.java:99)
01-25 09:50:28.777: W/System.err(1926): 	at android.os.Looper.loop(Looper.java:137)
01-25 09:50:28.777: W/System.err(1926): 	at android.app.ActivityThread.main(ActivityThread.java:4767)
01-25 09:50:28.785: W/System.err(1926): 	at java.lang.reflect.Method.invokeNative(Native Method)
01-25 09:50:28.785: W/System.err(1926): 	at java.lang.reflect.Method.invoke(Method.java:511)
01-25 09:50:28.785: W/System.err(1926): 	at com.android.internal.os.ZygoteInit$MethodAndArgsCaller.run(ZygoteInit.java:800)
01-25 09:50:28.785: W/System.err(1926): 	at com.android.internal.os.ZygoteInit.main(ZygoteInit.java:567)
01-25 09:50:28.785: W/System.err(1926): 	at dalvik.system.NativeStart.main(Native Method)
01-25 09:50:28.817: D/WifiService(375): setWifiEnabled: true pid=1926, uid=1000
01-25 09:50:28.817: E/WifiService(375): Invoking mWifiStateMachine.setWifiEnabled
01-25 09:50:29.504: I/commutils@native(1588): ajustProtocolTimeout from 20 
01-25 09:50:29.504: I/commutils@native(1588): ajustProtocolTimeout to 25
01-25 09:50:29.504: I/jni/inet/android/native/common/calljava.cpp(1588): nativeLog
01-25 09:50:29.504: W/TcmInet@native@tcmsmynative(1588): conn to server=imdef.wangxin.taobao.com:443 failed
01-25 09:50:29.504: I/nativeLog(1588): begin native log
01-25 09:50:29.504: I/tcminetimpl@native@tcms(1588): enter INetImpl::closeFd,fd=55
01-25 09:50:29.504: I/TcmInet@native@tcms(1588): cost time=20 seconds
01-25 09:50:29.504: I/TcmInet@native@tcms(1588): login to ip imdef.wangxin.taobao.com:80
01-25 09:50:29.512: I/jni/inet/android/native/common/calljava.cpp(1588): nativeLog
01-25 09:50:29.512: W/TcmInet@native@tcms@loginmynative(1588): [TcmNative-LoginAuthPw]login to ip imdef.wangxin.taobao.com:80
01-25 09:50:29.512: I/nativeLog(1588): begin native log
01-25 09:50:29.512: I/jni/inet/android/native/common/calljava.cpp(1588): getDataNetworkType
01-25 09:50:29.512: I/JNIUtil(1588): getDataNetworkType 2 ret=1
01-25 09:50:29.520: I/TcmInet@native@tcms(1588): conntoServer,:1
01-25 09:50:29.520: I/lzf(1588): gethostbyname normal
01-25 09:50:29.520: I/TcmInet@native@tcms(1588): ims...
01-25 09:50:33.902: V/AlarmManager(375): Checking for alarms... rtc=1453686633906, elapsed=226631253
01-25 09:50:33.902: V/AlarmManager(375): Checking active alarm when=1453686633905 Alarm{42a4b2d0 type 1 com.UCMobile}
01-25 09:50:33.902: V/AlarmManager(375): Alarm triggering: Alarm{42a4b2d0 type 1 com.UCMobile}
01-25 09:50:33.902: V/AlarmManager(375): Checking active alarm when=1453686711435 Alarm{41fa47d0 type 1 com.UCMobile}
01-25 09:50:33.902: V/AlarmManager(375): Adding alarm Alarm{42a4b2d0 type 1 com.UCMobile} at 2
01-25 09:50:33.902: V/AlarmManager(375): The statePoweron is :normal
01-25 09:50:33.902: V/AlarmManager(375): sending alarm Alarm{42a4b2d0 type 1 com.UCMobile}
01-25 09:50:36.473: W/System.err(27168): java.net.SocketTimeoutException: failed to connect to get.sogou.com/180.149.156.143 (port 80) after 10000ms
01-25 09:50:36.473: W/System.err(27168): 	at libcore.io.IoBridge.connectErrno(IoBridge.java:159)
01-25 09:50:36.473: W/System.err(27168): 	at libcore.io.IoBridge.connect(IoBridge.java:112)
01-25 09:50:36.473: W/System.err(27168): 	at java.net.PlainSocketImpl.connect(PlainSocketImpl.java:192)
01-25 09:50:36.473: W/System.err(27168): 	at java.net.PlainSocketImpl.connect(PlainSocketImpl.java:459)
01-25 09:50:36.473: W/System.err(27168): 	at java.net.Socket.connect(Socket.java:842)
01-25 09:50:36.473: W/System.err(27168): 	at libcore.net.http.HttpConnection.<init>(HttpConnection.java:76)
01-25 09:50:36.473: W/System.err(27168): 	at libcore.net.http.HttpConnection.<init>(HttpConnection.java:50)
01-25 09:50:36.473: W/System.err(27168): 	at libcore.net.http.HttpConnection$Address.connect(HttpConnection.java:343)
01-25 09:50:36.473: W/System.err(27168): 	at libcore.net.http.HttpConnectionPool.get(HttpConnectionPool.java:87)
01-25 09:50:36.481: W/System.err(27168): 	at libcore.net.http.HttpConnection.connect(HttpConnection.java:128)
01-25 09:50:36.481: W/System.err(27168): 	at libcore.net.http.HttpEngine.openSocketConnection(HttpEngine.java:315)
01-25 09:50:36.481: W/System.err(27168): 	at libcore.net.http.HttpEngine.connect(HttpEngine.java:310)
01-25 09:50:36.481: W/System.err(27168): 	at libcore.net.http.HttpEngine.sendSocketRequest(HttpEngine.java:289)
01-25 09:50:36.481: W/System.err(27168): 	at libcore.net.http.HttpEngine.sendRequest(HttpEngine.java:239)
01-25 09:50:36.481: W/System.err(27168): 	at libcore.net.http.HttpURLConnectionImpl.connect(HttpURLConnectionImpl.java:80)
01-25 09:50:36.481: W/System.err(27168): 	at libcore.net.http.HttpURLConnectionImpl.getOutputStream(HttpURLConnectionImpl.java:188)
01-25 09:50:36.481: W/System.err(27168): 	at cir.a(SogouSource:299)
01-25 09:50:36.481: W/System.err(27168): 	at cir.a(SogouSource:125)
01-25 09:50:36.481: W/System.err(27168): 	at clg.run(SogouSource:35)
01-25 09:50:36.481: W/System.err(27168): 	at dey.run(SogouSource:697)
01-25 09:50:36.488: W/System.err(27168): 	at java.util.concurrent.ThreadPoolExecutor.runWorker(ThreadPoolExecutor.java:1076)
01-25 09:50:36.488: W/System.err(27168): 	at java.util.concurrent.ThreadPoolExecutor$Worker.run(ThreadPoolExecutor.java:569)
01-25 09:50:36.488: W/System.err(27168): 	at java.lang.Thread.run(Thread.java:856)
01-25 09:50:36.598: D/=SOGOU_LOG=(27168): a--ConfigManager--request url ==  http://cfg.mse.sogou.com/popup/hwcfg.php
01-25 09:50:44.692: I/jni/inet/android/native/common/calljava.cpp(1588): nativeLog
01-25 09:50:44.692: W/TcmInet@native@tcmsmynative(1588): conn to server=imdef.wangxin.taobao.com:80 failed
01-25 09:50:44.692: I/nativeLog(1588): begin native log
01-25 09:50:44.692: I/tcminetimpl@native@tcms(1588): enter INetImpl::closeFd,fd=55
01-25 09:50:44.879: D/WifiService(375): ACTION_BATTERY_CHANGED pluggedType: 2
01-25 09:50:44.879: W/PowerUI(474): Low power,stop 30 seconds timer and dismiss the dialog: Warning!INTENT:ACTION_REQUEST_SHUTDOWN
01-25 09:50:45.567: W/System.err(564): org.apache.http.conn.ConnectTimeoutException: Connect to /106.120.188.46:80 timed out
01-25 09:50:45.582: W/System.err(564): 	at org.apache.http.conn.scheme.PlainSocketFactory.connectSocket(PlainSocketFactory.java:121)
01-25 09:50:45.582: W/System.err(564): 	at org.apache.http.impl.conn.DefaultClientConnectionOperator.openConnection(DefaultClientConnectionOperator.java:144)
01-25 09:50:45.582: W/System.err(564): 	at org.apache.http.impl.conn.AbstractPoolEntry.open(AbstractPoolEntry.java:164)
01-25 09:50:45.582: W/System.err(564): 	at org.apache.http.impl.conn.AbstractPooledConnAdapter.open(AbstractPooledConnAdapter.java:119)
01-25 09:50:45.582: W/System.err(564): 	at org.apache.http.impl.client.DefaultRequestDirector.execute(DefaultRequestDirector.java:360)
01-25 09:50:45.582: W/System.err(564): 	at org.apache.http.impl.client.AbstractHttpClient.execute(AbstractHttpClient.java:555)
01-25 09:50:45.582: W/System.err(564): 	at org.apache.http.impl.client.AbstractHttpClient.execute(AbstractHttpClient.java:487)
01-25 09:50:45.582: W/System.err(564): 	at org.apache.http.impl.client.AbstractHttpClient.execute(AbstractHttpClient.java:465)
01-25 09:50:45.582: W/System.err(564): 	at all.a(SogouSource:199)
01-25 09:50:45.582: W/System.err(564): 	at com.sohu.inputmethod.internet.InternetConnection.a(SogouSource:1329)
01-25 09:50:45.590: W/System.err(564): 	at com.sohu.inputmethod.internet.InternetConnection.g(SogouSource:586)
01-25 09:50:45.590: W/System.err(564): 	at bhs.a(SogouSource:32)
01-25 09:50:45.590: W/System.err(564): 	at bhs.onWork(SogouSource:28)
01-25 09:50:45.590: W/System.err(564): 	at ald.run(SogouSource:1661)
01-25 09:50:45.707: E/dalvikvm(564): GC_EXPLICIT freed 58K, 23% free 19813K/25479K, paused 6ms+10ms, total 116ms
01-25 09:50:54.699: I/TcmInet@native@tcms(1588): cost time=15 seconds
01-25 09:50:54.699: I/TcmInet@native@tcms(1588): sleep 10 seconds.
01-25 09:50:55.707: I/jni/inet/android/native/common/calljava.cpp(1588): getDataNetworkType
01-25 09:50:55.707: I/JNIUtil(1588): getDataNetworkType 2 ret=1
01-25 09:50:55.707: I/TcmInet@native@tcms(1588): Before Login
01-25 09:50:55.707: I/tcmsposix@native@tcms(1588): TCMServicePosix::onConnecting...
01-25 09:50:55.707: I/LocalSocketServer@native@tcms(1588): call sendTcmsStatus 0.
01-25 09:50:55.707: I/jni/inet/android/native/common/calljava.cpp(1588): sendTcmsStatus
01-25 09:50:55.707: I/jni/inet/android/native/common/calljava.cpp(1588): getDataNetworkType
01-25 09:50:55.707: I/JNIUtil(1588): sendTcmsStatus
01-25 09:50:55.715: D/VConnManager(1588): sendTcmsStatus ok. stauts:0
01-25 09:50:55.715: I/JNIUtil(1588): getDataNetworkType 2 ret=1
01-25 09:50:55.715: I/LocalSocketServer@native@tcms(1588): cleanClients() clear all session & all clients
01-25 09:50:55.723: I/LocalSocketServer@native@tcms(1588): stop, mRwPid:0
01-25 09:50:55.723: I/LocalSocketServer@native@tcms(1588): stop, mMainPid:0
01-25 09:50:55.723: D/XPush@native(1588): XPush::onConnectStatus, state:2
01-25 09:50:55.723: I/TcmInet@native@tcms(1588): EMsgCmdType_LoginResult. state:2
01-25 09:50:55.731: I/TcmInet@native@tcms(1588): Login(),:1
01-25 09:50:55.731: I/TcmInet@native@tcms(1588): LoginAllot url:tcms-allot.wangxin.taobao.com
01-25 09:50:55.731: I/jni/inet/android/native/common/calljava.cpp(1588): nativeLog
01-25 09:50:55.731: W/TcmInet@native@tcms@loginmynative(1588): [TCMNative-LoginAllot]LoginAllot url:tcms-allot.wangxin.taobao.com
01-25 09:50:55.738: I/nativeLog(1588): begin native log
01-25 09:50:55.738: I/dns@native(1588): ares inet_gethostbyname.
01-25 09:50:55.848: I/dns@native(1588): ares gethostbyname:140.205.156.84
01-25 09:50:55.848: I/TcmInet@native@tcms(1588): inet_gethostbyname:140.205.156.84
01-25 09:50:55.848: I/jni/inet/android/native/common/calljava.cpp(1588): nativeLog
01-25 09:50:55.856: W/TcmInet@native@tcms@loginmynative(1588): [TCMNative-LoginAllot]inet_gethostbyname:140.205.156.84
01-25 09:50:55.856: I/nativeLog(1588): begin native log
01-25 09:50:55.856: I/TcmInet@native@tcms(1588): ..., port:443
01-25 09:50:55.856: I/jni/inet/android/native/common/calljava.cpp(1588): nativeLog
01-25 09:50:55.863: W/TcmInet@native@tcms@loginmynative(1588): [TCMNative-LoginAllot]..., port:443
01-25 09:50:55.863: I/nativeLog(1588): begin native log
01-25 09:50:57.059: E/PushLogSC2508(7572): [SocketRead_09:49:26-2030]call createSocket failed(message/null:-1)
01-25 09:50:57.067: I/PushLogSC2508(7572): [ReceiverDispatcher-1871]receive the channal closed action.(message/null:-1)
01-25 09:50:57.067: I/PushLogSC2508(7572): [SocketRead_09:49:26-2030]after getConnectPushSrvInterval:300000 ms, connectTimes:4(message/null:-1)
01-25 09:50:57.067: I/PushLogSC2508(7572): [ReceiverDispatcher-1871]after getConnectPushSrvInterval:300000 ms, connectTimes:4(message/null:-1)
01-25 09:50:57.067: V/AlarmManager(375): set: Alarm{41e31aa8 type 0 com.huawei.message}
01-25 09:50:57.067: V/AlarmManager(375): Adding alarm Alarm{41e31aa8 type 0 com.huawei.message} at 3
01-25 09:50:57.074: I/PushLogSC2508(7572): [SocketRead_09:49:26-2030]channel is not Regist, tryConnectPushSevTimes add to 4(message/null:-1)
01-25 09:50:57.121: I/PushLogSC2508(7572): [SocketRead_09:49:26-2030]total connect Time:90163 process quit, so close socket(message/null:-1)
01-25 09:50:59.996: V/AlarmManager(375): Checking for alarms... rtc=1453686660000, elapsed=226657348
01-25 09:50:59.996: V/AlarmManager(375): Checking active alarm when=226657348 Alarm{4239c898 type 3 android}
01-25 09:50:59.996: V/AlarmManager(375): Alarm triggering: Alarm{4239c898 type 3 android}
01-25 09:50:59.996: V/AlarmManager(375): Checking active alarm when=226862101 Alarm{41eba218 type 3 com.tencent.mm}
01-25 09:50:59.996: V/AlarmManager(375): The statePoweron is :normal
01-25 09:50:59.996: V/AlarmManager(375): sending alarm Alarm{4239c898 type 3 android}
01-25 09:51:00.004: V/AlarmManager(375): set: Alarm{4232c168 type 3 android}
01-25 09:51:00.004: V/AlarmManager(375): Adding alarm Alarm{4232c168 type 3 android} at 0
01-25 09:51:03.043: D/WifiService(375): ACTION_BATTERY_CHANGED pluggedType: 2
01-25 09:51:03.043: W/PowerUI(474): Low power,stop 30 seconds timer and dismiss the dialog: Warning!INTENT:ACTION_REQUEST_SHUTDOWN
01-25 09:51:04.949: D/WifiService(375): ACTION_BATTERY_CHANGED pluggedType: 2
01-25 09:51:04.957: W/PowerUI(474): Low power,stop 30 seconds timer and dismiss the dialog: Warning!INTENT:ACTION_REQUEST_SHUTDOWN
01-25 09:51:08.582: I/ActivityManager(375): START {act=android.intent.action.MAIN cmp=com.android.settings/.Settings$WifiSettingsActivity (has extras) u=0} from pid 1926
01-25 09:51:08.668: W/ActivityRecord(375): goujw packagename: com.android.settings
01-25 09:51:08.668: W/ActivityRecord(375): goujw userId: 0
01-25 09:51:08.684: V/LightsService(375): setBrightness brightness1=115
01-25 09:51:08.692: V/LightsService(375): setPowerSaving brightness2=115
01-25 09:51:08.793: E/TAG(1926): Error while trying to read from access_point_filter
01-25 09:51:08.793: E/TAG(1926): java.io.FileNotFoundException: /data/cust/xml/access_point_filter.xml: open failed: ENOENT (No such file or directory)
01-25 09:51:08.793: E/TAG(1926): 	at libcore.io.IoBridge.open(IoBridge.java:416)
01-25 09:51:08.793: E/TAG(1926): 	at java.io.FileInputStream.<init>(FileInputStream.java:78)
01-25 09:51:08.793: E/TAG(1926): 	at java.io.FileInputStream.<init>(FileInputStream.java:105)
01-25 09:51:08.793: E/TAG(1926): 	at com.android.settings.wifi.AccessPointFilter.initialFilter(AccessPointFilter.java:45)
01-25 09:51:08.793: E/TAG(1926): 	at com.android.settings.wifi.WifiSettings.onActivityCreated(WifiSettings.java:274)
01-25 09:51:08.793: E/TAG(1926): 	at android.app.FragmentManagerImpl.moveToState(FragmentManager.java:848)
01-25 09:51:08.793: E/TAG(1926): 	at android.app.FragmentManagerImpl.moveToState(FragmentManager.java:1035)
01-25 09:51:08.793: E/TAG(1926): 	at android.app.BackStackRecord.run(BackStackRecord.java:635)
01-25 09:51:08.793: E/TAG(1926): 	at android.app.FragmentManagerImpl.execPendingActions(FragmentManager.java:1397)
01-25 09:51:08.793: E/TAG(1926): 	at android.app.Activity.performStart(Activity.java:5030)
01-25 09:51:08.793: E/TAG(1926): 	at android.app.ActivityThread.performLaunchActivity(ActivityThread.java:2042)
01-25 09:51:08.793: E/TAG(1926): 	at android.app.ActivityThread.handleLaunchActivity(ActivityThread.java:2094)
01-25 09:51:08.793: E/TAG(1926): 	at android.app.ActivityThread.access$600(ActivityThread.java:134)
01-25 09:51:08.793: E/TAG(1926): 	at android.app.ActivityThread$H.handleMessage(ActivityThread.java:1202)
01-25 09:51:08.793: E/TAG(1926): 	at android.os.Handler.dispatchMessage(Handler.java:99)
01-25 09:51:08.793: E/TAG(1926): 	at android.os.Looper.loop(Looper.java:137)
01-25 09:51:08.793: E/TAG(1926): 	at android.app.ActivityThread.main(ActivityThread.java:4767)
01-25 09:51:08.793: E/TAG(1926): 	at java.lang.reflect.Method.invokeNative(Native Method)
01-25 09:51:08.793: E/TAG(1926): 	at java.lang.reflect.Method.invoke(Method.java:511)
01-25 09:51:08.793: E/TAG(1926): 	at com.android.internal.os.ZygoteInit$MethodAndArgsCaller.run(ZygoteInit.java:800)
01-25 09:51:08.793: E/TAG(1926): 	at com.android.internal.os.ZygoteInit.main(ZygoteInit.java:567)
01-25 09:51:08.793: E/TAG(1926): 	at dalvik.system.NativeStart.main(Native Method)
01-25 09:51:08.793: E/TAG(1926): Caused by: libcore.io.ErrnoException: open failed: ENOENT (No such file or directory)
01-25 09:51:08.793: E/TAG(1926): 	at libcore.io.Posix.open(Native Method)
01-25 09:51:08.793: E/TAG(1926): 	at libcore.io.BlockGuardOs.open(BlockGuardOs.java:110)
01-25 09:51:08.793: E/TAG(1926): 	at libcore.io.IoBridge.open(IoBridge.java:400)
01-25 09:51:08.793: E/TAG(1926): 	... 21 more
01-25 09:51:08.988: I/ActivityManager(375): Displayed com.android.settings/.Settings$WifiSettingsActivity: +322ms
01-25 09:51:09.020: D/=SOGOU_LOG=(564): notifyPackageName--notify packageName-- packageName = com.android.settings
01-25 09:51:09.340: W/System.err(1926): com.huawei.android.util.NoExtAPIException: method not supported.
01-25 09:51:09.340: W/System.err(1926): 	at android.telephony.MSimTelephonyManager.getDefault(MSimTelephonyManager.java:59)
01-25 09:51:09.340: W/System.err(1926): 	at com.android.settings.Settings.isMultiSimEnabled(Settings.java:1069)
01-25 09:51:09.340: W/System.err(1926): 	at com.android.settings.Settings.updateHeaderList(Settings.java:812)
01-25 09:51:09.340: W/System.err(1926): 	at com.android.settings.Settings.onBuildHeaders(Settings.java:649)
01-25 09:51:09.340: W/System.err(1926): 	at android.preference.PreferenceActivity$1.handleMessage(PreferenceActivity.java:220)
01-25 09:51:09.340: W/System.err(1926): 	at android.os.Handler.dispatchMessage(Handler.java:99)
01-25 09:51:09.340: W/System.err(1926): 	at android.os.Looper.loop(Looper.java:137)
01-25 09:51:09.340: W/System.err(1926): 	at android.app.ActivityThread.main(ActivityThread.java:4767)
01-25 09:51:09.340: W/System.err(1926): 	at java.lang.reflect.Method.invokeNative(Native Method)
01-25 09:51:09.340: W/System.err(1926): 	at java.lang.reflect.Method.invoke(Method.java:511)
01-25 09:51:09.340: W/System.err(1926): 	at com.android.internal.os.ZygoteInit$MethodAndArgsCaller.run(ZygoteInit.java:800)
01-25 09:51:09.340: W/System.err(1926): 	at com.android.internal.os.ZygoteInit.main(ZygoteInit.java:567)
01-25 09:51:09.340: W/System.err(1926): 	at dalvik.system.NativeStart.main(Native Method)
01-25 09:51:09.340: W/System.err(1926): com.huawei.android.util.NoExtAPIException: method not supported.
01-25 09:51:09.340: W/System.err(1926): 	at android.telephony.MSimTelephonyManager.getDefault(MSimTelephonyManager.java:59)
01-25 09:51:09.340: W/System.err(1926): 	at com.android.settings.Settings.isMultiSimEnabled(Settings.java:1069)
01-25 09:51:09.340: W/System.err(1926): 	at com.android.settings.Settings.updateHeaderList(Settings.java:823)
01-25 09:51:09.348: W/System.err(1926): 	at com.android.settings.Settings.onBuildHeaders(Settings.java:649)
01-25 09:51:09.348: W/System.err(1926): 	at android.preference.PreferenceActivity$1.handleMessage(PreferenceActivity.java:220)
01-25 09:51:09.348: W/System.err(1926): 	at android.os.Handler.dispatchMessage(Handler.java:99)
01-25 09:51:09.348: W/System.err(1926): 	at android.os.Looper.loop(Looper.java:137)
01-25 09:51:09.348: W/System.err(1926): 	at android.app.ActivityThread.main(ActivityThread.java:4767)
01-25 09:51:09.348: W/System.err(1926): 	at java.lang.reflect.Method.invokeNative(Native Method)
01-25 09:51:09.348: W/System.err(1926): 	at java.lang.reflect.Method.invoke(Method.java:511)
01-25 09:51:09.348: W/System.err(1926): 	at com.android.internal.os.ZygoteInit$MethodAndArgsCaller.run(ZygoteInit.java:800)
01-25 09:51:09.348: W/System.err(1926): 	at com.android.internal.os.ZygoteInit.main(ZygoteInit.java:567)
01-25 09:51:09.348: W/System.err(1926): 	at dalvik.system.NativeStart.main(Native Method)
01-25 09:51:09.348: W/System.err(1926): Removed 2131296810
01-25 09:51:09.942: I/WifiMonitor(564): mWifiReceiver SCAN_RESULTS_AVAILABLE_ACTION
01-25 09:51:10.395: E/LoginUtil(1731): SIM isIccardInserted = true nowImsi:460016690035920 oldImsi:
01-25 09:51:11.332: W/ResourceType(1926): getEntry failing because entryIndex 129 is beyond type entryCount 3
01-25 09:51:11.684: D/=SOGOU_LOG=(564): notifyPackageName--notify packageName-- packageName = com.android.settings
01-25 09:51:12.574: I/wpa_supplicant(5976): wlan0: CTRL-EVENT-DISCONNECTED bssid=00:00:00:00:00:00 reason=0
01-25 09:51:12.606: D/CommandListener(135): Clearing all IP addresses on wlan0
01-25 09:51:12.629: D/ConnectivityService(375): ConnectivityChange for WIFI: DISCONNECTED/DISCONNECTED
01-25 09:51:12.637: D/ConnectivityService(375): Attempting to switch to mobile
01-25 09:51:12.637: D/ConnectivityService(375): Attempting to switch to BLUETOOTH_TETHER
01-25 09:51:12.660: D/ConnectivityService(375): resetConnections(wlan0, 3)
01-25 09:51:12.668: D/NetUtils(375): android_net_utils_resetConnections in env=0x40d4e0f0 clazz=0x25800001 iface=wlan0 mask=0x3
01-25 09:51:12.738: I/TcmInet@native@tcms(1588): try LoginAuthPw, bAllotSuccess=0
01-25 09:51:12.738: I/jni/inet/android/native/common/calljava.cpp(1588): nativeLog
01-25 09:51:12.738: W/TcmInet@native@tcms@loginmynative(1588): [TcmNative-LoginAuthPw]try LoginAuthPw, bAllotSuccess=0
01-25 09:51:12.738: I/nativeLog(1588): begin native log
01-25 09:51:12.738: I/TcmInet@native@tcms(1588): add default ims ip
01-25 09:51:12.738: I/TcmInet@native@tcms(1588): loginsrvs size:2
01-25 09:51:12.738: I/TcmInet@native@tcms(1588): login to ip imdef.wangxin.taobao.com:443
01-25 09:51:12.738: I/jni/inet/android/native/common/calljava.cpp(1588): nativeLog
01-25 09:51:12.738: W/TcmInet@native@tcms@loginmynative(1588): [TcmNative-LoginAuthPw]login to ip imdef.wangxin.taobao.com:443
01-25 09:51:12.738: I/nativeLog(1588): begin native log
01-25 09:51:12.738: I/jni/inet/android/native/common/calljava.cpp(1588): getDataNetworkType
01-25 09:51:12.738: I/JNIUtil(1588): getDataNetworkType 2 ret=1
01-25 09:51:12.738: D/NetUtils(375): android_net_utils_resetConnections in env=0x40d4e0f0 clazz=0x27a00001 iface=wlan0 mask=0x3
01-25 09:51:12.738: D/ConnectivityService(375): ConnectivityChange for WIFI: DISCONNECTED/DISCONNECTED
01-25 09:51:12.738: D/ConnectivityService(375): Attempting to switch to mobile
01-25 09:51:12.738: D/ConnectivityService(375): Attempting to switch to BLUETOOTH_TETHER
01-25 09:51:12.738: D/ConnectivityService(375): resetConnections(wlan0, 3)
01-25 09:51:12.746: I/TcmInet@native@tcms(1588): conntoServer,:1
01-25 09:51:12.746: I/lzf(1588): gethostbyname normal
01-25 09:51:12.746: I/jni/inet/android/native/common/calljava.cpp(1588): nativeLog
01-25 09:51:12.746: W/TcmInet@native@tcmsmynative(1588): conn to server=imdef.wangxin.taobao.com:443 failed
01-25 09:51:12.746: I/nativeLog(1588): begin native log
01-25 09:51:12.746: I/tcminetimpl@native@tcms(1588): enter INetImpl::closeFd,fd=55
01-25 09:51:12.824: E/WifiSettings(1926): invalid RSSI value, do not update wifi signal icon
01-25 09:51:12.856: W/System.err(27168): java.net.ConnectException: failed to connect to get.sogou.com/180.149.156.143 (port 80) after 10000ms: connect failed: ENETUNREACH (Network is unreachable)
01-25 09:51:12.879: E/GTalkService(22312): connectionClosed: no XMPPConnection - That's strange!
01-25 09:51:12.879: W/System.err(27168): 	at libcore.io.IoBridge.connect(IoBridge.java:114)
01-25 09:51:12.887: W/System.err(27168): 	at java.net.PlainSocketImpl.connect(PlainSocketImpl.java:192)
01-25 09:51:12.887: W/System.err(27168): 	at java.net.PlainSocketImpl.connect(PlainSocketImpl.java:459)
01-25 09:51:12.887: W/System.err(27168): 	at java.net.Socket.connect(Socket.java:842)
01-25 09:51:12.887: W/System.err(27168): 	at libcore.net.http.HttpConnection.<init>(HttpConnection.java:76)
01-25 09:51:12.895: W/System.err(27168): 	at libcore.net.http.HttpConnection.<init>(HttpConnection.java:50)
01-25 09:51:12.895: W/System.err(27168): 	at libcore.net.http.HttpConnection$Address.connect(HttpConnection.java:343)
01-25 09:51:12.895: W/System.err(27168): 	at libcore.net.http.HttpConnectionPool.get(HttpConnectionPool.java:87)
01-25 09:51:12.902: W/System.err(27168): 	at libcore.net.http.HttpConnection.connect(HttpConnection.java:128)
01-25 09:51:12.902: W/System.err(27168): 	at libcore.net.http.HttpEngine.openSocketConnection(HttpEngine.java:315)
01-25 09:51:12.910: W/System.err(27168): 	at libcore.net.http.HttpEngine.connect(HttpEngine.java:310)
01-25 09:51:12.910: W/System.err(27168): 	at libcore.net.http.HttpEngine.sendSocketRequest(HttpEngine.java:289)
01-25 09:51:12.910: W/System.err(27168): 	at libcore.net.http.HttpEngine.sendRequest(HttpEngine.java:239)
01-25 09:51:12.910: W/System.err(27168): 	at libcore.net.http.HttpURLConnectionImpl.connect(HttpURLConnectionImpl.java:80)
01-25 09:51:12.918: W/System.err(27168): 	at libcore.net.http.HttpURLConnectionImpl.getOutputStream(HttpURLConnectionImpl.java:188)
01-25 09:51:12.926: W/System.err(27168): 	at cir.a(SogouSource:299)
01-25 09:51:12.926: W/System.err(27168): 	at cir.a(SogouSource:125)
01-25 09:51:12.926: W/System.err(27168): 	at clg.run(SogouSource:35)
01-25 09:51:12.926: W/System.err(27168): 	at dey.run(SogouSource:697)
01-25 09:51:12.926: W/System.err(27168): 	at java.util.concurrent.ThreadPoolExecutor.runWorker(ThreadPoolExecutor.java:1076)
01-25 09:51:12.934: W/System.err(27168): 	at java.util.concurrent.ThreadPoolExecutor$Worker.run(ThreadPoolExecutor.java:569)
01-25 09:51:12.934: W/System.err(27168): 	at java.lang.Thread.run(Thread.java:856)
01-25 09:51:12.934: W/System.err(27168): Caused by: libcore.io.ErrnoException: connect failed: ENETUNREACH (Network is unreachable)
01-25 09:51:12.934: E/dalvikvm(375): GC_CONCURRENT freed 2278K, 45% free 23046K/41415K, paused 12ms+15ms, total 167ms
01-25 09:51:12.942: D/dalvikvm(375): WAIT_FOR_CONCURRENT_GC blocked 110ms
01-25 09:51:12.942: D/dalvikvm(375): WAIT_FOR_CONCURRENT_GC blocked 84ms
01-25 09:51:12.942: D/dalvikvm(375): WAIT_FOR_CONCURRENT_GC blocked 61ms
01-25 09:51:12.942: D/dalvikvm(375): WAIT_FOR_CONCURRENT_GC blocked 111ms
01-25 09:51:12.949: D/ConnectivityService(375): handleInetConditionChange: no active default network - ignore
01-25 09:51:12.988: D/=SOGOU_LOG=(564): notifyPackageName--notify packageName-- packageName = com.android.settings
01-25 09:51:12.988: V/AlarmManager(375): set: Alarm{42510b28 type 2 com.google.android.gsf}
01-25 09:51:12.996: V/AlarmManager(375): Adding alarm Alarm{42510b28 type 2 com.google.android.gsf} at 0
01-25 09:51:12.996: W/System.err(27168): 	at libcore.io.Posix.connect(Native Method)
01-25 09:51:12.996: W/System.err(27168): 	at libcore.io.BlockGuardOs.connect(BlockGuardOs.java:85)
01-25 09:51:13.004: W/System.err(27168): 	at libcore.io.IoBridge.connectErrno(IoBridge.java:144)
01-25 09:51:13.004: W/System.err(27168): 	at libcore.io.IoBridge.connect(IoBridge.java:112)
01-25 09:51:13.004: W/System.err(27168): 	... 21 more
01-25 09:51:13.043: E/dalvikvm(22697): GC_CONCURRENT freed 1761K, 24% free 18087K/23619K, paused 102ms+14ms, total 282ms
01-25 09:51:13.043: D/dalvikvm(22697): WAIT_FOR_CONCURRENT_GC blocked 164ms
01-25 09:51:13.145: D/=SOGOU_LOG=(27168): a--ConfigManager--request url ==  http://cfg.mse.sogou.com/popup/hwcfg.php
01-25 09:51:13.168: W/System.err(27168): java.net.UnknownHostException: Unable to resolve host "get.sogou.com": No address associated with hostname
01-25 09:51:13.168: W/System.err(27168): 	at java.net.InetAddress.lookupHostByName(InetAddress.java:424)
01-25 09:51:13.168: W/System.err(27168): 	at java.net.InetAddress.getAllByNameImpl(InetAddress.java:236)
01-25 09:51:13.168: W/System.err(27168): 	at java.net.InetAddress.getAllByName(InetAddress.java:214)
01-25 09:51:13.168: W/System.err(27168): 	at libcore.net.http.HttpConnection.<init>(HttpConnection.java:70)
01-25 09:51:13.168: W/System.err(27168): 	at libcore.net.http.HttpConnection.<init>(HttpConnection.java:50)
01-25 09:51:13.168: W/System.err(27168): 	at libcore.net.http.HttpConnection$Address.connect(HttpConnection.java:343)
01-25 09:51:13.176: W/System.err(27168): 	at libcore.net.http.HttpConnectionPool.get(HttpConnectionPool.java:87)
01-25 09:51:13.184: W/System.err(27168): 	at libcore.net.http.HttpConnection.connect(HttpConnection.java:128)
01-25 09:51:13.184: W/System.err(27168): 	at libcore.net.http.HttpEngine.openSocketConnection(HttpEngine.java:315)
01-25 09:51:13.184: W/System.err(27168): 	at libcore.net.http.HttpEngine.connect(HttpEngine.java:310)
01-25 09:51:13.184: W/System.err(27168): 	at libcore.net.http.HttpEngine.sendSocketRequest(HttpEngine.java:289)
01-25 09:51:13.184: W/System.err(27168): 	at libcore.net.http.HttpEngine.sendRequest(HttpEngine.java:239)
01-25 09:51:13.184: W/System.err(27168): 	at libcore.net.http.HttpURLConnectionImpl.connect(HttpURLConnectionImpl.java:80)
01-25 09:51:13.184: W/System.err(27168): 	at libcore.net.http.HttpURLConnectionImpl.getOutputStream(HttpURLConnectionImpl.java:188)
01-25 09:51:13.184: W/System.err(27168): 	at cir.a(SogouSource:299)
01-25 09:51:13.184: W/System.err(27168): 	at cir.a(SogouSource:125)
01-25 09:51:13.184: W/System.err(27168): 	at clg.run(SogouSource:35)
01-25 09:51:13.184: W/System.err(27168): 	at dey.run(SogouSource:697)
01-25 09:51:13.184: W/System.err(27168): 	at java.util.concurrent.ThreadPoolExecutor.runWorker(ThreadPoolExecutor.java:1076)
01-25 09:51:13.184: W/System.err(27168): 	at java.util.concurrent.ThreadPoolExecutor$Worker.run(ThreadPoolExecutor.java:569)
01-25 09:51:13.184: W/System.err(27168): 	at java.lang.Thread.run(Thread.java:856)
01-25 09:51:13.199: W/System.err(27168): Caused by: libcore.io.GaiException: getaddrinfo failed: EAI_NODATA (No address associated with hostname)
01-25 09:51:13.199: W/System.err(27168): 	at libcore.io.Posix.getaddrinfo(Native Method)
01-25 09:51:13.199: W/System.err(27168): 	at libcore.io.ForwardingOs.getaddrinfo(ForwardingOs.java:55)
01-25 09:51:13.199: W/System.err(27168): 	at java.net.InetAddress.lookupHostByName(InetAddress.java:405)
01-25 09:51:13.199: W/System.err(27168): 	... 20 more
01-25 09:51:13.199: W/System.err(27168): Caused by: libcore.io.ErrnoException: getaddrinfo failed: ENETUNREACH (Network is unreachable)
01-25 09:51:13.199: W/System.err(27168): 	... 23 more
01-25 09:51:13.285: I/wpa_supplicant(5976): wlan0: Trying to associate with 04:18:d6:22:1a:f1 (SSID='wifi-comtop' freq=2462 MHz)
01-25 09:51:13.356: D/=SOGOU_LOG=(27168): a--ConfigManager--request url ==  http://cfg.mse.sogou.com/popup/hwcfg.php
01-25 09:51:13.363: W/System.err(27168): java.net.UnknownHostException: Unable to resolve host "get.sogou.com": No address associated with hostname
01-25 09:51:13.363: W/System.err(27168): 	at java.net.InetAddress.lookupHostByName(InetAddress.java:394)
01-25 09:51:13.363: W/System.err(27168): 	at java.net.InetAddress.getAllByNameImpl(InetAddress.java:236)
01-25 09:51:13.363: W/System.err(27168): 	at java.net.InetAddress.getAllByName(InetAddress.java:214)
01-25 09:51:13.363: W/System.err(27168): 	at libcore.net.http.HttpConnection.<init>(HttpConnection.java:70)
01-25 09:51:13.363: W/System.err(27168): 	at libcore.net.http.HttpConnection.<init>(HttpConnection.java:50)
01-25 09:51:13.363: W/System.err(27168): 	at libcore.net.http.HttpConnection$Address.connect(HttpConnection.java:343)
01-25 09:51:13.363: W/System.err(27168): 	at libcore.net.http.HttpConnectionPool.get(HttpConnectionPool.java:87)
01-25 09:51:13.371: W/System.err(27168): 	at libcore.net.http.HttpConnection.connect(HttpConnection.java:128)
01-25 09:51:13.371: W/System.err(27168): 	at libcore.net.http.HttpEngine.openSocketConnection(HttpEngine.java:315)
01-25 09:51:13.371: W/System.err(27168): 	at libcore.net.http.HttpEngine.connect(HttpEngine.java:310)
