01-19 16:10:36.890: E/hwcomposer(153): hwc_eventControl:141  start MSMFB_OVERLAY_VSYNC_CTRL  
01-19 16:10:36.890: E/SurfaceFlinger(153): eventControl(0, 1) failed No such file or directory
01-19 16:10:36.920: E/hwcomposer(153): hwc_eventControl:141  start MSMFB_OVERLAY_VSYNC_CTRL  
01-19 16:10:36.920: E/SurfaceFlinger(153): eventControl(0, 0) failed No such file or directory
01-19 16:10:36.930: E/hwcomposer(153): hwc_eventControl:141  start MSMFB_OVERLAY_VSYNC_CTRL  
01-19 16:10:36.940: E/SurfaceFlinger(153): eventControl(0, 0) failed No such file or directory
01-19 16:10:36.940: E/hwcomposer(153): hwc_eventControl:141  start MSMFB_OVERLAY_VSYNC_CTRL  
01-19 16:10:36.940: E/SurfaceFlinger(153): eventControl(0, 1) failed No such file or directory
01-19 16:10:36.970: E/hwcomposer(153): hwc_eventControl:141  start MSMFB_OVERLAY_VSYNC_CTRL  
01-19 16:10:36.970: E/SurfaceFlinger(153): eventControl(0, 0) failed No such file or directory
01-19 16:10:36.990: E/hwcomposer(153): hwc_eventControl:141  start MSMFB_OVERLAY_VSYNC_CTRL  
01-19 16:10:36.990: E/SurfaceFlinger(153): eventControl(0, 0) failed No such file or directory
01-19 16:10:37.000: E/hwcomposer(153): hwc_eventControl:141  start MSMFB_OVERLAY_VSYNC_CTRL  
01-19 16:10:37.000: E/SurfaceFlinger(153): eventControl(0, 1) failed No such file or directory
01-19 16:10:37.020: E/hwcomposer(153): hwc_eventControl:141  start MSMFB_OVERLAY_VSYNC_CTRL  
01-19 16:10:37.030: E/SurfaceFlinger(153): eventControl(0, 0) failed No such file or directory
01-19 16:10:37.040: E/hwcomposer(153): hwc_eventControl:141  start MSMFB_OVERLAY_VSYNC_CTRL  
01-19 16:10:37.040: E/SurfaceFlinger(153): eventControl(0, 0) failed No such file or directory
01-19 16:10:37.050: E/hwcomposer(153): hwc_eventControl:141  start MSMFB_OVERLAY_VSYNC_CTRL  
01-19 16:10:37.050: E/SurfaceFlinger(153): eventControl(0, 1) failed No such file or directory
01-19 16:10:37.080: E/hwcomposer(153): hwc_eventControl:141  start MSMFB_OVERLAY_VSYNC_CTRL  
01-19 16:10:37.080: E/SurfaceFlinger(153): eventControl(0, 0) failed No such file or directory
01-19 16:10:37.100: E/hwcomposer(153): hwc_eventControl:141  start MSMFB_OVERLAY_VSYNC_CTRL  
01-19 16:10:37.100: E/SurfaceFlinger(153): eventControl(0, 0) failed No such file or directory
01-19 16:10:37.100: E/hwcomposer(153): hwc_eventControl:141  start MSMFB_OVERLAY_VSYNC_CTRL  
01-19 16:10:37.100: E/SurfaceFlinger(153): eventControl(0, 1) failed No such file or directory
01-19 16:10:37.130: E/hwcomposer(153): hwc_eventControl:141  start MSMFB_OVERLAY_VSYNC_CTRL  
01-19 16:10:37.130: E/SurfaceFlinger(153): eventControl(0, 0) failed No such file or directory
01-19 16:10:37.150: E/hwcomposer(153): hwc_eventControl:141  start MSMFB_OVERLAY_VSYNC_CTRL  
01-19 16:10:37.150: E/SurfaceFlinger(153): eventControl(0, 0) failed No such file or directory
01-19 16:10:37.150: W/dalvikvm(7071): threadid=12: thread exiting with uncaught exception (group=0x41b44588)
01-19 16:10:37.160: E/hwcomposer(153): hwc_eventControl:141  start MSMFB_OVERLAY_VSYNC_CTRL  
01-19 16:10:37.160: E/SurfaceFlinger(153): eventControl(0, 1) failed No such file or directory
01-19 16:10:37.170: E/AndroidRuntime(7071): FATAL EXCEPTION: http-thread
01-19 16:10:37.170: E/AndroidRuntime(7071): java.lang.NullPointerException
01-19 16:10:37.170: E/AndroidRuntime(7071): 	at com.alibaba.mobileim.gingko.presenter.contact.YWContactManagerImpl.setCurrentAccount(YWContactManagerImpl.java:72)
01-19 16:10:37.170: E/AndroidRuntime(7071): 	at com.alibaba.mobileim.YWAccount.initDataBeforeLogin(YWAccount.java:434)
01-19 16:10:37.170: E/AndroidRuntime(7071): 	at com.alibaba.mobileim.YWAccount.createWangXinAccount(YWAccount.java:427)
01-19 16:10:37.170: E/AndroidRuntime(7071): 	at com.alibaba.mobileim.YWAccount.access$000(YWAccount.java:112)
01-19 16:10:37.170: E/AndroidRuntime(7071): 	at com.alibaba.mobileim.YWAccount$1.run(YWAccount.java:161)
01-19 16:10:37.170: E/AndroidRuntime(7071): 	at java.util.concurrent.ThreadPoolExecutor.runWorker(ThreadPoolExecutor.java:1076)
01-19 16:10:37.170: E/AndroidRuntime(7071): 	at java.util.concurrent.ThreadPoolExecutor$Worker.run(ThreadPoolExecutor.java:569)
01-19 16:10:37.170: E/AndroidRuntime(7071): 	at java.lang.Thread.run(Thread.java:856)
01-19 16:10:37.200: D/ActivityManager(523): handleApplicationCrash=>BRS report crash... 
01-19 16:10:37.200: D/BugReport(523): Bug Type:app_crash
01-19 16:10:37.200: D/BugReport(523): Bug Report System is disabled
01-19 16:10:37.200: E/hwcomposer(153): hwc_eventControl:141  start MSMFB_OVERLAY_VSYNC_CTRL  
01-19 16:10:37.200: W/ActivityManager(523):   Force finishing activity com.comtop.mim/.ui.MainActivity
01-19 16:10:37.210: E/SurfaceFlinger(153): eventControl(0, 0) failed No such file or directory
01-19 16:10:37.210: V/PowerManager(523): acquire/mToken = android.os.Binder@42593028
01-19 16:10:37.210: V/PowerManager(523): acquireLocked/mFlags = 1 mToken = android.os.Binder@42593028 mTag = ActivityManager-Launch mWorkSource = null
01-19 16:10:37.210: V/PowerManager(523): acquireLocked/mRefCounted = false mCount = 0
01-19 16:10:37.210: D/PowerManagerService(523): acquireWakeLockLocked/flags=0x1 tag=ActivityManager-Launch pid = 523 uid = 1000
01-19 16:10:37.220: E/hwcomposer(153): hwc_eventControl:141  start MSMFB_OVERLAY_VSYNC_CTRL  
01-19 16:10:37.220: E/SurfaceFlinger(153): eventControl(0, 0) failed No such file or directory
01-19 16:10:37.230: E/hwcomposer(153): hwc_eventControl:141  start MSMFB_OVERLAY_VSYNC_CTRL  
01-19 16:10:37.230: E/SurfaceFlinger(153): eventControl(0, 1) failed No such file or directory
01-19 16:10:37.240: V/uitechnoService(523): UitechnoService.onTransact() start
01-19 16:10:37.240: V/uitechnoService(523): code == 769
01-19 16:10:37.240: V/uitechnoService.YLUIPropertyService(523): component == widget
01-19 16:10:37.240: V/uitechnoService.YLUIPropertyService(523): key == maximumVelocity
01-19 16:10:37.240: V/uitechnoService.YLUIPropertyService(523): getProperty value == 12000
01-19 16:10:37.240: V/uitechnoService(523): UitechnoService.onTransact() start
01-19 16:10:37.240: V/uitechnoService(523): code == 769
01-19 16:10:37.240: V/uitechnoService.YLUIPropertyService(523): component == widget
01-19 16:10:37.240: V/uitechnoService.YLUIPropertyService(523): key == velocityScale
01-19 16:10:37.240: V/uitechnoService.YLUIPropertyService(523): getProperty value == 2
01-19 16:10:37.240: V/uitechnoService(523): UitechnoService.onTransact() start
01-19 16:10:37.240: V/uitechnoService(523): code == 769
01-19 16:10:37.240: V/uitechnoService.YLUIPropertyService(523): component == widget
01-19 16:10:37.240: V/uitechnoService.YLUIPropertyService(523): key == scrollMinVelocity
01-19 16:10:37.250: V/uitechnoService.YLUIPropertyService(523): getProperty value == 800
01-19 16:10:37.250: V/uitechnoService(523): UitechnoService.onTransact() start
01-19 16:10:37.250: V/uitechnoService(523): code == 257
01-19 16:10:37.250: V/uitechnoService.YLUIThemeService(523): packageName == com.comtop.mim
01-19 16:10:37.250: V/uitechnoService.YLUIThemeService(523): key == translucence
01-19 16:10:37.250: V/uitechnoService.YLUIThemeService(523): value == 
01-19 16:10:37.260: E/hwcomposer(153): hwc_eventControl:141  start MSMFB_OVERLAY_VSYNC_CTRL  
01-19 16:10:37.260: E/SurfaceFlinger(153): eventControl(0, 0) failed No such file or directory
01-19 16:10:37.260: V/uitechnoService(523): UitechnoService.onTransact() start
01-19 16:10:37.260: V/uitechnoService(523): code == 769
01-19 16:10:37.260: V/uitechnoService.YLUIPropertyService(523): component == widget
01-19 16:10:37.260: V/uitechnoService.YLUIPropertyService(523): key == maximumVelocity
01-19 16:10:37.260: V/uitechnoService.YLUIPropertyService(523): getProperty value == 12000
01-19 16:10:37.260: V/uitechnoService(523): UitechnoService.onTransact() start
01-19 16:10:37.260: V/uitechnoService(523): code == 769
01-19 16:10:37.260: V/uitechnoService.YLUIPropertyService(523): component == widget
01-19 16:10:37.260: V/uitechnoService.YLUIPropertyService(523): key == velocityScale
01-19 16:10:37.260: V/uitechnoService.YLUIPropertyService(523): getProperty value == 2
01-19 16:10:37.260: E/hwcomposer(153): hwc_eventControl:141  start MSMFB_OVERLAY_VSYNC_CTRL  
01-19 16:10:37.270: E/SurfaceFlinger(153): eventControl(0, 1) failed No such file or directory
01-19 16:10:37.270: E/hwcomposer(153): hwc_eventControl:141  start MSMFB_OVERLAY_VSYNC_CTRL  
01-19 16:10:37.270: E/SurfaceFlinger(153): eventControl(0, 1) failed No such file or directory
01-19 16:10:37.270: D/PhoneStatusBar(25655): disable: 0x00ea0000 -> 0x000a0000 (diff: 0x00e00000)
01-19 16:10:37.270: D/PhoneStatusBar(25655): disable: < expand ICONS alerts TICKER system_info back* home* recent clock* >
01-19 16:10:37.280: E/hwcomposer(153): hwc_eventControl:141  start MSMFB_OVERLAY_VSYNC_CTRL  
01-19 16:10:37.280: E/SurfaceFlinger(153): eventControl(0, 1) failed No such file or directory
01-19 16:10:37.280: E/hwcomposer(153): hwc_prepare:84  start  
01-19 16:10:37.280: E/hwcomposer(153): hwc_prepare:120  stop  
01-19 16:10:37.280: E/hwcomposer(153): hwc_eventControl:141  start MSMFB_OVERLAY_VSYNC_CTRL  
01-19 16:10:37.280: E/SurfaceFlinger(153): eventControl(0, 1) failed No such file or directory
01-19 16:10:37.280: D/PhoneStatusBar(25655): diff = 14680064 mSystemUiVisibility = 14680064 newVal = 0 vis = 0
01-19 16:10:37.290: E/hwcomposer(153): hwc_set:207  start  
01-19 16:10:37.290: E/hwcomposer(153): hwc_set:215  start eglSwapBuffers  
01-19 16:10:37.290: E/gralloc(153): fb_post:129  start  FBIOPUT_VSCREENINFO  
01-19 16:10:37.290: E/hwcomposer(153): hwc_set:217  end eglSwapBuffers 
01-19 16:10:37.290: E/hwcomposer(153): hwc_set:233  end 
01-19 16:10:37.290: E/hwcomposer(153): hwc_prepare:84  start  
01-19 16:10:37.290: E/hwcomposer(153): hwc_prepare:120  stop  
01-19 16:10:37.290: E/gralloc(153): fb_post:136  end  FBIOPUT_VSCREENINFO  
01-19 16:10:37.290: E/hwcomposer(153): hwc_eventControl:141  start MSMFB_OVERLAY_VSYNC_CTRL  
01-19 16:10:37.290: E/SurfaceFlinger(153): eventControl(0, 1) failed No such file or directory
01-19 16:10:37.300: E/hwcomposer(153): hwc_set:207  start  
01-19 16:10:37.300: E/hwcomposer(153): hwc_set:215  start eglSwapBuffers  
01-19 16:10:37.300: E/gralloc(153): fb_post:129  start  FBIOPUT_VSCREENINFO  
01-19 16:10:37.300: E/hwcomposer(153): hwc_set:217  end eglSwapBuffers 
01-19 16:10:37.300: E/hwcomposer(153): hwc_set:233  end 
01-19 16:10:37.300: V/uitechnoService(523): UitechnoService.onTransact() start
01-19 16:10:37.300: V/uitechnoService(523): code == 257
01-19 16:10:37.300: V/uitechnoService.YLUIThemeService(523): packageName == com.comtop.mim
01-19 16:10:37.300: V/uitechnoService.YLUIThemeService(523): key == ui_text_grey
01-19 16:10:37.300: V/uitechnoService.YLUIThemeService(523): value == 
01-19 16:10:37.310: E/gralloc(153): fb_post:136  end  FBIOPUT_VSCREENINFO  
01-19 16:10:37.310: E/hwcomposer(153): hwc_prepare:84  start  
01-19 16:10:37.310: E/hwcomposer(153): hwc_prepare:120  stop  
01-19 16:10:37.310: E/hwcomposer(153): hwc_eventControl:141  start MSMFB_OVERLAY_VSYNC_CTRL  
01-19 16:10:37.310: E/SurfaceFlinger(153): eventControl(0, 1) failed No such file or directory
01-19 16:10:37.320: E/hwcomposer(153): hwc_set:207  start  
01-19 16:10:37.320: E/hwcomposer(153): hwc_set:215  start eglSwapBuffers  
01-19 16:10:37.320: E/gralloc(153): fb_post:129  start  FBIOPUT_VSCREENINFO  
01-19 16:10:37.320: E/hwcomposer(153): hwc_set:217  end eglSwapBuffers 
01-19 16:10:37.320: E/hwcomposer(153): hwc_set:233  end 
01-19 16:10:37.320: V/uitechnoService(523): UitechnoService.onTransact() start
01-19 16:10:37.320: V/uitechnoService(523): code == 257
01-19 16:10:37.320: V/uitechnoService.YLUIThemeService(523): packageName == com.comtop.mim
01-19 16:10:37.320: V/uitechnoService.YLUIThemeService(523): key == ui_image_bg
01-19 16:10:37.320: V/uitechnoService.YLUIThemeService(523): value == 
01-19 16:10:37.330: E/hwcomposer(153): hwc_prepare:84  start  
01-19 16:10:37.330: E/hwcomposer(153): hwc_prepare:120  stop  
01-19 16:10:37.330: E/gralloc(153): fb_post:136  end  FBIOPUT_VSCREENINFO  
01-19 16:10:37.330: E/hwcomposer(153): hwc_set:207  start  
01-19 16:10:37.330: E/hwcomposer(153): hwc_set:215  start eglSwapBuffers  
01-19 16:10:37.330: E/gralloc(153): fb_post:129  start  FBIOPUT_VSCREENINFO  
01-19 16:10:37.330: E/hwcomposer(153): hwc_set:217  end eglSwapBuffers 
01-19 16:10:37.330: E/hwcomposer(153): hwc_set:233  end 
01-19 16:10:37.330: E/hwcomposer(153): hwc_prepare:84  start  
01-19 16:10:37.330: E/hwcomposer(153): hwc_prepare:120  stop  
01-19 16:10:37.330: E/hwcomposer(153): hwc_eventControl:141  start MSMFB_OVERLAY_VSYNC_CTRL  
01-19 16:10:37.330: E/SurfaceFlinger(153): eventControl(0, 1) failed No such file or directory
01-19 16:10:37.330: E/hwcomposer(153): hwc_eventControl:141  start MSMFB_OVERLAY_VSYNC_CTRL  
01-19 16:10:37.330: E/SurfaceFlinger(153): eventControl(0, 1) failed No such file or directory
01-19 16:10:37.330: E/hwcomposer(153): hwc_eventControl:141  start MSMFB_OVERLAY_VSYNC_CTRL  
01-19 16:10:37.330: E/SurfaceFlinger(153): eventControl(0, 1) failed No such file or directory
01-19 16:10:37.340: E/hwcomposer(153): hwc_set:207  start  
01-19 16:10:37.340: E/hwcomposer(153): hwc_set:215  start eglSwapBuffers  
01-19 16:10:37.340: E/gralloc(153): fb_post:136  end  FBIOPUT_VSCREENINFO  
01-19 16:10:37.340: E/gralloc(153): fb_post:129  start  FBIOPUT_VSCREENINFO  
01-19 16:10:37.360: E/hwcomposer(153): hwc_set:217  end eglSwapBuffers 
01-19 16:10:37.360: E/hwcomposer(153): hwc_set:233  end 
01-19 16:10:37.360: V/uitechnoService(523): UitechnoService.onTransact() start
01-19 16:10:37.360: V/uitechnoService(523): code == 257
01-19 16:10:37.360: E/hwcomposer(153): hwc_eventControl:141  start MSMFB_OVERLAY_VSYNC_CTRL  
01-19 16:10:37.360: V/uitechnoService.YLUIThemeService(523): packageName == com.comtop.mim
01-19 16:10:37.360: E/SurfaceFlinger(153): eventControl(0, 1) failed No such file or directory
01-19 16:10:37.360: V/uitechnoService.YLUIThemeService(523): key == ui_list_line
01-19 16:10:37.360: V/uitechnoService.YLUIThemeService(523): value == 
01-19 16:10:37.360: E/gralloc(153): fb_post:136  end  FBIOPUT_VSCREENINFO  
01-19 16:10:37.360: E/hwcomposer(153): hwc_prepare:84  start  
01-19 16:10:37.360: E/hwcomposer(153): hwc_prepare:120  stop  
01-19 16:10:37.370: E/hwcomposer(153): hwc_eventControl:141  start MSMFB_OVERLAY_VSYNC_CTRL  
01-19 16:10:37.370: E/SurfaceFlinger(153): eventControl(0, 1) failed No such file or directory
01-19 16:10:37.370: E/hwcomposer(153): hwc_set:207  start  
01-19 16:10:37.370: E/hwcomposer(153): hwc_set:215  start eglSwapBuffers  
01-19 16:10:37.370: V/uitechnoService(523): UitechnoService.onTransact() start
01-19 16:10:37.370: E/gralloc(153): fb_post:129  start  FBIOPUT_VSCREENINFO  
01-19 16:10:37.370: E/hwcomposer(153): hwc_set:217  end eglSwapBuffers 
01-19 16:10:37.370: E/hwcomposer(153): hwc_set:233  end 
01-19 16:10:37.370: V/uitechnoService(523): code == 769
01-19 16:10:37.370: V/uitechnoService.YLUIPropertyService(523): component == widget
01-19 16:10:37.370: V/uitechnoService.YLUIPropertyService(523): key == maximumVelocity
01-19 16:10:37.370: V/uitechnoService.YLUIPropertyService(523): getProperty value == 12000
01-19 16:10:37.370: V/uitechnoService(523): UitechnoService.onTransact() start
01-19 16:10:37.370: V/uitechnoService(523): code == 769
01-19 16:10:37.370: V/uitechnoService.YLUIPropertyService(523): component == widget
01-19 16:10:37.370: V/uitechnoService.YLUIPropertyService(523): key == velocityScale
01-19 16:10:37.370: V/uitechnoService.YLUIPropertyService(523): getProperty value == 2
01-19 16:10:37.380: E/gralloc(153): fb_post:136  end  FBIOPUT_VSCREENINFO  
01-19 16:10:37.380: E/hwcomposer(153): hwc_prepare:84  start  
01-19 16:10:37.380: E/hwcomposer(153): hwc_prepare:120  stop  
01-19 16:10:37.380: E/hwcomposer(153): hwc_eventControl:141  start MSMFB_OVERLAY_VSYNC_CTRL  
01-19 16:10:37.380: E/SurfaceFlinger(153): eventControl(0, 1) failed No such file or directory
01-19 16:10:37.380: I/BJ_APP_Net(1524): CP_SecCenter:131_swControlAlert
01-19 16:10:37.380: I/BJ_APP_Net(1524): CP_SecCenter:OnlineMonitor value : true
01-19 16:10:37.380: D/ConnectivityService(523): getActiveNetworkInfo: mActiveDefaultNetwork = 1 pid = 7071
01-19 16:10:37.380: D/ConnectivityService(523): getNetworkInfo_2: networkType = 1 uid = 10109
01-19 16:10:37.380: D/ConnectivityService(523): getNetworkInfo_2 = NetworkInfo: type: WIFI[], state: CONNECTED/CONNECTED, reason: (unspecified), extra: (none), roaming: false, failover: false, isAvailable: true
01-19 16:10:37.390: D/AbsHttpRequestResolver(7071): http://msp.szcomtop.com:6888/msp-ams/router?
01-19 16:10:37.390: E/hwcomposer(153): hwc_set:207  start  
01-19 16:10:37.390: E/hwcomposer(153): hwc_set:215  start eglSwapBuffers  
01-19 16:10:37.390: E/hwcomposer(153): hwc_set:217  end eglSwapBuffers 
01-19 16:10:37.390: E/hwcomposer(153): hwc_set:233  end 
01-19 16:10:37.390: E/gralloc(153): fb_post:129  start  FBIOPUT_VSCREENINFO  
01-19 16:10:37.390: D/ConnectivityService(523): getActiveNetworkInfo: mActiveDefaultNetwork = 1 pid = 7071
01-19 16:10:37.390: D/ConnectivityService(523): getNetworkInfo_2: networkType = 1 uid = 10109
01-19 16:10:37.390: D/ConnectivityService(523): getNetworkInfo_2 = NetworkInfo: type: WIFI[], state: CONNECTED/CONNECTED, reason: (unspecified), extra: (none), roaming: false, failover: false, isAvailable: true
01-19 16:10:37.400: E/gralloc(153): fb_post:136  end  FBIOPUT_VSCREENINFO  
01-19 16:10:37.400: I/BJ_APP_Net(1524): CP_SecCenter:database query
01-19 16:10:37.400: E/hwcomposer(153): hwc_eventControl:141  start MSMFB_OVERLAY_VSYNC_CTRL  
01-19 16:10:37.400: E/SurfaceFlinger(153): eventControl(0, 1) failed No such file or directory
01-19 16:10:37.400: I/BJ_APP_Net(1524): CP_SecCenter:cur count0
01-19 16:10:37.400: E/hwcomposer(153): hwc_eventControl:141  start MSMFB_OVERLAY_VSYNC_CTRL  
01-19 16:10:37.400: I/BJ_APP_Net(1524): CP_SecCenter:Not Exist App Perm
01-19 16:10:37.400: E/SurfaceFlinger(153): eventControl(0, 1) failed No such file or directory
01-19 16:10:37.420: E/hwcomposer(153): hwc_prepare:84  start  
01-19 16:10:37.420: E/hwcomposer(153): hwc_prepare:120  stop  
01-19 16:10:37.420: E/hwcomposer(153): hwc_eventControl:141  start MSMFB_OVERLAY_VSYNC_CTRL  
01-19 16:10:37.420: E/SurfaceFlinger(153): eventControl(0, 1) failed No such file or directory
01-19 16:10:37.420: E/hwcomposer(153): hwc_eventControl:141  start MSMFB_OVERLAY_VSYNC_CTRL  
01-19 16:10:37.420: E/SurfaceFlinger(153): eventControl(0, 1) failed No such file or directory
01-19 16:10:37.420: E/hwcomposer(153): hwc_set:207  start  
01-19 16:10:37.420: E/hwcomposer(153): hwc_set:215  start eglSwapBuffers  
01-19 16:10:37.420: E/gralloc(153): fb_post:129  start  FBIOPUT_VSCREENINFO  
01-19 16:10:37.430: E/hwcomposer(153): hwc_set:217  end eglSwapBuffers 
01-19 16:10:37.430: E/hwcomposer(153): hwc_set:233  end 
01-19 16:10:37.430: E/gralloc(153): fb_post:136  end  FBIOPUT_VSCREENINFO  
01-19 16:10:37.430: E/hwcomposer(153): hwc_prepare:84  start  
01-19 16:10:37.430: E/hwcomposer(153): hwc_prepare:120  stop  
01-19 16:10:37.440: E/hwcomposer(153): hwc_eventControl:141  start MSMFB_OVERLAY_VSYNC_CTRL  
01-19 16:10:37.440: E/SurfaceFlinger(153): eventControl(0, 1) failed No such file or directory
01-19 16:10:37.440: E/hwcomposer(153): hwc_eventControl:141  start MSMFB_OVERLAY_VSYNC_CTRL  
01-19 16:10:37.440: E/SurfaceFlinger(153): eventControl(0, 1) failed No such file or directory
01-19 16:10:37.440: I/HttpRequestResolveImpl(7071): result parser is:com.comtop.mim.parser.AppDefaultJSONParser
01-19 16:10:37.440: D/HttpRequestResolveImpl(7071): result class is: com.comtop.mim.result.PluglistResult
01-19 16:10:37.440: E/hwcomposer(153): hwc_set:207  start  
01-19 16:10:37.440: E/hwcomposer(153): hwc_set:215  start eglSwapBuffers  
01-19 16:10:37.440: E/gralloc(153): fb_post:129  start  FBIOPUT_VSCREENINFO  
01-19 16:10:37.440: E/hwcomposer(153): hwc_eventControl:141  start MSMFB_OVERLAY_VSYNC_CTRL  
01-19 16:10:37.440: E/hwcomposer(153): hwc_set:217  end eglSwapBuffers 
01-19 16:10:37.450: E/hwcomposer(153): hwc_set:233  end 
01-19 16:10:37.450: E/SurfaceFlinger(153): eventControl(0, 1) failed No such file or directory
01-19 16:10:37.450: E/gralloc(153): fb_post:136  end  FBIOPUT_VSCREENINFO  
01-19 16:10:37.450: E/hwcomposer(153): hwc_prepare:84  start  
01-19 16:10:37.450: E/hwcomposer(153): hwc_prepare:120  stop  
01-19 16:10:37.450: E/hwcomposer(153): hwc_eventControl:141  start MSMFB_OVERLAY_VSYNC_CTRL  
01-19 16:10:37.450: E/SurfaceFlinger(153): eventControl(0, 1) failed No such file or directory
01-19 16:10:37.460: E/hwcomposer(153): hwc_eventControl:141  start MSMFB_OVERLAY_VSYNC_CTRL  
01-19 16:10:37.460: E/SurfaceFlinger(153): eventControl(0, 1) failed No such file or directory
01-19 16:10:37.460: E/hwcomposer(153): hwc_set:207  start  
01-19 16:10:37.460: E/hwcomposer(153): hwc_set:215  start eglSwapBuffers  
01-19 16:10:37.460: E/hwcomposer(153): hwc_set:217  end eglSwapBuffers 
01-19 16:10:37.460: E/gralloc(153): fb_post:129  start  FBIOPUT_VSCREENINFO  
01-19 16:10:37.460: E/hwcomposer(153): hwc_set:233  end 
01-19 16:10:37.470: E/gralloc(153): fb_post:136  end  FBIOPUT_VSCREENINFO  
01-19 16:10:37.470: E/hwcomposer(153): hwc_prepare:84  start  
01-19 16:10:37.470: E/hwcomposer(153): hwc_prepare:120  stop  
01-19 16:10:37.470: E/hwcomposer(153): hwc_eventControl:141  start MSMFB_OVERLAY_VSYNC_CTRL  
01-19 16:10:37.470: E/SurfaceFlinger(153): eventControl(0, 1) failed No such file or directory
01-19 16:10:37.470: E/hwcomposer(153): hwc_eventControl:141  start MSMFB_OVERLAY_VSYNC_CTRL  
01-19 16:10:37.470: E/SurfaceFlinger(153): eventControl(0, 1) failed No such file or directory
01-19 16:10:37.480: E/hwcomposer(153): hwc_set:207  start  
01-19 16:10:37.480: E/hwcomposer(153): hwc_set:215  start eglSwapBuffers  
01-19 16:10:37.480: E/hwcomposer(153): hwc_set:217  end eglSwapBuffers 
01-19 16:10:37.480: E/gralloc(153): fb_post:129  start  FBIOPUT_VSCREENINFO  
01-19 16:10:37.480: E/hwcomposer(153): hwc_set:233  end 
01-19 16:10:37.490: E/gralloc(153): fb_post:136  end  FBIOPUT_VSCREENINFO  
01-19 16:10:37.490: E/hwcomposer(153): hwc_prepare:84  start  
01-19 16:10:37.490: E/hwcomposer(153): hwc_prepare:120  stop  
01-19 16:10:37.490: E/hwcomposer(153): hwc_eventControl:141  start MSMFB_OVERLAY_VSYNC_CTRL  
01-19 16:10:37.490: E/SurfaceFlinger(153): eventControl(0, 1) failed No such file or directory
01-19 16:10:37.490: E/hwcomposer(153): hwc_eventControl:141  start MSMFB_OVERLAY_VSYNC_CTRL  
01-19 16:10:37.490: E/SurfaceFlinger(153): eventControl(0, 1) failed No such file or directory
01-19 16:10:37.500: E/hwcomposer(153): hwc_eventControl:141  start MSMFB_OVERLAY_VSYNC_CTRL  
01-19 16:10:37.500: E/SurfaceFlinger(153): eventControl(0, 1) failed No such file or directory
01-19 16:10:37.500: E/hwcomposer(153): hwc_set:207  start  
01-19 16:10:37.500: E/hwcomposer(153): hwc_set:215  start eglSwapBuffers  
01-19 16:10:37.500: E/hwcomposer(153): hwc_set:217  end eglSwapBuffers 
01-19 16:10:37.500: E/gralloc(153): fb_post:129  start  FBIOPUT_VSCREENINFO  
01-19 16:10:37.500: E/hwcomposer(153): hwc_set:233  end 
01-19 16:10:37.510: E/gralloc(153): fb_post:136  end  FBIOPUT_VSCREENINFO  
01-19 16:10:37.510: E/hwcomposer(153): hwc_prepare:84  start  
01-19 16:10:37.510: E/hwcomposer(153): hwc_prepare:120  stop  
01-19 16:10:37.510: E/hwcomposer(153): hwc_eventControl:141  start MSMFB_OVERLAY_VSYNC_CTRL  
01-19 16:10:37.510: E/SurfaceFlinger(153): eventControl(0, 1) failed No such file or directory
01-19 16:10:37.510: E/hwcomposer(153): hwc_eventControl:141  start MSMFB_OVERLAY_VSYNC_CTRL  
01-19 16:10:37.510: E/SurfaceFlinger(153): eventControl(0, 1) failed No such file or directory
01-19 16:10:37.510: E/hwcomposer(153): hwc_set:207  start  
01-19 16:10:37.510: E/hwcomposer(153): hwc_set:215  start eglSwapBuffers  
01-19 16:10:37.510: E/gralloc(153): fb_post:129  start  FBIOPUT_VSCREENINFO  
01-19 16:10:37.510: E/hwcomposer(153): hwc_set:217  end eglSwapBuffers 
01-19 16:10:37.510: E/hwcomposer(153): hwc_set:233  end 
01-19 16:10:37.520: E/gralloc(153): fb_post:136  end  FBIOPUT_VSCREENINFO  
01-19 16:10:37.520: E/hwcomposer(153): hwc_prepare:84  start  
01-19 16:10:37.520: E/hwcomposer(153): hwc_prepare:120  stop  
01-19 16:10:37.520: E/hwcomposer(153): hwc_eventControl:141  start MSMFB_OVERLAY_VSYNC_CTRL  
01-19 16:10:37.520: E/SurfaceFlinger(153): eventControl(0, 1) failed No such file or directory
01-19 16:10:37.530: E/hwcomposer(153): hwc_eventControl:141  start MSMFB_OVERLAY_VSYNC_CTRL  
01-19 16:10:37.530: E/SurfaceFlinger(153): eventControl(0, 1) failed No such file or directory
01-19 16:10:37.530: E/hwcomposer(153): hwc_set:207  start  
01-19 16:10:37.530: E/hwcomposer(153): hwc_set:215  start eglSwapBuffers  
01-19 16:10:37.530: E/hwcomposer(153): hwc_set:217  end eglSwapBuffers 
01-19 16:10:37.530: E/hwcomposer(153): hwc_set:233  end 
01-19 16:10:37.530: E/gralloc(153): fb_post:129  start  FBIOPUT_VSCREENINFO  
01-19 16:10:37.540: D/HttpRequestResolveImpl(7071): handle send message.
01-19 16:10:37.540: E/gralloc(153): fb_post:136  end  FBIOPUT_VSCREENINFO  
01-19 16:10:37.540: E/hwcomposer(153): hwc_prepare:84  start  
01-19 16:10:37.540: E/hwcomposer(153): hwc_prepare:120  stop  
01-19 16:10:37.540: E/hwcomposer(153): hwc_eventControl:141  start MSMFB_OVERLAY_VSYNC_CTRL  
01-19 16:10:37.540: E/SurfaceFlinger(153): eventControl(0, 1) failed No such file or directory
01-19 16:10:37.540: E/hwcomposer(153): hwc_eventControl:141  start MSMFB_OVERLAY_VSYNC_CTRL  
01-19 16:10:37.540: E/SurfaceFlinger(153): eventControl(0, 1) failed No such file or directory
01-19 16:10:37.550: E/hwcomposer(153): hwc_eventControl:141  start MSMFB_OVERLAY_VSYNC_CTRL  
01-19 16:10:37.550: E/SurfaceFlinger(153): eventControl(0, 1) failed No such file or directory
01-19 16:10:37.550: E/hwcomposer(153): hwc_set:207  start  
01-19 16:10:37.550: E/hwcomposer(153): hwc_set:215  start eglSwapBuffers  
01-19 16:10:37.550: E/hwcomposer(153): hwc_set:217  end eglSwapBuffers 
01-19 16:10:37.550: E/gralloc(153): fb_post:129  start  FBIOPUT_VSCREENINFO  
01-19 16:10:37.550: E/hwcomposer(153): hwc_set:233  end 
01-19 16:10:37.560: E/gralloc(153): fb_post:136  end  FBIOPUT_VSCREENINFO  
01-19 16:10:37.560: E/hwcomposer(153): hwc_prepare:84  start  
01-19 16:10:37.560: E/hwcomposer(153): hwc_prepare:120  stop  
01-19 16:10:37.560: E/hwcomposer(153): hwc_eventControl:141  start MSMFB_OVERLAY_VSYNC_CTRL  
01-19 16:10:37.560: E/SurfaceFlinger(153): eventControl(0, 1) failed No such file or directory
01-19 16:10:37.560: E/hwcomposer(153): hwc_eventControl:141  start MSMFB_OVERLAY_VSYNC_CTRL  
01-19 16:10:37.560: E/SurfaceFlinger(153): eventControl(0, 1) failed No such file or directory
01-19 16:10:37.570: E/hwcomposer(153): hwc_set:207  start  
01-19 16:10:37.570: E/hwcomposer(153): hwc_set:215  start eglSwapBuffers  
01-19 16:10:37.570: E/gralloc(153): fb_post:129  start  FBIOPUT_VSCREENINFO  
01-19 16:10:37.570: E/hwcomposer(153): hwc_set:217  end eglSwapBuffers 
01-19 16:10:37.570: E/hwcomposer(153): hwc_set:233  end 
01-19 16:10:37.580: E/gralloc(153): fb_post:136  end  FBIOPUT_VSCREENINFO  
01-19 16:10:37.580: E/hwcomposer(153): hwc_prepare:84  start  
01-19 16:10:37.580: E/hwcomposer(153): hwc_prepare:120  stop  
01-19 16:10:37.580: E/hwcomposer(153): hwc_eventControl:141  start MSMFB_OVERLAY_VSYNC_CTRL  
01-19 16:10:37.580: E/SurfaceFlinger(153): eventControl(0, 1) failed No such file or directory
01-19 16:10:37.580: E/hwcomposer(153): hwc_eventControl:141  start MSMFB_OVERLAY_VSYNC_CTRL  
01-19 16:10:37.580: E/SurfaceFlinger(153): eventControl(0, 1) failed No such file or directory
01-19 16:10:37.580: D/TCMSService(824): onHandleIntent, ------- command=xpushnative://xpush/clearWearyCheck?
01-19 16:10:37.580: D/TCMSService(824): clearWearyCheck
01-19 16:10:37.590: E/hwcomposer(153): hwc_set:207  start  
01-19 16:10:37.590: E/hwcomposer(153): hwc_set:215  start eglSwapBuffers  
01-19 16:10:37.590: E/hwcomposer(153): hwc_set:217  end eglSwapBuffers 
01-19 16:10:37.590: E/hwcomposer(153): hwc_set:233  end 
01-19 16:10:37.590: E/gralloc(153): fb_post:129  start  FBIOPUT_VSCREENINFO  
01-19 16:10:37.590: E/hwcomposer(153): hwc_eventControl:141  start MSMFB_OVERLAY_VSYNC_CTRL  
01-19 16:10:37.590: E/SurfaceFlinger(153): eventControl(0, 1) failed No such file or directory
01-19 16:10:37.590: E/gralloc(153): fb_post:136  end  FBIOPUT_VSCREENINFO  
01-19 16:10:37.590: E/hwcomposer(153): hwc_prepare:84  start  
01-19 16:10:37.590: D/ConnectivityService(523): getActiveNetworkInfo: mActiveDefaultNetwork = 1 pid = 7071
01-19 16:10:37.590: D/ConnectivityService(523): getNetworkInfo_2: networkType = 1 uid = 10109
01-19 16:10:37.590: D/ConnectivityService(523): getNetworkInfo_2 = NetworkInfo: type: WIFI[], state: CONNECTED/CONNECTED, reason: (unspecified), extra: (none), roaming: false, failover: false, isAvailable: true
01-19 16:10:37.600: E/hwcomposer(153): hwc_prepare:120  stop  
01-19 16:10:37.600: E/hwcomposer(153): hwc_eventControl:141  start MSMFB_OVERLAY_VSYNC_CTRL  
01-19 16:10:37.600: E/SurfaceFlinger(153): eventControl(0, 1) failed No such file or directory
01-19 16:10:37.600: E/hwcomposer(153): hwc_set:207  start  
01-19 16:10:37.600: E/hwcomposer(153): hwc_set:215  start eglSwapBuffers  
01-19 16:10:37.600: E/hwcomposer(153): hwc_set:217  end eglSwapBuffers 
01-19 16:10:37.600: E/hwcomposer(153): hwc_set:233  end 
01-19 16:10:37.600: E/gralloc(153): fb_post:129  start  FBIOPUT_VSCREENINFO  
01-19 16:10:37.600: D/ConnectivityService(523): getActiveNetworkInfo: mActiveDefaultNetwork = 1 pid = 7071
01-19 16:10:37.600: D/ConnectivityService(523): getNetworkInfo_2: networkType = 1 uid = 10109
01-19 16:10:37.600: D/ConnectivityService(523): getNetworkInfo_2 = NetworkInfo: type: WIFI[], state: CONNECTED/CONNECTED, reason: (unspecified), extra: (none), roaming: false, failover: false, isAvailable: true
01-19 16:10:37.610: E/gralloc(153): fb_post:136  end  FBIOPUT_VSCREENINFO  
01-19 16:10:37.630: E/hwcomposer(153): hwc_eventControl:141  start MSMFB_OVERLAY_VSYNC_CTRL  
01-19 16:10:37.630: E/SurfaceFlinger(153): eventControl(0, 0) failed No such file or directory
01-19 16:10:37.650: E/hwcomposer(153): hwc_eventControl:141  start MSMFB_OVERLAY_VSYNC_CTRL  
01-19 16:10:37.650: E/SurfaceFlinger(153): eventControl(0, 0) failed No such file or directory
01-19 16:10:37.650: E/hwcomposer(153): hwc_eventControl:141  start MSMFB_OVERLAY_VSYNC_CTRL  
01-19 16:10:37.650: E/SurfaceFlinger(153): eventControl(0, 1) failed No such file or directory
01-19 16:10:37.660: I/WifiConnect(523): AsyncServiceHandler: msg = { what=151574 when=-1ms arg1=91 }
01-19 16:10:37.680: E/hwcomposer(153): hwc_eventControl:141  start MSMFB_OVERLAY_VSYNC_CTRL  
01-19 16:10:37.680: E/SurfaceFlinger(153): eventControl(0, 0) failed No such file or directory
01-19 16:10:37.700: E/hwcomposer(153): hwc_eventControl:141  start MSMFB_OVERLAY_VSYNC_CTRL  
01-19 16:10:37.700: E/SurfaceFlinger(153): eventControl(0, 0) failed No such file or directory
01-19 16:10:37.710: E/hwcomposer(153): hwc_eventControl:141  start MSMFB_OVERLAY_VSYNC_CTRL  
01-19 16:10:37.710: E/SurfaceFlinger(153): eventControl(0, 1) failed No such file or directory
01-19 16:10:37.710: W/ActivityManager(523): Activity pause timeout for ActivityRecord{42ac8c28 com.comtop.mim/.ui.MainActivity}
01-19 16:10:37.710: I/ActivityManager(523): mLastPausedActivity: ActivityRecord{42ac8c28 com.comtop.mim/.ui.MainActivity}
01-19 16:10:37.710: I/ActivityManager(523): mLastPausedActivity: ActivityRecord{42ac8c28 com.comtop.mim/.ui.MainActivity}
01-19 16:10:37.720: E/hwcomposer(153): hwc_eventControl:141  start MSMFB_OVERLAY_VSYNC_CTRL  
01-19 16:10:37.720: E/SurfaceFlinger(153): eventControl(0, 1) failed No such file or directory
01-19 16:10:37.730: E/hwcomposer(153): hwc_eventControl:141  start MSMFB_OVERLAY_VSYNC_CTRL  
01-19 16:10:37.730: E/SurfaceFlinger(153): eventControl(0, 1) failed No such file or directory
01-19 16:10:37.740: E/hwcomposer(153): hwc_eventControl:141  start MSMFB_OVERLAY_VSYNC_CTRL  
01-19 16:10:37.740: E/SurfaceFlinger(153): eventControl(0, 1) failed No such file or directory
01-19 16:10:37.740: D/StatusBar.BatteryController(25655): updateIcons mIsDouBattery = false mIsCharging = true mCurBatteryLevel = 27 mCurUsingIconLevel = 100
01-19 16:10:37.740: D/StatusBar.BatteryController(25655): handleMessage mCurLevel = 1 mBattery = 1
01-19 16:10:37.760: E/hwcomposer(153): hwc_eventControl:141  start MSMFB_OVERLAY_VSYNC_CTRL  
01-19 16:10:37.760: E/SurfaceFlinger(153): eventControl(0, 1) failed No such file or directory
01-19 16:10:37.770: E/hwcomposer(153): hwc_eventControl:141  start MSMFB_OVERLAY_VSYNC_CTRL  
01-19 16:10:37.770: V/uitechno.launcher(762): C://onRestart()com.yulong.android.launcher3.Launcher@424f43a8 start
01-19 16:10:37.770: E/SurfaceFlinger(153): eventControl(0, 1) failed No such file or directory
01-19 16:10:37.770: V/uitechno.launcher(762): C://onRestart()com.yulong.android.launcher3.Launcher@424f43a8 end
01-19 16:10:37.770: V/uitechno.launcher(762): C://onStart()com.yulong.android.launcher3.Launcher@424f43a8 start
01-19 16:10:37.770: V/uitechno.launcher(762): C://onStart()com.yulong.android.launcher3.Launcher@424f43a8 end
01-19 16:10:37.770: V/uitechno.launcher(762): C://onResume() start
01-19 16:10:37.770: E/hwcomposer(153): hwc_prepare:84  start  
01-19 16:10:37.770: E/hwcomposer(153): hwc_prepare:120  stop  
01-19 16:10:37.780: V/uitechno.launcher(762): C://Configuration == {1.15 460mcc3mnc zh_CN sw360dp w360dp h614dp nrml long port finger -keyb/v/h -nav/h s.5}
01-19 16:10:37.780: V/uitechno.launcher(762): C://DisplayMetrics == DisplayMetrics{density=1.5, width=540, height=960, scaledDensity=1.7249999, xdpi=159.48837, ydpi=160.42105}
01-19 16:10:37.780: V/uitechno.launcher(762): C://YLLock.lock() start
01-19 16:10:37.780: V/uitechno.launcher(762): C://mLockCount == 1
01-19 16:10:37.780: V/uitechno.launcher(762): C://YLLock.lock() end
01-19 16:10:37.780: E/hwcomposer(153): hwc_eventControl:141  start MSMFB_OVERLAY_VSYNC_CTRL  
01-19 16:10:37.780: V/uitechno.launcher(762): C://onResume()  end
01-19 16:10:37.780: E/SurfaceFlinger(153): eventControl(0, 1) failed No such file or directory
01-19 16:10:37.780: E/hwcomposer(153): hwc_set:207  start  
01-19 16:10:37.790: E/hwcomposer(153): hwc_set:215  start eglSwapBuffers  
01-19 16:10:37.790: E/gralloc(153): fb_post:129  start  FBIOPUT_VSCREENINFO  
01-19 16:10:37.790: E/hwcomposer(153): hwc_set:217  end eglSwapBuffers 
01-19 16:10:37.790: E/hwcomposer(153): hwc_set:233  end 
01-19 16:10:37.790: E/hwcomposer(153): hwc_eventControl:141  start MSMFB_OVERLAY_VSYNC_CTRL  
01-19 16:10:37.790: E/SurfaceFlinger(153): eventControl(0, 1) failed No such file or directory
01-19 16:10:37.790: E/gralloc(153): fb_post:136  end  FBIOPUT_VSCREENINFO  
01-19 16:10:37.790: E/hwcomposer(153): hwc_prepare:84  start  
01-19 16:10:37.790: E/hwcomposer(153): hwc_prepare:120  stop  
01-19 16:10:37.800: E/hwcomposer(153): hwc_eventControl:141  start MSMFB_OVERLAY_VSYNC_CTRL  
01-19 16:10:37.800: E/SurfaceFlinger(153): eventControl(0, 1) failed No such file or directory
01-19 16:10:37.800: E/hwcomposer(153): hwc_set:207  start  
01-19 16:10:37.800: E/hwcomposer(153): hwc_set:215  start eglSwapBuffers  
01-19 16:10:37.800: E/hwcomposer(153): hwc_set:217  end eglSwapBuffers 
01-19 16:10:37.800: E/gralloc(153): fb_post:129  start  FBIOPUT_VSCREENINFO  
01-19 16:10:37.800: E/hwcomposer(153): hwc_set:233  end 
01-19 16:10:37.810: E/gralloc(153): fb_post:136  end  FBIOPUT_VSCREENINFO  
01-19 16:10:37.820: E/hwcomposer(153): hwc_eventControl:141  start MSMFB_OVERLAY_VSYNC_CTRL  
01-19 16:10:37.820: E/SurfaceFlinger(153): eventControl(0, 1) failed No such file or directory
01-19 16:10:37.830: E/hwcomposer(153): hwc_eventControl:141  start MSMFB_OVERLAY_VSYNC_CTRL  
01-19 16:10:37.830: E/SurfaceFlinger(153): eventControl(0, 1) failed No such file or directory
01-19 16:10:37.830: E/hwcomposer(153): hwc_eventControl:141  start MSMFB_OVERLAY_VSYNC_CTRL  
01-19 16:10:37.840: E/SurfaceFlinger(153): eventControl(0, 1) failed No such file or directory
01-19 16:10:37.840: E/hwcomposer(153): hwc_prepare:84  start  
01-19 16:10:37.840: V/PowerManager(523): release/flags = 0 mToken = android.os.Binder@42593028 mTag = ActivityManager-Launch mWorkSource = null
01-19 16:10:37.840: V/PowerManager(523): release/mRefCounted = false mCount = 0
01-19 16:10:37.840: I/PowerManagerService(523): releaseWakeLockLocked/wl.tag = ActivityManager-Launch wl.flags = 1 enduration = 629 lock = android.os.Binder@42593028
01-19 16:10:37.850: E/hwcomposer(153): hwc_prepare:120  stop  
01-19 16:10:37.850: E/hwcomposer(153): hwc_eventControl:141  start MSMFB_OVERLAY_VSYNC_CTRL  
01-19 16:10:37.850: E/SurfaceFlinger(153): eventControl(0, 1) failed No such file or directory
01-19 16:10:37.850: E/hwcomposer(153): hwc_eventControl:141  start MSMFB_OVERLAY_VSYNC_CTRL  
01-19 16:10:37.850: E/SurfaceFlinger(153): eventControl(0, 1) failed No such file or directory
01-19 16:10:37.850: E/hwcomposer(153): hwc_set:207  start  
01-19 16:10:37.850: E/hwcomposer(153): hwc_set:215  start eglSwapBuffers  
01-19 16:10:37.850: E/hwcomposer(153): hwc_set:217  end eglSwapBuffers 
01-19 16:10:37.850: E/gralloc(153): fb_post:129  start  FBIOPUT_VSCREENINFO  
01-19 16:10:37.850: E/hwcomposer(153): hwc_set:233  end 
01-19 16:10:37.860: E/gralloc(153): fb_post:136  end  FBIOPUT_VSCREENINFO  
01-19 16:10:37.860: E/hwcomposer(153): hwc_prepare:84  start  
01-19 16:10:37.860: E/hwcomposer(153): hwc_prepare:120  stop  
01-19 16:10:37.870: E/hwcomposer(153): hwc_eventControl:141  start MSMFB_OVERLAY_VSYNC_CTRL  
01-19 16:10:37.870: E/SurfaceFlinger(153): eventControl(0, 1) failed No such file or directory
01-19 16:10:37.870: E/hwcomposer(153): hwc_eventControl:141  start MSMFB_OVERLAY_VSYNC_CTRL  
01-19 16:10:37.870: E/SurfaceFlinger(153): eventControl(0, 1) failed No such file or directory
01-19 16:10:37.870: E/hwcomposer(153): hwc_set:207  start  
01-19 16:10:37.870: E/hwcomposer(153): hwc_set:215  start eglSwapBuffers  
01-19 16:10:37.870: E/gralloc(153): fb_post:129  start  FBIOPUT_VSCREENINFO  
01-19 16:10:37.880: E/hwcomposer(153): hwc_set:217  end eglSwapBuffers 
01-19 16:10:37.880: E/hwcomposer(153): hwc_set:233  end 
01-19 16:10:37.880: E/gralloc(153): fb_post:136  end  FBIOPUT_VSCREENINFO  
01-19 16:10:37.880: V/uitechno.launcher(762): C://YLLock.unLock() start
01-19 16:10:37.880: V/uitechno.launcher(762): C://mLockCount == 0
01-19 16:10:37.880: V/uitechno.launcher(762): C://YLLock.unLock() end
01-19 16:10:37.900: E/hwcomposer(153): hwc_eventControl:141  start MSMFB_OVERLAY_VSYNC_CTRL  
01-19 16:10:37.900: E/SurfaceFlinger(153): eventControl(0, 0) failed No such file or directory
01-19 16:10:37.920: E/hwcomposer(153): hwc_eventControl:141  start MSMFB_OVERLAY_VSYNC_CTRL  
01-19 16:10:37.920: E/SurfaceFlinger(153): eventControl(0, 0) failed No such file or directory
01-19 16:10:37.920: E/hwcomposer(153): hwc_eventControl:141  start MSMFB_OVERLAY_VSYNC_CTRL  
01-19 16:10:37.920: E/SurfaceFlinger(153): eventControl(0, 1) failed No such file or directory
01-19 16:10:37.950: E/hwcomposer(153): hwc_eventControl:141  start MSMFB_OVERLAY_VSYNC_CTRL  
01-19 16:10:37.950: E/SurfaceFlinger(153): eventControl(0, 0) failed No such file or directory
01-19 16:10:37.970: E/hwcomposer(153): hwc_eventControl:141  start MSMFB_OVERLAY_VSYNC_CTRL  
01-19 16:10:37.970: E/SurfaceFlinger(153): eventControl(0, 0) failed No such file or directory
01-19 16:10:37.980: E/hwcomposer(153): hwc_eventControl:141  start MSMFB_OVERLAY_VSYNC_CTRL  
01-19 16:10:37.980: E/SurfaceFlinger(153): eventControl(0, 1) failed No such file or directory
01-19 16:10:38.000: E/hwcomposer(153): hwc_eventControl:141  start MSMFB_OVERLAY_VSYNC_CTRL  
01-19 16:10:38.010: E/SurfaceFlinger(153): eventControl(0, 0) failed No such file or directory
01-19 16:10:38.020: D/ConnectivityService(523): getNetworkInfo_1: networkType = 1 uid = 10112 pid = 19671
01-19 16:10:38.020: D/ConnectivityService(523): getNetworkInfo_2: networkType = 1 uid = 10112
01-19 16:10:38.020: E/hwcomposer(153): hwc_eventControl:141  start MSMFB_OVERLAY_VSYNC_CTRL  
01-19 16:10:38.020: E/SurfaceFlinger(153): eventControl(0, 0) failed No such file or directory
01-19 16:10:38.020: D/ConnectivityService(523): getNetworkInfo_2 = NetworkInfo: type: WIFI[], state: CONNECTED/CONNECTED, reason: (unspecified), extra: (none), roaming: false, failover: false, isAvailable: true
01-19 16:10:38.030: E/hwcomposer(153): hwc_eventControl:141  start MSMFB_OVERLAY_VSYNC_CTRL  
01-19 16:10:38.030: E/SurfaceFlinger(153): eventControl(0, 1) failed No such file or directory
01-19 16:10:38.030: D/ConnectivityService(523): getNetworkInfo_1: networkType = 1 uid = 10112 pid = 19671
01-19 16:10:38.030: D/ConnectivityService(523): getNetworkInfo_2: networkType = 1 uid = 10112
01-19 16:10:38.030: D/ConnectivityService(523): getNetworkInfo_2 = NetworkInfo: type: WIFI[], state: CONNECTED/CONNECTED, reason: (unspecified), extra: (none), roaming: false, failover: false, isAvailable: true
01-19 16:10:38.040: D/AutostartService(19671): set fg pkgname:com.comtop.mim
01-19 16:10:38.040: D/Environment(19671): Enviroment getExternalStorageState :/mnt/sdcard
01-19 16:10:38.050: I/cm.log.servpro(19671): [Privacy]/ com.comtop.mim is not in contact list
01-19 16:10:38.060: E/hwcomposer(153): hwc_eventControl:141  start MSMFB_OVERLAY_VSYNC_CTRL  
01-19 16:10:38.060: E/SurfaceFlinger(153): eventControl(0, 0) failed No such file or directory
01-19 16:10:38.080: E/hwcomposer(153): hwc_eventControl:141  start MSMFB_OVERLAY_VSYNC_CTRL  
01-19 16:10:38.080: E/SurfaceFlinger(153): eventControl(0, 0) failed No such file or directory
01-19 16:10:38.090: E/hwcomposer(153): hwc_eventControl:141  start MSMFB_OVERLAY_VSYNC_CTRL  
01-19 16:10:38.090: E/SurfaceFlinger(153): eventControl(0, 1) failed No such file or directory
01-19 16:10:38.110: E/hwcomposer(153): hwc_eventControl:141  start MSMFB_OVERLAY_VSYNC_CTRL  
01-19 16:10:38.110: E/SurfaceFlinger(153): eventControl(0, 0) failed No such file or directory
01-19 16:10:38.130: E/hwcomposer(153): hwc_eventControl:141  start MSMFB_OVERLAY_VSYNC_CTRL  
01-19 16:10:38.130: E/SurfaceFlinger(153): eventControl(0, 0) failed No such file or directory
01-19 16:10:38.140: E/hwcomposer(153): hwc_eventControl:141  start MSMFB_OVERLAY_VSYNC_CTRL  
01-19 16:10:38.140: E/SurfaceFlinger(153): eventControl(0, 1) failed No such file or directory
01-19 16:10:38.170: E/hwcomposer(153): hwc_eventControl:141  start MSMFB_OVERLAY_VSYNC_CTRL  
01-19 16:10:38.170: E/SurfaceFlinger(153): eventControl(0, 0) failed No such file or directory
01-19 16:10:38.180: E/hwcomposer(153): hwc_eventControl:141  start MSMFB_OVERLAY_VSYNC_CTRL  
01-19 16:10:38.180: E/SurfaceFlinger(153): eventControl(0, 0) failed No such file or directory
01-19 16:10:38.190: E/hwcomposer(153): hwc_eventControl:141  start MSMFB_OVERLAY_VSYNC_CTRL  
01-19 16:10:38.190: E/SurfaceFlinger(153): eventControl(0, 1) failed No such file or directory
01-19 16:10:38.220: E/hwcomposer(153): hwc_eventControl:141  start MSMFB_OVERLAY_VSYNC_CTRL  
01-19 16:10:38.220: E/SurfaceFlinger(153): eventControl(0, 0) failed No such file or directory
01-19 16:10:38.240: E/hwcomposer(153): hwc_eventControl:141  start MSMFB_OVERLAY_VSYNC_CTRL  
01-19 16:10:38.240: E/SurfaceFlinger(153): eventControl(0, 0) failed No such file or directory
01-19 16:10:38.240: E/hwcomposer(153): hwc_eventControl:141  start MSMFB_OVERLAY_VSYNC_CTRL  
01-19 16:10:38.240: E/SurfaceFlinger(153): eventControl(0, 1) failed No such file or directory
01-19 16:10:38.250: E/ThermalDaemon(1002): CPU[3] offline
01-19 16:10:38.260: E/hwcomposer(153): hwc_eventControl:141  start MSMFB_OVERLAY_VSYNC_CTRL  
01-19 16:10:38.270: E/SurfaceFlinger(153): eventControl(0, 1) failed No such file or directory
01-19 16:10:38.280: E/hwcomposer(153): hwc_eventControl:141  start MSMFB_OVERLAY_VSYNC_CTRL  
01-19 16:10:38.280: E/SurfaceFlinger(153): eventControl(0, 1) failed No such file or directory
01-19 16:10:38.290: E/hwcomposer(153): hwc_prepare:84  start  
01-19 16:10:38.290: E/hwcomposer(153): hwc_prepare:120  stop  
01-19 16:10:38.300: E/hwcomposer(153): hwc_eventControl:141  start MSMFB_OVERLAY_VSYNC_CTRL  
01-19 16:10:38.300: E/SurfaceFlinger(153): eventControl(0, 1) failed No such file or directory
01-19 16:10:38.300: E/hwcomposer(153): hwc_set:207  start  
01-19 16:10:38.300: E/hwcomposer(153): hwc_set:215  start eglSwapBuffers  
01-19 16:10:38.300: E/hwcomposer(153): hwc_set:217  end eglSwapBuffers 
01-19 16:10:38.300: E/gralloc(153): fb_post:129  start  FBIOPUT_VSCREENINFO  
01-19 16:10:38.300: E/hwcomposer(153): hwc_set:233  end 
01-19 16:10:38.310: E/gralloc(153): fb_post:136  end  FBIOPUT_VSCREENINFO  
01-19 16:10:38.330: E/hwcomposer(153): hwc_eventControl:141  start MSMFB_OVERLAY_VSYNC_CTRL  
01-19 16:10:38.330: E/SurfaceFlinger(153): eventControl(0, 0) failed No such file or directory
01-19 16:10:38.340: E/hwcomposer(153): hwc_eventControl:141  start MSMFB_OVERLAY_VSYNC_CTRL  
01-19 16:10:38.340: E/SurfaceFlinger(153): eventControl(0, 0) failed No such file or directory
01-19 16:10:38.350: E/hwcomposer(153): hwc_eventControl:141  start MSMFB_OVERLAY_VSYNC_CTRL  
01-19 16:10:38.350: E/SurfaceFlinger(153): eventControl(0, 1) failed No such file or directory
01-19 16:10:38.380: E/hwcomposer(153): hwc_eventControl:141  start MSMFB_OVERLAY_VSYNC_CTRL  
01-19 16:10:38.380: E/SurfaceFlinger(153): eventControl(0, 0) failed No such file or directory
01-19 16:10:38.400: E/hwcomposer(153): hwc_eventControl:141  start MSMFB_OVERLAY_VSYNC_CTRL  
01-19 16:10:38.400: E/SurfaceFlinger(153): eventControl(0, 0) failed No such file or directory
01-19 16:10:38.400: E/hwcomposer(153): hwc_eventControl:141  start MSMFB_OVERLAY_VSYNC_CTRL  
01-19 16:10:38.400: E/SurfaceFlinger(153): eventControl(0, 1) failed No such file or directory
01-19 16:10:38.430: E/hwcomposer(153): hwc_eventControl:141  start MSMFB_OVERLAY_VSYNC_CTRL  
01-19 16:10:38.430: E/SurfaceFlinger(153): eventControl(0, 0) failed No such file or directory
01-19 16:10:38.450: E/ThermalDaemon(1002): CPU[2] offline
01-19 16:10:38.450: E/hwcomposer(153): hwc_eventControl:141  start MSMFB_OVERLAY_VSYNC_CTRL  
01-19 16:10:38.450: E/SurfaceFlinger(153): eventControl(0, 0) failed No such file or directory
01-19 16:10:38.460: E/hwcomposer(153): hwc_eventControl:141  start MSMFB_OVERLAY_VSYNC_CTRL  
01-19 16:10:38.460: E/SurfaceFlinger(153): eventControl(0, 1) failed No such file or directory
01-19 16:10:38.480: E/hwcomposer(153): hwc_eventControl:141  start MSMFB_OVERLAY_VSYNC_CTRL  
01-19 16:10:38.480: E/SurfaceFlinger(153): eventControl(0, 1) failed No such file or directory
01-19 16:10:38.500: E/hwcomposer(153): hwc_eventControl:141  start MSMFB_OVERLAY_VSYNC_CTRL  
01-19 16:10:38.500: E/SurfaceFlinger(153): eventControl(0, 1) failed No such file or directory
01-19 16:10:38.510: E/hwcomposer(153): hwc_prepare:84  start  
01-19 16:10:38.510: E/hwcomposer(153): hwc_eventControl:141  start MSMFB_OVERLAY_VSYNC_CTRL  
01-19 16:10:38.510: E/hwcomposer(153): hwc_prepare:120  stop  
01-19 16:10:38.510: E/SurfaceFlinger(153): eventControl(0, 1) failed No such file or directory
01-19 16:10:38.530: E/hwcomposer(153): hwc_eventControl:141  start MSMFB_OVERLAY_VSYNC_CTRL  
01-19 16:10:38.530: E/SurfaceFlinger(153): eventControl(0, 1) failed No such file or directory
01-19 16:10:38.530: E/hwcomposer(153): hwc_eventControl:141  start MSMFB_OVERLAY_VSYNC_CTRL  
01-19 16:10:38.530: E/SurfaceFlinger(153): eventControl(0, 1) failed No such file or directory
01-19 16:10:38.540: E/hwcomposer(153): hwc_set:207  start  
01-19 16:10:38.540: E/hwcomposer(153): hwc_set:215  start eglSwapBuffers  
01-19 16:10:38.540: E/gralloc(153): fb_post:129  start  FBIOPUT_VSCREENINFO  
01-19 16:10:38.540: E/hwcomposer(153): hwc_set:217  end eglSwapBuffers 
01-19 16:10:38.540: E/hwcomposer(153): hwc_set:233  end 
01-19 16:10:38.540: E/gralloc(153): fb_post:136  end  FBIOPUT_VSCREENINFO  
01-19 16:10:38.540: E/hwcomposer(153): hwc_prepare:84  start  
01-19 16:10:38.540: E/hwcomposer(153): hwc_prepare:120  stop  
01-19 16:10:38.540: E/hwcomposer(153): hwc_eventControl:141  start MSMFB_OVERLAY_VSYNC_CTRL  
01-19 16:10:38.540: E/SurfaceFlinger(153): eventControl(0, 1) failed No such file or directory
01-19 16:10:38.550: E/hwcomposer(153): hwc_eventControl:141  start MSMFB_OVERLAY_VSYNC_CTRL  
01-19 16:10:38.550: E/SurfaceFlinger(153): eventControl(0, 1) failed No such file or directory
01-19 16:10:38.550: E/hwcomposer(153): hwc_set:207  start  
01-19 16:10:38.550: E/hwcomposer(153): hwc_set:215  start eglSwapBuffers  
01-19 16:10:38.550: E/gralloc(153): fb_post:129  start  FBIOPUT_VSCREENINFO  
01-19 16:10:38.550: E/hwcomposer(153): hwc_set:217  end eglSwapBuffers 
01-19 16:10:38.550: E/hwcomposer(153): hwc_set:233  end 
01-19 16:10:38.560: E/gralloc(153): fb_post:136  end  FBIOPUT_VSCREENINFO  
01-19 16:10:38.560: E/hwcomposer(153): hwc_prepare:84  start  
01-19 16:10:38.560: E/hwcomposer(153): hwc_prepare:120  stop  
01-19 16:10:38.560: E/hwcomposer(153): hwc_eventControl:141  start MSMFB_OVERLAY_VSYNC_CTRL  
01-19 16:10:38.560: E/SurfaceFlinger(153): eventControl(0, 1) failed No such file or directory
01-19 16:10:38.560: E/hwcomposer(153): hwc_eventControl:141  start MSMFB_OVERLAY_VSYNC_CTRL  
01-19 16:10:38.560: E/SurfaceFlinger(153): eventControl(0, 1) failed No such file or directory
01-19 16:10:38.570: E/hwcomposer(153): hwc_eventControl:141  start MSMFB_OVERLAY_VSYNC_CTRL  
01-19 16:10:38.570: E/SurfaceFlinger(153): eventControl(0, 1) failed No such file or directory
01-19 16:10:38.570: E/hwcomposer(153): hwc_set:207  start  
01-19 16:10:38.570: E/hwcomposer(153): hwc_set:215  start eglSwapBuffers  
01-19 16:10:38.570: E/gralloc(153): fb_post:129  start  FBIOPUT_VSCREENINFO  
