01-19 16:10:45.520: E/hwcomposer(153): hwc_eventControl:141  start MSMFB_OVERLAY_VSYNC_CTRL  
01-19 16:10:45.520: E/SurfaceFlinger(153): eventControl(0, 1) failed No such file or directory
01-19 16:10:45.550: E/hwcomposer(153): hwc_eventControl:141  start MSMFB_OVERLAY_VSYNC_CTRL  
01-19 16:10:45.550: E/SurfaceFlinger(153): eventControl(0, 0) failed No such file or directory
01-19 16:10:45.560: E/hwcomposer(153): hwc_eventControl:141  start MSMFB_OVERLAY_VSYNC_CTRL  
01-19 16:10:45.570: E/SurfaceFlinger(153): eventControl(0, 0) failed No such file or directory
01-19 16:10:45.570: E/hwcomposer(153): hwc_eventControl:141  start MSMFB_OVERLAY_VSYNC_CTRL  
01-19 16:10:45.570: E/SurfaceFlinger(153): eventControl(0, 1) failed No such file or directory
01-19 16:10:45.600: E/hwcomposer(153): hwc_eventControl:141  start MSMFB_OVERLAY_VSYNC_CTRL  
01-19 16:10:45.600: E/SurfaceFlinger(153): eventControl(0, 0) failed No such file or directory
01-19 16:10:45.620: E/hwcomposer(153): hwc_eventControl:141  start MSMFB_OVERLAY_VSYNC_CTRL  
01-19 16:10:45.620: E/SurfaceFlinger(153): eventControl(0, 0) failed No such file or directory
01-19 16:10:45.630: E/hwcomposer(153): hwc_eventControl:141  start MSMFB_OVERLAY_VSYNC_CTRL  
01-19 16:10:45.630: E/SurfaceFlinger(153): eventControl(0, 1) failed No such file or directory
01-19 16:10:45.650: D/CDMAservicetracker(704): [CdmaServiceStateTracker] cdmaservicestatetracker Receive  msg.what = 12
01-19 16:10:45.650: D/CDMAservicetracker(704): [CdmaServiceStateTracker] Receive EVENT_SIGNAL_STRENGTH_UPDATE	
01-19 16:10:45.650: D/CDMAservicetracker(704): onSignalStrengthResult defaultmode = 0
01-19 16:10:45.650: V/PowerManager(704): acquire/mToken = android.os.Binder@42571450
01-19 16:10:45.660: E/hwcomposer(153): hwc_eventControl:141  start MSMFB_OVERLAY_VSYNC_CTRL  
01-19 16:10:45.660: E/SurfaceFlinger(153): eventControl(0, 0) failed No such file or directory
01-19 16:10:45.660: D/CDMAservicetracker(704): onSignalStrengthResult() mSignalStrength = SignalStrength: 99 -1 -77 -70 -75 -55 2 -1 -1 -1 2147483647 -1 cdma 0
01-19 16:10:45.660: D/CDMAservicetracker(704): The signalStrength will be refreshed without any judgement
01-19 16:10:45.660: D/CDMA1_C(704): CP_COMM: notifySignalStrength getDesiredPowerState = true
01-19 16:10:45.660: D/TelephonyRegistry(523): notifyDualSignalStrength: SignalStrength: 99 -1 -77 -70 -75 -55 2 -1 -1 -1 2147483647 -1 cdma 0,phoneId:1
01-19 16:10:45.660: V/PowerManager(704): acquireLocked/mFlags = 1 mToken = android.os.Binder@42571450 mTag = RILJ_1_C mWorkSource = null
01-19 16:10:45.660: V/PowerManager(704): acquireLocked/mRefCounted = false mCount = 0
01-19 16:10:45.660: D/PowerManagerService(523): acquireWakeLockLocked/flags=0x1 tag=RILJ_1_C pid = 704 uid = 1001
01-19 16:10:45.670: D/TelephonyRegistry(523): sendDualSignalStrength: SignalStrength: 99 -1 -77 -70 -75 -55 2 -1 -1 -1 2147483647 -1 cdma 01
01-19 16:10:45.670: D/TelephonyRegistry(523): sendDualSignalStrength SimCard state:UNKNOWN
01-19 16:10:45.670: E/hwcomposer(153): hwc_eventControl:141  start MSMFB_OVERLAY_VSYNC_CTRL  
01-19 16:10:45.680: E/SurfaceFlinger(153): eventControl(0, 0) failed No such file or directory
01-19 16:10:45.680: D/TelephonyRegistry(523): sendDualSignalStrength: SignalStrength: 99 -1 -77 -70 -75 -55 2 -1 -1 -1 2147483647 -1 cdma 01
01-19 16:10:45.680: D/TelephonyRegistry(523): sendDualSignalStrength SimCard state:UNKNOWN
01-19 16:10:45.680: E/hwcomposer(153): hwc_eventControl:141  start MSMFB_OVERLAY_VSYNC_CTRL  
01-19 16:10:45.690: E/SurfaceFlinger(153): eventControl(0, 1) failed No such file or directory
01-19 16:10:45.690: D/TelephonyRegistry(523): sendDualSignalStrength: SignalStrength: 99 -1 -77 -70 -75 -55 2 -1 -1 -1 2147483647 -1 cdma 01
01-19 16:10:45.690: D/TelephonyRegistry(523): sendDualSignalStrength RuimCard state:READY
01-19 16:10:45.690: I/WifiConnect(523): AsyncServiceHandler: msg = { what=151574 when=-2ms arg1=91 }
01-19 16:10:45.700: D/TelephonyRegistry(523): sendDualSignalStrength: SignalStrength: 99 -1 -77 -70 -75 -55 2 -1 -1 -1 2147483647 -1 cdma 01
01-19 16:10:45.700: D/CP_COMM: CPPhoneStateListener(25655): what=0x100 msg={ what=256 when=-6ms arg1=1 obj=SignalStrength: 99 -1 -77 -70 -75 -55 2 -1 -1 -1 2147483647 -1 cdma 0 }
01-19 16:10:45.700: D/TelephonyRegistry(523): sendDualSignalStrength SimCard state:UNKNOWN
01-19 16:10:45.700: I/PhoneModeService(704): CP_COMM: 9060???????ε?NativeService???? getSlotConnectMode
01-19 16:10:45.700: D/PhoneModeService(704): convertPhoneIdToSlotId phoneId = 1 mSlotConnectMode =0 slotId = 0
01-19 16:10:45.700: D/TelephonyRegistry(523): sendDualSignalStrength: SignalStrength: 99 -1 -77 -70 -75 -55 2 -1 -1 -1 2147483647 -1 cdma 01
01-19 16:10:45.700: D/TelephonyRegistry(523): sendDualSignalStrength SimCard state:UNKNOWN
01-19 16:10:45.700: D/TelephonyRegistry(523): sendDualSignalStrength: SignalStrength: 99 -1 -77 -70 -75 -55 2 -1 -1 -1 2147483647 -1 cdma 01
01-19 16:10:45.700: D/StatusBar.NetworkController(25655): StatusBarPolicy, onDualSignalStrengthsChanged SignalStrength: 99 -1 -77 -70 -75 -55 2 -1 -1 -1 2147483647 -1 cdma 0 phoneId 1
01-19 16:10:45.700: D/StatusBar.NetworkControllerCG(25655): getStatusBarPhoneId phoneId = 1 statusbarPhoneId = 1
01-19 16:10:45.700: D/StatusBar.NetworkControllerCG(25655): CardIsReady phoneId = 1 cardState = READY
01-19 16:10:45.700: D/StatusBar.NetworkController(25655): isEvdo phoneId = 1
01-19 16:10:45.700: D/StatusBar.NetworkController(25655): isEvdo phoneId = 1 true
01-19 16:10:45.710: D/TelephonyRegistry(523): sendDualSignalStrength SimCard state:UNKNOWN
01-19 16:10:45.710: W/SignalStrength(25655): getCdmaLevel=5
01-19 16:10:45.710: W/SignalStrength(523): getCdmaLevel=5
01-19 16:10:45.710: W/SignalStrength(25655): getEvdoLevel=5
01-19 16:10:45.710: W/SignalStrength(523): getEvdoLevel=5
01-19 16:10:45.710: W/SignalStrength(523): getLevel=5
01-19 16:10:45.710: E/hwcomposer(153): hwc_eventControl:141  start MSMFB_OVERLAY_VSYNC_CTRL  
01-19 16:10:45.710: E/SurfaceFlinger(153): eventControl(0, 0) failed No such file or directory
01-19 16:10:45.710: D/StatusBar.NetworkController(25655): updateTelephonySignalStrength isEvdo = true cdmaLvl = 5 evdoLvl = 5
01-19 16:10:45.710: D/StatusBar.NetworkController(25655): updateTelephonySignalStrength phoneid = 1 stateValue = 0 iconLvl = 35
01-19 16:10:45.710: D/StatusBar.NetworkControllerCG(25655): calculatePhoneSignalIcon phoneId = 1 iconLvl = 35
01-19 16:10:45.710: D/StatusBar.NetworkControllerCG(25655): calculatePhoneSignalIcon isCdma = true
01-19 16:10:45.710: D/StatusBar.NetworkController(25655): refreshYulongCluster: signal: 1 => com.android.systemui:drawable/stat_sys_signal_35_cdma 2 => com.android.systemui:drawable/stat_sys_signal_null mLastPhoneSignalIconId = 2130837789 mPhoneSignalIconId = 2130837789 mLastPhoneSignalOhterIconId = 2130837847 mPhoneSignalOtherIconId = 2130837847 mLastMainCard = -1 mCurMainCard = -1 mLastRoamingIconId 0 mCurRoamingIconId 0 mLastRoamingOtherIconId 0 mCurRoamingOtherIconId0 mDataIconVisible = false mDataTypeIconId = 0
01-19 16:10:45.710: D/StatusBar.NetworkControllerSC(25655): refreshYulongCluster mSignalLastUsingPhoneId = 1 mSignalUsingPhoneId = 1
01-19 16:10:45.720: E/hwcomposer(153): hwc_eventControl:141  start MSMFB_OVERLAY_VSYNC_CTRL  
01-19 16:10:45.730: E/SurfaceFlinger(153): eventControl(0, 0) failed No such file or directory
01-19 16:10:45.750: E/hwcomposer(153): hwc_eventControl:141  start MSMFB_OVERLAY_VSYNC_CTRL  
01-19 16:10:45.750: E/SurfaceFlinger(153): eventControl(0, 1) failed No such file or directory
01-19 16:10:45.780: E/hwcomposer(153): hwc_eventControl:141  start MSMFB_OVERLAY_VSYNC_CTRL  
01-19 16:10:45.780: E/SurfaceFlinger(153): eventControl(0, 0) failed No such file or directory
01-19 16:10:45.780: D/StatusBar.BatteryController(25655): updateIcons mIsDouBattery = false mIsCharging = true mCurBatteryLevel = 27 mCurUsingIconLevel = 28
01-19 16:10:45.790: E/hwcomposer(153): hwc_eventControl:141  start MSMFB_OVERLAY_VSYNC_CTRL  
01-19 16:10:45.790: E/SurfaceFlinger(153): eventControl(0, 1) failed No such file or directory
01-19 16:10:45.790: D/StatusBar.BatteryController(25655): handleMessage mCurLevel = 2 mBattery = 1
01-19 16:10:45.800: E/hwcomposer(153): hwc_eventControl:141  start MSMFB_OVERLAY_VSYNC_CTRL  
01-19 16:10:45.810: E/SurfaceFlinger(153): eventControl(0, 1) failed No such file or directory
01-19 16:10:45.810: E/hwcomposer(153): hwc_eventControl:141  start MSMFB_OVERLAY_VSYNC_CTRL  
01-19 16:10:45.810: E/SurfaceFlinger(153): eventControl(0, 1) failed No such file or directory
01-19 16:10:45.820: E/hwcomposer(153): hwc_prepare:84  start  
01-19 16:10:45.820: E/hwcomposer(153): hwc_prepare:120  stop  
01-19 16:10:45.830: E/hwcomposer(153): hwc_set:207  start  
01-19 16:10:45.830: E/hwcomposer(153): hwc_set:215  start eglSwapBuffers  
01-19 16:10:45.830: E/gralloc(153): fb_post:129  start  FBIOPUT_VSCREENINFO  
01-19 16:10:45.830: E/gralloc(153): fb_post:136  end  FBIOPUT_VSCREENINFO  
01-19 16:10:45.830: E/hwcomposer(153): hwc_eventControl:141  start MSMFB_OVERLAY_VSYNC_CTRL  
01-19 16:10:45.830: E/SurfaceFlinger(153): eventControl(0, 0) failed No such file or directory
01-19 16:10:45.830: E/hwcomposer(153): hwc_set:217  end eglSwapBuffers 
01-19 16:10:45.830: E/hwcomposer(153): hwc_set:233  end 
01-19 16:10:45.850: E/hwcomposer(153): hwc_eventControl:141  start MSMFB_OVERLAY_VSYNC_CTRL  
01-19 16:10:45.850: E/SurfaceFlinger(153): eventControl(0, 0) failed No such file or directory
01-19 16:10:45.860: E/hwcomposer(153): hwc_eventControl:141  start MSMFB_OVERLAY_VSYNC_CTRL  
01-19 16:10:45.860: E/SurfaceFlinger(153): eventControl(0, 1) failed No such file or directory
01-19 16:10:45.890: E/hwcomposer(153): hwc_eventControl:141  start MSMFB_OVERLAY_VSYNC_CTRL  
01-19 16:10:45.890: E/SurfaceFlinger(153): eventControl(0, 0) failed No such file or directory
01-19 16:10:45.900: E/hwcomposer(153): hwc_eventControl:141  start MSMFB_OVERLAY_VSYNC_CTRL  
01-19 16:10:45.900: E/SurfaceFlinger(153): eventControl(0, 0) failed No such file or directory
01-19 16:10:45.910: E/hwcomposer(153): hwc_eventControl:141  start MSMFB_OVERLAY_VSYNC_CTRL  
01-19 16:10:45.910: E/SurfaceFlinger(153): eventControl(0, 1) failed No such file or directory
01-19 16:10:45.940: E/hwcomposer(153): hwc_eventControl:141  start MSMFB_OVERLAY_VSYNC_CTRL  
01-19 16:10:45.940: E/SurfaceFlinger(153): eventControl(0, 0) failed No such file or directory
01-19 16:10:45.960: E/hwcomposer(153): hwc_eventControl:141  start MSMFB_OVERLAY_VSYNC_CTRL  
01-19 16:10:45.960: E/SurfaceFlinger(153): eventControl(0, 0) failed No such file or directory
01-19 16:10:45.970: E/hwcomposer(153): hwc_eventControl:141  start MSMFB_OVERLAY_VSYNC_CTRL  
01-19 16:10:45.970: E/SurfaceFlinger(153): eventControl(0, 1) failed No such file or directory
01-19 16:10:45.990: E/hwcomposer(153): hwc_eventControl:141  start MSMFB_OVERLAY_VSYNC_CTRL  
01-19 16:10:45.990: E/SurfaceFlinger(153): eventControl(0, 0) failed No such file or directory
01-19 16:10:46.010: E/hwcomposer(153): hwc_eventControl:141  start MSMFB_OVERLAY_VSYNC_CTRL  
01-19 16:10:46.010: E/SurfaceFlinger(153): eventControl(0, 0) failed No such file or directory
01-19 16:10:46.020: E/hwcomposer(153): hwc_eventControl:141  start MSMFB_OVERLAY_VSYNC_CTRL  
01-19 16:10:46.020: E/SurfaceFlinger(153): eventControl(0, 1) failed No such file or directory
01-19 16:10:46.050: E/hwcomposer(153): hwc_eventControl:141  start MSMFB_OVERLAY_VSYNC_CTRL  
01-19 16:10:46.050: E/SurfaceFlinger(153): eventControl(0, 0) failed No such file or directory
01-19 16:10:46.060: E/hwcomposer(153): hwc_eventControl:141  start MSMFB_OVERLAY_VSYNC_CTRL  
01-19 16:10:46.060: E/SurfaceFlinger(153): eventControl(0, 0) failed No such file or directory
01-19 16:10:46.070: E/hwcomposer(153): hwc_eventControl:141  start MSMFB_OVERLAY_VSYNC_CTRL  
01-19 16:10:46.070: E/SurfaceFlinger(153): eventControl(0, 1) failed No such file or directory
01-19 16:10:46.100: E/hwcomposer(153): hwc_eventControl:141  start MSMFB_OVERLAY_VSYNC_CTRL  
01-19 16:10:46.100: E/SurfaceFlinger(153): eventControl(0, 0) failed No such file or directory
01-19 16:10:46.120: E/hwcomposer(153): hwc_eventControl:141  start MSMFB_OVERLAY_VSYNC_CTRL  
01-19 16:10:46.120: E/SurfaceFlinger(153): eventControl(0, 0) failed No such file or directory
01-19 16:10:46.120: E/ThermalDaemon(1002): Sensor 'MSM_THERM' -  40*C (40960)
01-19 16:10:46.120: E/hwcomposer(153): hwc_eventControl:141  start MSMFB_OVERLAY_VSYNC_CTRL  
01-19 16:10:46.130: E/SurfaceFlinger(153): eventControl(0, 1) failed No such file or directory
01-19 16:10:46.150: E/hwcomposer(153): hwc_eventControl:141  start MSMFB_OVERLAY_VSYNC_CTRL  
01-19 16:10:46.150: E/SurfaceFlinger(153): eventControl(0, 0) failed No such file or directory
01-19 16:10:46.170: E/hwcomposer(153): hwc_eventControl:141  start MSMFB_OVERLAY_VSYNC_CTRL  
01-19 16:10:46.170: E/SurfaceFlinger(153): eventControl(0, 0) failed No such file or directory
01-19 16:10:46.180: E/hwcomposer(153): hwc_eventControl:141  start MSMFB_OVERLAY_VSYNC_CTRL  
01-19 16:10:46.180: E/SurfaceFlinger(153): eventControl(0, 1) failed No such file or directory
01-19 16:10:46.210: E/hwcomposer(153): hwc_eventControl:141  start MSMFB_OVERLAY_VSYNC_CTRL  
01-19 16:10:46.210: E/SurfaceFlinger(153): eventControl(0, 0) failed No such file or directory
01-19 16:10:46.220: E/hwcomposer(153): hwc_eventControl:141  start MSMFB_OVERLAY_VSYNC_CTRL  
01-19 16:10:46.230: E/SurfaceFlinger(153): eventControl(0, 0) failed No such file or directory
01-19 16:10:46.230: E/hwcomposer(153): hwc_eventControl:141  start MSMFB_OVERLAY_VSYNC_CTRL  
01-19 16:10:46.230: E/SurfaceFlinger(153): eventControl(0, 1) failed No such file or directory
01-19 16:10:46.260: E/hwcomposer(153): hwc_eventControl:141  start MSMFB_OVERLAY_VSYNC_CTRL  
01-19 16:10:46.260: E/SurfaceFlinger(153): eventControl(0, 0) failed No such file or directory
01-19 16:10:46.280: E/hwcomposer(153): hwc_eventControl:141  start MSMFB_OVERLAY_VSYNC_CTRL  
01-19 16:10:46.280: E/SurfaceFlinger(153): eventControl(0, 0) failed No such file or directory
01-19 16:10:46.290: E/hwcomposer(153): hwc_eventControl:141  start MSMFB_OVERLAY_VSYNC_CTRL  
01-19 16:10:46.290: E/SurfaceFlinger(153): eventControl(0, 1) failed No such file or directory
01-19 16:10:46.290: D/ConnectivityService(523): getNetworkInfo_1: networkType = 1 uid = 10112 pid = 19671
01-19 16:10:46.290: D/ConnectivityService(523): getNetworkInfo_2: networkType = 1 uid = 10112
01-19 16:10:46.290: D/ConnectivityService(523): getNetworkInfo_2 = NetworkInfo: type: WIFI[], state: CONNECTED/CONNECTED, reason: (unspecified), extra: (none), roaming: false, failover: false, isAvailable: true
01-19 16:10:46.300: D/ConnectivityService(523): getNetworkInfo_1: networkType = 1 uid = 10112 pid = 19671
01-19 16:10:46.310: D/ConnectivityService(523): getNetworkInfo_2: networkType = 1 uid = 10112
01-19 16:10:46.310: E/hwcomposer(153): hwc_eventControl:141  start MSMFB_OVERLAY_VSYNC_CTRL  
01-19 16:10:46.310: E/SurfaceFlinger(153): eventControl(0, 0) failed No such file or directory
01-19 16:10:46.310: D/ConnectivityService(523): getNetworkInfo_2 = NetworkInfo: type: WIFI[], state: CONNECTED/CONNECTED, reason: (unspecified), extra: (none), roaming: false, failover: false, isAvailable: true
01-19 16:10:46.320: D/AutostartService(19671): set fg pkgname:com.comtop.mim
01-19 16:10:46.330: E/hwcomposer(153): hwc_eventControl:141  start MSMFB_OVERLAY_VSYNC_CTRL  
01-19 16:10:46.330: E/SurfaceFlinger(153): eventControl(0, 0) failed No such file or directory
01-19 16:10:46.340: E/hwcomposer(153): hwc_eventControl:141  start MSMFB_OVERLAY_VSYNC_CTRL  
01-19 16:10:46.340: E/SurfaceFlinger(153): eventControl(0, 1) failed No such file or directory
01-19 16:10:46.370: E/hwcomposer(153): hwc_eventControl:141  start MSMFB_OVERLAY_VSYNC_CTRL  
01-19 16:10:46.370: E/SurfaceFlinger(153): eventControl(0, 0) failed No such file or directory
01-19 16:10:46.380: E/hwcomposer(153): hwc_eventControl:141  start MSMFB_OVERLAY_VSYNC_CTRL  
01-19 16:10:46.380: E/SurfaceFlinger(153): eventControl(0, 0) failed No such file or directory
01-19 16:10:46.390: E/hwcomposer(153): hwc_eventControl:141  start MSMFB_OVERLAY_VSYNC_CTRL  
01-19 16:10:46.390: E/SurfaceFlinger(153): eventControl(0, 1) failed No such file or directory
01-19 16:10:46.420: E/hwcomposer(153): hwc_eventControl:141  start MSMFB_OVERLAY_VSYNC_CTRL  
01-19 16:10:46.420: E/SurfaceFlinger(153): eventControl(0, 0) failed No such file or directory
01-19 16:10:46.440: E/hwcomposer(153): hwc_eventControl:141  start MSMFB_OVERLAY_VSYNC_CTRL  
01-19 16:10:46.440: E/SurfaceFlinger(153): eventControl(0, 0) failed No such file or directory
01-19 16:10:46.440: E/hwcomposer(153): hwc_eventControl:141  start MSMFB_OVERLAY_VSYNC_CTRL  
01-19 16:10:46.450: E/SurfaceFlinger(153): eventControl(0, 1) failed No such file or directory
01-19 16:10:46.470: E/hwcomposer(153): hwc_eventControl:141  start MSMFB_OVERLAY_VSYNC_CTRL  
01-19 16:10:46.470: E/SurfaceFlinger(153): eventControl(0, 0) failed No such file or directory
01-19 16:10:46.490: E/hwcomposer(153): hwc_eventControl:141  start MSMFB_OVERLAY_VSYNC_CTRL  
01-19 16:10:46.490: E/SurfaceFlinger(153): eventControl(0, 0) failed No such file or directory
01-19 16:10:46.500: E/hwcomposer(153): hwc_eventControl:141  start MSMFB_OVERLAY_VSYNC_CTRL  
01-19 16:10:46.500: E/SurfaceFlinger(153): eventControl(0, 1) failed No such file or directory
01-19 16:10:46.530: E/hwcomposer(153): hwc_eventControl:141  start MSMFB_OVERLAY_VSYNC_CTRL  
01-19 16:10:46.530: E/SurfaceFlinger(153): eventControl(0, 0) failed No such file or directory
01-19 16:10:46.550: E/hwcomposer(153): hwc_eventControl:141  start MSMFB_OVERLAY_VSYNC_CTRL  
01-19 16:10:46.550: E/SurfaceFlinger(153): eventControl(0, 0) failed No such file or directory
01-19 16:10:46.550: E/hwcomposer(153): hwc_eventControl:141  start MSMFB_OVERLAY_VSYNC_CTRL  
01-19 16:10:46.550: E/SurfaceFlinger(153): eventControl(0, 1) failed No such file or directory
01-19 16:10:46.580: E/hwcomposer(153): hwc_eventControl:141  start MSMFB_OVERLAY_VSYNC_CTRL  
01-19 16:10:46.580: E/SurfaceFlinger(153): eventControl(0, 0) failed No such file or directory
01-19 16:10:46.600: E/hwcomposer(153): hwc_eventControl:141  start MSMFB_OVERLAY_VSYNC_CTRL  
01-19 16:10:46.600: E/SurfaceFlinger(153): eventControl(0, 0) failed No such file or directory
01-19 16:10:46.610: E/hwcomposer(153): hwc_eventControl:141  start MSMFB_OVERLAY_VSYNC_CTRL  
01-19 16:10:46.610: E/SurfaceFlinger(153): eventControl(0, 1) failed No such file or directory
01-19 16:10:46.630: E/hwcomposer(153): hwc_eventControl:141  start MSMFB_OVERLAY_VSYNC_CTRL  
01-19 16:10:46.640: E/SurfaceFlinger(153): eventControl(0, 0) failed No such file or directory
01-19 16:10:46.650: E/hwcomposer(153): hwc_eventControl:141  start MSMFB_OVERLAY_VSYNC_CTRL  
01-19 16:10:46.650: E/SurfaceFlinger(153): eventControl(0, 0) failed No such file or directory
01-19 16:10:46.660: E/hwcomposer(153): hwc_eventControl:141  start MSMFB_OVERLAY_VSYNC_CTRL  
01-19 16:10:46.660: E/SurfaceFlinger(153): eventControl(0, 1) failed No such file or directory
01-19 16:10:46.690: E/hwcomposer(153): hwc_eventControl:141  start MSMFB_OVERLAY_VSYNC_CTRL  
01-19 16:10:46.690: E/SurfaceFlinger(153): eventControl(0, 0) failed No such file or directory
01-19 16:10:46.700: I/WifiConnect(523): AsyncServiceHandler: msg = { what=151574 when=-3ms arg1=91 }
01-19 16:10:46.700: E/ThermalDaemon(1002): CPU[2] offline
01-19 16:10:46.710: E/hwcomposer(153): hwc_eventControl:141  start MSMFB_OVERLAY_VSYNC_CTRL  
01-19 16:10:46.710: E/SurfaceFlinger(153): eventControl(0, 0) failed No such file or directory
01-19 16:10:46.710: E/hwcomposer(153): hwc_eventControl:141  start MSMFB_OVERLAY_VSYNC_CTRL  
01-19 16:10:46.710: E/SurfaceFlinger(153): eventControl(0, 1) failed No such file or directory
01-19 16:10:46.740: E/hwcomposer(153): hwc_eventControl:141  start MSMFB_OVERLAY_VSYNC_CTRL  
01-19 16:10:46.740: E/SurfaceFlinger(153): eventControl(0, 0) failed No such file or directory
01-19 16:10:46.760: E/hwcomposer(153): hwc_eventControl:141  start MSMFB_OVERLAY_VSYNC_CTRL  
01-19 16:10:46.760: E/SurfaceFlinger(153): eventControl(0, 0) failed No such file or directory
01-19 16:10:46.770: V/xiaomi(19671): SMACK: Could not connect to:42.62.94.2
01-19 16:10:46.770: E/hwcomposer(153): hwc_eventControl:141  start MSMFB_OVERLAY_VSYNC_CTRL  
01-19 16:10:46.770: E/SurfaceFlinger(153): eventControl(0, 1) failed No such file or directory
01-19 16:10:46.770: D/ConnectivityService(523): getActiveNetworkInfo: mActiveDefaultNetwork = 1 pid = 19671
01-19 16:10:46.770: D/ConnectivityService(523): getNetworkInfo_2: networkType = 1 uid = 10112
01-19 16:10:46.780: V/xiaomi(19671): [Thread:1434] begin to connect to app01.nodes.gslb.mi-idc.com
01-19 16:10:46.780: D/ConnectivityService(523): getNetworkInfo_2 = NetworkInfo: type: WIFI[], state: CONNECTED/CONNECTED, reason: (unspecified), extra: (none), roaming: false, failover: false, isAvailable: true
01-19 16:10:46.790: D/StatusBar.BatteryController(25655): updateIcons mIsDouBattery = false mIsCharging = true mCurBatteryLevel = 27 mCurUsingIconLevel = 43
01-19 16:10:46.800: D/StatusBar.BatteryController(25655): handleMessage mCurLevel = 3 mBattery = 1
01-19 16:10:46.810: E/hwcomposer(153): hwc_eventControl:141  start MSMFB_OVERLAY_VSYNC_CTRL  
01-19 16:10:46.810: E/SurfaceFlinger(153): eventControl(0, 1) failed No such file or directory
01-19 16:10:46.810: E/hwcomposer(153): hwc_prepare:84  start  
01-19 16:10:46.820: E/hwcomposer(153): hwc_prepare:120  stop  
01-19 16:10:46.820: E/hwcomposer(153): hwc_eventControl:141  start MSMFB_OVERLAY_VSYNC_CTRL  
01-19 16:10:46.820: E/SurfaceFlinger(153): eventControl(0, 1) failed No such file or directory
01-19 16:10:46.830: E/hwcomposer(153): hwc_set:207  start  
01-19 16:10:46.830: E/hwcomposer(153): hwc_set:215  start eglSwapBuffers  
01-19 16:10:46.830: E/gralloc(153): fb_post:129  start  FBIOPUT_VSCREENINFO  
01-19 16:10:46.830: E/hwcomposer(153): hwc_set:217  end eglSwapBuffers 
01-19 16:10:46.830: E/hwcomposer(153): hwc_set:233  end 
01-19 16:10:46.830: E/gralloc(153): fb_post:136  end  FBIOPUT_VSCREENINFO  
01-19 16:10:46.850: E/hwcomposer(153): hwc_eventControl:141  start MSMFB_OVERLAY_VSYNC_CTRL  
01-19 16:10:46.850: E/SurfaceFlinger(153): eventControl(0, 0) failed No such file or directory
01-19 16:10:46.870: E/hwcomposer(153): hwc_eventControl:141  start MSMFB_OVERLAY_VSYNC_CTRL  
01-19 16:10:46.870: E/SurfaceFlinger(153): eventControl(0, 0) failed No such file or directory
01-19 16:10:46.880: E/hwcomposer(153): hwc_eventControl:141  start MSMFB_OVERLAY_VSYNC_CTRL  
01-19 16:10:46.880: E/SurfaceFlinger(153): eventControl(0, 1) failed No such file or directory
01-19 16:10:46.900: E/hwcomposer(153): hwc_eventControl:141  start MSMFB_OVERLAY_VSYNC_CTRL  
01-19 16:10:46.900: E/SurfaceFlinger(153): eventControl(0, 0) failed No such file or directory
01-19 16:10:46.920: E/hwcomposer(153): hwc_eventControl:141  start MSMFB_OVERLAY_VSYNC_CTRL  
01-19 16:10:46.920: E/SurfaceFlinger(153): eventControl(0, 0) failed No such file or directory
01-19 16:10:46.930: E/hwcomposer(153): hwc_eventControl:141  start MSMFB_OVERLAY_VSYNC_CTRL  
01-19 16:10:46.930: E/SurfaceFlinger(153): eventControl(0, 1) failed No such file or directory
01-19 16:10:46.960: E/hwcomposer(153): hwc_eventControl:141  start MSMFB_OVERLAY_VSYNC_CTRL  
01-19 16:10:46.960: E/SurfaceFlinger(153): eventControl(0, 0) failed No such file or directory
01-19 16:10:46.970: E/hwcomposer(153): hwc_eventControl:141  start MSMFB_OVERLAY_VSYNC_CTRL  
01-19 16:10:46.970: E/SurfaceFlinger(153): eventControl(0, 0) failed No such file or directory
01-19 16:10:46.980: E/hwcomposer(153): hwc_eventControl:141  start MSMFB_OVERLAY_VSYNC_CTRL  
01-19 16:10:46.980: E/SurfaceFlinger(153): eventControl(0, 1) failed No such file or directory
01-19 16:10:47.010: E/hwcomposer(153): hwc_eventControl:141  start MSMFB_OVERLAY_VSYNC_CTRL  
01-19 16:10:47.010: E/SurfaceFlinger(153): eventControl(0, 0) failed No such file or directory
01-19 16:10:47.030: E/hwcomposer(153): hwc_eventControl:141  start MSMFB_OVERLAY_VSYNC_CTRL  
01-19 16:10:47.040: E/SurfaceFlinger(153): eventControl(0, 1) failed No such file or directory
01-19 16:10:47.060: E/hwcomposer(153): hwc_eventControl:141  start MSMFB_OVERLAY_VSYNC_CTRL  
01-19 16:10:47.060: E/SurfaceFlinger(153): eventControl(0, 0) failed No such file or directory
01-19 16:10:47.080: E/hwcomposer(153): hwc_eventControl:141  start MSMFB_OVERLAY_VSYNC_CTRL  
01-19 16:10:47.080: E/SurfaceFlinger(153): eventControl(0, 0) failed No such file or directory
01-19 16:10:47.090: E/hwcomposer(153): hwc_eventControl:141  start MSMFB_OVERLAY_VSYNC_CTRL  
01-19 16:10:47.090: E/SurfaceFlinger(153): eventControl(0, 1) failed No such file or directory
01-19 16:10:47.120: E/hwcomposer(153): hwc_eventControl:141  start MSMFB_OVERLAY_VSYNC_CTRL  
01-19 16:10:47.120: E/SurfaceFlinger(153): eventControl(0, 0) failed No such file or directory
01-19 16:10:47.130: E/hwcomposer(153): hwc_eventControl:141  start MSMFB_OVERLAY_VSYNC_CTRL  
01-19 16:10:47.130: E/SurfaceFlinger(153): eventControl(0, 0) failed No such file or directory
01-19 16:10:47.140: E/hwcomposer(153): hwc_eventControl:141  start MSMFB_OVERLAY_VSYNC_CTRL  
01-19 16:10:47.140: E/SurfaceFlinger(153): eventControl(0, 1) failed No such file or directory
01-19 16:10:47.170: E/hwcomposer(153): hwc_eventControl:141  start MSMFB_OVERLAY_VSYNC_CTRL  
01-19 16:10:47.170: E/SurfaceFlinger(153): eventControl(0, 0) failed No such file or directory
01-19 16:10:47.190: E/hwcomposer(153): hwc_eventControl:141  start MSMFB_OVERLAY_VSYNC_CTRL  
01-19 16:10:47.190: E/SurfaceFlinger(153): eventControl(0, 0) failed No such file or directory
01-19 16:10:47.200: E/hwcomposer(153): hwc_eventControl:141  start MSMFB_OVERLAY_VSYNC_CTRL  
01-19 16:10:47.200: E/SurfaceFlinger(153): eventControl(0, 1) failed No such file or directory
01-19 16:10:47.220: E/hwcomposer(153): hwc_eventControl:141  start MSMFB_OVERLAY_VSYNC_CTRL  
01-19 16:10:47.220: E/SurfaceFlinger(153): eventControl(0, 0) failed No such file or directory
01-19 16:10:47.240: E/hwcomposer(153): hwc_eventControl:141  start MSMFB_OVERLAY_VSYNC_CTRL  
01-19 16:10:47.240: E/SurfaceFlinger(153): eventControl(0, 0) failed No such file or directory
01-19 16:10:47.250: E/hwcomposer(153): hwc_eventControl:141  start MSMFB_OVERLAY_VSYNC_CTRL  
01-19 16:10:47.250: E/SurfaceFlinger(153): eventControl(0, 1) failed No such file or directory
01-19 16:10:47.280: E/hwcomposer(153): hwc_eventControl:141  start MSMFB_OVERLAY_VSYNC_CTRL  
01-19 16:10:47.280: E/SurfaceFlinger(153): eventControl(0, 0) failed No such file or directory
01-19 16:10:47.290: E/hwcomposer(153): hwc_eventControl:141  start MSMFB_OVERLAY_VSYNC_CTRL  
01-19 16:10:47.290: E/SurfaceFlinger(153): eventControl(0, 0) failed No such file or directory
01-19 16:10:47.300: E/hwcomposer(153): hwc_eventControl:141  start MSMFB_OVERLAY_VSYNC_CTRL  
01-19 16:10:47.300: E/SurfaceFlinger(153): eventControl(0, 1) failed No such file or directory
01-19 16:10:47.330: E/hwcomposer(153): hwc_eventControl:141  start MSMFB_OVERLAY_VSYNC_CTRL  
01-19 16:10:47.330: E/SurfaceFlinger(153): eventControl(0, 0) failed No such file or directory
01-19 16:10:47.340: D/ConnectivityService(523): getNetworkInfo_1: networkType = 1 uid = 10112 pid = 19671
01-19 16:10:47.340: D/ConnectivityService(523): getNetworkInfo_2: networkType = 1 uid = 10112
01-19 16:10:47.340: D/ConnectivityService(523): getNetworkInfo_2 = NetworkInfo: type: WIFI[], state: CONNECTED/CONNECTED, reason: (unspecified), extra: (none), roaming: false, failover: false, isAvailable: true
01-19 16:10:47.350: E/hwcomposer(153): hwc_eventControl:141  start MSMFB_OVERLAY_VSYNC_CTRL  
01-19 16:10:47.350: E/SurfaceFlinger(153): eventControl(0, 0) failed No such file or directory
01-19 16:10:47.350: D/ConnectivityService(523): getNetworkInfo_1: networkType = 1 uid = 10112 pid = 19671
01-19 16:10:47.350: D/ConnectivityService(523): getNetworkInfo_2: networkType = 1 uid = 10112
01-19 16:10:47.350: D/ConnectivityService(523): getNetworkInfo_2 = NetworkInfo: type: WIFI[], state: CONNECTED/CONNECTED, reason: (unspecified), extra: (none), roaming: false, failover: false, isAvailable: true
01-19 16:10:47.360: E/hwcomposer(153): hwc_eventControl:141  start MSMFB_OVERLAY_VSYNC_CTRL  
01-19 16:10:47.360: E/SurfaceFlinger(153): eventControl(0, 1) failed No such file or directory
01-19 16:10:47.370: D/AutostartService(19671): set fg pkgname:com.comtop.mim
01-19 16:10:47.380: E/hwcomposer(153): hwc_eventControl:141  start MSMFB_OVERLAY_VSYNC_CTRL  
01-19 16:10:47.380: E/SurfaceFlinger(153): eventControl(0, 0) failed No such file or directory
01-19 16:10:47.400: E/hwcomposer(153): hwc_eventControl:141  start MSMFB_OVERLAY_VSYNC_CTRL  
01-19 16:10:47.400: E/SurfaceFlinger(153): eventControl(0, 0) failed No such file or directory
01-19 16:10:47.410: E/hwcomposer(153): hwc_eventControl:141  start MSMFB_OVERLAY_VSYNC_CTRL  
01-19 16:10:47.410: E/SurfaceFlinger(153): eventControl(0, 1) failed No such file or directory
01-19 16:10:47.440: E/hwcomposer(153): hwc_eventControl:141  start MSMFB_OVERLAY_VSYNC_CTRL  
01-19 16:10:47.440: E/SurfaceFlinger(153): eventControl(0, 0) failed No such file or directory
01-19 16:10:47.450: E/hwcomposer(153): hwc_eventControl:141  start MSMFB_OVERLAY_VSYNC_CTRL  
01-19 16:10:47.460: E/SurfaceFlinger(153): eventControl(0, 0) failed No such file or directory
01-19 16:10:47.460: E/hwcomposer(153): hwc_eventControl:141  start MSMFB_OVERLAY_VSYNC_CTRL  
01-19 16:10:47.460: E/SurfaceFlinger(153): eventControl(0, 1) failed No such file or directory
01-19 16:10:47.490: E/hwcomposer(153): hwc_eventControl:141  start MSMFB_OVERLAY_VSYNC_CTRL  
01-19 16:10:47.490: E/SurfaceFlinger(153): eventControl(0, 0) failed No such file or directory
01-19 16:10:47.510: E/hwcomposer(153): hwc_eventControl:141  start MSMFB_OVERLAY_VSYNC_CTRL  
01-19 16:10:47.510: E/SurfaceFlinger(153): eventControl(0, 0) failed No such file or directory
01-19 16:10:47.510: E/hwcomposer(153): hwc_eventControl:141  start MSMFB_OVERLAY_VSYNC_CTRL  
01-19 16:10:47.520: E/SurfaceFlinger(153): eventControl(0, 1) failed No such file or directory
01-19 16:10:47.540: E/hwcomposer(153): hwc_eventControl:141  start MSMFB_OVERLAY_VSYNC_CTRL  
01-19 16:10:47.540: E/SurfaceFlinger(153): eventControl(0, 0) failed No such file or directory
01-19 16:10:47.560: E/hwcomposer(153): hwc_eventControl:141  start MSMFB_OVERLAY_VSYNC_CTRL  
01-19 16:10:47.560: E/SurfaceFlinger(153): eventControl(0, 0) failed No such file or directory
01-19 16:10:47.570: E/hwcomposer(153): hwc_eventControl:141  start MSMFB_OVERLAY_VSYNC_CTRL  
01-19 16:10:47.570: E/SurfaceFlinger(153): eventControl(0, 1) failed No such file or directory
01-19 16:10:47.600: E/hwcomposer(153): hwc_eventControl:141  start MSMFB_OVERLAY_VSYNC_CTRL  
01-19 16:10:47.600: E/SurfaceFlinger(153): eventControl(0, 0) failed No such file or directory
01-19 16:10:47.620: E/hwcomposer(153): hwc_eventControl:141  start MSMFB_OVERLAY_VSYNC_CTRL  
01-19 16:10:47.620: E/SurfaceFlinger(153): eventControl(0, 0) failed No such file or directory
01-19 16:10:47.620: E/hwcomposer(153): hwc_eventControl:141  start MSMFB_OVERLAY_VSYNC_CTRL  
01-19 16:10:47.620: E/SurfaceFlinger(153): eventControl(0, 1) failed No such file or directory
01-19 16:10:47.650: E/hwcomposer(153): hwc_eventControl:141  start MSMFB_OVERLAY_VSYNC_CTRL  
01-19 16:10:47.650: E/SurfaceFlinger(153): eventControl(0, 0) failed No such file or directory
01-19 16:10:47.670: E/hwcomposer(153): hwc_eventControl:141  start MSMFB_OVERLAY_VSYNC_CTRL  
01-19 16:10:47.670: E/SurfaceFlinger(153): eventControl(0, 0) failed No such file or directory
01-19 16:10:47.680: E/hwcomposer(153): hwc_eventControl:141  start MSMFB_OVERLAY_VSYNC_CTRL  
01-19 16:10:47.680: E/SurfaceFlinger(153): eventControl(0, 1) failed No such file or directory
01-19 16:10:47.700: E/hwcomposer(153): hwc_eventControl:141  start MSMFB_OVERLAY_VSYNC_CTRL  
01-19 16:10:47.710: E/SurfaceFlinger(153): eventControl(0, 0) failed No such file or directory
01-19 16:10:47.710: I/WifiConnect(523): AsyncServiceHandler: msg = { what=151574 when=-1ms arg1=91 }
01-19 16:10:47.720: E/hwcomposer(153): hwc_eventControl:141  start MSMFB_OVERLAY_VSYNC_CTRL  
01-19 16:10:47.720: E/SurfaceFlinger(153): eventControl(0, 0) failed No such file or directory
01-19 16:10:47.730: E/hwcomposer(153): hwc_eventControl:141  start MSMFB_OVERLAY_VSYNC_CTRL  
01-19 16:10:47.730: E/SurfaceFlinger(153): eventControl(0, 1) failed No such file or directory
01-19 16:10:47.750: E/ThermalDaemon(1002): CPU[1] offline
01-19 16:10:47.760: E/hwcomposer(153): hwc_eventControl:141  start MSMFB_OVERLAY_VSYNC_CTRL  
01-19 16:10:47.760: E/SurfaceFlinger(153): eventControl(0, 0) failed No such file or directory
01-19 16:10:47.780: E/hwcomposer(153): hwc_eventControl:141  start MSMFB_OVERLAY_VSYNC_CTRL  
01-19 16:10:47.780: E/SurfaceFlinger(153): eventControl(0, 0) failed No such file or directory
01-19 16:10:47.790: E/hwcomposer(153): hwc_eventControl:141  start MSMFB_OVERLAY_VSYNC_CTRL  
01-19 16:10:47.790: E/SurfaceFlinger(153): eventControl(0, 1) failed No such file or directory
01-19 16:10:47.800: E/hwcomposer(153): hwc_eventControl:141  start MSMFB_OVERLAY_VSYNC_CTRL  
01-19 16:10:47.800: E/SurfaceFlinger(153): eventControl(0, 1) failed No such file or directory
01-19 16:10:47.800: D/StatusBar.BatteryController(25655): updateIcons mIsDouBattery = false mIsCharging = true mCurBatteryLevel = 27 mCurUsingIconLevel = 58
01-19 16:10:47.810: D/StatusBar.BatteryController(25655): handleMessage mCurLevel = 4 mBattery = 1
01-19 16:10:47.820: E/hwcomposer(153): hwc_eventControl:141  start MSMFB_OVERLAY_VSYNC_CTRL  
01-19 16:10:47.820: E/SurfaceFlinger(153): eventControl(0, 1) failed No such file or directory
01-19 16:10:47.830: D/StateMachine(523): handleMessage: E msg.what=131155
01-19 16:10:47.830: E/hwcomposer(153): hwc_prepare:84  start  
01-19 16:10:47.830: E/hwcomposer(153): hwc_prepare:120  stop  
01-19 16:10:47.830: D/StateMachine(523): processMsg: ConnectedState
01-19 16:10:47.840: D/WifiStateMachine(523): ConnectedState{ what=131155 when=-5ms arg1=61 }
01-19 16:10:47.840: D/StateMachine(523): processMsg: L2ConnectedState
01-19 16:10:47.840: D/WifiStateMachine(523): L2ConnectedState{ what=131155 when=-7ms arg1=61 }
01-19 16:10:47.840: D/wpa_supplicant(779): wpa_s 0x40d205a0 cmd SIGNAL_POLL
01-19 16:10:47.840: D/wpa_supplicant(779): nl80211: survey data missing!
01-19 16:10:47.840: E/hwcomposer(153): hwc_set:207  start  
01-19 16:10:47.840: E/hwcomposer(153): hwc_set:215  start eglSwapBuffers  
01-19 16:10:47.840: E/hwcomposer(153): hwc_set:217  end eglSwapBuffers 
01-19 16:10:47.840: E/gralloc(153): fb_post:129  start  FBIOPUT_VSCREENINFO  
01-19 16:10:47.840: E/hwcomposer(153): hwc_set:233  end 
01-19 16:10:47.850: I/WifiStateMachine(523): newRssi is -66
01-19 16:10:47.850: E/hwcomposer(153): hwc_eventControl:141  start MSMFB_OVERLAY_VSYNC_CTRL  
01-19 16:10:47.850: E/gralloc(153): fb_post:136  end  FBIOPUT_VSCREENINFO  
01-19 16:10:47.850: E/SurfaceFlinger(153): eventControl(0, 0) failed No such file or directory
01-19 16:10:47.850: D/StateMachine(523): handleMessage: X
01-19 16:10:47.850: E/hwcomposer(153): hwc_eventControl:141  start MSMFB_OVERLAY_VSYNC_CTRL  
01-19 16:10:47.850: E/SurfaceFlinger(153): eventControl(0, 1) failed No such file or directory
01-19 16:10:47.850: W/ActivityManager(523): Activity destroy timeout for ActivityRecord{42ac8c28 com.comtop.mim/.ui.MainActivity}
01-19 16:10:47.880: E/hwcomposer(153): hwc_eventControl:141  start MSMFB_OVERLAY_VSYNC_CTRL  
01-19 16:10:47.880: E/SurfaceFlinger(153): eventControl(0, 0) failed No such file or directory
01-19 16:10:47.900: E/hwcomposer(153): hwc_eventControl:141  start MSMFB_OVERLAY_VSYNC_CTRL  
01-19 16:10:47.900: E/SurfaceFlinger(153): eventControl(0, 0) failed No such file or directory
01-19 16:10:47.910: E/hwcomposer(153): hwc_eventControl:141  start MSMFB_OVERLAY_VSYNC_CTRL  
01-19 16:10:47.910: E/SurfaceFlinger(153): eventControl(0, 1) failed No such file or directory
01-19 16:10:47.950: E/hwcomposer(153): hwc_eventControl:141  start MSMFB_OVERLAY_VSYNC_CTRL  
01-19 16:10:47.950: E/SurfaceFlinger(153): eventControl(0, 0) failed No such file or directory
01-19 16:10:47.970: E/hwcomposer(153): hwc_eventControl:141  start MSMFB_OVERLAY_VSYNC_CTRL  
01-19 16:10:47.970: E/SurfaceFlinger(153): eventControl(0, 0) failed No such file or directory
01-19 16:10:47.980: E/hwcomposer(153): hwc_eventControl:141  start MSMFB_OVERLAY_VSYNC_CTRL  
01-19 16:10:47.980: E/SurfaceFlinger(153): eventControl(0, 1) failed No such file or directory
01-19 16:10:48.010: E/hwcomposer(153): hwc_eventControl:141  start MSMFB_OVERLAY_VSYNC_CTRL  
01-19 16:10:48.010: E/SurfaceFlinger(153): eventControl(0, 0) failed No such file or directory
01-19 16:10:48.030: E/hwcomposer(153): hwc_eventControl:141  start MSMFB_OVERLAY_VSYNC_CTRL  
01-19 16:10:48.030: E/SurfaceFlinger(153): eventControl(0, 0) failed No such file or directory
01-19 16:10:48.040: E/hwcomposer(153): hwc_eventControl:141  start MSMFB_OVERLAY_VSYNC_CTRL  
01-19 16:10:48.040: E/SurfaceFlinger(153): eventControl(0, 1) failed No such file or directory
01-19 16:10:48.060: E/hwcomposer(153): hwc_eventControl:141  start MSMFB_OVERLAY_VSYNC_CTRL  
01-19 16:10:48.060: E/SurfaceFlinger(153): eventControl(0, 0) failed No such file or directory
01-19 16:10:48.080: E/hwcomposer(153): hwc_eventControl:141  start MSMFB_OVERLAY_VSYNC_CTRL  
01-19 16:10:48.080: E/SurfaceFlinger(153): eventControl(0, 0) failed No such file or directory
01-19 16:10:48.090: E/hwcomposer(153): hwc_eventControl:141  start MSMFB_OVERLAY_VSYNC_CTRL  
01-19 16:10:48.090: E/SurfaceFlinger(153): eventControl(0, 1) failed No such file or directory
01-19 16:10:48.110: E/hwcomposer(153): hwc_eventControl:141  start MSMFB_OVERLAY_VSYNC_CTRL  
01-19 16:10:48.120: E/SurfaceFlinger(153): eventControl(0, 0) failed No such file or directory
01-19 16:10:48.130: E/hwcomposer(153): hwc_eventControl:141  start MSMFB_OVERLAY_VSYNC_CTRL  
01-19 16:10:48.130: E/SurfaceFlinger(153): eventControl(0, 0) failed No such file or directory
01-19 16:10:48.140: E/hwcomposer(153): hwc_eventControl:141  start MSMFB_OVERLAY_VSYNC_CTRL  
01-19 16:10:48.150: E/SurfaceFlinger(153): eventControl(0, 1) failed No such file or directory
01-19 16:10:48.170: E/hwcomposer(153): hwc_eventControl:141  start MSMFB_OVERLAY_VSYNC_CTRL  
01-19 16:10:48.170: E/SurfaceFlinger(153): eventControl(0, 0) failed No such file or directory
01-19 16:10:48.190: E/hwcomposer(153): hwc_eventControl:141  start MSMFB_OVERLAY_VSYNC_CTRL  
01-19 16:10:48.190: E/SurfaceFlinger(153): eventControl(0, 0) failed No such file or directory
01-19 16:10:48.190: E/hwcomposer(153): hwc_eventControl:141  start MSMFB_OVERLAY_VSYNC_CTRL  
01-19 16:10:48.200: E/SurfaceFlinger(153): eventControl(0, 1) failed No such file or directory
01-19 16:10:48.220: E/hwcomposer(153): hwc_eventControl:141  start MSMFB_OVERLAY_VSYNC_CTRL  
01-19 16:10:48.220: E/SurfaceFlinger(153): eventControl(0, 0) failed No such file or directory
01-19 16:10:48.240: E/hwcomposer(153): hwc_eventControl:141  start MSMFB_OVERLAY_VSYNC_CTRL  
01-19 16:10:48.240: E/SurfaceFlinger(153): eventControl(0, 0) failed No such file or directory
01-19 16:10:48.250: E/hwcomposer(153): hwc_eventControl:141  start MSMFB_OVERLAY_VSYNC_CTRL  
01-19 16:10:48.250: E/SurfaceFlinger(153): eventControl(0, 1) failed No such file or directory
01-19 16:10:48.280: E/hwcomposer(153): hwc_eventControl:141  start MSMFB_OVERLAY_VSYNC_CTRL  
01-19 16:10:48.280: E/SurfaceFlinger(153): eventControl(0, 0) failed No such file or directory
01-19 16:10:48.290: E/hwcomposer(153): hwc_eventControl:141  start MSMFB_OVERLAY_VSYNC_CTRL  
01-19 16:10:48.290: E/SurfaceFlinger(153): eventControl(0, 0) failed No such file or directory
01-19 16:10:48.310: E/hwcomposer(153): hwc_eventControl:141  start MSMFB_OVERLAY_VSYNC_CTRL  
01-19 16:10:48.310: E/SurfaceFlinger(153): eventControl(0, 1) failed No such file or directory
01-19 16:10:48.330: E/hwcomposer(153): hwc_eventControl:141  start MSMFB_OVERLAY_VSYNC_CTRL  
01-19 16:10:48.330: E/SurfaceFlinger(153): eventControl(0, 0) failed No such file or directory
01-19 16:10:48.350: E/hwcomposer(153): hwc_eventControl:141  start MSMFB_OVERLAY_VSYNC_CTRL  
01-19 16:10:48.350: E/SurfaceFlinger(153): eventControl(0, 0) failed No such file or directory
01-19 16:10:48.350: E/hwcomposer(153): hwc_eventControl:141  start MSMFB_OVERLAY_VSYNC_CTRL  
01-19 16:10:48.360: E/SurfaceFlinger(153): eventControl(0, 1) failed No such file or directory
01-19 16:10:48.380: D/ConnectivityService(523): getNetworkInfo_1: networkType = 1 uid = 10112 pid = 19671
01-19 16:10:48.380: D/ConnectivityService(523): getNetworkInfo_2: networkType = 1 uid = 10112
01-19 16:10:48.380: E/hwcomposer(153): hwc_eventControl:141  start MSMFB_OVERLAY_VSYNC_CTRL  
01-19 16:10:48.380: E/SurfaceFlinger(153): eventControl(0, 0) failed No such file or directory
01-19 16:10:48.380: D/ConnectivityService(523): getNetworkInfo_2 = NetworkInfo: type: WIFI[], state: CONNECTED/CONNECTED, reason: (unspecified), extra: (none), roaming: false, failover: false, isAvailable: true
01-19 16:10:48.400: E/hwcomposer(153): hwc_eventControl:141  start MSMFB_OVERLAY_VSYNC_CTRL  
01-19 16:10:48.400: E/SurfaceFlinger(153): eventControl(0, 0) failed No such file or directory
01-19 16:10:48.400: D/ConnectivityService(523): getNetworkInfo_1: networkType = 1 uid = 10112 pid = 19671
01-19 16:10:48.400: D/ConnectivityService(523): getNetworkInfo_2: networkType = 1 uid = 10112
01-19 16:10:48.400: D/ConnectivityService(523): getNetworkInfo_2 = NetworkInfo: type: WIFI[], state: CONNECTED/CONNECTED, reason: (unspecified), extra: (none), roaming: false, failover: false, isAvailable: true
01-19 16:10:48.410: D/dalvikvm(523): WAIT_FOR_CONCURRENT_GC blocked 0ms
01-19 16:10:48.410: E/hwcomposer(153): hwc_eventControl:141  start MSMFB_OVERLAY_VSYNC_CTRL  
01-19 16:10:48.410: E/SurfaceFlinger(153): eventControl(0, 1) failed No such file or directory
01-19 16:10:48.440: E/hwcomposer(153): hwc_eventControl:141  start MSMFB_OVERLAY_VSYNC_CTRL  
01-19 16:10:48.440: E/SurfaceFlinger(153): eventControl(0, 0) failed No such file or directory
01-19 16:10:48.450: E/hwcomposer(153): hwc_eventControl:141  start MSMFB_OVERLAY_VSYNC_CTRL  
01-19 16:10:48.450: E/SurfaceFlinger(153): eventControl(0, 0) failed No such file or directory
01-19 16:10:48.460: E/hwcomposer(153): hwc_eventControl:141  start MSMFB_OVERLAY_VSYNC_CTRL  
01-19 16:10:48.460: E/SurfaceFlinger(153): eventControl(0, 1) failed No such file or directory
01-19 16:10:48.490: E/hwcomposer(153): hwc_eventControl:141  start MSMFB_OVERLAY_VSYNC_CTRL  
01-19 16:10:48.490: E/SurfaceFlinger(153): eventControl(0, 0) failed No such file or directory
01-19 16:10:48.510: E/hwcomposer(153): hwc_eventControl:141  start MSMFB_OVERLAY_VSYNC_CTRL  
01-19 16:10:48.510: E/SurfaceFlinger(153): eventControl(0, 0) failed No such file or directory
01-19 16:10:48.510: E/hwcomposer(153): hwc_eventControl:141  start MSMFB_OVERLAY_VSYNC_CTRL  
01-19 16:10:48.510: E/SurfaceFlinger(153): eventControl(0, 1) failed No such file or directory
01-19 16:10:48.540: E/hwcomposer(153): hwc_eventControl:141  start MSMFB_OVERLAY_VSYNC_CTRL  
01-19 16:10:48.540: E/SurfaceFlinger(153): eventControl(0, 0) failed No such file or directory
01-19 16:10:48.560: E/hwcomposer(153): hwc_eventControl:141  start MSMFB_OVERLAY_VSYNC_CTRL  
01-19 16:10:48.560: E/SurfaceFlinger(153): eventControl(0, 0) failed No such file or directory
01-19 16:10:48.570: E/hwcomposer(153): hwc_eventControl:141  start MSMFB_OVERLAY_VSYNC_CTRL  
01-19 16:10:48.570: E/SurfaceFlinger(153): eventControl(0, 1) failed No such file or directory
01-19 16:10:48.570: D/dalvikvm(523): GC_EXPLICIT freed 2058K, 23% free 24148K/31303K, paused 6ms+14ms, total 153ms
01-19 16:10:48.570: D/AutostartService(19671): set fg pkgname:com.yulong.android.launcher3
01-19 16:10:48.600: E/hwcomposer(153): hwc_eventControl:141  start MSMFB_OVERLAY_VSYNC_CTRL  
01-19 16:10:48.600: E/SurfaceFlinger(153): eventControl(0, 0) failed No such file or directory
01-19 16:10:48.610: E/hwcomposer(153): hwc_eventControl:141  start MSMFB_OVERLAY_VSYNC_CTRL  
01-19 16:10:48.610: E/SurfaceFlinger(153): eventControl(0, 0) failed No such file or directory
01-19 16:10:48.620: E/hwcomposer(153): hwc_eventControl:141  start MSMFB_OVERLAY_VSYNC_CTRL  
01-19 16:10:48.620: E/SurfaceFlinger(153): eventControl(0, 1) failed No such file or directory
01-19 16:10:48.650: E/hwcomposer(153): hwc_eventControl:141  start MSMFB_OVERLAY_VSYNC_CTRL  
01-19 16:10:48.650: E/SurfaceFlinger(153): eventControl(0, 0) failed No such file or directory
01-19 16:10:48.670: E/hwcomposer(153): hwc_eventControl:141  start MSMFB_OVERLAY_VSYNC_CTRL  
01-19 16:10:48.670: E/SurfaceFlinger(153): eventControl(0, 0) failed No such file or directory
01-19 16:10:48.680: E/hwcomposer(153): hwc_eventControl:141  start MSMFB_OVERLAY_VSYNC_CTRL  
01-19 16:10:48.680: E/SurfaceFlinger(153): eventControl(0, 1) failed No such file or directory
01-19 16:10:48.690: V/PowerManager(704): release/flags = 0 mToken = android.os.Binder@42571450 mTag = RILJ_1_C mWorkSource = null
01-19 16:10:48.690: V/PowerManager(704): release/mRefCounted = false mCount = 0
01-19 16:10:48.700: E/hwcomposer(153): hwc_eventControl:141  start MSMFB_OVERLAY_VSYNC_CTRL  
01-19 16:10:48.700: E/SurfaceFlinger(153): eventControl(0, 0) failed No such file or directory
01-19 16:10:48.700: I/PowerManagerService(523): releaseWakeLockLocked/wl.tag = RILJ_1_C wl.flags = 1 enduration = 3038 lock = android.os.BinderProxy@42d567b8
01-19 16:10:48.710: I/WifiConnect(523): AsyncServiceHandler: msg = { what=151574 when=-1ms arg1=91 }
01-19 16:10:48.720: E/hwcomposer(153): hwc_eventControl:141  start MSMFB_OVERLAY_VSYNC_CTRL  
01-19 16:10:48.720: E/SurfaceFlinger(153): eventControl(0, 0) failed No such file or directory
01-19 16:10:48.740: E/hwcomposer(153): hwc_eventControl:141  start MSMFB_OVERLAY_VSYNC_CTRL  
01-19 16:10:48.740: E/SurfaceFlinger(153): eventControl(0, 1) failed No such file or directory
01-19 16:10:48.770: E/hwcomposer(153): hwc_eventControl:141  start MSMFB_OVERLAY_VSYNC_CTRL  
01-19 16:10:48.780: E/SurfaceFlinger(153): eventControl(0, 0) failed No such file or directory
01-19 16:10:48.790: E/hwcomposer(153): hwc_eventControl:141  start MSMFB_OVERLAY_VSYNC_CTRL  
01-19 16:10:48.790: E/SurfaceFlinger(153): eventControl(0, 0) failed No such file or directory
01-19 16:10:48.800: E/hwcomposer(153): hwc_eventControl:141  start MSMFB_OVERLAY_VSYNC_CTRL  
01-19 16:10:48.800: E/SurfaceFlinger(153): eventControl(0, 1) failed No such file or directory
01-19 16:10:48.810: D/StatusBar.BatteryController(25655): updateIcons mIsDouBattery = false mIsCharging = true mCurBatteryLevel = 27 mCurUsingIconLevel = 73
01-19 16:10:48.810: D/StatusBar.BatteryController(25655): handleMessage mCurLevel = 5 mBattery = 1
01-19 16:10:48.830: E/hwcomposer(153): hwc_eventControl:141  start MSMFB_OVERLAY_VSYNC_CTRL  
01-19 16:10:48.830: E/SurfaceFlinger(153): eventControl(0, 0) failed No such file or directory
01-19 16:10:48.840: E/hwcomposer(153): hwc_eventControl:141  start MSMFB_OVERLAY_VSYNC_CTRL  
01-19 16:10:48.840: E/SurfaceFlinger(153): eventControl(0, 1) failed No such file or directory
01-19 16:10:48.850: E/hwcomposer(153): hwc_prepare:84  start  
01-19 16:10:48.850: E/hwcomposer(153): hwc_prepare:120  stop  
01-19 16:10:48.860: E/hwcomposer(153): hwc_set:207  start  
01-19 16:10:48.860: E/hwcomposer(153): hwc_set:215  start eglSwapBuffers  
01-19 16:10:48.860: E/gralloc(153): fb_post:129  start  FBIOPUT_VSCREENINFO  
01-19 16:10:48.860: E/hwcomposer(153): hwc_set:217  end eglSwapBuffers 
01-19 16:10:48.860: E/hwcomposer(153): hwc_set:233  end 
01-19 16:10:48.860: E/hwcomposer(153): hwc_eventControl:141  start MSMFB_OVERLAY_VSYNC_CTRL  
01-19 16:10:48.860: E/gralloc(153): fb_post:136  end  FBIOPUT_VSCREENINFO  
01-19 16:10:48.860: E/SurfaceFlinger(153): eventControl(0, 1) failed No such file or directory
01-19 16:10:48.880: E/hwcomposer(153): hwc_eventControl:141  start MSMFB_OVERLAY_VSYNC_CTRL  
01-19 16:10:48.880: E/SurfaceFlinger(153): eventControl(0, 0) failed No such file or directory
01-19 16:10:48.900: E/hwcomposer(153): hwc_eventControl:141  start MSMFB_OVERLAY_VSYNC_CTRL  
01-19 16:10:48.900: E/SurfaceFlinger(153): eventControl(0, 0) failed No such file or directory
01-19 16:10:48.910: E/hwcomposer(153): hwc_eventControl:141  start MSMFB_OVERLAY_VSYNC_CTRL  
01-19 16:10:48.910: E/SurfaceFlinger(153): eventControl(0, 1) failed No such file or directory
01-19 16:10:48.930: E/hwcomposer(153): hwc_eventControl:141  start MSMFB_OVERLAY_VSYNC_CTRL  
01-19 16:10:48.940: E/SurfaceFlinger(153): eventControl(0, 0) failed No such file or directory
01-19 16:10:48.950: E/hwcomposer(153): hwc_eventControl:141  start MSMFB_OVERLAY_VSYNC_CTRL  
01-19 16:10:48.950: E/SurfaceFlinger(153): eventControl(0, 0) failed No such file or directory
01-19 16:10:48.960: E/hwcomposer(153): hwc_eventControl:141  start MSMFB_OVERLAY_VSYNC_CTRL  
01-19 16:10:48.960: E/SurfaceFlinger(153): eventControl(0, 1) failed No such file or directory
01-19 16:10:48.990: E/hwcomposer(153): hwc_eventControl:141  start MSMFB_OVERLAY_VSYNC_CTRL  
01-19 16:10:48.990: E/SurfaceFlinger(153): eventControl(0, 0) failed No such file or directory
01-19 16:10:49.010: E/hwcomposer(153): hwc_eventControl:141  start MSMFB_OVERLAY_VSYNC_CTRL  
01-19 16:10:49.010: E/SurfaceFlinger(153): eventControl(0, 0) failed No such file or directory
01-19 16:10:49.020: E/hwcomposer(153): hwc_eventControl:141  start MSMFB_OVERLAY_VSYNC_CTRL  
01-19 16:10:49.020: E/SurfaceFlinger(153): eventControl(0, 1) failed No such file or directory
