01-16 16:26:52.290: E/may(27086): =======>sessionId is null, from method: user.login
01-16 16:26:52.294: D/AbsHttpRequestResolver(27086): http://msp.szcomtop.com:6888/msp-cas/router?
01-16 16:26:52.312: D/WifiStateMachine(1045): handleMessage: X
01-16 16:26:52.327: I/System.out(27086): ---->sign=D441396308C67D1DEAC38917720602E12106AE35
01-16 16:26:52.329: I/System.out(27086): ---->timestamp=1452932812268
01-16 16:26:52.346: I/System.out(27086): ---->v=1.0
01-16 16:26:52.362: I/System.out(27086): ---->phone=13800000005
01-16 16:26:52.367: I/System.out(27086): ---->nonce=1452932812268
01-16 16:26:52.370: I/System.out(27086): ---->sessionId=
01-16 16:26:52.373: I/System.out(27086): ---->locale=zh_CN
01-16 16:26:52.377: I/System.out(27086): ---->method=user.login
01-16 16:26:52.380: I/System.out(27086): ---->format=json
01-16 16:26:52.384: I/System.out(27086): ---->password=25f9e794323b453885f5181f1b624d0b
01-16 16:26:52.386: I/System.out(27086): ---->appKey=mim
01-16 16:26:52.390: D/may(27086): ---->&sign=D441396308C67D1DEAC38917720602E12106AE35&timestamp=1452932812268&v=1.0&phone=13800000005&nonce=1452932812268&sessionId=&locale=zh_CN&method=user.login&format=json&password=25f9e794323b453885f5181f1b624d0b&appKey=mim
01-16 16:26:52.467: D/=SOGOU_LOG=(1233): notifyPackageName--notify packageName-- packageName = com.comtop.mim
01-16 16:26:52.488: I/HttpRequestResolveImpl(27086): result parser is:com.comtop.mim.parser.AppDefaultJSONParser
01-16 16:26:52.490: D/HttpRequestResolveImpl(27086): result class is: com.comtop.mim.result.LoginResult
01-16 16:26:52.494: D/AppCommJSONParser(27086): ---->result: LoginResult, {"user":{"createDate":"2016-01-16 12:26:29","updateDate":"2016-01-16 15:32:00","userId":"00015248af3cd4e4","nick":"zhou","avatarId":"http://7xn4wo.com1.z0.glb.clouddn.com/user/avatar/00015248af3cd4e4?t=1452929520.909189","phone":"13800000005","gender":"2"},"sessionId":"25eea793-cf78-4182-9247-c11a2f3dce36","imToken":"7998c18481","timeStamp":1452932811455,"jsessionId":"fa8cdbec-1f11-44aa-81f2-8c26860dec8e","appKey":"00015248af3cdee5","appSecret":"31eb8820c43a41698cf4bd4ed788c63e"}
01-16 16:26:52.569: D/HttpRequestResolveImpl(27086): handle send message.
01-16 16:26:52.586: D/AsyncTaskLoader(27086): callback: com.comtop.cmf.framework.net.impl.AsyncTaskCallbackProxy@4227f6c0, onPost result: com.comtop.mim.result.LoginResult
01-16 16:26:52.588: D/may(27086): switch user: 00015248af3cd4e4
01-16 16:26:52.607: D/may(27086): database old name: null, new name: 00015248af3cd4e4
01-16 16:26:52.608: D/may(27086): database old name is empty.
01-16 16:26:52.705: D/may(27086): resolveLoginResult.
01-16 16:26:52.706: D/may(27086): switch user: 00015248af3cd4e4
01-16 16:26:52.711: D/may(27086): database old name: 00015248af3cd4e4, new name: 00015248af3cd4e4
01-16 16:26:52.732: I/SFPerfTracer(260):      triggers: (rate: 20:788) (compose: 0:73) (post: 0:43) (render: 6:408) (0:32596 frames) (1:126707)
01-16 16:26:52.733: D/SFPerfTracer(260):        layers: (5:14) (DimLayer: 0:205)* (DimLayer: 0:3)* (FocusedStackFrame: 0:1924)* (StatusBar: 0:8808) (NavigationBar: 0:9928) (com.android.systemui.ImageWallpaper: 0:538)* (DimLayer: 1:2602) (DimLayer: 0:336)* (com.comtop.mim/com.comtop.mim.ui.LoginActivity: 0:146) (Toast: 0:66)* (InputMethod: 1:41)* (PopupWindow:41fa4c00: 0:21)* (PopupWindow:420da0a0: 0:6)* (com.comtop.mim/com.comtop.mim.ui.LoginActivity: 1:17) 
01-16 16:26:52.776: I/YWAPI(27086): getIMKitInstance userid=00015248af3cd4e4 appkey=23232985
01-16 16:26:52.780: I/SdkInfo(27086): openIMKit gitCommit:1f2a775bf5b1eb2dda8911d21c6fc79fcd6a7ad9
01-16 16:26:52.785: I/SdkInfo(27086): openIMKit gitBranch:release-z-1.9.0
01-16 16:26:52.790: D/myg(27086): create YWUIAPI!
01-16 16:26:52.795: I/YWAPI(27086): createIMCore userId=00015248af3cd4e4 appkey=23232985
01-16 16:26:52.812: D/WifiStateMachine(1045): handleMessage: E msg.what=131155
01-16 16:26:52.884: D/WifiStateMachine(1045): processMsg: ConnectedState
01-16 16:26:52.887: D/WifiStateMachine(1045): processMsg: L2ConnectedState
01-16 16:26:52.900: I/YWAccount(27086): addConnectionListener 
01-16 16:26:52.901: D/im@im@login(27086): [Login-createWangXinAccount]mOpenWxAccount is equal null  ,start cretaeWxAccount mPrefix = idvj1r4l
01-16 16:26:52.902: D/WifiStateMachine(1045): handleMessage: X
01-16 16:26:52.904: I/YWConversationManagerImpl(27086): addPushListener
01-16 16:26:52.908: I/IMChannel.api(27086): createEgoAccount:idvj1r4l00015248af3cd4e4
01-16 16:26:52.913: I/YWAPI(27086): createIMCore userId=00015248af3cd4e4 appkey=23232985
01-16 16:26:52.925: I/im@im@login(27086): [Login-login]用户：00015248af3cd4e4 开始登录！
01-16 16:26:52.927: D/EgoAccount.api(27086): getAccount:idvj1r4l00015248af3cd4e4 appId:100817
01-16 16:26:52.934: D/EgoAccount.api(27086): setID, id=idvj1r4l00015248af3cd4e4 appid:100817
01-16 16:26:52.934: I/WxUtil(27086): current process name:com.comtop.mim---main process name:com.comtop.mim
01-16 16:26:52.938: I/YWAccount(27086): addConnectionListener 
01-16 16:26:52.948: D/WXContextDefault(27086): setId:idvj1r4l00015248af3cd4e4
01-16 16:26:52.954: D/EgoAccount.api(27086): getAccount:idvj1r4l00015248af3cd4e4 appId:100817
01-16 16:26:52.958: D/EgoAccount.api(27086): getAccount:idvj1r4l00015248af3cd4e4 appId:100817
01-16 16:26:52.963: D/xqtest(27086): account = idvj1r4l00015248af3cd4e4, accountAdvice = null
01-16 16:26:52.967: D/xqtest(27086): accountAdvice is null
01-16 16:26:52.971: D/EgoAccount.api(27086): getAccount:idvj1r4l00015248af3cd4e4 appId:100817
01-16 16:26:53.001: D/MessageDispatcher(27086): addLoginNotify com.alibaba.mobileim.lib.presenter.account.Account@42435e08
01-16 16:26:53.003: D/MessageDispatcher(27086): addMessageCallback com.alibaba.mobileim.lib.presenter.conversation.ConversationManager@423846e0
01-16 16:26:53.007: D/MessageDispatcher(27086): addLoginNotify com.alibaba.mobileim.lib.presenter.conversation.ConversationManager@423846e0
01-16 16:26:53.010: D/YWContactManagerImpl(27086): com.alibaba.mobileim.gingko.presenter.contact.YWContactManagerImpl@423b9668
01-16 16:26:53.015: D/DataBaseUtils(27086): doContentResolverQueryWrapper uri=content://com.comtop.mim.aliwxprovider/user
01-16 16:26:53.114: I/SFPerfTracer(260):       trigger: frame rate (-39.546%)	(36.272 fps)	(27.569 ms) 	(5 drops)	(10 frames)
01-16 16:26:53.115: I/SFPerfTracer(260):      triggers: (rate: 21:793) (compose: 0:73) (post: 0:43) (render: 6:409) (10:32606 frames) (11:126718)
01-16 16:26:53.115: D/SFPerfTracer(260):        layers: (5:10) (DimLayer: 0:205)* (DimLayer: 0:3)* (FocusedStackFrame: 0:1924)* (StatusBar: 0:8808) (NavigationBar: 0:9928) (com.android.systemui.ImageWallpaper: 0:538)* (DimLayer: 8:2610) (DimLayer: 0:336)* (com.comtop.mim/com.comtop.mim.ui.LoginActivity: 2:148) (com.comtop.mim/com.comtop.mim.ui.LoginActivity: 9:26) 
01-16 16:26:53.167: I/SBar.NetworkController(1115): updateTelephonySignalStrength:  No service
01-16 16:26:53.272: D/WifiStateMachine(1045): handleMessage: E msg.what=151572
01-16 16:26:53.273: D/WifiStateMachine(1045): processMsg: ConnectedState
01-16 16:26:53.273: D/WifiStateMachine(1045): processMsg: L2ConnectedState
01-16 16:26:53.289: D/WifiStateMachine(1045): handleMessage: X
01-16 16:26:53.393: I/SFPerfTracer(260):      triggers: (rate: 0:6) (31534 sw vsyncs) (0 skipped) (6:211000 vsyncs) (8:415345)
01-16 16:26:53.400: D/WXProvider(27086): oncreate
01-16 16:26:53.603: I/dalvikvm(27086): Could not find method android.database.Cursor.setExtras, referenced from method com.alibaba.mobileim.lib.model.provider.IMCursor.setExtras
01-16 16:26:53.605: W/dalvikvm(27086): VFY: unable to resolve interface method 648: Landroid/database/Cursor;.setExtras (Landroid/os/Bundle;)V
01-16 16:26:53.617: D/dalvikvm(27086): VFY: replacing opcode 0x72 at 0x0009
01-16 16:26:53.623: D/DataBaseUtils(27086): doContentResolverQueryWrapper uri=content://com.comtop.mim.aliwxprovider/wwTribe
01-16 16:26:53.632: D/EgoAccount.api(27086): getAccount:idvj1r4l00015248af3cd4e4 appId:100817
01-16 16:26:53.636: D/DataBaseUtils(27086): doContentResolverQueryWrapper uri=content://com.comtop.mim.aliwxprovider/message
01-16 16:26:53.644: D/DataBaseUtils(27086): doContentResolverQueryWrapper uri=content://com.comtop.mim.aliwxprovider/conversation
01-16 16:26:53.656: D/InternalConfig(27086): appid not WANGXIN, dont getWXConfig
01-16 16:26:53.963: I/YWAccount(27086): loginAccount
01-16 16:26:53.965: D/YWChannel(27086): YWChannel getSessionId mOpenAccountAdapter is null
01-16 16:26:53.965: D/im@im@login(27086): [Login-loginAccount]mSessionId is emplty get sessionId = 
01-16 16:26:53.965: D/im@im@login(27086): [Login-loginAccount]mSessionId still is emplty
01-16 16:26:53.965: D/YWAccount(27086): updateUserAccount called prefix=idvj1r4l
01-16 16:26:53.966: D/EgoAccount.api(27086): getAccount:idvj1r4l00015248af3cd4e4 appId:100817
01-16 16:26:53.981: D/EgoAccount.api(27086): getAccount:idvj1r4l00015248af3cd4e4 appId:100817
01-16 16:26:53.996: E/dalvikvm(27086): Could not find class 'com.ut.mini.UTHitBuilders$UTCustomHitBuilder', referenced from method com.alibaba.mobileim.channel.util.UTWrapper.commitCustomUTEvent
01-16 16:26:54.000: W/dalvikvm(27086): VFY: unable to resolve new-instance 7336 (Lcom/ut/mini/UTHitBuilders$UTCustomHitBuilder;) in Lcom/alibaba/mobileim/channel/util/UTWrapper;
01-16 16:26:54.012: D/dalvikvm(27086): VFY: replacing opcode 0x22 at 0x0007
01-16 16:26:54.012: I/dalvikvm(27086): Could not find method com.taobao.statistic.TBS$Ext.commitEvent, referenced from method com.alibaba.mobileim.channel.util.UTWrapper.commitCustomUTEvent
01-16 16:26:54.013: W/dalvikvm(27086): VFY: unable to resolve static method 49984: Lcom/taobao/statistic/TBS$Ext;.commitEvent (Ljava/lang/String;ILjava/lang/Object;Ljava/lang/Object;)V
01-16 16:26:54.013: D/dalvikvm(27086): VFY: replacing opcode 0x71 at 0x004d
01-16 16:26:54.013: I/dalvikvm(27086): Could not find method com.taobao.statistic.TBS$Ext.commitEvent, referenced from method com.alibaba.mobileim.channel.util.UTWrapper.commitUTEvent
01-16 16:26:54.013: W/dalvikvm(27086): VFY: unable to resolve static method 49984: Lcom/taobao/statistic/TBS$Ext;.commitEvent (Ljava/lang/String;ILjava/lang/Object;Ljava/lang/Object;)V
01-16 16:26:54.013: D/dalvikvm(27086): VFY: replacing opcode 0x71 at 0x0008
01-16 16:26:54.015: I/dalvikvm(27086): Could not find method com.ut.mini.UTPageHitHelper.getInstance, referenced from method com.alibaba.mobileim.channel.util.UTWrapper.commitUTEvent
01-16 16:26:54.015: W/dalvikvm(27086): VFY: unable to resolve static method 54171: Lcom/ut/mini/UTPageHitHelper;.getInstance ()Lcom/ut/mini/UTPageHitHelper;
01-16 16:26:54.017: D/dalvikvm(27086): VFY: replacing opcode 0x71 at 0x001c
01-16 16:26:54.024: I/dalvikvm(27086): Could not find method com.taobao.statistic.TBS$Ext.commitEvent, referenced from method com.alibaba.mobileim.channel.util.UTWrapper.commitUTEvent
01-16 16:26:54.024: W/dalvikvm(27086): VFY: unable to resolve static method 49983: Lcom/taobao/statistic/TBS$Ext;.commitEvent (ILjava/lang/Object;Ljava/lang/Object;Ljava/lang/Object;)V
01-16 16:26:54.040: D/dalvikvm(27086): VFY: replacing opcode 0x71 at 0x000c
01-16 16:26:54.042: I/dalvikvm(27086): Could not find method com.ut.mini.UTPageHitHelper.getInstance, referenced from method com.alibaba.mobileim.channel.util.UTWrapper.commitUTEvent
01-16 16:26:54.056: W/dalvikvm(27086): VFY: unable to resolve static method 54171: Lcom/ut/mini/UTPageHitHelper;.getInstance ()Lcom/ut/mini/UTPageHitHelper;
01-16 16:26:54.058: D/dalvikvm(27086): VFY: replacing opcode 0x71 at 0x0014
01-16 16:26:54.062: I/dalvikvm(27086): Could not find method com.taobao.statistic.TBS$Page.create, referenced from method com.alibaba.mobileim.channel.util.UTWrapper.createPage
01-16 16:26:54.062: W/dalvikvm(27086): VFY: unable to resolve static method 49987: Lcom/taobao/statistic/TBS$Page;.create (Ljava/lang/String;)V
01-16 16:26:54.065: D/dalvikvm(27086): VFY: replacing opcode 0x71 at 0x000f
01-16 16:26:54.067: I/dalvikvm(27086): Could not find method com.taobao.statistic.TBS$Page.destroy, referenced from method com.alibaba.mobileim.channel.util.UTWrapper.destroyPage
01-16 16:26:54.071: W/dalvikvm(27086): VFY: unable to resolve static method 49988: Lcom/taobao/statistic/TBS$Page;.destroy (Ljava/lang/String;)V
01-16 16:26:54.075: D/dalvikvm(27086): VFY: replacing opcode 0x71 at 0x001f
01-16 16:26:54.079: E/dalvikvm(27086): Could not find class 'com.ut.mini.internal.UTOriginalCustomHitBuilder', referenced from method com.alibaba.mobileim.channel.util.UTWrapper.doCommitEvent
01-16 16:26:54.083: W/dalvikvm(27086): VFY: unable to resolve new-instance 7342 (Lcom/ut/mini/internal/UTOriginalCustomHitBuilder;) in Lcom/alibaba/mobileim/channel/util/UTWrapper;
01-16 16:26:54.085: D/dalvikvm(27086): VFY: replacing opcode 0x22 at 0x0021
01-16 16:26:54.087: I/dalvikvm(27086): Could not find method com.taobao.statistic.TBS$Ext.commitEvent, referenced from method com.alibaba.mobileim.channel.util.UTWrapper.doCommitEvent
01-16 16:26:54.087: W/dalvikvm(27086): VFY: unable to resolve static method 49986: Lcom/taobao/statistic/TBS$Ext;.commitEvent (Ljava/lang/String;ILjava/lang/Object;Ljava/lang/Object;Ljava/lang/Object;[Ljava/lang/String;)V
01-16 16:26:54.087: D/dalvikvm(27086): VFY: replacing opcode 0x77 at 0x00fa
01-16 16:26:54.088: I/dalvikvm(27086): Could not find method com.ut.mini.UTPageHitHelper.getInstance, referenced from method com.alibaba.mobileim.channel.util.UTWrapper.enterPage
01-16 16:26:54.100: W/dalvikvm(27086): VFY: unable to resolve static method 54171: Lcom/ut/mini/UTPageHitHelper;.getInstance ()Lcom/ut/mini/UTPageHitHelper;
01-16 16:26:54.100: D/dalvikvm(27086): VFY: replacing opcode 0x71 at 0x0007
01-16 16:26:54.101: I/dalvikvm(27086): Could not find method com.taobao.statistic.TBS$Page.enter, referenced from method com.alibaba.mobileim.channel.util.UTWrapper.enterPage
01-16 16:26:54.101: W/dalvikvm(27086): VFY: unable to resolve static method 49989: Lcom/taobao/statistic/TBS$Page;.enter (Ljava/lang/String;)V
01-16 16:26:54.101: D/dalvikvm(27086): VFY: replacing opcode 0x71 at 0x001b
01-16 16:26:54.101: I/dalvikvm(27086): Could not find method com.taobao.statistic.TBS$Page.leave, referenced from method com.alibaba.mobileim.channel.util.UTWrapper.leavePage
01-16 16:26:54.101: W/dalvikvm(27086): VFY: unable to resolve static method 49990: Lcom/taobao/statistic/TBS$Page;.leave (Ljava/lang/String;)V
01-16 16:26:54.101: D/dalvikvm(27086): VFY: replacing opcode 0x71 at 0x000f
01-16 16:26:54.101: I/dalvikvm(27086): Could not find method com.ut.mini.UTPageHitHelper.getInstance, referenced from method com.alibaba.mobileim.channel.util.UTWrapper.leavePage
01-16 16:26:54.101: W/dalvikvm(27086): VFY: unable to resolve static method 54171: Lcom/ut/mini/UTPageHitHelper;.getInstance ()Lcom/ut/mini/UTPageHitHelper;
01-16 16:26:54.101: D/dalvikvm(27086): VFY: replacing opcode 0x71 at 0x0017
01-16 16:26:54.102: I/dalvikvm(27086): Could not find method com.ut.mini.UTAnalytics.getInstance, referenced from method com.alibaba.mobileim.channel.util.UTWrapper.updateUserInfo
01-16 16:26:54.102: W/dalvikvm(27086): VFY: unable to resolve static method 54159: Lcom/ut/mini/UTAnalytics;.getInstance ()Lcom/ut/mini/UTAnalytics;
01-16 16:26:54.102: D/dalvikvm(27086): VFY: replacing opcode 0x71 at 0x0033
01-16 16:26:54.102: D/dalvikvm(27086): DexOpt: unable to opt direct call 0xd396 at 0x09 in Lcom/alibaba/mobileim/channel/util/UTWrapper;.commitCustomUTEvent
01-16 16:26:54.102: D/dalvikvm(27086): DexOpt: unable to opt direct call 0xd3a1 at 0x2d in Lcom/alibaba/mobileim/channel/util/UTWrapper;.doCommitEvent
01-16 16:26:54.103: I/UTWrapper(27086): UTAnalytics not found e=com.ut.mini.UTAnalytics
01-16 16:26:54.103: I/UTWrapper(27086): TBS not found e=com.taobao.statistic.TBS
01-16 16:26:54.103: D/LoginParam(27086): setSsoParam:{"appkey":"23232985"}
01-16 16:26:54.104: D/YWContactManagerImpl(27086): com.alibaba.mobileim.gingko.presenter.contact.YWContactManagerImpl@423b9668
01-16 16:26:54.104: W/YWAccount(27086): contact null
01-16 16:26:54.104: D/im@im@login(27086): [Login-loginAccount]login contact is null!
01-16 16:26:54.104: D/im@im@login(27086): [Login-loginAccount]start login timeout=120000
01-16 16:26:54.104: D/Account(27086): mLoginState0 this:com.alibaba.mobileim.lib.presenter.account.Account@42435e08
01-16 16:26:54.105: D/im@im@login(27086): [Login-login]set uuId 840034c6e4a24ec0bf41bdc1c62fcca4
01-16 16:26:54.105: D/EgoAccount.api(27086): getAccount:idvj1r4l00015248af3cd4e4 appId:100817
01-16 16:26:54.111: I/Native(27086): InetIO_ngetLoginState
01-16 16:26:54.111: I/Native(27086): current user idvj1r4l00015248af3cd4e4
01-16 16:26:54.111: I/InetIO(27086): lAccount:idvj1r4l00015248af3cd4e4 ,mState:0 ,msg.what=1
01-16 16:26:54.111: I/Native(27086): InetIO_setOSInfo
01-16 16:26:54.111: I/Native(27086): InetIO_nInitAccount
01-16 16:26:54.116: I/SocketChannel.api(27086): nlogin start_login version=1.9.0_ANDROID_OPENIM
01-16 16:26:54.170: I/SBar.NetworkController(1115): updateTelephonySignalStrength:  No service
01-16 16:26:54.206: D/PersistManager(27086): get, list properties.
01-16 16:26:54.207: D/PersistManager(27086): key:op.mim":"{\"clientPriority\":14464800,\"disable\":false,\"regTime\":1450233171304,\"callCount\":1,\"appKey\":\"23015524\"}"} value:
01-16 16:26:54.209: D/PersistManager(27086): key:\":1,\"appKey\":\"23015524\"}"} value:
01-16 16:26:54.211: D/PersistManager(27086): key:ec value:18 23:40:39 GMT+08:00 2015
01-16 16:26:54.213: D/PersistManager(27086): key:23015524\"}"} value:
01-16 16:26:54.243: D/PersistManager(27086): key:XPUSH_SDK_INFO_V2 value:{"com.comtop.mim":"{\"clientPriority\":14464800,\"disable\":false,\"regTime\":1452515957757,\"callCount\":1,\"appKey\":\"23232985\"}"}
01-16 16:26:54.247: D/PersistManager(27086): key:push_device_id_key_v1 value:a0t6ix2taf44895d___tks79g5mstt9xb5l
01-16 16:26:54.251: D/PersistManager(27086): key:":1,\"appKey\":\"23015524\"}"} value:
01-16 16:26:54.252: D/PersistManager(27086): key:"appKey\":\"23015524\"}"} value:
01-16 16:26:54.259: D/PersistManager(27086): key:2015 value:
01-16 16:26:54.260: D/PersistManager(27086): key::"{\"clientPriority\":14464800,\"disable\":false,\"regTime\":1450233171304,\"callCount\":1,\"appKey\":\"23015524\"}"} value:
01-16 16:26:54.261: D/PersistManager(27086): key:304,\"callCount\":1,\"appKey\":\"23015524\"}"} value:
01-16 16:26:54.261: D/PersistManager(27086): key:xpushClient__xpush_push_maxmsgid value:32234630603777
01-16 16:26:54.261: D/PersistManager(27086): key:mtop.mim":"{\"clientPriority\":14464800,\"disable\":false,\"regTime\":1450233171304,\"callCount\":1,\"appKey\":\"23015524\"}"} value:
01-16 16:26:54.261: D/PersistManager(27086): key:14464800,\"disable\":false,\"regTime\":1450233171304,\"callCount\":1,\"appKey\":\"23015524\"}"} value:
01-16 16:26:54.261: D/PersistManager(27086): key:iority\":14464800,\"disable\":false,\"regTime\":1450233171304,\"callCount\":1,\"appKey\":\"23015524\"}"} value:
01-16 16:26:54.261: D/PersistManager(27086): key:push_heart_freq_key value:{"\"lenew\"":180,"\"wifi-comtop\"":358,"\"MM_AP\"":227,"\"jacpy\"":800,"\"wifi-confine\"":180,"\".lenew-T\"":180}
01-16 16:26:54.261: D/PersistManager(27086): key:push_tcms_client_id_key value:a0d0jhk6neij6wka
01-16 16:26:54.261: D/PersistManager(27086): key:\"23015524\"}"} value:
01-16 16:26:54.273: D/WifiStateMachine(1045): handleMessage: E msg.what=151572
01-16 16:26:54.273: D/WifiStateMachine(1045): processMsg: ConnectedState
01-16 16:26:54.273: D/WifiStateMachine(1045): processMsg: L2ConnectedState
01-16 16:26:54.288: D/TCMSService(27123): onStart----
01-16 16:26:54.293: D/WifiStateMachine(1045): handleMessage: X
01-16 16:26:54.298: D/TCMSService(27123): onHandleIntent, ------- command=xpushnative://xpush/getChannelNo?
01-16 16:26:54.300: I/VConnManager(27086): getPrivateChannelNo:#sdcardchannel
01-16 16:26:54.303: D/InetIO(27086): nlogin, pwdType:64 channel:1 accountType:1 account=idvj1r4l00015248af3cd4e4 loginId=idvj1r4l00015248af3cd4e4 extraData={"appkey":"23232985"} appid=100817 canShareChannel:#sdcardchannel
01-16 16:26:54.306: I/Native(27086): InetIO_login
01-16 16:26:54.308: I/WXContext@idvj1r4l00015248af3cd4e4@login(27086): startLogin..., pushSetting:1
01-16 16:26:54.309: I/imservice@native@im(27086): enter clearTimeoutThrFunc
01-16 16:26:54.308: I/WXContext@idvj1r4l00015248af3cd4e4@login(27086): startLogin, loginId=idvj1r4l00015248af3cd4e4, checkcode=, appId=100817,
01-16 16:26:54.312: I/imservice@native@im(27086): enter clientAsyncCallbackThrFunc
01-16 16:26:54.314: I/jni/inet/android/native/common/calljava.cpp(27086): nativeLog
01-16 16:26:54.314: W/WXContext@idvj1r4l00015248af3cd4e4@loginmynative(27086): =调用登录= pwdtype:64, lastips:
01-16 16:26:54.315: I/imservice@native@im(27086): enter clientServiceThrFunc
01-16 16:26:54.315: I/nativeLog(27086): begin native log
01-16 16:26:54.315: I/im@WXContext@idvj1r4l00015248af3cd4e4@login(27086): =调用登录= pwdtype:64, lastips:
01-16 16:26:54.316: I/WXContext@idvj1r4l00015248af3cd4e4@login(27086): start loginThreadFunc ....... from login
01-16 16:26:54.317: I/WXContext@idvj1r4l00015248af3cd4e4@login(27086): Before Login
01-16 16:26:54.317: I/callback@native@im(27086): Logining
01-16 16:26:54.317: I/jni/inet/android/native/common/calljava.cpp(27086): getDataNetworkType
01-16 16:26:54.318: I/Native(27086): InetIO_ngetLoginState
01-16 16:26:54.318: I/JNIUtil(27086): getDataNetworkType 1 ret=1
01-16 16:26:54.319: I/jni/inet/android/native/common/calljava.cpp(27086): aquireWakeLock
01-16 16:26:54.320: I/Native(27086): current user idvj1r4l00015248af3cd4e4
01-16 16:26:54.320: I/InetIO(27086): lAccount:idvj1r4l00015248af3cd4e4 ,mState:2 ,msg.what=6
01-16 16:26:54.320: I/WXContext@idvj1r4l00015248af3cd4e4@login(27086): LoginOnPushChannel
01-16 16:26:54.320: I/InetIO(27086): doLogining
01-16 16:26:54.321: I/WXContext@idvj1r4l00015248af3cd4e4@login(27086): try LoginOnPushChannel
01-16 16:26:54.321: I/WXContext@idvj1r4l00015248af3cd4e4@login(27086): has connect
01-16 16:26:54.322: I/jni/inet/android/native/common/calljava.cpp(27086): nativeLog
01-16 16:26:54.323: W/WXContext@idvj1r4l00015248af3cd4e4@loginmynative(27086): conntoPushService begin read...
01-16 16:26:54.323: I/nativeLog(27086): begin native log
01-16 16:26:54.323: I/im@WXContext@idvj1r4l00015248af3cd4e4@login(27086): conntoPushService begin read...
01-16 16:26:54.330: I/jni/inet/android/native/common/calljava.cpp(27086): nativeLog
01-16 16:26:54.366: W/WXContext@idvj1r4l00015248af3cd4e4@loginmynative(27086): conntoPushService read timeout, wait ts:0, timeout:10
01-16 16:26:54.367: I/nativeLog(27086): begin native log
01-16 16:26:54.367: I/im@WXContext@idvj1r4l00015248af3cd4e4@login(27086): conntoPushService read timeout, wait ts:0, timeout:10
01-16 16:26:54.370: D/PersistManager(27086): get, list properties.
01-16 16:26:54.370: D/PersistManager(27086): key:op.mim":"{\"clientPriority\":14464800,\"disable\":false,\"regTime\":1450233171304,\"callCount\":1,\"appKey\":\"23015524\"}"} value:
01-16 16:26:54.330: I/LocalSocketServer@native@tcms(27123): localserver, a client connected, clientFd:59
01-16 16:26:54.370: D/PersistManager(27086): key:\":1,\"appKey\":\"23015524\"}"} value:
01-16 16:26:54.374: D/PersistManager(27086): key:ec value:18 23:40:39 GMT+08:00 2015
01-16 16:26:54.375: D/PersistManager(27086): key:23015524\"}"} value:
01-16 16:26:54.375: D/PersistManager(27086): key:XPUSH_SDK_INFO_V2 value:{"com.comtop.mim":"{\"clientPriority\":14464800,\"disable\":false,\"regTime\":1452515957757,\"callCount\":1,\"appKey\":\"23232985\"}"}
01-16 16:26:54.375: D/PersistManager(27086): key:push_device_id_key_v1 value:a0t6ix2taf44895d___tks79g5mstt9xb5l
01-16 16:26:54.376: D/PersistManager(27086): key:":1,\"appKey\":\"23015524\"}"} value:
01-16 16:26:54.376: D/PersistManager(27086): key:"appKey\":\"23015524\"}"} value:
01-16 16:26:54.376: D/PersistManager(27086): key:2015 value:
01-16 16:26:54.377: D/PersistManager(27086): key::"{\"clientPriority\":14464800,\"disable\":false,\"regTime\":1450233171304,\"callCount\":1,\"appKey\":\"23015524\"}"} value:
01-16 16:26:54.377: D/PersistManager(27086): key:304,\"callCount\":1,\"appKey\":\"23015524\"}"} value:
01-16 16:26:54.379: I/tcmsposix@native@tcms(27123): createHandle(), session 2 has reserved.
01-16 16:26:54.379: I/LocalSocketServer@native@tcms(27123): exitPoll
01-16 16:26:54.380: I/LocalSocketServer@native@tcms(27123): poll fd:59, event:1
01-16 16:26:54.381: I/jni/inet/android/native/common/calljava.cpp(27123): nativeLog
01-16 16:26:54.381: W/LocalSocketServer@native@tcmsmynative(27123): session 2 have reserved, fd:59
01-16 16:26:54.382: I/nativeLog(27123): begin native log
01-16 16:26:54.382: I/jni/inet/android/native/common/calljava.cpp(27123): nativeLog
01-16 16:26:54.382: D/PushBase@native(27123): PushBase::onConnectStatus, state:1
01-16 16:26:54.383: W/LocalSocketServer@native@tcmsmynative(27123): localserver, accept...
01-16 16:26:54.383: I/jni/inet/android/native/common/calljava.cpp(27123): nativeLog
01-16 16:26:54.384: I/nativeLog(27123): begin native log
01-16 16:26:54.384: W/tcmsposix@native@tcmsmynative(27123): startSession:2, clusterName:direct, routeName:openim, allotKey:idvj1r4l00015248af3cd4e4, tryCount:1
01-16 16:26:54.384: I/nativeLog(27123): begin native log
01-16 16:26:54.384: D/PersistManager(27086): key:xpushClient__xpush_push_maxmsgid value:32234630603777
01-16 16:26:54.385: I/jni/inet/android/native/common/calljava.cpp(27123): nativeLog
01-16 16:26:54.385: W/tcminetimpl@native@tcms@msgmynative(27123): PostMsg,interface=ScSession,method=start,seqid=7,sessionid:2,cmdtype=0,compress=1,encrypted=1
01-16 16:26:54.385: I/nativeLog(27123): begin native log
01-16 16:26:54.386: I/jni/inet/android/native/common/calljava.cpp(27123): uniEncodeString
01-16 16:26:54.391: D/PersistManager(27086): key:mtop.mim":"{\"clientPriority\":14464800,\"disable\":false,\"regTime\":1450233171304,\"callCount\":1,\"appKey\":\"23015524\"}"} value:
01-16 16:26:54.457: D/PersistManager(27086): key:14464800,\"disable\":false,\"regTime\":1450233171304,\"callCount\":1,\"appKey\":\"23015524\"}"} value:
01-16 16:26:54.459: D/PersistManager(27086): key:iority\":14464800,\"disable\":false,\"regTime\":1450233171304,\"callCount\":1,\"appKey\":\"23015524\"}"} value:
01-16 16:26:54.463: D/PersistManager(27086): key:push_heart_freq_key value:{"\"lenew\"":180,"\"wifi-comtop\"":358,"\"MM_AP\"":227,"\"jacpy\"":800,"\"wifi-confine\"":180,"\".lenew-T\"":180}
01-16 16:26:54.464: D/PersistManager(27086): key:push_tcms_client_id_key value:a0d0jhk6neij6wka
01-16 16:26:54.391: I/tcminetimpl@native@tcms(27123): postData2Server, seqid:7, data.len:86
01-16 16:26:54.464: D/PersistManager(27086): key:\"23015524\"}"} value:
01-16 16:26:54.471: I/tcminetimpl@native@tcms(27123): postData2Server, m_seqtsMap.len:0
01-16 16:26:54.471: I/ServiceChooseHelper(27086): ClientRegInfo, 23232985 com.comtop.mim
01-16 16:26:54.475: I/ServiceChooseHelper(27086): TcmsService already exist
01-16 16:26:54.476: I/jni/inet/android/native/common/calljava.cpp(27123): nativeLog
01-16 16:26:54.478: W/tcminetimpl@native@tcms@msg@sendbytesmynative(27123): 86,fd=56,error=11
01-16 16:26:54.478: D/MessageDispatcher(27086): doLogining.
01-16 16:26:54.478: I/nativeLog(27123): begin native log
01-16 16:26:54.481: D/may(27086): onReconnecting
01-16 16:26:54.485: D/MessageDispatcher(27086): doLogining, com.alibaba.mobileim.lib.presenter.account.Account@42435e08 is notified.
01-16 16:26:54.511: D/MessageDispatcher(27086): doLogining, com.alibaba.mobileim.lib.presenter.conversation.ConversationManager@423846e0 is notified.
01-16 16:26:54.536: I/jni/inet/android/native/common/calljava.cpp(27123): nativeLog
01-16 16:26:54.540: W/tcminetimpl@native@tcms@msg@recvbytesmynative(27123): 70,fd=56,bufsize=70
01-16 16:26:54.543: I/nativeLog(27123): begin native log
01-16 16:26:54.545: I/jni/inet/android/native/common/calljava.cpp(27123): uniDecodeString
01-16 16:26:54.546: I/jni/inet/android/native/common/calljava.cpp(27123): nativeLog
01-16 16:26:54.546: I/TcmInet@native@tcms(27123): INetImpl::GetMsg, seqid=7,interface=ScSession,method=start, errcode=0,msgtype=1
01-16 16:26:54.546: I/TcmInet@native@tcms(27123): clientAsyncCallbackThrFunc get a msg, seqId:1609009944
01-16 16:26:54.546: D/tcmsposix@native@tcms(27123): onSendSuccess, interface:ScSession, method:start, data:
01-16 16:26:54.546: D/tcmsposix@native@tcms(27123): sessionId:2 has created
01-16 16:26:54.546: W/tcminetimpl@native@tcms@msgmynative(27123): SaveRspMsg,interface=ScSession,method=start,seqid=7,sessionId=2,cmdtype=1
01-16 16:26:54.546: I/nativeLog(27123): begin native log
01-16 16:26:54.546: I/jni/inet/android/native/common/calljava.cpp(27123): resetRTCWakeup
01-16 16:26:54.546: W/JNIUtil(27123): resetRTCWakeup
01-16 16:26:54.547: D/XPushJNI@Native(27123): com_alibaba_tcms_service_TCMPush_getHeartbeatInterval
01-16 16:26:54.550: I/jni/inet/android/native/common/calljava.cpp(27086): nativeLog
01-16 16:26:54.551: W/WXContext@idvj1r4l00015248af3cd4e4@loginmynative(27086): conntoPushService successfully.
01-16 16:26:54.551: I/nativeLog(27086): begin native log
01-16 16:26:54.551: I/im@WXContext@idvj1r4l00015248af3cd4e4@login(27086): conntoPushService successfully.
01-16 16:26:54.551: I/jni/inet/android/native/common/calljava.cpp(27086): nativeLog
01-16 16:26:54.551: W/WXContext@idvj1r4l00015248af3cd4e4@loginmynative(27086): 连接到TCMS成功
01-16 16:26:54.552: I/nativeLog(27086): begin native log
01-16 16:26:54.552: I/im@WXContext@idvj1r4l00015248af3cd4e4@login(27086): 连接到TCMS成功
01-16 16:26:54.552: I/inetimpl@native@im(27086): RegisterFd,fd=103
01-16 16:26:54.552: I/WXContext@idvj1r4l00015248af3cd4e4@login(27086): no renewal.
01-16 16:26:54.552: I/jni/inet/android/native/common/calljava.cpp(27086): call inetMd5, content:I��h[!l���{��kM�
01-16 16:26:54.552: D/JNIUtil(27086): java inetMd5
01-16 16:26:54.552: I/jni/inet/android/native/common/calljava.cpp(27086): call getRSAEncryptKey
01-16 16:26:54.552: D/JNIUtil(27086): getRSAEncryptKey
01-16 16:26:54.555: I/WXContext@idvj1r4l00015248af3cd4e4@login(27086): sending exchangeKey req
01-16 16:26:54.555: I/WXContext@idvj1r4l00015248af3cd4e4@login(27086): extrahead:idvj1r4l00015248af3cd4e4, reserved:1
01-16 16:26:54.555: I/inetimpl@native@im@msg(27086): PostMsg,cmdid=0x1000005,seqid=1,cmdtype=0,compress=0,encrypted=28
01-16 16:26:54.555: D/packagesize(27086): headerlen:52, bodylen:138, extraheadlen:24
01-16 16:26:54.555: I/imservice@native@im(27086): synccall before TimedWait=10 seconds,seqid=1
01-16 16:26:54.556: I/inetimpl@native@im@msg@sendbytes(27086): 196,fd=103,error=11
01-16 16:26:54.574: I/WakeupAlarmManager(27123): alarm setExact rtc_wakeup 180000
01-16 16:26:54.574: I/TCMStaticDelegate(27123): call resetRTCWakeup
01-16 16:26:54.572: I/LocalSocketServer@native@tcms(27123): poll fd:59, event:1
01-16 16:26:54.587: I/jni/inet/android/native/common/calljava.cpp(27123): nativeLog
01-16 16:26:54.588: W/tcminetimpl@native@tcms@msgmynative(27123): PostMsg,interface=wx,method=s,seqid=8,sessionid:2,cmdtype=2,compress=0,encrypted=0
01-16 16:26:54.588: I/nativeLog(27123): begin native log
01-16 16:26:54.588: I/tcminetimpl@native@tcms(27123): postData2Server, seqid:8, data.len:214
01-16 16:26:54.588: I/tcminetimpl@native@tcms(27123): postData2Server, m_seqtsMap.len:0
01-16 16:26:54.589: I/jni/inet/android/native/common/calljava.cpp(27123): nativeLog
01-16 16:26:54.590: W/tcminetimpl@native@tcms@msg@sendbytesmynative(27123): 214,fd=56,error=11
01-16 16:26:54.594: I/nativeLog(27123): begin native log
01-16 16:26:54.677: I/jni/inet/android/native/common/calljava.cpp(27123): nativeLog
01-16 16:26:54.678: W/tcminetimpl@native@tcms@msg@recvbytesmynative(27123): 97,fd=56,bufsize=97
01-16 16:26:54.678: I/nativeLog(27123): begin native log
01-16 16:26:54.679: I/SccomHelper@native(27123): 包未加密
01-16 16:26:54.680: I/TcmInet@native@tcms(27123): INetImpl::GetMsg, seqid=0,interface=wx,method=s, errcode=0,msgtype=2
01-16 16:26:54.680: I/TcmInet@native@tcms(27123): clientServiceThrFunc get one notify,interface=wx, method=s, sessionId=2, seqid=0
01-16 16:26:54.681: D/tcmsposix@native@tcms(27123): get a notify, sessionId:2, interface:wx, method:s, 
01-16 16:26:54.682: I/LocalSocketServer@native@tcms(27123): exitPoll
01-16 16:26:54.682: I/inetimpl@native@im@msg@recvbytes(27086): 80,fd=103,bufsize=80
01-16 16:26:54.682: I/inetimpl@native@im@msg@recv(27086): 接收到消息, seqid=1
01-16 16:26:54.682: I/inetimpl@native@im@msg(27086): SaveRspMsg,cmdid=0x1010005,seqid=1,cmdtype=0,compress=0,encrypted=4940
01-16 16:26:54.682: I/imservice@native@im(27086): clientAsyncCallbackThrFunc get one SyncResponse, Signal,cmdid=0x1010005,seqid=1,rspdatasize=56,errcode=0
01-16 16:26:54.682: I/imservice@native@im(27086): synccall  after TimedWait=10 seconds, ret=0
01-16 16:26:54.682: I/WXContext@idvj1r4l00015248af3cd4e4@login(27086): get exchangeKey rsp
01-16 16:26:54.683: I/jni/inet/android/native/common/calljava.cpp(27086): call inetMd5, content:&+DC�>�
01-16 16:26:54.683: D/JNIUtil(27086): java inetMd5
01-16 16:26:54.683: I/jni/inet/android/native/common/calljava.cpp(27086): nativeLog
01-16 16:26:54.683: I/jni/inet/android/native/common/calljava.cpp(27123): nativeLog
01-16 16:26:54.683: W/WXContext@idvj1r4l00015248af3cd4e4@loginmynative(27086): 交换密钥成功
01-16 16:26:54.683: I/nativeLog(27086): begin native log
01-16 16:26:54.683: W/tcminetimpl@native@tcms@msgmynative(27123): SaveRspMsg,interface=wx,method=s,seqid=0,sessionId=2,cmdtype=2
01-16 16:26:54.683: I/im@WXContext@idvj1r4l00015248af3cd4e4@login(27086): 交换密钥成功
01-16 16:26:54.683: I/WXContext@idvj1r4l00015248af3cd4e4@login(27086): mClientId=a0t6ix2tyoix19x2.
01-16 16:26:54.684: I/WXContext@idvj1r4l00015248af3cd4e4@login(27086): account:idvj1r4l00015248af3cd4e4,pwdtype:64, ver:1.9.0_ANDROID_OPENIM, osver:19,dever:82, uuid:840034c6e4a24ec0bf41bdc1c62fcca4,appid:100817,extradata:{"appkey":"23232985"}, cid:a0t6ix2tyoix19x2, accountType:1, channelUsed:1
01-16 16:26:54.684: I/WXContext@idvj1r4l00015248af3cd4e4@login(27086): begin send LoginPw
01-16 16:26:54.684: I/WXContext@idvj1r4l00015248af3cd4e4@login(27086): extrahead:idvj1r4l00015248af3cd4e4, reserved:1
01-16 16:26:54.684: I/nativeLog(27123): begin native log
01-16 16:26:54.684: I/inetimpl@native@im@msg(27086): PostMsg,cmdid=0x1000003,seqid=2,cmdtype=1,compress=1,encrypted=28
01-16 16:26:54.684: D/packagesize(27086): headerlen:52, bodylen:176, extraheadlen:24
01-16 16:26:54.684: I/imservice@native@im(27086): synccall before TimedWait=10 seconds,seqid=2
01-16 16:26:54.685: I/inetimpl@native@im@msg@sendbytes(27086): 234,fd=103,error=11
01-16 16:26:54.685: I/LocalSocketServer@native@tcms(27123): poll fd:59, event:1
01-16 16:26:54.685: I/jni/inet/android/native/common/calljava.cpp(27123): nativeLog
01-16 16:26:54.686: W/tcminetimpl@native@tcms@msgmynative(27123): PostMsg,interface=wx,method=s,seqid=9,sessionid:2,cmdtype=2,compress=0,encrypted=0
01-16 16:26:54.686: I/nativeLog(27123): begin native log
01-16 16:26:54.687: I/tcminetimpl@native@tcms(27123): postData2Server, seqid:9, data.len:252
01-16 16:26:54.687: I/tcminetimpl@native@tcms(27123): postData2Server, m_seqtsMap.len:0
01-16 16:26:54.687: I/jni/inet/android/native/common/calljava.cpp(27123): nativeLog
01-16 16:26:54.688: W/tcminetimpl@native@tcms@msg@sendbytesmynative(27123): 252,fd=56,error=11
01-16 16:26:54.688: I/nativeLog(27123): begin native log
01-16 16:26:54.803: I/jni/inet/android/native/common/calljava.cpp(27123): nativeLog
01-16 16:26:54.836: W/tcminetimpl@native@tcms@msg@recvbytesmynative(27123): 524,fd=56,bufsize=524
01-16 16:26:54.857: I/nativeLog(27123): begin native log
01-16 16:26:54.859: I/SccomHelper@native(27123): 包未加密
01-16 16:26:54.863: I/jni/inet/android/native/common/calljava.cpp(27123): nativeLog
01-16 16:26:54.867: I/TcmInet@native@tcms(27123): INetImpl::GetMsg, seqid=0,interface=wx,method=s, errcode=0,msgtype=2
01-16 16:26:54.869: I/TcmInet@native@tcms(27123): clientServiceThrFunc get one notify,interface=wx, method=s, sessionId=2, seqid=0
01-16 16:26:54.871: D/tcmsposix@native@tcms(27123): get a notify, sessionId:2, interface:wx, method:s, 
01-16 16:26:54.873: I/inetimpl@native@im@msg@recvbytes(27086): 504,fd=103,bufsize=504
01-16 16:26:54.873: I/inetimpl@native@im@msg@recv(27086): 接收到消息, seqid=2
01-16 16:26:54.873: I/inetimpl@native@im@msg(27086): SaveRspMsg,cmdid=0x1010003,seqid=2,cmdtype=1,compress=1,encrypted=61424
01-16 16:26:54.874: I/imservice@native@im(27086): clientAsyncCallbackThrFunc get one SyncResponse, Signal,cmdid=0x1010003,seqid=2,rspdatasize=480,errcode=0
01-16 16:26:54.874: I/imservice@native@im(27086): synccall  after TimedWait=10 seconds, ret=0
01-16 16:26:54.874: I/WXContext@idvj1r4l00015248af3cd4e4@login(27086): after send LoginPw
01-16 16:26:54.875: I/jni/inet/android/native/common/calljava.cpp(27086): nativeLog
01-16 16:26:54.875: W/WXContext@idvj1r4l00015248af3cd4e4@loginmynative(27086): 服务端返回xpush=1
01-16 16:26:54.875: I/nativeLog(27086): begin native log
01-16 16:26:54.875: I/im@WXContext@idvj1r4l00015248af3cd4e4@login(27086): 服务端返回xpush=1
01-16 16:26:54.877: I/WXContext@idvj1r4l00015248af3cd4e4@login(27086): get a gLoginSessionId.
01-16 16:26:54.877: I/WXContext@idvj1r4l00015248af3cd4e4@login(27086): key:renewal_session value:{"id":"NyUAAAAAAADDU4tJUgEAAGlkdmoxcjRsMDAwMTUyNDhhZjNjZDRlNCCbEuH5LVlxLNo7fGDjHa48EEuNWuNmmmucVZ0t2ozzvag0Qfx67yD//KuTrj515c0T4L9nrcaSsexjENt0gY8QPwF8ZBeQPaEPMYDhgTbLh0+EKdp5PAhz30ixMu3PgqxoPb/SYE3OQWBr9sIgI0SsWGVUCPZXXivuYAC18kZc7eW0EzTT2Z4Gi6uGsemndpy/VNPsf3AvHXrq3M9hbdHTeKFGwH94QiN2yidfkOR1jXZOFzlzTKoqQmhiLcTICNOfPD7dCpSt3arBd8KEDJgP0MzCH4Dp34UZr+d6xqsuob751/686MwSZyFkyDps+vHvGJ27ZFL5aeEGLKzGjG/R","secret":""}
01-16 16:26:54.878: I/jni/inet/android/native/common/calljava.cpp(27086): nativeLog
01-16 16:26:54.878: I/callback@native@im(27086): updateData
01-16 16:26:54.878: D/InetIO(27086): updateData, lAccout:idvj1r4l00015248af3cd4e4 userId:idvj1r4l00015248af3cd4e4 key:renewal_session value:{"id":"NyUAAAAAAADDU4tJUgEAAGlkdmoxcjRsMDAwMTUyNDhhZjNjZDRlNCCbEuH5LVlxLNo7fGDjHa48EEuNWuNmmmucVZ0t2ozzvag0Qfx67yD//KuTrj515c0T4L9nrcaSsexjENt0gY8QPwF8ZBeQPaEPMYDhgTbLh0+EKdp5PAhz30ixMu3PgqxoPb/SYE3OQWBr9sIgI0SsWGVUCPZXXivuYAC18kZc7eW0EzTT2Z4Gi6uGsemndpy/VNPsf3AvHXrq3M9hbdHTeKFGwH94QiN2yidfkOR1jXZOFzlzTKoqQmhiLcTICNOfPD7dCpSt3arBd8KEDJgP0MzCH4Dp34UZr+d6xqsuob751/686MwSZyFkyDps+vHvGJ27ZFL5aeEGLKzGjG/R","secret":""}
01-16 16:26:54.878: I/Native(27086): InetIO_ngetLoginState
01-16 16:26:54.878: I/Native(27086): current user idvj1r4l00015248af3cd4e4
01-16 16:26:54.878: I/InetIO(27086): lAccount:idvj1r4l00015248af3cd4e4 ,mState:2 ,msg.what=7
01-16 16:26:54.880: I/InetIO(27086): handleUpdateData
01-16 16:26:54.880: D/MessageDispatcher(27086): onUpdateData:renewal_session {"id":"NyUAAAAAAADDU4tJUgEAAGlkdmoxcjRsMDAwMTUyNDhhZjNjZDRlNCCbEuH5LVlxLNo7fGDjHa48EEuNWuNmmmucVZ0t2ozzvag0Qfx67yD//KuTrj515c0T4L9nrcaSsexjENt0gY8QPwF8ZBeQPaEPMYDhgTbLh0+EKdp5PAhz30ixMu3PgqxoPb/SYE3OQWBr9sIgI0SsWGVUCPZXXivuYAC18kZc7eW0EzTT2Z4Gi6uGsemndpy/VNPsf3AvHXrq3M9hbdHTeKFGwH94QiN2yidfkOR1jXZOFzlzTKoqQmhiLcTICNOfPD7dCpSt3arBd8KEDJgP0MzCH4Dp34UZr+d6xqsuob751/686MwSZyFkyDps+vHvGJ27ZFL5aeEGLKzGjG/R","secret":""}
01-16 16:26:54.884: W/WXContext@idvj1r4l00015248af3cd4e4@loginmynative(27086): 登录成功
01-16 16:26:54.892: I/nativeLog(27086): begin native log
01-16 16:26:54.894: I/MessageDispatcher(27086): onUpdateData
01-16 16:26:54.895: I/im@WXContext@idvj1r4l00015248af3cd4e4@login(27086): 登录成功
01-16 16:26:54.897: W/WXSecurityStoreWrapper(27086): getStore2 dynamicDataStore is null
01-16 16:26:54.897: I/jni/inet/android/native/common/calljava.cpp(27086): releaseWakeLock
01-16 16:26:54.904: W/WXSecurityStoreWrapper(27086): getStore2 dynamicDataStore is null
01-16 16:26:54.905: I/WXContext@idvj1r4l00015248af3cd4e4@login(27086): key:track value:{
01-16 16:26:54.905: I/WXContext@idvj1r4l00015248af3cd4e4@login(27086): 	"name":	"login",
01-16 16:26:54.905: I/WXContext@idvj1r4l00015248af3cd4e4@login(27086): 	"comsume":	587,
01-16 16:26:54.905: I/WXContext@idvj1r4l00015248af3cd4e4@login(27086): 	"steps":	[{
01-16 16:26:54.905: I/WXContext@idvj1r4l00015248af3cd4e4@login(27086): 			"name":	"connect2ims",
01-16 16:26:54.905: I/WXContext@idvj1r4l00015248af3cd4e4@login(27086): 			"comsume":	231,
01-16 16:26:54.905: I/WXContext@idvj1r4l00015248af3cd4e4@login(27086): 			"result":	0
01-16 16:26:54.905: I/WXContext@idvj1r4l00015248af3cd4e4@login(27086): 		}, {
01-16 16:26:54.905: I/WXContext@idvj1r4l00015248af3cd4e4@login(27086): 			"name":	"exchangekey",
01-16 16:26:54.905: I/WXContext@idvj1r4l00015248af3cd4e4@login(27086): 			"comsume":	131,
01-16 16:26:54.905: I/WXContext@idvj1r4l00015248af3cd4e4@login(27086): 			"result":	0
01-16 16:26:54.905: I/WXContext@idvj1r4l00015248af3cd4e4@login(27086): 		}, {
01-16 16:26:54.905: I/WXContext@idvj1r4l00015248af3cd4e4@login(27086): 			"name":	"loginstep",
01-16 16:26:54.905: I/WXContext@idvj1r4l00015248af3cd4e4@login(27086): 			"comsume":	195,
01-16 16:26:54.905: I/WXContext@idvj1r4l00015248af3cd4e4@login(27086): 			"result":	0
01-16 16:26:54.905: I/WXContext@idvj1r4l00015248af3cd4e4@login(27086): 		}],
01-16 16:26:54.905: I/WXContext@idvj1r4l00015248af3cd4e4@login(27086): 	"result":	0
01-16 16:26:54.905: I/WXContext@idvj1r4l00015248af3cd4e4@login(27086): }
01-16 16:26:54.906: I/callback@native@im(27086): updateData
01-16 16:26:54.906: D/InetIO(27086): updateData, lAccout:idvj1r4l00015248af3cd4e4 userId:idvj1r4l00015248af3cd4e4 key:track value:{
01-16 16:26:54.906: D/InetIO(27086): 	"name":	"login",
01-16 16:26:54.906: D/InetIO(27086): 	"comsume":	587,
01-16 16:26:54.906: D/InetIO(27086): 	"steps":	[{
01-16 16:26:54.906: D/InetIO(27086): 			"name":	"connect2ims",
01-16 16:26:54.906: D/InetIO(27086): 			"comsume":	231,
01-16 16:26:54.906: D/InetIO(27086): 			"result":	0
01-16 16:26:54.906: D/InetIO(27086): 		}, {
01-16 16:26:54.906: D/InetIO(27086): 			"name":	"exchangekey",
01-16 16:26:54.906: D/InetIO(27086): 			"comsume":	131,
01-16 16:26:54.906: D/InetIO(27086): 			"result":	0
01-16 16:26:54.906: D/InetIO(27086): 		}, {
01-16 16:26:54.906: D/InetIO(27086): 			"name":	"loginstep",
01-16 16:26:54.906: D/InetIO(27086): 			"comsume":	195,
01-16 16:26:54.906: D/InetIO(27086): 			"result":	0
01-16 16:26:54.906: D/InetIO(27086): 		}],
01-16 16:26:54.906: D/InetIO(27086): 	"result":	0
01-16 16:26:54.906: D/InetIO(27086): }
01-16 16:26:54.907: I/WXContext@idvj1r4l00015248af3cd4e4@login(27086): After Login Success
01-16 16:26:54.907: I/WXContext@idvj1r4l00015248af3cd4e4@login(27086): Finished Login
01-16 16:26:54.907: I/callback@native@im(27086): LoginSuccess
01-16 16:26:54.908: I/Native(27086): InetIO_ngetLoginState
01-16 16:26:54.908: I/callback@native@im(27086): LoginSuccess, nickname:idvj1r4l00015248af3cd4e4
01-16 16:26:54.908: I/callback@native@im(27086): init nackNake
01-16 16:26:54.908: I/callback@native@im(27086): updateData
01-16 16:26:54.909: D/InetIO(27086): updateData, lAccout:idvj1r4l00015248af3cd4e4 userId:idvj1r4l00015248af3cd4e4 key:ChannelUsed value:1
01-16 16:26:54.910: I/Native(27086): current user idvj1r4l00015248af3cd4e4
01-16 16:26:54.911: I/InetIO(27086): lAccount:idvj1r4l00015248af3cd4e4 ,mState:1 ,msg.what=7
01-16 16:26:54.913: I/InetIO(27086): handleUpdateData
01-16 16:26:54.914: D/MessageDispatcher(27086): onUpdateData:track {
01-16 16:26:54.914: D/MessageDispatcher(27086): 	"name":	"login",
01-16 16:26:54.914: D/MessageDispatcher(27086): 	"comsume":	587,
01-16 16:26:54.914: D/MessageDispatcher(27086): 	"steps":	[{
01-16 16:26:54.914: D/MessageDispatcher(27086): 			"name":	"connect2ims",
01-16 16:26:54.914: D/MessageDispatcher(27086): 			"comsume":	231,
01-16 16:26:54.914: D/MessageDispatcher(27086): 			"result":	0
01-16 16:26:54.914: D/MessageDispatcher(27086): 		}, {
01-16 16:26:54.914: D/MessageDispatcher(27086): 			"name":	"exchangekey",
01-16 16:26:54.914: D/MessageDispatcher(27086): 			"comsume":	131,
01-16 16:26:54.914: D/MessageDispatcher(27086): 			"result":	0
01-16 16:26:54.914: D/MessageDispatcher(27086): 		}, {
01-16 16:26:54.914: D/MessageDispatcher(27086): 			"name":	"loginstep",
01-16 16:26:54.914: D/MessageDispatcher(27086): 			"comsume":	195,
01-16 16:26:54.914: D/MessageDispatcher(27086): 			"result":	0
01-16 16:26:54.914: D/MessageDispatcher(27086): 		}],
01-16 16:26:54.914: D/MessageDispatcher(27086): 	"result":	0
01-16 16:26:54.914: D/MessageDispatcher(27086): }
01-16 16:26:54.954: I/LocalSocketServer@native@tcms(27123): exitPoll
01-16 16:26:54.954: W/tcminetimpl@native@tcms@msgmynative(27123): SaveRspMsg,interface=wx,method=s,seqid=0,sessionId=2,cmdtype=2
01-16 16:26:54.955: I/nativeLog(27123): begin native log
01-16 16:26:54.956: D/onUpdateData(27086): {cvStatus=1, ctStatus=1, login=195, cv=131, loginStatus=1, ct=231}
01-16 16:26:54.958: I/Native(27086): InetIO_ngetLoginState
01-16 16:26:54.958: I/Native(27086): current user idvj1r4l00015248af3cd4e4
01-16 16:26:54.958: I/InetIO(27086): lAccount:idvj1r4l00015248af3cd4e4 ,mState:1 ,msg.what=3
01-16 16:26:54.958: I/InetIO(27086): loginSuccess
01-16 16:26:54.958: D/WXContextDefault(27086): setId:idvj1r4l00015248af3cd4e4
01-16 16:26:54.959: D/MessageDispatcher(27086): loginSuccess, loginNotifys.size=2
01-16 16:26:54.959: D/EgoAccount.api(27086): getAccount:idvj1r4l00015248af3cd4e4 appId:100817
01-16 16:26:54.964: I/im@im@login(27086): [Login-onLoginSuccess]idvj1r4l00015248af3cd4e4 登录成功！
01-16 16:26:54.981: D/Account(27086): onLoginSuccess
01-16 16:26:54.982: D/Account(27086): isTimeOut = false, isLogin = false
01-16 16:26:54.982: D/im@im@login(27086): [Login-isTimeOut]isTimeOut = false, isLogin = false
01-16 16:26:54.983: W/WXSecurityStoreWrapper(27086): getStore2 dynamicDataStore is null
01-16 16:26:54.984: W/WXSecurityStoreWrapper(27086): getStore2 dynamicDataStore is null
01-16 16:26:54.986: W/WXSecurityStoreWrapper(27086): getStore2 dynamicDataStore is null
01-16 16:26:54.987: W/WXSecurityStoreWrapper(27086): getStore2 dynamicDataStore is null
01-16 16:26:54.989: W/WXSecurityStoreWrapper(27086): getStore2 dynamicDataStore is null
01-16 16:26:54.990: D/EgoAccount.api(27086): getAccount:idvj1r4l00015248af3cd4e4 appId:100817
01-16 16:26:54.993: D/EgoAccount.api(27086): setID, id=idvj1r4l00015248af3cd4e4 appid:100817
01-16 16:26:54.995: D/WXContextDefault(27086): setId:idvj1r4l00015248af3cd4e4
01-16 16:26:54.996: D/Account(27086): 当前已有的notify**********************************
01-16 16:26:54.997: D/Account(27086): notify = 1111168928
01-16 16:26:54.998: D/Account(27086): 当前已有的notify**********************************
01-16 16:26:54.998: D/Account(27086): login success notifying : notify = 1111168928
01-16 16:26:54.998: D/im@im@login(27086): [Login-onSuccess]login success!
01-16 16:26:55.001: I/YWAPI(27086): getIMKitInstance YWAccountType=open
01-16 16:26:55.002: I/YWAPI(27086): getIMKitInstance YWAccountType=wx
01-16 16:26:55.003: D/myg(27086): create YWUIAPI!
01-16 16:26:55.003: I/Native(27086): InetIO_ngetLoginState
01-16 16:26:55.004: I/Native(27086): current user idvj1r4l00015248af3cd4e4
01-16 16:26:55.005: I/YWAPI(27086): createIMCore YWAccountType=wx
01-16 16:26:55.006: I/YWAccount(27086): addConnectionListener 
01-16 16:26:55.007: I/EgoAccount.api(27086): getLoginState:3
01-16 16:26:55.007: I/YWConversationManagerImpl(27086): addPushListener
01-16 16:26:55.007: D/may(27086): =====>im login state: success
01-16 16:26:55.007: I/Native(27086): InetIO_ngetLoginState
01-16 16:26:55.008: I/Native(27086): current user idvj1r4l00015248af3cd4e4
01-16 16:26:55.008: I/EgoAccount.api(27086): getLoginState:3
01-16 16:26:55.009: I/Native(27086): InetIO_ngetLoginState
01-16 16:26:55.014: D/myg(27086): start initLeakCanary!
01-16 16:26:55.015: D/myg(27086): com.squareup.leakcanary.LeakCanary
01-16 16:26:55.015: D/YWContactManagerImpl(27086): getContactProfileInfo userId=00015248af3cd4e4 appkey=23232985
01-16 16:26:55.015: I/IMProfileCacheUtil(27086): getDefaultProfileCallback
01-16 16:26:55.016: I/IMProfileCacheUtil(27086): geDefaultCrossProfileCallback
01-16 16:26:55.016: D/YWContactManagerImpl(27086): defaultCallbak called
01-16 16:26:55.020: I/dalvikvm(27086): Could not find method com.taobao.statistic.TBS$Ext.commitEvent, referenced from method com.alibaba.mobileim.channel.cloud.message.SyncOpenIMProfileCallback.parseResult
01-16 16:26:55.021: W/dalvikvm(27086): VFY: unable to resolve static method 49983: Lcom/taobao/statistic/TBS$Ext;.commitEvent (ILjava/lang/Object;Ljava/lang/Object;Ljava/lang/Object;)V
01-16 16:26:55.022: D/dalvikvm(27086): VFY: replacing opcode 0x71 at 0x0073
01-16 16:26:55.028: I/dalvikvm(27086): Could not find method com.taobao.statistic.TBS$Ext.commitEvent, referenced from method com.alibaba.mobileim.channel.cloud.message.SyncOpenIMProfileCallback.parseResult
01-16 16:26:55.028: W/dalvikvm(27086): VFY: unable to resolve static method 49983: Lcom/taobao/statistic/TBS$Ext;.commitEvent (ILjava/lang/Object;Ljava/lang/Object;Ljava/lang/Object;)V
01-16 16:26:55.028: D/dalvikvm(27086): VFY: replacing opcode 0x71 at 0x0094
01-16 16:26:55.029: D/CloudBaseRequest(27086): oToken:null
01-16 16:26:55.030: D/CloudBaseRequest(27086): token:#$@~%/^K_*nullwx_android1452932813idvj1r4l00015248af3cd4e4
01-16 16:26:55.030: D/CloudBaseRequest(27086): token md5:2b4dc53a4bc7fb3a1cee06574b51b2b0
01-16 16:26:55.031: D/CloudRequestCallback(27086): param:{"uids":["idvj1r4l00015248af3cd4e4"],"optype":0,"token":"2b4dc53a4bc7fb3a1cee06574b51b2b0","now":1452932813,"device":82,"appid":100817,"actor":"idvj1r4l00015248af3cd4e4","out":"mobile"} cmd:12289
01-16 16:26:55.032: D/SocketChannel(27086): reqCommonCmd, cmdid = 12289reqPara = {"uids":["idvj1r4l00015248af3cd4e4"],"optype":0,"token":"2b4dc53a4bc7fb3a1cee06574b51b2b0","now":1452932813,"device":82,"appid":100817,"actor":"idvj1r4l00015248af3cd4e4","out":"mobile"}
01-16 16:26:55.033: I/Native(27086): InetIO_ngetLoginState
01-16 16:26:55.033: I/Native(27086): current user idvj1r4l00015248af3cd4e4
01-16 16:26:55.033: I/EgoAccount.api(27086): getLoginState:3
01-16 16:26:55.035: D/test(27086): cmdId:12289
