01-19 16:10:33.360: E/gralloc(153): fb_post:129  start  FBIOPUT_VSCREENINFO  
01-19 16:10:33.360: E/hwcomposer(153): hwc_set:233  end 
01-19 16:10:33.360: E/hwcomposer(153): hwc_eventControl:141  start MSMFB_OVERLAY_VSYNC_CTRL  
01-19 16:10:33.360: E/SurfaceFlinger(153): eventControl(0, 1) failed No such file or directory
01-19 16:10:33.360: V/PowerManager(523): release/flags = 0 mToken = android.os.Binder@42592f20 mTag = ActivityManager-Sleep mWorkSource = null
01-19 16:10:33.360: V/PowerManager(523): release/mRefCounted = true mCount = 0
01-19 16:10:33.360: I/PowerManagerService(523): releaseWakeLockLocked/wl.tag = ActivityManager-Sleep wl.flags = 1 enduration = 2346 lock = android.os.Binder@42592f20
01-19 16:10:33.360: I/ActivityManager(523): mLastPausedActivity: ActivityRecord{42ac8c28 com.comtop.mim/.ui.MainActivity}
01-19 16:10:33.370: E/hwcomposer(153): hwc_prepare:84  start  
01-19 16:10:33.370: E/hwcomposer(153): hwc_prepare:120  stop  
01-19 16:10:33.370: E/gralloc(153): fb_post:136  end  FBIOPUT_VSCREENINFO  
01-19 16:10:33.370: E/hwcomposer(153): hwc_set:207  start  
01-19 16:10:33.370: E/hwcomposer(153): hwc_eventControl:141  start MSMFB_OVERLAY_VSYNC_CTRL  
01-19 16:10:33.370: E/SurfaceFlinger(153): eventControl(0, 1) failed No such file or directory
01-19 16:10:33.370: D/KeyguardViewMediator(523): .........run sendBroadCastToStatusBar isStatusBarChangeBack = trueisHideStatusBar = false
01-19 16:10:33.370: D/PhoneStatusBar(25655): disable: 0x01ea0000 -> 0x00ea0000 (diff: 0x01000000)
01-19 16:10:33.370: V/PowerManagerService(523): setPowerState/mPowerState = 3 newState = 3
01-19 16:10:33.370: V/PowerManagerService(523): setPowerState/return
01-19 16:10:33.370: D/PhoneStatusBar(25655): disable: < expand ICONS alerts TICKER system_info BACK HOME recent* CLOCK >
01-19 16:10:33.370: D/YulongController(25655): mYulongReceiver action = yulong.intent.action.Lockscreen.CHANGE_STATUBAR_BLACK
01-19 16:10:33.370: V/PowerManager(523): release/flags = 0 mToken = android.os.Binder@4291b430 mTag = keyguard mWorkSource = null
01-19 16:10:33.380: E/hwcomposer(153): hwc_eventControl:141  start MSMFB_OVERLAY_VSYNC_CTRL  
01-19 16:10:33.380: V/PowerManager(523): release/mRefCounted = false mCount = 0
01-19 16:10:33.380: D/YulongController(25655): mYulongReceiver mIsStatusBarBlackBack = true mIsStatusBarHide = false
01-19 16:10:33.380: V/PowerManagerService(523): releaseWakeLockLocked/goto setPowerState1/mWakeLockState | mUserState = 3
01-19 16:10:33.380: V/PowerManagerService(523): setPowerState/mPowerState = 3 newState = 3
01-19 16:10:33.380: V/PowerManagerService(523): setPowerState/return
01-19 16:10:33.380: E/SurfaceFlinger(153): eventControl(0, 1) failed No such file or directory
01-19 16:10:33.380: E/hwcomposer(153): hwc_eventControl:141  start MSMFB_OVERLAY_VSYNC_CTRL  
01-19 16:10:33.380: E/hwcomposer(153): hwc_set:215  start eglSwapBuffers  
01-19 16:10:33.380: E/hwcomposer(153): hwc_set:217  end eglSwapBuffers 
01-19 16:10:33.380: E/hwcomposer(153): hwc_set:233  end 
01-19 16:10:33.380: E/gralloc(153): fb_post:129  start  FBIOPUT_VSCREENINFO  
01-19 16:10:33.380: E/SurfaceFlinger(153): eventControl(0, 1) failed No such file or directory
01-19 16:10:33.390: E/gralloc(153): fb_post:136  end  FBIOPUT_VSCREENINFO  
01-19 16:10:33.390: D/ConnectivityService(523): getActiveNetworkInfo: mActiveDefaultNetwork = 1 pid = 20251
01-19 16:10:33.390: D/ConnectivityService(523): getNetworkInfo_2: networkType = 1 uid = 10084
01-19 16:10:33.390: D/ConnectivityService(523): getNetworkInfo_2 = NetworkInfo: type: WIFI[], state: CONNECTED/CONNECTED, reason: (unspecified), extra: (none), roaming: false, failover: false, isAvailable: true
01-19 16:10:33.400: E/hwcomposer(153): hwc_prepare:84  start  
01-19 16:10:33.400: E/hwcomposer(153): hwc_prepare:120  stop  
01-19 16:10:33.400: E/hwcomposer(153): hwc_set:207  start  
01-19 16:10:33.400: E/hwcomposer(153): hwc_eventControl:141  start MSMFB_OVERLAY_VSYNC_CTRL  
01-19 16:10:33.410: D/CMBaseReceiver(19671): com.ijinshan.cleaner.receiver.ScreenUnlockReceiver 3ms
01-19 16:10:33.410: E/SurfaceFlinger(153): eventControl(0, 1) failed No such file or directory
01-19 16:10:33.410: E/hwcomposer(153): hwc_set:215  start eglSwapBuffers  
01-19 16:10:33.410: E/hwcomposer(153): hwc_set:217  end eglSwapBuffers 
01-19 16:10:33.410: E/gralloc(153): fb_post:129  start  FBIOPUT_VSCREENINFO  
01-19 16:10:33.410: E/hwcomposer(153): hwc_set:233  end 
01-19 16:10:33.420: E/hwcomposer(153): hwc_prepare:84  start  
01-19 16:10:33.420: E/hwcomposer(153): hwc_prepare:120  stop  
01-19 16:10:33.420: E/hwcomposer(153): hwc_eventControl:141  start MSMFB_OVERLAY_VSYNC_CTRL  
01-19 16:10:33.420: E/SurfaceFlinger(153): eventControl(0, 1) failed No such file or directory
01-19 16:10:33.420: E/gralloc(153): fb_post:136  end  FBIOPUT_VSCREENINFO  
01-19 16:10:33.420: E/hwcomposer(153): hwc_set:207  start  
01-19 16:10:33.420: E/ScreenUnlockDataAdapter(32067): 更新解锁总表数据-ScreenUnlockData [unlockCount=2, unlockDuration=1153, unlockHour=16, unlockIsReport=0, sjkRunDuration=1534, unlockDate=20160119]
01-19 16:10:33.420: E/hwcomposer(153): hwc_set:215  start eglSwapBuffers  
01-19 16:10:33.420: E/hwcomposer(153): hwc_set:217  end eglSwapBuffers 
01-19 16:10:33.420: E/gralloc(153): fb_post:129  start  FBIOPUT_VSCREENINFO  
01-19 16:10:33.420: E/hwcomposer(153): hwc_set:233  end 
01-19 16:10:33.430: E/hwcomposer(153): hwc_prepare:84  start  
01-19 16:10:33.430: E/hwcomposer(153): hwc_prepare:120  stop  
01-19 16:10:33.430: E/hwcomposer(153): hwc_eventControl:141  start MSMFB_OVERLAY_VSYNC_CTRL  
01-19 16:10:33.430: E/SurfaceFlinger(153): eventControl(0, 1) failed No such file or directory
01-19 16:10:33.430: E/hwcomposer(153): hwc_eventControl:141  start MSMFB_OVERLAY_VSYNC_CTRL  
01-19 16:10:33.430: E/SurfaceFlinger(153): eventControl(0, 1) failed No such file or directory
01-19 16:10:33.430: E/hwcomposer(153): hwc_set:207  start  
01-19 16:10:33.430: E/hwcomposer(153): hwc_set:215  start eglSwapBuffers  
01-19 16:10:33.430: V/PowerManagerService(523): updateLightsLocked/offMask2 = 4 onMask = 0
01-19 16:10:33.430: D/PowerManagerService(523): updateLightsLocked/setTargetLocked/brightness = 102 newState = 3 oldState= 3
01-19 16:10:33.430: V/PowerManagerService(523): setLightBrightness/mButtonLight.setBrightness2/value = 0
01-19 16:10:33.440: E/gralloc(153): fb_post:136  end  FBIOPUT_VSCREENINFO  
01-19 16:10:33.440: E/hwcomposer(153): hwc_set:217  end eglSwapBuffers 
01-19 16:10:33.440: E/hwcomposer(153): hwc_set:233  end 
01-19 16:10:33.440: E/hwcomposer(153): hwc_prepare:84  start  
01-19 16:10:33.440: E/hwcomposer(153): hwc_prepare:120  stop  
01-19 16:10:33.440: E/hwcomposer(153): hwc_eventControl:141  start MSMFB_OVERLAY_VSYNC_CTRL  
01-19 16:10:33.440: E/gralloc(153): fb_post:129  start  FBIOPUT_VSCREENINFO  
01-19 16:10:33.440: E/SurfaceFlinger(153): eventControl(0, 1) failed No such file or directory
01-19 16:10:33.450: E/hwcomposer(153): hwc_set:207  start  
01-19 16:10:33.450: E/hwcomposer(153): hwc_set:215  start eglSwapBuffers  
01-19 16:10:33.450: D/Environment(19671): Enviroment getExternalStorageState :/mnt/sdcard
01-19 16:10:33.450: D/PhoneInterfaceManagerProxy:(704): default phone 1 
01-19 16:10:33.450: D/getCallState(704): begain...
01-19 16:10:33.460: I/cm.log.servpro(19671): [screen_off_clean]/ start show toast : size=0MB
01-19 16:10:33.460: E/gralloc(153): fb_post:136  end  FBIOPUT_VSCREENINFO  
01-19 16:10:33.460: E/hwcomposer(153): hwc_set:217  end eglSwapBuffers 
01-19 16:10:33.460: E/hwcomposer(153): hwc_set:233  end 
01-19 16:10:33.460: E/gralloc(153): fb_post:129  start  FBIOPUT_VSCREENINFO  
01-19 16:10:33.460: E/hwcomposer(153): hwc_eventControl:141  start MSMFB_OVERLAY_VSYNC_CTRL  
01-19 16:10:33.460: E/SurfaceFlinger(153): eventControl(0, 1) failed No such file or directory
01-19 16:10:33.460: E/AlarmManagerService(523): set alarm to 0. 000000000n
01-19 16:10:33.460: V/AlarmManagerService(523): set/type = 1 triggerAtTime = 1970-01-01 08:00:00 operation = PendingIntent{42d53f08: PendingIntentRecord{42ace668 com.cleanmaster.security_cn startService}} packageName = com.cleanmaster.security_cn
01-19 16:10:33.460: W/AlarmManagerService(523): removeLocked0/before remove/alarmList = [Alarm{42d32708 type 0 com.cleanmaster.mguard_cn}, Alarm{42ad8a90 type 0 com.icoolme.android.weather}, Alarm{42cbaad0 type 0 com.cleanmaster.mguard_cn}, Alarm{434ba710 type 0 com.ijinshan.ShouJiKongService}, Alarm{42a8f848 type 0 com.ijinshan.ShouJiKongService}, Alarm{42fbb4b8 type 0 com.ijinshan.ShouJiKongService}, Alarm{42d3b690 type 0 com.ctc.epush}, Alarm{430eb6d0 type 0 com.android.providers.calendar}, Alarm{42c0d488 type 0 com.android.providers.calendar}, Alarm{42c56640 type 0 com.android.providers.calendar}, Alarm{42c99b30 type 0 com.yulong.android.calendar}, Alarm{42adae50 type 0 com.cleanmaster.security_cn}, Alarm{42a234c0 type 0 telecom.mdesk}, Alarm{430ecb30 type 0 com.ijinshan.ShouJiKongService}, Alarm{429c50c8 type 0 com.ijinshan.ShouJiKongService}, Alarm{42ae8fc0 type 0 com.ijinshan.ShouJiKongService}, Alarm{4314c0f8 type 0 com.ijinshan.ShouJiKongService}, Alarm{428672c0 type 0 com.netease.newsreader.activity}] operation = PendingIntent{42d53f08: PendingIntentRecord{42ace668 com.cleanmaster.security_cn startService}}
01-19 16:10:33.460: W/AlarmManagerService(523): removeLocked0/before remove/alarmList = [Alarm{430c3360 type 1 com.UCMobile}, Alarm{42d54258 type 1 com.UCMobile}, Alarm{42c2bde8 type 1 com.ijinshan.ShouJiKongService}, Alarm{4277bc18 type 1 com.ijinshan.ShouJiKongService}, Alarm{43070000 type 1 com.cleanmaster.security_cn}, Alarm{430bd510 type 1 com.netease.newsreader.activity}, Alarm{42a71730 type 1 com.yulong.android.seccenter}, Alarm{42ae9b88 type 1 com.cleanmaster.security_cn}, Alarm{4313d188 type 1 com.UCMobile}, Alarm{42fae3b0 type 1 com.UCMobile}, Alarm{431136e0 type 1 com.UCMobile}, Alarm{42c0e9e0 type 1 com.UCMobile}, Alarm{42bae7f0 type 1 com.UCMobile}, Alarm{42b84a20 type 1 com.UCMobile}, Alarm{42bcaf98 type 1 com.UCMobile}, Alarm{42ac09c8 type 1 com.UCMobile}, Alarm{4315c550 type 1 com.UCMobile}, Alarm{4326baf0 type 1 com.UCMobile}, Alarm{42539238 type 1 com.UCMobile}, Alarm{430d57a8 type 1 com.UCMobile}, Alarm{42fb4fd8 type 1 com.UCMobile}, Alarm{42c743d0 type 1 com.UCMobile}, Alarm{42d644a8 type 1 com.UCMobile}, Alarm{42cd8648 type 1 com.cleanmaster.security_cn}, Alarm{42c17720 type 1 com.UCMobile}, Alarm{4290f1e8 type 1 com.UCMobile}, Alarm{4307f890 type 1 com.UCMobile}, Alarm{43894658 type 1 com.UCMobile}, Alarm{42a297f8 type 1 com.UCMobile}, Alarm{432433d0 type 1 com.UCMobile}, Alarm{42fd9e78 type 1 com.cleanmaster.mguard_cn}, Alarm{42fce0d0 type 1 com.cleanmaster.security_cn}, Alarm{4305c178 type 1 com.cleanmaster.mguard_cn}, Alarm{4327bca8 type 1 com.ijinshan.ShouJiKongService}, Alarm{43089d80 type 1 com.cleanmaster.security_cn}, Alarm{42a77da0 type 1 com.cleanmaster.security_cn}, Alarm{42a046a0 type 1 com.ijinshan.ShouJiKongService}, Alarm{42cb9840 type 1 com.cleanmaster.security_cn}, Alarm{42d5b878 type 1 com.cleanmaster.security_cn}, Alarm{430d5ad8 type 1 com.cleanmaster.security_cn}, Alarm{42cc7ea0 type 1 com.cleanmaster.mguard_cn}, Alarm{42adce50 type 1 com.cleanmaster.mguard_cn}, Alarm{42f85160 type 1 com.cleanmaster.security_cn}, Alarm{42fd7b20 type 1 com.cleanmaster.mguard_cn}, Alarm{42a966b0 type 1 com.cleanmaster.mguard_cn}, Alarm{428aae18 type 1 android}, Alarm{430de528 type 1 telecom.mdesk}, Alarm{42cc3fc8 type 1 com.ijinshan.ShouJiKongService}, Alarm{428cf558 type 1 com.cleanmaster.security_cn}, Alarm{429f5518 type 1 com.yulong.android.seccenter}, Alarm{429ddac0 type 1 com.cleanmaster.mguard_cn}, Alarm{42ad8dc0 type 1 com.UCMobile}, Alarm{43093638 type 1 com.cleanmaster.mguard_cn}, Alarm{42bfbae8 type 1 com.ijinshan.ShouJiKongService}, Alarm{429d99a0 type 1 com.cleanmaster.security_cn}] operation = PendingIntent{42d53f08: PendingIntentRecord{42ace668 com.cleanmaster.security_cn startService}}
01-19 16:10:33.460: W/AlarmManagerService(523): removeLocked0/before remove/alarmList = [Alarm{42fce210 type 2 android}, Alarm{43056210 type 2 android}, Alarm{42d5f378 type 2 android}] operation = PendingIntent{42d53f08: PendingIntentRecord{42ace668 com.cleanmaster.security_cn startService}}
01-19 16:10:33.460: W/AlarmManagerService(523): removeLocked0/before remove/alarmList = [Alarm{42baee08 type 3 android}, Alarm{42fc20f0 type 3 telecom.mdesk}, Alarm{430fec68 type 3 android}, Alarm{4294cb58 type 3 android}, Alarm{42cf1fb8 type 3 android}, Alarm{430f4000 type 3 android}] operation = PendingIntent{42d53f08: PendingIntentRecord{42ace668 com.cleanmaster.security_cn startService}}
01-19 16:10:33.460: W/AlarmManagerService(523): removeLocked0/before remove/alarmList = [] operation = PendingIntent{42d53f08: PendingIntentRecord{42ace668 com.cleanmaster.security_cn startService}}
01-19 16:10:33.460: W/AlarmManagerService(523): setRepeating/goto addAlarmLocked/alarm = Alarm{4305fd58 type 1 com.cleanmaster.security_cn} index = 0
01-19 16:10:33.460: D/AlarmManagerService(523): mDescriptor = 89 alarm.type = 1 alarm.operation = PendingIntent{42d53f08: PendingIntentRecord{42ace668 com.cleanmaster.security_cn startService}}
01-19 16:10:33.470: E/AlarmManagerService(523): com_android_server_AlarmManagerService/set result=ioctl()>=0 type = 1
01-19 16:10:33.470: E/AlarmManagerService(523): set alarm to 1453191035. 215000000n
01-19 16:10:33.470: E/AlarmManagerService(523): com_android_server_AlarmManagerService/set result=ioctl()>=0 type = 1
01-19 16:10:33.470: E/hwcomposer(153): hwc_eventControl:141  start MSMFB_OVERLAY_VSYNC_CTRL  
01-19 16:10:33.470: E/SurfaceFlinger(153): eventControl(0, 1) failed No such file or directory
01-19 16:10:33.470: E/ScreenUnlockDataAdapter(32067): 更新解锁总表数据-ScreenUnlockData [unlockCount=3, unlockDuration=1153, unlockHour=16, unlockIsReport=0, sjkRunDuration=1534, unlockDate=20160119]
01-19 16:10:33.470: D/AlarmManagerService(523): waitForAlarm result = 2
01-19 16:10:33.470: V/AlarmManagerService(523): Checking for alarms... rtc=1453191033476, elapsed=362910015
01-19 16:10:33.470: V/AlarmManagerService(523): run/result = 2
01-19 16:10:33.470: D/AlarmManagerService(523): mDescriptor = 89 alarm.type = 1 alarm.operation = PendingIntent{430a8528: PendingIntentRecord{430b1540 com.UCMobile broadcastIntent}}
01-19 16:10:33.470: D/AlarmManagerService(523): sending alarm/alarm = Alarm{4305fd58 type 1 com.cleanmaster.security_cn}, alarm.operation = PendingIntent{42d53f08: PendingIntentRecord{42ace668 com.cleanmaster.security_cn startService}}
01-19 16:10:33.470: V/PowerManager(523): acquire/mToken = android.os.Binder@42918d90
01-19 16:10:33.470: V/PowerManager(523): acquireLocked/mFlags = 1 mToken = android.os.Binder@42918d90 mTag = AlarmManagerService mWorkSource = android.os.WorkSource@42cbd370
01-19 16:10:33.470: V/PowerManager(523): acquireLocked/mRefCounted = true mCount = 1
01-19 16:10:33.470: D/PowerManagerService(523): acquireWakeLockLocked/flags=0x1 tag=AlarmManagerService pid = 523 uid = 1000
01-19 16:10:33.470: D/AlarmManagerService(523): onSendFinished/release all alarm wake lock
01-19 16:10:33.470: V/PowerManager(523): release/flags = 0 mToken = android.os.Binder@42918d90 mTag = AlarmManagerService mWorkSource = android.os.WorkSource@42cbd370
01-19 16:10:33.470: V/PowerManager(523): release/mRefCounted = true mCount = 0
01-19 16:10:33.470: I/PowerManagerService(523): releaseWakeLockLocked/wl.tag = AlarmManagerService wl.flags = 1 enduration = 1 lock = android.os.Binder@42918d90
01-19 16:10:33.480: E/gralloc(153): fb_post:136  end  FBIOPUT_VSCREENINFO  
01-19 16:10:33.480: E/hwcomposer(153): hwc_eventControl:141  start MSMFB_OVERLAY_VSYNC_CTRL  
01-19 16:10:33.480: E/SurfaceFlinger(153): eventControl(0, 1) failed No such file or directory
01-19 16:10:33.480: E/ScreenUnlockDataAdapter(32067): 更新解锁流水表数据-ScreenUnlockData [unlockCount=3, unlockDuration=0, unlockHour=16, unlockIsReport=0, sjkRunDuration=0, unlockDate=20160119]
01-19 16:10:33.490: E/hwcomposer(153): hwc_eventControl:141  start MSMFB_OVERLAY_VSYNC_CTRL  
01-19 16:10:33.490: E/SurfaceFlinger(153): eventControl(0, 1) failed No such file or directory
01-19 16:10:33.510: E/hwcomposer(153): hwc_eventControl:141  start MSMFB_OVERLAY_VSYNC_CTRL  
01-19 16:10:33.510: E/SurfaceFlinger(153): eventControl(0, 1) failed No such file or directory
01-19 16:10:33.520: E/hwcomposer(153): hwc_eventControl:141  start MSMFB_OVERLAY_VSYNC_CTRL  
01-19 16:10:33.520: E/SurfaceFlinger(153): eventControl(0, 1) failed No such file or directory
01-19 16:10:33.530: E/hwcomposer(153): hwc_eventControl:141  start MSMFB_OVERLAY_VSYNC_CTRL  
01-19 16:10:33.530: E/SurfaceFlinger(153): eventControl(0, 1) failed No such file or directory
01-19 16:10:33.550: E/hwcomposer(153): hwc_eventControl:141  start MSMFB_OVERLAY_VSYNC_CTRL  
01-19 16:10:33.550: E/SurfaceFlinger(153): eventControl(0, 1) failed No such file or directory
01-19 16:10:33.570: E/hwcomposer(153): hwc_eventControl:141  start MSMFB_OVERLAY_VSYNC_CTRL  
01-19 16:10:33.570: E/SurfaceFlinger(153): eventControl(0, 1) failed No such file or directory
01-19 16:10:33.570: E/hwcomposer(153): hwc_eventControl:141  start MSMFB_OVERLAY_VSYNC_CTRL  
01-19 16:10:33.570: E/SurfaceFlinger(153): eventControl(0, 1) failed No such file or directory
01-19 16:10:33.580: E/hwcomposer(153): hwc_eventControl:141  start MSMFB_OVERLAY_VSYNC_CTRL  
01-19 16:10:33.580: E/SurfaceFlinger(153): eventControl(0, 1) failed No such file or directory
01-19 16:10:33.600: E/hwcomposer(153): hwc_eventControl:141  start MSMFB_OVERLAY_VSYNC_CTRL  
01-19 16:10:33.600: E/SurfaceFlinger(153): eventControl(0, 1) failed No such file or directory
01-19 16:10:33.620: E/hwcomposer(153): hwc_eventControl:141  start MSMFB_OVERLAY_VSYNC_CTRL  
01-19 16:10:33.620: E/SurfaceFlinger(153): eventControl(0, 1) failed No such file or directory
01-19 16:10:33.630: E/hwcomposer(153): hwc_eventControl:141  start MSMFB_OVERLAY_VSYNC_CTRL  
01-19 16:10:33.630: E/SurfaceFlinger(153): eventControl(0, 1) failed No such file or directory
01-19 16:10:33.640: E/hwcomposer(153): hwc_eventControl:141  start MSMFB_OVERLAY_VSYNC_CTRL  
01-19 16:10:33.640: E/SurfaceFlinger(153): eventControl(0, 1) failed No such file or directory
01-19 16:10:33.650: I/WifiConnect(523): AsyncServiceHandler: msg = { what=151574 when=-2ms arg1=91 }
01-19 16:10:33.660: E/hwcomposer(153): hwc_eventControl:141  start MSMFB_OVERLAY_VSYNC_CTRL  
01-19 16:10:33.660: E/SurfaceFlinger(153): eventControl(0, 1) failed No such file or directory
01-19 16:10:33.670: E/hwcomposer(153): hwc_eventControl:141  start MSMFB_OVERLAY_VSYNC_CTRL  
01-19 16:10:33.670: E/SurfaceFlinger(153): eventControl(0, 1) failed No such file or directory
01-19 16:10:33.680: E/hwcomposer(153): hwc_eventControl:141  start MSMFB_OVERLAY_VSYNC_CTRL  
01-19 16:10:33.680: E/SurfaceFlinger(153): eventControl(0, 1) failed No such file or directory
01-19 16:10:33.690: E/hwcomposer(153): hwc_eventControl:141  start MSMFB_OVERLAY_VSYNC_CTRL  
01-19 16:10:33.690: E/SurfaceFlinger(153): eventControl(0, 1) failed No such file or directory
01-19 16:10:33.710: E/hwcomposer(153): hwc_eventControl:141  start MSMFB_OVERLAY_VSYNC_CTRL  
01-19 16:10:33.710: E/SurfaceFlinger(153): eventControl(0, 1) failed No such file or directory
01-19 16:10:33.710: D/StatusBar.BatteryController(25655): updateIcons mIsDouBattery = false mIsCharging = true mCurBatteryLevel = 27 mCurUsingIconLevel = 58
01-19 16:10:33.720: E/hwcomposer(153): hwc_eventControl:141  start MSMFB_OVERLAY_VSYNC_CTRL  
01-19 16:10:33.720: E/SurfaceFlinger(153): eventControl(0, 1) failed No such file or directory
01-19 16:10:33.720: D/StatusBar.BatteryController(25655): handleMessage mCurLevel = 4 mBattery = 1
01-19 16:10:33.730: E/hwcomposer(153): hwc_eventControl:141  start MSMFB_OVERLAY_VSYNC_CTRL  
01-19 16:10:33.730: E/SurfaceFlinger(153): eventControl(0, 1) failed No such file or directory
01-19 16:10:33.740: E/hwcomposer(153): hwc_prepare:84  start  
01-19 16:10:33.740: E/hwcomposer(153): hwc_prepare:120  stop  
01-19 16:10:33.740: E/hwcomposer(153): hwc_eventControl:141  start MSMFB_OVERLAY_VSYNC_CTRL  
01-19 16:10:33.740: E/SurfaceFlinger(153): eventControl(0, 1) failed No such file or directory
01-19 16:10:33.740: E/hwcomposer(153): hwc_set:207  start  
01-19 16:10:33.750: E/hwcomposer(153): hwc_set:215  start eglSwapBuffers  
01-19 16:10:33.750: E/hwcomposer(153): hwc_eventControl:141  start MSMFB_OVERLAY_VSYNC_CTRL  
01-19 16:10:33.750: E/SurfaceFlinger(153): eventControl(0, 1) failed No such file or directory
01-19 16:10:33.750: E/gralloc(153): fb_post:129  start  FBIOPUT_VSCREENINFO  
01-19 16:10:33.750: E/hwcomposer(153): hwc_set:217  end eglSwapBuffers 
01-19 16:10:33.750: E/hwcomposer(153): hwc_set:233  end 
01-19 16:10:33.760: E/gralloc(153): fb_post:136  end  FBIOPUT_VSCREENINFO  
01-19 16:10:33.760: E/hwcomposer(153): hwc_eventControl:141  start MSMFB_OVERLAY_VSYNC_CTRL  
01-19 16:10:33.760: E/SurfaceFlinger(153): eventControl(0, 1) failed No such file or directory
01-19 16:10:33.780: E/hwcomposer(153): hwc_eventControl:141  start MSMFB_OVERLAY_VSYNC_CTRL  
01-19 16:10:33.780: E/SurfaceFlinger(153): eventControl(0, 1) failed No such file or directory
01-19 16:10:33.790: E/hwcomposer(153): hwc_eventControl:141  start MSMFB_OVERLAY_VSYNC_CTRL  
01-19 16:10:33.790: E/SurfaceFlinger(153): eventControl(0, 1) failed No such file or directory
01-19 16:10:33.800: E/hwcomposer(153): hwc_eventControl:141  start MSMFB_OVERLAY_VSYNC_CTRL  
01-19 16:10:33.800: E/SurfaceFlinger(153): eventControl(0, 1) failed No such file or directory
01-19 16:10:33.820: E/hwcomposer(153): hwc_eventControl:141  start MSMFB_OVERLAY_VSYNC_CTRL  
01-19 16:10:33.820: E/SurfaceFlinger(153): eventControl(0, 1) failed No such file or directory
01-19 16:10:33.830: E/hwcomposer(153): hwc_eventControl:141  start MSMFB_OVERLAY_VSYNC_CTRL  
01-19 16:10:33.830: E/SurfaceFlinger(153): eventControl(0, 1) failed No such file or directory
01-19 16:10:33.840: E/hwcomposer(153): hwc_eventControl:141  start MSMFB_OVERLAY_VSYNC_CTRL  
01-19 16:10:33.840: E/SurfaceFlinger(153): eventControl(0, 1) failed No such file or directory
01-19 16:10:33.850: E/hwcomposer(153): hwc_eventControl:141  start MSMFB_OVERLAY_VSYNC_CTRL  
01-19 16:10:33.850: E/SurfaceFlinger(153): eventControl(0, 1) failed No such file or directory
01-19 16:10:33.860: D/GlowPadView(523): -------STATE_IDLE is done
01-19 16:10:33.890: E/hwcomposer(153): hwc_eventControl:141  start MSMFB_OVERLAY_VSYNC_CTRL  
01-19 16:10:33.890: E/SurfaceFlinger(153): eventControl(0, 0) failed No such file or directory
01-19 16:10:33.890: V/LockScreenWidgetManager(523): onPause()
01-19 16:10:33.890: E/hwcomposer(153): hwc_eventControl:141  start MSMFB_OVERLAY_VSYNC_CTRL  
01-19 16:10:33.890: E/SurfaceFlinger(153): eventControl(0, 1) failed No such file or directory
01-19 16:10:33.920: D/AudioService(523): <<< unregisterRemoteControlDisplay(com.android.internal.widget.TransportControlView$IRemoteControlDisplayWeak@42fa9448)
01-19 16:10:33.920: E/hwcomposer(153): hwc_eventControl:141  start MSMFB_OVERLAY_VSYNC_CTRL  
01-19 16:10:33.920: I/AudioService(523): unlinkToRcDisplayDeath for com.android.internal.widget.TransportControlView$IRemoteControlDisplayWeak@42fa9448
01-19 16:10:33.920: E/SurfaceFlinger(153): eventControl(0, 0) failed No such file or directory
01-19 16:10:33.940: E/hwcomposer(153): hwc_eventControl:141  start MSMFB_OVERLAY_VSYNC_CTRL  
01-19 16:10:33.940: E/SurfaceFlinger(153): eventControl(0, 0) failed No such file or directory
01-19 16:10:33.940: E/hwcomposer(153): hwc_eventControl:141  start MSMFB_OVERLAY_VSYNC_CTRL  
01-19 16:10:33.940: E/SurfaceFlinger(153): eventControl(0, 1) failed No such file or directory
01-19 16:10:33.950: E/hwcomposer(153): hwc_eventControl:141  start MSMFB_OVERLAY_VSYNC_CTRL  
01-19 16:10:33.950: E/SurfaceFlinger(153): eventControl(0, 1) failed No such file or directory
01-19 16:10:33.950: E/ThermalDaemon(1002): CPU[3] offline
01-19 16:10:33.950: E/ThermalDaemon(1002): CPU[2] offline
01-19 16:10:33.970: E/hwcomposer(153): hwc_eventControl:141  start MSMFB_OVERLAY_VSYNC_CTRL  
01-19 16:10:33.980: E/SurfaceFlinger(153): eventControl(0, 0) failed No such file or directory
01-19 16:10:33.990: E/hwcomposer(153): hwc_eventControl:141  start MSMFB_OVERLAY_VSYNC_CTRL  
01-19 16:10:33.990: E/SurfaceFlinger(153): eventControl(0, 0) failed No such file or directory
01-19 16:10:34.000: E/hwcomposer(153): hwc_eventControl:141  start MSMFB_OVERLAY_VSYNC_CTRL  
01-19 16:10:34.000: E/SurfaceFlinger(153): eventControl(0, 1) failed No such file or directory
01-19 16:10:34.030: E/hwcomposer(153): hwc_eventControl:141  start MSMFB_OVERLAY_VSYNC_CTRL  
01-19 16:10:34.030: E/SurfaceFlinger(153): eventControl(0, 0) failed No such file or directory
01-19 16:10:34.050: E/hwcomposer(153): hwc_eventControl:141  start MSMFB_OVERLAY_VSYNC_CTRL  
01-19 16:10:34.050: E/SurfaceFlinger(153): eventControl(0, 0) failed No such file or directory
01-19 16:10:34.060: E/hwcomposer(153): hwc_eventControl:141  start MSMFB_OVERLAY_VSYNC_CTRL  
01-19 16:10:34.060: E/SurfaceFlinger(153): eventControl(0, 1) failed No such file or directory
01-19 16:10:34.080: E/hwcomposer(153): hwc_eventControl:141  start MSMFB_OVERLAY_VSYNC_CTRL  
01-19 16:10:34.080: E/SurfaceFlinger(153): eventControl(0, 0) failed No such file or directory
01-19 16:10:34.100: E/hwcomposer(153): hwc_eventControl:141  start MSMFB_OVERLAY_VSYNC_CTRL  
01-19 16:10:34.100: E/SurfaceFlinger(153): eventControl(0, 0) failed No such file or directory
01-19 16:10:34.110: E/hwcomposer(153): hwc_eventControl:141  start MSMFB_OVERLAY_VSYNC_CTRL  
01-19 16:10:34.110: E/SurfaceFlinger(153): eventControl(0, 1) failed No such file or directory
01-19 16:10:34.140: E/hwcomposer(153): hwc_eventControl:141  start MSMFB_OVERLAY_VSYNC_CTRL  
01-19 16:10:34.140: E/SurfaceFlinger(153): eventControl(0, 0) failed No such file or directory
01-19 16:10:34.150: E/hwcomposer(153): hwc_eventControl:141  start MSMFB_OVERLAY_VSYNC_CTRL  
01-19 16:10:34.150: E/SurfaceFlinger(153): eventControl(0, 0) failed No such file or directory
01-19 16:10:34.160: E/hwcomposer(153): hwc_eventControl:141  start MSMFB_OVERLAY_VSYNC_CTRL  
01-19 16:10:34.160: E/SurfaceFlinger(153): eventControl(0, 1) failed No such file or directory
01-19 16:10:34.190: D/StateMachine(523): handleMessage: E msg.what=131155
01-19 16:10:34.190: E/hwcomposer(153): hwc_eventControl:141  start MSMFB_OVERLAY_VSYNC_CTRL  
01-19 16:10:34.190: D/StateMachine(523): processMsg: ConnectedState
01-19 16:10:34.190: D/WifiStateMachine(523): ConnectedState{ what=131155 when=-3ms arg1=59 }
01-19 16:10:34.190: E/SurfaceFlinger(153): eventControl(0, 0) failed No such file or directory
01-19 16:10:34.190: D/StateMachine(523): processMsg: L2ConnectedState
01-19 16:10:34.190: D/WifiStateMachine(523): L2ConnectedState{ what=131155 when=-7ms arg1=59 }
01-19 16:10:34.190: D/StateMachine(523): handleMessage: X
01-19 16:10:34.210: E/hwcomposer(153): hwc_eventControl:141  start MSMFB_OVERLAY_VSYNC_CTRL  
01-19 16:10:34.210: E/SurfaceFlinger(153): eventControl(0, 0) failed No such file or directory
01-19 16:10:34.220: E/hwcomposer(153): hwc_eventControl:141  start MSMFB_OVERLAY_VSYNC_CTRL  
01-19 16:10:34.220: E/SurfaceFlinger(153): eventControl(0, 1) failed No such file or directory
01-19 16:10:34.240: E/hwcomposer(153): hwc_eventControl:141  start MSMFB_OVERLAY_VSYNC_CTRL  
01-19 16:10:34.240: E/SurfaceFlinger(153): eventControl(0, 0) failed No such file or directory
01-19 16:10:34.260: E/hwcomposer(153): hwc_eventControl:141  start MSMFB_OVERLAY_VSYNC_CTRL  
01-19 16:10:34.260: E/SurfaceFlinger(153): eventControl(0, 0) failed No such file or directory
01-19 16:10:34.270: E/hwcomposer(153): hwc_eventControl:141  start MSMFB_OVERLAY_VSYNC_CTRL  
01-19 16:10:34.270: E/SurfaceFlinger(153): eventControl(0, 1) failed No such file or directory
01-19 16:10:34.300: E/hwcomposer(153): hwc_eventControl:141  start MSMFB_OVERLAY_VSYNC_CTRL  
01-19 16:10:34.300: E/SurfaceFlinger(153): eventControl(0, 0) failed No such file or directory
01-19 16:10:34.320: E/hwcomposer(153): hwc_eventControl:141  start MSMFB_OVERLAY_VSYNC_CTRL  
01-19 16:10:34.320: E/SurfaceFlinger(153): eventControl(0, 1) failed No such file or directory
01-19 16:10:34.350: E/hwcomposer(153): hwc_eventControl:141  start MSMFB_OVERLAY_VSYNC_CTRL  
01-19 16:10:34.350: E/SurfaceFlinger(153): eventControl(0, 0) failed No such file or directory
01-19 16:10:34.370: E/hwcomposer(153): hwc_eventControl:141  start MSMFB_OVERLAY_VSYNC_CTRL  
01-19 16:10:34.370: E/SurfaceFlinger(153): eventControl(0, 0) failed No such file or directory
01-19 16:10:34.370: E/hwcomposer(153): hwc_eventControl:141  start MSMFB_OVERLAY_VSYNC_CTRL  
01-19 16:10:34.370: E/SurfaceFlinger(153): eventControl(0, 1) failed No such file or directory
01-19 16:10:34.400: E/hwcomposer(153): hwc_eventControl:141  start MSMFB_OVERLAY_VSYNC_CTRL  
01-19 16:10:34.400: E/SurfaceFlinger(153): eventControl(0, 0) failed No such file or directory
01-19 16:10:34.420: E/hwcomposer(153): hwc_eventControl:141  start MSMFB_OVERLAY_VSYNC_CTRL  
01-19 16:10:34.420: E/SurfaceFlinger(153): eventControl(0, 0) failed No such file or directory
01-19 16:10:34.430: E/hwcomposer(153): hwc_eventControl:141  start MSMFB_OVERLAY_VSYNC_CTRL  
01-19 16:10:34.430: E/SurfaceFlinger(153): eventControl(0, 1) failed No such file or directory
01-19 16:10:34.460: E/hwcomposer(153): hwc_eventControl:141  start MSMFB_OVERLAY_VSYNC_CTRL  
01-19 16:10:34.460: E/SurfaceFlinger(153): eventControl(0, 0) failed No such file or directory
01-19 16:10:34.460: D/CDMAservicetracker(704): [CdmaServiceStateTracker] cdmaservicestatetracker Receive  msg.what = 12
01-19 16:10:34.460: D/CDMAservicetracker(704): [CdmaServiceStateTracker] Receive EVENT_SIGNAL_STRENGTH_UPDATE	
01-19 16:10:34.470: D/CDMAservicetracker(704): onSignalStrengthResult defaultmode = 0
01-19 16:10:34.470: D/CDMAservicetracker(704): onSignalStrengthResult() mSignalStrength = SignalStrength: 99 -1 -79 -70 -81 -95 2 -1 -1 -1 2147483647 -1 cdma 0
01-19 16:10:34.470: D/CDMAservicetracker(704): The signalStrength will be refreshed without any judgement
01-19 16:10:34.470: W/System.err(19671): android.content.ReceiverCallNotAllowedException: IntentReceiver components are not allowed to register to receive intents
01-19 16:10:34.470: E/hwcomposer(153): hwc_eventControl:141  start MSMFB_OVERLAY_VSYNC_CTRL  
01-19 16:10:34.480: E/SurfaceFlinger(153): eventControl(0, 0) failed No such file or directory
01-19 16:10:34.480: W/System.err(19671): 	at android.app.ReceiverRestrictedContext.registerReceiver(ContextImpl.java:128)
01-19 16:10:34.480: W/System.err(19671): 	at android.app.ReceiverRestrictedContext.registerReceiver(ContextImpl.java:122)
01-19 16:10:34.480: W/System.err(19671): 	at com.cleanmaster.base.d.v(Commons.java:4633)
01-19 16:10:34.480: W/System.err(19671): 	at com.ijinshan.cleaner.receiver.y.run(ScreenUnlockReceiver.java:199)
01-19 16:10:34.480: W/System.err(19671): 	at android.os.Handler.handleCallback(Handler.java:615)
01-19 16:10:34.480: W/System.err(19671): 	at android.os.Handler.dispatchMessage(Handler.java:92)
01-19 16:10:34.480: W/System.err(19671): 	at android.os.Looper.loop(Looper.java:137)
01-19 16:10:34.480: D/CDMA1_C(704): CP_COMM: notifySignalStrength getDesiredPowerState = true
01-19 16:10:34.480: W/System.err(19671): 	at android.app.ActivityThread.main(ActivityThread.java:4802)
01-19 16:10:34.490: W/System.err(19671): 	at java.lang.reflect.Method.invokeNative(Native Method)
01-19 16:10:34.490: W/System.err(19671): 	at java.lang.reflect.Method.invoke(Method.java:511)
01-19 16:10:34.490: W/System.err(19671): 	at com.android.internal.os.ZygoteInit$MethodAndArgsCaller.run(ZygoteInit.java:809)
01-19 16:10:34.490: D/TelephonyRegistry(523): notifyDualSignalStrength: SignalStrength: 99 -1 -79 -70 -81 -95 2 -1 -1 -1 2147483647 -1 cdma 0,phoneId:1
01-19 16:10:34.490: D/TelephonyRegistry(523): sendDualSignalStrength: SignalStrength: 99 -1 -79 -70 -81 -95 2 -1 -1 -1 2147483647 -1 cdma 01
01-19 16:10:34.490: D/TelephonyRegistry(523): sendDualSignalStrength SimCard state:UNKNOWN
01-19 16:10:34.490: D/TelephonyRegistry(523): sendDualSignalStrength: SignalStrength: 99 -1 -79 -70 -81 -95 2 -1 -1 -1 2147483647 -1 cdma 01
01-19 16:10:34.490: E/hwcomposer(153): hwc_eventControl:141  start MSMFB_OVERLAY_VSYNC_CTRL  
01-19 16:10:34.490: D/TelephonyRegistry(523): sendDualSignalStrength SimCard state:UNKNOWN
01-19 16:10:34.490: D/TelephonyRegistry(523): sendDualSignalStrength: SignalStrength: 99 -1 -79 -70 -81 -95 2 -1 -1 -1 2147483647 -1 cdma 01
01-19 16:10:34.490: D/TelephonyRegistry(523): sendDualSignalStrength RuimCard state:READY
01-19 16:10:34.490: E/SurfaceFlinger(153): eventControl(0, 1) failed No such file or directory
01-19 16:10:34.490: D/TelephonyRegistry(523): sendDualSignalStrength: SignalStrength: 99 -1 -79 -70 -81 -95 2 -1 -1 -1 2147483647 -1 cdma 01
01-19 16:10:34.490: D/TelephonyRegistry(523): sendDualSignalStrength SimCard state:UNKNOWN
01-19 16:10:34.490: D/TelephonyRegistry(523): sendDualSignalStrength: SignalStrength: 99 -1 -79 -70 -81 -95 2 -1 -1 -1 2147483647 -1 cdma 01
01-19 16:10:34.490: D/TelephonyRegistry(523): sendDualSignalStrength SimCard state:UNKNOWN
01-19 16:10:34.500: D/TelephonyRegistry(523): sendDualSignalStrength: SignalStrength: 99 -1 -79 -70 -81 -95 2 -1 -1 -1 2147483647 -1 cdma 01
01-19 16:10:34.500: D/CP_COMM: CPPhoneStateListener(25655): what=0x100 msg={ what=256 when=-2ms arg1=1 obj=SignalStrength: 99 -1 -79 -70 -81 -95 2 -1 -1 -1 2147483647 -1 cdma 0 }
01-19 16:10:34.500: D/TelephonyRegistry(523): sendDualSignalStrength SimCard state:UNKNOWN
01-19 16:10:34.500: I/PhoneModeService(704): CP_COMM: 9060???????ε?NativeService???? getSlotConnectMode
01-19 16:10:34.500: D/PhoneModeService(704): convertPhoneIdToSlotId phoneId = 1 mSlotConnectMode =0 slotId = 0
01-19 16:10:34.500: W/SignalStrength(523): getCdmaLevel=5
01-19 16:10:34.500: W/SignalStrength(523): getEvdoLevel=5
01-19 16:10:34.500: W/SignalStrength(523): getLevel=5
01-19 16:10:34.500: W/SignalStrength(25655): getCdmaLevel=5
01-19 16:10:34.500: W/SignalStrength(25655): getEvdoLevel=5
01-19 16:10:34.500: W/System.err(19671): 	at com.android.internal.os.ZygoteInit.main(ZygoteInit.java:576)
01-19 16:10:34.500: W/System.err(19671): 	at dalvik.system.NativeStart.main(Native Method)
01-19 16:10:34.500: D/StatusBar.NetworkController(25655): StatusBarPolicy, onDualSignalStrengthsChanged SignalStrength: 99 -1 -79 -70 -81 -95 2 -1 -1 -1 2147483647 -1 cdma 0 phoneId 1
01-19 16:10:34.500: D/StatusBar.NetworkControllerCG(25655): getStatusBarPhoneId phoneId = 1 statusbarPhoneId = 1
01-19 16:10:34.500: D/StatusBar.NetworkControllerCG(25655): CardIsReady phoneId = 1 cardState = READY
01-19 16:10:34.500: D/StatusBar.NetworkController(25655): isEvdo phoneId = 1
01-19 16:10:34.500: D/StatusBar.NetworkController(25655): isEvdo phoneId = 1 true
01-19 16:10:34.500: D/StatusBar.NetworkController(25655): updateTelephonySignalStrength isEvdo = true cdmaLvl = 5 evdoLvl = 5
01-19 16:10:34.500: D/StatusBar.NetworkController(25655): updateTelephonySignalStrength phoneid = 1 stateValue = 0 iconLvl = 35
01-19 16:10:34.500: D/StatusBar.NetworkControllerCG(25655): calculatePhoneSignalIcon phoneId = 1 iconLvl = 35
01-19 16:10:34.500: D/StatusBar.NetworkControllerCG(25655): calculatePhoneSignalIcon isCdma = true
01-19 16:10:34.500: D/StatusBar.NetworkController(25655): refreshYulongCluster: signal: 1 => com.android.systemui:drawable/stat_sys_signal_35_cdma 2 => com.android.systemui:drawable/stat_sys_signal_null mLastPhoneSignalIconId = 2130837789 mPhoneSignalIconId = 2130837789 mLastPhoneSignalOhterIconId = 2130837847 mPhoneSignalOtherIconId = 2130837847 mLastMainCard = -1 mCurMainCard = -1 mLastRoamingIconId 0 mCurRoamingIconId 0 mLastRoamingOtherIconId 0 mCurRoamingOtherIconId0 mDataIconVisible = false mDataTypeIconId = 0
01-19 16:10:34.500: D/StatusBar.NetworkControllerSC(25655): refreshYulongCluster mSignalLastUsingPhoneId = 1 mSignalUsingPhoneId = 1
01-19 16:10:34.510: E/hwcomposer(153): hwc_eventControl:141  start MSMFB_OVERLAY_VSYNC_CTRL  
01-19 16:10:34.510: E/SurfaceFlinger(153): eventControl(0, 0) failed No such file or directory
01-19 16:10:34.530: E/hwcomposer(153): hwc_eventControl:141  start MSMFB_OVERLAY_VSYNC_CTRL  
01-19 16:10:34.530: E/SurfaceFlinger(153): eventControl(0, 0) failed No such file or directory
01-19 16:10:34.540: E/hwcomposer(153): hwc_eventControl:141  start MSMFB_OVERLAY_VSYNC_CTRL  
01-19 16:10:34.540: E/SurfaceFlinger(153): eventControl(0, 1) failed No such file or directory
01-19 16:10:34.560: E/hwcomposer(153): hwc_eventControl:141  start MSMFB_OVERLAY_VSYNC_CTRL  
01-19 16:10:34.560: E/SurfaceFlinger(153): eventControl(0, 0) failed No such file or directory
01-19 16:10:34.580: E/hwcomposer(153): hwc_eventControl:141  start MSMFB_OVERLAY_VSYNC_CTRL  
01-19 16:10:34.580: E/SurfaceFlinger(153): eventControl(0, 0) failed No such file or directory
01-19 16:10:34.590: E/hwcomposer(153): hwc_eventControl:141  start MSMFB_OVERLAY_VSYNC_CTRL  
01-19 16:10:34.590: E/SurfaceFlinger(153): eventControl(0, 1) failed No such file or directory
01-19 16:10:34.620: E/hwcomposer(153): hwc_eventControl:141  start MSMFB_OVERLAY_VSYNC_CTRL  
01-19 16:10:34.620: E/SurfaceFlinger(153): eventControl(0, 0) failed No such file or directory
01-19 16:10:34.630: E/hwcomposer(153): hwc_eventControl:141  start MSMFB_OVERLAY_VSYNC_CTRL  
01-19 16:10:34.640: E/SurfaceFlinger(153): eventControl(0, 0) failed No such file or directory
01-19 16:10:34.640: E/hwcomposer(153): hwc_eventControl:141  start MSMFB_OVERLAY_VSYNC_CTRL  
01-19 16:10:34.640: E/SurfaceFlinger(153): eventControl(0, 1) failed No such file or directory
01-19 16:10:34.650: I/WifiConnect(523): AsyncServiceHandler: msg = { what=151574 when=-1ms arg1=91 }
01-19 16:10:34.670: E/hwcomposer(153): hwc_eventControl:141  start MSMFB_OVERLAY_VSYNC_CTRL  
01-19 16:10:34.670: E/SurfaceFlinger(153): eventControl(0, 0) failed No such file or directory
01-19 16:10:34.690: E/hwcomposer(153): hwc_eventControl:141  start MSMFB_OVERLAY_VSYNC_CTRL  
01-19 16:10:34.690: E/SurfaceFlinger(153): eventControl(0, 0) failed No such file or directory
01-19 16:10:34.690: E/hwcomposer(153): hwc_eventControl:141  start MSMFB_OVERLAY_VSYNC_CTRL  
01-19 16:10:34.700: E/SurfaceFlinger(153): eventControl(0, 1) failed No such file or directory
01-19 16:10:34.720: E/hwcomposer(153): hwc_eventControl:141  start MSMFB_OVERLAY_VSYNC_CTRL  
01-19 16:10:34.720: E/SurfaceFlinger(153): eventControl(0, 1) failed No such file or directory
01-19 16:10:34.720: D/StatusBar.BatteryController(25655): updateIcons mIsDouBattery = false mIsCharging = true mCurBatteryLevel = 27 mCurUsingIconLevel = 73
01-19 16:10:34.730: D/StatusBar.BatteryController(25655): handleMessage mCurLevel = 5 mBattery = 1
01-19 16:10:34.740: E/hwcomposer(153): hwc_prepare:84  start  
01-19 16:10:34.740: E/hwcomposer(153): hwc_prepare:120  stop  
01-19 16:10:34.740: E/hwcomposer(153): hwc_eventControl:141  start MSMFB_OVERLAY_VSYNC_CTRL  
01-19 16:10:34.740: E/SurfaceFlinger(153): eventControl(0, 0) failed No such file or directory
01-19 16:10:34.740: E/hwcomposer(153): hwc_set:207  start  
01-19 16:10:34.780: E/hwcomposer(153): hwc_eventControl:141  start MSMFB_OVERLAY_VSYNC_CTRL  
01-19 16:10:34.760: E/hwcomposer(153): hwc_set:215  start eglSwapBuffers  
01-19 16:10:34.780: E/SurfaceFlinger(153): eventControl(0, 0) failed No such file or directory
01-19 16:10:34.780: E/gralloc(153): fb_post:129  start  FBIOPUT_VSCREENINFO  
01-19 16:10:34.780: E/hwcomposer(153): hwc_eventControl:141  start MSMFB_OVERLAY_VSYNC_CTRL  
01-19 16:10:34.780: E/SurfaceFlinger(153): eventControl(0, 1) failed No such file or directory
01-19 16:10:34.780: E/hwcomposer(153): hwc_set:217  end eglSwapBuffers 
01-19 16:10:34.780: E/hwcomposer(153): hwc_set:233  end 
01-19 16:10:34.790: E/gralloc(153): fb_post:136  end  FBIOPUT_VSCREENINFO  
01-19 16:10:34.810: E/hwcomposer(153): hwc_eventControl:141  start MSMFB_OVERLAY_VSYNC_CTRL  
01-19 16:10:34.810: E/SurfaceFlinger(153): eventControl(0, 0) failed No such file or directory
01-19 16:10:34.830: E/hwcomposer(153): hwc_eventControl:141  start MSMFB_OVERLAY_VSYNC_CTRL  
01-19 16:10:34.830: E/SurfaceFlinger(153): eventControl(0, 0) failed No such file or directory
01-19 16:10:34.840: E/hwcomposer(153): hwc_eventControl:141  start MSMFB_OVERLAY_VSYNC_CTRL  
01-19 16:10:34.840: E/SurfaceFlinger(153): eventControl(0, 1) failed No such file or directory
01-19 16:10:34.870: E/hwcomposer(153): hwc_eventControl:141  start MSMFB_OVERLAY_VSYNC_CTRL  
01-19 16:10:34.870: E/SurfaceFlinger(153): eventControl(0, 0) failed No such file or directory
01-19 16:10:34.880: E/hwcomposer(153): hwc_eventControl:141  start MSMFB_OVERLAY_VSYNC_CTRL  
01-19 16:10:34.880: E/SurfaceFlinger(153): eventControl(0, 0) failed No such file or directory
01-19 16:10:34.890: E/hwcomposer(153): hwc_eventControl:141  start MSMFB_OVERLAY_VSYNC_CTRL  
01-19 16:10:34.890: E/SurfaceFlinger(153): eventControl(0, 1) failed No such file or directory
01-19 16:10:34.920: E/hwcomposer(153): hwc_eventControl:141  start MSMFB_OVERLAY_VSYNC_CTRL  
01-19 16:10:34.920: E/SurfaceFlinger(153): eventControl(0, 0) failed No such file or directory
01-19 16:10:34.940: E/hwcomposer(153): hwc_eventControl:141  start MSMFB_OVERLAY_VSYNC_CTRL  
01-19 16:10:34.940: E/SurfaceFlinger(153): eventControl(0, 0) failed No such file or directory
01-19 16:10:34.950: E/hwcomposer(153): hwc_eventControl:141  start MSMFB_OVERLAY_VSYNC_CTRL  
01-19 16:10:34.950: E/SurfaceFlinger(153): eventControl(0, 1) failed No such file or directory
01-19 16:10:34.970: E/hwcomposer(153): hwc_eventControl:141  start MSMFB_OVERLAY_VSYNC_CTRL  
01-19 16:10:34.970: E/SurfaceFlinger(153): eventControl(0, 0) failed No such file or directory
01-19 16:10:34.990: E/hwcomposer(153): hwc_eventControl:141  start MSMFB_OVERLAY_VSYNC_CTRL  
01-19 16:10:34.990: E/SurfaceFlinger(153): eventControl(0, 0) failed No such file or directory
01-19 16:10:35.000: E/hwcomposer(153): hwc_eventControl:141  start MSMFB_OVERLAY_VSYNC_CTRL  
01-19 16:10:35.000: E/SurfaceFlinger(153): eventControl(0, 1) failed No such file or directory
01-19 16:10:35.030: E/hwcomposer(153): hwc_eventControl:141  start MSMFB_OVERLAY_VSYNC_CTRL  
01-19 16:10:35.030: E/SurfaceFlinger(153): eventControl(0, 0) failed No such file or directory
01-19 16:10:35.040: E/hwcomposer(153): hwc_eventControl:141  start MSMFB_OVERLAY_VSYNC_CTRL  
01-19 16:10:35.050: E/SurfaceFlinger(153): eventControl(0, 0) failed No such file or directory
01-19 16:10:35.060: E/hwcomposer(153): hwc_eventControl:141  start MSMFB_OVERLAY_VSYNC_CTRL  
01-19 16:10:35.060: E/SurfaceFlinger(153): eventControl(0, 1) failed No such file or directory
01-19 16:10:35.080: E/hwcomposer(153): hwc_eventControl:141  start MSMFB_OVERLAY_VSYNC_CTRL  
01-19 16:10:35.080: E/SurfaceFlinger(153): eventControl(0, 0) failed No such file or directory
01-19 16:10:35.100: E/hwcomposer(153): hwc_eventControl:141  start MSMFB_OVERLAY_VSYNC_CTRL  
01-19 16:10:35.100: E/SurfaceFlinger(153): eventControl(0, 0) failed No such file or directory
01-19 16:10:35.110: E/hwcomposer(153): hwc_eventControl:141  start MSMFB_OVERLAY_VSYNC_CTRL  
01-19 16:10:35.110: E/SurfaceFlinger(153): eventControl(0, 1) failed No such file or directory
01-19 16:10:35.130: E/hwcomposer(153): hwc_eventControl:141  start MSMFB_OVERLAY_VSYNC_CTRL  
01-19 16:10:35.130: E/SurfaceFlinger(153): eventControl(0, 0) failed No such file or directory
01-19 16:10:35.150: E/hwcomposer(153): hwc_eventControl:141  start MSMFB_OVERLAY_VSYNC_CTRL  
01-19 16:10:35.150: E/SurfaceFlinger(153): eventControl(0, 0) failed No such file or directory
01-19 16:10:35.160: E/hwcomposer(153): hwc_eventControl:141  start MSMFB_OVERLAY_VSYNC_CTRL  
01-19 16:10:35.160: E/SurfaceFlinger(153): eventControl(0, 1) failed No such file or directory
01-19 16:10:35.190: E/hwcomposer(153): hwc_eventControl:141  start MSMFB_OVERLAY_VSYNC_CTRL  
01-19 16:10:35.190: E/SurfaceFlinger(153): eventControl(0, 0) failed No such file or directory
01-19 16:10:35.200: D/AlarmManagerService(523): waitForAlarm result = 2
01-19 16:10:35.210: E/hwcomposer(153): hwc_eventControl:141  start MSMFB_OVERLAY_VSYNC_CTRL  
01-19 16:10:35.210: E/SurfaceFlinger(153): eventControl(0, 0) failed No such file or directory
01-19 16:10:35.210: E/hwcomposer(153): hwc_eventControl:141  start MSMFB_OVERLAY_VSYNC_CTRL  
01-19 16:10:35.210: E/AlarmManagerService(523): set alarm to 1453191093. 054000000n
01-19 16:10:35.210: E/SurfaceFlinger(153): eventControl(0, 1) failed No such file or directory
01-19 16:10:35.210: V/AlarmManagerService(523): Checking for alarms... rtc=1453191035216, elapsed=362911756
01-19 16:10:35.210: V/AlarmManagerService(523): run/result = 2
01-19 16:10:35.210: D/AlarmManagerService(523): mDescriptor = 89 alarm.type = 1 alarm.operation = PendingIntent{4315b740: PendingIntentRecord{43217308 com.UCMobile broadcastIntent}}
01-19 16:10:35.220: E/AlarmManagerService(523): com_android_server_AlarmManagerService/set result=ioctl()>=0 type = 1
01-19 16:10:35.220: D/AlarmManagerService(523): sending alarm/alarm = Alarm{430c3360 type 1 com.UCMobile}, alarm.operation = PendingIntent{430a8528: PendingIntentRecord{430b1540 com.UCMobile broadcastIntent}}
01-19 16:10:35.230: V/PowerManager(523): acquire/mToken = android.os.Binder@42918d90
01-19 16:10:35.230: V/PowerManager(523): acquireLocked/mFlags = 1 mToken = android.os.Binder@42918d90 mTag = AlarmManagerService mWorkSource = android.os.WorkSource@42cbd370
01-19 16:10:35.230: V/PowerManager(523): acquireLocked/mRefCounted = true mCount = 1
01-19 16:10:35.230: D/PowerManagerService(523): acquireWakeLockLocked/flags=0x1 tag=AlarmManagerService pid = 523 uid = 1000
01-19 16:10:35.240: E/hwcomposer(153): hwc_eventControl:141  start MSMFB_OVERLAY_VSYNC_CTRL  
01-19 16:10:35.240: E/SurfaceFlinger(153): eventControl(0, 0) failed No such file or directory
01-19 16:10:35.250: D/AlarmManagerService(523): onSendFinished/release all alarm wake lock
01-19 16:10:35.250: V/PowerManager(523): release/flags = 0 mToken = android.os.Binder@42918d90 mTag = AlarmManagerService mWorkSource = android.os.WorkSource@42cbd370
01-19 16:10:35.250: V/PowerManager(523): release/mRefCounted = true mCount = 0
01-19 16:10:35.250: I/PowerManagerService(523): releaseWakeLockLocked/wl.tag = AlarmManagerService wl.flags = 1 enduration = 18 lock = android.os.Binder@42918d90
01-19 16:10:35.260: E/hwcomposer(153): hwc_eventControl:141  start MSMFB_OVERLAY_VSYNC_CTRL  
01-19 16:10:35.260: E/SurfaceFlinger(153): eventControl(0, 0) failed No such file or directory
01-19 16:10:35.260: D/ConnectivityService(523): getActiveNetworkInfo: mActiveDefaultNetwork = 1 pid = 20251
01-19 16:10:35.260: D/ConnectivityService(523): getNetworkInfo_2: networkType = 1 uid = 10084
01-19 16:10:35.260: D/ConnectivityService(523): getNetworkInfo_2 = NetworkInfo: type: WIFI[], state: CONNECTED/CONNECTED, reason: (unspecified), extra: (none), roaming: false, failover: false, isAvailable: true
01-19 16:10:35.270: E/hwcomposer(153): hwc_eventControl:141  start MSMFB_OVERLAY_VSYNC_CTRL  
01-19 16:10:35.270: E/SurfaceFlinger(153): eventControl(0, 1) failed No such file or directory
01-19 16:10:35.270: V/AlarmManagerService(523): set/type = 1 triggerAtTime = 2016-01-19 17:10:35 operation = PendingIntent{4304c608: PendingIntentRecord{43048748 com.UCMobile broadcastIntent}} packageName = com.UCMobile
01-19 16:10:35.270: W/AlarmManagerService(523): removeLocked0/before remove/alarmList = [Alarm{42d32708 type 0 com.cleanmaster.mguard_cn}, Alarm{42ad8a90 type 0 com.icoolme.android.weather}, Alarm{42cbaad0 type 0 com.cleanmaster.mguard_cn}, Alarm{434ba710 type 0 com.ijinshan.ShouJiKongService}, Alarm{42a8f848 type 0 com.ijinshan.ShouJiKongService}, Alarm{42fbb4b8 type 0 com.ijinshan.ShouJiKongService}, Alarm{42d3b690 type 0 com.ctc.epush}, Alarm{430eb6d0 type 0 com.android.providers.calendar}, Alarm{42c0d488 type 0 com.android.providers.calendar}, Alarm{42c56640 type 0 com.android.providers.calendar}, Alarm{42c99b30 type 0 com.yulong.android.calendar}, Alarm{42adae50 type 0 com.cleanmaster.security_cn}, Alarm{42a234c0 type 0 telecom.mdesk}, Alarm{430ecb30 type 0 com.ijinshan.ShouJiKongService}, Alarm{429c50c8 type 0 com.ijinshan.ShouJiKongService}, Alarm{42ae8fc0 type 0 com.ijinshan.ShouJiKongService}, Alarm{4314c0f8 type 0 com.ijinshan.ShouJiKongService}, Alarm{428672c0 type 0 com.netease.newsreader.activity}] operation = PendingIntent{4304c608: PendingIntentRecord{43048748 com.UCMobile broadcastIntent}}
