01-25 09:51:21.645: V/AlarmManager(375): Checking for alarms... rtc=1453686681652, elapsed=226679000
01-25 09:51:21.645: V/AlarmManager(375): Checking active alarm when=1453686681650 Alarm{41ecc0a8 type 1 com.kingreader.framework}
01-25 09:51:21.645: V/AlarmManager(375): Alarm triggering: Alarm{41ecc0a8 type 1 com.kingreader.framework}
01-25 09:51:21.652: V/AlarmManager(375): Checking active alarm when=1453686686198 Alarm{41dcfec0 type 1 com.UCMobile}
01-25 09:51:21.652: V/AlarmManager(375): Adding alarm Alarm{41ecc0a8 type 1 com.kingreader.framework} at 3
01-25 09:51:21.652: V/AlarmManager(375): The statePoweron is :normal
01-25 09:51:21.652: V/AlarmManager(375): sending alarm Alarm{41ecc0a8 type 1 com.kingreader.framework}
01-25 09:51:21.676: E/dalvikvm(9171): GC_CONCURRENT freed 411K, 36% free 15124K/23619K, paused 2ms+2ms, total 21ms
01-25 09:51:22.356: D/libgps(375): agps_ril_update_network_availability: Waiting for IPC connection - timeout
01-25 09:51:22.356: E/libgps(375): LIBGPS: Cannot communicate (write) with a GPSD
01-25 09:51:22.356: E/libgps(375): IPC Communication Error, /tmp/11981473/customers/broadcom/jbandroid/../../../proprietary/deliverables/android/gps_interface/../gps_interface/gpsi_client/GpsiClient.cpp:1213 agps_ril_update_network_availability
01-25 09:51:25.004: D/WifiService(375): ACTION_BATTERY_CHANGED pluggedType: 2
01-25 09:51:25.012: W/PowerUI(474): Low power,stop 30 seconds timer and dismiss the dialog: Warning!INTENT:ACTION_REQUEST_SHUTDOWN
01-25 09:51:25.231: D/skia(2310): SkGraphics::Init() - BLTsville (CPU) dlopen success
01-25 09:51:25.231: D/AndroidRuntime(2310): >>>>>> AndroidRuntime START com.android.internal.os.RuntimeInit <<<<<<
01-25 09:51:25.231: D/AndroidRuntime(2310): CheckJNI is OFF
01-25 09:51:25.254: D/dalvikvm(2310): Trying to load lib libjavacore.so 0x0
01-25 09:51:25.254: D/dalvikvm(2310): Added shared lib libjavacore.so 0x0
01-25 09:51:25.270: D/dalvikvm(2310): Trying to load lib libnativehelper.so 0x0
01-25 09:51:25.270: D/dalvikvm(2310): Added shared lib libnativehelper.so 0x0
01-25 09:51:25.402: D/libhardware_fm.cpp(2310): [fm_init], libname[libbcmfm_if]
01-25 09:51:25.402: D/libhardware_fm.cpp(2310): fm_get_module entrance
01-25 09:51:25.402: D/libhardware_fm.cpp(2310): load entrance
01-25 09:51:25.410: D/libhardware_fm.cpp(2310): fm_get_module, ret is 0
01-25 09:51:25.410: D/libhardware_fm.cpp(2310): fm_control_open [libbcmfm_if]
01-25 09:51:25.410: D/libhardware_fm.cpp(2310): module name is[fm interface module]
01-25 09:51:25.410: E/fm_if.c(2310): find the id:libbcmfm_if and begins to open the devices
01-25 09:51:25.410: D/fm_if.c(2310): device open sucess, func:fm_device_open,line:1536,ret:0
01-25 09:51:25.410: D/libhardware_fm.cpp(2310): OK ret = [0],0 means success,1 means failure
01-25 09:51:25.410: E/android_hardware_fm.cpp(2310): register_android_hardware_fm_fmradio, ret is 0
01-25 09:51:25.426: D/AndroidRuntime(2310): Calling main entry com.android.commands.am.Am
01-25 09:51:25.434: D/AndroidRuntime(2310): Shutting down VM
01-25 09:51:25.434: I/AndroidRuntime(2310): NOTE: attach of thread 'Binder_3' failed
01-25 09:51:25.434: E/dalvikvm(2310): GC_CONCURRENT freed 104K, 88% free 501K/4096K, paused 0ms+0ms, total 3ms
01-25 09:51:25.442: D/jdwp(2310): Got wake-up signal, bailing out of select
01-25 09:51:25.442: D/dalvikvm(2310): Debugger has detached; object registry had 1 entries
01-25 09:51:25.668: D/skia(2310): SkGraphics::Term() dlclose() BLTsville (CPU) 
01-25 09:51:26.192: V/AlarmManager(375): Checking for alarms... rtc=1453686686198, elapsed=226683545
01-25 09:51:26.192: V/AlarmManager(375): Checking active alarm when=1453686686198 Alarm{41dcfec0 type 1 com.UCMobile}
01-25 09:51:26.192: V/AlarmManager(375): Alarm triggering: Alarm{41dcfec0 type 1 com.UCMobile}
01-25 09:51:26.192: V/AlarmManager(375): Checking active alarm when=1453686705822 Alarm{4221c3c0 type 1 com.UCMobile}
01-25 09:51:26.192: V/AlarmManager(375): The statePoweron is :normal
01-25 09:51:26.192: V/AlarmManager(375): sending alarm Alarm{41dcfec0 type 1 com.UCMobile}
01-25 09:51:26.277: E/dalvikvm(9171): GC_CONCURRENT freed 23K, 37% free 15102K/23619K, paused 6ms+9ms, total 71ms
01-25 09:51:29.442: E/dalvikvm(9171): GC_CONCURRENT freed 65K, 37% free 15103K/23619K, paused 6ms+6ms, total 57ms
01-25 09:51:33.512: D/GsmServiceStateTracker(584): handlePollStateResult hplmn = 46001
01-25 09:51:33.512: D/GsmServiceStateTracker(584): handlePollStateResult regplmn = 46001
01-25 09:51:33.512: D/GsmServiceStateTracker(584): handlePollStateResult plmnCustomString = 46000,46002,46007;24001,24007,24005;24405,24421;24002,24008,24004;46060,46008;23430,23433;21407,21404,21405,21418;21401,21406,21416;21403,21419,21421;20810,20811
01-25 09:51:33.512: D/GsmServiceStateTracker(584): regplmnCustomArray[0] = 46000,46002,46007
01-25 09:51:33.512: D/GsmServiceStateTracker(584): regplmnCustomArray[1] = 24001,24007,24005
01-25 09:51:33.512: D/GsmServiceStateTracker(584): regplmnCustomArray[2] = 24405,24421
01-25 09:51:33.512: D/GsmServiceStateTracker(584): regplmnCustomArray[3] = 24002,24008,24004
01-25 09:51:33.520: D/GsmServiceStateTracker(584): regplmnCustomArray[4] = 46060,46008
01-25 09:51:33.520: D/GsmServiceStateTracker(584): regplmnCustomArray[5] = 23430,23433
01-25 09:51:33.520: D/GsmServiceStateTracker(584): regplmnCustomArray[6] = 21407,21404,21405,21418
01-25 09:51:33.520: D/GsmServiceStateTracker(584): regplmnCustomArray[7] = 21401,21406,21416
01-25 09:51:33.520: D/GsmServiceStateTracker(584): regplmnCustomArray[8] = 21403,21419,21421
01-25 09:51:33.520: D/GsmServiceStateTracker(584): regplmnCustomArray[9] = 20810,20811
01-25 09:51:33.520: D/GsmServiceStateTracker(584): handlePollStateResult roaming = false
01-25 09:51:33.535: D/AlarmManagerService(375): Kernel timezone updated to -480 minutes west of GMT
01-25 09:51:36.668: D/GsmServiceStateTracker(584): handlePollStateResult hplmn = 46001
01-25 09:51:36.668: D/GsmServiceStateTracker(584): handlePollStateResult regplmn = 46001
01-25 09:51:36.668: D/GsmServiceStateTracker(584): handlePollStateResult plmnCustomString = 46000,46002,46007;24001,24007,24005;24405,24421;24002,24008,24004;46060,46008;23430,23433;21407,21404,21405,21418;21401,21406,21416;21403,21419,21421;20810,20811
01-25 09:51:36.668: D/GsmServiceStateTracker(584): regplmnCustomArray[0] = 46000,46002,46007
01-25 09:51:36.668: D/GsmServiceStateTracker(584): regplmnCustomArray[1] = 24001,24007,24005
01-25 09:51:36.668: D/GsmServiceStateTracker(584): regplmnCustomArray[2] = 24405,24421
01-25 09:51:36.668: D/GsmServiceStateTracker(584): regplmnCustomArray[3] = 24002,24008,24004
01-25 09:51:36.668: D/GsmServiceStateTracker(584): regplmnCustomArray[4] = 46060,46008
01-25 09:51:36.668: D/GsmServiceStateTracker(584): regplmnCustomArray[5] = 23430,23433
01-25 09:51:36.668: D/GsmServiceStateTracker(584): regplmnCustomArray[6] = 21407,21404,21405,21418
01-25 09:51:36.668: D/GsmServiceStateTracker(584): regplmnCustomArray[7] = 21401,21406,21416
01-25 09:51:36.668: D/GsmServiceStateTracker(584): regplmnCustomArray[8] = 21403,21419,21421
01-25 09:51:36.668: D/GsmServiceStateTracker(584): regplmnCustomArray[9] = 20810,20811
01-25 09:51:36.668: D/GsmServiceStateTracker(584): handlePollStateResult roaming = false
01-25 09:51:36.676: D/AlarmManagerService(375): Kernel timezone updated to -480 minutes west of GMT
01-25 09:51:37.777: I/TcmInet@native@tcms(1588): cost time=0 seconds
01-25 09:51:37.777: I/TcmInet@native@tcms(1588): login to ip imdef.wangxin.taobao.com:80
01-25 09:51:37.777: I/jni/inet/android/native/common/calljava.cpp(1588): nativeLog
01-25 09:51:37.777: W/TcmInet@native@tcms@loginmynative(1588): [TcmNative-LoginAuthPw]login to ip imdef.wangxin.taobao.com:80
01-25 09:51:37.777: I/nativeLog(1588): begin native log
01-25 09:51:37.777: I/jni/inet/android/native/common/calljava.cpp(1588): getDataNetworkType
01-25 09:51:37.777: I/JNIUtil(1588): getDataNetworkType 2 ret=8
01-25 09:51:37.777: I/TcmInet@native@tcms(1588): conntoServer,:8
01-25 09:51:37.777: I/lzf(1588): gethostbyname normal
01-25 09:51:37.785: I/TcmInet@native@tcms(1588): ims...
01-25 09:51:37.871: I/TcmInet@native@tcms(1588): has connect
01-25 09:51:37.871: I/TcmInet@native@tcms(1588): cost time=0 seconds
01-25 09:51:37.871: I/tcminetimpl@native@tcms(1588): RegisterFd,fd=55
01-25 09:51:37.879: D/TcmsXpushOne@native@tcms(1588): reset()
01-25 09:51:37.879: D/TcmsXpushOne@native@tcms(1588): call tcmsXpushLogin.
01-25 09:51:37.887: D/PersistManager(1588): get, list properties.
01-25 09:51:37.887: D/PersistManager(1588): key:XPUSH_SDK_INFO_V2 value:{"com.comtop.mim":"{\"clientPriority\":14464800,\"disable\":false,\"regTime\":1453363398820,\"callCount\":1,\"appKey\":\"23232985\"}"}
01-25 09:51:37.887: D/PersistManager(1588): key:push_tcms_client_id_key value:a04gig2jepl3ixyz
01-25 09:51:37.895: D/PersistManager(1588): key:push_heart_freq_key value:{"wifi-comtop":276,"MM_AP":180,"460:1:0:0":560}
01-25 09:51:37.895: D/PersistManager(1588): key:push_device_id_key_v1 value:a0z4dbo99afd820c___d5r8adlj1uxcs24h
01-25 09:51:37.895: D/NativeStoreProxy(1588): getString, key:push_device_id_key_v1 value:a0z4dbo99afd820c___d5r8adlj1uxcs24h
01-25 09:51:37.895: I/JavaGlobalStore@native(1588): getString, key:push_device_id_key_v1, value:a0z4dbo99afd820c___d5r8adlj1uxcs24h/n
01-25 09:51:37.902: D/PersistManager(1588): get, list properties.
01-25 09:51:37.902: D/PersistManager(1588): key:XPUSH_SDK_INFO_V2 value:{"com.comtop.mim":"{\"clientPriority\":14464800,\"disable\":false,\"regTime\":1453363398820,\"callCount\":1,\"appKey\":\"23232985\"}"}
01-25 09:51:37.910: D/PersistManager(1588): key:push_tcms_client_id_key value:a04gig2jepl3ixyz
01-25 09:51:37.910: D/PersistManager(1588): key:push_heart_freq_key value:{"wifi-comtop":276,"MM_AP":180,"460:1:0:0":560}
01-25 09:51:37.910: D/PersistManager(1588): key:push_device_id_key_v1 value:a0z4dbo99afd820c___d5r8adlj1uxcs24h
01-25 09:51:37.910: D/NativeStoreProxy(1588): getInt64, key:xpushClient__xpush_push_maxmsgid value:1
01-25 09:51:37.910: I/jni/inet/android/native/common/calljava.cpp(1588): nativeLog
01-25 09:51:37.910: W/JavaGlobalStore@nativemynative(1588): getInt64, key:xpushClient__xpush_push_maxmsgid, value:1/n
01-25 09:51:37.918: I/nativeLog(1588): begin native log
01-25 09:51:37.918: D/TcmsXpushOne@native@tcms(1588): xsession  or workey is empty, return false.
01-25 09:51:37.918: I/jni/inet/android/native/common/calljava.cpp(1588): call getRSAEncryptKey
01-25 09:51:37.918: D/JNIUtil(1588): getRSAEncryptKey
01-25 09:51:37.949: D/test(1588): setInetSecret /n
01-25 09:51:37.949: I/jni/inet/android/native/common/calljava.cpp(1588): nativeLog
01-25 09:51:37.949: W/tcminetimpl@native@tcms@msgmynative(1588): PostMsg,interface=TcmCore,method=exchangeKey,seqid=1,sessionid:0,cmdtype=0,compress=1,encrypted=0
01-25 09:51:37.949: I/nativeLog(1588): begin native log
01-25 09:51:37.949: I/tcminetimpl@native@tcms(1588): postData2Server, seqid:1, data.len:167
01-25 09:51:37.949: I/tcminetimpl@native@tcms(1588): postData2Server, m_seqtsMap.len:0
01-25 09:51:37.949: I/TcmInet@native@tcms(1588): synccall before TimedWait=25 seconds,seqid=1
01-25 09:51:37.957: I/jni/inet/android/native/common/calljava.cpp(1588): nativeLog
01-25 09:51:37.957: W/tcminetimpl@native@tcms@msg@sendbytesmynative(1588): 167,fd=55,error=11
01-25 09:51:37.957: I/nativeLog(1588): begin native log
01-25 09:51:38.082: I/jni/inet/android/native/common/calljava.cpp(1588): nativeLog
01-25 09:51:38.082: W/tcminetimpl@native@tcms@msg@recvbytesmynative(1588): 89,fd=55,bufsize=89
01-25 09:51:38.082: I/nativeLog(1588): begin native log
01-25 09:51:38.082: I/SccomHelper@native(1588): 
01-25 09:51:38.090: I/TcmInet@native@tcms(1588): INetImpl::GetMsg, seqid=1,interface=TcmCore,method=exchangeKey, errcode=0,msgtype=1
01-25 09:51:38.090: I/TcmInet@native@tcms(1588): clientAsyncCallbackThrFunc get a msg, seqId:1526642744
01-25 09:51:38.090: I/TcmInet@native@tcms(1588): clientAsyncCallbackThrFunc get one SyncResponse, Signal,inteface=TcmCore, method=exchangeKey,seqid=0,rspdatasize=1,errcode=0
01-25 09:51:38.090: I/commutils@native(1588): ajustProtocolTimeout from 25 
01-25 09:51:38.098: I/commutils@native(1588): ajustProtocolTimeout to 60
01-25 09:51:38.098: I/TcmInet@native@tcms(1588): synccall  after TimedWait=25 seconds, ret=0, seqid=1
01-25 09:51:38.098: I/jni/inet/android/native/common/calljava.cpp(1588): uniDecodeString
01-25 09:51:38.106: I/jni/inet/android/native/common/calljava.cpp(1588): nativeLog
01-25 09:51:38.113: D/TcmsXpushOne@native@tcms(1588): setWorkKey
01-25 09:51:38.113: D/test(1588): exchangekey workKey:0cef7b1f91b4673b7e796317a8833d5d
01-25 09:51:38.113: D/test(1588): setInetSecret 0cef7b1f91b4673b7e796317a8833d5d/n
01-25 09:51:38.113: I/TcmInet@native@tcms(1588): After Login Success
01-25 09:51:38.113: W/tcminetimpl@native@tcms@msgmynative(1588): SaveRspMsg,interface=TcmCore,method=exchangeKey,seqid=1,sessionId=0,cmdtype=1
01-25 09:51:38.113: I/TcmInet@native@tcms(1588): Finished Login
01-25 09:51:38.121: I/nativeLog(1588): begin native log
01-25 09:51:38.121: D/NativeStoreProxy(1588): putString, key:key_lastips value:imdef.wangxin.taobao.com:80,
01-25 09:51:38.121: D/EnvManager(1588): getEnv:ONLINE
01-25 09:51:38.152: I/JavaGlobalStore@native(1588): putString, key:key_lastips, value:imdef.wangxin.taobao.com:80,/n
01-25 09:51:38.152: I/jni/inet/android/native/common/calljava.cpp(1588): nativeLog
01-25 09:51:38.152: W/tcmsposix@native@tcmsmynative(1588): TCMServicePosix::onConnect, iplist:imdef.wangxin.taobao.com:80,
01-25 09:51:38.152: I/nativeLog(1588): begin native log
01-25 09:51:38.152: D/XPush@native(1588): XPush::onConnectStatus, state:1
01-25 09:51:38.152: D/XPush@native(1588): PushBase::onVConnectStatus, mVConnectStatus:0, state:2
01-25 09:51:38.152: D/XPush@native(1588): onXpushStatus mStatus:-1, status:-1
01-25 09:51:38.160: D/XPush@native(1588): mOutputer->onStatus(2, )
01-25 09:51:38.160: D/XPushJNI@Native(1588): JNIPushConnListenerBridge::onStatus
01-25 09:51:38.160: D/TCMPushIO(1588): TCMPushIO.onStatus, status:2 data:
01-25 09:51:38.160: D/TCMSService(1588): onStatus:2---data:
01-25 09:51:38.160: I/jni/inet/android/native/common/calljava.cpp(1588): nativeLog
01-25 09:51:38.168: W/tcmsposix@native@tcmsmynative(1588): startSession:1, clusterName:devid, routeName:xpush, allotKey:a0z4dbo99afd820c, tryCount:1
01-25 09:51:38.168: I/nativeLog(1588): begin native log
01-25 09:51:38.168: I/jni/inet/android/native/common/calljava.cpp(1588): nativeLog
01-25 09:51:38.168: W/tcminetimpl@native@tcms@msgmynative(1588): PostMsg,interface=ScSession,method=start,seqid=2,sessionid:1,cmdtype=0,compress=1,encrypted=1
01-25 09:51:38.168: I/nativeLog(1588): begin native log
01-25 09:51:38.168: I/WakeupAlarmManager(1588): acquire login wakelock
01-25 09:51:38.176: I/jni/inet/android/native/common/calljava.cpp(1588): uniEncodeString
01-25 09:51:38.176: I/tcminetimpl@native@tcms(1588): postData2Server, seqid:2, data.len:70
01-25 09:51:38.184: I/tcminetimpl@native@tcms(1588): postData2Server, m_seqtsMap.len:0
01-25 09:51:38.184: I/LocalSocketServer@native@tcms(1588): call sendTcmsStatus 0.
01-25 09:51:38.184: I/jni/inet/android/native/common/calljava.cpp(1588): nativeLog
01-25 09:51:38.184: I/jni/inet/android/native/common/calljava.cpp(1588): sendTcmsStatus
01-25 09:51:38.184: W/tcminetimpl@native@tcms@msg@sendbytesmynative(1588): 70,fd=55,error=11
01-25 09:51:38.184: I/nativeLog(1588): begin native log
01-25 09:51:38.184: I/JNIUtil(1588): sendTcmsStatus
01-25 09:51:38.192: D/VConnManager(1588): sendTcmsStatus ok. stauts:0
01-25 09:51:38.192: I/LocalSocketServer@native@tcms(1588): cleanClients() clear all session & all clients
01-25 09:51:38.192: I/LocalSocketServer@native@tcms(1588): stop, mRwPid:0
01-25 09:51:38.192: I/LocalSocketServer@native@tcms(1588): stop, mMainPid:0
01-25 09:51:38.192: I/jni/inet/android/native/common/calljava.cpp(1588): nativeLog
01-25 09:51:38.192: W/LocalSocketServer@native@tcmsmynative(1588): enter listenerThrFunc
01-25 09:51:38.192: I/nativeLog(1588): begin native log
01-25 09:51:38.192: I/jni/inet/android/native/common/calljava.cpp(1588): nativeLog
01-25 09:51:38.199: W/LocalSocketServer@native@tcmsmynative(1588): enter listenLocalSocket()
01-25 09:51:38.199: I/nativeLog(1588): begin native log
01-25 09:51:38.199: I/LocalSocketServer@native@tcms(1588): call sendTcmsStatus 1
01-25 09:51:38.199: I/jni/inet/android/native/common/calljava.cpp(1588): sendTcmsStatus
01-25 09:51:38.199: I/JNIUtil(1588): sendTcmsStatus
01-25 09:51:38.199: D/VConnManager(1588): sendTcmsStatus ok. stauts:1
01-25 09:51:38.199: I/jni/inet/android/native/common/calljava.cpp(1588): nativeLog
01-25 09:51:38.199: W/LocalSocketServer@native@tcmsmynative(1588): localserver, begin listen...
01-25 09:51:38.199: I/nativeLog(1588): begin native log
01-25 09:51:38.199: I/jni/inet/android/native/common/calljava.cpp(1588): nativeLog
01-25 09:51:38.199: I/TcmInet@native@tcms(1588): EMsgCmdType_LoginResult. state:1
01-25 09:51:38.199: W/LocalSocketServer@native@tcmsmynative(1588): localserver, accept...
01-25 09:51:38.199: I/nativeLog(1588): begin native log
01-25 09:51:38.199: I/jni/inet/android/native/common/calljava.cpp(1588): nativeLog
01-25 09:51:38.199: W/LocalSocketServer@native@tcmsmynative(1588): enter readWriteThrFunc
01-25 09:51:38.199: I/nativeLog(1588): begin native log
01-25 09:51:38.277: I/jni/inet/android/native/common/calljava.cpp(1588): nativeLog
01-25 09:51:38.277: W/tcminetimpl@native@tcms@msg@recvbytesmynative(1588): 70,fd=55,bufsize=70
01-25 09:51:38.277: I/nativeLog(1588): begin native log
01-25 09:51:38.277: I/jni/inet/android/native/common/calljava.cpp(1588): uniDecodeString
01-25 09:51:38.277: I/jni/inet/android/native/common/calljava.cpp(1588): nativeLog
01-25 09:51:38.277: I/TcmInet@native@tcms(1588): INetImpl::GetMsg, seqid=2,interface=ScSession,method=start, errcode=0,msgtype=1
01-25 09:51:38.277: I/TcmInet@native@tcms(1588): clientAsyncCallbackThrFunc get a msg, seqId:1526643168
01-25 09:51:38.277: D/tcmsposix@native@tcms(1588): onSendSuccess, interface:ScSession, method:start, data:
01-25 09:51:38.277: D/tcmsposix@native@tcms(1588): sessionId:1 has created
01-25 09:51:38.277: D/XPush@native(1588): PushBase::onVConnectStatus, mVConnectStatus:2, state:1
01-25 09:51:38.277: D/XPush@native(1588): onXpushStatus mStatus:-1, status:-1
01-25 09:51:38.277: D/XPush@native(1588): mOutputer->onStatus(1, )
01-25 09:51:38.285: D/XPushJNI@Native(1588): JNIPushConnListenerBridge::onStatus
01-25 09:51:38.285: D/TCMPushIO(1588): TCMPushIO.onStatus, status:1 data:
01-25 09:51:38.285: D/TCMSService(1588): onStatus:1---data:
01-25 09:51:38.285: I/WakeupAlarmManager(1588): release login wakelock
01-25 09:51:38.285: I/XPush@native(1588): enter asyncCallFunc
01-25 09:51:38.285: D/PersistManager(1588): get, list properties.
01-25 09:51:38.285: D/PersistManager(1588): key:XPUSH_SDK_INFO_V2 value:{"com.comtop.mim":"{\"clientPriority\":14464800,\"disable\":false,\"regTime\":1453363398820,\"callCount\":1,\"appKey\":\"23232985\"}"}
01-25 09:51:38.293: D/PersistManager(1588): key:push_tcms_client_id_key value:a04gig2jepl3ixyz
01-25 09:51:38.293: D/PersistManager(1588): key:push_heart_freq_key value:{"wifi-comtop":276,"MM_AP":180,"460:1:0:0":560}
01-25 09:51:38.293: D/PersistManager(1588): key:push_device_id_key_v1 value:a0z4dbo99afd820c___d5r8adlj1uxcs24h
01-25 09:51:38.293: D/NativeStoreProxy(1588): getString, key:push_device_id_key_v1 value:a0z4dbo99afd820c___d5r8adlj1uxcs24h
01-25 09:51:38.293: W/tcminetimpl@native@tcms@msgmynative(1588): SaveRspMsg,interface=ScSession,method=start,seqid=2,sessionId=1,cmdtype=1
01-25 09:51:38.293: I/nativeLog(1588): begin native log
01-25 09:51:38.293: I/JavaGlobalStore@native(1588): getString, key:push_device_id_key_v1, value:a0z4dbo99afd820c___d5r8adlj1uxcs24h/n
01-25 09:51:38.293: D/XPush@native(1588): get cached DeviceId
01-25 09:51:38.293: I/jni/inet/android/native/common/calljava.cpp(1588): nativeLog
01-25 09:51:38.293: W/tcmsposix@native@tcmsmynative(1588): TCMServicePosix::reAuth sync, sessionId:1, clusterName:devid, uniqId:a0z4dbo99afd820c, version:14464800
01-25 09:51:38.301: I/nativeLog(1588): begin native log
01-25 09:51:38.301: I/jni/inet/android/native/common/calljava.cpp(1588): nativeLog
01-25 09:51:38.301: W/tcmsposix@native@tcmsmynative(1588): TCMServicePosix::reAuth , not session is found.
01-25 09:51:38.301: I/nativeLog(1588): begin native log
01-25 09:51:38.301: D/XPush@native(1588): call login, deviceId:a0z4dbo99afd820c, deviceSecret:d5r8adlj1uxcs24h, version:14464800
01-25 09:51:38.301: D/XPush@native(1588): deviceInfo, androidid : 3bd5af99958073e4
01-25 09:51:38.301: D/XPush@native(1588): deviceInfo, brand : Huawei
01-25 09:51:38.301: D/XPush@native(1588): deviceInfo, cpuid : armeabi-v7a
01-25 09:51:38.301: D/XPush@native(1588): deviceInfo, imei : 861519010220322
01-25 09:51:38.301: D/XPush@native(1588): deviceInfo, imsi : 460016690035920
01-25 09:51:38.301: D/XPush@native(1588): deviceInfo, mac : 88:53:d4:fe:cd:f3
01-25 09:51:38.301: D/XPush@native(1588): deviceInfo, model : U9500
01-25 09:51:38.301: D/XPush@native(1588): deviceInfo, os : android
01-25 09:51:38.301: D/XPush@native(1588): deviceInfo, osver : 16
01-25 09:51:38.301: D/XPush@native(1588): deviceInfo, sn : 63BE000200000001
01-25 09:51:38.301: I/jni/inet/android/native/common/calljava.cpp(1588): nativeLog
01-25 09:51:38.301: W/tcminetimpl@native@tcms@msgmynative(1588): PostMsg,interface=DeviceIdMgr,method=auth,seqid=3,sessionid:1,cmdtype=0,compress=1,encrypted=1
01-25 09:51:38.301: I/nativeLog(1588): begin native log
01-25 09:51:38.301: I/jni/inet/android/native/common/calljava.cpp(1588): uniEncodeString
01-25 09:51:38.309: I/tcminetimpl@native@tcms(1588): postData2Server, seqid:3, data.len:232
01-25 09:51:38.309: I/tcminetimpl@native@tcms(1588): postData2Server, m_seqtsMap.len:0
01-25 09:51:38.309: I/jni/inet/android/native/common/calljava.cpp(1588): nativeLog
01-25 09:51:38.309: I/TcmInet@native@tcms(1588): synccall before TimedWait=60 seconds,seqid=3
01-25 09:51:38.317: W/tcminetimpl@native@tcms@msg@sendbytesmynative(1588): 232,fd=55,error=11
01-25 09:51:38.317: I/nativeLog(1588): begin native log
01-25 09:51:38.465: I/jni/inet/android/native/common/calljava.cpp(1588): nativeLog
01-25 09:51:38.465: W/tcminetimpl@native@tcms@msg@recvbytesmynative(1588): 38,fd=55,bufsize=38
01-25 09:51:38.465: I/nativeLog(1588): begin native log
01-25 09:51:38.465: I/jni/inet/android/native/common/calljava.cpp(1588): uniDecodeString
01-25 09:51:38.473: I/jni/inet/android/native/common/calljava.cpp(1588): nativeLog
01-25 09:51:38.473: I/TcmInet@native@tcms(1588): INetImpl::GetMsg, seqid=0,interface=SC,method=onXSess, errcode=0,msgtype=2
01-25 09:51:38.473: I/TcmInet@native@tcms(1588): clientServiceThrFunc get one notify,interface=SC, method=onXSess, sessionId=1, seqid=0
01-25 09:51:38.473: D/tcmsposix@native@tcms(1588): get a notify, sessionId:1, interface:SC, method:onXSess, 
01-25 09:51:38.473: W/tcminetimpl@native@tcms@msgmynative(1588): SaveRspMsg,interface=SC,method=onXSess,seqid=0,sessionId=1,cmdtype=2
01-25 09:51:38.481: I/nativeLog(1588): begin native log
01-25 09:51:38.535: I/jni/inet/android/native/common/calljava.cpp(1588): nativeLog
01-25 09:51:38.535: W/tcminetimpl@native@tcms@msg@recvbytesmynative(1588): 38,fd=55,bufsize=38
01-25 09:51:38.535: I/nativeLog(1588): begin native log
01-25 09:51:38.535: I/jni/inet/android/native/common/calljava.cpp(1588): uniDecodeString
01-25 09:51:38.543: I/jni/inet/android/native/common/calljava.cpp(1588): nativeLog
01-25 09:51:38.543: I/TcmInet@native@tcms(1588): INetImpl::GetMsg, seqid=3,interface=DeviceIdMgr,method=auth, errcode=0,msgtype=1
01-25 09:51:38.543: W/tcminetimpl@native@tcms@msgmynative(1588): SaveRspMsg,interface=DeviceIdMgr,method=auth,seqid=3,sessionId=1,cmdtype=1
01-25 09:51:38.543: I/TcmInet@native@tcms(1588): clientAsyncCallbackThrFunc get a msg, seqId:1525281576
01-25 09:51:38.543: I/nativeLog(1588): begin native log
01-25 09:51:38.543: I/TcmInet@native@tcms(1588): clientAsyncCallbackThrFunc get one SyncResponse, Signal,inteface=DeviceIdMgr, method=auth,seqid=0,rspdatasize=3,errcode=0
01-25 09:51:38.543: I/commutils@native(1588): ajustProtocolTimeout from 60 
01-25 09:51:38.551: I/commutils@native(1588): ajustProtocolTimeout to 60
01-25 09:51:38.551: I/TcmInet@native@tcms(1588): synccall  after TimedWait=60 seconds, ret=0, seqid=3
01-25 09:51:38.551: I/XPush@native(1588): auth server return retcode:0
01-25 09:51:38.551: D/XPush@native(1588): onXpushStatus mStatus:-1, status:0
01-25 09:51:38.551: D/XPushJNI@Native(1588): JNIPushConnListenerBridge::onXpushStatus
01-25 09:51:38.559: D/TCMPushIO(1588): TCMPushIO.onXpushStatus, status:0 data:
01-25 09:51:38.559: D/TCMSService(1588): onXpushStatus:0---data:
01-25 09:51:38.559: D/PushBase@native(1588): call PushBase init, reqId:1
01-25 09:51:38.559: D/PersistManager(1588): get, list properties.
01-25 09:51:38.559: I/jni/inet/android/native/common/calljava.cpp(1588): nativeLog
01-25 09:51:38.559: W/tcminetimpl@native@tcms@msgmynative(1588): PostMsg,interface=TCMInterface,method=initNode,seqid=4,sessionid:1,cmdtype=0,compress=1,encrypted=1
01-25 09:51:38.559: I/nativeLog(1588): begin native log
01-25 09:51:38.567: I/jni/inet/android/native/common/calljava.cpp(1588): uniEncodeString
01-25 09:51:38.567: D/PersistManager(1588): key:XPUSH_SDK_INFO_V2 value:{"com.comtop.mim":"{\"clientPriority\":14464800,\"disable\":false,\"regTime\":1453363398820,\"callCount\":1,\"appKey\":\"23232985\"}"}
01-25 09:51:38.567: D/PersistManager(1588): key:push_tcms_client_id_key value:a04gig2jepl3ixyz
01-25 09:51:38.567: D/PersistManager(1588): key:push_heart_freq_key value:{"wifi-comtop":276,"MM_AP":180,"460:1:0:0":560}
01-25 09:51:38.567: D/PersistManager(1588): key:push_device_id_key_v1 value:a0z4dbo99afd820c___d5r8adlj1uxcs24h
01-25 09:51:38.567: I/TCMPushIO(1588): default client id is:a04gig2jepl3ixyz appkey:1
01-25 09:51:38.567: I/tcminetimpl@native@tcms(1588): postData2Server, seqid:4, data.len:54
01-25 09:51:38.567: I/tcminetimpl@native@tcms(1588): postData2Server, m_seqtsMap.len:0
01-25 09:51:38.567: I/TcmInet@native@tcms(1588): synccall before TimedWait=60 seconds,seqid=4
01-25 09:51:38.567: I/jni/inet/android/native/common/calljava.cpp(1588): nativeLog
01-25 09:51:38.574: W/tcminetimpl@native@tcms@msg@sendbytesmynative(1588): 54,fd=55,error=11
01-25 09:51:38.574: I/nativeLog(1588): begin native log
01-25 09:51:38.645: I/jni/inet/android/native/common/calljava.cpp(1588): nativeLog
01-25 09:51:38.645: W/tcminetimpl@native@tcms@msg@recvbytesmynative(1588): 38,fd=55,bufsize=38
01-25 09:51:38.645: I/nativeLog(1588): begin native log
01-25 09:51:38.652: I/jni/inet/android/native/common/calljava.cpp(1588): uniDecodeString
01-25 09:51:38.652: I/jni/inet/android/native/common/calljava.cpp(1588): nativeLog
01-25 09:51:38.652: I/TcmInet@native@tcms(1588): INetImpl::GetMsg, seqid=4,interface=TCMInterface,method=initNode, errcode=0,msgtype=1
01-25 09:51:38.652: I/TcmInet@native@tcms(1588): clientAsyncCallbackThrFunc get a msg, seqId:1073811248
01-25 09:51:38.660: I/TcmInet@native@tcms(1588): clientAsyncCallbackThrFunc get one SyncResponse, Signal,inteface=TCMInterface, method=initNode,seqid=0,rspdatasize=4,errcode=0
01-25 09:51:38.660: I/commutils@native(1588): ajustProtocolTimeout from 60 
01-25 09:51:38.660: W/tcminetimpl@native@tcms@msgmynative(1588): SaveRspMsg,interface=TCMInterface,method=initNode,seqid=4,sessionId=1,cmdtype=1
01-25 09:51:38.660: I/commutils@native(1588): ajustProtocolTimeout to 60
01-25 09:51:38.660: I/TcmInet@native@tcms(1588): synccall  after TimedWait=60 seconds, ret=0, seqid=4
01-25 09:51:38.660: I/nativeLog(1588): begin native log
01-25 09:51:38.668: D/PersistManager(1588): get, list properties.
01-25 09:51:38.668: D/PersistManager(1588): key:XPUSH_SDK_INFO_V2 value:{"com.comtop.mim":"{\"clientPriority\":14464800,\"disable\":false,\"regTime\":1453363398820,\"callCount\":1,\"appKey\":\"23232985\"}"}
01-25 09:51:38.668: D/PersistManager(1588): key:push_tcms_client_id_key value:a04gig2jepl3ixyz
01-25 09:51:38.676: D/PersistManager(1588): key:push_heart_freq_key value:{"wifi-comtop":276,"MM_AP":180,"460:1:0:0":560}
01-25 09:51:38.676: D/PersistManager(1588): key:push_device_id_key_v1 value:a0z4dbo99afd820c___d5r8adlj1uxcs24h
01-25 09:51:38.676: D/NativeStoreProxy(1588): getInt64, key:xpushClient__xpush_push_maxmsgid value:1
01-25 09:51:38.676: I/jni/inet/android/native/common/calljava.cpp(1588): nativeLog
01-25 09:51:38.676: W/JavaGlobalStore@nativemynative(1588): getInt64, key:xpushClient__xpush_push_maxmsgid, value:1/n
01-25 09:51:38.676: I/nativeLog(1588): begin native log
01-25 09:51:38.684: D/PushBase@native(1588): PushBase::syncMsg, appkey:, msgid:1
01-25 09:51:38.684: I/jni/inet/android/native/common/calljava.cpp(1588): nativeLog
01-25 09:51:38.684: W/tcminetimpl@native@tcms@msgmynative(1588): PostMsg,interface=TCMInterface,method=syncMsg,seqid=5,sessionid:1,cmdtype=0,compress=1,encrypted=1
01-25 09:51:38.684: I/nativeLog(1588): begin native log
01-25 09:51:38.684: I/jni/inet/android/native/common/calljava.cpp(1588): uniEncodeString
01-25 09:51:38.692: I/tcminetimpl@native@tcms(1588): postData2Server, seqid:5, data.len:54
01-25 09:51:38.692: I/tcminetimpl@native@tcms(1588): postData2Server, m_seqtsMap.len:0
01-25 09:51:38.692: I/XPush@native(1588): exit asyncCallFunc, auth ret:0
01-25 09:51:38.692: I/jni/inet/android/native/common/calljava.cpp(1588): nativeLog
01-25 09:51:38.692: D/dalvikvm(1588): threadid=18: thread exiting, not yet detached (count=0)
01-25 09:51:38.699: I/util@Native(1588): freeEnv.
01-25 09:51:38.699: W/tcminetimpl@native@tcms@msg@sendbytesmynative(1588): 54,fd=55,error=11
01-25 09:51:38.699: I/nativeLog(1588): begin native log
01-25 09:51:38.809: I/jni/inet/android/native/common/calljava.cpp(1588): nativeLog
01-25 09:51:38.809: W/tcminetimpl@native@tcms@msg@recvbytesmynative(1588): 38,fd=55,bufsize=38
01-25 09:51:38.809: I/nativeLog(1588): begin native log
01-25 09:51:38.809: I/jni/inet/android/native/common/calljava.cpp(1588): uniDecodeString
01-25 09:51:38.817: I/jni/inet/android/native/common/calljava.cpp(1588): nativeLog
01-25 09:51:38.817: I/TcmInet@native@tcms(1588): INetImpl::GetMsg, seqid=5,interface=TCMInterface,method=syncMsg, errcode=0,msgtype=1
01-25 09:51:38.817: I/TcmInet@native@tcms(1588): clientAsyncCallbackThrFunc get a msg, seqId:1526641752
01-25 09:51:38.817: D/PushBase@native(1588): PushBaseCallback::onSendSuccess, interface:TCMInterface, method:syncMsg,  data:
01-25 09:51:38.817: W/tcminetimpl@native@tcms@msgmynative(1588): SaveRspMsg,interface=TCMInterface,method=syncMsg,seqid=5,sessionId=1,cmdtype=1
01-25 09:51:38.817: I/nativeLog(1588): begin native log
01-25 09:51:39.356: V/AlarmManager(375): Checking for alarms... rtc=1453686699363, elapsed=226696711
01-25 09:51:39.356: V/AlarmManager(375): Checking active alarm when=226897347 Alarm{41d8ec78 type 2 com.android.phone}
01-25 09:51:43.223: D/WifiService(375): ACTION_BATTERY_CHANGED pluggedType: 2
01-25 09:51:43.238: W/PowerUI(474): Low power,stop 30 seconds timer and dismiss the dialog: Warning!INTENT:ACTION_REQUEST_SHUTDOWN
01-25 09:51:44.457: E/DhcpStateMachine(375): DHCP failed on wlan0: Timed out waiting for DHCP to finish
01-25 09:51:44.692: E/WifiStateMachine(375): IP configuration failed
01-25 09:51:44.699: I/wpa_supplicant(5976): wlan0: CTRL-EVENT-DISCONNECTED bssid=00:00:00:00:00:00 reason=0
01-25 09:51:44.731: D/CommandListener(135): Clearing all IP addresses on wlan0
01-25 09:51:44.738: D/ConnectivityService(375): ConnectivityChange for WIFI: DISCONNECTED/DISCONNECTED
01-25 09:51:44.738: D/ConnectivityService(375): Attempting to switch to mobile
01-25 09:51:44.738: D/ConnectivityService(375): Attempting to switch to BLUETOOTH_TETHER
01-25 09:51:44.762: D/ConnectivityService(375): ConnectivityChange for WIFI: DISCONNECTED/DISCONNECTED
01-25 09:51:44.762: D/ConnectivityService(375): Attempting to switch to mobile
01-25 09:51:44.762: D/ConnectivityService(375): Attempting to switch to BLUETOOTH_TETHER
01-25 09:51:44.848: E/WifiSettings(1926): invalid RSSI value, do not update wifi signal icon
01-25 09:51:44.988: D/dalvikvm(375): JIT code cache reset in 6 ms (786356 bytes 40/1)
01-25 09:51:45.004: E/dalvikvm(375): GC_CONCURRENT freed 2255K, 45% free 22974K/41415K, paused 9ms+18ms, total 130ms
01-25 09:51:45.059: W/PowerUI(474): Low power,stop 30 seconds timer and dismiss the dialog: Warning!INTENT:ACTION_REQUEST_SHUTDOWN
01-25 09:51:45.059: D/WifiService(375): ACTION_BATTERY_CHANGED pluggedType: 2
01-25 09:51:45.270: I/wpa_supplicant(5976): wlan0: Trying to associate with 04:18:d6:22:1a:f1 (SSID='wifi-comtop' freq=2462 MHz)
01-25 09:51:45.387: D/GsmServiceStateTracker(584): handlePollStateResult hplmn = 46001
01-25 09:51:45.387: D/GsmServiceStateTracker(584): handlePollStateResult regplmn = 46001
01-25 09:51:45.387: D/GsmServiceStateTracker(584): handlePollStateResult plmnCustomString = 46000,46002,46007;24001,24007,24005;24405,24421;24002,24008,24004;46060,46008;23430,23433;21407,21404,21405,21418;21401,21406,21416;21403,21419,21421;20810,20811
01-25 09:51:45.387: D/GsmServiceStateTracker(584): regplmnCustomArray[0] = 46000,46002,46007
01-25 09:51:45.387: D/GsmServiceStateTracker(584): regplmnCustomArray[1] = 24001,24007,24005
01-25 09:51:45.387: D/GsmServiceStateTracker(584): regplmnCustomArray[2] = 24405,24421
01-25 09:51:45.387: D/GsmServiceStateTracker(584): regplmnCustomArray[3] = 24002,24008,24004
01-25 09:51:45.387: D/GsmServiceStateTracker(584): regplmnCustomArray[4] = 46060,46008
01-25 09:51:45.387: D/GsmServiceStateTracker(584): regplmnCustomArray[5] = 23430,23433
01-25 09:51:45.387: D/GsmServiceStateTracker(584): regplmnCustomArray[6] = 21407,21404,21405,21418
01-25 09:51:45.387: D/GsmServiceStateTracker(584): regplmnCustomArray[7] = 21401,21406,21416
01-25 09:51:45.387: D/GsmServiceStateTracker(584): regplmnCustomArray[8] = 21403,21419,21421
01-25 09:51:45.387: D/GsmServiceStateTracker(584): regplmnCustomArray[9] = 20810,20811
01-25 09:51:45.387: D/GsmServiceStateTracker(584): handlePollStateResult roaming = false
01-25 09:51:45.395: D/AlarmManagerService(375): Kernel timezone updated to -480 minutes west of GMT
01-25 09:51:45.465: I/WifiMonitor(564): mWifiReceiver SCAN_RESULTS_AVAILABLE_ACTION
01-25 09:51:45.496: E/WifiSettings(1926): invalid RSSI value, do not update wifi signal icon
01-25 09:51:45.738: I/wpa_supplicant(5976): wlan0: Associated with 04:18:d6:22:1a:f1
01-25 09:51:45.754: I/wpa_supplicant(5976): wlan0: WPA: Key negotiation completed with 04:18:d6:22:1a:f1 [PTK=CCMP GTK=CCMP]
01-25 09:51:45.754: I/wpa_supplicant(5976): wlan0: CTRL-EVENT-CONNECTED - Connection to 04:18:d6:22:1a:f1 completed (reauth) [id=14 id_str=]
01-25 09:51:45.817: V/AlarmManager(375): Checking for alarms... rtc=1453686705822, elapsed=226703169
01-25 09:51:45.817: V/AlarmManager(375): Checking active alarm when=1453686705822 Alarm{4221c3c0 type 1 com.UCMobile}
01-25 09:51:45.817: V/AlarmManager(375): Alarm triggering: Alarm{4221c3c0 type 1 com.UCMobile}
01-25 09:51:45.817: V/AlarmManager(375): Checking active alarm when=1453686711435 Alarm{41fa47d0 type 1 com.UCMobile}
01-25 09:51:45.817: V/AlarmManager(375): The statePoweron is :normal
01-25 09:51:45.817: V/AlarmManager(375): sending alarm Alarm{4221c3c0 type 1 com.UCMobile}
01-25 09:51:47.770: D/Tethering(375): MasterInitialState.processMessage what=3
01-25 09:51:47.840: D/NetworkManager(1588): extraInfo = 3gnet
01-25 09:51:47.856: D/NetworkManager(1588): searchCommuType = COMMU_3GNET
01-25 09:51:47.863: D/NetworkManager(1588): last commu Type:3gnet---current commu Type:3gnet
01-25 09:51:47.918: D/Tethering(375): MasterInitialState.processMessage what=3
01-25 09:51:47.934: D/GsmServiceStateTracker(584): handlePollStateResult hplmn = 46001
01-25 09:51:47.934: D/GsmServiceStateTracker(584): handlePollStateResult regplmn = 46001
01-25 09:51:47.934: D/GsmServiceStateTracker(584): handlePollStateResult plmnCustomString = 46000,46002,46007;24001,24007,24005;24405,24421;24002,24008,24004;46060,46008;23430,23433;21407,21404,21405,21418;21401,21406,21416;21403,21419,21421;20810,20811
01-25 09:51:47.942: D/GsmServiceStateTracker(584): regplmnCustomArray[0] = 46000,46002,46007
01-25 09:51:47.942: D/GsmServiceStateTracker(584): regplmnCustomArray[1] = 24001,24007,24005
01-25 09:51:47.942: D/GsmServiceStateTracker(584): regplmnCustomArray[2] = 24405,24421
01-25 09:51:47.942: D/GsmServiceStateTracker(584): regplmnCustomArray[3] = 24002,24008,24004
01-25 09:51:47.942: D/GsmServiceStateTracker(584): regplmnCustomArray[4] = 46060,46008
01-25 09:51:47.942: D/GsmServiceStateTracker(584): regplmnCustomArray[5] = 23430,23433
01-25 09:51:47.949: D/GsmServiceStateTracker(584): regplmnCustomArray[6] = 21407,21404,21405,21418
01-25 09:51:47.949: D/GsmServiceStateTracker(584): regplmnCustomArray[7] = 21401,21406,21416
01-25 09:51:47.949: D/GsmServiceStateTracker(584): regplmnCustomArray[8] = 21403,21419,21421
01-25 09:51:47.949: D/GsmServiceStateTracker(584): regplmnCustomArray[9] = 20810,20811
01-25 09:51:47.949: D/GsmServiceStateTracker(584): handlePollStateResult roaming = false
01-25 09:51:47.957: D/Tethering(375): MasterInitialState.processMessage what=3
01-25 09:51:47.981: D/AlarmManagerService(375): Kernel timezone updated to -480 minutes west of GMT
01-25 09:51:48.004: D/Tethering(375): MasterInitialState.processMessage what=3
01-25 09:51:48.004: D/NetworkManager(1588): extraInfo = 3gnet
01-25 09:51:48.043: D/NetworkManager(1588): searchCommuType = COMMU_3GNET
01-25 09:51:48.043: D/NetworkManager(1588): last commu Type:3gnet---current commu Type:3gnet
01-25 09:51:48.051: D/NetworkManager(1588): extraInfo = 3gnet
01-25 09:51:48.059: D/NetworkManager(1588): searchCommuType = COMMU_3GNET
01-25 09:51:48.059: D/NetworkManager(1588): last commu Type:3gnet---current commu Type:3gnet
01-25 09:51:48.059: D/NetworkManager(1588): extraInfo = 3gnet
01-25 09:51:48.074: D/NetworkManager(1588): searchCommuType = COMMU_3GNET
01-25 09:51:48.074: D/NetworkManager(1588): last commu Type:3gnet---current commu Type:3gnet
01-25 09:51:48.106: V/AlarmManager(375): set: Alarm{42289628 type 1 com.UCMobile}
01-25 09:51:48.106: V/AlarmManager(375): Adding alarm Alarm{42289628 type 1 com.UCMobile} at 1
01-25 09:51:48.277: E/dalvikvm(1975): GC_EXPLICIT freed 1484K, 40% free 14356K/23619K, paused 12ms+7ms, total 128ms
01-25 09:51:48.293: V/AlarmManager(375): set: Alarm{4291af78 type 1 com.kingreader.framework}
01-25 09:51:48.301: V/AlarmManager(375): Adding alarm Alarm{4291af78 type 1 com.kingreader.framework} at 0
01-25 09:51:48.301: V/AlarmManager(375): set: Alarm{424cf020 type 1 com.UCMobile}
01-25 09:51:48.301: V/AlarmManager(375): Adding alarm Alarm{424cf020 type 1 com.UCMobile} at 0
01-25 09:51:48.418: D/AccService(30782): restorApnIfNeed
01-25 09:51:48.418: D/AccService(30782): restorApnIfNeed, apn: 3gnet
01-25 09:51:48.426: D/AccService(30782): saved: 
01-25 09:51:48.426: D/AccService(30782): ConnectionChangeBroadcastReceiver, forward broadcast to service
01-25 09:51:48.426: D/ConnectivityService(375): handleInetConditionHoldEnd: net=0, condition=100, published condition=100
01-25 09:51:48.473: I/PushLogSC2508(2082): [main-1]action is android.net.conn.CONNECTIVITY_CHANGE(ds/null:-1)
01-25 09:51:48.473: I/PushLogSC2508(2082): [main-1]run PushProxy.handleEvent (ds/null:-1)
01-25 09:51:48.473: I/PushLogSC2508(2082): [main-1]run invokePluginReport(ds/null:-1)
01-25 09:51:48.488: E/PushLogSC2508(2082): [main-1]java.lang.NoSuchMethodException: handleEvent [class android.content.Context, class android.content.Intent](ds/null:-1)
01-25 09:51:48.488: E/PushLogSC2508(2082): java.lang.NoSuchMethodException: handleEvent [class android.content.Context, class android.content.Intent]
01-25 09:51:48.488: E/PushLogSC2508(2082): 	at java.lang.Class.getConstructorOrMethod(Class.java:460)
01-25 09:51:48.488: E/PushLogSC2508(2082): 	at java.lang.Class.getMethod(Class.java:915)
01-25 09:51:48.488: E/PushLogSC2508(2082): 	at com.huawei.android.pushagent.PushEventReceiver.a(Unknown Source)
01-25 09:51:48.488: E/PushLogSC2508(2082): 	at com.huawei.android.pushagent.PushEventReceiver.onReceive(Unknown Source)
01-25 09:51:48.488: E/PushLogSC2508(2082): 	at android.app.ActivityThread.handleReceiver(ActivityThread.java:2239)
01-25 09:51:48.488: E/PushLogSC2508(2082): 	at android.app.ActivityThread.access$1500(ActivityThread.java:134)
01-25 09:51:48.488: E/PushLogSC2508(2082): 	at android.app.ActivityThread$H.handleMessage(ActivityThread.java:1278)
01-25 09:51:48.488: E/PushLogSC2508(2082): 	at android.os.Handler.dispatchMessage(Handler.java:99)
01-25 09:51:48.488: E/PushLogSC2508(2082): 	at android.os.Looper.loop(Looper.java:137)
01-25 09:51:48.488: E/PushLogSC2508(2082): 	at android.app.ActivityThread.main(ActivityThread.java:4767)
01-25 09:51:48.488: E/PushLogSC2508(2082): 	at java.lang.reflect.Method.invokeNative(Native Method)
01-25 09:51:48.488: E/PushLogSC2508(2082): 	at java.lang.reflect.Method.invoke(Method.java:511)
01-25 09:51:48.488: E/PushLogSC2508(2082): 	at com.android.internal.os.ZygoteInit$MethodAndArgsCaller.run(ZygoteInit.java:800)
01-25 09:51:48.488: E/PushLogSC2508(2082): 	at com.android.internal.os.ZygoteInit.main(ZygoteInit.java:567)
01-25 09:51:48.488: E/PushLogSC2508(2082): 	at dalvik.system.NativeStart.main(Native Method)
01-25 09:51:48.527: I/ConnectionChangeReceiver(1731): ConnectionChangeReceiver onReceive:android.net.conn.CONNECTIVITY_CHANGE
01-25 09:51:48.527: D/libgps(375): agps_ril_update_network_state: Waiting for IPC connection...
01-25 09:51:48.535: I/ConnectionChangeReceiver(1731): end ConnectionChangeReceiver onReceive:android.net.conn.CONNECTIVITY_CHANGE
01-25 09:51:48.551: E/HoTalkService(1731): 3gnet
01-25 09:51:48.567: I/PushLogSC2508(7572): [main-1]action is android.net.conn.CONNECTIVITY_CHANGE(message/null:-1)
01-25 09:51:48.567: I/PushLogSC2508(7572): [main-1]run PushProxy.handleEvent (message/null:-1)
01-25 09:51:48.574: I/PushLogSC2508(7572): [main-1]run invokePluginReport(message/null:-1)
01-25 09:51:48.582: I/PushLogSC2508(7572): [main-1]no cycle task need to run(message/null:-1)
01-25 09:51:48.582: I/PushLogSC2508(7572): [main-1]PushService onStartCommand(message/null:-1)
01-25 09:51:48.598: I/ActivityManager(375): Start proc com.huawei.android.hwouc for broadcast com.huawei.android.hwouc/.provider.DownloadReceiver: pid=2463 uid=10043 gids={2001, 3003, 1015, 1023, 1028}
01-25 09:51:48.606: I/PushLogSC2508(7572): [ReceiverDispatcher-1871]lastnetWorkType:0 curNetWorkType:0(message/null:-1)
01-25 09:51:48.621: E/Trace(2463): error opening trace file: No such file or directory (2)
01-25 09:51:48.637: W/dalvikvm(2463): Refusing to reopen boot DEX '/system/framework/hwframework.jar'
01-25 09:51:48.645: I/ActivityThread(2463): Pub hwouc_download: com.huawei.android.hwouc.provider.DownloadProvider
01-25 09:51:48.652: D/HwOUC(2463): HwOucConfig -> load default presets...
01-25 09:51:48.652: D/HwOUC(2463): HwOucConfig -> load presets, tag=string, value=phone_firmware_uri, text=http://query.hicloud.com:80/sp_ard_common/v2/Check.action?latest=true
01-25 09:51:48.652: D/HwOUC(2463): HwOucConfig -> load presets, tag=string, value=phone_firmware_report_uri, text=http://query.hicloud.com:80/sp_ard_common/v2/UpdateReport.action
01-25 09:51:48.652: D/HwOUC(2463): HwOucConfig -> load presets, tag=string, value=phone_app_conditions_uri, text=http://query.hicloud.com:80/sp_ard_app_common/v2/GetCondition.action
01-25 09:51:48.652: D/HwOUC(2463): HwOucConfig -> load presets, tag=string, value=phone_app_uri, text=http://query.hicloud.com:80/sp_ard_app_common/v2/CheckEx.action
01-25 09:51:48.652: D/HwOUC(2463): HwOucConfig -> load presets, tag=string, value=phone_app_report_uri, text=http://query.hicloud.com:80/sp_ard_app_common/v2/UpdateReport.action
01-25 09:51:48.652: D/HwOUC(2463): HwOucConfig -> load presets, tag=string, value=pad_firmware_uri, text=http://query.hicloud.com:80/hid_and_common/v2/Check.action?latest=true
01-25 09:51:48.652: D/HwOUC(2463): HwOucConfig -> load presets, tag=string, value=pad_firmware_report_uri, text=http://query.hicloud.com:80/hid_and_common/v2/UpdateReport.action
01-25 09:51:48.652: D/HwOUC(2463): HwOucConfig -> load presets, tag=string, value=pad_app_conditions_uri, text=http://query.hicloud.com:80/hid_and_app_common/v2/GetCondition.action
01-25 09:51:48.652: D/HwOUC(2463): HwOucConfig -> load presets, tag=string, value=pad_app_uri, text=http://query.hicloud.com:80/hid_and_app_common/v2/CheckEx.action
01-25 09:51:48.652: D/HwOUC(2463): HwOucConfig -> load presets, tag=string, value=pad_app_report_uri, text=http://query.hicloud.com:80/hid_and_app_common/v2/UpdateReport.action
01-25 09:51:48.652: D/HwOUC(2463): HwOucConfig -> load presets, tag=string, value=singlebox_firmware_uri, text=http://query.hicloud.com:80/singlebox_and_common/v2/check.action?latest=true
01-25 09:51:48.652: D/HwOUC(2463): HwOucConfig -> load presets, tag=string, value=singlebox_firmware_report_uri, text=http://query.hicloud.com:80/singlebox_and_common/v2/UpdateReport.action
01-25 09:51:48.652: D/HwOUC(2463): HwOucConfig -> load presets, tag=string, value=singlebox_app_conditions_uri, text=http://query.hicloud.com:80/singlebox_and_app_common/v2/GetCondition.action
01-25 09:51:48.652: D/HwOUC(2463): HwOucConfig -> load presets, tag=string, value=singlebox_app_uri, text=http://query.hicloud.com:80/singlebox_and_app_common/v2/checkEx.action
01-25 09:51:48.652: D/HwOUC(2463): HwOucConfig -> load presets, tag=string, value=singlebox_app_report_uri, text=http://query.hicloud.com:80/singlebox_and_app_common/v2/UpdateReport.action
01-25 09:51:48.652: D/HwOUC(2463): HwOucConfig -> load presets, tag=int, value=socket_timeout, text=20000
01-25 09:51:48.652: D/HwOUC(2463): HwOucConfig -> load presets, tag=int, value=connection_timeout, text=20000
01-25 09:51:48.652: D/HwOUC(2463): HwOucConfig -> load presets, tag=int, value=app_download_limit_count, text=3
01-25 09:51:48.652: D/HwOUC(2463): HwOucConfig -> load presets, tag=bool, value=auto_check_switch_on, text=true
01-25 09:51:48.652: D/HwOUC(2463): HwOucConfig -> load presets, tag=bool, value=auto_check_setting_UI_show, text=true
01-25 09:51:48.652: D/HwOUC(2463): HwOucConfig -> load presets, tag=string, value=free_download_proxy_host, text=null
01-25 09:51:48.660: D/HwOUC(2463): HwOucConfig -> load presets, tag=string, value=free_download_proxy_port, text=null
01-25 09:51:48.660: D/HwOUC(2463): HwOucConfig -> load presets, tag=string, value=hota_internal_command, text=--update_package=/HWUserData
01-25 09:51:48.660: D/HwOUC(2463): HwOucConfig -> load presets, tag=string, value=hota_external_command, text=--update_package=/sdcard
01-25 09:51:48.660: D/HwOUC(2463): HwOucConfig -> load presets, tag=bool, value=test_version, text=false
01-25 09:51:48.660: D/HwOUC(2463): HwOucConfig -> load presets, tag=int, value=install_interval_remind, text=30
01-25 09:51:48.660: D/HwOUC(2463): HwOucConfig -> load presets, tag=int, value=autoPollingCycle, text=7
01-25 09:51:48.660: D/HwOUC(2463): HwOucConfig -> load presets, tag=string, value=user_agent, text=null
01-25 09:51:48.660: D/HwOUC(2463): HwOucConfig -> load presets, tag=string, value=roaming_flag, text=false
01-25 09:51:48.660: D/HwOUC(2463): HwOucConfig -> load presets, tag=bool, value=changelog_show_flag, text=true
01-25 09:51:48.660: D/HwOUC(2463): HwOucConfig -> load presets, tag=bool, value=beta_and_stable_version_flag, text=false
01-25 09:51:48.660: D/HwOUC(2463): HwOucConfig -> load presets, tag=int, value=download_limit_size, text=40
01-25 09:51:48.660: D/HwOUC(2463): HwOucConfig -> load presets, tag=bool, value=fw_cancelbtn_show_flag, text=false
01-25 09:51:48.660: D/HwOUC(2463): HwOucConfig -> load presets, tag=bool, value=push_msg_on, text=true
01-25 09:51:48.660: D/HwOUC(2463): HwOucConfig -> load presets, tag=bool, value=support_sdcard_update, text=true
01-25 09:51:48.660: D/HwOUC(2463): HwOucConfig -> load presets, tag=string, value=app_nick_name, text=HuaweiDeItms
01-25 09:51:48.660: D/HwOUC(2463): HwOucConfig -> load presets, tag=bool, value=support_auto_blacklist, text=false
01-25 09:51:48.660: D/HwOUC(2463): HwOucConfig -> load presets, tag=bool, value=support_auto_download, text=true
01-25 09:51:48.660: D/HwOUC(2463): HwOucConfig -> load presets, tag=bool, value=is_D2, text=false
01-25 09:51:48.660: D/HwOUC(2463): HwOucConfig -> load presets, tag=bool, value=is_hap_common, text=true
01-25 09:51:48.660: D/HwOUC(2463): HwOucConfig -> load presets, tag=bool, value=is_China_telecom_phone, text=false
01-25 09:51:48.660: D/HwOUC(2463): HwOucConfig -> load presets, tag=bool, value=is_show_emui_entrance, text=false
01-25 09:51:48.660: D/HwOUC(2463): HwOucConfig -> load presets, tag=bool, value=is_forced_wifi, text=false
01-25 09:51:48.660: D/HwOUC(2463): HwOucConfig -> load presets, tag=bool, value=support_usb_upgrade, text=false
01-25 09:51:48.668: D/HwOUC(2463): HwOucConfig -> load presets, tag=int, value=offset_storage, text=2
01-25 09:51:48.668: D/HwOUC(2463): HwOucConfig -> load custom presets...
01-25 09:51:48.668: D/HwOUC(2463): HwOucConfig -> load presets, tag=string, value=phone_firmware_uri, text=http://query.hicloud.com:80/sp_ard_common/v2/Check.action?latest=true
01-25 09:51:48.668: D/HwOUC(2463): HwOucConfig -> load presets, tag=string, value=phone_firmware_report_uri, text=http://query.hicloud.com:80/sp_ard_common/v2/UpdateReport.action
01-25 09:51:48.668: D/HwOUC(2463): HwOucConfig -> load presets, tag=string, value=phone_app_conditions_uri, text=http://query.hicloud.com:80/sp_ard_app_common/v2/GetCondition.action
01-25 09:51:48.668: D/HwOUC(2463): HwOucConfig -> load presets, tag=string, value=phone_app_uri, text=http://query.hicloud.com:80/sp_ard_app_common/v2/CheckEx.action
