01-19 16:10:38.570: E/hwcomposer(153): hwc_set:217  end eglSwapBuffers 
01-19 16:10:38.570: E/hwcomposer(153): hwc_set:233  end 
01-19 16:10:38.580: E/gralloc(153): fb_post:136  end  FBIOPUT_VSCREENINFO  
01-19 16:10:38.580: E/hwcomposer(153): hwc_prepare:84  start  
01-19 16:10:38.580: E/hwcomposer(153): hwc_prepare:120  stop  
01-19 16:10:38.580: E/hwcomposer(153): hwc_eventControl:141  start MSMFB_OVERLAY_VSYNC_CTRL  
01-19 16:10:38.580: E/SurfaceFlinger(153): eventControl(0, 1) failed No such file or directory
01-19 16:10:38.580: E/hwcomposer(153): hwc_eventControl:141  start MSMFB_OVERLAY_VSYNC_CTRL  
01-19 16:10:38.580: E/SurfaceFlinger(153): eventControl(0, 1) failed No such file or directory
01-19 16:10:38.580: E/hwcomposer(153): hwc_set:207  start  
01-19 16:10:38.580: E/hwcomposer(153): hwc_set:215  start eglSwapBuffers  
01-19 16:10:38.580: E/gralloc(153): fb_post:129  start  FBIOPUT_VSCREENINFO  
01-19 16:10:38.590: E/hwcomposer(153): hwc_set:217  end eglSwapBuffers 
01-19 16:10:38.590: E/hwcomposer(153): hwc_set:233  end 
01-19 16:10:38.590: E/gralloc(153): fb_post:136  end  FBIOPUT_VSCREENINFO  
01-19 16:10:38.590: E/hwcomposer(153): hwc_prepare:84  start  
01-19 16:10:38.590: E/hwcomposer(153): hwc_prepare:120  stop  
01-19 16:10:38.600: E/hwcomposer(153): hwc_eventControl:141  start MSMFB_OVERLAY_VSYNC_CTRL  
01-19 16:10:38.600: E/SurfaceFlinger(153): eventControl(0, 1) failed No such file or directory
01-19 16:10:38.600: E/hwcomposer(153): hwc_eventControl:141  start MSMFB_OVERLAY_VSYNC_CTRL  
01-19 16:10:38.600: E/SurfaceFlinger(153): eventControl(0, 1) failed No such file or directory
01-19 16:10:38.600: E/hwcomposer(153): hwc_set:207  start  
01-19 16:10:38.600: E/hwcomposer(153): hwc_set:215  start eglSwapBuffers  
01-19 16:10:38.600: E/gralloc(153): fb_post:129  start  FBIOPUT_VSCREENINFO  
01-19 16:10:38.600: E/hwcomposer(153): hwc_set:217  end eglSwapBuffers 
01-19 16:10:38.600: E/hwcomposer(153): hwc_set:233  end 
01-19 16:10:38.610: E/gralloc(153): fb_post:136  end  FBIOPUT_VSCREENINFO  
01-19 16:10:38.610: E/hwcomposer(153): hwc_prepare:84  start  
01-19 16:10:38.610: E/hwcomposer(153): hwc_prepare:120  stop  
01-19 16:10:38.610: E/hwcomposer(153): hwc_eventControl:141  start MSMFB_OVERLAY_VSYNC_CTRL  
01-19 16:10:38.610: E/SurfaceFlinger(153): eventControl(0, 1) failed No such file or directory
01-19 16:10:38.620: E/hwcomposer(153): hwc_eventControl:141  start MSMFB_OVERLAY_VSYNC_CTRL  
01-19 16:10:38.620: E/SurfaceFlinger(153): eventControl(0, 1) failed No such file or directory
01-19 16:10:38.620: E/hwcomposer(153): hwc_eventControl:141  start MSMFB_OVERLAY_VSYNC_CTRL  
01-19 16:10:38.620: E/SurfaceFlinger(153): eventControl(0, 1) failed No such file or directory
01-19 16:10:38.620: E/hwcomposer(153): hwc_set:207  start  
01-19 16:10:38.620: E/hwcomposer(153): hwc_set:215  start eglSwapBuffers  
01-19 16:10:38.620: E/hwcomposer(153): hwc_set:217  end eglSwapBuffers 
01-19 16:10:38.620: E/gralloc(153): fb_post:129  start  FBIOPUT_VSCREENINFO  
01-19 16:10:38.620: E/hwcomposer(153): hwc_set:233  end 
01-19 16:10:38.630: E/gralloc(153): fb_post:136  end  FBIOPUT_VSCREENINFO  
01-19 16:10:38.630: E/hwcomposer(153): hwc_prepare:84  start  
01-19 16:10:38.630: E/hwcomposer(153): hwc_prepare:120  stop  
01-19 16:10:38.630: E/hwcomposer(153): hwc_eventControl:141  start MSMFB_OVERLAY_VSYNC_CTRL  
01-19 16:10:38.630: E/SurfaceFlinger(153): eventControl(0, 1) failed No such file or directory
01-19 16:10:38.630: E/hwcomposer(153): hwc_eventControl:141  start MSMFB_OVERLAY_VSYNC_CTRL  
01-19 16:10:38.630: E/SurfaceFlinger(153): eventControl(0, 1) failed No such file or directory
01-19 16:10:38.640: E/hwcomposer(153): hwc_set:207  start  
01-19 16:10:38.640: E/hwcomposer(153): hwc_set:215  start eglSwapBuffers  
01-19 16:10:38.640: E/hwcomposer(153): hwc_set:217  end eglSwapBuffers 
01-19 16:10:38.640: E/gralloc(153): fb_post:129  start  FBIOPUT_VSCREENINFO  
01-19 16:10:38.640: E/hwcomposer(153): hwc_set:233  end 
01-19 16:10:38.650: E/gralloc(153): fb_post:136  end  FBIOPUT_VSCREENINFO  
01-19 16:10:38.650: E/hwcomposer(153): hwc_prepare:84  start  
01-19 16:10:38.650: E/hwcomposer(153): hwc_prepare:120  stop  
01-19 16:10:38.650: E/hwcomposer(153): hwc_eventControl:141  start MSMFB_OVERLAY_VSYNC_CTRL  
01-19 16:10:38.650: E/SurfaceFlinger(153): eventControl(0, 1) failed No such file or directory
01-19 16:10:38.660: E/hwcomposer(153): hwc_eventControl:141  start MSMFB_OVERLAY_VSYNC_CTRL  
01-19 16:10:38.660: E/SurfaceFlinger(153): eventControl(0, 1) failed No such file or directory
01-19 16:10:38.660: E/hwcomposer(153): hwc_set:207  start  
01-19 16:10:38.660: E/hwcomposer(153): hwc_set:215  start eglSwapBuffers  
01-19 16:10:38.660: E/hwcomposer(153): hwc_set:217  end eglSwapBuffers 
01-19 16:10:38.660: E/gralloc(153): fb_post:129  start  FBIOPUT_VSCREENINFO  
01-19 16:10:38.660: E/hwcomposer(153): hwc_set:233  end 
01-19 16:10:38.660: E/gralloc(153): fb_post:136  end  FBIOPUT_VSCREENINFO  
01-19 16:10:38.670: E/hwcomposer(153): hwc_prepare:84  start  
01-19 16:10:38.670: E/hwcomposer(153): hwc_prepare:120  stop  
01-19 16:10:38.670: I/WifiConnect(523): AsyncServiceHandler: msg = { what=151574 when=-1ms arg1=91 }
01-19 16:10:38.670: E/hwcomposer(153): hwc_eventControl:141  start MSMFB_OVERLAY_VSYNC_CTRL  
01-19 16:10:38.670: E/SurfaceFlinger(153): eventControl(0, 1) failed No such file or directory
01-19 16:10:38.670: E/hwcomposer(153): hwc_eventControl:141  start MSMFB_OVERLAY_VSYNC_CTRL  
01-19 16:10:38.670: E/SurfaceFlinger(153): eventControl(0, 1) failed No such file or directory
01-19 16:10:38.680: E/hwcomposer(153): hwc_set:207  start  
01-19 16:10:38.680: E/hwcomposer(153): hwc_set:215  start eglSwapBuffers  
01-19 16:10:38.680: E/gralloc(153): fb_post:129  start  FBIOPUT_VSCREENINFO  
01-19 16:10:38.680: E/hwcomposer(153): hwc_set:217  end eglSwapBuffers 
01-19 16:10:38.680: E/hwcomposer(153): hwc_set:233  end 
01-19 16:10:38.680: E/hwcomposer(153): hwc_eventControl:141  start MSMFB_OVERLAY_VSYNC_CTRL  
01-19 16:10:38.680: E/SurfaceFlinger(153): eventControl(0, 1) failed No such file or directory
01-19 16:10:38.680: E/gralloc(153): fb_post:136  end  FBIOPUT_VSCREENINFO  
01-19 16:10:38.690: E/hwcomposer(153): hwc_prepare:84  start  
01-19 16:10:38.690: E/hwcomposer(153): hwc_prepare:120  stop  
01-19 16:10:38.690: E/hwcomposer(153): hwc_eventControl:141  start MSMFB_OVERLAY_VSYNC_CTRL  
01-19 16:10:38.690: E/SurfaceFlinger(153): eventControl(0, 1) failed No such file or directory
01-19 16:10:38.690: E/hwcomposer(153): hwc_eventControl:141  start MSMFB_OVERLAY_VSYNC_CTRL  
01-19 16:10:38.690: E/SurfaceFlinger(153): eventControl(0, 1) failed No such file or directory
01-19 16:10:38.700: E/hwcomposer(153): hwc_set:207  start  
01-19 16:10:38.700: E/hwcomposer(153): hwc_set:215  start eglSwapBuffers  
01-19 16:10:38.700: E/gralloc(153): fb_post:129  start  FBIOPUT_VSCREENINFO  
01-19 16:10:38.700: E/hwcomposer(153): hwc_set:217  end eglSwapBuffers 
01-19 16:10:38.700: E/hwcomposer(153): hwc_set:233  end 
01-19 16:10:38.700: E/gralloc(153): fb_post:136  end  FBIOPUT_VSCREENINFO  
01-19 16:10:38.700: E/hwcomposer(153): hwc_prepare:84  start  
01-19 16:10:38.700: E/hwcomposer(153): hwc_prepare:120  stop  
01-19 16:10:38.710: E/hwcomposer(153): hwc_eventControl:141  start MSMFB_OVERLAY_VSYNC_CTRL  
01-19 16:10:38.710: E/SurfaceFlinger(153): eventControl(0, 1) failed No such file or directory
01-19 16:10:38.710: E/hwcomposer(153): hwc_eventControl:141  start MSMFB_OVERLAY_VSYNC_CTRL  
01-19 16:10:38.710: E/SurfaceFlinger(153): eventControl(0, 1) failed No such file or directory
01-19 16:10:38.710: E/hwcomposer(153): hwc_set:207  start  
01-19 16:10:38.710: E/hwcomposer(153): hwc_set:215  start eglSwapBuffers  
01-19 16:10:38.710: E/gralloc(153): fb_post:129  start  FBIOPUT_VSCREENINFO  
01-19 16:10:38.710: E/hwcomposer(153): hwc_set:217  end eglSwapBuffers 
01-19 16:10:38.710: E/hwcomposer(153): hwc_set:233  end 
01-19 16:10:38.720: E/gralloc(153): fb_post:136  end  FBIOPUT_VSCREENINFO  
01-19 16:10:38.720: E/hwcomposer(153): hwc_prepare:84  start  
01-19 16:10:38.720: E/hwcomposer(153): hwc_prepare:120  stop  
01-19 16:10:38.720: E/hwcomposer(153): hwc_eventControl:141  start MSMFB_OVERLAY_VSYNC_CTRL  
01-19 16:10:38.720: E/SurfaceFlinger(153): eventControl(0, 1) failed No such file or directory
01-19 16:10:38.720: E/hwcomposer(153): hwc_eventControl:141  start MSMFB_OVERLAY_VSYNC_CTRL  
01-19 16:10:38.720: E/SurfaceFlinger(153): eventControl(0, 1) failed No such file or directory
01-19 16:10:38.730: E/hwcomposer(153): hwc_eventControl:141  start MSMFB_OVERLAY_VSYNC_CTRL  
01-19 16:10:38.730: E/SurfaceFlinger(153): eventControl(0, 1) failed No such file or directory
01-19 16:10:38.730: E/hwcomposer(153): hwc_set:207  start  
01-19 16:10:38.730: E/hwcomposer(153): hwc_set:215  start eglSwapBuffers  
01-19 16:10:38.730: E/gralloc(153): fb_post:129  start  FBIOPUT_VSCREENINFO  
01-19 16:10:38.730: E/hwcomposer(153): hwc_set:217  end eglSwapBuffers 
01-19 16:10:38.730: E/hwcomposer(153): hwc_set:233  end 
01-19 16:10:38.740: E/gralloc(153): fb_post:136  end  FBIOPUT_VSCREENINFO  
01-19 16:10:38.740: E/hwcomposer(153): hwc_prepare:84  start  
01-19 16:10:38.740: E/hwcomposer(153): hwc_prepare:120  stop  
01-19 16:10:38.740: E/hwcomposer(153): hwc_eventControl:141  start MSMFB_OVERLAY_VSYNC_CTRL  
01-19 16:10:38.740: E/SurfaceFlinger(153): eventControl(0, 1) failed No such file or directory
01-19 16:10:38.740: E/hwcomposer(153): hwc_eventControl:141  start MSMFB_OVERLAY_VSYNC_CTRL  
01-19 16:10:38.750: E/SurfaceFlinger(153): eventControl(0, 1) failed No such file or directory
01-19 16:10:38.750: E/hwcomposer(153): hwc_set:207  start  
01-19 16:10:38.750: E/hwcomposer(153): hwc_set:215  start eglSwapBuffers  
01-19 16:10:38.750: E/hwcomposer(153): hwc_eventControl:141  start MSMFB_OVERLAY_VSYNC_CTRL  
01-19 16:10:38.750: E/SurfaceFlinger(153): eventControl(0, 1) failed No such file or directory
01-19 16:10:38.750: E/gralloc(153): fb_post:129  start  FBIOPUT_VSCREENINFO  
01-19 16:10:38.750: E/hwcomposer(153): hwc_set:217  end eglSwapBuffers 
01-19 16:10:38.750: E/hwcomposer(153): hwc_set:233  end 
01-19 16:10:38.750: E/gralloc(153): fb_post:136  end  FBIOPUT_VSCREENINFO  
01-19 16:10:38.750: D/StatusBar.BatteryController(25655): updateIcons mIsDouBattery = false mIsCharging = true mCurBatteryLevel = 27 mCurUsingIconLevel = 28
01-19 16:10:38.750: D/StatusBar.BatteryController(25655): handleMessage mCurLevel = 2 mBattery = 1
01-19 16:10:38.760: E/hwcomposer(153): hwc_prepare:84  start  
01-19 16:10:38.760: E/hwcomposer(153): hwc_prepare:120  stop  
01-19 16:10:38.760: E/hwcomposer(153): hwc_eventControl:141  start MSMFB_OVERLAY_VSYNC_CTRL  
01-19 16:10:38.760: E/SurfaceFlinger(153): eventControl(0, 1) failed No such file or directory
01-19 16:10:38.770: E/hwcomposer(153): hwc_set:207  start  
01-19 16:10:38.770: E/hwcomposer(153): hwc_set:215  start eglSwapBuffers  
01-19 16:10:38.770: E/hwcomposer(153): hwc_set:217  end eglSwapBuffers 
01-19 16:10:38.770: E/gralloc(153): fb_post:129  start  FBIOPUT_VSCREENINFO  
01-19 16:10:38.770: E/hwcomposer(153): hwc_set:233  end 
01-19 16:10:38.770: E/gralloc(153): fb_post:136  end  FBIOPUT_VSCREENINFO  
01-19 16:10:38.770: E/hwcomposer(153): hwc_prepare:84  start  
01-19 16:10:38.770: E/hwcomposer(153): hwc_prepare:120  stop  
01-19 16:10:38.780: D/StateMachine(523): handleMessage: E msg.what=131155
01-19 16:10:38.780: D/StateMachine(523): processMsg: ConnectedState
01-19 16:10:38.780: D/WifiStateMachine(523): ConnectedState{ what=131155 when=-3ms arg1=61 }
01-19 16:10:38.780: D/StateMachine(523): processMsg: L2ConnectedState
01-19 16:10:38.780: D/WifiStateMachine(523): L2ConnectedState{ what=131155 when=-4ms arg1=61 }
01-19 16:10:38.780: D/wpa_supplicant(779): wpa_s 0x40d205a0 cmd SIGNAL_POLL
01-19 16:10:38.780: E/hwcomposer(153): hwc_eventControl:141  start MSMFB_OVERLAY_VSYNC_CTRL  
01-19 16:10:38.780: D/wpa_supplicant(779): nl80211: survey data missing!
01-19 16:10:38.780: E/SurfaceFlinger(153): eventControl(0, 1) failed No such file or directory
01-19 16:10:38.780: I/WifiStateMachine(523): newRssi is -65
01-19 16:10:38.780: D/StateMachine(523): handleMessage: X
01-19 16:10:38.780: E/hwcomposer(153): hwc_set:207  start  
01-19 16:10:38.780: E/hwcomposer(153): hwc_set:215  start eglSwapBuffers  
01-19 16:10:38.780: E/hwcomposer(153): hwc_set:217  end eglSwapBuffers 
01-19 16:10:38.780: E/gralloc(153): fb_post:129  start  FBIOPUT_VSCREENINFO  
01-19 16:10:38.780: E/hwcomposer(153): hwc_set:233  end 
01-19 16:10:38.790: E/gralloc(153): fb_post:136  end  FBIOPUT_VSCREENINFO  
01-19 16:10:38.810: E/hwcomposer(153): hwc_eventControl:141  start MSMFB_OVERLAY_VSYNC_CTRL  
01-19 16:10:38.810: E/SurfaceFlinger(153): eventControl(0, 0) failed No such file or directory
01-19 16:10:38.820: E/hwcomposer(153): hwc_eventControl:141  start MSMFB_OVERLAY_VSYNC_CTRL  
01-19 16:10:38.820: E/SurfaceFlinger(153): eventControl(0, 0) failed No such file or directory
01-19 16:10:38.830: E/hwcomposer(153): hwc_eventControl:141  start MSMFB_OVERLAY_VSYNC_CTRL  
01-19 16:10:38.830: E/SurfaceFlinger(153): eventControl(0, 1) failed No such file or directory
01-19 16:10:38.860: E/hwcomposer(153): hwc_eventControl:141  start MSMFB_OVERLAY_VSYNC_CTRL  
01-19 16:10:38.860: E/SurfaceFlinger(153): eventControl(0, 0) failed No such file or directory
01-19 16:10:38.880: E/hwcomposer(153): hwc_eventControl:141  start MSMFB_OVERLAY_VSYNC_CTRL  
01-19 16:10:38.880: E/SurfaceFlinger(153): eventControl(0, 0) failed No such file or directory
01-19 16:10:38.890: E/hwcomposer(153): hwc_eventControl:141  start MSMFB_OVERLAY_VSYNC_CTRL  
01-19 16:10:38.890: E/SurfaceFlinger(153): eventControl(0, 1) failed No such file or directory
01-19 16:10:38.910: E/hwcomposer(153): hwc_eventControl:141  start MSMFB_OVERLAY_VSYNC_CTRL  
01-19 16:10:38.910: E/SurfaceFlinger(153): eventControl(0, 0) failed No such file or directory
01-19 16:10:38.930: E/hwcomposer(153): hwc_eventControl:141  start MSMFB_OVERLAY_VSYNC_CTRL  
01-19 16:10:38.930: E/SurfaceFlinger(153): eventControl(0, 0) failed No such file or directory
01-19 16:10:38.940: E/hwcomposer(153): hwc_eventControl:141  start MSMFB_OVERLAY_VSYNC_CTRL  
01-19 16:10:38.940: E/SurfaceFlinger(153): eventControl(0, 1) failed No such file or directory
01-19 16:10:38.970: E/hwcomposer(153): hwc_eventControl:141  start MSMFB_OVERLAY_VSYNC_CTRL  
01-19 16:10:38.970: E/SurfaceFlinger(153): eventControl(0, 0) failed No such file or directory
01-19 16:10:38.990: E/hwcomposer(153): hwc_eventControl:141  start MSMFB_OVERLAY_VSYNC_CTRL  
01-19 16:10:38.990: E/SurfaceFlinger(153): eventControl(0, 0) failed No such file or directory
01-19 16:10:38.990: E/hwcomposer(153): hwc_eventControl:141  start MSMFB_OVERLAY_VSYNC_CTRL  
01-19 16:10:38.990: E/SurfaceFlinger(153): eventControl(0, 1) failed No such file or directory
01-19 16:10:39.020: E/hwcomposer(153): hwc_eventControl:141  start MSMFB_OVERLAY_VSYNC_CTRL  
01-19 16:10:39.020: E/SurfaceFlinger(153): eventControl(0, 0) failed No such file or directory
01-19 16:10:39.040: E/hwcomposer(153): hwc_eventControl:141  start MSMFB_OVERLAY_VSYNC_CTRL  
01-19 16:10:39.040: E/SurfaceFlinger(153): eventControl(0, 0) failed No such file or directory
01-19 16:10:39.050: E/hwcomposer(153): hwc_eventControl:141  start MSMFB_OVERLAY_VSYNC_CTRL  
01-19 16:10:39.050: E/SurfaceFlinger(153): eventControl(0, 1) failed No such file or directory
01-19 16:10:39.050: D/ConnectivityService(523): getNetworkInfo_1: networkType = 1 uid = 10112 pid = 19671
01-19 16:10:39.050: D/ConnectivityService(523): getNetworkInfo_2: networkType = 1 uid = 10112
01-19 16:10:39.060: D/ConnectivityService(523): getNetworkInfo_2 = NetworkInfo: type: WIFI[], state: CONNECTED/CONNECTED, reason: (unspecified), extra: (none), roaming: false, failover: false, isAvailable: true
01-19 16:10:39.060: D/ConnectivityService(523): getNetworkInfo_1: networkType = 1 uid = 10112 pid = 19671
01-19 16:10:39.060: D/ConnectivityService(523): getNetworkInfo_2: networkType = 1 uid = 10112
01-19 16:10:39.070: D/ConnectivityService(523): getNetworkInfo_2 = NetworkInfo: type: WIFI[], state: CONNECTED/CONNECTED, reason: (unspecified), extra: (none), roaming: false, failover: false, isAvailable: true
01-19 16:10:39.070: E/hwcomposer(153): hwc_eventControl:141  start MSMFB_OVERLAY_VSYNC_CTRL  
01-19 16:10:39.080: E/SurfaceFlinger(153): eventControl(0, 0) failed No such file or directory
01-19 16:10:39.080: D/AutostartService(19671): set fg pkgname:com.comtop.mim
01-19 16:10:39.090: E/hwcomposer(153): hwc_eventControl:141  start MSMFB_OVERLAY_VSYNC_CTRL  
01-19 16:10:39.090: E/SurfaceFlinger(153): eventControl(0, 0) failed No such file or directory
01-19 16:10:39.100: E/hwcomposer(153): hwc_eventControl:141  start MSMFB_OVERLAY_VSYNC_CTRL  
01-19 16:10:39.100: E/SurfaceFlinger(153): eventControl(0, 1) failed No such file or directory
01-19 16:10:39.130: E/hwcomposer(153): hwc_eventControl:141  start MSMFB_OVERLAY_VSYNC_CTRL  
01-19 16:10:39.130: E/SurfaceFlinger(153): eventControl(0, 0) failed No such file or directory
01-19 16:10:39.150: E/hwcomposer(153): hwc_eventControl:141  start MSMFB_OVERLAY_VSYNC_CTRL  
01-19 16:10:39.150: E/SurfaceFlinger(153): eventControl(0, 0) failed No such file or directory
01-19 16:10:39.150: E/hwcomposer(153): hwc_eventControl:141  start MSMFB_OVERLAY_VSYNC_CTRL  
01-19 16:10:39.150: E/SurfaceFlinger(153): eventControl(0, 1) failed No such file or directory
01-19 16:10:39.180: E/hwcomposer(153): hwc_eventControl:141  start MSMFB_OVERLAY_VSYNC_CTRL  
01-19 16:10:39.180: E/SurfaceFlinger(153): eventControl(0, 0) failed No such file or directory
01-19 16:10:39.200: E/hwcomposer(153): hwc_eventControl:141  start MSMFB_OVERLAY_VSYNC_CTRL  
01-19 16:10:39.200: E/SurfaceFlinger(153): eventControl(0, 0) failed No such file or directory
01-19 16:10:39.210: E/hwcomposer(153): hwc_eventControl:141  start MSMFB_OVERLAY_VSYNC_CTRL  
01-19 16:10:39.210: E/SurfaceFlinger(153): eventControl(0, 1) failed No such file or directory
01-19 16:10:39.230: E/hwcomposer(153): hwc_eventControl:141  start MSMFB_OVERLAY_VSYNC_CTRL  
01-19 16:10:39.240: E/SurfaceFlinger(153): eventControl(0, 0) failed No such file or directory
01-19 16:10:39.250: E/hwcomposer(153): hwc_eventControl:141  start MSMFB_OVERLAY_VSYNC_CTRL  
01-19 16:10:39.250: E/SurfaceFlinger(153): eventControl(0, 0) failed No such file or directory
01-19 16:10:39.260: E/hwcomposer(153): hwc_eventControl:141  start MSMFB_OVERLAY_VSYNC_CTRL  
01-19 16:10:39.260: E/SurfaceFlinger(153): eventControl(0, 1) failed No such file or directory
01-19 16:10:39.290: E/hwcomposer(153): hwc_eventControl:141  start MSMFB_OVERLAY_VSYNC_CTRL  
01-19 16:10:39.290: E/SurfaceFlinger(153): eventControl(0, 0) failed No such file or directory
01-19 16:10:39.310: E/hwcomposer(153): hwc_eventControl:141  start MSMFB_OVERLAY_VSYNC_CTRL  
01-19 16:10:39.310: E/SurfaceFlinger(153): eventControl(0, 0) failed No such file or directory
01-19 16:10:39.310: E/hwcomposer(153): hwc_eventControl:141  start MSMFB_OVERLAY_VSYNC_CTRL  
01-19 16:10:39.310: E/SurfaceFlinger(153): eventControl(0, 1) failed No such file or directory
01-19 16:10:39.340: E/hwcomposer(153): hwc_eventControl:141  start MSMFB_OVERLAY_VSYNC_CTRL  
01-19 16:10:39.340: E/SurfaceFlinger(153): eventControl(0, 0) failed No such file or directory
01-19 16:10:39.360: E/hwcomposer(153): hwc_eventControl:141  start MSMFB_OVERLAY_VSYNC_CTRL  
01-19 16:10:39.360: E/SurfaceFlinger(153): eventControl(0, 0) failed No such file or directory
01-19 16:10:39.370: E/hwcomposer(153): hwc_eventControl:141  start MSMFB_OVERLAY_VSYNC_CTRL  
01-19 16:10:39.370: E/SurfaceFlinger(153): eventControl(0, 1) failed No such file or directory
01-19 16:10:39.380: D/PowerManagerService(523): TimeoutTask/goto setPowerState1/this.nextState | mWakeLockState = 3
01-19 16:10:39.380: V/PowerManagerService(523): setPowerState/mPowerState = 3 newState = 3
01-19 16:10:39.380: V/PowerManagerService(523): setPowerState/return
01-19 16:10:39.380: I/PowerManagerService(523): mDimDelay=17000 when = 17082214
01-19 16:10:39.400: E/hwcomposer(153): hwc_eventControl:141  start MSMFB_OVERLAY_VSYNC_CTRL  
01-19 16:10:39.400: E/SurfaceFlinger(153): eventControl(0, 0) failed No such file or directory
01-19 16:10:39.410: E/hwcomposer(153): hwc_eventControl:141  start MSMFB_OVERLAY_VSYNC_CTRL  
01-19 16:10:39.410: E/SurfaceFlinger(153): eventControl(0, 0) failed No such file or directory
01-19 16:10:39.430: E/hwcomposer(153): hwc_eventControl:141  start MSMFB_OVERLAY_VSYNC_CTRL  
01-19 16:10:39.430: E/SurfaceFlinger(153): eventControl(0, 1) failed No such file or directory
01-19 16:10:39.450: E/hwcomposer(153): hwc_eventControl:141  start MSMFB_OVERLAY_VSYNC_CTRL  
01-19 16:10:39.450: E/SurfaceFlinger(153): eventControl(0, 0) failed No such file or directory
01-19 16:10:39.470: E/hwcomposer(153): hwc_eventControl:141  start MSMFB_OVERLAY_VSYNC_CTRL  
01-19 16:10:39.470: E/SurfaceFlinger(153): eventControl(0, 0) failed No such file or directory
01-19 16:10:39.470: E/hwcomposer(153): hwc_eventControl:141  start MSMFB_OVERLAY_VSYNC_CTRL  
01-19 16:10:39.470: E/SurfaceFlinger(153): eventControl(0, 1) failed No such file or directory
01-19 16:10:39.500: E/hwcomposer(153): hwc_eventControl:141  start MSMFB_OVERLAY_VSYNC_CTRL  
01-19 16:10:39.500: E/SurfaceFlinger(153): eventControl(0, 0) failed No such file or directory
01-19 16:10:39.520: E/hwcomposer(153): hwc_eventControl:141  start MSMFB_OVERLAY_VSYNC_CTRL  
01-19 16:10:39.520: E/SurfaceFlinger(153): eventControl(0, 0) failed No such file or directory
01-19 16:10:39.530: E/hwcomposer(153): hwc_eventControl:141  start MSMFB_OVERLAY_VSYNC_CTRL  
01-19 16:10:39.530: E/SurfaceFlinger(153): eventControl(0, 1) failed No such file or directory
01-19 16:10:39.560: E/hwcomposer(153): hwc_eventControl:141  start MSMFB_OVERLAY_VSYNC_CTRL  
01-19 16:10:39.560: E/SurfaceFlinger(153): eventControl(0, 0) failed No such file or directory
01-19 16:10:39.570: E/hwcomposer(153): hwc_eventControl:141  start MSMFB_OVERLAY_VSYNC_CTRL  
01-19 16:10:39.570: E/SurfaceFlinger(153): eventControl(0, 0) failed No such file or directory
01-19 16:10:39.580: E/hwcomposer(153): hwc_eventControl:141  start MSMFB_OVERLAY_VSYNC_CTRL  
01-19 16:10:39.580: E/SurfaceFlinger(153): eventControl(0, 1) failed No such file or directory
01-19 16:10:39.610: E/hwcomposer(153): hwc_eventControl:141  start MSMFB_OVERLAY_VSYNC_CTRL  
01-19 16:10:39.610: E/SurfaceFlinger(153): eventControl(0, 0) failed No such file or directory
01-19 16:10:39.630: E/hwcomposer(153): hwc_eventControl:141  start MSMFB_OVERLAY_VSYNC_CTRL  
01-19 16:10:39.630: E/SurfaceFlinger(153): eventControl(0, 0) failed No such file or directory
01-19 16:10:39.630: E/hwcomposer(153): hwc_eventControl:141  start MSMFB_OVERLAY_VSYNC_CTRL  
01-19 16:10:39.630: E/SurfaceFlinger(153): eventControl(0, 1) failed No such file or directory
01-19 16:10:39.660: E/hwcomposer(153): hwc_eventControl:141  start MSMFB_OVERLAY_VSYNC_CTRL  
01-19 16:10:39.660: E/SurfaceFlinger(153): eventControl(0, 0) failed No such file or directory
01-19 16:10:39.670: I/WifiConnect(523): AsyncServiceHandler: msg = { what=151574 when=-1ms arg1=91 }
01-19 16:10:39.680: E/hwcomposer(153): hwc_eventControl:141  start MSMFB_OVERLAY_VSYNC_CTRL  
01-19 16:10:39.680: E/SurfaceFlinger(153): eventControl(0, 0) failed No such file or directory
01-19 16:10:39.690: E/hwcomposer(153): hwc_eventControl:141  start MSMFB_OVERLAY_VSYNC_CTRL  
01-19 16:10:39.690: E/SurfaceFlinger(153): eventControl(0, 1) failed No such file or directory
01-19 16:10:39.710: V/PowerManager(704): release/flags = 0 mToken = android.os.Binder@42571450 mTag = RILJ_1_C mWorkSource = null
01-19 16:10:39.710: V/PowerManager(704): release/mRefCounted = false mCount = 0
01-19 16:10:39.710: I/PowerManagerService(523): releaseWakeLockLocked/wl.tag = RILJ_1_C wl.flags = 1 enduration = 9710 lock = android.os.BinderProxy@42d567b8
01-19 16:10:39.720: E/hwcomposer(153): hwc_eventControl:141  start MSMFB_OVERLAY_VSYNC_CTRL  
01-19 16:10:39.720: E/SurfaceFlinger(153): eventControl(0, 0) failed No such file or directory
01-19 16:10:39.730: E/hwcomposer(153): hwc_eventControl:141  start MSMFB_OVERLAY_VSYNC_CTRL  
01-19 16:10:39.730: E/SurfaceFlinger(153): eventControl(0, 0) failed No such file or directory
01-19 16:10:39.740: E/hwcomposer(153): hwc_eventControl:141  start MSMFB_OVERLAY_VSYNC_CTRL  
01-19 16:10:39.740: E/SurfaceFlinger(153): eventControl(0, 1) failed No such file or directory
01-19 16:10:39.750: D/StatusBar.BatteryController(25655): updateIcons mIsDouBattery = false mIsCharging = true mCurBatteryLevel = 27 mCurUsingIconLevel = 43
01-19 16:10:39.750: D/StatusBar.BatteryController(25655): handleMessage mCurLevel = 3 mBattery = 1
01-19 16:10:39.760: E/hwcomposer(153): hwc_eventControl:141  start MSMFB_OVERLAY_VSYNC_CTRL  
01-19 16:10:39.770: E/SurfaceFlinger(153): eventControl(0, 1) failed No such file or directory
01-19 16:10:39.770: E/hwcomposer(153): hwc_prepare:84  start  
01-19 16:10:39.770: E/hwcomposer(153): hwc_prepare:120  stop  
01-19 16:10:39.780: E/hwcomposer(153): hwc_set:207  start  
01-19 16:10:39.780: E/hwcomposer(153): hwc_set:215  start eglSwapBuffers  
01-19 16:10:39.780: E/gralloc(153): fb_post:129  start  FBIOPUT_VSCREENINFO  
01-19 16:10:39.790: E/hwcomposer(153): hwc_set:217  end eglSwapBuffers 
01-19 16:10:39.790: E/hwcomposer(153): hwc_set:233  end 
01-19 16:10:39.790: E/gralloc(153): fb_post:136  end  FBIOPUT_VSCREENINFO  
01-19 16:10:39.790: E/hwcomposer(153): hwc_eventControl:141  start MSMFB_OVERLAY_VSYNC_CTRL  
01-19 16:10:39.790: E/SurfaceFlinger(153): eventControl(0, 0) failed No such file or directory
01-19 16:10:39.800: E/hwcomposer(153): hwc_eventControl:141  start MSMFB_OVERLAY_VSYNC_CTRL  
01-19 16:10:39.800: E/SurfaceFlinger(153): eventControl(0, 1) failed No such file or directory
01-19 16:10:39.820: E/hwcomposer(153): hwc_eventControl:141  start MSMFB_OVERLAY_VSYNC_CTRL  
01-19 16:10:39.820: E/SurfaceFlinger(153): eventControl(0, 0) failed No such file or directory
01-19 16:10:39.840: E/hwcomposer(153): hwc_eventControl:141  start MSMFB_OVERLAY_VSYNC_CTRL  
01-19 16:10:39.840: E/SurfaceFlinger(153): eventControl(0, 0) failed No such file or directory
01-19 16:10:39.850: E/hwcomposer(153): hwc_eventControl:141  start MSMFB_OVERLAY_VSYNC_CTRL  
01-19 16:10:39.850: E/SurfaceFlinger(153): eventControl(0, 1) failed No such file or directory
01-19 16:10:39.880: E/hwcomposer(153): hwc_eventControl:141  start MSMFB_OVERLAY_VSYNC_CTRL  
01-19 16:10:39.880: E/SurfaceFlinger(153): eventControl(0, 0) failed No such file or directory
01-19 16:10:39.890: I/nativeLog(824): begin native log
01-19 16:10:39.890: I/nativeLog(824): begin native log
01-19 16:10:39.900: E/hwcomposer(153): hwc_eventControl:141  start MSMFB_OVERLAY_VSYNC_CTRL  
01-19 16:10:39.900: E/SurfaceFlinger(153): eventControl(0, 0) failed No such file or directory
01-19 16:10:39.900: E/hwcomposer(153): hwc_eventControl:141  start MSMFB_OVERLAY_VSYNC_CTRL  
01-19 16:10:39.900: E/SurfaceFlinger(153): eventControl(0, 1) failed No such file or directory
01-19 16:10:39.930: E/hwcomposer(153): hwc_eventControl:141  start MSMFB_OVERLAY_VSYNC_CTRL  
01-19 16:10:39.930: E/SurfaceFlinger(153): eventControl(0, 0) failed No such file or directory
01-19 16:10:39.950: E/hwcomposer(153): hwc_eventControl:141  start MSMFB_OVERLAY_VSYNC_CTRL  
01-19 16:10:39.950: E/SurfaceFlinger(153): eventControl(0, 0) failed No such file or directory
01-19 16:10:39.960: E/hwcomposer(153): hwc_eventControl:141  start MSMFB_OVERLAY_VSYNC_CTRL  
01-19 16:10:39.960: E/SurfaceFlinger(153): eventControl(0, 1) failed No such file or directory
01-19 16:10:39.980: E/hwcomposer(153): hwc_eventControl:141  start MSMFB_OVERLAY_VSYNC_CTRL  
01-19 16:10:39.980: E/SurfaceFlinger(153): eventControl(0, 0) failed No such file or directory
01-19 16:10:40.000: E/hwcomposer(153): hwc_eventControl:141  start MSMFB_OVERLAY_VSYNC_CTRL  
01-19 16:10:40.000: E/SurfaceFlinger(153): eventControl(0, 0) failed No such file or directory
01-19 16:10:40.010: E/hwcomposer(153): hwc_eventControl:141  start MSMFB_OVERLAY_VSYNC_CTRL  
01-19 16:10:40.010: E/SurfaceFlinger(153): eventControl(0, 1) failed No such file or directory
01-19 16:10:40.040: E/hwcomposer(153): hwc_eventControl:141  start MSMFB_OVERLAY_VSYNC_CTRL  
01-19 16:10:40.040: E/SurfaceFlinger(153): eventControl(0, 0) failed No such file or directory
01-19 16:10:40.060: E/hwcomposer(153): hwc_eventControl:141  start MSMFB_OVERLAY_VSYNC_CTRL  
01-19 16:10:40.060: E/SurfaceFlinger(153): eventControl(0, 0) failed No such file or directory
01-19 16:10:40.060: E/hwcomposer(153): hwc_eventControl:141  start MSMFB_OVERLAY_VSYNC_CTRL  
01-19 16:10:40.060: E/SurfaceFlinger(153): eventControl(0, 1) failed No such file or directory
01-19 16:10:40.090: D/ConnectivityService(523): getNetworkInfo_1: networkType = 1 uid = 10112 pid = 19671
01-19 16:10:40.090: E/hwcomposer(153): hwc_eventControl:141  start MSMFB_OVERLAY_VSYNC_CTRL  
01-19 16:10:40.090: E/SurfaceFlinger(153): eventControl(0, 0) failed No such file or directory
01-19 16:10:40.090: D/ConnectivityService(523): getNetworkInfo_2: networkType = 1 uid = 10112
01-19 16:10:40.100: D/ConnectivityService(523): getNetworkInfo_2 = NetworkInfo: type: WIFI[], state: CONNECTED/CONNECTED, reason: (unspecified), extra: (none), roaming: false, failover: false, isAvailable: true
01-19 16:10:40.100: D/ConnectivityService(523): getNetworkInfo_1: networkType = 1 uid = 10112 pid = 19671
01-19 16:10:40.100: D/ConnectivityService(523): getNetworkInfo_2: networkType = 1 uid = 10112
01-19 16:10:40.100: D/ConnectivityService(523): getNetworkInfo_2 = NetworkInfo: type: WIFI[], state: CONNECTED/CONNECTED, reason: (unspecified), extra: (none), roaming: false, failover: false, isAvailable: true
01-19 16:10:40.110: E/hwcomposer(153): hwc_eventControl:141  start MSMFB_OVERLAY_VSYNC_CTRL  
01-19 16:10:40.110: E/SurfaceFlinger(153): eventControl(0, 0) failed No such file or directory
01-19 16:10:40.110: D/AutostartService(19671): set fg pkgname:com.comtop.mim
01-19 16:10:40.120: E/hwcomposer(153): hwc_eventControl:141  start MSMFB_OVERLAY_VSYNC_CTRL  
01-19 16:10:40.120: E/SurfaceFlinger(153): eventControl(0, 1) failed No such file or directory
01-19 16:10:40.140: E/hwcomposer(153): hwc_eventControl:141  start MSMFB_OVERLAY_VSYNC_CTRL  
01-19 16:10:40.140: E/SurfaceFlinger(153): eventControl(0, 0) failed No such file or directory
01-19 16:10:40.160: E/hwcomposer(153): hwc_eventControl:141  start MSMFB_OVERLAY_VSYNC_CTRL  
01-19 16:10:40.160: E/SurfaceFlinger(153): eventControl(0, 0) failed No such file or directory
01-19 16:10:40.170: E/hwcomposer(153): hwc_eventControl:141  start MSMFB_OVERLAY_VSYNC_CTRL  
01-19 16:10:40.170: E/SurfaceFlinger(153): eventControl(0, 1) failed No such file or directory
01-19 16:10:40.200: E/hwcomposer(153): hwc_eventControl:141  start MSMFB_OVERLAY_VSYNC_CTRL  
01-19 16:10:40.200: E/SurfaceFlinger(153): eventControl(0, 0) failed No such file or directory
01-19 16:10:40.220: E/hwcomposer(153): hwc_eventControl:141  start MSMFB_OVERLAY_VSYNC_CTRL  
01-19 16:10:40.220: E/SurfaceFlinger(153): eventControl(0, 0) failed No such file or directory
01-19 16:10:40.220: E/hwcomposer(153): hwc_eventControl:141  start MSMFB_OVERLAY_VSYNC_CTRL  
01-19 16:10:40.220: E/SurfaceFlinger(153): eventControl(0, 1) failed No such file or directory
01-19 16:10:40.250: E/hwcomposer(153): hwc_eventControl:141  start MSMFB_OVERLAY_VSYNC_CTRL  
01-19 16:10:40.250: E/SurfaceFlinger(153): eventControl(0, 0) failed No such file or directory
01-19 16:10:40.270: E/hwcomposer(153): hwc_eventControl:141  start MSMFB_OVERLAY_VSYNC_CTRL  
01-19 16:10:40.270: E/SurfaceFlinger(153): eventControl(0, 0) failed No such file or directory
01-19 16:10:40.270: E/hwcomposer(153): hwc_eventControl:141  start MSMFB_OVERLAY_VSYNC_CTRL  
01-19 16:10:40.280: E/SurfaceFlinger(153): eventControl(0, 1) failed No such file or directory
01-19 16:10:40.300: E/hwcomposer(153): hwc_eventControl:141  start MSMFB_OVERLAY_VSYNC_CTRL  
01-19 16:10:40.300: E/SurfaceFlinger(153): eventControl(0, 0) failed No such file or directory
01-19 16:10:40.320: E/hwcomposer(153): hwc_eventControl:141  start MSMFB_OVERLAY_VSYNC_CTRL  
01-19 16:10:40.320: E/SurfaceFlinger(153): eventControl(0, 0) failed No such file or directory
01-19 16:10:40.330: E/hwcomposer(153): hwc_eventControl:141  start MSMFB_OVERLAY_VSYNC_CTRL  
01-19 16:10:40.330: E/SurfaceFlinger(153): eventControl(0, 1) failed No such file or directory
01-19 16:10:40.360: E/hwcomposer(153): hwc_eventControl:141  start MSMFB_OVERLAY_VSYNC_CTRL  
01-19 16:10:40.360: E/SurfaceFlinger(153): eventControl(0, 0) failed No such file or directory
01-19 16:10:40.380: E/hwcomposer(153): hwc_eventControl:141  start MSMFB_OVERLAY_VSYNC_CTRL  
01-19 16:10:40.380: E/SurfaceFlinger(153): eventControl(0, 0) failed No such file or directory
01-19 16:10:40.380: E/hwcomposer(153): hwc_eventControl:141  start MSMFB_OVERLAY_VSYNC_CTRL  
01-19 16:10:40.390: E/SurfaceFlinger(153): eventControl(0, 1) failed No such file or directory
01-19 16:10:40.410: E/hwcomposer(153): hwc_eventControl:141  start MSMFB_OVERLAY_VSYNC_CTRL  
01-19 16:10:40.410: E/SurfaceFlinger(153): eventControl(0, 0) failed No such file or directory
01-19 16:10:40.430: E/hwcomposer(153): hwc_eventControl:141  start MSMFB_OVERLAY_VSYNC_CTRL  
01-19 16:10:40.430: E/SurfaceFlinger(153): eventControl(0, 0) failed No such file or directory
01-19 16:10:40.440: E/hwcomposer(153): hwc_eventControl:141  start MSMFB_OVERLAY_VSYNC_CTRL  
01-19 16:10:40.440: E/SurfaceFlinger(153): eventControl(0, 1) failed No such file or directory
01-19 16:10:40.470: E/hwcomposer(153): hwc_eventControl:141  start MSMFB_OVERLAY_VSYNC_CTRL  
01-19 16:10:40.470: E/SurfaceFlinger(153): eventControl(0, 0) failed No such file or directory
01-19 16:10:40.480: E/hwcomposer(153): hwc_eventControl:141  start MSMFB_OVERLAY_VSYNC_CTRL  
01-19 16:10:40.480: E/SurfaceFlinger(153): eventControl(0, 0) failed No such file or directory
01-19 16:10:40.490: E/hwcomposer(153): hwc_eventControl:141  start MSMFB_OVERLAY_VSYNC_CTRL  
01-19 16:10:40.490: E/SurfaceFlinger(153): eventControl(0, 1) failed No such file or directory
01-19 16:10:40.520: E/hwcomposer(153): hwc_eventControl:141  start MSMFB_OVERLAY_VSYNC_CTRL  
01-19 16:10:40.520: E/SurfaceFlinger(153): eventControl(0, 0) failed No such file or directory
01-19 16:10:40.540: E/hwcomposer(153): hwc_eventControl:141  start MSMFB_OVERLAY_VSYNC_CTRL  
01-19 16:10:40.540: E/SurfaceFlinger(153): eventControl(0, 0) failed No such file or directory
01-19 16:10:40.540: E/hwcomposer(153): hwc_eventControl:141  start MSMFB_OVERLAY_VSYNC_CTRL  
01-19 16:10:40.540: E/SurfaceFlinger(153): eventControl(0, 1) failed No such file or directory
01-19 16:10:40.570: E/hwcomposer(153): hwc_eventControl:141  start MSMFB_OVERLAY_VSYNC_CTRL  
01-19 16:10:40.570: E/SurfaceFlinger(153): eventControl(0, 0) failed No such file or directory
01-19 16:10:40.590: E/hwcomposer(153): hwc_eventControl:141  start MSMFB_OVERLAY_VSYNC_CTRL  
01-19 16:10:40.590: E/SurfaceFlinger(153): eventControl(0, 0) failed No such file or directory
01-19 16:10:40.600: E/hwcomposer(153): hwc_eventControl:141  start MSMFB_OVERLAY_VSYNC_CTRL  
01-19 16:10:40.600: E/SurfaceFlinger(153): eventControl(0, 1) failed No such file or directory
01-19 16:10:40.630: E/hwcomposer(153): hwc_eventControl:141  start MSMFB_OVERLAY_VSYNC_CTRL  
01-19 16:10:40.630: E/SurfaceFlinger(153): eventControl(0, 0) failed No such file or directory
01-19 16:10:40.640: E/hwcomposer(153): hwc_eventControl:141  start MSMFB_OVERLAY_VSYNC_CTRL  
01-19 16:10:40.640: E/SurfaceFlinger(153): eventControl(0, 0) failed No such file or directory
01-19 16:10:40.650: E/hwcomposer(153): hwc_eventControl:141  start MSMFB_OVERLAY_VSYNC_CTRL  
01-19 16:10:40.650: E/SurfaceFlinger(153): eventControl(0, 1) failed No such file or directory
01-19 16:10:40.670: I/WifiConnect(523): AsyncServiceHandler: msg = { what=151574 when=-1ms arg1=91 }
01-19 16:10:40.680: E/hwcomposer(153): hwc_eventControl:141  start MSMFB_OVERLAY_VSYNC_CTRL  
01-19 16:10:40.680: E/SurfaceFlinger(153): eventControl(0, 0) failed No such file or directory
01-19 16:10:40.700: E/hwcomposer(153): hwc_eventControl:141  start MSMFB_OVERLAY_VSYNC_CTRL  
01-19 16:10:40.700: E/SurfaceFlinger(153): eventControl(0, 0) failed No such file or directory
01-19 16:10:40.700: E/hwcomposer(153): hwc_eventControl:141  start MSMFB_OVERLAY_VSYNC_CTRL  
01-19 16:10:40.700: E/SurfaceFlinger(153): eventControl(0, 1) failed No such file or directory
01-19 16:10:40.730: E/hwcomposer(153): hwc_eventControl:141  start MSMFB_OVERLAY_VSYNC_CTRL  
01-19 16:10:40.730: E/SurfaceFlinger(153): eventControl(0, 0) failed No such file or directory
01-19 16:10:40.750: E/hwcomposer(153): hwc_eventControl:141  start MSMFB_OVERLAY_VSYNC_CTRL  
01-19 16:10:40.750: E/SurfaceFlinger(153): eventControl(0, 0) failed No such file or directory
01-19 16:10:40.750: D/StatusBar.BatteryController(25655): updateIcons mIsDouBattery = false mIsCharging = true mCurBatteryLevel = 27 mCurUsingIconLevel = 58
01-19 16:10:40.760: E/hwcomposer(153): hwc_eventControl:141  start MSMFB_OVERLAY_VSYNC_CTRL  
01-19 16:10:40.760: E/SurfaceFlinger(153): eventControl(0, 1) failed No such file or directory
01-19 16:10:40.760: D/StatusBar.BatteryController(25655): handleMessage mCurLevel = 4 mBattery = 1
01-19 16:10:40.780: E/hwcomposer(153): hwc_eventControl:141  start MSMFB_OVERLAY_VSYNC_CTRL  
01-19 16:10:40.780: E/SurfaceFlinger(153): eventControl(0, 1) failed No such file or directory
01-19 16:10:40.790: E/hwcomposer(153): hwc_prepare:84  start  
01-19 16:10:40.790: E/hwcomposer(153): hwc_prepare:120  stop  
01-19 16:10:40.800: E/hwcomposer(153): hwc_set:207  start  
01-19 16:10:40.800: E/hwcomposer(153): hwc_set:215  start eglSwapBuffers  
01-19 16:10:40.800: E/gralloc(153): fb_post:129  start  FBIOPUT_VSCREENINFO  
01-19 16:10:40.800: E/hwcomposer(153): hwc_set:217  end eglSwapBuffers 
01-19 16:10:40.800: E/hwcomposer(153): hwc_set:233  end 
01-19 16:10:40.800: E/gralloc(153): fb_post:136  end  FBIOPUT_VSCREENINFO  
01-19 16:10:40.800: E/hwcomposer(153): hwc_eventControl:141  start MSMFB_OVERLAY_VSYNC_CTRL  
01-19 16:10:40.810: E/SurfaceFlinger(153): eventControl(0, 0) failed No such file or directory
01-19 16:10:40.810: E/hwcomposer(153): hwc_eventControl:141  start MSMFB_OVERLAY_VSYNC_CTRL  
01-19 16:10:40.810: E/SurfaceFlinger(153): eventControl(0, 1) failed No such file or directory
01-19 16:10:40.840: E/hwcomposer(153): hwc_eventControl:141  start MSMFB_OVERLAY_VSYNC_CTRL  
01-19 16:10:40.840: E/SurfaceFlinger(153): eventControl(0, 0) failed No such file or directory
01-19 16:10:40.860: E/hwcomposer(153): hwc_eventControl:141  start MSMFB_OVERLAY_VSYNC_CTRL  
01-19 16:10:40.860: E/SurfaceFlinger(153): eventControl(0, 0) failed No such file or directory
01-19 16:10:40.860: E/hwcomposer(153): hwc_eventControl:141  start MSMFB_OVERLAY_VSYNC_CTRL  
01-19 16:10:40.860: E/SurfaceFlinger(153): eventControl(0, 1) failed No such file or directory
01-19 16:10:40.890: E/hwcomposer(153): hwc_eventControl:141  start MSMFB_OVERLAY_VSYNC_CTRL  
01-19 16:10:40.890: E/SurfaceFlinger(153): eventControl(0, 0) failed No such file or directory
01-19 16:10:40.910: E/hwcomposer(153): hwc_eventControl:141  start MSMFB_OVERLAY_VSYNC_CTRL  
01-19 16:10:40.910: E/SurfaceFlinger(153): eventControl(0, 0) failed No such file or directory
01-19 16:10:40.920: E/hwcomposer(153): hwc_eventControl:141  start MSMFB_OVERLAY_VSYNC_CTRL  
01-19 16:10:40.920: E/SurfaceFlinger(153): eventControl(0, 1) failed No such file or directory
01-19 16:10:40.950: E/hwcomposer(153): hwc_eventControl:141  start MSMFB_OVERLAY_VSYNC_CTRL  
01-19 16:10:40.950: E/SurfaceFlinger(153): eventControl(0, 0) failed No such file or directory
01-19 16:10:40.960: E/hwcomposer(153): hwc_eventControl:141  start MSMFB_OVERLAY_VSYNC_CTRL  
01-19 16:10:40.970: E/SurfaceFlinger(153): eventControl(0, 0) failed No such file or directory
01-19 16:10:40.970: E/hwcomposer(153): hwc_eventControl:141  start MSMFB_OVERLAY_VSYNC_CTRL  
01-19 16:10:40.970: E/SurfaceFlinger(153): eventControl(0, 1) failed No such file or directory
01-19 16:10:41.000: E/hwcomposer(153): hwc_eventControl:141  start MSMFB_OVERLAY_VSYNC_CTRL  
01-19 16:10:41.000: E/SurfaceFlinger(153): eventControl(0, 0) failed No such file or directory
01-19 16:10:41.020: E/hwcomposer(153): hwc_eventControl:141  start MSMFB_OVERLAY_VSYNC_CTRL  
01-19 16:10:41.020: E/SurfaceFlinger(153): eventControl(0, 0) failed No such file or directory
01-19 16:10:41.030: E/hwcomposer(153): hwc_eventControl:141  start MSMFB_OVERLAY_VSYNC_CTRL  
01-19 16:10:41.030: E/SurfaceFlinger(153): eventControl(0, 1) failed No such file or directory
01-19 16:10:41.050: E/hwcomposer(153): hwc_eventControl:141  start MSMFB_OVERLAY_VSYNC_CTRL  
01-19 16:10:41.050: E/SurfaceFlinger(153): eventControl(0, 0) failed No such file or directory
01-19 16:10:41.070: E/hwcomposer(153): hwc_eventControl:141  start MSMFB_OVERLAY_VSYNC_CTRL  
01-19 16:10:41.070: E/SurfaceFlinger(153): eventControl(0, 0) failed No such file or directory
01-19 16:10:41.080: E/hwcomposer(153): hwc_eventControl:141  start MSMFB_OVERLAY_VSYNC_CTRL  
01-19 16:10:41.080: E/SurfaceFlinger(153): eventControl(0, 1) failed No such file or directory
01-19 16:10:41.110: E/hwcomposer(153): hwc_eventControl:141  start MSMFB_OVERLAY_VSYNC_CTRL  
01-19 16:10:41.110: E/SurfaceFlinger(153): eventControl(0, 0) failed No such file or directory
01-19 16:10:41.120: E/ThermalDaemon(1002): Sensor 'MSM_THERM' -  40*C (40960)
01-19 16:10:41.120: D/ConnectivityService(523): getNetworkInfo_1: networkType = 1 uid = 10112 pid = 19671
01-19 16:10:41.120: D/ConnectivityService(523): getNetworkInfo_2: networkType = 1 uid = 10112
01-19 16:10:41.120: D/ConnectivityService(523): getNetworkInfo_2 = NetworkInfo: type: WIFI[], state: CONNECTED/CONNECTED, reason: (unspecified), extra: (none), roaming: false, failover: false, isAvailable: true
01-19 16:10:41.130: E/hwcomposer(153): hwc_eventControl:141  start MSMFB_OVERLAY_VSYNC_CTRL  
01-19 16:10:41.130: E/SurfaceFlinger(153): eventControl(0, 0) failed No such file or directory
01-19 16:10:41.130: D/ConnectivityService(523): getNetworkInfo_1: networkType = 1 uid = 10112 pid = 19671
01-19 16:10:41.130: D/ConnectivityService(523): getNetworkInfo_2: networkType = 1 uid = 10112
01-19 16:10:41.140: E/hwcomposer(153): hwc_eventControl:141  start MSMFB_OVERLAY_VSYNC_CTRL  
01-19 16:10:41.140: E/SurfaceFlinger(153): eventControl(0, 1) failed No such file or directory
01-19 16:10:41.140: D/ConnectivityService(523): getNetworkInfo_2 = NetworkInfo: type: WIFI[], state: CONNECTED/CONNECTED, reason: (unspecified), extra: (none), roaming: false, failover: false, isAvailable: true
01-19 16:10:41.150: D/AutostartService(19671): set fg pkgname:com.comtop.mim
01-19 16:10:41.160: E/hwcomposer(153): hwc_eventControl:141  start MSMFB_OVERLAY_VSYNC_CTRL  
01-19 16:10:41.160: E/SurfaceFlinger(153): eventControl(0, 0) failed No such file or directory
01-19 16:10:41.180: E/hwcomposer(153): hwc_eventControl:141  start MSMFB_OVERLAY_VSYNC_CTRL  
01-19 16:10:41.180: E/SurfaceFlinger(153): eventControl(0, 0) failed No such file or directory
01-19 16:10:41.190: E/hwcomposer(153): hwc_eventControl:141  start MSMFB_OVERLAY_VSYNC_CTRL  
01-19 16:10:41.190: E/SurfaceFlinger(153): eventControl(0, 1) failed No such file or directory
01-19 16:10:41.210: E/hwcomposer(153): hwc_eventControl:141  start MSMFB_OVERLAY_VSYNC_CTRL  
01-19 16:10:41.210: E/SurfaceFlinger(153): eventControl(0, 0) failed No such file or directory
01-19 16:10:41.230: E/hwcomposer(153): hwc_eventControl:141  start MSMFB_OVERLAY_VSYNC_CTRL  
01-19 16:10:41.230: E/SurfaceFlinger(153): eventControl(0, 0) failed No such file or directory
01-19 16:10:41.240: E/hwcomposer(153): hwc_eventControl:141  start MSMFB_OVERLAY_VSYNC_CTRL  
01-19 16:10:41.240: E/SurfaceFlinger(153): eventControl(0, 1) failed No such file or directory
01-19 16:10:41.270: E/hwcomposer(153): hwc_eventControl:141  start MSMFB_OVERLAY_VSYNC_CTRL  
01-19 16:10:41.270: E/SurfaceFlinger(153): eventControl(0, 0) failed No such file or directory
01-19 16:10:41.290: E/hwcomposer(153): hwc_eventControl:141  start MSMFB_OVERLAY_VSYNC_CTRL  
01-19 16:10:41.290: E/SurfaceFlinger(153): eventControl(0, 0) failed No such file or directory
01-19 16:10:41.290: E/hwcomposer(153): hwc_eventControl:141  start MSMFB_OVERLAY_VSYNC_CTRL  
01-19 16:10:41.290: E/SurfaceFlinger(153): eventControl(0, 1) failed No such file or directory
01-19 16:10:41.320: E/hwcomposer(153): hwc_eventControl:141  start MSMFB_OVERLAY_VSYNC_CTRL  
01-19 16:10:41.320: E/SurfaceFlinger(153): eventControl(0, 0) failed No such file or directory
01-19 16:10:41.340: E/hwcomposer(153): hwc_eventControl:141  start MSMFB_OVERLAY_VSYNC_CTRL  
01-19 16:10:41.340: E/SurfaceFlinger(153): eventControl(0, 0) failed No such file or directory
01-19 16:10:41.350: E/hwcomposer(153): hwc_eventControl:141  start MSMFB_OVERLAY_VSYNC_CTRL  
01-19 16:10:41.350: E/SurfaceFlinger(153): eventControl(0, 1) failed No such file or directory
01-19 16:10:41.370: E/hwcomposer(153): hwc_eventControl:141  start MSMFB_OVERLAY_VSYNC_CTRL  
01-19 16:10:41.380: E/SurfaceFlinger(153): eventControl(0, 0) failed No such file or directory
01-19 16:10:41.390: E/hwcomposer(153): hwc_eventControl:141  start MSMFB_OVERLAY_VSYNC_CTRL  
01-19 16:10:41.390: E/SurfaceFlinger(153): eventControl(0, 0) failed No such file or directory
01-19 16:10:41.400: E/hwcomposer(153): hwc_eventControl:141  start MSMFB_OVERLAY_VSYNC_CTRL  
01-19 16:10:41.400: E/SurfaceFlinger(153): eventControl(0, 1) failed No such file or directory
01-19 16:10:41.430: E/hwcomposer(153): hwc_eventControl:141  start MSMFB_OVERLAY_VSYNC_CTRL  
01-19 16:10:41.430: E/SurfaceFlinger(153): eventControl(0, 0) failed No such file or directory
01-19 16:10:41.450: E/hwcomposer(153): hwc_eventControl:141  start MSMFB_OVERLAY_VSYNC_CTRL  
01-19 16:10:41.450: E/SurfaceFlinger(153): eventControl(0, 0) failed No such file or directory
01-19 16:10:41.450: E/hwcomposer(153): hwc_eventControl:141  start MSMFB_OVERLAY_VSYNC_CTRL  
01-19 16:10:41.450: E/SurfaceFlinger(153): eventControl(0, 1) failed No such file or directory
01-19 16:10:41.480: E/hwcomposer(153): hwc_eventControl:141  start MSMFB_OVERLAY_VSYNC_CTRL  
01-19 16:10:41.480: E/SurfaceFlinger(153): eventControl(0, 0) failed No such file or directory
01-19 16:10:41.500: E/hwcomposer(153): hwc_eventControl:141  start MSMFB_OVERLAY_VSYNC_CTRL  
01-19 16:10:41.500: E/SurfaceFlinger(153): eventControl(0, 0) failed No such file or directory
01-19 16:10:41.510: E/hwcomposer(153): hwc_eventControl:141  start MSMFB_OVERLAY_VSYNC_CTRL  
01-19 16:10:41.510: E/SurfaceFlinger(153): eventControl(0, 1) failed No such file or directory
01-19 16:10:41.540: E/hwcomposer(153): hwc_eventControl:141  start MSMFB_OVERLAY_VSYNC_CTRL  
01-19 16:10:41.540: E/SurfaceFlinger(153): eventControl(0, 0) failed No such file or directory
01-19 16:10:41.550: E/hwcomposer(153): hwc_eventControl:141  start MSMFB_OVERLAY_VSYNC_CTRL  
01-19 16:10:41.550: E/SurfaceFlinger(153): eventControl(0, 0) failed No such file or directory
01-19 16:10:41.560: E/hwcomposer(153): hwc_eventControl:141  start MSMFB_OVERLAY_VSYNC_CTRL  
01-19 16:10:41.560: E/SurfaceFlinger(153): eventControl(0, 1) failed No such file or directory
01-19 16:10:41.590: E/hwcomposer(153): hwc_eventControl:141  start MSMFB_OVERLAY_VSYNC_CTRL  
01-19 16:10:41.590: E/SurfaceFlinger(153): eventControl(0, 0) failed No such file or directory
01-19 16:10:41.610: E/hwcomposer(153): hwc_eventControl:141  start MSMFB_OVERLAY_VSYNC_CTRL  
01-19 16:10:41.610: E/SurfaceFlinger(153): eventControl(0, 0) failed No such file or directory
01-19 16:10:41.610: E/hwcomposer(153): hwc_eventControl:141  start MSMFB_OVERLAY_VSYNC_CTRL  
01-19 16:10:41.610: E/SurfaceFlinger(153): eventControl(0, 1) failed No such file or directory
01-19 16:10:41.640: E/hwcomposer(153): hwc_eventControl:141  start MSMFB_OVERLAY_VSYNC_CTRL  
01-19 16:10:41.640: E/SurfaceFlinger(153): eventControl(0, 0) failed No such file or directory
01-19 16:10:41.660: E/hwcomposer(153): hwc_eventControl:141  start MSMFB_OVERLAY_VSYNC_CTRL  
01-19 16:10:41.660: E/SurfaceFlinger(153): eventControl(0, 0) failed No such file or directory
01-19 16:10:41.670: E/hwcomposer(153): hwc_eventControl:141  start MSMFB_OVERLAY_VSYNC_CTRL  
01-19 16:10:41.670: E/SurfaceFlinger(153): eventControl(0, 1) failed No such file or directory
01-19 16:10:41.680: I/WifiConnect(523): AsyncServiceHandler: msg = { what=151574 when=-2ms arg1=91 }
01-19 16:10:41.700: E/hwcomposer(153): hwc_eventControl:141  start MSMFB_OVERLAY_VSYNC_CTRL  
01-19 16:10:41.700: E/SurfaceFlinger(153): eventControl(0, 0) failed No such file or directory
01-19 16:10:41.710: E/hwcomposer(153): hwc_eventControl:141  start MSMFB_OVERLAY_VSYNC_CTRL  
01-19 16:10:41.710: E/SurfaceFlinger(153): eventControl(0, 0) failed No such file or directory
01-19 16:10:41.720: E/hwcomposer(153): hwc_eventControl:141  start MSMFB_OVERLAY_VSYNC_CTRL  
01-19 16:10:41.720: E/SurfaceFlinger(153): eventControl(0, 1) failed No such file or directory
01-19 16:10:41.720: I/HotPatchPackageManager(7071): fetch url:http://hotpatch.wangxin.taobao.com/patch?version=1.9.0_ANDROID_OPENIM&patchver=0&platform=4.1.2&appId=65 is empty! pls check!
01-19 16:10:41.750: E/hwcomposer(153): hwc_eventControl:141  start MSMFB_OVERLAY_VSYNC_CTRL  
01-19 16:10:41.750: E/SurfaceFlinger(153): eventControl(0, 0) failed No such file or directory
01-19 16:10:41.760: E/hwcomposer(153): hwc_eventControl:141  start MSMFB_OVERLAY_VSYNC_CTRL  
01-19 16:10:41.760: E/SurfaceFlinger(153): eventControl(0, 1) failed No such file or directory
