01-19 16:55:59.480   153   480 E hwcomposer: hwc_eventControl:141  start MSMFB_OVERLAY_VSYNC_CTRL  
01-19 16:55:59.480   153   480 E SurfaceFlinger: eventControl(0, 0) failed No such file or directory
01-19 16:55:59.500   153   480 E hwcomposer: hwc_eventControl:141  start MSMFB_OVERLAY_VSYNC_CTRL  
01-19 16:55:59.500   153   480 E SurfaceFlinger: eventControl(0, 0) failed No such file or directory
01-19 16:55:59.510   153   480 E hwcomposer: hwc_eventControl:141  start MSMFB_OVERLAY_VSYNC_CTRL  
01-19 16:55:59.510   153   480 E SurfaceFlinger: eventControl(0, 1) failed No such file or directory
01-19 16:55:59.510   523   564 D PowerManagerService: TimeoutTask/goto setPowerState1/this.nextState | mWakeLockState = 3
01-19 16:55:59.510   523   564 V PowerManagerService: setPowerState/mPowerState = 3 newState = 3
01-19 16:55:59.510   523   564 V PowerManagerService: setPowerState/return
01-19 16:55:59.510   523   564 I PowerManagerService: mDimDelay=17000 when = 17623523
01-19 16:55:59.540   153   480 E hwcomposer: hwc_eventControl:141  start MSMFB_OVERLAY_VSYNC_CTRL  
01-19 16:55:59.540   153   480 E SurfaceFlinger: eventControl(0, 0) failed No such file or directory
01-19 16:55:59.560   153   480 E hwcomposer: hwc_eventControl:141  start MSMFB_OVERLAY_VSYNC_CTRL  
01-19 16:55:59.560   153   480 E SurfaceFlinger: eventControl(0, 0) failed No such file or directory
01-19 16:55:59.560   153   480 E hwcomposer: hwc_eventControl:141  start MSMFB_OVERLAY_VSYNC_CTRL  
01-19 16:55:59.560   153   480 E SurfaceFlinger: eventControl(0, 1) failed No such file or directory
01-19 16:55:59.590   153   480 E hwcomposer: hwc_eventControl:141  start MSMFB_OVERLAY_VSYNC_CTRL  
01-19 16:55:59.590   153   480 E SurfaceFlinger: eventControl(0, 0) failed No such file or directory
01-19 16:55:59.610   153   480 E hwcomposer: hwc_eventControl:141  start MSMFB_OVERLAY_VSYNC_CTRL  
01-19 16:55:59.610   153   480 E SurfaceFlinger: eventControl(0, 0) failed No such file or directory
01-19 16:55:59.620   153   480 E hwcomposer: hwc_eventControl:141  start MSMFB_OVERLAY_VSYNC_CTRL  
01-19 16:55:59.620   153   480 E SurfaceFlinger: eventControl(0, 1) failed No such file or directory
01-19 16:55:59.640   153   480 E hwcomposer: hwc_eventControl:141  start MSMFB_OVERLAY_VSYNC_CTRL  
01-19 16:55:59.640   153   480 E SurfaceFlinger: eventControl(0, 0) failed No such file or directory
01-19 16:55:59.660   153   480 E hwcomposer: hwc_eventControl:141  start MSMFB_OVERLAY_VSYNC_CTRL  
01-19 16:55:59.660   153   480 E SurfaceFlinger: eventControl(0, 0) failed No such file or directory
01-19 16:55:59.670   153   480 E hwcomposer: hwc_eventControl:141  start MSMFB_OVERLAY_VSYNC_CTRL  
01-19 16:55:59.670   153   480 E SurfaceFlinger: eventControl(0, 1) failed No such file or directory
01-19 16:55:59.700   153   480 E hwcomposer: hwc_eventControl:141  start MSMFB_OVERLAY_VSYNC_CTRL  
01-19 16:55:59.700   153   480 E SurfaceFlinger: eventControl(0, 0) failed No such file or directory
01-19 16:55:59.720   153   480 E hwcomposer: hwc_eventControl:141  start MSMFB_OVERLAY_VSYNC_CTRL  
01-19 16:55:59.720   153   480 E SurfaceFlinger: eventControl(0, 0) failed No such file or directory
01-19 16:55:59.720   153   480 E hwcomposer: hwc_eventControl:141  start MSMFB_OVERLAY_VSYNC_CTRL  
01-19 16:55:59.720   153   480 E SurfaceFlinger: eventControl(0, 1) failed No such file or directory
01-19 16:55:59.750   153   480 E hwcomposer: hwc_eventControl:141  start MSMFB_OVERLAY_VSYNC_CTRL  
01-19 16:55:59.750   153   480 E SurfaceFlinger: eventControl(0, 0) failed No such file or directory
01-19 16:55:59.770   153   480 E hwcomposer: hwc_eventControl:141  start MSMFB_OVERLAY_VSYNC_CTRL  
01-19 16:55:59.770   153   480 E SurfaceFlinger: eventControl(0, 0) failed No such file or directory
01-19 16:55:59.780   153   480 E hwcomposer: hwc_eventControl:141  start MSMFB_OVERLAY_VSYNC_CTRL  
01-19 16:55:59.780   153   480 E SurfaceFlinger: eventControl(0, 1) failed No such file or directory
01-19 16:55:59.800   153   480 E hwcomposer: hwc_eventControl:141  start MSMFB_OVERLAY_VSYNC_CTRL  
01-19 16:55:59.800   153   480 E SurfaceFlinger: eventControl(0, 0) failed No such file or directory
01-19 16:55:59.820   153   480 E hwcomposer: hwc_eventControl:141  start MSMFB_OVERLAY_VSYNC_CTRL  
01-19 16:55:59.820   153   480 E SurfaceFlinger: eventControl(0, 0) failed No such file or directory
01-19 16:55:59.830   153   480 E hwcomposer: hwc_eventControl:141  start MSMFB_OVERLAY_VSYNC_CTRL  
01-19 16:55:59.830   153   480 E SurfaceFlinger: eventControl(0, 1) failed No such file or directory
01-19 16:55:59.860   153   480 E hwcomposer: hwc_eventControl:141  start MSMFB_OVERLAY_VSYNC_CTRL  
01-19 16:55:59.860   153   480 E SurfaceFlinger: eventControl(0, 0) failed No such file or directory
01-19 16:55:59.880   153   480 E hwcomposer: hwc_eventControl:141  start MSMFB_OVERLAY_VSYNC_CTRL  
01-19 16:55:59.880   153   480 E SurfaceFlinger: eventControl(0, 0) failed No such file or directory
01-19 16:55:59.880   153   480 E hwcomposer: hwc_eventControl:141  start MSMFB_OVERLAY_VSYNC_CTRL  
01-19 16:55:59.880   153   480 E SurfaceFlinger: eventControl(0, 1) failed No such file or directory
01-19 16:55:59.910   153   480 E hwcomposer: hwc_eventControl:141  start MSMFB_OVERLAY_VSYNC_CTRL  
01-19 16:55:59.910   153   480 E SurfaceFlinger: eventControl(0, 0) failed No such file or directory
01-19 16:55:59.930   153   480 E hwcomposer: hwc_eventControl:141  start MSMFB_OVERLAY_VSYNC_CTRL  
01-19 16:55:59.930   153   480 E SurfaceFlinger: eventControl(0, 0) failed No such file or directory
01-19 16:55:59.940   153   480 E hwcomposer: hwc_eventControl:141  start MSMFB_OVERLAY_VSYNC_CTRL  
01-19 16:55:59.940   153   480 E SurfaceFlinger: eventControl(0, 1) failed No such file or directory
01-19 16:55:59.970   153   480 E hwcomposer: hwc_eventControl:141  start MSMFB_OVERLAY_VSYNC_CTRL  
01-19 16:55:59.970   153   480 E SurfaceFlinger: eventControl(0, 0) failed No such file or directory
01-19 16:55:59.980   153   480 E hwcomposer: hwc_eventControl:141  start MSMFB_OVERLAY_VSYNC_CTRL  
01-19 16:55:59.980   153   480 E SurfaceFlinger: eventControl(0, 0) failed No such file or directory
01-19 16:55:59.990   153   480 E hwcomposer: hwc_eventControl:141  start MSMFB_OVERLAY_VSYNC_CTRL  
01-19 16:55:59.990   153   480 E SurfaceFlinger: eventControl(0, 1) failed No such file or directory
01-19 16:55:59.990   523   565 D AlarmManagerService: waitForAlarm result = 8
01-19 16:55:59.990   523   565 V AlarmManagerService: Checking for alarms... rtc=1453193760001, elapsed=365636540
01-19 16:55:59.990   523   565 V AlarmManagerService: run/result = 8
01-19 16:56:00.000   523   565 E AlarmManagerService: set alarm to 365638. 732000000n
01-19 16:56:00.000   523   565 E AlarmManagerService: com_android_server_AlarmManagerService/set result=ioctl()>=0 type = 3
01-19 16:56:00.000   523   565 D AlarmManagerService: mDescriptor = 89 alarm.type = 3 alarm.operation = PendingIntent{4329c9c0: PendingIntentRecord{42c34088 com.wandoujia.phoenix2 broadcastIntent}}
01-19 16:56:00.000   523   565 D AlarmManagerService: sending alarm/alarm = Alarm{42d68388 type 3 android}, alarm.operation = PendingIntent{428bd580: PendingIntentRecord{42918f10 android broadcastIntent}}
01-19 16:56:00.000   523   550 D AlarmManagerService: scheduleTimeTickEvent/Minute+1
01-19 16:56:00.010   523   550 V AlarmManagerService: scheduleTimeTickEvent/nextMinuteTime = 365696541 tickEventDelay = 59988 elapsedRealtime = 365636553
01-19 16:56:00.010   523   550 V AlarmManagerService: set/type = 3 hour = 101 minute = 34 second = 56 operation = PendingIntent{428bd580: PendingIntentRecord{42918f10 android broadcastIntent}} packageName = android
01-19 16:56:00.010   523   550 V AlarmManagerService: now elapsedRealtime= 365636554, triggerAtTime = 365696541
01-19 16:56:00.010   523   565 V PowerManager: acquire/mToken = android.os.Binder@42918d90
01-19 16:56:00.010   523   565 V PowerManager: acquireLocked/mFlags = 1 mToken = android.os.Binder@42918d90 mTag = AlarmManagerService mWorkSource = android.os.WorkSource@42cbd370
01-19 16:56:00.010   523   565 V PowerManager: acquireLocked/mRefCounted = true mCount = 1
01-19 16:56:00.010   523   565 D PowerManagerService: acquireWakeLockLocked/flags=0x1 tag=AlarmManagerService pid = 523 uid = 1000
01-19 16:56:00.020   153   480 E hwcomposer: hwc_eventControl:141  start MSMFB_OVERLAY_VSYNC_CTRL  
01-19 16:56:00.020   153   480 E SurfaceFlinger: eventControl(0, 0) failed No such file or directory
01-19 16:56:00.020   523   550 W AlarmManagerService: removeLocked0/before remove/alarmList = [Alarm{42b896a0 type 0 com.cleanmaster.mguard_cn}, Alarm{42ad8a90 type 0 com.icoolme.android.weather}, Alarm{42cbaad0 type 0 com.cleanmaster.mguard_cn}, Alarm{434ba710 type 0 com.ijinshan.ShouJiKongService}, Alarm{42a8f848 type 0 com.ijinshan.ShouJiKongService}, Alarm{42fbb4b8 type 0 com.ijinshan.ShouJiKongService}, Alarm{42d3b690 type 0 com.ctc.epush}, Alarm{430eb6d0 type 0 com.android.providers.calendar}, Alarm{42c0d488 type 0 com.android.providers.calendar}, Alarm{42c56640 type 0 com.android.providers.calendar}, Alarm{42c99b30 type 0 com.yulong.android.calendar}, Alarm{42adae50 type 0 com.cleanmaster.security_cn}, Alarm{42a234c0 type 0 telecom.mdesk}, Alarm{430ecb30 type 0 com.ijinshan.ShouJiKongService}, Alarm{429c50c8 type 0 com.ijinshan.ShouJiKongService}, Alarm{42ae8fc0 type 0 com.ijinshan.ShouJiKongService}, Alarm{4314c0f8 type 0 com.ijinshan.ShouJiKongService}, Alarm{42a2d078 type 0 com.wandoujia.phoenix2}, Alarm{428672c0 type 0 com.netease.newsreader.activity}] operation = PendingIntent{428bd580: PendingIntentRecord{42918f10 android broadcastIntent}}
01-19 16:56:00.020   523   550 W AlarmManagerService: removeLocked0/before remove/alarmList = [Alarm{42fd42f0 type 1 com.UCMobile}, Alarm{42970a70 type 1 com.netease.newsreader.activity}, Alarm{42c2bde8 type 1 com.ijinshan.ShouJiKongService}, Alarm{4277bc18 type 1 com.ijinshan.ShouJiKongService}, Alarm{42501680 type 1 com.cleanmaster.security_cn}, Alarm{42a58f50 type 1 com.wandoujia.phoenix2}, Alarm{43032a00 type 1 com.yulong.android.seccenter}, Alarm{4307f890 type 1 com.UCMobile}, Alarm{43894658 type 1 com.UCMobile}, Alarm{42a297f8 type 1 com.UCMobile}, Alarm{432433d0 type 1 com.UCMobile}, Alarm{42ae9b88 type 1 com.cleanmaster.security_cn}, Alarm{42faa0c0 type 1 com.UCMobile}, Alarm{42ac7260 type 1 com.UCMobile}, Alarm{42cf6d10 type 1 com.UCMobile}, Alarm{42c51cf0 type 1 com.UCMobile}, Alarm{42fd9e78 type 1 com.cleanmaster.mguard_cn}, Alarm{42ba2cb8 type 1 com.UCMobile}, Alarm{42a9c818 type 1 com.UCMobile}, Alarm{42fce0d0 type 1 com.cleanmaster.security_cn}, Alarm{4305c178 type 1 com.cleanmaster.mguard_cn}, Alarm{4327bca8 type 1 com.ijinshan.ShouJiKongService}, Alarm{42a9a3c8 type 1 com.cleanmaster.security_cn}, Alarm{42915408 type 1 com.UCMobile}, Alarm{429f5000 type 1 com.UCMobile}, Alarm{42a77da0 type 1 com.cleanmaster.security_cn}, Alarm{42a046a0 type 1 com.ijinshan.ShouJiKongService}, Alarm{42cb9840 type 1 com.cleanmaster.security_cn}, Alarm{42d5b878 type 1 com.cleanmaster.security_cn}, Alarm{430d5ad8 type 1 com.cleanmaster.security_cn}, Alarm{42cc7ea0 type 1 com.cleanmaster.mguard_cn}, Alarm{42babb10 type 1 com.wandoujia.phoenix2}, Alarm{42adce50 type 1 com.cleanmaster.mguard_cn}, Alarm{42f85160 type 1 com.cleanmaster.security_cn}, Alarm{42fd7b20 type 1 com.cleanmaster.mguard_cn}, Alarm{42a966b0 type 1 com.cleanmaster.mguard_cn}, Alarm{428aae18 type 1 android}, Alarm{430de528 type 1 telecom.mdesk}, Alarm{42cc3fc8 type 1 com.ijinshan.ShouJiKongService}, Alarm{428cf558 type 1 com.cleanmaster.security_cn}, Alarm{430d5dd8 type 1 com.yulong.android.seccenter}, Alarm{429ddac0 type 1 com.cleanmaster.mguard_cn}, Alarm{42ad8dc0 type 1 com.UCMobile}, Alarm{43093638 type 1 com.cleanmaster.mguard_cn}, Alarm{42bfbae8 type 1 com.ijinshan.ShouJiKongService}, Alarm{429d99a0 type 1 com.cleanmaster.security_cn}] operation = PendingIntent{428bd580: PendingIntentRecord{42918f10 android broadcastIntent}}
01-19 16:56:00.030   523   550 W AlarmManagerService: removeLocked0/before remove/alarmList = [Alarm{42cee0a0 type 2 com.wandoujia.phoenix2}, Alarm{42fce210 type 2 android}, Alarm{43056210 type 2 android}, Alarm{42d5f378 type 2 android}] operation = PendingIntent{428bd580: PendingIntentRecord{42918f10 android broadcastIntent}}
01-19 16:56:00.030   523   550 W AlarmManagerService: removeLocked0/before remove/alarmList = [Alarm{4251be00 type 3 com.wandoujia.phoenix2}, Alarm{42fc20f0 type 3 telecom.mdesk}, Alarm{4315aba0 type 3 android}, Alarm{4294cb58 type 3 android}, Alarm{42c03d38 type 3 com.wandoujia.phoenix2}, Alarm{42cf1fb8 type 3 android}, Alarm{430f4000 type 3 android}] operation = PendingIntent{428bd580: PendingIntentRecord{42918f10 android broadcastIntent}}
01-19 16:56:00.030   523   550 W AlarmManagerService: removeLocked0/before remove/alarmList = [] operation = PendingIntent{428bd580: PendingIntentRecord{42918f10 android broadcastIntent}}
01-19 16:56:00.030   523   550 W AlarmManagerService: setRepeating/goto addAlarmLocked/alarm = Alarm{430e5290 type 3 android} index = 2
01-19 16:56:00.040   153   480 E hwcomposer: hwc_eventControl:141  start MSMFB_OVERLAY_VSYNC_CTRL  
01-19 16:56:00.040   153   480 E SurfaceFlinger: eventControl(0, 0) failed No such file or directory
01-19 16:56:00.040   523   550 D DigitalClock: ACTION_TIME_TICK is receiver
01-19 16:56:00.050   153   480 E hwcomposer: hwc_eventControl:141  start MSMFB_OVERLAY_VSYNC_CTRL  
01-19 16:56:00.050   153   480 E SurfaceFlinger: eventControl(0, 1) failed No such file or directory
01-19 16:56:00.050  1837  1837 D WeatherTimeService: android.intent.action.TIME_TICK
01-19 16:56:00.050  1837  1837 D WeatherUtil: gotoWeather
01-19 16:56:00.050  1837  1837 I WeatherUtil: gotoClock
01-19 16:56:00.060  1837  1837 D WeatherUtil: updateWeatherIntent
01-19 16:56:00.070   153   480 E hwcomposer: hwc_eventControl:141  start MSMFB_OVERLAY_VSYNC_CTRL  
01-19 16:56:00.070   153   480 E SurfaceFlinger: eventControl(0, 1) failed No such file or directory
01-19 16:56:00.070 25655 25655 D statusbar.Clock: onReceive action = android.intent.action.TIME_TICK
01-19 16:56:00.070 25655 25655 D statusbar.Clock: updateClock getSmallTime = 16:56
01-19 16:56:00.080   153   463 E hwcomposer: hwc_prepare:84  start  
01-19 16:56:00.080   153   463 E hwcomposer: hwc_prepare:120  stop  
01-19 16:56:00.080   153   463 E hwcomposer: hwc_set:207  start  
01-19 16:56:00.080   153   480 E hwcomposer: hwc_eventControl:141  start MSMFB_OVERLAY_VSYNC_CTRL  
01-19 16:56:00.080 25655 25655 D DateView: current dateformat is null, use the default
01-19 16:56:00.080 25655 25655 D DateView: updateClock dateFormat = java.text.SimpleDateFormat@a48da231
01-19 16:56:00.090   153   480 E SurfaceFlinger: eventControl(0, 1) failed No such file or directory
01-19 16:56:00.090   153   463 E hwcomposer: hwc_set:215  start eglSwapBuffers  
01-19 16:56:00.090   153   463 E hwcomposer: hwc_set:217  end eglSwapBuffers 
01-19 16:56:00.090   153   463 E hwcomposer: hwc_set:233  end 
01-19 16:56:00.090   153   473 E gralloc : fb_post:129  start  FBIOPUT_VSCREENINFO  
01-19 16:56:00.090   153   473 E gralloc : fb_post:136  end  FBIOPUT_VSCREENINFO  
01-19 16:56:00.090   153   463 E hwcomposer: hwc_prepare:84  start  
01-19 16:56:00.090   153   463 E hwcomposer: hwc_prepare:120  stop  
01-19 16:56:00.090   153   463 E hwcomposer: hwc_set:207  start  
01-19 16:56:00.100 19671 19671 D CMBaseReceiver: com.cleanmaster.service.ce 1ms
01-19 16:56:00.100   153   480 E hwcomposer: hwc_eventControl:141  start MSMFB_OVERLAY_VSYNC_CTRL  
01-19 16:56:00.100   153   480 E SurfaceFlinger: eventControl(0, 1) failed No such file or directory
01-19 16:56:00.100   153   463 E hwcomposer: hwc_set:215  start eglSwapBuffers  
01-19 16:56:00.100 25655 25655 D statusbar.Clock: onReceive action = android.intent.action.TIME_TICK
01-19 16:56:00.100 25655 25655 D statusbar.Clock: updateClock getSmallTime = 16:56
01-19 16:56:00.110   153   473 E gralloc : fb_post:129  start  FBIOPUT_VSCREENINFO  
01-19 16:56:00.110   153   463 E hwcomposer: hwc_set:217  end eglSwapBuffers 
01-19 16:56:00.110   153   463 E hwcomposer: hwc_set:233  end 
01-19 16:56:00.110   153   473 E gralloc : fb_post:136  end  FBIOPUT_VSCREENINFO  
01-19 16:56:00.120  1537  1537 D CalendarAppWidget: TIME_TICK, bRet1 = false bRet2 = true
01-19 16:56:00.120  1537  1537 D CalendarAppWidget: initMonthyView -- timeZone = Asia/Shanghai
01-19 16:56:00.120  1537  1537 D CalendarAppWidget: selectedTime = 20160119T165600Asia/Shanghai(2,18,28800,0,1453193760) 
01-19 16:56:00.120  1537  1537 D CalendarAppWidget:  firstTime = 20151227T165600Asia/Shanghai(0,360,28800,0,1451206560)
01-19 16:56:00.120  1537  1537 D CalendarAppWidget:  appWidgetId = 3
01-19 16:56:00.120   153   480 E hwcomposer: hwc_eventControl:141  start MSMFB_OVERLAY_VSYNC_CTRL  
01-19 16:56:00.130   153   480 E SurfaceFlinger: eventControl(0, 0) failed No such file or directory
01-19 16:56:00.140   153   480 E hwcomposer: hwc_eventControl:141  start MSMFB_OVERLAY_VSYNC_CTRL  
01-19 16:56:00.140   153   480 E SurfaceFlinger: eventControl(0, 0) failed No such file or directory
01-19 16:56:00.150   153   480 E hwcomposer: hwc_eventControl:141  start MSMFB_OVERLAY_VSYNC_CTRL  
01-19 16:56:00.150   153   480 E SurfaceFlinger: eventControl(0, 1) failed No such file or directory
01-19 16:56:00.180   153   480 E hwcomposer: hwc_eventControl:141  start MSMFB_OVERLAY_VSYNC_CTRL  
01-19 16:56:00.180   153   480 E SurfaceFlinger: eventControl(0, 0) failed No such file or directory
01-19 16:56:00.200   153   480 E hwcomposer: hwc_eventControl:141  start MSMFB_OVERLAY_VSYNC_CTRL  
01-19 16:56:00.200   153   480 E SurfaceFlinger: eventControl(0, 0) failed No such file or directory
01-19 16:56:00.200   153   480 E hwcomposer: hwc_eventControl:141  start MSMFB_OVERLAY_VSYNC_CTRL  
01-19 16:56:00.200   153   480 E SurfaceFlinger: eventControl(0, 1) failed No such file or directory
01-19 16:56:00.200  1537  1537 D CalendarAppWidget: getYiJiInfo -- type = 0
01-19 16:56:00.200  1537  1537 D CalendarAppWidget: getYiJiInfo -- type = 0
01-19 16:56:00.210  1537  1537 D CalendarAppWidget: getYiJiInfo -- type = 0
01-19 16:56:00.230   153   480 E hwcomposer: hwc_eventControl:141  start MSMFB_OVERLAY_VSYNC_CTRL  
01-19 16:56:00.230   153   480 E SurfaceFlinger: eventControl(0, 0) failed No such file or directory
01-19 16:56:00.240   523   550 D AlarmManagerService: onSendFinished/release all alarm wake lock
01-19 16:56:00.240   523   550 V PowerManager: release/flags = 0 mToken = android.os.Binder@42918d90 mTag = AlarmManagerService mWorkSource = android.os.WorkSource@42cbd370
01-19 16:56:00.240   523   550 V PowerManager: release/mRefCounted = true mCount = 0
01-19 16:56:00.240   523   550 I PowerManagerService: releaseWakeLockLocked/powermanager lock enduration is:229
01-19 16:56:00.240   523   550 I PowerManagerService: releaseWakeLockLocked/wl.tag = AlarmManagerService wl.flags = 1 enduration = 229 lock = android.os.Binder@42918d90
01-19 16:56:00.250   153   480 E hwcomposer: hwc_eventControl:141  start MSMFB_OVERLAY_VSYNC_CTRL  
01-19 16:56:00.250   153   480 E SurfaceFlinger: eventControl(0, 0) failed No such file or directory
01-19 16:56:00.260   153   480 E hwcomposer: hwc_eventControl:141  start MSMFB_OVERLAY_VSYNC_CTRL  
01-19 16:56:00.260   153   480 E SurfaceFlinger: eventControl(0, 1) failed No such file or directory
01-19 16:56:00.290   153   480 E hwcomposer: hwc_eventControl:141  start MSMFB_OVERLAY_VSYNC_CTRL  
01-19 16:56:00.290   153   480 E SurfaceFlinger: eventControl(0, 0) failed No such file or directory
01-19 16:56:00.300   153   480 E hwcomposer: hwc_eventControl:141  start MSMFB_OVERLAY_VSYNC_CTRL  
01-19 16:56:00.300   153   480 E SurfaceFlinger: eventControl(0, 0) failed No such file or directory
01-19 16:56:00.310   153   480 E hwcomposer: hwc_eventControl:141  start MSMFB_OVERLAY_VSYNC_CTRL  
01-19 16:56:00.310   153   480 E SurfaceFlinger: eventControl(0, 1) failed No such file or directory
01-19 16:56:00.340   153   480 E hwcomposer: hwc_eventControl:141  start MSMFB_OVERLAY_VSYNC_CTRL  
01-19 16:56:00.340   153   480 E SurfaceFlinger: eventControl(0, 0) failed No such file or directory
01-19 16:56:00.360   153   480 E hwcomposer: hwc_eventControl:141  start MSMFB_OVERLAY_VSYNC_CTRL  
01-19 16:56:00.360   153   480 E SurfaceFlinger: eventControl(0, 0) failed No such file or directory
01-19 16:56:00.360   153   480 E hwcomposer: hwc_eventControl:141  start MSMFB_OVERLAY_VSYNC_CTRL  
01-19 16:56:00.360   153   480 E SurfaceFlinger: eventControl(0, 1) failed No such file or directory
01-19 16:56:00.370   523   598 I WifiConnect: AsyncServiceHandler: msg = { what=151574 when=-2ms arg1=99 }
01-19 16:56:00.390   153   480 E hwcomposer: hwc_eventControl:141  start MSMFB_OVERLAY_VSYNC_CTRL  
01-19 16:56:00.390   153   480 E SurfaceFlinger: eventControl(0, 0) failed No such file or directory
01-19 16:56:00.410   153   480 E hwcomposer: hwc_eventControl:141  start MSMFB_OVERLAY_VSYNC_CTRL  
01-19 16:56:00.410   153   480 E SurfaceFlinger: eventControl(0, 0) failed No such file or directory
01-19 16:56:00.420   153   480 E hwcomposer: hwc_eventControl:141  start MSMFB_OVERLAY_VSYNC_CTRL  
01-19 16:56:00.420   153   480 E SurfaceFlinger: eventControl(0, 1) failed No such file or directory
01-19 16:56:00.450   153   480 E hwcomposer: hwc_eventControl:141  start MSMFB_OVERLAY_VSYNC_CTRL  
01-19 16:56:00.450   153   480 E SurfaceFlinger: eventControl(0, 0) failed No such file or directory
01-19 16:56:00.460   153   480 E hwcomposer: hwc_eventControl:141  start MSMFB_OVERLAY_VSYNC_CTRL  
01-19 16:56:00.460   153   480 E SurfaceFlinger: eventControl(0, 0) failed No such file or directory
01-19 16:56:00.470   153   480 E hwcomposer: hwc_eventControl:141  start MSMFB_OVERLAY_VSYNC_CTRL  
01-19 16:56:00.470   153   480 E SurfaceFlinger: eventControl(0, 1) failed No such file or directory
01-19 16:56:00.500   153   480 E hwcomposer: hwc_eventControl:141  start MSMFB_OVERLAY_VSYNC_CTRL  
01-19 16:56:00.500   153   480 E SurfaceFlinger: eventControl(0, 0) failed No such file or directory
01-19 16:56:00.520   153   480 E hwcomposer: hwc_eventControl:141  start MSMFB_OVERLAY_VSYNC_CTRL  
01-19 16:56:00.520   153   480 E SurfaceFlinger: eventControl(0, 0) failed No such file or directory
01-19 16:56:00.520   153   480 E hwcomposer: hwc_eventControl:141  start MSMFB_OVERLAY_VSYNC_CTRL  
01-19 16:56:00.530   153   480 E SurfaceFlinger: eventControl(0, 1) failed No such file or directory
01-19 16:56:00.550   153   480 E hwcomposer: hwc_eventControl:141  start MSMFB_OVERLAY_VSYNC_CTRL  
01-19 16:56:00.550   153   480 E SurfaceFlinger: eventControl(0, 0) failed No such file or directory
01-19 16:56:00.570   153   480 E hwcomposer: hwc_eventControl:141  start MSMFB_OVERLAY_VSYNC_CTRL  
01-19 16:56:00.570   153   480 E SurfaceFlinger: eventControl(0, 0) failed No such file or directory
01-19 16:56:00.580   153   480 E hwcomposer: hwc_eventControl:141  start MSMFB_OVERLAY_VSYNC_CTRL  
01-19 16:56:00.580   153   480 E SurfaceFlinger: eventControl(0, 1) failed No such file or directory
01-19 16:56:00.610   153   480 E hwcomposer: hwc_eventControl:141  start MSMFB_OVERLAY_VSYNC_CTRL  
01-19 16:56:00.610   153   480 E SurfaceFlinger: eventControl(0, 0) failed No such file or directory
01-19 16:56:00.620   153   480 E hwcomposer: hwc_eventControl:141  start MSMFB_OVERLAY_VSYNC_CTRL  
01-19 16:56:00.620   153   480 E SurfaceFlinger: eventControl(0, 0) failed No such file or directory
01-19 16:56:00.630  1002  1019 E ThermalDaemon: Sensor 'MSM_THERM' -  24*C (24576)
01-19 16:56:00.630   153   480 E hwcomposer: hwc_eventControl:141  start MSMFB_OVERLAY_VSYNC_CTRL  
01-19 16:56:00.630   153   480 E SurfaceFlinger: eventControl(0, 1) failed No such file or directory
01-19 16:56:00.660   153   480 E hwcomposer: hwc_eventControl:141  start MSMFB_OVERLAY_VSYNC_CTRL  
01-19 16:56:00.660   153   480 E SurfaceFlinger: eventControl(0, 0) failed No such file or directory
01-19 16:56:00.680   153   480 E hwcomposer: hwc_eventControl:141  start MSMFB_OVERLAY_VSYNC_CTRL  
01-19 16:56:00.680   153   480 E SurfaceFlinger: eventControl(0, 0) failed No such file or directory
01-19 16:56:00.680   153   480 E hwcomposer: hwc_eventControl:141  start MSMFB_OVERLAY_VSYNC_CTRL  
01-19 16:56:00.680   153   480 E SurfaceFlinger: eventControl(0, 1) failed No such file or directory
01-19 16:56:00.710   153   480 E hwcomposer: hwc_eventControl:141  start MSMFB_OVERLAY_VSYNC_CTRL  
01-19 16:56:00.710   153   480 E SurfaceFlinger: eventControl(0, 0) failed No such file or directory
01-19 16:56:00.730   153   480 E hwcomposer: hwc_eventControl:141  start MSMFB_OVERLAY_VSYNC_CTRL  
01-19 16:56:00.730   153   480 E SurfaceFlinger: eventControl(0, 0) failed No such file or directory
01-19 16:56:00.740   153   480 E hwcomposer: hwc_eventControl:141  start MSMFB_OVERLAY_VSYNC_CTRL  
01-19 16:56:00.740   153   480 E SurfaceFlinger: eventControl(0, 1) failed No such file or directory
01-19 16:56:00.770   153   480 E hwcomposer: hwc_eventControl:141  start MSMFB_OVERLAY_VSYNC_CTRL  
01-19 16:56:00.770   153   480 E SurfaceFlinger: eventControl(0, 0) failed No such file or directory
01-19 16:56:00.780   762   762 D dalvikvm: WAIT_FOR_CONCURRENT_GC blocked 0ms
01-19 16:56:00.780   153   480 E hwcomposer: hwc_eventControl:141  start MSMFB_OVERLAY_VSYNC_CTRL  
01-19 16:56:00.790   153   480 E SurfaceFlinger: eventControl(0, 0) failed No such file or directory
01-19 16:56:00.790   153   480 E hwcomposer: hwc_eventControl:141  start MSMFB_OVERLAY_VSYNC_CTRL  
01-19 16:56:00.790   153   480 E SurfaceFlinger: eventControl(0, 1) failed No such file or directory
01-19 16:56:00.820   153   480 E hwcomposer: hwc_eventControl:141  start MSMFB_OVERLAY_VSYNC_CTRL  
01-19 16:56:00.820   153   480 E SurfaceFlinger: eventControl(0, 0) failed No such file or directory
01-19 16:56:00.840   153   480 E hwcomposer: hwc_eventControl:141  start MSMFB_OVERLAY_VSYNC_CTRL  
01-19 16:56:00.840   153   480 E SurfaceFlinger: eventControl(0, 0) failed No such file or directory
01-19 16:56:00.840   153   480 E hwcomposer: hwc_eventControl:141  start MSMFB_OVERLAY_VSYNC_CTRL  
01-19 16:56:00.840   153   480 E SurfaceFlinger: eventControl(0, 1) failed No such file or directory
01-19 16:56:00.860   762   762 D dalvikvm: GC_EXPLICIT freed 141K, 35% free 23649K/36295K, paused 22ms+11ms, total 86ms
01-19 16:56:00.870   153   480 E hwcomposer: hwc_eventControl:141  start MSMFB_OVERLAY_VSYNC_CTRL  
01-19 16:56:00.870   153   480 E SurfaceFlinger: eventControl(0, 0) failed No such file or directory
01-19 16:56:00.890   153   480 E hwcomposer: hwc_eventControl:141  start MSMFB_OVERLAY_VSYNC_CTRL  
01-19 16:56:00.890   153   480 E SurfaceFlinger: eventControl(0, 0) failed No such file or directory
01-19 16:56:00.900   153   480 E hwcomposer: hwc_eventControl:141  start MSMFB_OVERLAY_VSYNC_CTRL  
01-19 16:56:00.900   153   480 E SurfaceFlinger: eventControl(0, 1) failed No such file or directory
01-19 16:56:00.930   153   480 E hwcomposer: hwc_eventControl:141  start MSMFB_OVERLAY_VSYNC_CTRL  
01-19 16:56:00.930   153   480 E SurfaceFlinger: eventControl(0, 0) failed No such file or directory
01-19 16:56:00.950   153   480 E hwcomposer: hwc_eventControl:141  start MSMFB_OVERLAY_VSYNC_CTRL  
01-19 16:56:00.950   153   480 E SurfaceFlinger: eventControl(0, 0) failed No such file or directory
01-19 16:56:00.950   153   480 E hwcomposer: hwc_eventControl:141  start MSMFB_OVERLAY_VSYNC_CTRL  
01-19 16:56:00.950   153   480 E SurfaceFlinger: eventControl(0, 1) failed No such file or directory
01-19 16:56:00.980   153   480 E hwcomposer: hwc_eventControl:141  start MSMFB_OVERLAY_VSYNC_CTRL  
01-19 16:56:00.980   153   480 E SurfaceFlinger: eventControl(0, 0) failed No such file or directory
01-19 16:56:01.000   153   480 E hwcomposer: hwc_eventControl:141  start MSMFB_OVERLAY_VSYNC_CTRL  
01-19 16:56:01.000   153   480 E SurfaceFlinger: eventControl(0, 0) failed No such file or directory
01-19 16:56:01.010   153   480 E hwcomposer: hwc_eventControl:141  start MSMFB_OVERLAY_VSYNC_CTRL  
01-19 16:56:01.010   153   480 E SurfaceFlinger: eventControl(0, 1) failed No such file or directory
01-19 16:56:01.040   153   480 E hwcomposer: hwc_eventControl:141  start MSMFB_OVERLAY_VSYNC_CTRL  
01-19 16:56:01.040   153   480 E SurfaceFlinger: eventControl(0, 0) failed No such file or directory
01-19 16:56:01.050   153   480 E hwcomposer: hwc_eventControl:141  start MSMFB_OVERLAY_VSYNC_CTRL  
01-19 16:56:01.050   153   480 E SurfaceFlinger: eventControl(0, 0) failed No such file or directory
01-19 16:56:01.060   153   480 E hwcomposer: hwc_eventControl:141  start MSMFB_OVERLAY_VSYNC_CTRL  
01-19 16:56:01.060   153   480 E SurfaceFlinger: eventControl(0, 1) failed No such file or directory
01-19 16:56:01.090   153   480 E hwcomposer: hwc_eventControl:141  start MSMFB_OVERLAY_VSYNC_CTRL  
01-19 16:56:01.090   153   480 E SurfaceFlinger: eventControl(0, 0) failed No such file or directory
01-19 16:56:01.110   153   480 E hwcomposer: hwc_eventControl:141  start MSMFB_OVERLAY_VSYNC_CTRL  
01-19 16:56:01.110   153   480 E SurfaceFlinger: eventControl(0, 0) failed No such file or directory
01-19 16:56:01.110   153   480 E hwcomposer: hwc_eventControl:141  start MSMFB_OVERLAY_VSYNC_CTRL  
01-19 16:56:01.110   153   480 E SurfaceFlinger: eventControl(0, 1) failed No such file or directory
01-19 16:56:01.140   153   480 E hwcomposer: hwc_eventControl:141  start MSMFB_OVERLAY_VSYNC_CTRL  
01-19 16:56:01.140   153   480 E SurfaceFlinger: eventControl(0, 0) failed No such file or directory
01-19 16:56:01.160   153   480 E hwcomposer: hwc_eventControl:141  start MSMFB_OVERLAY_VSYNC_CTRL  
01-19 16:56:01.160   153   480 E SurfaceFlinger: eventControl(0, 0) failed No such file or directory
01-19 16:56:01.170   153   480 E hwcomposer: hwc_eventControl:141  start MSMFB_OVERLAY_VSYNC_CTRL  
01-19 16:56:01.170   153   480 E SurfaceFlinger: eventControl(0, 1) failed No such file or directory
01-19 16:56:01.200   153   480 E hwcomposer: hwc_eventControl:141  start MSMFB_OVERLAY_VSYNC_CTRL  
01-19 16:56:01.200   153   480 E SurfaceFlinger: eventControl(0, 0) failed No such file or directory
01-19 16:56:01.210   153   480 E hwcomposer: hwc_eventControl:141  start MSMFB_OVERLAY_VSYNC_CTRL  
01-19 16:56:01.210   153   480 E SurfaceFlinger: eventControl(0, 0) failed No such file or directory
01-19 16:56:01.220   153   480 E hwcomposer: hwc_eventControl:141  start MSMFB_OVERLAY_VSYNC_CTRL  
01-19 16:56:01.220   153   480 E SurfaceFlinger: eventControl(0, 1) failed No such file or directory
01-19 16:56:01.230  1002  1013 E ThermalDaemon: CPU[1] offline
01-19 16:56:01.250   153   480 E hwcomposer: hwc_eventControl:141  start MSMFB_OVERLAY_VSYNC_CTRL  
01-19 16:56:01.250   153   480 E SurfaceFlinger: eventControl(0, 0) failed No such file or directory
01-19 16:56:01.270   153   480 E hwcomposer: hwc_eventControl:141  start MSMFB_OVERLAY_VSYNC_CTRL  
01-19 16:56:01.270   153   480 E SurfaceFlinger: eventControl(0, 0) failed No such file or directory
01-19 16:56:01.280   153   480 E hwcomposer: hwc_eventControl:141  start MSMFB_OVERLAY_VSYNC_CTRL  
01-19 16:56:01.280   153   480 E SurfaceFlinger: eventControl(0, 1) failed No such file or directory
01-19 16:56:01.300   153   480 E hwcomposer: hwc_eventControl:141  start MSMFB_OVERLAY_VSYNC_CTRL  
01-19 16:56:01.300   153   480 E SurfaceFlinger: eventControl(0, 0) failed No such file or directory
01-19 16:56:01.320   153   480 E hwcomposer: hwc_eventControl:141  start MSMFB_OVERLAY_VSYNC_CTRL  
01-19 16:56:01.320   153   480 E SurfaceFlinger: eventControl(0, 0) failed No such file or directory
01-19 16:56:01.330   153   480 E hwcomposer: hwc_eventControl:141  start MSMFB_OVERLAY_VSYNC_CTRL  
01-19 16:56:01.330   153   480 E SurfaceFlinger: eventControl(0, 1) failed No such file or directory
01-19 16:56:01.360   153   480 E hwcomposer: hwc_eventControl:141  start MSMFB_OVERLAY_VSYNC_CTRL  
01-19 16:56:01.360   153   480 E SurfaceFlinger: eventControl(0, 0) failed No such file or directory
01-19 16:56:01.370   523   598 I WifiConnect: AsyncServiceHandler: msg = { what=151574 when=-1ms arg1=99 }
01-19 16:56:01.380   153   480 E hwcomposer: hwc_eventControl:141  start MSMFB_OVERLAY_VSYNC_CTRL  
01-19 16:56:01.380   153   480 E SurfaceFlinger: eventControl(0, 0) failed No such file or directory
01-19 16:56:01.380   153   480 E hwcomposer: hwc_eventControl:141  start MSMFB_OVERLAY_VSYNC_CTRL  
01-19 16:56:01.380   153   480 E SurfaceFlinger: eventControl(0, 1) failed No such file or directory
01-19 16:56:01.410   153   480 E hwcomposer: hwc_eventControl:141  start MSMFB_OVERLAY_VSYNC_CTRL  
01-19 16:56:01.410   153   480 E SurfaceFlinger: eventControl(0, 0) failed No such file or directory
01-19 16:56:01.430   523   596 D StateMachine: handleMessage: E msg.what=131155
01-19 16:56:01.430   523   596 D StateMachine: processMsg: ConnectedState
01-19 16:56:01.430   523   596 D WifiStateMachine: ConnectedState{ what=131155 when=-3ms arg1=69 }
01-19 16:56:01.430   523   596 D StateMachine: processMsg: L2ConnectedState
01-19 16:56:01.430   523   596 D WifiStateMachine: L2ConnectedState{ what=131155 when=-3ms arg1=69 }
01-19 16:56:01.430   779   779 D wpa_supplicant: wpa_s 0x40d205a0 cmd SIGNAL_POLL
01-19 16:56:01.430   779   779 D wpa_supplicant: nl80211: survey data missing!
01-19 16:56:01.430   153   480 E hwcomposer: hwc_eventControl:141  start MSMFB_OVERLAY_VSYNC_CTRL  
01-19 16:56:01.430   153   480 E SurfaceFlinger: eventControl(0, 0) failed No such file or directory
01-19 16:56:01.430   153   480 E hwcomposer: hwc_eventControl:141  start MSMFB_OVERLAY_VSYNC_CTRL  
01-19 16:56:01.440   153   480 E SurfaceFlinger: eventControl(0, 1) failed No such file or directory
01-19 16:56:01.440   523   596 I WifiStateMachine: newRssi is -72
01-19 16:56:01.450   154   154 V Zygote  :  args[0] == --runtime-init
01-19 16:56:01.460   523   550 V WifiStatusBar: WifiStatusBar: action = android.net.wifi.RSSI_CHANGED
01-19 16:56:01.460   523   550 V WifiStatusBar: WifiStatusBar: mRssi = -72
01-19 16:56:01.460   523   550 V WifiStatusBar: WifiStatusBar iconId =2
01-19 16:56:01.460   523   596 D StateMachine: handleMessage: X
01-19 16:56:01.460   153   480 E hwcomposer: hwc_eventControl:141  start MSMFB_OVERLAY_VSYNC_CTRL  
01-19 16:56:01.460   153   480 E SurfaceFlinger: eventControl(0, 0) failed No such file or directory
01-19 16:56:01.460 25655 25655 D StatusBar.NetworkController: NetworkController onReceive action = android.net.wifi.RSSI_CHANGED
01-19 16:56:01.460 25655 25655 D StatusBar.NetworkController: updateWifiState action = android.net.wifi.RSSI_CHANGED
01-19 16:56:01.460 25655 25655 D StatusBar.NetworkController: updateWifiState mWifiRssi = -72 mWifiLevel = 2
01-19 16:56:01.460 25655 25655 D StatusBar.NetworkController: refreshYulongCluster: signal: 1 => com.android.systemui:drawable/stat_sys_signal_35_cdma 2 => com.android.systemui:drawable/stat_sys_signal_null mLastPhoneSignalIconId = 2130837789 mPhoneSignalIconId = 2130837789 mLastPhoneSignalOhterIconId = 2130837847 mPhoneSignalOtherIconId = 2130837847 mLastMainCard = -1 mCurMainCard = -1 mLastRoamingIconId 0 mCurRoamingIconId 0 mLastRoamingOtherIconId 0 mCurRoamingOtherIconId0 mDataIconVisible = false mDataTypeIconId = 0
01-19 16:56:01.460 25655 25655 D StatusBar.NetworkControllerSC: refreshYulongCluster mSignalLastUsingPhoneId = 1 mSignalUsingPhoneId = 1
01-19 16:56:01.480   523   604 D WifiWatchdogStateMachine: RSSI current: 2new: -72, 2
01-19 16:56:01.480   153   480 E hwcomposer: hwc_eventControl:141  start MSMFB_OVERLAY_VSYNC_CTRL  
01-19 16:56:01.480   153   480 E SurfaceFlinger: eventControl(0, 0) failed No such file or directory
01-19 16:56:01.480   523   551 I ActivityManager: Start proc com.cleanmaster.mguard_cn for broadcast com.cleanmaster.mguard_cn/com.cmcm.datamaster.sdk.export.DataMasterReceiver: pid=10314 uid=10112 gids={1015, 1023, 1028, 3003, 1006}
01-19 16:56:01.480 25655 25655 D StatusBar.NetworkController: NetworkController onReceive action = com.yulong.android.action.WifiStatusBar
01-19 16:56:01.480 25655 25655 D StatusBar.NetworkControllerCG: updateWifiState action = com.yulong.android.action.WifiStatusBar; mWifiState = 2; mWifiType = 0
01-19 16:56:01.490   153   480 E hwcomposer: hwc_eventControl:141  start MSMFB_OVERLAY_VSYNC_CTRL  
01-19 16:56:01.490   153   480 E SurfaceFlinger: eventControl(0, 1) failed No such file or directory
01-19 16:56:01.490 10314 10314 E Trace   : error opening trace file: No such file or directory (2)
01-19 16:56:01.490 10314 10314 D ActivityThread: setTargetHeapUtilization:0.25
01-19 16:56:01.490 10314 10314 D ActivityThread: setTargetHeapIdealFree:8388608
01-19 16:56:01.490 10314 10314 D ActivityThread: setTargetHeapConcurrentStart:2097152
01-19 16:56:01.490 25655 25655 D StatusBar.NetworkController: refreshYulongCluster: signal: 1 => com.android.systemui:drawable/stat_sys_signal_35_cdma 2 => com.android.systemui:drawable/stat_sys_signal_null mLastPhoneSignalIconId = 2130837789 mPhoneSignalIconId = 2130837789 mLastPhoneSignalOhterIconId = 2130837847 mPhoneSignalOtherIconId = 2130837847 mLastMainCard = -1 mCurMainCard = -1 mLastRoamingIconId 0 mCurRoamingIconId 0 mLastRoamingOtherIconId 0 mCurRoamingOtherIconId0 mDataIconVisible = false mDataTypeIconId = 0
01-19 16:56:01.490 25655 25655 D StatusBar.NetworkControllerSC: refreshYulongCluster mSignalLastUsingPhoneId = 1 mSignalUsingPhoneId = 1
01-19 16:56:01.500   153   463 E hwcomposer: hwc_prepare:84  start  
01-19 16:56:01.500   153   463 E hwcomposer: hwc_prepare:120  stop  
01-19 16:56:01.500   153   463 E hwcomposer: hwc_set:207  start  
01-19 16:56:01.500   153   480 E hwcomposer: hwc_eventControl:141  start MSMFB_OVERLAY_VSYNC_CTRL  
01-19 16:56:01.510   153   480 E SurfaceFlinger: eventControl(0, 1) failed No such file or directory
01-19 16:56:01.510   153   463 E hwcomposer: hwc_set:215  start eglSwapBuffers  
01-19 16:56:01.510   153   463 E hwcomposer: hwc_set:217  end eglSwapBuffers 
01-19 16:56:01.510   153   463 E hwcomposer: hwc_set:233  end 
01-19 16:56:01.510   153   473 E gralloc : fb_post:129  start  FBIOPUT_VSCREENINFO  
01-19 16:56:01.520   153   473 E gralloc : fb_post:136  end  FBIOPUT_VSCREENINFO  
01-19 16:56:01.530   153   480 E hwcomposer: hwc_eventControl:141  start MSMFB_OVERLAY_VSYNC_CTRL  
01-19 16:56:01.530   153   480 E SurfaceFlinger: eventControl(0, 0) failed No such file or directory
01-19 16:56:01.550   153   480 E hwcomposer: hwc_eventControl:141  start MSMFB_OVERLAY_VSYNC_CTRL  
01-19 16:56:01.550   153   480 E SurfaceFlinger: eventControl(0, 0) failed No such file or directory
01-19 16:56:01.560   153   480 E hwcomposer: hwc_eventControl:141  start MSMFB_OVERLAY_VSYNC_CTRL  
01-19 16:56:01.560   153   480 E SurfaceFlinger: eventControl(0, 1) failed No such file or directory
01-19 16:56:01.590   153   480 E hwcomposer: hwc_eventControl:141  start MSMFB_OVERLAY_VSYNC_CTRL  
01-19 16:56:01.590   153   480 E SurfaceFlinger: eventControl(0, 0) failed No such file or directory
01-19 16:56:01.600 10314 10316 D dalvikvm: GC_CONCURRENT freed 155K, 6% free 9875K/10439K, paused 12ms+2ms, total 35ms
01-19 16:56:01.600 10314 10314 D dalvikvm: WAIT_FOR_CONCURRENT_GC blocked 10ms
01-19 16:56:01.600   153   480 E hwcomposer: hwc_eventControl:141  start MSMFB_OVERLAY_VSYNC_CTRL  
01-19 16:56:01.600   153   480 E SurfaceFlinger: eventControl(0, 0) failed No such file or directory
01-19 16:56:01.610   153   480 E hwcomposer: hwc_eventControl:141  start MSMFB_OVERLAY_VSYNC_CTRL  
01-19 16:56:01.610   153   480 E SurfaceFlinger: eventControl(0, 1) failed No such file or directory
01-19 16:56:01.640   153   480 E hwcomposer: hwc_eventControl:141  start MSMFB_OVERLAY_VSYNC_CTRL  
01-19 16:56:01.640   153   480 E SurfaceFlinger: eventControl(0, 0) failed No such file or directory
01-19 16:56:01.660   153   480 E hwcomposer: hwc_eventControl:141  start MSMFB_OVERLAY_VSYNC_CTRL  
01-19 16:56:01.660   153   480 E SurfaceFlinger: eventControl(0, 0) failed No such file or directory
01-19 16:56:01.660   153   480 E hwcomposer: hwc_eventControl:141  start MSMFB_OVERLAY_VSYNC_CTRL  
01-19 16:56:01.660   153   480 E SurfaceFlinger: eventControl(0, 1) failed No such file or directory
01-19 16:56:01.690   153   480 E hwcomposer: hwc_eventControl:141  start MSMFB_OVERLAY_VSYNC_CTRL  
01-19 16:56:01.690   153   480 E SurfaceFlinger: eventControl(0, 0) failed No such file or directory
01-19 16:56:01.710   153   480 E hwcomposer: hwc_eventControl:141  start MSMFB_OVERLAY_VSYNC_CTRL  
01-19 16:56:01.710   153   480 E SurfaceFlinger: eventControl(0, 0) failed No such file or directory
01-19 16:56:01.720   153   480 E hwcomposer: hwc_eventControl:141  start MSMFB_OVERLAY_VSYNC_CTRL  
01-19 16:56:01.720   153   480 E SurfaceFlinger: eventControl(0, 1) failed No such file or directory
01-19 16:56:01.750   153   480 E hwcomposer: hwc_eventControl:141  start MSMFB_OVERLAY_VSYNC_CTRL  
01-19 16:56:01.750   153   480 E SurfaceFlinger: eventControl(0, 0) failed No such file or directory
01-19 16:56:01.760 10314 10314 I dalvikvm: Could not find method android.content.Context.getCodeCacheDir, referenced from method com.cleanmaster.loader.e.a
01-19 16:56:01.760 10314 10314 W dalvikvm: VFY: unable to resolve virtual method 311: Landroid/content/Context;.getCodeCacheDir ()Ljava/io/File;
01-19 16:56:01.760 10314 10314 D dalvikvm: VFY: replacing opcode 0x6e at 0x0006
01-19 16:56:01.770   153   480 E hwcomposer: hwc_eventControl:141  start MSMFB_OVERLAY_VSYNC_CTRL  
01-19 16:56:01.770   153   480 E SurfaceFlinger: eventControl(0, 0) failed No such file or directory
01-19 16:56:01.770   153   480 E hwcomposer: hwc_eventControl:141  start MSMFB_OVERLAY_VSYNC_CTRL  
01-19 16:56:01.770   153   480 E SurfaceFlinger: eventControl(0, 1) failed No such file or directory
01-19 16:56:01.800 10314 10314 D SubDex  : Start of the Loading 1453193761804
01-19 16:56:01.800 10314 10314 I SubDex  : code_cache : /data/data/com.cleanmaster.mguard_cn/code_cache
01-19 16:56:01.800 10314 10314 I SubDex  : Sub DEX EXT : .dex
01-19 16:56:01.800 10314 10314 D SubDex  : Loading subDex from:[classes2.dex, classes3.dex]
01-19 16:56:01.800 10314 10314 D SubDex  : Internal Storage Path for Dex file: /data/data/com.cleanmaster.mguard_cn/code_cache/classes3.dex
01-19 16:56:01.800   153   480 E hwcomposer: hwc_eventControl:141  start MSMFB_OVERLAY_VSYNC_CTRL  
01-19 16:56:01.800   153   480 E SurfaceFlinger: eventControl(0, 0) failed No such file or directory
01-19 16:56:01.820   153   480 E hwcomposer: hwc_eventControl:141  start MSMFB_OVERLAY_VSYNC_CTRL  
01-19 16:56:01.820   153   480 E SurfaceFlinger: eventControl(0, 0) failed No such file or directory
01-19 16:56:01.820 10314 10314 D SubDex  : classes3.dex File c561ac5f
01-19 16:56:01.820 10314 10314 D SubDex  : classes3.dex.hash Assets c561ac5f
01-19 16:56:01.820 10314 10314 D SubDex  : Internal Storage Path for Dex file: /data/data/com.cleanmaster.mguard_cn/code_cache/classes2.dex
01-19 16:56:01.820   153   480 E hwcomposer: hwc_eventControl:141  start MSMFB_OVERLAY_VSYNC_CTRL  
01-19 16:56:01.820   153   480 E SurfaceFlinger: eventControl(0, 1) failed No such file or directory
01-19 16:56:01.850   153   480 E hwcomposer: hwc_eventControl:141  start MSMFB_OVERLAY_VSYNC_CTRL  
01-19 16:56:01.850   153   480 E SurfaceFlinger: eventControl(0, 0) failed No such file or directory
01-19 16:56:01.870   153   480 E hwcomposer: hwc_eventControl:141  start MSMFB_OVERLAY_VSYNC_CTRL  
01-19 16:56:01.870   153   480 E SurfaceFlinger: eventControl(0, 0) failed No such file or directory
01-19 16:56:01.880   153   480 E hwcomposer: hwc_eventControl:141  start MSMFB_OVERLAY_VSYNC_CTRL  
01-19 16:56:01.880   153   480 E SurfaceFlinger: eventControl(0, 1) failed No such file or directory
01-19 16:56:01.890 10314 10314 D SubDex  : classes2.dex File 92ea6ce8
01-19 16:56:01.890 10314 10314 D SubDex  : classes2.dex.hash Assets 92ea6ce8
01-19 16:56:01.890 10314 10314 D SubDex  : SKIP EXTRACT SUBDEX FROM APK
01-19 16:56:01.890 10314 10314 I SubDex  : doDexInject classes3.dex classes2.dex 
01-19 16:56:01.890 10314 10314 D MainEntry: loadSecondaryDexTime 141
01-19 16:56:01.890 10314 10314 I ActivityThread: Pub cmdownloads_cn: com.cleanmaster.ui.app.provider.download.DownloadProvider_cn
01-19 16:56:01.900 10314 10314 I ActivityThread: Pub com.cleanmaster.mguard_cn_flowmonitor_cn: com.cmcm.datamaster.sdk.calibrate.db.FlowProvider_cn
01-19 16:56:01.910   153   480 E hwcomposer: hwc_eventControl:141  start MSMFB_OVERLAY_VSYNC_CTRL  
01-19 16:56:01.910   153   480 E SurfaceFlinger: eventControl(0, 0) failed No such file or directory
01-19 16:56:01.930   153   480 E hwcomposer: hwc_eventControl:141  start MSMFB_OVERLAY_VSYNC_CTRL  
01-19 16:56:01.930   153   480 E SurfaceFlinger: eventControl(0, 0) failed No such file or directory
01-19 16:56:01.930   153   480 E hwcomposer: hwc_eventControl:141  start MSMFB_OVERLAY_VSYNC_CTRL  
01-19 16:56:01.930   153   480 E SurfaceFlinger: eventControl(0, 1) failed No such file or directory
01-19 16:56:01.960   153   480 E hwcomposer: hwc_eventControl:141  start MSMFB_OVERLAY_VSYNC_CTRL  
01-19 16:56:01.960   153   480 E SurfaceFlinger: eventControl(0, 0) failed No such file or directory
01-19 16:56:01.980   153   480 E hwcomposer: hwc_eventControl:141  start MSMFB_OVERLAY_VSYNC_CTRL  
01-19 16:56:01.980   153   480 E SurfaceFlinger: eventControl(0, 0) failed No such file or directory
01-19 16:56:01.980   153   480 E hwcomposer: hwc_eventControl:141  start MSMFB_OVERLAY_VSYNC_CTRL  
01-19 16:56:01.990   153   480 E SurfaceFlinger: eventControl(0, 1) failed No such file or directory
01-19 16:56:02.000 10314 10327 W Settings: Setting android_id has moved from android.provider.Settings.System to android.provider.Settings.Secure, returning read-only value.
01-19 16:56:02.000 10314 10314 V IPC     : Current service version 51080060, last check version 51080060
01-19 16:56:02.020   153   480 E hwcomposer: hwc_eventControl:141  start MSMFB_OVERLAY_VSYNC_CTRL  
01-19 16:56:02.020   153   480 E SurfaceFlinger: eventControl(0, 0) failed No such file or directory
01-19 16:56:02.030   153   480 E hwcomposer: hwc_eventControl:141  start MSMFB_OVERLAY_VSYNC_CTRL  
01-19 16:56:02.030   153   480 E SurfaceFlinger: eventControl(0, 0) failed No such file or directory
01-19 16:56:02.040   153   480 E hwcomposer: hwc_eventControl:141  start MSMFB_OVERLAY_VSYNC_CTRL  
01-19 16:56:02.040   153   480 E SurfaceFlinger: eventControl(0, 1) failed No such file or directory
01-19 16:56:02.070   153   480 E hwcomposer: hwc_eventControl:141  start MSMFB_OVERLAY_VSYNC_CTRL  
01-19 16:56:02.070   153   480 E SurfaceFlinger: eventControl(0, 0) failed No such file or directory
01-19 16:56:02.090   153   480 E hwcomposer: hwc_eventControl:141  start MSMFB_OVERLAY_VSYNC_CTRL  
01-19 16:56:02.090   153   480 E SurfaceFlinger: eventControl(0, 0) failed No such file or directory
01-19 16:56:02.090   153   480 E hwcomposer: hwc_eventControl:141  start MSMFB_OVERLAY_VSYNC_CTRL  
01-19 16:56:02.090   153   480 E SurfaceFlinger: eventControl(0, 1) failed No such file or directory
01-19 16:56:02.090   523  5721 D ConnectivityService: getActiveNetworkInfo: mActiveDefaultNetwork = 1 pid = 10314
01-19 16:56:02.090   523  5721 D ConnectivityService: getNetworkInfo_2: networkType = 1 uid = 10112
01-19 16:56:02.090   523  5721 D ConnectivityService: getNetworkInfo_2 = NetworkInfo: type: WIFI[], state: CONNECTED/CONNECTED, reason: (unspecified), extra: (none), roaming: false, failover: false, isAvailable: true
01-19 16:56:02.120   153   480 E hwcomposer: hwc_eventControl:141  start MSMFB_OVERLAY_VSYNC_CTRL  
01-19 16:56:02.120   153   480 E SurfaceFlinger: eventControl(0, 0) failed No such file or directory
01-19 16:56:02.140   153   480 E hwcomposer: hwc_eventControl:141  start MSMFB_OVERLAY_VSYNC_CTRL  
01-19 16:56:02.140   153   480 E SurfaceFlinger: eventControl(0, 0) failed No such file or directory
01-19 16:56:02.150   153   480 E hwcomposer: hwc_eventControl:141  start MSMFB_OVERLAY_VSYNC_CTRL  
01-19 16:56:02.150   153   480 E SurfaceFlinger: eventControl(0, 1) failed No such file or directory
01-19 16:56:02.160 10314 10314 D Environment: Enviroment getExternalStorageState :/mnt/sdcard
01-19 16:56:02.160 10314 10314 D Environment: Enviroment getExternalStorageState :/mnt/sdcard
01-19 16:56:02.180   153   480 E hwcomposer: hwc_eventControl:141  start MSMFB_OVERLAY_VSYNC_CTRL  
01-19 16:56:02.180   153   480 E SurfaceFlinger: eventControl(0, 0) failed No such file or directory
01-19 16:56:02.190   523   565 E AlarmManagerService: set alarm to 365668. 873000000n
01-19 16:56:02.190   523   565 E AlarmManagerService: com_android_server_AlarmManagerService/set result=ioctl()>=0 type = 3
01-19 16:56:02.190   153   480 E hwcomposer: hwc_eventControl:141  start MSMFB_OVERLAY_VSYNC_CTRL  
01-19 16:56:02.190   153   480 E SurfaceFlinger: eventControl(0, 0) failed No such file or directory
01-19 16:56:02.190   523   565 D AlarmManagerService: waitForAlarm result = 8
01-19 16:56:02.190   523   565 V AlarmManagerService: Checking for alarms... rtc=1453193762193, elapsed=365638732
01-19 16:56:02.190   523   565 V AlarmManagerService: run/result = 8
01-19 16:56:02.190   523   565 D AlarmManagerService: mDescriptor = 89 alarm.type = 3 alarm.operation = PendingIntent{42f9f5f0: PendingIntentRecord{42fc1460 telecom.mdesk broadcastIntent}}
01-19 16:56:02.190   523   565 D AlarmManagerService: sending alarm/alarm = Alarm{4251be00 type 3 com.wandoujia.phoenix2}, alarm.operation = PendingIntent{4329c9c0: PendingIntentRecord{42c34088 com.wandoujia.phoenix2 broadcastIntent}}
01-19 16:56:02.190   523   565 V PowerManager: acquire/mToken = android.os.Binder@42918d90
