01-16 16:26:31.622: D/VConnManager(27123): sendTcmsStatus ok. stauts:1
01-16 16:26:31.622: W/tcminetimpl@native@tcms@msgmynative(27123): SaveRspMsg,interface=ScSession,method=start,seqid=2,sessionId=1,cmdtype=1
01-16 16:26:31.622: I/jni/inet/android/native/common/calljava.cpp(27123): nativeLog
01-16 16:26:31.623: I/nativeLog(27123): begin native log
01-16 16:26:31.623: W/LocalSocketServer@native@tcmsmynative(27123): localserver, begin listen...
01-16 16:26:31.623: I/nativeLog(27123): begin native log
01-16 16:26:31.624: I/jni/inet/android/native/common/calljava.cpp(27123): nativeLog
01-16 16:26:31.624: W/LocalSocketServer@native@tcmsmynative(27123): localserver, accept...
01-16 16:26:31.625: I/nativeLog(27123): begin native log
01-16 16:26:31.625: I/XPush@native(27123): enter asyncCallFunc
01-16 16:26:31.636: D/PersistManager(27086): get, list properties.
01-16 16:26:31.653: D/PersistManager(27086): key:op.mim":"{\"clientPriority\":14464800,\"disable\":false,\"regTime\":1450233171304,\"callCount\":1,\"appKey\":\"23015524\"}"} value:
01-16 16:26:31.653: D/PersistManager(27086): key:\":1,\"appKey\":\"23015524\"}"} value:
01-16 16:26:31.654: D/PersistManager(27086): key:ec value:18 23:40:39 GMT+08:00 2015
01-16 16:26:31.654: D/PersistManager(27086): key:23015524\"}"} value:
01-16 16:26:31.655: D/PersistManager(27086): key:XPUSH_SDK_INFO_V2 value:{"com.comtop.mim":"{\"clientPriority\":14464800,\"disable\":false,\"regTime\":1452515957757,\"callCount\":1,\"appKey\":\"23232985\"}"}
01-16 16:26:31.655: D/PersistManager(27086): key:push_device_id_key_v1 value:a0t6ix2taf44895d___tks79g5mstt9xb5l
01-16 16:26:31.656: D/PersistManager(27086): key:":1,\"appKey\":\"23015524\"}"} value:
01-16 16:26:31.656: D/PersistManager(27086): key:"appKey\":\"23015524\"}"} value:
01-16 16:26:31.657: D/PersistManager(27086): key:2015 value:
01-16 16:26:31.657: D/PersistManager(27086): key::"{\"clientPriority\":14464800,\"disable\":false,\"regTime\":1450233171304,\"callCount\":1,\"appKey\":\"23015524\"}"} value:
01-16 16:26:31.658: D/PersistManager(27086): key:304,\"callCount\":1,\"appKey\":\"23015524\"}"} value:
01-16 16:26:31.659: D/PersistManager(27086): key:xpushClient__xpush_push_maxmsgid value:32234630603777
01-16 16:26:31.659: D/PersistManager(27086): key:mtop.mim":"{\"clientPriority\":14464800,\"disable\":false,\"regTime\":1450233171304,\"callCount\":1,\"appKey\":\"23015524\"}"} value:
01-16 16:26:31.660: D/PersistManager(27086): key:14464800,\"disable\":false,\"regTime\":1450233171304,\"callCount\":1,\"appKey\":\"23015524\"}"} value:
01-16 16:26:31.660: D/PersistManager(27086): key:iority\":14464800,\"disable\":false,\"regTime\":1450233171304,\"callCount\":1,\"appKey\":\"23015524\"}"} value:
01-16 16:26:31.661: D/PersistManager(27086): key:push_heart_freq_key value:{"\"lenew\"":180,"\"wifi-comtop\"":358,"\"MM_AP\"":227,"\"jacpy\"":800,"\"wifi-confine\"":180,"\".lenew-T\"":180}
01-16 16:26:31.661: D/PersistManager(27086): key:push_tcms_client_id_key value:a0d0jhk6neij6wka
01-16 16:26:31.662: D/WifiStateMachine(1045): handleMessage: E msg.what=131155
01-16 16:26:31.663: D/WifiStateMachine(1045): processMsg: ConnectedState
01-16 16:26:31.663: D/PersistManager(27086): key:\"23015524\"}"} value:
01-16 16:26:31.663: D/WifiStateMachine(1045): processMsg: L2ConnectedState
01-16 16:26:31.700: D/WifiStateMachine(1045): handleMessage: X
01-16 16:26:31.759: I/ServiceChooseHelper(27086): startService, xpushnative://xpush/serviceStart code:1 conetxt.getPackageAppName:com.comtop.mim appname:com.comtop.mim tcmsservicename:com.alibaba.tcms.service.TCMSService
01-16 16:26:31.777: D/DataNetworkManager(27086): receive tcms status:1
01-16 16:26:31.777: D/TCMSService(27123): onStart----
01-16 16:26:31.778: D/TCMSService(27123): onHandleIntent, ------- command=xpushnative://xpush/serviceStart
01-16 16:26:31.779: D/TCMSService(27123): onHandleIntent, appName:com.comtop.mim---currentCode:1---appName:com.comtop.mim---channelKey:com.alibaba.tcms.XPushManager$5
01-16 16:26:31.780: D/XPushJNI@Native(27123): com_alibaba_tcms_service_TCMPush_getXpushStatus, status:-1
01-16 16:26:31.783: I/TCMSService(27123): sendLoginBroadcast code:-1 appName:com.comtop.mim
01-16 16:26:31.792: D/DataNetworkManager(27086): receive tcms status:1
01-16 16:26:31.795: D/PersistManager(27123): get, list properties.
01-16 16:26:31.796: D/PersistManager(27123): key:\":1,\"appKey\":\"23015524\"}"} value:
01-16 16:26:31.796: D/PersistManager(27123): key:op.mim":"{\"clientPriority\":14464800,\"disable\":false,\"regTime\":1450233171304,\"callCount\":1,\"appKey\":\"23015524\"}"} value:
01-16 16:26:31.796: D/PersistManager(27123): key:ec value:18 23:40:39 GMT+08:00 2015
01-16 16:26:31.796: D/PersistManager(27123): key:23015524\"}"} value:
01-16 16:26:31.797: D/PersistManager(27123): key:XPUSH_SDK_INFO_V2 value:{"com.comtop.mim":"{\"clientPriority\":14464800,\"disable\":false,\"regTime\":1452515957757,\"callCount\":1,\"appKey\":\"23232985\"}"}
01-16 16:26:31.797: D/PersistManager(27123): key:":1,\"appKey\":\"23015524\"}"} value:
01-16 16:26:31.797: D/PersistManager(27123): key:push_device_id_key_v1 value:a0t6ix2taf44895d___tks79g5mstt9xb5l
01-16 16:26:31.812: D/PersistManager(27123): key::"{\"clientPriority\":14464800,\"disable\":false,\"regTime\":1450233171304,\"callCount\":1,\"appKey\":\"23015524\"}"} value:
01-16 16:26:31.812: D/PersistManager(27123): key:2015 value:
01-16 16:26:31.812: D/PersistManager(27123): key:"appKey\":\"23015524\"}"} value:
01-16 16:26:31.813: D/PersistManager(27123): key:304,\"callCount\":1,\"appKey\":\"23015524\"}"} value:
01-16 16:26:31.813: D/PersistManager(27123): key:xpushClient__xpush_push_maxmsgid value:32234630603777
01-16 16:26:31.813: D/PersistManager(27123): key:mtop.mim":"{\"clientPriority\":14464800,\"disable\":false,\"regTime\":1450233171304,\"callCount\":1,\"appKey\":\"23015524\"}"} value:
01-16 16:26:31.813: D/PersistManager(27123): key:14464800,\"disable\":false,\"regTime\":1450233171304,\"callCount\":1,\"appKey\":\"23015524\"}"} value:
01-16 16:26:31.813: D/PersistManager(27123): key:push_heart_freq_key value:{"\"lenew\"":180,"\"wifi-comtop\"":358,"\"MM_AP\"":227,"\"jacpy\"":800,"\"wifi-confine\"":180,"\".lenew-T\"":180}
01-16 16:26:31.813: D/PersistManager(27123): key:iority\":14464800,\"disable\":false,\"regTime\":1450233171304,\"callCount\":1,\"appKey\":\"23015524\"}"} value:
01-16 16:26:31.813: D/PersistManager(27123): key:push_tcms_client_id_key value:a0d0jhk6neij6wka
01-16 16:26:31.813: D/PersistManager(27123): key:\"23015524\"}"} value:
01-16 16:26:31.815: D/NativeStoreProxy(27123): getString, key:push_device_id_key_v1 value:a0t6ix2taf44895d___tks79g5mstt9xb5l
01-16 16:26:31.815: I/JavaGlobalStore@native(27123): getString, key:push_device_id_key_v1, value:a0t6ix2taf44895d___tks79g5mstt9xb5l/n
01-16 16:26:31.815: D/XPush@native(27123): get cached DeviceId
01-16 16:26:31.815: I/jni/inet/android/native/common/calljava.cpp(27123): nativeLog
01-16 16:26:31.815: W/tcmsposix@native@tcmsmynative(27123): TCMServicePosix::reAuth sync, sessionId:1, clusterName:devid, uniqId:a0t6ix2taf44895d, version:14464800
01-16 16:26:31.816: I/nativeLog(27123): begin native log
01-16 16:26:31.817: I/jni/inet/android/native/common/calljava.cpp(27123): nativeLog
01-16 16:26:31.817: W/tcmsposix@native@tcmsmynative(27123): TCMServicePosix::reAuth , not session is found.
01-16 16:26:31.817: I/nativeLog(27123): begin native log
01-16 16:26:31.817: D/XPush@native(27123): call login, deviceId:a0t6ix2taf44895d, deviceSecret:tks79g5mstt9xb5l, version:14464800
01-16 16:26:31.817: D/XPush@native(27123): deviceInfo, androidid : ea163cab180c4f68
01-16 16:26:31.817: D/XPush@native(27123): deviceInfo, brand : motorola
01-16 16:26:31.817: D/XPush@native(27123): deviceInfo, cpuid : armeabi-v7a
01-16 16:26:31.817: D/XPush@native(27123): deviceInfo, imei : 359276054432243
01-16 16:26:31.817: D/XPush@native(27123): deviceInfo, imsi : 
01-16 16:26:31.817: D/XPush@native(27123): deviceInfo, mac : f8:e0:79:37:5f:f5
01-16 16:26:31.817: D/XPush@native(27123): deviceInfo, model : XT1032
01-16 16:26:31.818: D/XPush@native(27123): deviceInfo, os : android
01-16 16:26:31.818: D/XPush@native(27123): deviceInfo, osver : 19
01-16 16:26:31.818: D/XPush@native(27123): deviceInfo, sn : TA8830R9WE
01-16 16:26:31.818: I/jni/inet/android/native/common/calljava.cpp(27123): nativeLog
01-16 16:26:31.818: W/tcminetimpl@native@tcms@msgmynative(27123): PostMsg,interface=DeviceIdMgr,method=auth,seqid=3,sessionid:1,cmdtype=0,compress=1,encrypted=1
01-16 16:26:31.818: I/nativeLog(27123): begin native log
01-16 16:26:31.819: D/TCMSStateChangeReceiver(27086): begin---com.alibaba.tcms.status.DISABLE
01-16 16:26:31.819: D/TCMSStateChangeReceiver(27086): notifyServiceDisable------
01-16 16:26:31.889: W/LocalSocketServer@native@tcmsmynative(27123): enter readWriteThrFunc
01-16 16:26:31.891: I/nativeLog(27123): begin native log
01-16 16:26:31.892: I/jni/inet/android/native/common/calljava.cpp(27123): uniEncodeString
01-16 16:26:31.913: I/tcminetimpl@native@tcms(27123): postData2Server, seqid:3, data.len:232
01-16 16:26:31.913: I/tcminetimpl@native@tcms(27123): postData2Server, m_seqtsMap.len:0
01-16 16:26:31.914: I/jni/inet/android/native/common/calljava.cpp(27123): nativeLog
01-16 16:26:31.916: I/TcmInet@native@tcms(27123): synccall before TimedWait=60 seconds,seqid=3
01-16 16:26:31.917: W/tcminetimpl@native@tcms@msg@sendbytesmynative(27123): 232,fd=56,error=11
01-16 16:26:31.918: I/nativeLog(27123): begin native log
01-16 16:26:31.999: I/jni/inet/android/native/common/calljava.cpp(27123): nativeLog
01-16 16:26:32.001: W/tcminetimpl@native@tcms@msg@recvbytesmynative(27123): 38,fd=56,bufsize=38
01-16 16:26:32.007: I/nativeLog(27123): begin native log
01-16 16:26:32.010: I/jni/inet/android/native/common/calljava.cpp(27123): uniDecodeString
01-16 16:26:32.012: I/jni/inet/android/native/common/calljava.cpp(27123): nativeLog
01-16 16:26:32.013: I/TcmInet@native@tcms(27123): INetImpl::GetMsg, seqid=0,interface=SC,method=onXSess, errcode=0,msgtype=2
01-16 16:26:32.015: I/TcmInet@native@tcms(27123): clientServiceThrFunc get one notify,interface=SC, method=onXSess, sessionId=1, seqid=0
01-16 16:26:32.016: D/tcmsposix@native@tcms(27123): get a notify, sessionId:1, interface:SC, method:onXSess, 
01-16 16:26:32.018: W/tcminetimpl@native@tcms@msgmynative(27123): SaveRspMsg,interface=SC,method=onXSess,seqid=0,sessionId=1,cmdtype=2
01-16 16:26:32.020: I/nativeLog(27123): begin native log
01-16 16:26:32.034: I/jni/inet/android/native/common/calljava.cpp(27123): nativeLog
01-16 16:26:32.035: W/tcminetimpl@native@tcms@msg@recvbytesmynative(27123): 38,fd=56,bufsize=38
01-16 16:26:32.036: I/nativeLog(27123): begin native log
01-16 16:26:32.037: I/jni/inet/android/native/common/calljava.cpp(27123): uniDecodeString
01-16 16:26:32.039: I/jni/inet/android/native/common/calljava.cpp(27123): nativeLog
01-16 16:26:32.041: I/TcmInet@native@tcms(27123): INetImpl::GetMsg, seqid=3,interface=DeviceIdMgr,method=auth, errcode=0,msgtype=1
01-16 16:26:32.042: I/TcmInet@native@tcms(27123): clientAsyncCallbackThrFunc get a msg, seqId:1608952856
01-16 16:26:32.050: W/tcminetimpl@native@tcms@msgmynative(27123): SaveRspMsg,interface=DeviceIdMgr,method=auth,seqid=3,sessionId=1,cmdtype=1
01-16 16:26:32.052: I/nativeLog(27123): begin native log
01-16 16:26:32.044: I/TcmInet@native@tcms(27123): clientAsyncCallbackThrFunc get one SyncResponse, Signal,inteface=DeviceIdMgr, method=auth,seqid=0,rspdatasize=3,errcode=0
01-16 16:26:32.048: I/commutils@native(27123): ajustProtocolTimeout from 60 
01-16 16:26:32.073: I/commutils@native(27123): ajustProtocolTimeout to 60
01-16 16:26:32.079: I/TcmInet@native@tcms(27123): synccall  after TimedWait=60 seconds, ret=0, seqid=3
01-16 16:26:32.086: I/XPush@native(27123): auth server return retcode:0
01-16 16:26:32.091: D/XPush@native(27123): onXpushStatus mStatus:-1, status:0
01-16 16:26:32.094: D/XPushJNI@Native(27123): JNIPushConnListenerBridge::onXpushStatus
01-16 16:26:32.095: D/TCMPushIO(27123): TCMPushIO.onXpushStatus, status:0 data:
01-16 16:26:32.095: D/TCMSService(27123): onXpushStatus:0---data:
01-16 16:26:32.096: D/PushBase@native(27123): call PushBase init, reqId:1
01-16 16:26:32.096: I/jni/inet/android/native/common/calljava.cpp(27123): nativeLog
01-16 16:26:32.096: I/TCMSService(27123): sendLoginBroadcast code:0 appName:com.comtop.mim
01-16 16:26:32.096: W/tcminetimpl@native@tcms@msgmynative(27123): PostMsg,interface=TCMInterface,method=initNode,seqid=4,sessionid:1,cmdtype=0,compress=1,encrypted=1
01-16 16:26:32.097: I/nativeLog(27123): begin native log
01-16 16:26:32.098: D/TCMSStateChangeReceiver(27086): begin---com.alibaba.tcms.status.ENABLE
01-16 16:26:32.098: D/TCMSStateChangeReceiver(27086): notifyServiceEnable------
01-16 16:26:32.099: I/jni/inet/android/native/common/calljava.cpp(27123): uniEncodeString
01-16 16:26:32.129: D/PersistManager(27086): get, list properties.
01-16 16:26:32.129: D/PersistManager(27086): key:op.mim":"{\"clientPriority\":14464800,\"disable\":false,\"regTime\":1450233171304,\"callCount\":1,\"appKey\":\"23015524\"}"} value:
01-16 16:26:32.134: D/PersistManager(27086): key:\":1,\"appKey\":\"23015524\"}"} value:
01-16 16:26:32.135: D/PersistManager(27086): key:ec value:18 23:40:39 GMT+08:00 2015
01-16 16:26:32.135: D/PersistManager(27086): key:23015524\"}"} value:
01-16 16:26:32.136: D/PersistManager(27086): key:XPUSH_SDK_INFO_V2 value:{"com.comtop.mim":"{\"clientPriority\":14464800,\"disable\":false,\"regTime\":1452515957757,\"callCount\":1,\"appKey\":\"23232985\"}"}
01-16 16:26:32.137: D/PersistManager(27086): key:push_device_id_key_v1 value:a0t6ix2taf44895d___tks79g5mstt9xb5l
01-16 16:26:32.138: D/PersistManager(27086): key:":1,\"appKey\":\"23015524\"}"} value:
01-16 16:26:32.139: D/PersistManager(27086): key:"appKey\":\"23015524\"}"} value:
01-16 16:26:32.140: D/PersistManager(27086): key:2015 value:
01-16 16:26:32.141: D/PersistManager(27086): key::"{\"clientPriority\":14464800,\"disable\":false,\"regTime\":1450233171304,\"callCount\":1,\"appKey\":\"23015524\"}"} value:
01-16 16:26:32.141: D/PersistManager(27086): key:304,\"callCount\":1,\"appKey\":\"23015524\"}"} value:
01-16 16:26:32.142: D/PersistManager(27123): get, list properties.
01-16 16:26:32.142: D/PersistManager(27123): key:\":1,\"appKey\":\"23015524\"}"} value:
01-16 16:26:32.143: D/PersistManager(27086): key:xpushClient__xpush_push_maxmsgid value:32234630603777
01-16 16:26:32.143: D/PersistManager(27123): key:op.mim":"{\"clientPriority\":14464800,\"disable\":false,\"regTime\":1450233171304,\"callCount\":1,\"appKey\":\"23015524\"}"} value:
01-16 16:26:32.143: D/PersistManager(27086): key:mtop.mim":"{\"clientPriority\":14464800,\"disable\":false,\"regTime\":1450233171304,\"callCount\":1,\"appKey\":\"23015524\"}"} value:
01-16 16:26:32.143: D/PersistManager(27123): key:ec value:18 23:40:39 GMT+08:00 2015
01-16 16:26:32.143: D/PersistManager(27086): key:14464800,\"disable\":false,\"regTime\":1450233171304,\"callCount\":1,\"appKey\":\"23015524\"}"} value:
01-16 16:26:32.143: I/Native(27086): InetIO_SetForeground 1
01-16 16:26:32.143: D/PersistManager(27123): key:23015524\"}"} value:
01-16 16:26:32.143: D/PersistManager(27086): key:iority\":14464800,\"disable\":false,\"regTime\":1450233171304,\"callCount\":1,\"appKey\":\"23015524\"}"} value:
01-16 16:26:32.143: D/PersistManager(27123): key:XPUSH_SDK_INFO_V2 value:{"com.comtop.mim":"{\"clientPriority\":14464800,\"disable\":false,\"regTime\":1452515957757,\"callCount\":1,\"appKey\":\"23232985\"}"}
01-16 16:26:32.143: D/PersistManager(27123): key:":1,\"appKey\":\"23015524\"}"} value:
01-16 16:26:32.143: D/PersistManager(27123): key:push_device_id_key_v1 value:a0t6ix2taf44895d___tks79g5mstt9xb5l
01-16 16:26:32.144: D/PersistManager(27123): key::"{\"clientPriority\":14464800,\"disable\":false,\"regTime\":1450233171304,\"callCount\":1,\"appKey\":\"23015524\"}"} value:
01-16 16:26:32.144: D/PersistManager(27123): key:2015 value:
01-16 16:26:32.144: D/PersistManager(27123): key:"appKey\":\"23015524\"}"} value:
01-16 16:26:32.144: D/PersistManager(27123): key:304,\"callCount\":1,\"appKey\":\"23015524\"}"} value:
01-16 16:26:32.144: D/PersistManager(27123): key:xpushClient__xpush_push_maxmsgid value:32234630603777
01-16 16:26:32.144: D/PersistManager(27123): key:mtop.mim":"{\"clientPriority\":14464800,\"disable\":false,\"regTime\":1450233171304,\"callCount\":1,\"appKey\":\"23015524\"}"} value:
01-16 16:26:32.144: D/PersistManager(27123): key:14464800,\"disable\":false,\"regTime\":1450233171304,\"callCount\":1,\"appKey\":\"23015524\"}"} value:
01-16 16:26:32.144: D/PersistManager(27123): key:push_heart_freq_key value:{"\"lenew\"":180,"\"wifi-comtop\"":358,"\"MM_AP\"":227,"\"jacpy\"":800,"\"wifi-confine\"":180,"\".lenew-T\"":180}
01-16 16:26:32.144: D/PersistManager(27123): key:iority\":14464800,\"disable\":false,\"regTime\":1450233171304,\"callCount\":1,\"appKey\":\"23015524\"}"} value:
01-16 16:26:32.144: D/PersistManager(27123): key:push_tcms_client_id_key value:a0d0jhk6neij6wka
01-16 16:26:32.144: D/PersistManager(27123): key:\"23015524\"}"} value:
01-16 16:26:32.155: D/PersistManager(27086): key:push_heart_freq_key value:{"\"lenew\"":180,"\"wifi-comtop\"":358,"\"MM_AP\"":227,"\"jacpy\"":800,"\"wifi-confine\"":180,"\".lenew-T\"":180}
01-16 16:26:32.155: D/PersistManager(27086): key:push_tcms_client_id_key value:a0d0jhk6neij6wka
01-16 16:26:32.156: D/PersistManager(27086): key:\"23015524\"}"} value:
01-16 16:26:32.129: I/tcminetimpl@native@tcms(27123): postData2Server, seqid:4, data.len:54
01-16 16:26:32.158: I/TCMPushIO(27123): default client id is:a0d0jhk6neij6wka appkey:1
01-16 16:26:32.204: I/tcminetimpl@native@tcms(27123): postData2Server, m_seqtsMap.len:0
01-16 16:26:32.205: I/TcmInet@native@tcms(27123): synccall before TimedWait=60 seconds,seqid=4
01-16 16:26:32.206: I/jni/inet/android/native/common/calljava.cpp(27123): nativeLog
01-16 16:26:32.208: W/tcminetimpl@native@tcms@msg@sendbytesmynative(27123): 54,fd=56,error=11
01-16 16:26:32.209: I/nativeLog(27123): begin native log
01-16 16:26:32.214: D/TCMSService(27123): onStart----
01-16 16:26:32.214: D/TCMSService(27123): onHandleIntent, ------- command=xpushnative://xpush/getClientId?{"str2":"","str1":"","bool1":false,"appKey":"23232985"}
01-16 16:26:32.220: D/XPushJNI@Native(27123): com_alibaba_tcms_service_TCMPush_getXpushStatus, status:0
01-16 16:26:32.224: D/PersistManager(27123): get, list properties.
01-16 16:26:32.237: D/PersistManager(27123): key:\":1,\"appKey\":\"23015524\"}"} value:
01-16 16:26:32.237: D/PersistManager(27123): key:op.mim":"{\"clientPriority\":14464800,\"disable\":false,\"regTime\":1450233171304,\"callCount\":1,\"appKey\":\"23015524\"}"} value:
01-16 16:26:32.242: D/WifiStateMachine(1045): handleMessage: E msg.what=151572
01-16 16:26:32.242: D/WifiStateMachine(1045): processMsg: ConnectedState
01-16 16:26:32.242: D/WifiStateMachine(1045): processMsg: L2ConnectedState
01-16 16:26:32.249: D/WifiStateMachine(1045): handleMessage: X
01-16 16:26:32.284: D/PersistManager(27123): key:ec value:18 23:40:39 GMT+08:00 2015
01-16 16:26:32.286: D/PersistManager(27123): key:23015524\"}"} value:
01-16 16:26:32.291: D/PersistManager(27123): key:XPUSH_SDK_INFO_V2 value:{"com.comtop.mim":"{\"clientPriority\":14464800,\"disable\":false,\"regTime\":1452515957757,\"callCount\":1,\"appKey\":\"23232985\"}"}
01-16 16:26:32.295: D/PersistManager(27123): key:":1,\"appKey\":\"23015524\"}"} value:
01-16 16:26:32.299: D/PersistManager(27123): key:push_device_id_key_v1 value:a0t6ix2taf44895d___tks79g5mstt9xb5l
01-16 16:26:32.302: D/PersistManager(27123): key::"{\"clientPriority\":14464800,\"disable\":false,\"regTime\":1450233171304,\"callCount\":1,\"appKey\":\"23015524\"}"} value:
01-16 16:26:32.304: D/PersistManager(27123): key:2015 value:
01-16 16:26:32.306: D/PersistManager(27123): key:"appKey\":\"23015524\"}"} value:
01-16 16:26:32.309: D/PersistManager(27123): key:304,\"callCount\":1,\"appKey\":\"23015524\"}"} value:
01-16 16:26:32.311: D/PersistManager(27123): key:xpushClient__xpush_push_maxmsgid value:32234630603777
01-16 16:26:32.313: D/PersistManager(27123): key:mtop.mim":"{\"clientPriority\":14464800,\"disable\":false,\"regTime\":1450233171304,\"callCount\":1,\"appKey\":\"23015524\"}"} value:
01-16 16:26:32.315: D/PersistManager(27123): key:14464800,\"disable\":false,\"regTime\":1450233171304,\"callCount\":1,\"appKey\":\"23015524\"}"} value:
01-16 16:26:32.316: D/PersistManager(27123): key:push_heart_freq_key value:{"\"lenew\"":180,"\"wifi-comtop\"":358,"\"MM_AP\"":227,"\"jacpy\"":800,"\"wifi-confine\"":180,"\".lenew-T\"":180}
01-16 16:26:32.318: D/PersistManager(27123): key:iority\":14464800,\"disable\":false,\"regTime\":1450233171304,\"callCount\":1,\"appKey\":\"23015524\"}"} value:
01-16 16:26:32.320: D/PersistManager(27123): key:push_tcms_client_id_key value:a0d0jhk6neij6wka
01-16 16:26:32.321: D/PersistManager(27123): key:\"23015524\"}"} value:
01-16 16:26:32.324: I/jni/inet/android/native/common/calljava.cpp(27123): nativeLog
01-16 16:26:32.325: W/tcminetimpl@native@tcms@msg@recvbytesmynative(27123): 38,fd=56,bufsize=38
01-16 16:26:32.326: I/nativeLog(27123): begin native log
01-16 16:26:32.327: I/jni/inet/android/native/common/calljava.cpp(27123): uniDecodeString
01-16 16:26:32.345: I/jni/inet/android/native/common/calljava.cpp(27123): nativeLog
01-16 16:26:32.345: W/tcminetimpl@native@tcms@msgmynative(27123): SaveRspMsg,interface=TCMInterface,method=initNode,seqid=4,sessionId=1,cmdtype=1
01-16 16:26:32.347: I/nativeLog(27123): begin native log
01-16 16:26:32.349: D/TCMPushIO(27123): getClientIdV1, appKey:23232985 appName:com.comtop.mim
01-16 16:26:32.349: D/XPushJNI@Native(27123): com_alibaba_tcms_service_TCMPush_getClientIdV1
01-16 16:26:32.350: I/security(27123): ISecurity
01-16 16:26:32.350: I/security(27123): initial
01-16 16:26:32.351: I/security(27123): get gcls_Context
01-16 16:26:32.351: I/security(27123): get gmtd_getPackageManager
01-16 16:26:32.352: I/security(27123): get gcls_CertificateFactory
01-16 16:26:32.345: I/TcmInet@native@tcms(27123): INetImpl::GetMsg, seqid=4,interface=TCMInterface,method=initNode, errcode=0,msgtype=1
01-16 16:26:32.352: I/security(27123): get gmtd_getInstance
01-16 16:26:32.373: I/TcmInet@native@tcms(27123): clientAsyncCallbackThrFunc get a msg, seqId:1608952360
01-16 16:26:32.353: I/security(27123): get gmtd_generateCertificate
01-16 16:26:32.375: I/TcmInet@native@tcms(27123): clientAsyncCallbackThrFunc get one SyncResponse, Signal,inteface=TCMInterface, method=initNode,seqid=0,rspdatasize=4,errcode=0
01-16 16:26:32.378: I/security(27123): get gcls_PackageManager
01-16 16:26:32.379: I/commutils@native(27123): ajustProtocolTimeout from 60 
01-16 16:26:32.379: I/commutils@native(27123): ajustProtocolTimeout to 60
01-16 16:26:32.381: I/TcmInet@native@tcms(27123): synccall  after TimedWait=60 seconds, ret=0, seqid=4
01-16 16:26:32.395: I/security(27123): get gmtd_getPackageInfo
01-16 16:26:32.396: I/security(27123): get gcls_PackageInfo
01-16 16:26:32.414: D/PersistManager(27123): get, list properties.
01-16 16:26:32.415: D/PersistManager(27123): key:\":1,\"appKey\":\"23015524\"}"} value:
01-16 16:26:32.418: D/PersistManager(27123): key:op.mim":"{\"clientPriority\":14464800,\"disable\":false,\"regTime\":1450233171304,\"callCount\":1,\"appKey\":\"23015524\"}"} value:
01-16 16:26:32.400: I/security(27123): get gfld_Signatures
01-16 16:26:32.420: D/PersistManager(27123): key:ec value:18 23:40:39 GMT+08:00 2015
01-16 16:26:32.420: D/PersistManager(27123): key:23015524\"}"} value:
01-16 16:26:32.440: I/security(27123): get gcls_Signature
01-16 16:26:32.442: I/security(27123): get gmtd_toByteArray
01-16 16:26:32.443: I/security(27123): get glcs_ByteArrayInputStream
01-16 16:26:32.454: I/security(27123): get gcls_Publickey
01-16 16:26:32.456: D/PersistManager(27123): key:XPUSH_SDK_INFO_V2 value:{"com.comtop.mim":"{\"clientPriority\":14464800,\"disable\":false,\"regTime\":1452515957757,\"callCount\":1,\"appKey\":\"23232985\"}"}
01-16 16:26:32.458: D/PersistManager(27123): key:":1,\"appKey\":\"23015524\"}"} value:
01-16 16:26:32.459: I/security(27123): get glcs_X509Certificate
01-16 16:26:32.460: I/security(27123): get gmtd_tostring
01-16 16:26:32.472: D/PersistManager(27123): key:push_device_id_key_v1 value:a0t6ix2taf44895d___tks79g5mstt9xb5l
01-16 16:26:32.461: I/security(27123): get gmtd_getPublicKey
01-16 16:26:32.474: D/PersistManager(27123): key::"{\"clientPriority\":14464800,\"disable\":false,\"regTime\":1450233171304,\"callCount\":1,\"appKey\":\"23015524\"}"} value:
01-16 16:26:32.480: D/PersistManager(27123): key:2015 value:
01-16 16:26:32.484: D/PersistManager(27123): key:"appKey\":\"23015524\"}"} value:
01-16 16:26:32.487: D/PersistManager(27123): key:304,\"callCount\":1,\"appKey\":\"23015524\"}"} value:
01-16 16:26:32.488: D/PersistManager(27123): key:xpushClient__xpush_push_maxmsgid value:32234630603777
01-16 16:26:32.490: D/PersistManager(27123): key:mtop.mim":"{\"clientPriority\":14464800,\"disable\":false,\"regTime\":1450233171304,\"callCount\":1,\"appKey\":\"23015524\"}"} value:
01-16 16:26:32.491: D/PersistManager(27123): key:14464800,\"disable\":false,\"regTime\":1450233171304,\"callCount\":1,\"appKey\":\"23015524\"}"} value:
01-16 16:26:32.494: D/PersistManager(27123): key:push_heart_freq_key value:{"\"lenew\"":180,"\"wifi-comtop\"":358,"\"MM_AP\"":227,"\"jacpy\"":800,"\"wifi-confine\"":180,"\".lenew-T\"":180}
01-16 16:26:32.495: D/PersistManager(27123): key:iority\":14464800,\"disable\":false,\"regTime\":1450233171304,\"callCount\":1,\"appKey\":\"23015524\"}"} value:
01-16 16:26:32.498: D/PersistManager(27123): key:push_tcms_client_id_key value:a0d0jhk6neij6wka
01-16 16:26:32.499: D/PersistManager(27123): key:\"23015524\"}"} value:
01-16 16:26:32.500: D/NativeStoreProxy(27123): getInt64, key:xpushClient__xpush_push_maxmsgid value:32234630603777
01-16 16:26:32.502: I/security(27123): get lobj_PackageManager
01-16 16:26:32.527: I/jni/inet/android/native/common/calljava.cpp(27123): nativeLog
01-16 16:26:32.528: W/JavaGlobalStore@nativemynative(27123): getInt64, key:xpushClient__xpush_push_maxmsgid, value:32234630603777/n
01-16 16:26:32.527: I/security(27123): get lobj_CertificateFactory
01-16 16:26:32.530: I/nativeLog(27123): begin native log
01-16 16:26:32.541: D/PushBase@native(27123): PushBase::syncMsg, appkey:, msgid:32234630603777
01-16 16:26:32.544: I/jni/inet/android/native/common/calljava.cpp(27123): nativeLog
01-16 16:26:32.560: I/security(27123): get packageinfOBJ
01-16 16:26:32.566: W/tcminetimpl@native@tcms@msgmynative(27123): PostMsg,interface=TCMInterface,method=syncMsg,seqid=5,sessionid:1,cmdtype=0,compress=1,encrypted=1
01-16 16:26:32.574: I/nativeLog(27123): begin native log
01-16 16:26:32.580: I/security(27123): packageinfOBJ addr:489685021 gfld_Signatures:1467445348
01-16 16:26:32.585: I/jni/inet/android/native/common/calljava.cpp(27123): uniEncodeString
01-16 16:26:32.593: I/tcminetimpl@native@tcms(27123): postData2Server, seqid:5, data.len:54
01-16 16:26:32.614: I/tcminetimpl@native@tcms(27123): postData2Server, m_seqtsMap.len:0
01-16 16:26:32.619: I/security(27123): get signatureOBJs
01-16 16:26:32.620: I/XPush@native(27123): exit asyncCallFunc, auth ret:0
01-16 16:26:32.620: D/dalvikvm(27123): threadid=19: thread exiting, not yet detached (count=0)
01-16 16:26:32.624: I/util@Native(27123): freeEnv.
01-16 16:26:32.625: I/jni/inet/android/native/common/calljava.cpp(27123): nativeLog
01-16 16:26:32.627: W/tcminetimpl@native@tcms@msg@sendbytesmynative(27123): 54,fd=56,error=11
01-16 16:26:32.641: I/security(27123): get signatureString
01-16 16:26:32.647: I/security(27123): get signatureString 1
01-16 16:26:32.649: I/security(27123): get signatureString 2 1d300019
01-16 16:26:32.657: I/security(27123): get signatureString 3
01-16 16:26:32.665: I/security(27123): get signatureString 4
01-16 16:26:32.670: I/security(27123): 308201e53082014ea003020102020453606f21300d06092a864886f70d01010505003037310b30090603550406130255533110300e060355040a1307416e64726f6964311630140603550403130d416e64726f6964204465627567301e170d3134303433303033333335335a170d3434303432323033333335335a3037310b30090603550406130255533110300e060355040a1307416e64726f6964311630140603550403130d416e64726f696420446562756730819f300d06092a864886f70d010101050003818d0030818902818100961c8594e5d8ff2f2164bbd27e180d503bb9091c4d5cad36332ffdcaa6a37be75b91380cf476436cd49a6c6f77a1d687c9bf2cb94a51a1b35771ae99bf2056018f7362cb333ad84fa17cddfab5e9c40cb570cd67b9dd6b1f7cbb7d98f8c5ee36bf2263eb86f51c4fb1b37c5aa5ebbf1d1767e752c2353c15bbf098fc026e8b1b0203010001300d06092a864886f70d01010505000381810076dea58b2e37449e8858ff5b5acfb14938a31ce3096431a5153e60530423c193a542680646fccd15cb90afb399e807dfbe727539bb7f54455c736a61b7686391ceb26bb24ebe4f741644ed65c3409a8d64ece6ac113dbff0ceef4b44cb6df10de939643d57e8203fe0a5e77edac76453dfc0adb74f850b85a5ce0370e947f41c
01-16 16:26:32.676: I/nativeLog(27123): begin native log
01-16 16:26:32.677: I/security(27123): get generateCertificate succ
01-16 16:26:32.685: I/security(27123): 961c8594e5d8ff2f2164bbd27e180d503bb9091c4d5cad36332ffdcaa6a37be75b91380cf476436cd49a6c6f77a1d687c9bf2cb94a51a1b35771ae99bf2056018f7362cb333ad84fa17cddfab5e9c40cb570cd67b9dd6b1f7cbb7d98f8c5ee36bf2263eb86f51c4fb1b37c5aa5ebbf1d1767e752c2353c15bbf098fc026e8b1b
01-16 16:26:32.686: I/jni/inet/android/native/common/calljava.cpp(27123): call inetMd5, content:961c8594e5d8ff2f2164bbd27e180d503bb9091c4d5cad36332ffdcaa6a37be75b91380cf476436cd49a6c6f77a1d687c9bf2cb94a51a1b35771ae99bf2056018f7362cb333ad84fa17cddfab5e9c40cb570cd67b9dd6b1f7cbb7d98f8c5ee36bf2263eb86f51c4fb1b37c5aa5ebbf1d1767e752c2353c15bbf098fc026e8b1b
01-16 16:26:32.695: I/jni/inet/android/native/common/calljava.cpp(27123): nativeLog
01-16 16:26:32.697: D/JNIUtil(27123): java inetMd5
01-16 16:26:32.709: W/tcminetimpl@native@tcms@msg@recvbytesmynative(27123): 38,fd=56,bufsize=38
01-16 16:26:32.709: I/XPushJNI@Native(27123): getClientIdV1, getSignature:b52c62e04db65b8bd4d387d8c104cb48
01-16 16:26:32.719: I/nativeLog(27123): begin native log
01-16 16:26:32.720: D/XPush@native(27123): call getClientId, appKey:23232985
01-16 16:26:32.721: I/jni/inet/android/native/common/calljava.cpp(27123): nativeLog
01-16 16:26:32.731: I/jni/inet/android/native/common/calljava.cpp(27123): uniDecodeString
01-16 16:26:32.732: W/tcminetimpl@native@tcms@msgmynative(27123): PostMsg,interface=TCMInterface,method=getClientIdV1,seqid=6,sessionid:1,cmdtype=0,compress=1,encrypted=1
01-16 16:26:32.735: I/nativeLog(27123): begin native log
01-16 16:26:32.749: I/jni/inet/android/native/common/calljava.cpp(27123): uniEncodeString
01-16 16:26:32.752: I/jni/inet/android/native/common/calljava.cpp(27123): nativeLog
01-16 16:26:32.752: I/TcmInet@native@tcms(27123): INetImpl::GetMsg, seqid=5,interface=TCMInterface,method=syncMsg, errcode=0,msgtype=1
01-16 16:26:32.758: W/tcminetimpl@native@tcms@msgmynative(27123): SaveRspMsg,interface=TCMInterface,method=syncMsg,seqid=5,sessionId=1,cmdtype=1
01-16 16:26:32.761: I/nativeLog(27123): begin native log
01-16 16:26:32.765: I/tcminetimpl@native@tcms(27123): postData2Server, seqid:6, data.len:102
01-16 16:26:32.767: I/tcminetimpl@native@tcms(27123): postData2Server, m_seqtsMap.len:0
01-16 16:26:32.770: I/jni/inet/android/native/common/calljava.cpp(27123): nativeLog
01-16 16:26:32.773: I/TcmInet@native@tcms(27123): synccall before TimedWait=60 seconds,seqid=6
01-16 16:26:32.777: W/tcminetimpl@native@tcms@msg@sendbytesmynative(27123): 102,fd=56,error=11
01-16 16:26:32.781: I/nativeLog(27123): begin native log
01-16 16:26:32.786: I/TcmInet@native@tcms(27123): clientAsyncCallbackThrFunc get a msg, seqId:1609017112
01-16 16:26:32.790: D/PushBase@native(27123): PushBaseCallback::onSendSuccess, interface:TCMInterface, method:syncMsg,  data:
01-16 16:26:32.866: I/jni/inet/android/native/common/calljava.cpp(27123): nativeLog
01-16 16:26:32.867: W/tcminetimpl@native@tcms@msg@recvbytesmynative(27123): 70,fd=56,bufsize=70
01-16 16:26:32.871: I/nativeLog(27123): begin native log
01-16 16:26:32.875: I/jni/inet/android/native/common/calljava.cpp(27123): uniDecodeString
01-16 16:26:32.880: I/jni/inet/android/native/common/calljava.cpp(27123): nativeLog
01-16 16:26:32.885: I/TcmInet@native@tcms(27123): INetImpl::GetMsg, seqid=6,interface=TCMInterface,method=getClientIdV1, errcode=0,msgtype=1
01-16 16:26:32.889: I/TcmInet@native@tcms(27123): clientAsyncCallbackThrFunc get a msg, seqId:1609004840
01-16 16:26:32.891: I/TcmInet@native@tcms(27123): clientAsyncCallbackThrFunc get one SyncResponse, Signal,inteface=TCMInterface, method=getClientIdV1,seqid=0,rspdatasize=6,errcode=0
01-16 16:26:32.892: I/commutils@native(27123): ajustProtocolTimeout from 60 
01-16 16:26:32.893: I/commutils@native(27123): ajustProtocolTimeout to 60
01-16 16:26:32.894: I/TcmInet@native@tcms(27123): synccall  after TimedWait=60 seconds, ret=0, seqid=6
01-16 16:26:32.895: D/TCMPushIO(27123): getClientIdV1 spent time:674ms code:0
01-16 16:26:32.895: W/tcminetimpl@native@tcms@msgmynative(27123): SaveRspMsg,interface=TCMInterface,method=getClientIdV1,seqid=6,sessionId=1,cmdtype=1
01-16 16:26:32.911: I/nativeLog(27123): begin native log
01-16 16:26:32.920: D/TCMPushIO(27123): getclientIdV1:a0t6ix2tyoix19x2
01-16 16:26:32.924: D/LogTrack(27123): |1|14464800|1452932792|a0t6ix2taf44895d|||wifi||||com.comtop.mim|1.0||10||getClientId|0|674|appKey:23232985,pid:27123,tid:5129||
01-16 16:26:32.941: W/IMChannel(27086): clientID:a0t6ix2tyoix19x2, 将更新后的clientId上报服务器
01-16 16:26:33.242: D/WifiStateMachine(1045): handleMessage: E msg.what=151572
01-16 16:26:33.243: D/WifiStateMachine(1045): processMsg: ConnectedState
01-16 16:26:33.243: D/WifiStateMachine(1045): processMsg: L2ConnectedState
01-16 16:26:33.258: D/WifiStateMachine(1045): handleMessage: X
01-16 16:26:33.506: I/SFPerfTracer(260):      triggers: (rate: 20:778) (compose: 0:73) (post: 0:43) (render: 6:408) (0:32465 frames) (1:126389)
01-16 16:26:33.507: D/SFPerfTracer(260):        layers: (5:15) (DimLayer: 0:205)* (DimLayer: 0:3)* (FocusedStackFrame: 0:1921)* (StatusBar: 0:8800) (NavigationBar: 0:9925) (com.android.systemui.ImageWallpaper: 0:538)* (DimLayer: 0:2561)* (DimLayer: 0:336)* (com.comtop.mim/com.comtop.mim.ui.SplashActivity: 0:26)* (com.comtop.mim/com.comtop.mim.ui.LoginActivity: 0:56) (InputMethod: 1:30) (PopupWindow:420da0a0: 0:3)* (PopupWindow:420da0a0: 0:3)* (PopupWindow:420da0a0: 0:3)* (PopupWindow:420da0a0: 0:3) 
01-16 16:26:34.051: I/SFPerfTracer(260):      triggers: (rate: 0:6) (31534 sw vsyncs) (0 skipped) (4:210620 vsyncs) (6:414792)
01-16 16:26:34.081: I/SBar.NetworkController(1115): updateTelephonySignalStrength:  No service
01-16 16:26:34.245: D/WifiStateMachine(1045): handleMessage: E msg.what=151572
01-16 16:26:34.248: D/WifiStateMachine(1045): processMsg: ConnectedState
01-16 16:26:34.251: D/WifiStateMachine(1045): processMsg: L2ConnectedState
01-16 16:26:34.267: D/WifiStateMachine(1045): handleMessage: X
01-16 16:26:34.700: D/WifiStateMachine(1045): handleMessage: E msg.what=131155
01-16 16:26:34.703: D/WifiStateMachine(1045): processMsg: ConnectedState
01-16 16:26:34.707: D/WifiStateMachine(1045): processMsg: L2ConnectedState
01-16 16:26:34.712: D/WifiStateMachine(1045): handleMessage: X
01-16 16:26:35.081: I/SBar.NetworkController(1115): updateTelephonySignalStrength:  No service
01-16 16:26:35.246: D/WifiStateMachine(1045): handleMessage: E msg.what=151572
01-16 16:26:35.249: D/WifiStateMachine(1045): processMsg: ConnectedState
01-16 16:26:35.252: D/WifiStateMachine(1045): processMsg: L2ConnectedState
01-16 16:26:35.282: D/WifiStateMachine(1045): handleMessage: X
01-16 16:26:36.083: I/SBar.NetworkController(1115): updateTelephonySignalStrength:  No service
01-16 16:26:36.203: D/=SOGOU_LOG=(1233): notifyPackageName--notify packageName-- packageName = com.comtop.mim
01-16 16:26:36.247: D/WifiStateMachine(1045): handleMessage: E msg.what=151572
01-16 16:26:36.248: D/WifiStateMachine(1045): processMsg: ConnectedState
01-16 16:26:36.250: D/WifiStateMachine(1045): processMsg: L2ConnectedState
01-16 16:26:36.256: D/WifiStateMachine(1045): handleMessage: X
01-16 16:26:37.087: I/SBar.NetworkController(1115): updateTelephonySignalStrength:  No service
01-16 16:26:37.248: D/WifiStateMachine(1045): handleMessage: E msg.what=151572
01-16 16:26:37.249: D/WifiStateMachine(1045): processMsg: ConnectedState
01-16 16:26:37.251: D/WifiStateMachine(1045): processMsg: L2ConnectedState
01-16 16:26:37.270: D/WifiStateMachine(1045): handleMessage: X
01-16 16:26:37.713: D/WifiStateMachine(1045): handleMessage: E msg.what=131155
01-16 16:26:37.714: D/WifiStateMachine(1045): processMsg: ConnectedState
01-16 16:26:37.714: D/WifiStateMachine(1045): processMsg: L2ConnectedState
01-16 16:26:37.728: D/WifiStateMachine(1045): handleMessage: X
01-16 16:26:37.734: I/SFPerfTracer(260):      triggers: (rate: 0:6) (31534 sw vsyncs) (0 skipped) (0:210685 vsyncs) (2:414893)
01-16 16:26:38.106: I/SBar.NetworkController(1115): updateTelephonySignalStrength:  No service
01-16 16:26:38.249: D/WifiStateMachine(1045): handleMessage: E msg.what=151572
01-16 16:26:38.250: D/WifiStateMachine(1045): processMsg: ConnectedState
01-16 16:26:38.252: D/WifiStateMachine(1045): processMsg: L2ConnectedState
01-16 16:26:38.269: D/WifiStateMachine(1045): handleMessage: X
01-16 16:26:38.731: I/SFPerfTracer(260):      triggers: (rate: 20:785) (compose: 0:73) (post: 0:43) (render: 6:408) (12:32488 frames) (13:126499)
01-16 16:26:38.733: D/SFPerfTracer(260):        layers: (4:21) (DimLayer: 0:205)* (DimLayer: 0:3)* (FocusedStackFrame: 0:1921)* (StatusBar: 1:8804) (NavigationBar: 1:9926) (com.android.systemui.ImageWallpaper: 0:538)* (DimLayer: 0:2561)* (DimLayer: 0:336)* (com.comtop.mim/com.comtop.mim.ui.LoginActivity: 12:102) (InputMethod: 12:70) (PopupWindow:420da0a0: 0:3)* (PopupWindow:420da0a0: 0:3)* (PopupWindow:420da0a0: 0:3)* (PopupWindow:420da0a0: 0:3)* (PopupWindow:420da0a0: 0:3)* (PopupWindow:420da0a0: 0:3)* (PopupWindow:420da0a0: 0:3)* (PopupWindow:420da0a0: 0:3)* (PopupWindow:420da0a0: 0:3)* (PopupWindow:420da0a0: 0:3)* (PopupWindow:420da0a0: 0:3)* 
01-16 16:26:39.108: I/SBar.NetworkController(1115): updateTelephonySignalStrength:  No service
01-16 16:26:39.109: D/audio_hw_primary(264): out_set_parameters: enter: usecase(1: low-latency-playback) kvpairs: routing=2
01-16 16:26:39.114: V/msm8974_platform(264): platform_get_output_snd_device: enter: output devices(0x2)
01-16 16:26:39.114: V/msm8974_platform(264): platform_get_output_snd_device: exit: snd_device(speaker)
01-16 16:26:39.114: D/audio_hw_primary(264): select_devices: out_snd_device(2: speaker) in_snd_device(0: )
01-16 16:26:39.114: D/hardware_info(264): hw_info_append_hw_type : device_name = speaker
01-16 16:26:39.114: V/msm8974_platform(264): platform_send_audio_calibration: sending audio calibration for snd_device(2) acdb_id(14)
01-16 16:26:39.145: D/may(27086): locale: zh_CN
01-16 16:26:39.148: E/may(27086): =======>sessionId is null, from method: user.login
01-16 16:26:39.238: D/AbsHttpRequestResolver(27086): http://msp.szcomtop.com:6888/msp-cas/router?
01-16 16:26:39.248: I/System.out(27086): ---->sign=82B65C775B669BF66B53F716774B394995A9EC54
01-16 16:26:39.249: I/System.out(27086): ---->timestamp=1452932799143
01-16 16:26:39.253: D/WifiStateMachine(1045): handleMessage: E msg.what=151572
01-16 16:26:39.253: D/WifiStateMachine(1045): processMsg: ConnectedState
01-16 16:26:39.254: D/WifiStateMachine(1045): processMsg: L2ConnectedState
01-16 16:26:39.257: I/System.out(27086): ---->v=1.0
01-16 16:26:39.259: I/System.out(27086): ---->phone=13800000005
01-16 16:26:39.261: I/System.out(27086): ---->nonce=1452932799143
01-16 16:26:39.266: I/System.out(27086): ---->sessionId=
01-16 16:26:39.273: I/System.out(27086): ---->locale=zh_CN
01-16 16:26:39.277: I/System.out(27086): ---->method=user.login
01-16 16:26:39.279: D/WifiStateMachine(1045): handleMessage: X
01-16 16:26:39.281: I/System.out(27086): ---->format=json
01-16 16:26:39.286: I/System.out(27086): ---->password=e10adc3949ba59abbe56e057f20f883e
01-16 16:26:39.291: I/System.out(27086): ---->appKey=mim
01-16 16:26:39.298: D/may(27086): ---->&sign=82B65C775B669BF66B53F716774B394995A9EC54&timestamp=1452932799143&v=1.0&phone=13800000005&nonce=1452932799143&sessionId=&locale=zh_CN&method=user.login&format=json&password=e10adc3949ba59abbe56e057f20f883e&appKey=mim
01-16 16:26:39.368: D/=SOGOU_LOG=(1233): notifyPackageName--notify packageName-- packageName = com.comtop.mim
01-16 16:26:40.113: I/SBar.NetworkController(1115): updateTelephonySignalStrength:  No service
01-16 16:26:40.254: D/WifiStateMachine(1045): handleMessage: E msg.what=151572
01-16 16:26:40.255: D/WifiStateMachine(1045): processMsg: ConnectedState
01-16 16:26:40.260: D/WifiStateMachine(1045): processMsg: L2ConnectedState
01-16 16:26:40.285: D/WifiStateMachine(1045): handleMessage: X
01-16 16:26:40.538: I/SFPerfTracer(260):      triggers: (rate: 0:6) (31534 sw vsyncs) (0 skipped) (20:210762 vsyncs) (22:414998)
01-16 16:26:40.729: D/WifiStateMachine(1045): handleMessage: E msg.what=131155
01-16 16:26:40.730: D/WifiStateMachine(1045): processMsg: ConnectedState
01-16 16:26:40.732: D/WifiStateMachine(1045): processMsg: L2ConnectedState
01-16 16:26:40.748: D/WifiStateMachine(1045): handleMessage: X
01-16 16:26:41.255: D/WifiStateMachine(1045): handleMessage: E msg.what=151572
01-16 16:26:41.256: D/WifiStateMachine(1045): processMsg: ConnectedState
01-16 16:26:41.257: D/WifiStateMachine(1045): processMsg: L2ConnectedState
01-16 16:26:41.275: D/WifiStateMachine(1045): handleMessage: X
01-16 16:26:42.124: I/SBar.NetworkController(1115): updateTelephonySignalStrength:  No service
01-16 16:26:42.257: D/WifiStateMachine(1045): handleMessage: E msg.what=151572
01-16 16:26:42.261: D/WifiStateMachine(1045): processMsg: ConnectedState
01-16 16:26:42.270: D/WifiStateMachine(1045): processMsg: L2ConnectedState
01-16 16:26:42.288: D/WifiStateMachine(1045): handleMessage: X
01-16 16:26:42.317: D/hardware_info(264): hw_info_append_hw_type : device_name = speaker
01-16 16:26:42.521: I/dalvikvm(27086): Total arena pages for JIT: 11
01-16 16:26:42.524: I/dalvikvm(27086): Total arena pages for JIT: 12
01-16 16:26:42.541: I/dalvikvm(27086): Total arena pages for JIT: 13
01-16 16:26:42.553: I/dalvikvm(27086): Total arena pages for JIT: 14
01-16 16:26:43.141: I/SBar.NetworkController(1115): updateTelephonySignalStrength:  No service
01-16 16:26:43.258: D/WifiStateMachine(1045): handleMessage: E msg.what=151572
01-16 16:26:43.259: D/WifiStateMachine(1045): processMsg: ConnectedState
01-16 16:26:43.261: D/WifiStateMachine(1045): processMsg: L2ConnectedState
01-16 16:26:43.287: D/WifiStateMachine(1045): handleMessage: X
01-16 16:26:43.749: D/WifiStateMachine(1045): handleMessage: E msg.what=131155
01-16 16:26:43.753: D/WifiStateMachine(1045): processMsg: ConnectedState
01-16 16:26:43.758: D/WifiStateMachine(1045): processMsg: L2ConnectedState
01-16 16:26:43.776: D/WifiStateMachine(1045): handleMessage: X
01-16 16:26:44.143: I/SBar.NetworkController(1115): updateTelephonySignalStrength:  No service
01-16 16:26:44.258: D/WifiStateMachine(1045): handleMessage: E msg.what=151572
01-16 16:26:44.263: D/WifiStateMachine(1045): processMsg: ConnectedState
01-16 16:26:44.268: D/WifiStateMachine(1045): processMsg: L2ConnectedState
01-16 16:26:44.282: D/WifiStateMachine(1045): handleMessage: X
01-16 16:26:45.145: I/SBar.NetworkController(1115): updateTelephonySignalStrength:  No service
01-16 16:26:45.260: D/WifiStateMachine(1045): handleMessage: E msg.what=151572
01-16 16:26:45.263: D/WifiStateMachine(1045): processMsg: ConnectedState
01-16 16:26:45.268: D/WifiStateMachine(1045): processMsg: L2ConnectedState
01-16 16:26:45.288: D/WifiStateMachine(1045): handleMessage: X
01-16 16:26:45.314: I/SFPerfTracer(260):      triggers: (rate: 0:6) (31534 sw vsyncs) (0 skipped) (6:210814 vsyncs) (8:415106)
01-16 16:26:46.146: I/SBar.NetworkController(1115): updateTelephonySignalStrength:  No service
01-16 16:26:46.260: D/WifiStateMachine(1045): handleMessage: E msg.what=151572
01-16 16:26:46.261: D/WifiStateMachine(1045): processMsg: ConnectedState
01-16 16:26:46.263: D/WifiStateMachine(1045): processMsg: L2ConnectedState
01-16 16:26:46.279: D/WifiStateMachine(1045): handleMessage: X
01-16 16:26:46.354: W/dalvikvm(27086): VFY: unable to find class referenced in signature (Ljava/nio/file/Path;)
01-16 16:26:46.358: W/dalvikvm(27086): VFY: unable to find class referenced in signature ([Ljava/nio/file/OpenOption;)
01-16 16:26:46.396: I/dalvikvm(27086): Could not find method java.nio.file.Files.newOutputStream, referenced from method okio.Okio.sink
01-16 16:26:46.398: W/dalvikvm(27086): VFY: unable to resolve static method 55387: Ljava/nio/file/Files;.newOutputStream (Ljava/nio/file/Path;[Ljava/nio/file/OpenOption;)Ljava/io/OutputStream;
01-16 16:26:46.418: D/dalvikvm(27086): VFY: replacing opcode 0x71 at 0x000a
01-16 16:26:46.421: W/dalvikvm(27086): VFY: unable to find class referenced in signature (Ljava/nio/file/Path;)
01-16 16:26:46.424: W/dalvikvm(27086): VFY: unable to find class referenced in signature ([Ljava/nio/file/OpenOption;)
01-16 16:26:46.427: I/dalvikvm(27086): Could not find method java.nio.file.Files.newInputStream, referenced from method okio.Okio.source
01-16 16:26:46.429: W/dalvikvm(27086): VFY: unable to resolve static method 55386: Ljava/nio/file/Files;.newInputStream (Ljava/nio/file/Path;[Ljava/nio/file/OpenOption;)Ljava/io/InputStream;
01-16 16:26:46.430: D/dalvikvm(27086): VFY: replacing opcode 0x71 at 0x000a
01-16 16:26:46.489: I/HttpRequestResolveImpl(27086): result parser is:com.comtop.mim.parser.AppDefaultJSONParser
01-16 16:26:46.490: D/HttpRequestResolveImpl(27086): result class is: com.comtop.mim.result.LoginResult
01-16 16:26:46.494: D/AppCommJSONParser(27086): ---->result: LoginResult, {"errorToken":"@@$-ERROR_TOKEN$-@@","code":"9","message":"业务逻辑出错","solution":"请了解服务调用的前置条件，检查是否满足业务逻辑","subErrors":[{"code":"isv.user-login-service-error:101","message":"密码不正确"}]}
01-16 16:26:46.495: D/HttpRequestResolveImpl(27086): handle send message.
01-16 16:26:46.497: D/AsyncTaskLoader(27086): callback: com.comtop.cmf.framework.net.impl.AsyncTaskCallbackProxy@4227f6c0, onPost result: com.comtop.mim.result.LoginResult
01-16 16:26:46.548: D/=SOGOU_LOG=(1233): notifyPackageName--notify packageName-- packageName = com.comtop.mim
01-16 16:26:46.776: D/WifiStateMachine(1045): handleMessage: E msg.what=131155
01-16 16:26:46.777: D/WifiStateMachine(1045): processMsg: ConnectedState
01-16 16:26:46.777: D/WifiStateMachine(1045): processMsg: L2ConnectedState
01-16 16:26:46.792: D/WifiStateMachine(1045): handleMessage: X
01-16 16:26:47.147: I/SBar.NetworkController(1115): updateTelephonySignalStrength:  No service
01-16 16:26:47.262: D/WifiStateMachine(1045): handleMessage: E msg.what=151572
01-16 16:26:47.265: D/WifiStateMachine(1045): processMsg: ConnectedState
01-16 16:26:47.267: D/WifiStateMachine(1045): processMsg: L2ConnectedState
01-16 16:26:47.287: D/WifiStateMachine(1045): handleMessage: X
01-16 16:26:47.561: I/SFPerfTracer(260):      triggers: (rate: 20:788) (compose: 0:73) (post: 0:43) (render: 6:408) (20:32532 frames) (21:126607)
01-16 16:26:47.563: D/SFPerfTracer(260):        layers: (4:12) (DimLayer: 0:205)* (DimLayer: 0:3)* (FocusedStackFrame: 0:1923)* (StatusBar: 0:8804) (NavigationBar: 0:9926) (com.android.systemui.ImageWallpaper: 0:538)* (DimLayer: 0:2589)* (DimLayer: 0:336)* (com.comtop.mim/com.comtop.mim.ui.LoginActivity: 1:112) (InputMethod: 0:71)* (com.comtop.mim/com.comtop.mim.ui.LoginActivity: 0:76)* (Toast: 21:35) 
01-16 16:26:48.150: I/SBar.NetworkController(1115): updateTelephonySignalStrength:  No service
01-16 16:26:48.263: D/WifiStateMachine(1045): handleMessage: E msg.what=151572
01-16 16:26:48.267: D/WifiStateMachine(1045): processMsg: ConnectedState
01-16 16:26:48.273: D/WifiStateMachine(1045): processMsg: L2ConnectedState
01-16 16:26:48.290: D/WifiStateMachine(1045): handleMessage: X
01-16 16:26:48.479: V/AlarmManager(1045): sending alarm Alarm{428f9e28 type 2 com.google.android.gms}
01-16 16:26:49.143: D/dalvikvm(27086): GC_FOR_ALLOC freed 1616K, 12% free 29429K/33168K, paused 22ms, total 22ms
01-16 16:26:49.163: I/SFPerfTracer(260):      triggers: (rate: 0:6) (31534 sw vsyncs) (0 skipped) (33:210923 vsyncs) (35:415239)
01-16 16:26:49.167: I/SBar.NetworkController(1115): updateTelephonySignalStrength:  No service
01-16 16:26:49.265: D/WifiStateMachine(1045): handleMessage: E msg.what=151572
01-16 16:26:49.265: D/WifiStateMachine(1045): processMsg: ConnectedState
01-16 16:26:49.266: D/WifiStateMachine(1045): processMsg: L2ConnectedState
01-16 16:26:49.274: D/WifiStateMachine(1045): handleMessage: X
01-16 16:26:49.792: D/WifiStateMachine(1045): handleMessage: E msg.what=131155
01-16 16:26:49.796: D/WifiStateMachine(1045): processMsg: ConnectedState
01-16 16:26:49.801: D/WifiStateMachine(1045): processMsg: L2ConnectedState
01-16 16:26:49.811: D/WifiStateMachine(1045): handleMessage: X
01-16 16:26:50.166: I/SBar.NetworkController(1115): updateTelephonySignalStrength:  No service
01-16 16:26:50.265: D/WifiStateMachine(1045): handleMessage: E msg.what=151572
01-16 16:26:50.266: D/WifiStateMachine(1045): processMsg: ConnectedState
01-16 16:26:50.268: D/WifiStateMachine(1045): processMsg: L2ConnectedState
01-16 16:26:50.285: D/WifiStateMachine(1045): handleMessage: X
01-16 16:26:51.266: D/WifiStateMachine(1045): handleMessage: E msg.what=151572
01-16 16:26:51.268: D/WifiStateMachine(1045): processMsg: ConnectedState
01-16 16:26:51.271: D/WifiStateMachine(1045): processMsg: L2ConnectedState
01-16 16:26:51.288: D/WifiStateMachine(1045): handleMessage: X
01-16 16:26:52.268: D/may(27086): locale: zh_CN
01-16 16:26:52.271: D/WifiStateMachine(1045): handleMessage: E msg.what=151572
01-16 16:26:52.274: D/WifiStateMachine(1045): processMsg: ConnectedState
01-16 16:26:52.289: D/WifiStateMachine(1045): processMsg: L2ConnectedState
