01-25 09:51:48.668: D/HwOUC(2463): HwOucConfig -> load presets, tag=string, value=phone_app_report_uri, text=http://query.hicloud.com:80/sp_ard_app_common/v2/UpdateReport.action
01-25 09:51:48.668: D/HwOUC(2463): HwOucConfig -> load presets, tag=string, value=pad_firmware_uri, text=http://query.hicloud.com:80/hid_and_common/v2/Check.action?latest=true
01-25 09:51:48.668: D/HwOUC(2463): HwOucConfig -> load presets, tag=string, value=pad_firmware_report_uri, text=http://query.hicloud.com:80/hid_and_common/v2/UpdateReport.action
01-25 09:51:48.676: D/HwOUC(2463): HwOucConfig -> load presets, tag=string, value=pad_app_conditions_uri, text=http://query.hicloud.com:80/hid_and_app_common/v2/GetCondition.action
01-25 09:51:48.676: D/HwOUC(2463): HwOucConfig -> load presets, tag=string, value=pad_app_uri, text=http://query.hicloud.com:80/hid_and_app_common/v2/CheckEx.action
01-25 09:51:48.676: D/HwOUC(2463): HwOucConfig -> load presets, tag=string, value=pad_app_report_uri, text=http://query.hicloud.com:80/hid_and_app_common/v2/UpdateReport.action
01-25 09:51:48.676: D/HwOUC(2463): HwOucConfig -> load presets, tag=int, value=socket_timeout, text=20000
01-25 09:51:48.676: D/HwOUC(2463): HwOucConfig -> load presets, tag=int, value=connection_timeout, text=20000
01-25 09:51:48.676: D/HwOUC(2463): HwOucConfig -> load presets, tag=int, value=app_download_limit_count, text=3
01-25 09:51:48.676: D/HwOUC(2463): HwOucConfig -> load presets, tag=bool, value=auto_check_switch_on, text=true
01-25 09:51:48.676: D/HwOUC(2463): HwOucConfig -> load presets, tag=bool, value=auto_check_setting_UI_show, text=true
01-25 09:51:48.676: D/HwOUC(2463): HwOucConfig -> load presets, tag=string, value=free_download_proxy_host, text=null
01-25 09:51:48.676: D/HwOUC(2463): HwOucConfig -> load presets, tag=string, value=free_download_proxy_port, text=null
01-25 09:51:48.676: D/HwOUC(2463): HwOucConfig -> load presets, tag=string, value=hota_internal_command, text=--update_package=/HWUserData
01-25 09:51:48.676: D/HwOUC(2463): HwOucConfig -> load presets, tag=string, value=hota_external_command, text=--update_package=/sdcard
01-25 09:51:48.676: D/HwOUC(2463): HwOucConfig -> load presets, tag=bool, value=test_version, text=false
01-25 09:51:48.676: D/HwOUC(2463): HwOucConfig -> load presets, tag=int, value=forcedUpdate_install_interval_remind, text=30
01-25 09:51:48.676: D/HwOUC(2463): HwOucConfig -> load presets, tag=int, value=autoPollingCycle, text=2
01-25 09:51:48.676: D/HwOUC(2463): HwOucConfig -> load presets, tag=string, value=user_agent, text=null
01-25 09:51:48.676: D/HwOUC(2463): HwOucConfig -> load presets, tag=string, value=roaming_flag, text=false
01-25 09:51:48.676: D/HwOUC(2463): HwOucConfig -> load presets, tag=bool, value=changelog_show_flag, text=true
01-25 09:51:48.676: D/HwOUC(2463): HwOucConfig -> load presets, tag=bool, value=beta_and_stable_version_flag, text=true
01-25 09:51:48.676: D/HwOUC(2463): HwOucConfig -> load presets, tag=int, value=download_limit_size, text=20
01-25 09:51:48.676: D/HwOUC(2463): HwOucConfig -> load presets, tag=bool, value=fw_cancelbtn_show_flag, text=false
01-25 09:51:48.684: D/HwOUC(2463): HwOucUtility -> enter detectStorage!!!
01-25 09:51:48.684: D/HwOUC(2463): HwOucUtility -> detectPadAndPhoneI, path=/storage/sdcard0,isEmulated=true
01-25 09:51:48.684: D/HwOUC(2463): HwOucUtility -> detectPadAndPhoneI, mInternalSdcardPath=/storage/sdcard0
01-25 09:51:48.684: D/HwOUC(2463): HwOucUtility -> detectPadAndPhoneI, path=/storage/sdcard1,isEmulated=false
01-25 09:51:48.684: D/HwOUC(2463): HwOucUtility -> detectPadAndPhoneI, mExternalSdcardPath=/storage/sdcard1
01-25 09:51:48.684: D/HwOUC(2463): HwOucUtility -> enter detectURL!!!
01-25 09:51:48.684: D/HwOUC(2463): HwOucUtility -> productBoard = U9500,productName = U9500
01-25 09:51:48.684: D/HwOUC(2463): CheckPhoneEncrypted -> getMountService service != null
01-25 09:51:48.684: D/HwOUC(2463): HwOucUtility -> isS7_Tablet, productModel = U9500
01-25 09:51:48.684: D/HwOUC(2463): HwOucUtility -> method invoke failed: com.huawei.pad.Product
01-25 09:51:48.684: D/HwOUC(2463): HwOucUtility -> isTablet() = false
01-25 09:51:48.684: D/VoldCmdListener(132): cryptfs cryptocomplete
01-25 09:51:48.684: E/Cryptfs(132): not running with encryption, aborting
01-25 09:51:48.692: D/HwOUC(2463): HwOucUtility -> isPad() = false
01-25 09:51:48.692: D/HwOUC(2463): HwOucUtility -> isSingleBox()--productName = U9500
01-25 09:51:48.692: D/HwOUC(2463): HwOucUtility -> choosePhoneURL!!!
01-25 09:51:48.692: D/HwOUC(2463): CheckPhoneEncrypted -> NO ENCRYPTION,HwOucConfig.mIsEncrypted = false 
01-25 09:51:48.692: V/DownloadManager(2463): DownloadReceiver get action:android.net.conn.CONNECTIVITY_CHANGE
01-25 09:51:48.692: D/HwOUC(2463): DownloadReceiver -> Network changed
01-25 09:51:48.692: D/HwOUC(2463): DownloadReceiver -> Network not available
01-25 09:51:48.692: V/HwAppsUpdate_NetworkUtil(2251): network is available
01-25 09:51:48.692: E/HwAppsUpdate_AutoCheckReceiver(2251): Intent.CONNECTIVITY_ACTION nextCheckNewVersionTime:Tue Jan 26 09:59:42 +0800 2016 
01-25 09:51:48.692: I/Process(2251): Sending signal. PID: 2251 SIG: 9
01-25 09:51:48.699: I/ActivityManager(375): Process com.huawei.android.hwouc:appsupdate (pid 2251) has died.
01-25 09:51:48.699: D/ConnectionChangedBroadcastReceiver[line|25][7.0.18](10728): 1;onReceive
01-25 09:51:48.699: D/ConnectionChangedBroadcastReceiver[line|38][7.0.18](10728): 1;switcher of phonefinder is off 
01-25 09:51:48.699: I/BroadcastQueue(375): There are ordered broadcasts stay in queue, should schedule next Broadcasts.
01-25 09:51:48.707: I/PushLogSC2508(30840): [main-1]action is android.net.conn.CONNECTIVITY_CHANGE(remotecontrol/null:-1)
01-25 09:51:48.707: I/PushLogSC2508(30840): [main-1]run PushProxy.handleEvent (remotecontrol/null:-1)
01-25 09:51:48.707: I/PushLogSC2508(30840): [main-1]run invokePluginReport(remotecontrol/null:-1)
01-25 09:51:48.707: I/PushLogSC2508(30840): [main-1]no cycle task need to run(remotecontrol/null:-1)
01-25 09:51:48.731: D/Event(2159): No subscribers registered for event class com.sogou.androidtool.event.NetChangeEvent
01-25 09:51:48.731: D/Event(2159): No subscribers registered for event class cev
01-25 09:51:48.731: D/PingBackDataCenter(2159): reportItemShown
01-25 09:51:48.738: D/DownloadManagerInternal(2159): Received broadcast intent for android.net.conn.CONNECTIVITY_CHANGE
01-25 09:51:48.738: D/DownloadService(2159): Service onCreatecom.sogou.androidtool.downloads.DownloadService@41e8b4e8
01-25 09:51:48.746: D/DownloadService(2159): UpdateThread 
01-25 09:51:48.746: D/DownloadService(2159): mDownloads.count0
01-25 09:51:48.746: I/Process(2135): Sending signal. PID: 2135 SIG: 3
01-25 09:51:48.746: I/dalvikvm(2135): threadid=3: reacting to signal 3
01-25 09:51:48.754: D/DownloadService(2159): cursor.count0
01-25 09:51:48.762: I/dalvikvm(2135): Wrote stack traces to '/data/anr/traces.txt'
01-25 09:51:48.777: D/=SOGOU_LOG=(27168): onReceive--Wake Up--onReceive: --- action: android.net.conn.CONNECTIVITY_CHANGE
01-25 09:51:48.793: D/=SOGOU_LOG=(27168): onStartCommand--SemobWakeUpService----SemobWakeUpService---
01-25 09:51:48.817: W/ActivityManager(375): Unable to start service Intent { act=com.sogou.pushservice.action.METHOD cmp=/com.sogou.udp.push.PushService (has extras) }: not found
01-25 09:51:48.926: D/MSF.C.NetConnInfoCenter(25982): currentAPN:3gnet. received networkInfo: CONNECTED :NetworkInfo: type: mobile[HSPA], state: CONNECTED/CONNECTED, reason: dataEnabled, extra: 3gnet, roaming: false, failover: false, isAvailable: true. extra NetworkInfo: NetworkInfo: type: WIFI[], state: DISCONNECTED/DISCONNECTED, reason: (unspecified), extra: (none), roaming: false, failover: false, isAvailable: true
01-25 09:51:48.957: E/dalvikvm(1134): GC_CONCURRENT freed 1805K, 36% free 15260K/23619K, paused 9ms+6ms, total 61ms
01-25 09:51:48.981: D/AccService(30782): restorApnIfNeed
01-25 09:51:48.981: D/AccService(30782): restorApnIfNeed, apn: 3gnet
01-25 09:51:48.981: D/AccService(30782): saved: 
01-25 09:51:48.981: D/AccService(30782): ConnectionChangeBroadcastReceiver, forward broadcast to service
01-25 09:51:48.988: I/PushLogSC2508(2082): [main-1]action is android.net.conn.CONNECTIVITY_CHANGE(ds/null:-1)
01-25 09:51:48.988: I/PushLogSC2508(2082): [main-1]run PushProxy.handleEvent (ds/null:-1)
01-25 09:51:48.988: I/PushLogSC2508(2082): [main-1]run invokePluginReport(ds/null:-1)
01-25 09:51:48.988: E/PushLogSC2508(2082): [main-1]java.lang.NoSuchMethodException: handleEvent [class android.content.Context, class android.content.Intent](ds/null:-1)
01-25 09:51:48.988: E/PushLogSC2508(2082): java.lang.NoSuchMethodException: handleEvent [class android.content.Context, class android.content.Intent]
01-25 09:51:48.988: E/PushLogSC2508(2082): 	at java.lang.Class.getConstructorOrMethod(Class.java:460)
01-25 09:51:48.988: E/PushLogSC2508(2082): 	at java.lang.Class.getMethod(Class.java:915)
01-25 09:51:48.988: E/PushLogSC2508(2082): 	at com.huawei.android.pushagent.PushEventReceiver.a(Unknown Source)
01-25 09:51:48.988: E/PushLogSC2508(2082): 	at com.huawei.android.pushagent.PushEventReceiver.onReceive(Unknown Source)
01-25 09:51:48.988: E/PushLogSC2508(2082): 	at android.app.ActivityThread.handleReceiver(ActivityThread.java:2239)
01-25 09:51:48.988: E/PushLogSC2508(2082): 	at android.app.ActivityThread.access$1500(ActivityThread.java:134)
01-25 09:51:48.988: E/PushLogSC2508(2082): 	at android.app.ActivityThread$H.handleMessage(ActivityThread.java:1278)
01-25 09:51:48.988: E/PushLogSC2508(2082): 	at android.os.Handler.dispatchMessage(Handler.java:99)
01-25 09:51:48.988: E/PushLogSC2508(2082): 	at android.os.Looper.loop(Looper.java:137)
01-25 09:51:48.988: E/PushLogSC2508(2082): 	at android.app.ActivityThread.main(ActivityThread.java:4767)
01-25 09:51:48.988: E/PushLogSC2508(2082): 	at java.lang.reflect.Method.invokeNative(Native Method)
01-25 09:51:48.988: E/PushLogSC2508(2082): 	at java.lang.reflect.Method.invoke(Method.java:511)
01-25 09:51:48.988: E/PushLogSC2508(2082): 	at com.android.internal.os.ZygoteInit$MethodAndArgsCaller.run(ZygoteInit.java:800)
01-25 09:51:48.988: E/PushLogSC2508(2082): 	at com.android.internal.os.ZygoteInit.main(ZygoteInit.java:567)
01-25 09:51:48.988: E/PushLogSC2508(2082): 	at dalvik.system.NativeStart.main(Native Method)
01-25 09:51:49.004: I/ConnectionChangeReceiver(1731): ConnectionChangeReceiver onReceive:android.net.conn.CONNECTIVITY_CHANGE
01-25 09:51:49.004: I/ConnectionChangeReceiver(1731): end ConnectionChangeReceiver onReceive:android.net.conn.CONNECTIVITY_CHANGE
01-25 09:51:49.004: E/HoTalkService(1731): 3gnet
01-25 09:51:49.012: I/PushLogSC2508(7572): [main-1]action is android.net.conn.CONNECTIVITY_CHANGE(message/null:-1)
01-25 09:51:49.012: I/PushLogSC2508(7572): [main-1]run PushProxy.handleEvent (message/null:-1)
01-25 09:51:49.012: I/PushLogSC2508(7572): [main-1]run invokePluginReport(message/null:-1)
01-25 09:51:49.012: I/PushLogSC2508(7572): [main-1]no cycle task need to run(message/null:-1)
01-25 09:51:49.020: V/DownloadManager(2463): DownloadReceiver get action:android.net.conn.CONNECTIVITY_CHANGE
01-25 09:51:49.020: D/HwOUC(2463): DownloadReceiver -> Network changed
01-25 09:51:49.020: D/HwOUC(2463): DownloadReceiver -> Network available
01-25 09:51:49.020: D/HwOUC(2463): KillMyselfProcessCheckThread -> start a thread after rebooting
01-25 09:51:49.020: D/HwOUC(2463): KillMyselfProcessCheckThread -> ro.build.display.id = U9500-1V100R001CHNC00B707
01-25 09:51:49.020: D/HwOUC(2463): KillMyselfProcessCheckThread -> myApkVersionCode=6117
01-25 09:51:49.035: I/PushLogSC2508(7572): [main-1]PushService onStartCommand(message/null:-1)
01-25 09:51:49.043: I/PushLogSC2508(7572): [ReceiverDispatcher-1871]lastnetWorkType:0 curNetWorkType:0(message/null:-1)
01-25 09:51:49.043: I/ActivityManager(375): Start proc com.huawei.android.hwouc:appsupdate for broadcast com.huawei.android.hwouc/com.huawei.appsupdate.check.AutoCheckReceiver: pid=2489 uid=10043 gids={2001, 3003, 1015, 1023, 1028}
01-25 09:51:49.059: W/System.err(2463): Invalid int: ""
01-25 09:51:49.067: E/Trace(2489): error opening trace file: No such file or directory (2)
01-25 09:51:49.074: D/HwOUC(2463): HwOucUtility -> isExternalSdcardExist,state=removed
01-25 09:51:49.074: D/HwOUC(2463): HwOucUtility -> isExternalSdcardExist, no External SDCard
01-25 09:51:49.074: D/HwOUC(2463): KillMyselfProcessCheckThread -> no sd card
01-25 09:51:49.074: D/HwOUC(2463): KillMyselfProcessCheckThread -> DownloadServiceThread start!!!
01-25 09:51:49.074: D/HwOUC(2463): KillMyselfProcessCheckThread -> downloadMode--------->-1
01-25 09:51:49.082: W/dalvikvm(2489): Refusing to reopen boot DEX '/system/framework/hwframework.jar'
01-25 09:51:49.098: D/HwOUC(2489): HwOucConfig -> load default presets...
01-25 09:51:49.098: D/HwOUC(2489): HwOucConfig -> load presets, tag=string, value=phone_firmware_uri, text=http://query.hicloud.com:80/sp_ard_common/v2/Check.action?latest=true
01-25 09:51:49.098: D/HwOUC(2489): HwOucConfig -> load presets, tag=string, value=phone_firmware_report_uri, text=http://query.hicloud.com:80/sp_ard_common/v2/UpdateReport.action
01-25 09:51:49.098: D/HwOUC(2489): HwOucConfig -> load presets, tag=string, value=phone_app_conditions_uri, text=http://query.hicloud.com:80/sp_ard_app_common/v2/GetCondition.action
01-25 09:51:49.098: D/HwOUC(2489): HwOucConfig -> load presets, tag=string, value=phone_app_uri, text=http://query.hicloud.com:80/sp_ard_app_common/v2/CheckEx.action
01-25 09:51:49.098: D/HwOUC(2489): HwOucConfig -> load presets, tag=string, value=phone_app_report_uri, text=http://query.hicloud.com:80/sp_ard_app_common/v2/UpdateReport.action
01-25 09:51:49.098: D/HwOUC(2489): HwOucConfig -> load presets, tag=string, value=pad_firmware_uri, text=http://query.hicloud.com:80/hid_and_common/v2/Check.action?latest=true
01-25 09:51:49.098: D/HwOUC(2489): HwOucConfig -> load presets, tag=string, value=pad_firmware_report_uri, text=http://query.hicloud.com:80/hid_and_common/v2/UpdateReport.action
01-25 09:51:49.098: D/HwOUC(2489): HwOucConfig -> load presets, tag=string, value=pad_app_conditions_uri, text=http://query.hicloud.com:80/hid_and_app_common/v2/GetCondition.action
01-25 09:51:49.098: D/HwOUC(2489): HwOucConfig -> load presets, tag=string, value=pad_app_uri, text=http://query.hicloud.com:80/hid_and_app_common/v2/CheckEx.action
01-25 09:51:49.098: D/HwOUC(2489): HwOucConfig -> load presets, tag=string, value=pad_app_report_uri, text=http://query.hicloud.com:80/hid_and_app_common/v2/UpdateReport.action
01-25 09:51:49.098: D/HwOUC(2489): HwOucConfig -> load presets, tag=string, value=singlebox_firmware_uri, text=http://query.hicloud.com:80/singlebox_and_common/v2/check.action?latest=true
01-25 09:51:49.098: D/HwOUC(2489): HwOucConfig -> load presets, tag=string, value=singlebox_firmware_report_uri, text=http://query.hicloud.com:80/singlebox_and_common/v2/UpdateReport.action
01-25 09:51:49.098: D/HwOUC(2489): HwOucConfig -> load presets, tag=string, value=singlebox_app_conditions_uri, text=http://query.hicloud.com:80/singlebox_and_app_common/v2/GetCondition.action
01-25 09:51:49.106: D/HwOUC(2489): HwOucConfig -> load presets, tag=string, value=singlebox_app_uri, text=http://query.hicloud.com:80/singlebox_and_app_common/v2/checkEx.action
01-25 09:51:49.106: D/HwOUC(2489): HwOucConfig -> load presets, tag=string, value=singlebox_app_report_uri, text=http://query.hicloud.com:80/singlebox_and_app_common/v2/UpdateReport.action
01-25 09:51:49.106: D/HwOUC(2489): HwOucConfig -> load presets, tag=int, value=socket_timeout, text=20000
01-25 09:51:49.106: D/HwOUC(2489): HwOucConfig -> load presets, tag=int, value=connection_timeout, text=20000
01-25 09:51:49.106: D/HwOUC(2489): HwOucConfig -> load presets, tag=int, value=app_download_limit_count, text=3
01-25 09:51:49.106: D/HwOUC(2489): HwOucConfig -> load presets, tag=bool, value=auto_check_switch_on, text=true
01-25 09:51:49.106: D/HwOUC(2489): HwOucConfig -> load presets, tag=bool, value=auto_check_setting_UI_show, text=true
01-25 09:51:49.106: D/HwOUC(2489): HwOucConfig -> load presets, tag=string, value=free_download_proxy_host, text=null
01-25 09:51:49.106: D/HwOUC(2489): HwOucConfig -> load presets, tag=string, value=free_download_proxy_port, text=null
01-25 09:51:49.106: D/HwOUC(2489): HwOucConfig -> load presets, tag=string, value=hota_internal_command, text=--update_package=/HWUserData
01-25 09:51:49.106: D/HwOUC(2489): HwOucConfig -> load presets, tag=string, value=hota_external_command, text=--update_package=/sdcard
01-25 09:51:49.106: D/HwOUC(2489): HwOucConfig -> load presets, tag=bool, value=test_version, text=false
01-25 09:51:49.106: D/HwOUC(2489): HwOucConfig -> load presets, tag=int, value=install_interval_remind, text=30
01-25 09:51:49.106: D/HwOUC(2489): HwOucConfig -> load presets, tag=int, value=autoPollingCycle, text=7
01-25 09:51:49.106: D/HwOUC(2489): HwOucConfig -> load presets, tag=string, value=user_agent, text=null
01-25 09:51:49.106: D/HwOUC(2489): HwOucConfig -> load presets, tag=string, value=roaming_flag, text=false
01-25 09:51:49.106: D/HwOUC(2489): HwOucConfig -> load presets, tag=bool, value=changelog_show_flag, text=true
01-25 09:51:49.106: D/HwOUC(2489): HwOucConfig -> load presets, tag=bool, value=beta_and_stable_version_flag, text=false
01-25 09:51:49.106: D/HwOUC(2489): HwOucConfig -> load presets, tag=int, value=download_limit_size, text=40
01-25 09:51:49.106: D/HwOUC(2489): HwOucConfig -> load presets, tag=bool, value=fw_cancelbtn_show_flag, text=false
01-25 09:51:49.106: D/HwOUC(2489): HwOucConfig -> load presets, tag=bool, value=push_msg_on, text=true
01-25 09:51:49.106: D/HwOUC(2489): HwOucConfig -> load presets, tag=bool, value=support_sdcard_update, text=true
01-25 09:51:49.106: D/HwOUC(2489): HwOucConfig -> load presets, tag=string, value=app_nick_name, text=HuaweiDeItms
01-25 09:51:49.106: D/HwOUC(2489): HwOucConfig -> load presets, tag=bool, value=support_auto_blacklist, text=false
01-25 09:51:49.106: D/HwOUC(2489): HwOucConfig -> load presets, tag=bool, value=support_auto_download, text=true
01-25 09:51:49.106: D/HwOUC(2489): HwOucConfig -> load presets, tag=bool, value=is_D2, text=false
01-25 09:51:49.106: D/HwOUC(2489): HwOucConfig -> load presets, tag=bool, value=is_hap_common, text=true
01-25 09:51:49.106: D/HwOUC(2489): HwOucConfig -> load presets, tag=bool, value=is_China_telecom_phone, text=false
01-25 09:51:49.106: D/HwOUC(2489): HwOucConfig -> load presets, tag=bool, value=is_show_emui_entrance, text=false
01-25 09:51:49.106: D/HwOUC(2489): HwOucConfig -> load presets, tag=bool, value=is_forced_wifi, text=false
01-25 09:51:49.106: D/HwOUC(2489): HwOucConfig -> load presets, tag=bool, value=support_usb_upgrade, text=false
01-25 09:51:49.106: D/HwOUC(2489): HwOucConfig -> load presets, tag=int, value=offset_storage, text=2
01-25 09:51:49.106: D/HwOUC(2489): HwOucConfig -> load custom presets...
01-25 09:51:49.113: D/HwOUC(2489): HwOucConfig -> load presets, tag=string, value=phone_firmware_uri, text=http://query.hicloud.com:80/sp_ard_common/v2/Check.action?latest=true
01-25 09:51:49.113: D/HwOUC(2489): HwOucConfig -> load presets, tag=string, value=phone_firmware_report_uri, text=http://query.hicloud.com:80/sp_ard_common/v2/UpdateReport.action
01-25 09:51:49.113: D/HwOUC(2489): HwOucConfig -> load presets, tag=string, value=phone_app_conditions_uri, text=http://query.hicloud.com:80/sp_ard_app_common/v2/GetCondition.action
01-25 09:51:49.113: D/HwOUC(2489): HwOucConfig -> load presets, tag=string, value=phone_app_uri, text=http://query.hicloud.com:80/sp_ard_app_common/v2/CheckEx.action
01-25 09:51:49.113: D/HwOUC(2489): HwOucConfig -> load presets, tag=string, value=phone_app_report_uri, text=http://query.hicloud.com:80/sp_ard_app_common/v2/UpdateReport.action
01-25 09:51:49.113: D/HwOUC(2489): HwOucConfig -> load presets, tag=string, value=pad_firmware_uri, text=http://query.hicloud.com:80/hid_and_common/v2/Check.action?latest=true
01-25 09:51:49.113: D/HwOUC(2489): HwOucConfig -> load presets, tag=string, value=pad_firmware_report_uri, text=http://query.hicloud.com:80/hid_and_common/v2/UpdateReport.action
01-25 09:51:49.113: D/HwOUC(2489): HwOucConfig -> load presets, tag=string, value=pad_app_conditions_uri, text=http://query.hicloud.com:80/hid_and_app_common/v2/GetCondition.action
01-25 09:51:49.113: D/HwOUC(2489): HwOucConfig -> load presets, tag=string, value=pad_app_uri, text=http://query.hicloud.com:80/hid_and_app_common/v2/CheckEx.action
01-25 09:51:49.113: D/HwOUC(2489): HwOucConfig -> load presets, tag=string, value=pad_app_report_uri, text=http://query.hicloud.com:80/hid_and_app_common/v2/UpdateReport.action
01-25 09:51:49.113: D/HwOUC(2489): HwOucConfig -> load presets, tag=int, value=socket_timeout, text=20000
01-25 09:51:49.113: D/HwOUC(2489): HwOucConfig -> load presets, tag=int, value=connection_timeout, text=20000
01-25 09:51:49.113: D/HwOUC(2489): HwOucConfig -> load presets, tag=int, value=app_download_limit_count, text=3
01-25 09:51:49.113: D/HwOUC(2489): HwOucConfig -> load presets, tag=bool, value=auto_check_switch_on, text=true
01-25 09:51:49.113: D/HwOUC(2489): HwOucConfig -> load presets, tag=bool, value=auto_check_setting_UI_show, text=true
01-25 09:51:49.113: D/HwOUC(2489): HwOucConfig -> load presets, tag=string, value=free_download_proxy_host, text=null
01-25 09:51:49.113: D/HwOUC(2489): HwOucConfig -> load presets, tag=string, value=free_download_proxy_port, text=null
01-25 09:51:49.113: D/HwOUC(2489): HwOucConfig -> load presets, tag=string, value=hota_internal_command, text=--update_package=/HWUserData
01-25 09:51:49.113: D/HwOUC(2489): HwOucConfig -> load presets, tag=string, value=hota_external_command, text=--update_package=/sdcard
01-25 09:51:49.113: D/HwOUC(2489): HwOucConfig -> load presets, tag=bool, value=test_version, text=false
01-25 09:51:49.113: D/HwOUC(2489): HwOucConfig -> load presets, tag=int, value=forcedUpdate_install_interval_remind, text=30
01-25 09:51:49.113: D/HwOUC(2489): HwOucConfig -> load presets, tag=int, value=autoPollingCycle, text=2
01-25 09:51:49.113: D/HwOUC(2489): HwOucConfig -> load presets, tag=string, value=user_agent, text=null
01-25 09:51:49.121: D/HwOUC(2489): HwOucConfig -> load presets, tag=string, value=roaming_flag, text=false
01-25 09:51:49.121: D/HwOUC(2489): HwOucConfig -> load presets, tag=bool, value=changelog_show_flag, text=true
01-25 09:51:49.121: D/HwOUC(2489): HwOucConfig -> load presets, tag=bool, value=beta_and_stable_version_flag, text=true
01-25 09:51:49.121: D/HwOUC(2489): HwOucConfig -> load presets, tag=int, value=download_limit_size, text=20
01-25 09:51:49.121: D/HwOUC(2489): HwOucConfig -> load presets, tag=bool, value=fw_cancelbtn_show_flag, text=false
01-25 09:51:49.121: D/=SOGOU_LOG=(27168): a--ConfigManager--request url ==  http://cfg.mse.sogou.com/popup/hwcfg.php
01-25 09:51:49.129: D/HwOUC(2489): HwOucUtility -> enter detectStorage!!!
01-25 09:51:49.129: D/HwOUC(2489): HwOucUtility -> detectPadAndPhoneI, path=/storage/sdcard0,isEmulated=true
01-25 09:51:49.129: D/HwOUC(2489): HwOucUtility -> detectPadAndPhoneI, mInternalSdcardPath=/storage/sdcard0
01-25 09:51:49.129: D/HwOUC(2489): HwOucUtility -> detectPadAndPhoneI, path=/storage/sdcard1,isEmulated=false
01-25 09:51:49.129: D/HwOUC(2489): HwOucUtility -> detectPadAndPhoneI, mExternalSdcardPath=/storage/sdcard1
01-25 09:51:49.137: D/HwOUC(2489): HwOucUtility -> enter detectURL!!!
01-25 09:51:49.137: D/HwOUC(2489): HwOucUtility -> productBoard = U9500,productName = U9500
01-25 09:51:49.137: D/HwOUC(2489): HwOucUtility -> isS7_Tablet, productModel = U9500
01-25 09:51:49.137: D/HwOUC(2489): HwOucUtility -> method invoke failed: com.huawei.pad.Product
01-25 09:51:49.137: D/HwOUC(2489): HwOucUtility -> isTablet() = false
01-25 09:51:49.137: D/HwOUC(2489): HwOucUtility -> isPad() = false
01-25 09:51:49.137: D/HwOUC(2489): HwOucUtility -> isSingleBox()--productName = U9500
01-25 09:51:49.137: D/HwOUC(2489): HwOucUtility -> choosePhoneURL!!!
01-25 09:51:49.137: D/HwOUC(2489): CheckPhoneEncrypted -> getMountService service != null
01-25 09:51:49.137: D/HwOUC(2489): CheckPhoneEncrypted -> NO ENCRYPTION,HwOucConfig.mIsEncrypted = false 
01-25 09:51:49.137: D/VoldCmdListener(132): cryptfs cryptocomplete
01-25 09:51:49.137: E/Cryptfs(132): not running with encryption, aborting
01-25 09:51:49.145: V/HwAppsUpdate_NetworkUtil(2489): network is available
01-25 09:51:49.145: E/HwAppsUpdate_AutoCheckReceiver(2489): Intent.CONNECTIVITY_ACTION nextCheckNewVersionTime:Tue Jan 26 09:59:42 +0800 2016 
01-25 09:51:49.145: D/ConnectionChangedBroadcastReceiver[line|25][7.0.18](10728): 1;onReceive
01-25 09:51:49.145: E/dalvikvm(7572): GC_CONCURRENT freed 1748K, 40% free 14377K/23619K, paused 9ms+33ms, total 120ms
01-25 09:51:49.145: D/ConnectionChangedBroadcastReceiver[line|38][7.0.18](10728): 1;switcher of phonefinder is off 
01-25 09:51:49.152: I/PushLogSC2508(30840): [main-1]action is android.net.conn.CONNECTIVITY_CHANGE(remotecontrol/null:-1)
01-25 09:51:49.152: I/PushLogSC2508(30840): [main-1]run PushProxy.handleEvent (remotecontrol/null:-1)
01-25 09:51:49.152: I/PushLogSC2508(30840): [main-1]run invokePluginReport(remotecontrol/null:-1)
01-25 09:51:49.152: I/PushLogSC2508(30840): [main-1]no cycle task need to run(remotecontrol/null:-1)
01-25 09:51:49.199: E/dalvikvm(375): GC_EXPLICIT freed 1330K, 45% free 22974K/41415K, paused 4ms+8ms, total 121ms
01-25 09:51:49.199: D/HwOUC(2463): HwOucUtility -> currentPackage=com.android.settings, HwOUCPackage=com.huawei.android.hwouc
01-25 09:51:49.199: D/HwOUC(2463): KillMyselfProcessCheckThread -> isKillProcess is true, send to kill process self
01-25 09:51:49.199: D/HwOUC(2463): KillMyselfProcessCheckThread -> thread Action.ACTION_KILL_PROCESS_SELF, kill myself for clear storage
01-25 09:51:49.199: I/Process(2463): Sending signal. PID: 2463 SIG: 9
01-25 09:51:49.207: D/Event(2159): No subscribers registered for event class com.sogou.androidtool.event.NetChangeEvent
01-25 09:51:49.215: D/Event(2159): No subscribers registered for event class cev
01-25 09:51:49.215: D/PingBackDataCenter(2159): reportItemShown
01-25 09:51:49.215: D/DownloadManagerInternal(2159): Received broadcast intent for android.net.conn.CONNECTIVITY_CHANGE
01-25 09:51:49.215: I/ActivityManager(375): Process com.huawei.android.hwouc (pid 2463) has died.
01-25 09:51:49.215: I/BroadcastQueue(375): There are ordered broadcasts stay in queue, should schedule next Broadcasts.
01-25 09:51:49.223: D/DownloadService(2159): Service onCreatecom.sogou.androidtool.downloads.DownloadService@41e91a60
01-25 09:51:49.223: D/DownloadService(2159): UpdateThread 
01-25 09:51:49.223: D/DownloadService(2159): mDownloads.count0
01-25 09:51:49.238: D/DownloadService(2159): cursor.count0
01-25 09:51:49.246: I/Process(2135): Sending signal. PID: 2135 SIG: 3
01-25 09:51:49.246: I/dalvikvm(2135): threadid=3: reacting to signal 3
01-25 09:51:49.262: I/dalvikvm(2135): Wrote stack traces to '/data/anr/traces.txt'
01-25 09:51:49.293: D/=SOGOU_LOG=(27168): onReceive--Wake Up--onReceive: --- action: android.net.conn.CONNECTIVITY_CHANGE
01-25 09:51:49.317: D/=SOGOU_LOG=(27168): onStartCommand--SemobWakeUpService----SemobWakeUpService---
01-25 09:51:49.340: W/ActivityManager(375): Unable to start service Intent { act=com.sogou.pushservice.action.METHOD cmp=/com.sogou.udp.push.PushService (has extras) }: not found
01-25 09:51:49.356: W/System.err(27168): java.lang.NullPointerException
01-25 09:51:49.363: W/System.err(27168): 	at java.lang.String.<init>(String.java:141)
01-25 09:51:49.371: W/System.err(27168): 	at cir.a(SogouSource:324)
01-25 09:51:49.371: W/System.err(27168): 	at cir.a(SogouSource:125)
01-25 09:51:49.379: W/System.err(27168): 	at clg.run(SogouSource:35)
01-25 09:51:49.379: W/System.err(27168): 	at dey.run(SogouSource:697)
01-25 09:51:49.387: W/System.err(27168): 	at java.util.concurrent.ThreadPoolExecutor.runWorker(ThreadPoolExecutor.java:1076)
01-25 09:51:49.402: W/System.err(27168): 	at java.util.concurrent.ThreadPoolExecutor$Worker.run(ThreadPoolExecutor.java:569)
01-25 09:51:49.418: W/System.err(27168): 	at java.lang.Thread.run(Thread.java:856)
01-25 09:51:49.473: D/MSF.C.NetConnInfoCenter(25982): currentAPN:3gnet. received networkInfo: CONNECTED :NetworkInfo: type: mobile[HSPA], state: CONNECTED/CONNECTED, reason: dataEnabled, extra: 3gnet, roaming: false, failover: false, isAvailable: true. extra NetworkInfo: NetworkInfo: type: mobile[HSPA], state: CONNECTED/CONNECTED, reason: dataEnabled, extra: 3gnet, roaming: false, failover: false, isAvailable: true
01-25 09:51:49.488: E/dalvikvm(31005): GC_CONCURRENT freed 2021K, 33% free 15885K/23619K, paused 4ms+3ms, total 42ms
01-25 09:51:49.527: E/dalvikvm(22697): GC_CONCURRENT freed 1910K, 24% free 18040K/23619K, paused 8ms+6ms, total 159ms
01-25 09:51:49.527: D/dalvikvm(22697): WAIT_FOR_CONCURRENT_GC blocked 86ms
01-25 09:51:49.527: D/dalvikvm(22697): WAIT_FOR_CONCURRENT_GC blocked 87ms
01-25 09:51:49.535: D/AccService(30782): restorApnIfNeed
01-25 09:51:49.543: D/AccService(30782): restorApnIfNeed, apn: 3gnet
01-25 09:51:49.543: D/AccService(30782): saved: 
01-25 09:51:49.543: D/AccService(30782): ConnectionChangeBroadcastReceiver, forward broadcast to service
01-25 09:51:49.543: I/PushLogSC2508(2082): [main-1]action is android.net.conn.CONNECTIVITY_CHANGE(ds/null:-1)
01-25 09:51:49.543: I/PushLogSC2508(2082): [main-1]run PushProxy.handleEvent (ds/null:-1)
01-25 09:51:49.551: I/PushLogSC2508(2082): [main-1]run invokePluginReport(ds/null:-1)
01-25 09:51:49.559: E/PushLogSC2508(2082): [main-1]java.lang.NoSuchMethodException: handleEvent [class android.content.Context, class android.content.Intent](ds/null:-1)
01-25 09:51:49.559: E/PushLogSC2508(2082): java.lang.NoSuchMethodException: handleEvent [class android.content.Context, class android.content.Intent]
01-25 09:51:49.559: E/PushLogSC2508(2082): 	at java.lang.Class.getConstructorOrMethod(Class.java:460)
01-25 09:51:49.559: E/PushLogSC2508(2082): 	at java.lang.Class.getMethod(Class.java:915)
01-25 09:51:49.559: E/PushLogSC2508(2082): 	at com.huawei.android.pushagent.PushEventReceiver.a(Unknown Source)
01-25 09:51:49.559: E/PushLogSC2508(2082): 	at com.huawei.android.pushagent.PushEventReceiver.onReceive(Unknown Source)
01-25 09:51:49.559: E/PushLogSC2508(2082): 	at android.app.ActivityThread.handleReceiver(ActivityThread.java:2239)
01-25 09:51:49.559: E/PushLogSC2508(2082): 	at android.app.ActivityThread.access$1500(ActivityThread.java:134)
01-25 09:51:49.559: E/PushLogSC2508(2082): 	at android.app.ActivityThread$H.handleMessage(ActivityThread.java:1278)
01-25 09:51:49.559: E/PushLogSC2508(2082): 	at android.os.Handler.dispatchMessage(Handler.java:99)
01-25 09:51:49.559: E/PushLogSC2508(2082): 	at android.os.Looper.loop(Looper.java:137)
01-25 09:51:49.559: E/PushLogSC2508(2082): 	at android.app.ActivityThread.main(ActivityThread.java:4767)
01-25 09:51:49.559: E/PushLogSC2508(2082): 	at java.lang.reflect.Method.invokeNative(Native Method)
01-25 09:51:49.559: E/PushLogSC2508(2082): 	at java.lang.reflect.Method.invoke(Method.java:511)
01-25 09:51:49.559: E/PushLogSC2508(2082): 	at com.android.internal.os.ZygoteInit$MethodAndArgsCaller.run(ZygoteInit.java:800)
01-25 09:51:49.559: E/PushLogSC2508(2082): 	at com.android.internal.os.ZygoteInit.main(ZygoteInit.java:567)
01-25 09:51:49.559: E/PushLogSC2508(2082): 	at dalvik.system.NativeStart.main(Native Method)
01-25 09:51:49.567: I/ConnectionChangeReceiver(1731): ConnectionChangeReceiver onReceive:android.net.conn.CONNECTIVITY_CHANGE
01-25 09:51:49.567: I/ConnectionChangeReceiver(1731): end ConnectionChangeReceiver onReceive:android.net.conn.CONNECTIVITY_CHANGE
01-25 09:51:49.567: E/HoTalkService(1731): 3gnet
01-25 09:51:49.574: I/PushLogSC2508(7572): [main-1]action is android.net.conn.CONNECTIVITY_CHANGE(message/null:-1)
01-25 09:51:49.574: I/PushLogSC2508(7572): [main-1]run PushProxy.handleEvent (message/null:-1)
01-25 09:51:49.574: I/PushLogSC2508(7572): [main-1]run invokePluginReport(message/null:-1)
01-25 09:51:49.582: I/PushLogSC2508(7572): [main-1]no cycle task need to run(message/null:-1)
01-25 09:51:49.590: I/PushLogSC2508(7572): [main-1]PushService onStartCommand(message/null:-1)
01-25 09:51:49.590: I/ActivityManager(375): Start proc com.huawei.android.hwouc for broadcast com.huawei.android.hwouc/.provider.DownloadReceiver: pid=2515 uid=10043 gids={2001, 3003, 1015, 1023, 1028}
01-25 09:51:49.606: E/Trace(2515): error opening trace file: No such file or directory (2)
01-25 09:51:49.606: I/PushLogSC2508(7572): [ReceiverDispatcher-1871]lastnetWorkType:0 curNetWorkType:0(message/null:-1)
01-25 09:51:49.613: W/dalvikvm(2515): Refusing to reopen boot DEX '/system/framework/hwframework.jar'
01-25 09:51:49.621: I/ActivityThread(2515): Pub hwouc_download: com.huawei.android.hwouc.provider.DownloadProvider
01-25 09:51:49.629: D/HwOUC(2515): HwOucConfig -> load default presets...
01-25 09:51:49.629: D/HwOUC(2515): HwOucConfig -> load presets, tag=string, value=phone_firmware_uri, text=http://query.hicloud.com:80/sp_ard_common/v2/Check.action?latest=true
01-25 09:51:49.629: D/HwOUC(2515): HwOucConfig -> load presets, tag=string, value=phone_firmware_report_uri, text=http://query.hicloud.com:80/sp_ard_common/v2/UpdateReport.action
01-25 09:51:49.629: D/HwOUC(2515): HwOucConfig -> load presets, tag=string, value=phone_app_conditions_uri, text=http://query.hicloud.com:80/sp_ard_app_common/v2/GetCondition.action
01-25 09:51:49.629: D/HwOUC(2515): HwOucConfig -> load presets, tag=string, value=phone_app_uri, text=http://query.hicloud.com:80/sp_ard_app_common/v2/CheckEx.action
01-25 09:51:49.629: D/HwOUC(2515): HwOucConfig -> load presets, tag=string, value=phone_app_report_uri, text=http://query.hicloud.com:80/sp_ard_app_common/v2/UpdateReport.action
01-25 09:51:49.629: D/HwOUC(2515): HwOucConfig -> load presets, tag=string, value=pad_firmware_uri, text=http://query.hicloud.com:80/hid_and_common/v2/Check.action?latest=true
01-25 09:51:49.629: D/HwOUC(2515): HwOucConfig -> load presets, tag=string, value=pad_firmware_report_uri, text=http://query.hicloud.com:80/hid_and_common/v2/UpdateReport.action
01-25 09:51:49.629: D/HwOUC(2515): HwOucConfig -> load presets, tag=string, value=pad_app_conditions_uri, text=http://query.hicloud.com:80/hid_and_app_common/v2/GetCondition.action
01-25 09:51:49.629: D/HwOUC(2515): HwOucConfig -> load presets, tag=string, value=pad_app_uri, text=http://query.hicloud.com:80/hid_and_app_common/v2/CheckEx.action
01-25 09:51:49.629: D/HwOUC(2515): HwOucConfig -> load presets, tag=string, value=pad_app_report_uri, text=http://query.hicloud.com:80/hid_and_app_common/v2/UpdateReport.action
01-25 09:51:49.629: D/HwOUC(2515): HwOucConfig -> load presets, tag=string, value=singlebox_firmware_uri, text=http://query.hicloud.com:80/singlebox_and_common/v2/check.action?latest=true
01-25 09:51:49.629: D/HwOUC(2515): HwOucConfig -> load presets, tag=string, value=singlebox_firmware_report_uri, text=http://query.hicloud.com:80/singlebox_and_common/v2/UpdateReport.action
01-25 09:51:49.629: D/HwOUC(2515): HwOucConfig -> load presets, tag=string, value=singlebox_app_conditions_uri, text=http://query.hicloud.com:80/singlebox_and_app_common/v2/GetCondition.action
01-25 09:51:49.629: D/HwOUC(2515): HwOucConfig -> load presets, tag=string, value=singlebox_app_uri, text=http://query.hicloud.com:80/singlebox_and_app_common/v2/checkEx.action
01-25 09:51:49.629: D/HwOUC(2515): HwOucConfig -> load presets, tag=string, value=singlebox_app_report_uri, text=http://query.hicloud.com:80/singlebox_and_app_common/v2/UpdateReport.action
01-25 09:51:49.629: D/HwOUC(2515): HwOucConfig -> load presets, tag=int, value=socket_timeout, text=20000
01-25 09:51:49.629: D/HwOUC(2515): HwOucConfig -> load presets, tag=int, value=connection_timeout, text=20000
01-25 09:51:49.637: D/HwOUC(2515): HwOucConfig -> load presets, tag=int, value=app_download_limit_count, text=3
01-25 09:51:49.637: D/HwOUC(2515): HwOucConfig -> load presets, tag=bool, value=auto_check_switch_on, text=true
01-25 09:51:49.637: D/HwOUC(2515): HwOucConfig -> load presets, tag=bool, value=auto_check_setting_UI_show, text=true
01-25 09:51:49.637: D/HwOUC(2515): HwOucConfig -> load presets, tag=string, value=free_download_proxy_host, text=null
01-25 09:51:49.637: D/HwOUC(2515): HwOucConfig -> load presets, tag=string, value=free_download_proxy_port, text=null
01-25 09:51:49.637: D/HwOUC(2515): HwOucConfig -> load presets, tag=string, value=hota_internal_command, text=--update_package=/HWUserData
01-25 09:51:49.637: D/HwOUC(2515): HwOucConfig -> load presets, tag=string, value=hota_external_command, text=--update_package=/sdcard
01-25 09:51:49.637: D/HwOUC(2515): HwOucConfig -> load presets, tag=bool, value=test_version, text=false
01-25 09:51:49.637: D/HwOUC(2515): HwOucConfig -> load presets, tag=int, value=install_interval_remind, text=30
01-25 09:51:49.637: D/HwOUC(2515): HwOucConfig -> load presets, tag=int, value=autoPollingCycle, text=7
01-25 09:51:49.637: D/HwOUC(2515): HwOucConfig -> load presets, tag=string, value=user_agent, text=null
01-25 09:51:49.637: D/HwOUC(2515): HwOucConfig -> load presets, tag=string, value=roaming_flag, text=false
01-25 09:51:49.637: D/HwOUC(2515): HwOucConfig -> load presets, tag=bool, value=changelog_show_flag, text=true
01-25 09:51:49.637: D/HwOUC(2515): HwOucConfig -> load presets, tag=bool, value=beta_and_stable_version_flag, text=false
01-25 09:51:49.637: D/HwOUC(2515): HwOucConfig -> load presets, tag=int, value=download_limit_size, text=40
01-25 09:51:49.637: D/HwOUC(2515): HwOucConfig -> load presets, tag=bool, value=fw_cancelbtn_show_flag, text=false
01-25 09:51:49.637: D/HwOUC(2515): HwOucConfig -> load presets, tag=bool, value=push_msg_on, text=true
01-25 09:51:49.637: D/HwOUC(2515): HwOucConfig -> load presets, tag=bool, value=support_sdcard_update, text=true
01-25 09:51:49.637: D/HwOUC(2515): HwOucConfig -> load presets, tag=string, value=app_nick_name, text=HuaweiDeItms
01-25 09:51:49.637: D/HwOUC(2515): HwOucConfig -> load presets, tag=bool, value=support_auto_blacklist, text=false
01-25 09:51:49.637: D/HwOUC(2515): HwOucConfig -> load presets, tag=bool, value=support_auto_download, text=true
01-25 09:51:49.637: D/HwOUC(2515): HwOucConfig -> load presets, tag=bool, value=is_D2, text=false
01-25 09:51:49.637: D/HwOUC(2515): HwOucConfig -> load presets, tag=bool, value=is_hap_common, text=true
01-25 09:51:49.637: D/HwOUC(2515): HwOucConfig -> load presets, tag=bool, value=is_China_telecom_phone, text=false
01-25 09:51:49.637: D/HwOUC(2515): HwOucConfig -> load presets, tag=bool, value=is_show_emui_entrance, text=false
01-25 09:51:49.637: D/HwOUC(2515): HwOucConfig -> load presets, tag=bool, value=is_forced_wifi, text=false
01-25 09:51:49.637: D/HwOUC(2515): HwOucConfig -> load presets, tag=bool, value=support_usb_upgrade, text=false
01-25 09:51:49.637: D/HwOUC(2515): HwOucConfig -> load presets, tag=int, value=offset_storage, text=2
01-25 09:51:49.637: D/HwOUC(2515): HwOucConfig -> load custom presets...
01-25 09:51:49.645: D/HwOUC(2515): HwOucConfig -> load presets, tag=string, value=phone_firmware_uri, text=http://query.hicloud.com:80/sp_ard_common/v2/Check.action?latest=true
01-25 09:51:49.645: D/HwOUC(2515): HwOucConfig -> load presets, tag=string, value=phone_firmware_report_uri, text=http://query.hicloud.com:80/sp_ard_common/v2/UpdateReport.action
01-25 09:51:49.645: D/HwOUC(2515): HwOucConfig -> load presets, tag=string, value=phone_app_conditions_uri, text=http://query.hicloud.com:80/sp_ard_app_common/v2/GetCondition.action
01-25 09:51:49.645: D/HwOUC(2515): HwOucConfig -> load presets, tag=string, value=phone_app_uri, text=http://query.hicloud.com:80/sp_ard_app_common/v2/CheckEx.action
01-25 09:51:49.645: D/HwOUC(2515): HwOucConfig -> load presets, tag=string, value=phone_app_report_uri, text=http://query.hicloud.com:80/sp_ard_app_common/v2/UpdateReport.action
01-25 09:51:49.645: D/HwOUC(2515): HwOucConfig -> load presets, tag=string, value=pad_firmware_uri, text=http://query.hicloud.com:80/hid_and_common/v2/Check.action?latest=true
01-25 09:51:49.645: D/HwOUC(2515): HwOucConfig -> load presets, tag=string, value=pad_firmware_report_uri, text=http://query.hicloud.com:80/hid_and_common/v2/UpdateReport.action
01-25 09:51:49.645: D/HwOUC(2515): HwOucConfig -> load presets, tag=string, value=pad_app_conditions_uri, text=http://query.hicloud.com:80/hid_and_app_common/v2/GetCondition.action
01-25 09:51:49.645: D/HwOUC(2515): HwOucConfig -> load presets, tag=string, value=pad_app_uri, text=http://query.hicloud.com:80/hid_and_app_common/v2/CheckEx.action
01-25 09:51:49.645: D/HwOUC(2515): HwOucConfig -> load presets, tag=string, value=pad_app_report_uri, text=http://query.hicloud.com:80/hid_and_app_common/v2/UpdateReport.action
01-25 09:51:49.645: D/HwOUC(2515): HwOucConfig -> load presets, tag=int, value=socket_timeout, text=20000
01-25 09:51:49.645: D/HwOUC(2515): HwOucConfig -> load presets, tag=int, value=connection_timeout, text=20000
01-25 09:51:49.645: D/HwOUC(2515): HwOucConfig -> load presets, tag=int, value=app_download_limit_count, text=3
01-25 09:51:49.645: D/HwOUC(2515): HwOucConfig -> load presets, tag=bool, value=auto_check_switch_on, text=true
01-25 09:51:49.645: D/HwOUC(2515): HwOucConfig -> load presets, tag=bool, value=auto_check_setting_UI_show, text=true
01-25 09:51:49.645: D/HwOUC(2515): HwOucConfig -> load presets, tag=string, value=free_download_proxy_host, text=null
01-25 09:51:49.645: D/HwOUC(2515): HwOucConfig -> load presets, tag=string, value=free_download_proxy_port, text=null
01-25 09:51:49.645: D/HwOUC(2515): HwOucConfig -> load presets, tag=string, value=hota_internal_command, text=--update_package=/HWUserData
01-25 09:51:49.645: D/HwOUC(2515): HwOucConfig -> load presets, tag=string, value=hota_external_command, text=--update_package=/sdcard
01-25 09:51:49.645: D/HwOUC(2515): HwOucConfig -> load presets, tag=bool, value=test_version, text=false
01-25 09:51:49.645: D/HwOUC(2515): HwOucConfig -> load presets, tag=int, value=forcedUpdate_install_interval_remind, text=30
01-25 09:51:49.645: D/HwOUC(2515): HwOucConfig -> load presets, tag=int, value=autoPollingCycle, text=2
01-25 09:51:49.645: D/HwOUC(2515): HwOucConfig -> load presets, tag=string, value=user_agent, text=null
01-25 09:51:49.645: D/HwOUC(2515): HwOucConfig -> load presets, tag=string, value=roaming_flag, text=false
01-25 09:51:49.645: D/HwOUC(2515): HwOucConfig -> load presets, tag=bool, value=changelog_show_flag, text=true
01-25 09:51:49.652: D/HwOUC(2515): HwOucConfig -> load presets, tag=bool, value=beta_and_stable_version_flag, text=true
01-25 09:51:49.652: D/HwOUC(2515): HwOucConfig -> load presets, tag=int, value=download_limit_size, text=20
01-25 09:51:49.652: D/HwOUC(2515): HwOucConfig -> load presets, tag=bool, value=fw_cancelbtn_show_flag, text=false
01-25 09:51:49.652: D/libgps(375): agps_ril_update_network_state: Waiting for IPC connection - timeout
01-25 09:51:49.652: E/libgps(375): LIBGPS: Cannot communicate (write) with a GPSD
01-25 09:51:49.652: E/libgps(375): IPC Communication Error, /tmp/11981473/customers/broadcom/jbandroid/../../../proprietary/deliverables/android/gps_interface/../gps_interface/gpsi_client/GpsiClient.cpp:1194 agps_ril_update_network_state
01-25 09:51:49.652: D/libgps(375): agps_ril_update_network_availability: Waiting for IPC connection...
01-25 09:51:49.652: D/HwOUC(2515): HwOucUtility -> enter detectStorage!!!
01-25 09:51:49.652: D/HwOUC(2515): HwOucUtility -> detectPadAndPhoneI, path=/storage/sdcard0,isEmulated=true
01-25 09:51:49.652: D/HwOUC(2515): HwOucUtility -> detectPadAndPhoneI, mInternalSdcardPath=/storage/sdcard0
01-25 09:51:49.652: D/HwOUC(2515): HwOucUtility -> detectPadAndPhoneI, path=/storage/sdcard1,isEmulated=false
01-25 09:51:49.652: D/HwOUC(2515): HwOucUtility -> detectPadAndPhoneI, mExternalSdcardPath=/storage/sdcard1
01-25 09:51:49.652: D/HwOUC(2515): HwOucUtility -> enter detectURL!!!
01-25 09:51:49.652: D/HwOUC(2515): HwOucUtility -> productBoard = U9500,productName = U9500
01-25 09:51:49.652: D/HwOUC(2515): HwOucUtility -> isS7_Tablet, productModel = U9500
01-25 09:51:49.652: D/HwOUC(2515): HwOucUtility -> method invoke failed: com.huawei.pad.Product
01-25 09:51:49.652: D/HwOUC(2515): HwOucUtility -> isTablet() = false
01-25 09:51:49.660: D/HwOUC(2515): HwOucUtility -> isPad() = false
01-25 09:51:49.660: D/HwOUC(2515): HwOucUtility -> isSingleBox()--productName = U9500
01-25 09:51:49.660: D/HwOUC(2515): HwOucUtility -> choosePhoneURL!!!
01-25 09:51:49.660: V/DownloadManager(2515): DownloadReceiver get action:android.net.conn.CONNECTIVITY_CHANGE
01-25 09:51:49.660: D/HwOUC(2515): DownloadReceiver -> Network changed
01-25 09:51:49.660: D/HwOUC(2515): DownloadReceiver -> Network not available
01-25 09:51:49.660: D/HwOUC(2515): CheckPhoneEncrypted -> getMountService service != null
01-25 09:51:49.660: D/HwOUC(2515): CheckPhoneEncrypted -> NO ENCRYPTION,HwOucConfig.mIsEncrypted = false 
01-25 09:51:49.660: V/HwAppsUpdate_NetworkUtil(2489): network is available
01-25 09:51:49.660: E/HwAppsUpdate_AutoCheckReceiver(2489): Intent.CONNECTIVITY_ACTION nextCheckNewVersionTime:Tue Jan 26 09:59:42 +0800 2016 
01-25 09:51:49.660: D/VoldCmdListener(132): cryptfs cryptocomplete
01-25 09:51:49.660: E/Cryptfs(132): not running with encryption, aborting
01-25 09:51:49.668: I/Process(2489): Sending signal. PID: 2489 SIG: 9
01-25 09:51:49.668: I/ActivityManager(375): Process com.huawei.android.hwouc:appsupdate (pid 2489) has died.
01-25 09:51:49.668: I/BroadcastQueue(375): There are ordered broadcasts stay in queue, should schedule next Broadcasts.
01-25 09:51:49.676: D/ConnectionChangedBroadcastReceiver[line|25][7.0.18](10728): 1;onReceive
01-25 09:51:49.676: D/ConnectionChangedBroadcastReceiver[line|38][7.0.18](10728): 1;switcher of phonefinder is off 
01-25 09:51:49.676: I/PushLogSC2508(30840): [main-1]action is android.net.conn.CONNECTIVITY_CHANGE(remotecontrol/null:-1)
01-25 09:51:49.676: I/PushLogSC2508(30840): [main-1]run PushProxy.handleEvent (remotecontrol/null:-1)
01-25 09:51:49.676: I/PushLogSC2508(30840): [main-1]run invokePluginReport(remotecontrol/null:-1)
01-25 09:51:49.676: I/PushLogSC2508(30840): [main-1]no cycle task need to run(remotecontrol/null:-1)
01-25 09:51:49.715: D/Event(2159): No subscribers registered for event class com.sogou.androidtool.event.NetChangeEvent
01-25 09:51:49.715: D/Event(2159): No subscribers registered for event class cev
01-25 09:51:49.715: D/PingBackDataCenter(2159): reportItemShown
01-25 09:51:49.715: D/DownloadManagerInternal(2159): Received broadcast intent for android.net.conn.CONNECTIVITY_CHANGE
01-25 09:51:49.723: D/DownloadService(2159): Service onCreatecom.sogou.androidtool.downloads.DownloadService@41e97fd8
01-25 09:51:49.723: I/Process(2135): Sending signal. PID: 2135 SIG: 3
01-25 09:51:49.723: I/dalvikvm(2135): threadid=3: reacting to signal 3
01-25 09:51:49.738: D/DownloadService(2159): UpdateThread 
01-25 09:51:49.738: D/DownloadService(2159): mDownloads.count0
01-25 09:51:49.738: I/dalvikvm(2135): Wrote stack traces to '/data/anr/traces.txt'
01-25 09:51:49.754: D/DownloadService(2159): cursor.count0
01-25 09:51:49.754: D/=SOGOU_LOG=(27168): onReceive--Wake Up--onReceive: --- action: android.net.conn.CONNECTIVITY_CHANGE
01-25 09:51:49.762: D/=SOGOU_LOG=(27168): a--ConfigManager--request url ==  http://cfg.mse.sogou.com/popup/hwcfg.php
01-25 09:51:49.902: D/=SOGOU_LOG=(27168): onStartCommand--SemobWakeUpService----SemobWakeUpService---
01-25 09:51:49.918: W/ActivityManager(375): Unable to start service Intent { act=com.sogou.pushservice.action.METHOD cmp=/com.sogou.udp.push.PushService (has extras) }: not found
01-25 09:51:49.973: D/MSF.C.NetConnInfoCenter(25982): currentAPN:3gnet. received networkInfo: CONNECTED :NetworkInfo: type: mobile[HSPA], state: CONNECTED/CONNECTED, reason: dataEnabled, extra: 3gnet, roaming: false, failover: false, isAvailable: true. extra NetworkInfo: NetworkInfo: type: WIFI[], state: DISCONNECTED/DISCONNECTED, reason: (unspecified), extra: (none), roaming: false, failover: false, isAvailable: true
01-25 09:51:49.988: W/System.err(27168): java.lang.NullPointerException
01-25 09:51:49.988: W/System.err(27168): 	at java.lang.String.<init>(String.java:141)
01-25 09:51:49.988: W/System.err(27168): 	at cir.a(SogouSource:324)
01-25 09:51:49.988: W/System.err(27168): 	at cir.a(SogouSource:125)
01-25 09:51:49.988: W/System.err(27168): 	at clg.run(SogouSource:35)
01-25 09:51:49.988: W/System.err(27168): 	at dey.run(SogouSource:697)
01-25 09:51:49.988: W/System.err(27168): 	at java.util.concurrent.ThreadPoolExecutor.runWorker(ThreadPoolExecutor.java:1076)
01-25 09:51:49.988: W/System.err(27168): 	at java.util.concurrent.ThreadPoolExecutor$Worker.run(ThreadPoolExecutor.java:569)
01-25 09:51:49.988: W/System.err(27168): 	at java.lang.Thread.run(Thread.java:856)
01-25 09:51:50.043: D/AccService(30782): restorApnIfNeed
01-25 09:51:50.043: D/AccService(30782): restorApnIfNeed, apn: 3gnet
01-25 09:51:50.043: D/AccService(30782): saved: 
01-25 09:51:50.043: D/AccService(30782): ConnectionChangeBroadcastReceiver, forward broadcast to service
01-25 09:51:50.051: I/PushLogSC2508(2082): [main-1]action is android.net.conn.CONNECTIVITY_CHANGE(ds/null:-1)
01-25 09:51:50.051: I/PushLogSC2508(2082): [main-1]run PushProxy.handleEvent (ds/null:-1)
01-25 09:51:50.051: I/PushLogSC2508(2082): [main-1]run invokePluginReport(ds/null:-1)
01-25 09:51:50.059: E/PushLogSC2508(2082): [main-1]java.lang.NoSuchMethodException: handleEvent [class android.content.Context, class android.content.Intent](ds/null:-1)
01-25 09:51:50.059: E/PushLogSC2508(2082): java.lang.NoSuchMethodException: handleEvent [class android.content.Context, class android.content.Intent]
01-25 09:51:50.059: E/PushLogSC2508(2082): 	at java.lang.Class.getConstructorOrMethod(Class.java:460)
