02-16 12:00:28.326  1276  3135 W ContextImpl: Calling a method in the system process without a qualified user: android.app.ContextImpl.sendBroadcast:1252 android.content.ContextWrapper.sendBroadcast:365 com.motorola.motocare.util.TriggerHelper$TriggerBuilder.send:76 com.motorola.motocare.internal.frameworkevents.ProcessKillTrigger.sendTrigger:147 com.motorola.motocare.internal.frameworkevents.ProcessKillTrigger.handleFrameworkEvent:164 
02-16 12:00:28.365  1026  1038 I ActivityManager: Killing 8148:com.xianguo.pad/u0a473 (adj 15): empty #9
02-16 12:00:28.366  1276  3135 W ContextImpl: Calling a method in the system process without a qualified user: android.app.ContextImpl.sendBroadcast:1252 android.content.ContextWrapper.sendBroadcast:365 com.motorola.motocare.util.TriggerHelper$TriggerBuilder.send:76 com.motorola.motocare.internal.frameworkevents.ProcessKillTrigger.sendTrigger:147 com.motorola.motocare.internal.frameworkevents.ProcessKillTrigger.handleFrameworkEvent:164 
02-16 12:00:28.380  1026  1319 I ActivityManager: Start proc com.tencent.mobileqq for content provider com.tencent.mobileqq/com.tencent.mqq.shared_file_accessor.ContentProviderImpl: pid=8318 uid=10703 gids={50703, 3003, 3002, 3001, 1028, 1015}
02-16 12:00:28.536  1026  1319 I ActivityManager: Start proc com.xianguo.pad for broadcast com.xianguo.pad/.activity.manager.NetworkMonitor: pid=8333 uid=10473 gids={50473, 3003, 1028, 1015}
02-16 12:00:28.537  1026  1106 I ActivityManager: Killing 8160:com.android.mms/u0a28 (adj 15): empty #9
02-16 12:00:28.539  1276  3135 W ContextImpl: Calling a method in the system process without a qualified user: android.app.ContextImpl.sendBroadcast:1252 android.content.ContextWrapper.sendBroadcast:365 com.motorola.motocare.util.TriggerHelper$TriggerBuilder.send:76 com.motorola.motocare.internal.frameworkevents.ProcessKillTrigger.sendTrigger:147 com.motorola.motocare.internal.frameworkevents.ProcessKillTrigger.handleFrameworkEvent:164 
02-16 12:00:28.575  1026  1317 I ActivityManager: Killing 8186:com.google.android.setupwizard/u0a38 (adj 15): empty #9
02-16 12:00:28.577  1276  3135 W ContextImpl: Calling a method in the system process without a qualified user: android.app.ContextImpl.sendBroadcast:1252 android.content.ContextWrapper.sendBroadcast:365 com.motorola.motocare.util.TriggerHelper$TriggerBuilder.send:76 com.motorola.motocare.internal.frameworkevents.ProcessKillTrigger.sendTrigger:147 com.motorola.motocare.internal.frameworkevents.ProcessKillTrigger.handleFrameworkEvent:164 
02-16 12:00:28.757  1026  1095 D WifiP2pService: InactiveState{ when=0 what=143375 target=com.android.internal.util.StateMachine$SmHandler }
02-16 12:00:28.757  1026  1095 D WifiP2pService: P2pEnabledState{ when=-1ms what=143375 target=com.android.internal.util.StateMachine$SmHandler }
02-16 12:00:28.965  1026  1100 D ConnectivityService: Captive portal check NetworkInfo: type: WIFI[], state: CONNECTING/CAPTIVE_PORTAL_CHECK, reason: (unspecified), extra: "MM_AP", roaming: false, failover: false, isAvailable: true, isConnectedToProvisioningNetwork: false
02-16 12:00:28.965  1026  1100 D ConnectivityService: handleCaptivePortalTrackerCheck: call captivePortalCheckComplete ni=NetworkInfo: type: WIFI[], state: CONNECTING/CAPTIVE_PORTAL_CHECK, reason: (unspecified), extra: "MM_AP", roaming: false, failover: false, isAvailable: true, isConnectedToProvisioningNetwork: false
02-16 12:00:28.965  1026  1100 D ConnectivityService: Captive portal check NetworkInfo: type: WIFI[], state: CONNECTING/CAPTIVE_PORTAL_CHECK, reason: (unspecified), extra: "MM_AP", roaming: false, failover: false, isAvailable: true, isConnectedToProvisioningNetwork: false
02-16 12:00:28.965  1026  1100 D ConnectivityService: handleCaptivePortalTrackerCheck: call captivePortalCheckComplete ni=NetworkInfo: type: WIFI[], state: CONNECTING/CAPTIVE_PORTAL_CHECK, reason: (unspecified), extra: "MM_AP", roaming: false, failover: false, isAvailable: true, isConnectedToProvisioningNetwork: false
02-16 12:00:28.970  1026  1095 D WifiP2pService: InactiveState{ when=0 what=139285 arg2=30 target=com.android.internal.util.StateMachine$SmHandler }
02-16 12:00:28.972  1026  1095 D WifiP2pService: P2pEnabledState{ when=-2ms what=139285 arg2=30 target=com.android.internal.util.StateMachine$SmHandler }
02-16 12:00:28.972  1026  1095 D WifiP2pService: DefaultState{ when=-2ms what=139285 arg2=30 target=com.android.internal.util.StateMachine$SmHandler }
02-16 12:00:28.978  1026  1100 D ConnectivityService: ConnectivityChange for WIFI: CONNECTED/CONNECTED
02-16 12:00:28.979  1026  1100 V ConnectivityService: WiFi NOT Tethered!
02-16 12:00:28.981  1026  1100 E ConnectivityService: Unexpected mtu value: android.net.wifi.WifiStateTracker@428f6a90
02-16 12:00:29.015  1026  1100 D Nat464Xlat: requiresClat: netType=1, hasIPv4Address=true
02-16 12:00:29.020  1026  1100 D ConnectivityService: ConnectivityChange for WIFI: CONNECTED/CONNECTED
02-16 12:00:29.023  1026  1095 D WifiP2pService: InactiveState{ when=0 what=139285 arg2=31 target=com.android.internal.util.StateMachine$SmHandler }
02-16 12:00:29.023  1026  1095 D WifiP2pService: P2pEnabledState{ when=0 what=139285 arg2=31 target=com.android.internal.util.StateMachine$SmHandler }
02-16 12:00:29.023  1026  1100 V ConnectivityService: WiFi NOT Tethered!
02-16 12:00:29.023  1026  1095 D WifiP2pService: DefaultState{ when=0 what=139285 arg2=31 target=com.android.internal.util.StateMachine$SmHandler }
02-16 12:00:29.024  1026  1100 E ConnectivityService: Unexpected mtu value: android.net.wifi.WifiStateTracker@428f6a90
02-16 12:00:29.039  1026  1100 D ConnectivityService: handleConnectivityChange: address are the same reset per doReset linkProperty[1]: resetMask=0
02-16 12:00:29.040  1026  1100 D Nat464Xlat: requiresClat: netType=1, hasIPv4Address=true
02-16 12:00:29.050  1026  1095 D WifiP2pService: InactiveState{ when=0 what=139285 arg2=32 target=com.android.internal.util.StateMachine$SmHandler }
02-16 12:00:29.051  1026  1095 D WifiP2pService: P2pEnabledState{ when=-1ms what=139285 arg2=32 target=com.android.internal.util.StateMachine$SmHandler }
02-16 12:00:29.051  1026  1095 D WifiP2pService: DefaultState{ when=-1ms what=139285 arg2=32 target=com.android.internal.util.StateMachine$SmHandler }
02-16 12:00:29.078  1026  1095 D WifiP2pService: InactiveState{ when=-1ms what=139285 arg2=33 target=com.android.internal.util.StateMachine$SmHandler }
02-16 12:00:29.079  1026  1095 D WifiP2pService: P2pEnabledState{ when=-1ms what=139285 arg2=33 target=com.android.internal.util.StateMachine$SmHandler }
02-16 12:00:29.079  1026  1095 D WifiP2pService: DefaultState{ when=-1ms what=139285 arg2=33 target=com.android.internal.util.StateMachine$SmHandler }
02-16 12:00:29.390  1026  1312 I ActivityManager: Killing 8199:com.android.chrome/u0a52 (adj 15): empty #9
02-16 12:00:29.391  1276  3135 W ContextImpl: Calling a method in the system process without a qualified user: android.app.ContextImpl.sendBroadcast:1252 android.content.ContextWrapper.sendBroadcast:365 com.motorola.motocare.util.TriggerHelper$TriggerBuilder.send:76 com.motorola.motocare.internal.frameworkevents.ProcessKillTrigger.sendTrigger:147 com.motorola.motocare.internal.frameworkevents.ProcessKillTrigger.handleFrameworkEvent:164 
02-16 12:00:29.981  1026  1100 D ConnectivityService: NetTransition Wakelock for ConnectedState released by timeout
02-16 12:00:30.519  1276  3135 W ContextImpl: Calling a method in the system process without a qualified user: android.app.ContextImpl.sendBroadcast:1252 android.content.ContextWrapper.sendBroadcast:365 com.motorola.motocare.util.TriggerHelper$TriggerBuilder.send:76 com.motorola.motocare.internal.frameworkevents.PauseResumeTrigger.handleFrameworkEvent:53 com.motorola.motocare.internal.frameworkevents.FwEventMonitor$FrameworkListener.processFrameworkEvent:114 
02-16 12:00:30.543  1276  3135 W ContextImpl: Calling a method in the system process without a qualified user: android.app.ContextImpl.sendBroadcast:1252 android.content.ContextWrapper.sendBroadcast:365 com.motorola.motocare.util.TriggerHelper$TriggerBuilder.send:76 com.motorola.motocare.internal.frameworkevents.PauseResumeTrigger.handleFrameworkEvent:53 com.motorola.motocare.internal.frameworkevents.FwEventMonitor$FrameworkListener.processFrameworkEvent:114 
02-16 12:00:30.844  1026  1201 W ActivityManager: Unable to start service Intent { cmp=sogou.mobile.explorer/.ActivateBrowserService } U=0: not found
02-16 12:00:31.046  1026  1060 I ActivityManager: Killing 8212:com.google.android.apps.magazines/u0a70 (adj 15): empty #9
02-16 12:00:31.049  1276  3135 W ContextImpl: Calling a method in the system process without a qualified user: android.app.ContextImpl.sendBroadcast:1252 android.content.ContextWrapper.sendBroadcast:365 com.motorola.motocare.util.TriggerHelper$TriggerBuilder.send:76 com.motorola.motocare.internal.frameworkevents.ProcessKillTrigger.sendTrigger:147 com.motorola.motocare.internal.frameworkevents.ProcessKillTrigger.handleFrameworkEvent:164 
02-16 12:00:31.841  1026  1318 I ActivityManager: Killing 7953:com.google.android.apps.plus/u0a83 (adj 15): empty #9
02-16 12:00:31.843  1276  3135 W ContextImpl: Calling a method in the system process without a qualified user: android.app.ContextImpl.sendBroadcast:1252 android.content.ContextWrapper.sendBroadcast:365 com.motorola.motocare.util.TriggerHelper$TriggerBuilder.send:76 com.motorola.motocare.internal.frameworkevents.ProcessKillTrigger.sendTrigger:147 com.motorola.motocare.internal.frameworkevents.ProcessKillTrigger.handleFrameworkEvent:164 
02-16 12:00:32.042  1026  1060 W ProcessCpuTracker: Skipping unknown process pid 8476
02-16 12:00:32.092  1876  1876 E ActivityThread: Failed to find provider info for com.motorola.blur.setupprovider
02-16 12:00:32.120  1026  1312 I ActivityManager: Start proc com.android.mms for broadcast com.android.mms/.transaction.MmsSystemEventReceiver: pid=8489 uid=10028 gids={50028, 3003, 1028, 1015}
02-16 12:00:32.128  1876  1876 E ActivityThread: Failed to find provider info for com.motorola.blur.setupprovider
02-16 12:00:32.230  1026  1039 I ActivityManager: Start proc com.google.android.setupwizard for broadcast com.google.android.setupwizard/.MobileConnectivityChangeReceiver: pid=8517 uid=10038 gids={50038, 3003}
02-16 12:00:32.231  1026  1039 I ActivityManager: Killing 8263:com.sohu.inputmethod.sogou:classic/u0a171 (adj 15): empty #9
02-16 12:00:32.232  1276  3135 W ContextImpl: Calling a method in the system process without a qualified user: android.app.ContextImpl.sendBroadcast:1252 android.content.ContextWrapper.sendBroadcast:365 com.motorola.motocare.util.TriggerHelper$TriggerBuilder.send:76 com.motorola.motocare.internal.frameworkevents.ProcessKillTrigger.sendTrigger:147 com.motorola.motocare.internal.frameworkevents.ProcessKillTrigger.handleFrameworkEvent:164 
02-16 12:00:32.390  1026  1106 I ActivityManager: Start proc com.android.chrome for broadcast com.android.chrome/com.google.android.apps.chrome.precache.PrecacheServiceLauncher: pid=8530 uid=10052 gids={50052, 3003, 1028, 1015}
02-16 12:00:32.391  1026  1106 I ActivityManager: Killing 8293:fq.router2/u0a167 (adj 15): empty #9
02-16 12:00:32.392  1276  3135 W ContextImpl: Calling a method in the system process without a qualified user: android.app.ContextImpl.sendBroadcast:1252 android.content.ContextWrapper.sendBroadcast:365 com.motorola.motocare.util.TriggerHelper$TriggerBuilder.send:76 com.motorola.motocare.internal.frameworkevents.ProcessKillTrigger.sendTrigger:147 com.motorola.motocare.internal.frameworkevents.ProcessKillTrigger.handleFrameworkEvent:164 
02-16 12:00:32.472  1026  1318 I ActivityManager: Start proc com.google.android.apps.plus for broadcast com.google.android.apps.plus/.service.ConnectivityReceiver: pid=8544 uid=10083 gids={50083, 3003, 3002, 1028, 1015}
02-16 12:00:32.473  1026  1318 I ActivityManager: Killing 8306:com.diune.pictures/u0a317 (adj 15): empty #9
02-16 12:00:32.474  1276  3135 W ContextImpl: Calling a method in the system process without a qualified user: android.app.ContextImpl.sendBroadcast:1252 android.content.ContextWrapper.sendBroadcast:365 com.motorola.motocare.util.TriggerHelper$TriggerBuilder.send:76 com.motorola.motocare.internal.frameworkevents.ProcessKillTrigger.sendTrigger:147 com.motorola.motocare.internal.frameworkevents.ProcessKillTrigger.handleFrameworkEvent:164 
02-16 12:00:32.797  1026  1199 I ActivityManager: Start proc com.google.android.apps.magazines for broadcast com.google.android.apps.magazines/com.google.apps.dots.android.newsstand.appwidget.NewsWidgetProvider: pid=8579 uid=10070 gids={50070, 3003, 1028, 1015}
02-16 12:00:32.853  1026  1038 I ActivityManager: Start proc android.process.acore for content provider com.android.providers.contacts/.ContactsProvider2: pid=8597 uid=10007 gids={50007, 3003, 1028, 1015, 1023}
02-16 12:00:32.939  1026  1320 I ActivityManager: Killing 8318:com.tencent.mobileqq/u0a703 (adj 15): empty #9
02-16 12:00:32.941  1276  3135 W ContextImpl: Calling a method in the system process without a qualified user: android.app.ContextImpl.sendBroadcast:1252 android.content.ContextWrapper.sendBroadcast:365 com.motorola.motocare.util.TriggerHelper$TriggerBuilder.send:76 com.motorola.motocare.internal.frameworkevents.ProcessKillTrigger.sendTrigger:147 com.motorola.motocare.internal.frameworkevents.ProcessKillTrigger.handleFrameworkEvent:164 
02-16 12:00:33.017   271   738 I SFPerfTracer:      triggers: (rate: 0:0) (0 sw vsyncs) (0 skipped) (17:907 vsyncs) (19:1082)
02-16 12:00:33.040  1026  1320 I ActivityManager: Killing 8333:com.xianguo.pad/u0a473 (adj 15): empty #9
02-16 12:00:33.042  1276  3135 W ContextImpl: Calling a method in the system process without a qualified user: android.app.ContextImpl.sendBroadcast:1252 android.content.ContextWrapper.sendBroadcast:365 com.motorola.motocare.util.TriggerHelper$TriggerBuilder.send:76 com.motorola.motocare.internal.frameworkevents.ProcessKillTrigger.sendTrigger:147 com.motorola.motocare.internal.frameworkevents.ProcessKillTrigger.handleFrameworkEvent:164 
02-16 12:00:33.064  1026  1100 D ConnectivityService: handleConnectivityChange: addresses changed linkProperty[1]: resetMask=0
02-16 12:00:33.064  1026  1100 D ConnectivityService:    car=removed=[] added=[fe80::fae0:79ff:fe37:5ff5/64,]
02-16 12:00:33.065  1026  1100 D Nat464Xlat: requiresClat: netType=1, hasIPv4Address=true
02-16 12:00:33.073  1026  1100 D ConnectivityService: handleConnectivityChange: address are the same reset per doReset linkProperty[1]: resetMask=0
02-16 12:00:33.074  1026  1100 D Nat464Xlat: requiresClat: netType=1, hasIPv4Address=true
02-16 12:00:33.087  1026  1106 I ActivityManager: Start proc com.sohu.inputmethod.sogou:classic for broadcast com.sohu.inputmethod.sogou/com.sogou.androidtool.receiver.NetChangeReceiver: pid=8651 uid=10171 gids={50171, 3003, 1028, 1015}
02-16 12:00:33.172  1026  1099 D WifiService: New client listening to asynchronous messages
02-16 12:00:33.282  1026  1039 I ActivityManager: Killing 7795:com.google.android.gms.unstable/u0a20 (adj 15): empty #9
02-16 12:00:33.284  1276  3135 W ContextImpl: Calling a method in the system process without a qualified user: android.app.ContextImpl.sendBroadcast:1252 android.content.ContextWrapper.sendBroadcast:365 com.motorola.motocare.util.TriggerHelper$TriggerBuilder.send:76 com.motorola.motocare.internal.frameworkevents.ProcessKillTrigger.sendTrigger:147 com.motorola.motocare.internal.frameworkevents.ProcessKillTrigger.handleFrameworkEvent:164 
02-16 12:00:33.290  1026  1039 W ActivityManager: Unable to start service Intent { act=com.sogou.pushservice.action.METHOD cmp=/com.sogou.udp.push.PushService (has extras) } U=0: not found
02-16 12:00:33.298  1026  1201 I ActivityManager: Start proc fq.router2 for broadcast fq.router2/.ConnectivityChangeReceiver: pid=8684 uid=10167 gids={50167, 3003, 1028, 1015}
02-16 12:00:33.309  1026  1099 D WifiService: New client listening to asynchronous messages
02-16 12:00:33.362  1026  1318 I ActivityManager: Start proc com.diune.pictures for broadcast com.diune.pictures/.service.NetworkChangeReceiver: pid=8699 uid=10317 gids={50317, 3003, 1028, 1015}
02-16 12:00:33.363  1026  1318 I ActivityManager: Killing 3235:com.android.settings/1000 (adj 15): empty #9
02-16 12:00:33.364  1276  3135 W ContextImpl: Calling a method in the system process without a qualified user: android.app.ContextImpl.sendBroadcast:1252 android.content.ContextWrapper.sendBroadcast:365 com.motorola.motocare.util.TriggerHelper$TriggerBuilder.send:76 com.motorola.motocare.internal.frameworkevents.ProcessKillTrigger.sendTrigger:147 com.motorola.motocare.internal.frameworkevents.ProcessKillTrigger.handleFrameworkEvent:164 
02-16 12:00:33.397  1026  1099 D WifiService: Client connection lost with reason: 4
02-16 12:00:33.417  1026  1199 I ActivityManager: Killing 8489:com.android.mms/u0a28 (adj 15): empty #9
02-16 12:00:33.418  1276  3135 W ContextImpl: Calling a method in the system process without a qualified user: android.app.ContextImpl.sendBroadcast:1252 android.content.ContextWrapper.sendBroadcast:365 com.motorola.motocare.util.TriggerHelper$TriggerBuilder.send:76 com.motorola.motocare.internal.frameworkevents.ProcessKillTrigger.sendTrigger:147 com.motorola.motocare.internal.frameworkevents.ProcessKillTrigger.handleFrameworkEvent:164 
02-16 12:00:33.436  1026  1318 I ActivityManager: Start proc com.tencent.mobileqq for content provider com.tencent.mobileqq/com.tencent.mqq.shared_file_accessor.ContentProviderImpl: pid=8711 uid=10703 gids={50703, 3003, 3002, 3001, 1028, 1015}
02-16 12:00:33.611  1026  1312 I ActivityManager: Start proc com.xianguo.pad for broadcast com.xianguo.pad/.activity.manager.NetworkMonitor: pid=8738 uid=10473 gids={50473, 3003, 1028, 1015}
02-16 12:00:33.613  1026  1199 I ActivityManager: Killing 8517:com.google.android.setupwizard/u0a38 (adj 15): empty #9
02-16 12:00:33.615  1276  3135 W ContextImpl: Calling a method in the system process without a qualified user: android.app.ContextImpl.sendBroadcast:1252 android.content.ContextWrapper.sendBroadcast:365 com.motorola.motocare.util.TriggerHelper$TriggerBuilder.send:76 com.motorola.motocare.internal.frameworkevents.ProcessKillTrigger.sendTrigger:147 com.motorola.motocare.internal.frameworkevents.ProcessKillTrigger.handleFrameworkEvent:164 
02-16 12:00:33.657  1026  1199 I ActivityManager: Killing 8530:com.android.chrome/u0a52 (adj 15): empty #9
02-16 12:00:33.658  1276  3135 W ContextImpl: Calling a method in the system process without a qualified user: android.app.ContextImpl.sendBroadcast:1252 android.content.ContextWrapper.sendBroadcast:365 com.motorola.motocare.util.TriggerHelper$TriggerBuilder.send:76 com.motorola.motocare.internal.frameworkevents.ProcessKillTrigger.sendTrigger:147 com.motorola.motocare.internal.frameworkevents.ProcessKillTrigger.handleFrameworkEvent:164 
02-16 12:00:33.673  1026  1319 I ActivityManager: Start proc com.android.mms for broadcast com.android.mms/.transaction.MmsSystemEventReceiver: pid=8751 uid=10028 gids={50028, 3003, 1028, 1015}
02-16 12:00:33.849  1026  1312 I ActivityManager: Start proc com.google.android.setupwizard for broadcast com.google.android.setupwizard/.MobileConnectivityChangeReceiver: pid=8776 uid=10038 gids={50038, 3003}
02-16 12:00:33.850  1026  1312 I ActivityManager: Killing 8579:com.google.android.apps.magazines/u0a70 (adj 15): empty #9
02-16 12:00:33.852  1276  3135 W ContextImpl: Calling a method in the system process without a qualified user: android.app.ContextImpl.sendBroadcast:1252 android.content.ContextWrapper.sendBroadcast:365 com.motorola.motocare.util.TriggerHelper$TriggerBuilder.send:76 com.motorola.motocare.internal.frameworkevents.ProcessKillTrigger.sendTrigger:147 com.motorola.motocare.internal.frameworkevents.ProcessKillTrigger.handleFrameworkEvent:164 
02-16 12:00:33.897  1026  1318 I ActivityManager: Start proc com.android.chrome for broadcast com.android.chrome/com.google.android.apps.chrome.precache.PrecacheServiceLauncher: pid=8789 uid=10052 gids={50052, 3003, 1028, 1015}
02-16 12:00:33.898  1026  1318 I ActivityManager: Killing 8597:android.process.acore/u0a7 (adj 15): empty #9
02-16 12:00:33.900  1276  3135 W ContextImpl: Calling a method in the system process without a qualified user: android.app.ContextImpl.sendBroadcast:1252 android.content.ContextWrapper.sendBroadcast:365 com.motorola.motocare.util.TriggerHelper$TriggerBuilder.send:76 com.motorola.motocare.internal.frameworkevents.ProcessKillTrigger.sendTrigger:147 com.motorola.motocare.internal.frameworkevents.ProcessKillTrigger.handleFrameworkEvent:164 
02-16 12:00:33.959  1026  1201 I ActivityManager: Killing 8651:com.sohu.inputmethod.sogou:classic/u0a171 (adj 15): empty #9
02-16 12:00:33.961  1276  3135 W ContextImpl: Calling a method in the system process without a qualified user: android.app.ContextImpl.sendBroadcast:1252 android.content.ContextWrapper.sendBroadcast:365 com.motorola.motocare.util.TriggerHelper$TriggerBuilder.send:76 com.motorola.motocare.internal.frameworkevents.ProcessKillTrigger.sendTrigger:147 com.motorola.motocare.internal.frameworkevents.ProcessKillTrigger.handleFrameworkEvent:164 
02-16 12:00:33.970  1026  1099 D WifiService: Client connection lost with reason: 4
02-16 12:00:33.973  1026  1106 I ActivityManager: Start proc com.google.android.apps.magazines for broadcast com.google.android.apps.magazines/com.google.apps.dots.android.newsstand.appwidget.NewsWidgetProvider: pid=8802 uid=10070 gids={50070, 3003, 1028, 1015}
02-16 12:00:34.193  1026  1319 I ActivityManager: Killing 8277:sogou.mobile.explorer.hotwords/u0a171 (adj 15): empty #9
02-16 12:00:34.194  1276  3135 W ContextImpl: Calling a method in the system process without a qualified user: android.app.ContextImpl.sendBroadcast:1252 android.content.ContextWrapper.sendBroadcast:365 com.motorola.motocare.util.TriggerHelper$TriggerBuilder.send:76 com.motorola.motocare.internal.frameworkevents.ProcessKillTrigger.sendTrigger:147 com.motorola.motocare.internal.frameworkevents.ProcessKillTrigger.handleFrameworkEvent:164 
02-16 12:00:34.216  1026  1099 D WifiService: Client connection lost with reason: 4
02-16 12:00:34.224  1026  1318 I ActivityManager: Start proc com.sohu.inputmethod.sogou:classic for broadcast com.sohu.inputmethod.sogou/com.sogou.androidtool.receiver.NetChangeReceiver: pid=8856 uid=10171 gids={50171, 3003, 1028, 1015}
02-16 12:00:34.285  1026  1099 D WifiService: New client listening to asynchronous messages
02-16 12:00:34.370  1026  1317 I ActivityManager: Start proc sogou.mobile.explorer.hotwords for broadcast com.sohu.inputmethod.sogou/sogou.mobile.explorer.hotwords.browser.SemobWakeUpReceiver: pid=8883 uid=10171 gids={50171, 3003, 1028, 1015}
02-16 12:00:34.375  1026  1038 I ActivityManager: Killing 8684:fq.router2/u0a167 (adj 15): empty #9
02-16 12:00:34.378  1276  3135 W ContextImpl: Calling a method in the system process without a qualified user: android.app.ContextImpl.sendBroadcast:1252 android.content.ContextWrapper.sendBroadcast:365 com.motorola.motocare.util.TriggerHelper$TriggerBuilder.send:76 com.motorola.motocare.internal.frameworkevents.ProcessKillTrigger.sendTrigger:147 com.motorola.motocare.internal.frameworkevents.ProcessKillTrigger.handleFrameworkEvent:164 
02-16 12:00:34.438  1026  1106 I ActivityManager: Killing 8699:com.diune.pictures/u0a317 (adj 15): empty #9
02-16 12:00:34.439  1276  3135 W ContextImpl: Calling a method in the system process without a qualified user: android.app.ContextImpl.sendBroadcast:1252 android.content.ContextWrapper.sendBroadcast:365 com.motorola.motocare.util.TriggerHelper$TriggerBuilder.send:76 com.motorola.motocare.internal.frameworkevents.ProcessKillTrigger.sendTrigger:147 com.motorola.motocare.internal.frameworkevents.ProcessKillTrigger.handleFrameworkEvent:164 
02-16 12:00:34.443  1026  1039 W ActivityManager: Unable to start service Intent { act=com.sogou.pushservice.action.METHOD cmp=/com.sogou.udp.push.PushService (has extras) } U=0: not found
02-16 12:00:34.459  1026  1201 I ActivityManager: Start proc fq.router2 for broadcast fq.router2/.ConnectivityChangeReceiver: pid=8900 uid=10167 gids={50167, 3003, 1028, 1015}
02-16 12:00:34.521  1026  1106 I ActivityManager: Start proc com.diune.pictures for broadcast com.diune.pictures/.service.NetworkChangeReceiver: pid=8914 uid=10317 gids={50317, 3003, 1028, 1015}
02-16 12:00:34.522  1026  1106 I ActivityManager: Killing 8711:com.tencent.mobileqq/u0a703 (adj 15): empty #9
02-16 12:00:34.523  1276  3135 W ContextImpl: Calling a method in the system process without a qualified user: android.app.ContextImpl.sendBroadcast:1252 android.content.ContextWrapper.sendBroadcast:365 com.motorola.motocare.util.TriggerHelper$TriggerBuilder.send:76 com.motorola.motocare.internal.frameworkevents.ProcessKillTrigger.sendTrigger:147 com.motorola.motocare.internal.frameworkevents.ProcessKillTrigger.handleFrameworkEvent:164 
02-16 12:00:34.580  1026  1318 W IntentResolver: resolveIntent: multiple matches, only some with CATEGORY_DEFAULT
02-16 12:00:34.582  1026  1106 I PackageManager: Adding preferred activity ComponentInfo{com.android.mms/com.android.mms.ui.ComposeMessageActivity} for user 0 :
02-16 12:00:34.600  1026  1106 W IntentResolver: resolveIntent: multiple matches, only some with CATEGORY_DEFAULT
02-16 12:00:34.600  1026  1317 I ActivityManager: Killing 8738:com.xianguo.pad/u0a473 (adj 15): empty #9
02-16 12:00:34.601  1026  1199 I PackageManager: Adding preferred activity ComponentInfo{com.android.mms/com.android.mms.ui.ComposeMessageActivity} for user 0 :
02-16 12:00:34.607  1276  3135 W ContextImpl: Calling a method in the system process without a qualified user: android.app.ContextImpl.sendBroadcast:1252 android.content.ContextWrapper.sendBroadcast:365 com.motorola.motocare.util.TriggerHelper$TriggerBuilder.send:76 com.motorola.motocare.internal.frameworkevents.ProcessKillTrigger.sendTrigger:147 com.motorola.motocare.internal.frameworkevents.ProcessKillTrigger.handleFrameworkEvent:164 
02-16 12:00:34.619  1026  1320 W IntentResolver: resolveIntent: multiple matches, only some with CATEGORY_DEFAULT
02-16 12:00:34.620  1026  1319 I PackageManager: Adding preferred activity ComponentInfo{com.android.mms/com.android.mms.ui.ComposeMessageActivity} for user 0 :
02-16 12:00:34.645  1026  1199 W IntentResolver: resolveIntent: multiple matches, only some with CATEGORY_DEFAULT
02-16 12:00:34.647  1026  1039 I PackageManager: Adding preferred activity ComponentInfo{com.android.mms/com.android.mms.ui.ComposeMessageActivity} for user 0 :
02-16 12:00:34.660  1026  1312 W IntentResolver: resolveIntent: multiple matches, only some with CATEGORY_DEFAULT
02-16 12:00:34.662  1026  1039 I PackageManager: Adding preferred activity ComponentInfo{com.android.mms/com.android.mms.ui.ComposeMessageActivity} for user 0 :
02-16 12:00:34.671  1026  1199 W IntentResolver: resolveIntent: multiple matches, only some with CATEGORY_DEFAULT
02-16 12:00:34.673  1026  1038 I PackageManager: Adding preferred activity ComponentInfo{com.android.mms/com.android.mms.ui.ComposeMessageActivity} for user 0 :
02-16 12:00:34.683  1026  1317 W IntentResolver: resolveIntent: multiple matches, only some with CATEGORY_DEFAULT
02-16 12:00:34.684  1026  1201 I PackageManager: Adding preferred activity ComponentInfo{com.android.mms/com.android.mms.ui.ComposeMessageActivity} for user 0 :
02-16 12:00:34.689  1026  1318 I ActivityManager: Start proc com.tencent.mobileqq for content provider com.tencent.mobileqq/com.tencent.mqq.shared_file_accessor.ContentProviderImpl: pid=8936 uid=10703 gids={50703, 3003, 3002, 3001, 1028, 1015}
02-16 12:00:34.695  1026  1039 W IntentResolver: resolveIntent: multiple matches, only some with CATEGORY_DEFAULT
02-16 12:00:34.697  1026  1038 I PackageManager: Adding preferred activity ComponentInfo{com.android.mms/com.android.mms.ui.ComposeMessageActivity} for user 0 :
02-16 12:00:34.880  1026  1099 D WifiService: New client listening to asynchronous messages
02-16 12:00:34.893  1026  1039 I ActivityManager: Start proc com.xianguo.pad for broadcast com.xianguo.pad/.activity.manager.NetworkMonitor: pid=8966 uid=10473 gids={50473, 3003, 1028, 1015}
02-16 12:00:34.894  1026  1106 I ActivityManager: Killing 8751:com.android.mms/u0a28 (adj 15): empty #9
02-16 12:00:34.896  1276  3135 W ContextImpl: Calling a method in the system process without a qualified user: android.app.ContextImpl.sendBroadcast:1252 android.content.ContextWrapper.sendBroadcast:365 com.motorola.motocare.util.TriggerHelper$TriggerBuilder.send:76 com.motorola.motocare.internal.frameworkevents.ProcessKillTrigger.sendTrigger:147 com.motorola.motocare.internal.frameworkevents.ProcessKillTrigger.handleFrameworkEvent:164 
02-16 12:00:34.942  1026  1317 I ActivityManager: Killing 8776:com.google.android.setupwizard/u0a38 (adj 15): empty #9
02-16 12:00:34.944  1276  3135 W ContextImpl: Calling a method in the system process without a qualified user: android.app.ContextImpl.sendBroadcast:1252 android.content.ContextWrapper.sendBroadcast:365 com.motorola.motocare.util.TriggerHelper$TriggerBuilder.send:76 com.motorola.motocare.internal.frameworkevents.ProcessKillTrigger.sendTrigger:147 com.motorola.motocare.internal.frameworkevents.ProcessKillTrigger.handleFrameworkEvent:164 
02-16 12:00:34.975  1026  1039 I ActivityManager: Start proc com.google.android.talk for broadcast com.google.android.talk/com.google.android.apps.babel.phone.PackageReplacedReceiver: pid=8981 uid=10065 gids={50065, 3003, 1028, 1015, 3002}
02-16 12:00:35.103  1026  1199 I ActivityManager: Start proc android.process.acore for broadcast com.android.providers.contacts/.PackageIntentReceiver: pid=9005 uid=10007 gids={50007, 3003, 1028, 1015, 1023}
02-16 12:00:35.188  1026  1312 I ActivityManager: Killing 8789:com.android.chrome/u0a52 (adj 15): empty #9
02-16 12:00:35.189  1276  3135 W ContextImpl: Calling a method in the system process without a qualified user: android.app.ContextImpl.sendBroadcast:1252 android.content.ContextWrapper.sendBroadcast:365 com.motorola.motocare.util.TriggerHelper$TriggerBuilder.send:76 com.motorola.motocare.internal.frameworkevents.ProcessKillTrigger.sendTrigger:147 com.motorola.motocare.internal.frameworkevents.ProcessKillTrigger.handleFrameworkEvent:164 
02-16 12:00:35.198  1026  1038 I ActivityManager: Start proc com.motorola.MotGallery2 for broadcast com.motorola.MotGallery2/com.android.gallery3d.app.PackagesMonitor: pid=9024 uid=10031 gids={50031, 3003, 1028, 1015}
02-16 12:00:35.209  1026  1201 I ActivityManager: Killing 8802:com.google.android.apps.magazines/u0a70 (adj 15): empty #9
02-16 12:00:35.210  1276  3135 W ContextImpl: Calling a method in the system process without a qualified user: android.app.ContextImpl.sendBroadcast:1252 android.content.ContextWrapper.sendBroadcast:365 com.motorola.motocare.util.TriggerHelper$TriggerBuilder.send:76 com.motorola.motocare.internal.frameworkevents.ProcessKillTrigger.sendTrigger:147 com.motorola.motocare.internal.frameworkevents.ProcessKillTrigger.handleFrameworkEvent:164 
02-16 12:00:35.298  1026  1039 I ActivityManager: Killing 8856:com.sohu.inputmethod.sogou:classic/u0a171 (adj 15): empty #9
02-16 12:00:35.300  1276  3135 W ContextImpl: Calling a method in the system process without a qualified user: android.app.ContextImpl.sendBroadcast:1252 android.content.ContextWrapper.sendBroadcast:365 com.motorola.motocare.util.TriggerHelper$TriggerBuilder.send:76 com.motorola.motocare.internal.frameworkevents.ProcessKillTrigger.sendTrigger:147 com.motorola.motocare.internal.frameworkevents.ProcessKillTrigger.handleFrameworkEvent:164 
02-16 12:00:35.310  1026  1099 D WifiService: Client connection lost with reason: 4
02-16 12:00:35.332  1026  1318 I ActivityManager: Start proc com.wandoujia.phoenix2.usbproxy for broadcast com.wandoujia.phoenix2.usbproxy/com.wandoujia.pmp.receivers.AppChangedReceiver: pid=9046 uid=10619 gids={50619, 3003, 1028, 1015}
02-16 12:00:35.397  1026  1106 I ActivityManager: Killing 8883:sogou.mobile.explorer.hotwords/u0a171 (adj 15): empty #9
02-16 12:00:35.399  1276  3135 W ContextImpl: Calling a method in the system process without a qualified user: android.app.ContextImpl.sendBroadcast:1252 android.content.ContextWrapper.sendBroadcast:365 com.motorola.motocare.util.TriggerHelper$TriggerBuilder.send:76 com.motorola.motocare.internal.frameworkevents.ProcessKillTrigger.sendTrigger:147 com.motorola.motocare.internal.frameworkevents.ProcessKillTrigger.handleFrameworkEvent:164 
02-16 12:00:35.411  1026  1099 D WifiService: Client connection lost with reason: 4
02-16 12:00:37.822  1026  1039 I ActivityManager: Killing 8900:fq.router2/u0a167 (adj 15): empty #9
02-16 12:00:37.824  1276  3135 W ContextImpl: Calling a method in the system process without a qualified user: android.app.ContextImpl.sendBroadcast:1252 android.content.ContextWrapper.sendBroadcast:365 com.motorola.motocare.util.TriggerHelper$TriggerBuilder.send:76 com.motorola.motocare.internal.frameworkevents.ProcessKillTrigger.sendTrigger:147 com.motorola.motocare.internal.frameworkevents.ProcessKillTrigger.handleFrameworkEvent:164 
02-16 12:00:39.055   271   738 I SFPerfTracer:      triggers: (rate: 0:0) (0 sw vsyncs) (0 skipped) (67:1031 vsyncs) (69:1217)
02-16 12:00:41.701  1026  1086 V AlarmManager: sending alarm Alarm{42b84750 type 2 android}
02-16 12:00:41.702  1026  1086 V AlarmManager: sending alarm Alarm{42b84828 type 0 com.google.android.gms}
02-16 12:00:42.061  1026  1207 D ConnectivityService: setProvNotificationVisible: E visible=false networkType=1 extraInfo=null url=null
02-16 12:00:48.059  1026  1060 W ProcessCpuTracker: Skipping unknown process pid 9275
02-16 12:00:48.060  1026  1060 W ProcessCpuTracker: Skipping unknown process pid 9277
02-16 12:00:48.060  1026  1060 W ProcessCpuTracker: Skipping unknown process pid 9278
02-16 12:00:51.097   271   738 I SFPerfTracer:      triggers: (rate: 0:0) (0 sw vsyncs) (0 skipped) (18:1120 vsyncs) (20:1320)
02-16 12:00:51.221  1026  1086 V AlarmManager: sending alarm Alarm{42b84878 type 2 com.google.android.gms}
02-16 12:01:00.001  1026  1086 V AlarmManager: sending alarm Alarm{429953d8 type 3 android}
02-16 12:01:03.128  1026  1060 W ProcessCpuTracker: Skipping unknown process pid 9509
02-16 12:01:16.136  1026  1100 D ConnectivityService: handleInetConditionHoldEnd: net=1, condition=0, published condition=0
02-16 12:01:17.115  1026  1207 D ConnectivityService: captivePortalCheckCompleted: ni=NetworkInfo: type: WIFI[], state: CONNECTED/CONNECTED, reason: (unspecified), extra: "MM_AP", roaming: false, failover: false, isAvailable: true, isConnectedToProvisioningNetwork: false captive=false
02-16 12:01:17.239   271   738 I SFPerfTracer:      triggers: (rate: 0:0) (0 sw vsyncs) (0 skipped) (18:1215 vsyncs) (20:1433)
02-16 12:01:36.365   271   738 I SFPerfTracer:      triggers: (rate: 0:0) (0 sw vsyncs) (0 skipped) (18:1302 vsyncs) (20:1534)
02-16 12:01:39.290  1026  1086 V AlarmManager: sending alarm Alarm{42bb88b0 type 2 com.google.android.gms}
02-16 12:01:46.484   271   738 I SFPerfTracer:      triggers: (rate: 0:0) (0 sw vsyncs) (0 skipped) (18:1391 vsyncs) (20:1637)
02-16 12:01:54.009  1026  1086 V AlarmManager: sending alarm Alarm{42bb8988 type 1 com.netease.vopen}
02-16 12:01:57.598   271   738 I SFPerfTracer:      triggers: (rate: 0:0) (0 sw vsyncs) (0 skipped) (18:1486 vsyncs) (20:1748)
02-16 12:02:00.000  1026  1086 V AlarmManager: sending alarm Alarm{42bb8a60 type 3 android}
02-16 12:02:14.768   271   738 I SFPerfTracer:      triggers: (rate: 0:0) (0 sw vsyncs) (0 skipped) (18:1580 vsyncs) (20:1859)
02-16 12:02:22.363  1026  1100 D ConnectivityService: handleInetConditionHoldEnd: net=1, condition=0, published condition=0
02-16 12:02:27.237  1026  1086 V AlarmManager: sending alarm Alarm{42b17488 type 2 com.google.android.gms}
02-16 12:02:30.860   271   738 I SFPerfTracer:      triggers: (rate: 0:0) (0 sw vsyncs) (0 skipped) (18:1675 vsyncs) (20:1970)
02-16 12:02:43.020   271   738 I SFPerfTracer:      triggers: (rate: 0:0) (0 sw vsyncs) (0 skipped) (18:1769 vsyncs) (20:2080)
02-16 12:03:00.000  1026  1086 V AlarmManager: sending alarm Alarm{42b12a48 type 3 android}
02-16 12:03:00.007   271   738 I SFPerfTracer:      triggers: (rate: 0:0) (0 sw vsyncs) (0 skipped) (18:1864 vsyncs) (20:2191)
02-16 12:03:10.314  1026  1100 D ConnectivityService: handleInetConditionHoldEnd: net=1, condition=0, published condition=0
02-16 12:03:30.015  1026  1086 V AlarmManager: sending alarm Alarm{42af5d30 type 2 com.google.android.gms}
02-16 12:03:30.027  1026  1086 V AlarmManager: sending alarm Alarm{42c06208 type 1 com.netease.vopen}
02-16 12:03:30.222   271   738 I SFPerfTracer:      triggers: (rate: 0:0) (0 sw vsyncs) (0 skipped) (18:1958 vsyncs) (20:2302)
02-16 12:03:43.325   271   738 I SFPerfTracer:      triggers: (rate: 0:0) (0 sw vsyncs) (0 skipped) (18:2050 vsyncs) (20:2410)
02-16 12:03:53.426   271   738 I SFPerfTracer:      triggers: (rate: 0:0) (0 sw vsyncs) (0 skipped) (18:2140 vsyncs) (20:2514)
02-16 12:04:00.000  1026  1086 V AlarmManager: sending alarm Alarm{42c14288 type 3 android}
02-16 12:04:03.515   271   738 I SFPerfTracer:      triggers: (rate: 0:0) (0 sw vsyncs) (0 skipped) (88:2280 vsyncs) (90:2667)
02-16 12:04:10.549   271   738 I SFPerfTracer:      triggers: (rate: 0:0) (0 sw vsyncs) (0 skipped) (87:2390 vsyncs) (89:2783)
02-16 12:04:13.109  1026  1100 D ConnectivityService: handleInetConditionHoldEnd: net=1, condition=0, published condition=0
02-16 12:04:24.665   271   738 I SFPerfTracer:      triggers: (rate: 0:0) (0 sw vsyncs) (0 skipped) (18:2485 vsyncs) (20:2894)
02-16 12:04:40.739   271   738 I SFPerfTracer:      triggers: (rate: 0:0) (0 sw vsyncs) (0 skipped) (18:2578 vsyncs) (20:3003)
02-16 12:04:41.611  1026  1086 V AlarmManager: sending alarm Alarm{42ca4430 type 2 com.google.android.gms}
02-16 12:04:46.647  1026  1060 W ProcessCpuTracker: Skipping unknown process pid 12846
02-16 12:05:00.000  1026  1086 V AlarmManager: sending alarm Alarm{42c94ad0 type 3 android}
02-16 12:05:00.031   271   738 I SFPerfTracer:      triggers: (rate: 0:0) (0 sw vsyncs) (0 skipped) (18:2672 vsyncs) (20:3113)
02-16 12:05:05.045  1026  1060 W ProcessCpuTracker: Skipping unknown process pid 13117
02-16 12:05:17.049   271   738 I SFPerfTracer:      triggers: (rate: 0:0) (0 sw vsyncs) (0 skipped) (18:2764 vsyncs) (20:3222)
02-16 12:05:24.687  1026  1100 D ConnectivityService: handleInetConditionHoldEnd: net=1, condition=0, published condition=0
02-16 12:05:41.184   271   738 I SFPerfTracer:      triggers: (rate: 0:0) (0 sw vsyncs) (0 skipped) (18:2859 vsyncs) (20:3333)
02-16 12:05:49.229   271   738 I SFPerfTracer:      triggers: (rate: 0:0) (0 sw vsyncs) (0 skipped) (101:2966 vsyncs) (103:3444)
02-16 12:06:00.000  1026  1086 V AlarmManager: sending alarm Alarm{42d02b58 type 3 android}
02-16 12:06:04.291   271   738 I SFPerfTracer:      triggers: (rate: 0:0) (0 sw vsyncs) (0 skipped) (24:3073 vsyncs) (26:3558)
02-16 12:06:26.707  1026  1086 V AlarmManager: sending alarm Alarm{42d20fd8 type 2 com.google.android.gms}
02-16 12:06:26.717  1026  1086 V AlarmManager: sending alarm Alarm{42cc8310 type 1 com.netease.vopen}
02-16 12:06:27.414   271   738 I SFPerfTracer:      triggers: (rate: 0:0) (0 sw vsyncs) (0 skipped) (18:3168 vsyncs) (20:3673)
02-16 12:06:33.809  1026  1312 I ActivityManager: Start proc com.google.android.gms.unstable for service com.google.android.gms/.droidguard.DroidGuardService: pid=14435 uid=10020 gids={50020, 3003, 1007, 3002, 3001, 1028, 1015, 3007, 2001, 3006}
02-16 12:06:36.487   271   738 I SFPerfTracer:      triggers: (rate: 0:0) (0 sw vsyncs) (0 skipped) (18:3257 vsyncs) (20:3776)
02-16 12:06:36.761  1026  1060 W ProcessCpuTracker: Skipping unknown process pid 14501
02-16 12:06:43.537   271   738 I SFPerfTracer:      triggers: (rate: 0:0) (0 sw vsyncs) (0 skipped) (83:3381 vsyncs) (85:3908)
02-16 12:06:48.066  1026  1100 D ConnectivityService: handleInetConditionHoldEnd: net=1, condition=100, published condition=0
02-16 12:06:53.573   271   738 I SFPerfTracer:      triggers: (rate: 0:0) (0 sw vsyncs) (0 skipped) (84:3507 vsyncs) (86:4042)
02-16 12:07:00.000  1026  1086 V AlarmManager: sending alarm Alarm{427cbe08 type 3 android}
02-16 12:07:02.629  1026  1060 I ActivityManager: Waited long enough for: ServiceRecord{42c05f50 u0 com.google.android.talk/com.google.android.apps.babel.realtimechat.RequestWriter}
02-16 12:07:07.622   271   738 I SFPerfTracer:      triggers: (rate: 0:0) (0 sw vsyncs) (0 skipped) (18:3596 vsyncs) (20:4146)
02-16 12:07:13.926   271   738 I SFPerfTracer:      triggers: (rate: 0:0) (0 sw vsyncs) (0 skipped) (18:3689 vsyncs) (20:4247)
02-16 12:07:25.736   271   738 I SFPerfTracer:      triggers: (rate: 0:0) (0 sw vsyncs) (0 skipped) (18:3791 vsyncs) (20:4359)
02-16 12:07:51.845   271   738 I SFPerfTracer:      triggers: (rate: 0:0) (0 sw vsyncs) (0 skipped) (18:3886 vsyncs) (20:4472)
02-16 12:08:00.000  1026  1086 V AlarmManager: sending alarm Alarm{42b1d110 type 3 android}
02-16 12:08:10.987   271   738 I SFPerfTracer:      triggers: (rate: 0:0) (0 sw vsyncs) (0 skipped) (18:3980 vsyncs) (20:4583)
02-16 12:08:23.096   271   738 I SFPerfTracer:      triggers: (rate: 0:0) (0 sw vsyncs) (0 skipped) (18:4073 vsyncs) (20:4692)
02-16 12:08:48.210   271   738 I SFPerfTracer:      triggers: (rate: 0:0) (0 sw vsyncs) (0 skipped) (18:4166 vsyncs) (20:4801)
02-16 12:09:00.000  1026  1086 V AlarmManager: sending alarm Alarm{42b23088 type 3 android}
02-16 12:09:10.323   271   738 I SFPerfTracer:      triggers: (rate: 0:0) (0 sw vsyncs) (0 skipped) (18:4260 vsyncs) (20:4912)
02-16 12:09:23.906  1026  1086 V AlarmManager: sending alarm Alarm{42b23160 type 0 com.google.android.gms}
02-16 12:09:23.916  1026  1086 V AlarmManager: sending alarm Alarm{42b39cd0 type 1 com.netease.vopen}
02-16 12:09:24.440   271   738 I SFPerfTracer:      triggers: (rate: 0:0) (0 sw vsyncs) (0 skipped) (18:4353 vsyncs) (20:5021)
02-16 12:09:35.538   271   738 I SFPerfTracer:      triggers: (rate: 0:0) (0 sw vsyncs) (0 skipped) (18:4445 vsyncs) (20:5129)
02-16 12:09:55.644   271   738 I SFPerfTracer:      triggers: (rate: 0:0) (0 sw vsyncs) (0 skipped) (18:4539 vsyncs) (20:5239)
02-16 12:10:00.000  1026  1086 V AlarmManager: sending alarm Alarm{42d3f6e8 type 3 android}
02-16 12:10:18.779   271   738 I SFPerfTracer:      triggers: (rate: 0:0) (0 sw vsyncs) (0 skipped) (18:4631 vsyncs) (20:5348)
02-16 12:10:30.383  1026  1085 I PowerManagerService: Nap time...
02-16 12:10:30.384  1026  1085 I PowerManagerService: Going to sleep due to screen timeout...
02-16 12:10:30.424   271   738 I SFPerfTracer:      triggers: (rate: 0:0) (0 sw vsyncs) (0 skipped) (18:4734 vsyncs) (20:5465)
02-16 12:10:31.190   271   271 I SFPerfTracer:      triggers: (rate: 3:42) (compose: 0:5) (post: 0:1) (render: 0:7) (23:281 frames) (24:1005)
02-16 12:10:31.190   271   271 D SFPerfTracer:        layers: (5:12) (FocusedStackFrame: 0:17)* (StatusBar: 0:341) (NavigationBar: 0:94) (com.android.systemui.ImageWallpaper: 0:11) (DimLayer: 0:28)* (com.android.settings/com.android.settings.Settings$WifiSettingsActivity: 0:86)* (MM_AP: 0:32)* (com.android.launcher/com.android.launcher2.Launcher: 0:8) (ElectronBeam: 24:26) 
02-16 12:10:31.201  1026  1201 I WindowManager: No lock screen! windowToken=null
02-16 12:10:31.389  1276  3135 W ContextImpl: Calling a method in the system process without a qualified user: android.app.ContextImpl.sendBroadcast:1252 android.content.ContextWrapper.sendBroadcast:365 com.motorola.motocare.util.TriggerHelper$TriggerBuilder.send:76 com.motorola.motocare.internal.frameworkevents.PauseResumeTrigger.handleFrameworkEvent:53 com.motorola.motocare.internal.frameworkevents.FwEventMonitor$FrameworkListener.processFrameworkEvent:114 
02-16 12:10:33.430  1276  1276 W ContextImpl: Calling a method in the system process without a qualified user: android.app.ContextImpl.startService:1608 android.content.ContextWrapper.startService:494 android.content.ContextWrapper.startService:494 com.motorola.motocare.internal.batterystats.BatteryStatsAction.onReceive:33 android.app.ActivityThread.handleReceiver:2434 
02-16 12:10:33.592  1276  1276 W ContextImpl: Calling a method in the system process without a qualified user: android.app.ContextImpl.startService:1608 android.content.ContextWrapper.startService:494 android.content.ContextWrapper.startService:494 com.motorola.motocare.internal.batterystats.BatteryStatsAction.onReceive:33 android.app.ActivityThread.handleReceiver:2434 
02-16 12:10:36.387  1026  1086 V AlarmManager: sending alarm Alarm{42af56d8 type 2 com.android.keyguard}
02-16 12:10:36.413  1026  1064 D UsbDeviceManager: MSG_USER_LOCKED
02-16 12:11:00.000  1026  1086 V AlarmManager: sending alarm Alarm{42b23608 type 3 android}
02-16 12:11:01.448  1026  1086 V AlarmManager: sending alarm Alarm{42ad98b0 type 2 com.google.android.gms}
02-16 12:11:05.034  1026  1060 W ProcessCpuTracker: Skipping unknown process pid 18523
02-16 12:11:05.035  1026  1060 W ProcessCpuTracker: Skipping unknown process pid 18525
02-16 12:11:05.036  1026  1060 W ProcessCpuTracker: Skipping unknown process pid 18526
02-16 12:11:30.632  1026  1086 V AlarmManager: sending alarm Alarm{42b7ddb8 type 2 android}
02-16 12:11:30.637  1026  1100 D ConnectivityService: Sampling interval elapsed, updating statistics ..
02-16 12:11:30.657  1026  1100 D ConnectivityService: Done.
02-16 12:11:30.657  1026  1100 D ConnectivityService: Setting timer for 720seconds
02-16 12:11:35.683  1026  1060 W ProcessCpuTracker: Skipping unknown process pid 18968
02-16 12:12:00.000  1026  1086 V AlarmManager: sending alarm Alarm{42b79e58 type 3 android}
02-16 12:13:00.000  1026  1086 V AlarmManager: sending alarm Alarm{4299ca60 type 3 android}
02-16 12:13:59.999  1026  1086 V AlarmManager: sending alarm Alarm{429bb928 type 3 android}
02-16 12:14:10.979  1026  1086 V AlarmManager: sending alarm Alarm{42b795f0 type 1 com.netease.vopen}
02-16 12:14:59.999  1026  1086 V AlarmManager: sending alarm Alarm{4295c638 type 3 android}
02-16 12:15:59.999  1026  1086 V AlarmManager: sending alarm Alarm{42964b80 type 3 android}
02-16 12:17:00.000  1026  1086 V AlarmManager: sending alarm Alarm{42896390 type 3 android}
02-16 12:18:00.000  1026  1086 V AlarmManager: sending alarm Alarm{42a08568 type 3 android}
02-16 12:18:38.077  1026  1086 V AlarmManager: sending alarm Alarm{42b426b8 type 1 com.netease.vopen}
02-16 12:19:00.000  1026  1086 V AlarmManager: sending alarm Alarm{429b5b68 type 3 android}
02-16 12:19:42.321  1026  1086 V AlarmManager: sending alarm Alarm{42a4f7d0 type 2 com.google.android.gms}
02-16 12:19:52.400  1026  1199 W IntentResolver: resolveIntent: multiple matches, only some with CATEGORY_DEFAULT
02-16 12:19:52.404  1026  1319 I PackageManager: Adding preferred activity ComponentInfo{com.android.mms/com.android.mms.ui.ComposeMessageActivity} for user 0 :
02-16 12:19:52.436  1026  1201 W IntentResolver: resolveIntent: multiple matches, only some with CATEGORY_DEFAULT
02-16 12:19:52.477  1026  1039 I PackageManager: Adding preferred activity ComponentInfo{com.android.mms/com.android.mms.ui.ComposeMessageActivity} for user 0 :
02-16 12:19:52.489  1026  1320 W IntentResolver: resolveIntent: multiple matches, only some with CATEGORY_DEFAULT
02-16 12:19:52.491  1026  1317 I PackageManager: Adding preferred activity ComponentInfo{com.android.mms/com.android.mms.ui.ComposeMessageActivity} for user 0 :
02-16 12:19:52.584  1026  1318 W IntentResolver: resolveIntent: multiple matches, only some with CATEGORY_DEFAULT
02-16 12:19:52.586  1026  1201 I PackageManager: Adding preferred activity ComponentInfo{com.android.mms/com.android.mms.ui.ComposeMessageActivity} for user 0 :
02-16 12:19:52.602  1026  1199 W IntentResolver: resolveIntent: multiple matches, only some with CATEGORY_DEFAULT
02-16 12:19:52.603  1026  1038 I PackageManager: Adding preferred activity ComponentInfo{com.android.mms/com.android.mms.ui.ComposeMessageActivity} for user 0 :
02-16 12:19:52.613  1026  1199 W IntentResolver: resolveIntent: multiple matches, only some with CATEGORY_DEFAULT
02-16 12:19:52.615  1026  1039 I PackageManager: Adding preferred activity ComponentInfo{com.android.mms/com.android.mms.ui.ComposeMessageActivity} for user 0 :
02-16 12:19:52.662  1026  1201 W IntentResolver: resolveIntent: multiple matches, only some with CATEGORY_DEFAULT
02-16 12:19:52.663  1026  1318 I PackageManager: Adding preferred activity ComponentInfo{com.android.mms/com.android.mms.ui.ComposeMessageActivity} for user 0 :
02-16 12:19:52.672  1026  1199 W IntentResolver: resolveIntent: multiple matches, only some with CATEGORY_DEFAULT
02-16 12:19:52.674  1026  1106 I PackageManager: Adding preferred activity ComponentInfo{com.android.mms/com.android.mms.ui.ComposeMessageActivity} for user 0 :
02-16 12:19:57.529  1026  1060 W ProcessCpuTracker: Skipping unknown process pid 26316
02-16 12:20:00.000  1026  1086 V AlarmManager: sending alarm Alarm{426ae460 type 3 android}
02-16 12:21:00.000  1026  1086 V AlarmManager: sending alarm Alarm{42a1a1b0 type 3 android}
02-16 12:21:47.600  1026  1086 V AlarmManager: sending alarm Alarm{42d52518 type 2 com.google.android.gms}
02-16 12:21:47.616  1026  1086 V AlarmManager: sending alarm Alarm{42d0f6f8 type 0 com.google.android.gms}
02-16 12:21:50.737  1026  1100 D ConnectivityService: handleInetConditionHoldEnd: net=1, condition=0, published condition=100
02-16 12:21:56.265  1026  1086 V AlarmManager: sending alarm Alarm{42c1c928 type 2 com.google.android.gms}
02-16 12:21:57.742  1026  1320 W IntentResolver: resolveIntent: multiple matches, only some with CATEGORY_DEFAULT
02-16 12:21:57.744  1026  1312 I PackageManager: Adding preferred activity ComponentInfo{com.android.mms/com.android.mms.ui.ComposeMessageActivity} for user 0 :
