02-27 18:48:05.331  1039  1092 D WifiStateMachine: handleMessage: E msg.what=131155
02-27 18:48:05.333  1039  1092 D WifiStateMachine: processMsg: ConnectedState
02-27 18:48:05.335  1039  1092 D WifiStateMachine: processMsg: L2ConnectedState
02-27 18:48:05.349  1039  1092 D WifiStateMachine: handleMessage: X
02-27 18:48:05.404   273   689 D hardware_info: hw_info_append_hw_type : device_name = speaker
02-27 18:48:06.251  1039  1092 D WifiStateMachine: handleMessage: E msg.what=151572
02-27 18:48:06.255  1039  1092 D WifiStateMachine: processMsg: ConnectedState
02-27 18:48:06.255  1039  1092 D WifiStateMachine: processMsg: L2ConnectedState
02-27 18:48:06.277  1108  1108 I SBar.NetworkController: onReceive: WifiManager.RSSI_CHANGED_ACTION Received
02-27 18:48:06.278  1108  1108 I SBar.NetworkController: updateTelephonySignalStrength:  No service
02-27 18:48:06.284  1039  1092 D WifiStateMachine: handleMessage: X
02-27 18:48:06.294  1108  1108 I SBar.NetworkController: refreshSignalCluster: wifi: mWifiConnected=true Wifi=zz_moto_stat_sys_wifi_signal_3_fully_wide Activity=(none) in=false out=false Accessibility="WLAN "
02-27 18:48:06.327  1108  1112 D dalvikvm: GC_CONCURRENT freed 2832K, 37% free 12097K/19104K, paused 5ms+8ms, total 45ms
02-27 18:48:07.230   269   706 I SFPerfTracer:      triggers: (rate: 0:10) (20708 sw vsyncs) (0 skipped) (40:183317 vsyncs) (42:372450)
02-27 18:48:07.232   269   269 I SFPerfTracer:      triggers: (rate: 16:696) (compose: 0:72) (post: 0:21) (render: 11:326) (37:29166 frames) (38:78328)
02-27 18:48:07.233   269   269 D SFPerfTracer:        layers: (3:9) (DimLayer: 0:350)* (FocusedStackFrame: 0:1624)* (StatusBar: 0:11265) (NavigationBar: 0:6870) (com.android.systemui.ImageWallpaper: 0:901)* (DimLayer: 0:3478)* (DimLayer: 0:302)* (com.android.launcher/com.android.launcher2.Launcher: 38:252) 
02-27 18:48:07.252  1039  1092 D WifiStateMachine: handleMessage: E msg.what=151572
02-27 18:48:07.252  1039  1092 D WifiStateMachine: processMsg: ConnectedState
02-27 18:48:07.253  1039  1092 D WifiStateMachine: processMsg: L2ConnectedState
02-27 18:48:07.267  1039  1092 D WifiStateMachine: handleMessage: X
02-27 18:48:07.290  1324  5419 D dalvikvm: GC_FOR_ALLOC freed 303K, 21% free 14481K/18252K, paused 26ms, total 29ms
02-27 18:48:07.291  1324  5419 I dalvikvm-heap: Grow heap (frag case) to 16.339MB for 171616-byte allocation
02-27 18:48:07.325  1324  5419 D dalvikvm: GC_FOR_ALLOC freed 72K, 21% free 14604K/18420K, paused 17ms, total 17ms
02-27 18:48:07.326  1324  5419 I dalvikvm-heap: Grow heap (frag case) to 16.459MB for 171616-byte allocation
02-27 18:48:07.352  1324  5419 D dalvikvm: GC_FOR_ALLOC freed 17K, 21% free 14772K/18588K, paused 17ms, total 17ms
02-27 18:48:07.353  1324  5419 I dalvikvm-heap: Grow heap (frag case) to 16.624MB for 171616-byte allocation
02-27 18:48:07.375  1324  5419 D dalvikvm: GC_FOR_ALLOC freed 13K, 21% free 14940K/18756K, paused 16ms, total 16ms
02-27 18:48:07.378  1324  5419 I dalvikvm-heap: Grow heap (frag case) to 16.788MB for 171616-byte allocation
02-27 18:48:07.402  1324  5419 D dalvikvm: GC_FOR_ALLOC freed 16K, 21% free 15107K/18924K, paused 16ms, total 16ms
02-27 18:48:07.403  1324  5419 I dalvikvm-heap: Grow heap (frag case) to 16.952MB for 171616-byte allocation
02-27 18:48:07.428  1324  5419 D dalvikvm: GC_FOR_ALLOC freed 25K, 20% free 15275K/19092K, paused 18ms, total 18ms
02-27 18:48:07.430  1324  5419 I dalvikvm-heap: Grow heap (frag case) to 17.116MB for 171616-byte allocation
02-27 18:48:08.253  1039  1092 D WifiStateMachine: handleMessage: E msg.what=151572
02-27 18:48:08.254  1039  1092 D WifiStateMachine: processMsg: ConnectedState
02-27 18:48:08.254  1039  1092 D WifiStateMachine: processMsg: L2ConnectedState
02-27 18:48:08.269  1039  1092 D WifiStateMachine: handleMessage: X
02-27 18:48:08.350  1039  1092 D WifiStateMachine: handleMessage: E msg.what=131155
02-27 18:48:08.350  1039  1092 D WifiStateMachine: processMsg: ConnectedState
02-27 18:48:08.350  1039  1092 D WifiStateMachine: processMsg: L2ConnectedState
02-27 18:48:08.366  1039  1092 D WifiStateMachine: handleMessage: X
02-27 18:48:08.786  1039 23058 I ActivityManager: START u0 {act=android.intent.action.MAIN cat=[android.intent.category.LAUNCHER] flg=0x10200000 cmp=com.estrongs.android.pop/.view.FileExplorerActivity} from pid 1324
02-27 18:48:08.791  1292  3789 W ContextImpl: Calling a method in the system process without a qualified user: android.app.ContextImpl.sendBroadcast:1252 android.content.ContextWrapper.sendBroadcast:365 com.motorola.motocare.util.TriggerHelper$TriggerBuilder.send:76 com.motorola.motocare.internal.frameworkevents.PauseResumeTrigger.handleFrameworkEvent:53 com.motorola.motocare.internal.frameworkevents.FwEventMonitor$FrameworkListener.processFrameworkEvent:114 
02-27 18:48:08.793   273   689 D audio_hw_primary: out_set_parameters: enter: usecase(1: low-latency-playback) kvpairs: routing=2
02-27 18:48:08.795   273   688 V msm8974_platform: platform_get_output_snd_device: enter: output devices(0x2)
02-27 18:48:08.795   273   688 V msm8974_platform: platform_get_output_snd_device: exit: snd_device(speaker)
02-27 18:48:08.795   273   688 D audio_hw_primary: select_devices: out_snd_device(2: speaker) in_snd_device(0: )
02-27 18:48:08.795   273   688 D hardware_info: hw_info_append_hw_type : device_name = speaker
02-27 18:48:08.795   273   688 V msm8974_platform: platform_send_audio_calibration: sending audio calibration for snd_device(2) acdb_id(14)
02-27 18:48:08.821  1039  1323 I ActivityManager: Start proc com.estrongs.android.pop for activity com.estrongs.android.pop/.view.FileExplorerActivity: pid=5793 uid=10102 gids={50102, 3003, 3002, 3001, 1028, 1015}
02-27 18:48:08.837  1292  3789 W ContextImpl: Calling a method in the system process without a qualified user: android.app.ContextImpl.sendBroadcast:1252 android.content.ContextWrapper.sendBroadcast:365 com.motorola.motocare.util.TriggerHelper$TriggerBuilder.send:76 com.motorola.motocare.internal.frameworkevents.PauseResumeTrigger.handleFrameworkEvent:53 com.motorola.motocare.internal.frameworkevents.FwEventMonitor$FrameworkListener.processFrameworkEvent:114 
02-27 18:48:09.000   265  3848 W SocketClient: write error (Broken pipe)
02-27 18:48:09.054  5793  5793 I dalvikvm: Could not find method android.content.res.Resources.getDrawable, referenced from method com.estrongs.android.pop.esclasses.k.a
02-27 18:48:09.055  5793  5793 W dalvikvm: VFY: unable to resolve virtual method 381: Landroid/content/res/Resources;.getDrawable (ILandroid/content/res/Resources$Theme;)Landroid/graphics/drawable/Drawable;
02-27 18:48:09.056  5793  5793 D dalvikvm: VFY: replacing opcode 0x6f at 0x000d
02-27 18:48:09.065  5793  5793 E ObjectHelper: Can't find method:setCompatibilityInfo
02-27 18:48:09.125  5793  5818 D am      : Refresh storage info done.24
02-27 18:48:09.156   269   269 I SFPerfTracer:      triggers: (rate: 16:699) (compose: 0:72) (post: 0:21) (render: 11:326) (13:29261 frames) (14:78429)
02-27 18:48:09.156   269   269 D SFPerfTracer:        layers: (5:10) (DimLayer: 0:350)* (FocusedStackFrame: 0:1625)* (StatusBar: 0:11265) (NavigationBar: 0:6870) (com.android.systemui.ImageWallpaper: 0:903) (DimLayer: 0:3478)* (DimLayer: 0:302)* (com.android.launcher/com.android.launcher2.Launcher: 0:335) (Starting com.estrongs.android.pop: 14:17) 
02-27 18:48:09.189  5793  5793 D dalvikvm: Trying to load lib /data/app-lib/com.estrongs.android.pop-2/libmyaes.so 0x41fc1e80
02-27 18:48:09.192  5793  5793 D dalvikvm: Added shared lib /data/app-lib/com.estrongs.android.pop-2/libmyaes.so 0x41fc1e80
02-27 18:48:09.216  1039  1062 D BluetoothManagerService: Message: 20
02-27 18:48:09.216  1039  1062 D BluetoothManagerService: Added callback: android.bluetooth.IBluetoothManagerCallback$Stub$Proxy@42919f28:true
02-27 18:48:09.255  1039  1092 D WifiStateMachine: handleMessage: E msg.what=151572
02-27 18:48:09.255  1039  1092 D WifiStateMachine: processMsg: ConnectedState
02-27 18:48:09.256  1039  1092 D WifiStateMachine: processMsg: L2ConnectedState
02-27 18:48:09.270   269   706 I SFPerfTracer:      triggers: (rate: 0:10) (20708 sw vsyncs) (0 skipped) (21:183415 vsyncs) (23:372559)
02-27 18:48:09.271  1039  1092 D WifiStateMachine: handleMessage: X
02-27 18:48:09.359  5793  5793 D am      : Refresh storage info done.24
02-27 18:48:09.577  5793  5797 D dalvikvm: GC_CONCURRENT freed 4600K, 27% free 12610K/17244K, paused 3ms+3ms, total 34ms
02-27 18:48:09.578  5793  5830 D dalvikvm: WAIT_FOR_CONCURRENT_GC blocked 18ms
02-27 18:48:09.578  5793  5793 D dalvikvm: WAIT_FOR_CONCURRENT_GC blocked 19ms
02-27 18:48:09.578  5793  5823 D dalvikvm: WAIT_FOR_CONCURRENT_GC blocked 19ms
02-27 18:48:09.583  5793  5831 D dalvikvm: WAIT_FOR_CONCURRENT_GC blocked 24ms
02-27 18:48:09.603  1039  1095 D WifiService: New client listening to asynchronous messages
02-27 18:48:09.611  5793  5793 W PhoneWindow: Previously focused view reported id 2131362045 during save, but can't be found during restore.
02-27 18:48:09.664  1039  1092 D WifiStateMachine: handleMessage: E msg.what=131157
02-27 18:48:09.665  1039  1092 D WifiStateMachine: processMsg: ConnectedState
02-27 18:48:09.665  1039  1092 D WifiStateMachine: processMsg: L2ConnectedState
02-27 18:48:09.665  1039  1092 D WifiStateMachine: processMsg: ConnectModeState
02-27 18:48:09.665  1039  1092 D WifiStateMachine: processMsg: DriverStartedState
02-27 18:48:09.673  1039  1092 D WifiStateMachine: handleMessage: X
02-27 18:48:09.673  1039  1092 D WifiStateMachine: handleMessage: E msg.what=131157
02-27 18:48:09.674  1039  1092 D WifiStateMachine: processMsg: ConnectedState
02-27 18:48:09.674  1039  1092 D WifiStateMachine: processMsg: L2ConnectedState
02-27 18:48:09.675  1039  1092 D WifiStateMachine: processMsg: ConnectModeState
02-27 18:48:09.676  1039  1092 D WifiStateMachine: processMsg: DriverStartedState
02-27 18:48:09.680  1039  1092 D WifiStateMachine: handleMessage: X
02-27 18:48:09.823  1039 10903 D BluetoothManagerService: checkIfCallerIsForegroundUser: valid=true callingUser=0 foregroundUser=0
02-27 18:48:09.874  5793  5793 I Adreno-EGL: <qeglDrvAPI_eglInitialize:410>: EGL 1.4 QUALCOMM build: AU_LINUX_ANDROID_LNX.LA.3.5.1_RB1.04.04.02.048.018_msm8226_LNX.LA.3.5.1_RB1__release_AU ()
02-27 18:48:09.874  5793  5793 I Adreno-EGL: OpenGL ES Shader Compiler Version: E031.24.00.08
02-27 18:48:09.874  5793  5793 I Adreno-EGL: Build Date: 03/07/14 Fri
02-27 18:48:09.874  5793  5793 I Adreno-EGL: Local Branch: 
02-27 18:48:09.874  5793  5793 I Adreno-EGL: Remote Branch: quic/LNX.LA.3.5.1_RB1.1
02-27 18:48:09.874  5793  5793 I Adreno-EGL: Local Patches: NONE
02-27 18:48:09.874  5793  5793 I Adreno-EGL: Reconstruct Branch: AU_LINUX_ANDROID_LNX.LA.3.5.1_RB1.04.04.02.048.018 + f2fd134 +  NOTHING
02-27 18:48:09.915  5793  5793 D OpenGLRenderer: Enabling debug mode 0
02-27 18:48:09.992  5793  5797 D dalvikvm: GC_CONCURRENT freed 1354K, 23% free 13303K/17244K, paused 3ms+4ms, total 29ms
02-27 18:48:09.994  5793  5823 D dalvikvm: WAIT_FOR_CONCURRENT_GC blocked 15ms
02-27 18:48:09.994  5793  5793 D dalvikvm: WAIT_FOR_CONCURRENT_GC blocked 18ms
02-27 18:48:09.995  5793  5837 D dalvikvm: WAIT_FOR_CONCURRENT_GC blocked 17ms
02-27 18:48:10.167  1039  1055 I LaunchCheckinHandler: Displayed com.estrongs.android.pop/.view.FileExplorerActivity,cp,ca,1359
02-27 18:48:10.168  1039  1055 I ActivityManager: Displayed com.estrongs.android.pop/.view.FileExplorerActivity: +1s360ms
02-27 18:48:10.186  1239  1239 D =SOGOU_LOG=: notifyPackageName--HotwordsController--open from notify package
02-27 18:48:10.190  3970  3970 D =SOGOU_LOG=: onStartCommand--frist notify app--isFristNotifyApp = false
02-27 18:48:10.256  1039  1092 D WifiStateMachine: handleMessage: E msg.what=151572
02-27 18:48:10.256  1039  1092 D WifiStateMachine: processMsg: ConnectedState
02-27 18:48:10.257  1039  1092 D WifiStateMachine: processMsg: L2ConnectedState
02-27 18:48:10.317  1108  1108 I SBar.NetworkController: updateTelephonySignalStrength:  No service
02-27 18:48:10.320  1039  1092 D WifiStateMachine: handleMessage: X
02-27 18:48:10.365  5793  5797 D dalvikvm: GC_CONCURRENT freed 1211K, 19% free 14135K/17244K, paused 3ms+8ms, total 36ms
02-27 18:48:10.366  5793  5793 D dalvikvm: WAIT_FOR_CONCURRENT_GC blocked 9ms
02-27 18:48:10.425  5793  5823 D dalvikvm: GC_FOR_ALLOC freed 311K, 12% free 15307K/17244K, paused 22ms, total 22ms
02-27 18:48:10.428  5793  5823 I dalvikvm-heap: Grow heap (frag case) to 17.818MB for 878158-byte allocation
02-27 18:48:10.454  5793  5823 D dalvikvm: GC_FOR_ALLOC freed 1482K, 19% free 14751K/18104K, paused 21ms, total 21ms
02-27 18:48:10.563  5793  5823 D dalvikvm: GC_FOR_ALLOC freed 466K, 14% free 15646K/18104K, paused 18ms, total 18ms
02-27 18:48:10.564  5793  5823 I dalvikvm-heap: Grow heap (frag case) to 17.736MB for 445241-byte allocation
02-27 18:48:10.900  5793  5793 I Choreographer: Skipped 48 frames!  The application may be doing too much work on its main thread.
02-27 18:48:10.910  5793  5887 W ResourceType: No package identifier when getting value for resource number 0x00000000
02-27 18:48:10.912  5793  5887 W ResourceType: No package identifier when getting value for resource number 0x00000000
02-27 18:48:10.914  5793  5887 W ResourceType: No package identifier when getting value for resource number 0x00000000
02-27 18:48:10.916  5793  5887 W ResourceType: No package identifier when getting value for resource number 0x00000000
02-27 18:48:10.928  5793  5887 W ResourceType: No package identifier when getting value for resource number 0x00000000
02-27 18:48:10.940  5793  5887 W ResourceType: No package identifier when getting value for resource number 0x00000000
02-27 18:48:10.942  5793  5887 W ResourceType: No package identifier when getting value for resource number 0x00000000
02-27 18:48:10.945  5793  5887 W ResourceType: No package identifier when getting value for resource number 0x00000000
02-27 18:48:10.948  5793  5887 W ResourceType: No package identifier when getting value for resource number 0x00000000
02-27 18:48:10.949  5793  5887 W ResourceType: No package identifier when getting value for resource number 0x00000000
02-27 18:48:10.951  5793  5887 W ResourceType: No package identifier when getting value for resource number 0x00000000
02-27 18:48:10.953  5793  5887 W ResourceType: No package identifier when getting value for resource number 0x00000000
02-27 18:48:10.954  5793  5887 W ResourceType: No package identifier when getting value for resource number 0x00000000
02-27 18:48:10.956  5793  5887 W ResourceType: No package identifier when getting value for resource number 0x00000000
02-27 18:48:10.957  5793  5887 W ResourceType: No package identifier when getting value for resource number 0x00000000
02-27 18:48:10.962  5793  5887 W ResourceType: No package identifier when getting value for resource number 0x00000000
02-27 18:48:10.964  5793  5887 W ResourceType: No package identifier when getting value for resource number 0x00000000
02-27 18:48:10.966  5793  5887 W ResourceType: No package identifier when getting value for resource number 0x00000000
02-27 18:48:10.973  5793  5887 W ResourceType: No package identifier when getting value for resource number 0x00000000
02-27 18:48:10.976  5793  5797 D dalvikvm: GC_CONCURRENT freed 2854K, 20% free 14931K/18540K, paused 4ms+4ms, total 54ms
02-27 18:48:10.978  5793  5887 W ResourceType: No package identifier when getting value for resource number 0x00000000
02-27 18:48:10.979  5793  5887 W ResourceType: No package identifier when getting value for resource number 0x00000000
02-27 18:48:10.981  5793  5887 W ResourceType: No package identifier when getting value for resource number 0x00000000
02-27 18:48:11.133  1039  4780 I ActivityManager: Start proc android.process.media for content provider com.android.providers.media/.MediaProvider: pid=5904 uid=10016 gids={50016, 1028, 1015, 1023, 1024, 2001, 3003, 3007}
02-27 18:48:11.193  5793  5797 D dalvikvm: GC_CONCURRENT freed 1650K, 18% free 15263K/18540K, paused 3ms+5ms, total 53ms
02-27 18:48:11.215  5793  5793 V WebViewChromiumFactoryProvider: Binding Chromium to main looper Looper (main, tid 1) {41fbcbe8}
02-27 18:48:11.224  5793  5793 I LibraryLoader: Expected native library version number "",actual native library version number ""
02-27 18:48:11.250  5793  5793 I chromium: [INFO:library_loader_hooks.cc(116)] Chromium logging enabled: level = 0, default verbosity = 0
02-27 18:48:11.257  5793  5793 I BrowserStartupController: Initializing chromium process, renderers=0
02-27 18:48:11.257  1039  1092 D WifiStateMachine: handleMessage: E msg.what=151572
02-27 18:48:11.258  1039  1092 D WifiStateMachine: processMsg: ConnectedState
02-27 18:48:11.258  1039  1092 D WifiStateMachine: processMsg: L2ConnectedState
02-27 18:48:11.265  1039  1092 D WifiStateMachine: handleMessage: X
02-27 18:48:11.366  1039  1092 D WifiStateMachine: handleMessage: E msg.what=131155
02-27 18:48:11.367  1039  1092 D WifiStateMachine: processMsg: ConnectedState
02-27 18:48:11.367  1039  1092 D WifiStateMachine: processMsg: L2ConnectedState
02-27 18:48:11.378  5793  5793 D BluetoothAdapter: 1107967992: getState() :  mService = null. Returning STATE_OFF
02-27 18:48:11.382  1039  1092 D WifiStateMachine: handleMessage: X
02-27 18:48:11.460  5793  5793 I Choreographer: Skipped 32 frames!  The application may be doing too much work on its main thread.
02-27 18:48:11.700  1039  1092 D WifiStateMachine: handleMessage: E msg.what=131157
02-27 18:48:11.700  1039  1092 D WifiStateMachine: processMsg: ConnectedState
02-27 18:48:11.700  1039  1092 D WifiStateMachine: processMsg: L2ConnectedState
02-27 18:48:11.700  1039  1092 D WifiStateMachine: processMsg: ConnectModeState
02-27 18:48:11.700  1039  1092 D WifiStateMachine: processMsg: DriverStartedState
02-27 18:48:11.712  1039  1092 D WifiStateMachine: handleMessage: X
02-27 18:48:11.714  1039  1092 D WifiStateMachine: handleMessage: E msg.what=131157
02-27 18:48:11.714  1039  1092 D WifiStateMachine: processMsg: ConnectedState
02-27 18:48:11.715  1039  1092 D WifiStateMachine: processMsg: L2ConnectedState
02-27 18:48:11.715  1039  1092 D WifiStateMachine: processMsg: ConnectModeState
02-27 18:48:11.716  1039  1092 D WifiStateMachine: processMsg: DriverStartedState
02-27 18:48:11.720  1039  1092 D WifiStateMachine: handleMessage: X
02-27 18:48:11.738  1039  4780 I ActivityManager: Process com.motorola.MotGallery2 (pid 5024) has died.
02-27 18:48:12.010   273   689 D hardware_info: hw_info_append_hw_type : device_name = speaker
02-27 18:48:12.257  1039  1092 D WifiStateMachine: handleMessage: E msg.what=151572
02-27 18:48:12.258  1039  1092 D WifiStateMachine: processMsg: ConnectedState
02-27 18:48:12.258  1039  1092 D WifiStateMachine: processMsg: L2ConnectedState
02-27 18:48:12.275  1039  1092 D WifiStateMachine: handleMessage: X
02-27 18:48:12.318  5793  5793 W View    : requestLayout() improperly called by android.widget.CheckBox{42248778 IFED.... ......ID 656,19-700,63 #7f0a00a2 app:id/checkbox} during layout: running second layout pass
02-27 18:48:12.319  5793  5793 W View    : requestLayout() improperly called by android.widget.CheckBox{42583a28 IFED.... ......ID 656,19-700,63 #7f0a00a2 app:id/checkbox} during layout: running second layout pass
02-27 18:48:12.320  5793  5793 W View    : requestLayout() improperly called by android.widget.CheckBox{4256c5f0 IFED.... ......ID 656,19-700,63 #7f0a00a2 app:id/checkbox} during layout: running second layout pass
02-27 18:48:12.320  5793  5793 W View    : requestLayout() improperly called by android.widget.CheckBox{4256f158 IFED.... ......ID 656,19-700,63 #7f0a00a2 app:id/checkbox} during layout: running second layout pass
02-27 18:48:12.321  5793  5793 W View    : requestLayout() improperly called by android.widget.CheckBox{42572f50 IFED.... ......ID 656,19-700,63 #7f0a00a2 app:id/checkbox} during layout: running second layout pass
02-27 18:48:12.322  5793  5793 W View    : requestLayout() improperly called by android.widget.CheckBox{4253b300 IFED.... ......ID 656,19-700,63 #7f0a00a2 app:id/checkbox} during layout: running second layout pass
02-27 18:48:12.323  5793  5793 W View    : requestLayout() improperly called by android.widget.CheckBox{4253deb8 IFED.... ......ID 656,19-700,63 #7f0a00a2 app:id/checkbox} during layout: running second layout pass
02-27 18:48:12.324  5793  5793 W View    : requestLayout() improperly called by android.widget.CheckBox{42540a20 IFED.... ......ID 656,19-700,63 #7f0a00a2 app:id/checkbox} during layout: running second layout pass
02-27 18:48:12.324  5793  5793 W View    : requestLayout() improperly called by android.widget.CheckBox{42544e08 IFED.... ......ID 656,19-700,63 #7f0a00a2 app:id/checkbox} during layout: running second layout pass
02-27 18:48:12.325  5793  5793 W View    : requestLayout() improperly called by android.widget.CheckBox{4258ee68 IFED.... ......ID 656,19-700,63 #7f0a00a2 app:id/checkbox} during layout: running second layout pass
02-27 18:48:12.326  5793  5793 W View    : requestLayout() improperly called by android.widget.CheckBox{42592700 IFED.... ......ID 656,19-700,63 #7f0a00a2 app:id/checkbox} during layout: running second layout pass
02-27 18:48:12.491  5793  5797 D dalvikvm: GC_CONCURRENT freed 1255K, 14% free 16012K/18540K, paused 3ms+5ms, total 50ms
02-27 18:48:12.942   273   689 D audio_hw_primary: out_set_parameters: enter: usecase(1: low-latency-playback) kvpairs: routing=2
02-27 18:48:12.946   273   688 V msm8974_platform: platform_get_output_snd_device: enter: output devices(0x2)
02-27 18:48:12.946   273   688 V msm8974_platform: platform_get_output_snd_device: exit: snd_device(speaker)
02-27 18:48:12.947   273   688 D audio_hw_primary: select_devices: out_snd_device(2: speaker) in_snd_device(0: )
02-27 18:48:12.947   273   688 D hardware_info: hw_info_append_hw_type : device_name = speaker
02-27 18:48:12.947   273   688 V msm8974_platform: platform_send_audio_calibration: sending audio calibration for snd_device(2) acdb_id(14)
02-27 18:48:13.258  1039  1092 D WifiStateMachine: handleMessage: E msg.what=151572
02-27 18:48:13.259  1039  1092 D WifiStateMachine: processMsg: ConnectedState
02-27 18:48:13.260  1039  1092 D WifiStateMachine: processMsg: L2ConnectedState
02-27 18:48:13.277  1039  1092 D WifiStateMachine: handleMessage: X
02-27 18:48:13.323  1108  1108 I SBar.NetworkController: updateTelephonySignalStrength:  No service
02-27 18:48:13.657  5793  5902 W ResourceType: Failure getting entry for 0x7f050000 (t=4 e=0) in package 0 (error -75)
02-27 18:48:13.668  5793  5902 W PackageManager: Failure retrieving text 0x7f050000 in package com.android.keyguard
02-27 18:48:13.668  5793  5902 W PackageManager: android.content.res.Resources$NotFoundException: String resource ID #0x7f050000
02-27 18:48:13.668  5793  5902 W PackageManager: 	at android.content.res.Resources.getText(Resources.java:244)
02-27 18:48:13.668  5793  5902 W PackageManager: 	at android.app.ApplicationPackageManager.getText(ApplicationPackageManager.java:994)
02-27 18:48:13.668  5793  5902 W PackageManager: 	at android.content.pm.PackageItemInfo.loadLabel(PackageItemInfo.java:115)
02-27 18:48:13.668  5793  5902 W PackageManager: 	at com.estrongs.android.pop.utils.w.a(Unknown Source)
02-27 18:48:13.668  5793  5902 W PackageManager: 	at com.estrongs.fs.impl.b.d.a(Unknown Source)
02-27 18:48:13.668  5793  5902 W PackageManager: 	at com.estrongs.android.ui.c.b.h.a(Unknown Source)
02-27 18:48:13.668  5793  5902 W PackageManager: 	at com.estrongs.android.ui.c.b.h.doInBackground(Unknown Source)
02-27 18:48:13.668  5793  5902 W PackageManager: 	at android.os.AsyncTask$2.call(AsyncTask.java:288)
02-27 18:48:13.668  5793  5902 W PackageManager: 	at java.util.concurrent.FutureTask.run(FutureTask.java:237)
02-27 18:48:13.668  5793  5902 W PackageManager: 	at android.os.AsyncTask$SerialExecutor$1.run(AsyncTask.java:231)
02-27 18:48:13.668  5793  5902 W PackageManager: 	at java.util.concurrent.ThreadPoolExecutor.runWorker(ThreadPoolExecutor.java:1112)
02-27 18:48:13.668  5793  5902 W PackageManager: 	at java.util.concurrent.ThreadPoolExecutor$Worker.run(ThreadPoolExecutor.java:587)
02-27 18:48:13.668  5793  5902 W PackageManager: 	at java.lang.Thread.run(Thread.java:841)
02-27 18:48:13.670  5793  5902 W ResourceType: Failure getting entry for 0x7f050000 (t=4 e=0) in package 0 (error -75)
02-27 18:48:13.672  5793  5902 W PackageManager: Failure retrieving text 0x7f050000 in package com.android.keyguard
02-27 18:48:13.672  5793  5902 W PackageManager: android.content.res.Resources$NotFoundException: String resource ID #0x7f050000
02-27 18:48:13.672  5793  5902 W PackageManager: 	at android.content.res.Resources.getText(Resources.java:244)
02-27 18:48:13.672  5793  5902 W PackageManager: 	at android.app.ApplicationPackageManager.getText(ApplicationPackageManager.java:994)
02-27 18:48:13.672  5793  5902 W PackageManager: 	at android.content.pm.PackageItemInfo.loadLabel(PackageItemInfo.java:115)
02-27 18:48:13.672  5793  5902 W PackageManager: 	at com.estrongs.android.pop.utils.w.a(Unknown Source)
02-27 18:48:13.672  5793  5902 W PackageManager: 	at com.estrongs.fs.impl.b.d.a(Unknown Source)
02-27 18:48:13.672  5793  5902 W PackageManager: 	at com.estrongs.fs.impl.b.d.a(Unknown Source)
02-27 18:48:13.672  5793  5902 W PackageManager: 	at com.estrongs.android.ui.c.b.h.a(Unknown Source)
02-27 18:48:13.672  5793  5902 W PackageManager: 	at com.estrongs.android.ui.c.b.h.doInBackground(Unknown Source)
02-27 18:48:13.672  5793  5902 W PackageManager: 	at android.os.AsyncTask$2.call(AsyncTask.java:288)
02-27 18:48:13.672  5793  5902 W PackageManager: 	at java.util.concurrent.FutureTask.run(FutureTask.java:237)
02-27 18:48:13.672  5793  5902 W PackageManager: 	at android.os.AsyncTask$SerialExecutor$1.run(AsyncTask.java:231)
02-27 18:48:13.672  5793  5902 W PackageManager: 	at java.util.concurrent.ThreadPoolExecutor.runWorker(ThreadPoolExecutor.java:1112)
02-27 18:48:13.672  5793  5902 W PackageManager: 	at java.util.concurrent.ThreadPoolExecutor$Worker.run(ThreadPoolExecutor.java:587)
02-27 18:48:13.672  5793  5902 W PackageManager: 	at java.lang.Thread.run(Thread.java:841)
02-27 18:48:13.683   269   706 I SFPerfTracer:      triggers: (rate: 0:10) (20708 sw vsyncs) (0 skipped) (48:183474 vsyncs) (50:372670)
02-27 18:48:13.829  5793  5797 D dalvikvm: GC_CONCURRENT freed 2262K, 14% free 15956K/18540K, paused 3ms+7ms, total 45ms
02-27 18:48:14.008  1039  1103 I NotificationService: cancelToast pkg=com.estrongs.android.pop callback=android.app.ITransientNotification$Stub$Proxy@42bf3020
02-27 18:48:14.122  1039 10903 D dalvikvm: GC_FOR_ALLOC freed 1339K, 20% free 24016K/29696K, paused 95ms, total 95ms
02-27 18:48:14.131  1292  3789 W ContextImpl: Calling a method in the system process without a qualified user: android.app.ContextImpl.sendBroadcast:1252 android.content.ContextWrapper.sendBroadcast:365 com.motorola.motocare.util.TriggerHelper$TriggerBuilder.send:76 com.motorola.motocare.internal.frameworkevents.PauseResumeTrigger.handleFrameworkEvent:53 com.motorola.motocare.internal.frameworkevents.FwEventMonitor$FrameworkListener.processFrameworkEvent:114 
02-27 18:48:14.137   273   689 D audio_hw_primary: out_set_parameters: enter: usecase(1: low-latency-playback) kvpairs: routing=2
02-27 18:48:14.137   273   689 V msm8974_platform: platform_get_output_snd_device: enter: output devices(0x2)
02-27 18:48:14.138   273   689 V msm8974_platform: platform_get_output_snd_device: exit: snd_device(speaker)
02-27 18:48:14.163  1292  3789 W ContextImpl: Calling a method in the system process without a qualified user: android.app.ContextImpl.sendBroadcast:1252 android.content.ContextWrapper.sendBroadcast:365 com.motorola.motocare.util.TriggerHelper$TriggerBuilder.send:76 com.motorola.motocare.internal.frameworkevents.PauseResumeTrigger.handleFrameworkEvent:53 com.motorola.motocare.internal.frameworkevents.FwEventMonitor$FrameworkListener.processFrameworkEvent:114 
02-27 18:48:14.246  1239  1239 D =SOGOU_LOG=: notifyPackageName--HotwordsController--open from notify package
02-27 18:48:14.253  3970  3970 D =SOGOU_LOG=: onStartCommand--frist notify app--isFristNotifyApp = false
02-27 18:48:14.259  1039  1092 D WifiStateMachine: handleMessage: E msg.what=151572
02-27 18:48:14.260  1039  1092 D WifiStateMachine: processMsg: ConnectedState
02-27 18:48:14.261  1039  1092 D WifiStateMachine: processMsg: L2ConnectedState
02-27 18:48:14.269  1039  1092 D WifiStateMachine: handleMessage: X
02-27 18:48:14.293  5793  5988 E AppFolder: request app_folder_map update info failed !
02-27 18:48:14.312  1039 11209 I ActivityManager: Process com.wandoujia.phoenix2.usbproxy (pid 5043) has died.
02-27 18:48:14.328  1108  1108 I SBar.NetworkController: updateTelephonySignalStrength:  No service
02-27 18:48:14.345  1039  1092 D WifiStateMachine: handleMessage: E msg.what=131156
02-27 18:48:14.346  1039  1092 D WifiStateMachine: processMsg: ConnectedState
02-27 18:48:14.347  1039  1092 D WifiStateMachine: processMsg: L2ConnectedState
02-27 18:48:14.348  1039  1092 D WifiStateMachine: processMsg: ConnectModeState
02-27 18:48:14.349  1039  1092 D WifiStateMachine: processMsg: DriverStartedState
02-27 18:48:14.360  1039  1092 D WifiStateMachine: handleMessage: X
02-27 18:48:14.363  1039  1092 D WifiStateMachine: handleMessage: E msg.what=131156
02-27 18:48:14.363  1039  1092 D WifiStateMachine: processMsg: ConnectedState
02-27 18:48:14.363  1039  1092 D WifiStateMachine: processMsg: L2ConnectedState
02-27 18:48:14.363  1039  1092 D WifiStateMachine: processMsg: ConnectModeState
02-27 18:48:14.363  1039  1092 D WifiStateMachine: processMsg: DriverStartedState
02-27 18:48:14.367  1039  1092 D WifiStateMachine: handleMessage: X
02-27 18:48:14.384  1039  1092 D WifiStateMachine: handleMessage: E msg.what=131155
02-27 18:48:14.385  1039  1092 D WifiStateMachine: processMsg: ConnectedState
02-27 18:48:14.385  1039  1092 D WifiStateMachine: processMsg: L2ConnectedState
02-27 18:48:14.395  1039  1092 D WifiStateMachine: handleMessage: X
02-27 18:48:14.397  1108  1108 I SBar.NetworkController: onReceive: WifiManager.RSSI_CHANGED_ACTION Received
02-27 18:48:14.397  1108  1108 I SBar.NetworkController: updateTelephonySignalStrength:  No service
02-27 18:48:14.405  1108  1108 I SBar.NetworkController: refreshSignalCluster: wifi: mWifiConnected=true Wifi=zz_moto_stat_sys_wifi_signal_2_fully_wide Activity=zz_moto_stat_sys_wifi_inout_wide in=false out=false Accessibility="WLAN "
02-27 18:48:14.408  1039  1309 I ActivityManager: Process com.android.chrome (pid 15107) has died.
02-27 18:48:14.408  1039 10902 I WindowState: WIN DEATH: Window{429edf70 u0 SurfaceView}
02-27 18:48:14.412  1039  1049 I WindowState: WIN DEATH: Window{4297de38 u0 com.android.chrome/com.google.android.apps.chrome.ChromeTabbedActivity}
02-27 18:48:14.417  1039  1309 I ActivityManager: Killing 27318:com.android.chrome:sandboxed_process4/u0a52i12 (adj 0): isolated not needed
02-27 18:48:14.420  1292  3789 W ContextImpl: Calling a method in the system process without a qualified user: android.app.ContextImpl.sendBroadcast:1252 android.content.ContextWrapper.sendBroadcast:365 com.motorola.motocare.util.TriggerHelper$TriggerBuilder.send:76 com.motorola.motocare.internal.frameworkevents.ProcessKillTrigger.sendTrigger:147 com.motorola.motocare.internal.frameworkevents.ProcessKillTrigger.handleFrameworkEvent:164 
02-27 18:48:14.712  5793  5793 W ManagedEGLContext: doTerminate failed: EGL count is 2 but managed count is 1
02-27 18:48:14.730   269   269 I SFPerfTracer:      triggers: (rate: 16:700) (compose: 0:72) (post: 0:21) (render: 11:326) (11:29328 frames) (12:78532)
02-27 18:48:14.731   269   269 D SFPerfTracer:        layers: (5:13) (DimLayer: 0:350)* (FocusedStackFrame: 0:1628)* (StatusBar: 0:11266) (NavigationBar: 9:6940) (com.android.systemui.ImageWallpaper: 0:905) (DimLayer: 0:3478)* (DimLayer: 0:302)* (com.android.launcher/com.android.launcher2.Launcher: 0:335)* (Starting com.estrongs.android.pop: 0:28)* (com.estrongs.android.pop/com.estrongs.android.pop.view.FileExplorerActivity: 12:39)* (Toast: 12:65) (com.android.launcher/com.android.launcher2.Launcher: 0:8) 
02-27 18:48:15.115  1039 11210 I ActivityManager: START u0 {act=android.intent.action.MAIN cat=[android.intent.category.LAUNCHER] flg=0x10200000 cmp=com.estrongs.android.pop/.view.FileExplorerActivity} from pid 1324
02-27 18:48:15.120   273   689 D audio_hw_primary: out_set_parameters: enter: usecase(1: low-latency-playback) kvpairs: routing=2
02-27 18:48:15.120   273   689 V msm8974_platform: platform_get_output_snd_device: enter: output devices(0x2)
02-27 18:48:15.120   273   689 V msm8974_platform: platform_get_output_snd_device: exit: snd_device(speaker)
02-27 18:48:15.128  1292  3789 W ContextImpl: Calling a method in the system process without a qualified user: android.app.ContextImpl.sendBroadcast:1252 android.content.ContextWrapper.sendBroadcast:365 com.motorola.motocare.util.TriggerHelper$TriggerBuilder.send:76 com.motorola.motocare.internal.frameworkevents.PauseResumeTrigger.handleFrameworkEvent:53 com.motorola.motocare.internal.frameworkevents.FwEventMonitor$FrameworkListener.processFrameworkEvent:114 
02-27 18:48:15.168  1292  3789 W ContextImpl: Calling a method in the system process without a qualified user: android.app.ContextImpl.sendBroadcast:1252 android.content.ContextWrapper.sendBroadcast:365 com.motorola.motocare.util.TriggerHelper$TriggerBuilder.send:76 com.motorola.motocare.internal.frameworkevents.PauseResumeTrigger.handleFrameworkEvent:53 com.motorola.motocare.internal.frameworkevents.FwEventMonitor$FrameworkListener.processFrameworkEvent:114 
02-27 18:48:15.261  1039  1092 D WifiStateMachine: handleMessage: E msg.what=151572
02-27 18:48:15.262  1039  1092 D WifiStateMachine: processMsg: ConnectedState
02-27 18:48:15.296  1039  1092 D WifiStateMachine: processMsg: L2ConnectedState
02-27 18:48:15.322  1039  1092 D WifiStateMachine: handleMessage: X
02-27 18:48:15.324  1108  1108 I SBar.NetworkController: updateTelephonySignalStrength:  No service
02-27 18:48:15.647  1039  1055 I LaunchCheckinHandler: Displayed com.estrongs.android.pop/.view.FileExplorerActivity,wp,ca,489
02-27 18:48:15.647  1039  1055 I ActivityManager: Displayed com.estrongs.android.pop/.view.FileExplorerActivity: +490ms
02-27 18:48:15.660  1239  1239 D =SOGOU_LOG=: notifyPackageName--HotwordsController--open from notify package
02-27 18:48:15.664  3970  3970 D =SOGOU_LOG=: onStartCommand--frist notify app--isFristNotifyApp = false
02-27 18:48:15.871  5793  5799 I dalvikvm: Jit: resizing JitTable from 4096 to 8192
02-27 18:48:15.932  5793  5797 D dalvikvm: GC_CONCURRENT freed 1287K, 9% free 16925K/18540K, paused 3ms+8ms, total 45ms
02-27 18:48:16.019  5793  6038 W ResourceType: No package identifier when getting value for resource number 0x00000000
02-27 18:48:16.021  5793  6038 W ResourceType: No package identifier when getting value for resource number 0x00000000
02-27 18:48:16.022   269   706 I SFPerfTracer:      triggers: (rate: 0:10) (20708 sw vsyncs) (0 skipped) (0:183554 vsyncs) (1:372771)
02-27 18:48:16.023  5793  6038 W ResourceType: No package identifier when getting value for resource number 0x00000000
02-27 18:48:16.024  5793  6038 W ResourceType: No package identifier when getting value for resource number 0x00000000
02-27 18:48:16.026  5793  6038 W ResourceType: No package identifier when getting value for resource number 0x00000000
02-27 18:48:16.027  5793  6038 W ResourceType: No package identifier when getting value for resource number 0x00000000
02-27 18:48:16.028  5793  6038 W ResourceType: No package identifier when getting value for resource number 0x00000000
02-27 18:48:16.029  5793  6038 W ResourceType: No package identifier when getting value for resource number 0x00000000
02-27 18:48:16.030  5793  6038 W ResourceType: No package identifier when getting value for resource number 0x00000000
02-27 18:48:16.031  5793  6038 W ResourceType: No package identifier when getting value for resource number 0x00000000
02-27 18:48:16.033  5793  6038 W ResourceType: No package identifier when getting value for resource number 0x00000000
02-27 18:48:16.034  5793  6038 W ResourceType: No package identifier when getting value for resource number 0x00000000
02-27 18:48:16.036  5793  6038 W ResourceType: No package identifier when getting value for resource number 0x00000000
02-27 18:48:16.037  5793  6038 W ResourceType: No package identifier when getting value for resource number 0x00000000
02-27 18:48:16.038  5793  6038 W ResourceType: No package identifier when getting value for resource number 0x00000000
02-27 18:48:16.050  5793  6038 W ResourceType: No package identifier when getting value for resource number 0x00000000
02-27 18:48:16.051  5793  6038 W ResourceType: No package identifier when getting value for resource number 0x00000000
02-27 18:48:16.052  5793  6038 W ResourceType: No package identifier when getting value for resource number 0x00000000
02-27 18:48:16.053  5793  6038 W ResourceType: No package identifier when getting value for resource number 0x00000000
02-27 18:48:16.054  5793  6038 W ResourceType: No package identifier when getting value for resource number 0x00000000
02-27 18:48:16.057  5793  6038 W ResourceType: No package identifier when getting value for resource number 0x00000000
02-27 18:48:16.064  5793  6038 W ResourceType: No package identifier when getting value for resource number 0x00000000
02-27 18:48:16.160  1039  1092 D WifiStateMachine: handleMessage: E msg.what=131157
02-27 18:48:16.160  1039  1092 D WifiStateMachine: processMsg: ConnectedState
02-27 18:48:16.161  1039  1092 D WifiStateMachine: processMsg: L2ConnectedState
02-27 18:48:16.161  1039  1092 D WifiStateMachine: processMsg: ConnectModeState
02-27 18:48:16.161  1039  1092 D WifiStateMachine: processMsg: DriverStartedState
02-27 18:48:16.175  1039  1092 D WifiStateMachine: handleMessage: X
02-27 18:48:16.176  1039  1092 D WifiStateMachine: handleMessage: E msg.what=131157
02-27 18:48:16.177  1039  1092 D WifiStateMachine: processMsg: ConnectedState
02-27 18:48:16.178  1039  1092 D WifiStateMachine: processMsg: L2ConnectedState
02-27 18:48:16.178  1039  1092 D WifiStateMachine: processMsg: ConnectModeState
02-27 18:48:16.179  1039  1092 D WifiStateMachine: processMsg: DriverStartedState
02-27 18:48:16.188  1039  1092 D WifiStateMachine: handleMessage: X
02-27 18:48:16.234  1324  5480 E rsC++   : RS Message thread exiting.
02-27 18:48:16.261  1039  1092 D WifiStateMachine: handleMessage: E msg.what=151572
02-27 18:48:16.262  1039  1092 D WifiStateMachine: processMsg: ConnectedState
02-27 18:48:16.263  1039  1092 D WifiStateMachine: processMsg: L2ConnectedState
02-27 18:48:16.267  1108  1108 I SBar.NetworkController: onReceive: WifiManager.RSSI_CHANGED_ACTION Received
02-27 18:48:16.267  1108  1108 I SBar.NetworkController: updateTelephonySignalStrength:  No service
02-27 18:48:16.268  1039  1092 D WifiStateMachine: handleMessage: X
02-27 18:48:16.272  1108  1108 I SBar.NetworkController: refreshSignalCluster: wifi: mWifiConnected=true Wifi=zz_moto_stat_sys_wifi_signal_3_fully_wide Activity=zz_moto_stat_sys_wifi_out_wide in=false out=false Accessibility="WLAN "
02-27 18:48:16.326  1108  1108 I SBar.NetworkController: updateTelephonySignalStrength:  No service
02-27 18:48:16.762   273   689 D audio_hw_primary: out_set_parameters: enter: usecase(1: low-latency-playback) kvpairs: routing=2
02-27 18:48:16.763   273   689 V msm8974_platform: platform_get_output_snd_device: enter: output devices(0x2)
02-27 18:48:16.763   273   689 V msm8974_platform: platform_get_output_snd_device: exit: snd_device(speaker)
02-27 18:48:16.914  5793  5855 W ResourceType: Failure getting entry for 0x7f050000 (t=4 e=0) in package 0 (error -75)
02-27 18:48:16.917  5793  5855 W PackageManager: Failure retrieving text 0x7f050000 in package com.android.keyguard
02-27 18:48:16.917  5793  5855 W PackageManager: android.content.res.Resources$NotFoundException: String resource ID #0x7f050000
02-27 18:48:16.917  5793  5855 W PackageManager: 	at android.content.res.Resources.getText(Resources.java:244)
02-27 18:48:16.917  5793  5855 W PackageManager: 	at android.app.ApplicationPackageManager.getText(ApplicationPackageManager.java:994)
02-27 18:48:16.917  5793  5855 W PackageManager: 	at android.content.pm.PackageItemInfo.loadLabel(PackageItemInfo.java:115)
02-27 18:48:16.917  5793  5855 W PackageManager: 	at com.estrongs.android.pop.utils.w.a(Unknown Source)
02-27 18:48:16.917  5793  5855 W PackageManager: 	at com.estrongs.fs.impl.b.d.a(Unknown Source)
02-27 18:48:16.917  5793  5855 W PackageManager: 	at com.estrongs.android.ui.c.b.h.a(Unknown Source)
02-27 18:48:16.917  5793  5855 W PackageManager: 	at com.estrongs.android.ui.c.b.h.doInBackground(Unknown Source)
02-27 18:48:16.917  5793  5855 W PackageManager: 	at android.os.AsyncTask$2.call(AsyncTask.java:288)
02-27 18:48:16.917  5793  5855 W PackageManager: 	at java.util.concurrent.FutureTask.run(FutureTask.java:237)
02-27 18:48:16.917  5793  5855 W PackageManager: 	at android.os.AsyncTask$SerialExecutor$1.run(AsyncTask.java:231)
02-27 18:48:16.917  5793  5855 W PackageManager: 	at java.util.concurrent.ThreadPoolExecutor.runWorker(ThreadPoolExecutor.java:1112)
02-27 18:48:16.917  5793  5855 W PackageManager: 	at java.util.concurrent.ThreadPoolExecutor$Worker.run(ThreadPoolExecutor.java:587)
02-27 18:48:16.917  5793  5855 W PackageManager: 	at java.lang.Thread.run(Thread.java:841)
02-27 18:48:16.919  5793  5855 W ResourceType: Failure getting entry for 0x7f050000 (t=4 e=0) in package 0 (error -75)
02-27 18:48:16.944  5793  5797 D dalvikvm: GC_CONCURRENT freed 2149K, 12% free 17413K/19596K, paused 3ms+15ms, total 74ms
02-27 18:48:16.945  5793  5855 D dalvikvm: WAIT_FOR_CONCURRENT_GC blocked 25ms
02-27 18:48:16.946  5793  6058 D dalvikvm: WAIT_FOR_CONCURRENT_GC blocked 25ms
02-27 18:48:16.947  5793  5855 W PackageManager: Failure retrieving text 0x7f050000 in package com.android.keyguard
02-27 18:48:16.947  5793  5855 W PackageManager: android.content.res.Resources$NotFoundException: String resource ID #0x7f050000
02-27 18:48:16.947  5793  5855 W PackageManager: 	at android.content.res.Resources.getText(Resources.java:244)
02-27 18:48:16.947  5793  5855 W PackageManager: 	at android.app.ApplicationPackageManager.getText(ApplicationPackageManager.java:994)
02-27 18:48:16.947  5793  5855 W PackageManager: 	at android.content.pm.PackageItemInfo.loadLabel(PackageItemInfo.java:115)
02-27 18:48:16.947  5793  5855 W PackageManager: 	at com.estrongs.android.pop.utils.w.a(Unknown Source)
02-27 18:48:16.947  5793  5855 W PackageManager: 	at com.estrongs.fs.impl.b.d.a(Unknown Source)
02-27 18:48:16.947  5793  5855 W PackageManager: 	at com.estrongs.fs.impl.b.d.a(Unknown Source)
02-27 18:48:16.947  5793  5855 W PackageManager: 	at com.estrongs.android.ui.c.b.h.a(Unknown Source)
02-27 18:48:16.947  5793  5855 W PackageManager: 	at com.estrongs.android.ui.c.b.h.doInBackground(Unknown Source)
02-27 18:48:16.947  5793  5855 W PackageManager: 	at android.os.AsyncTask$2.call(AsyncTask.java:288)
02-27 18:48:16.947  5793  5855 W PackageManager: 	at java.util.concurrent.FutureTask.run(FutureTask.java:237)
02-27 18:48:16.947  5793  5855 W PackageManager: 	at android.os.AsyncTask$SerialExecutor$1.run(AsyncTask.java:231)
02-27 18:48:16.947  5793  5855 W PackageManager: 	at java.util.concurrent.ThreadPoolExecutor.runWorker(ThreadPoolExecutor.java:1112)
02-27 18:48:16.947  5793  5855 W PackageManager: 	at java.util.concurrent.ThreadPoolExecutor$Worker.run(ThreadPoolExecutor.java:587)
02-27 18:48:16.947  5793  5855 W PackageManager: 	at java.lang.Thread.run(Thread.java:841)
02-27 18:48:17.101  5793  5793 W View    : requestLayout() improperly called by android.widget.CheckBox{420733d0 IFED.... ......ID 656,19-700,63 #7f0a00a2 app:id/checkbox} during layout: running second layout pass
02-27 18:48:17.102  5793  5793 W View    : requestLayout() improperly called by android.widget.CheckBox{421f1430 IFED.... ......ID 656,19-700,63 #7f0a00a2 app:id/checkbox} during layout: running second layout pass
02-27 18:48:17.103  5793  5793 W View    : requestLayout() improperly called by android.widget.CheckBox{42515f60 IFED.... ......ID 656,19-700,63 #7f0a00a2 app:id/checkbox} during layout: running second layout pass
02-27 18:48:17.103  5793  5793 W View    : requestLayout() improperly called by android.widget.CheckBox{42685b00 IFED.... ......ID 656,19-700,63 #7f0a00a2 app:id/checkbox} during layout: running second layout pass
02-27 18:48:17.104  5793  5793 W View    : requestLayout() improperly called by android.widget.CheckBox{427a4ea0 IFED.... ......ID 656,19-700,63 #7f0a00a2 app:id/checkbox} during layout: running second layout pass
02-27 18:48:17.104  5793  5793 W View    : requestLayout() improperly called by android.widget.CheckBox{42975080 IFED.... ......ID 656,19-700,63 #7f0a00a2 app:id/checkbox} during layout: running second layout pass
02-27 18:48:17.104  5793  5793 W View    : requestLayout() improperly called by android.widget.CheckBox{420a04f0 IFED.... ......ID 656,19-700,63 #7f0a00a2 app:id/checkbox} during layout: running second layout pass
02-27 18:48:17.105  5793  5793 W View    : requestLayout() improperly called by android.widget.CheckBox{420a0f20 IFED.... ......ID 656,19-700,63 #7f0a00a2 app:id/checkbox} during layout: running second layout pass
02-27 18:48:17.106  5793  5793 W View    : requestLayout() improperly called by android.widget.CheckBox{420a1cc0 IFED.... ......ID 656,19-700,63 #7f0a00a2 app:id/checkbox} during layout: running second layout pass
02-27 18:48:17.106  5793  5793 W View    : requestLayout() improperly called by android.widget.CheckBox{420a3140 IFED.... ......ID 656,19-700,63 #7f0a00a2 app:id/checkbox} during layout: running second layout pass
02-27 18:48:17.107  5793  5793 W View    : requestLayout() improperly called by android.widget.CheckBox{42940208 IFED.... ......ID 656,19-700,63 #7f0a00a2 app:id/checkbox} during layout: running second layout pass
02-27 18:48:17.262  1039  1092 D WifiStateMachine: handleMessage: E msg.what=151572
02-27 18:48:17.262  1039  1092 D WifiStateMachine: processMsg: ConnectedState
02-27 18:48:17.263  1039  1092 D WifiStateMachine: processMsg: L2ConnectedState
02-27 18:48:17.275  5793  5793 W View    : requestLayout() improperly called by android.widget.CheckBox{42228cb0 IFED.... ......ID 656,19-700,63 #7f0a00a2 app:id/checkbox} during layout: running second layout pass
02-27 18:48:17.277  5793  5793 W View    : requestLayout() improperly called by android.widget.CheckBox{426dbb30 IFED.... ......ID 656,19-700,63 #7f0a00a2 app:id/checkbox} during layout: running second layout pass
02-27 18:48:17.278  5793  5793 W View    : requestLayout() improperly called by android.widget.CheckBox{420a1938 IFED.... ......ID 656,19-700,63 #7f0a00a2 app:id/checkbox} during layout: running second layout pass
02-27 18:48:17.279  1039  1092 D WifiStateMachine: handleMessage: X
02-27 18:48:17.280  5793  5793 W View    : requestLayout() improperly called by android.widget.CheckBox{420c3d68 IFED.... ......ID 656,19-700,63 #7f0a00a2 app:id/checkbox} during layout: running second layout pass
02-27 18:48:17.281  5793  5793 W View    : requestLayout() improperly called by android.widget.CheckBox{424801b8 IFED.... ......ID 656,19-700,63 #7f0a00a2 app:id/checkbox} during layout: running second layout pass
02-27 18:48:17.282  5793  5793 W View    : requestLayout() improperly called by android.widget.CheckBox{41ff5468 IFED.... ......ID 656,19-700,63 #7f0a00a2 app:id/checkbox} during layout: running second layout pass
02-27 18:48:17.283  5793  5793 W View    : requestLayout() improperly called by android.widget.CheckBox{428a0c28 IFED.... ......ID 656,19-700,63 #7f0a00a2 app:id/checkbox} during layout: running second layout pass
02-27 18:48:17.284  5793  5793 W View    : requestLayout() improperly called by android.widget.CheckBox{42158518 IFED.... ......ID 656,19-700,63 #7f0a00a2 app:id/checkbox} during layout: running second layout pass
02-27 18:48:17.284  5793  5793 W View    : requestLayout() improperly called by android.widget.CheckBox{42694a88 IFED.... ......ID 656,19-700,63 #7f0a00a2 app:id/checkbox} during layout: running second layout pass
02-27 18:48:17.285  5793  5793 W View    : requestLayout() improperly called by android.widget.CheckBox{429df168 IFED.... ......ID 656,19-700,63 #7f0a00a2 app:id/checkbox} during layout: running second layout pass
02-27 18:48:17.286  5793  5793 W View    : requestLayout() improperly called by android.widget.CheckBox{427b7708 IFED.... ......ID 656,19-700,63 #7f0a00a2 app:id/checkbox} during layout: running second layout pass
02-27 18:48:17.396  1039  1092 D WifiStateMachine: handleMessage: E msg.what=131155
02-27 18:48:17.396  1039  1092 D WifiStateMachine: processMsg: ConnectedState
02-27 18:48:17.396  1039  1092 D WifiStateMachine: processMsg: L2ConnectedState
02-27 18:48:17.411  1039  1092 D WifiStateMachine: handleMessage: X
02-27 18:48:18.263  1039  1092 D WifiStateMachine: handleMessage: E msg.what=151572
02-27 18:48:18.264  1039  1092 D WifiStateMachine: processMsg: ConnectedState
02-27 18:48:18.264  1039  1092 D WifiStateMachine: processMsg: L2ConnectedState
02-27 18:48:18.280  1039  1092 D WifiStateMachine: handleMessage: X
02-27 18:48:18.327  1108  1108 I SBar.NetworkController: updateTelephonySignalStrength:  No service
02-27 18:48:18.740  5793  5797 D dalvikvm: GC_CONCURRENT freed 3986K, 20% free 16210K/20228K, paused 4ms+7ms, total 69ms
02-27 18:48:18.741  5793  5793 D dalvikvm: WAIT_FOR_CONCURRENT_GC blocked 57ms
02-27 18:48:18.781  5793  5793 D dalvikvm: GC_FOR_ALLOC freed 180K, 21% free 16097K/20228K, paused 31ms, total 31ms
