02-27 18:45:21.878  1292  3789 W ContextImpl: Calling a method in the system process without a qualified user: android.app.ContextImpl.sendBroadcast:1252 android.content.ContextWrapper.sendBroadcast:365 com.motorola.motocare.util.TriggerHelper$TriggerBuilder.send:76 com.motorola.motocare.internal.frameworkevents.PauseResumeTrigger.handleFrameworkEvent:53 com.motorola.motocare.internal.frameworkevents.FwEventMonitor$FrameworkListener.processFrameworkEvent:114 
02-27 18:45:21.942  1039  1060 D UsbDeviceManager: MSG_USER_LOCKED
02-27 18:45:21.966  1039  1971 E UsbDebuggingManager: got -1 reading
02-27 18:45:22.761  1039  1103 I WindowManager: Lock screen displayed!
02-27 18:45:22.762  1039  1080 D DisplayPowerController: Unblocked screen on after 22871615 ms
02-27 18:45:24.147   269   706 I SFPerfTracer:      triggers: (rate: 0:10) (20625 sw vsyncs) (0 skipped) (54:180764 vsyncs) (56:368633)
02-27 18:45:24.583  1292  1292 W ContextImpl: Calling a method in the system process without a qualified user: android.app.ContextImpl.startService:1608 android.content.ContextWrapper.startService:494 android.content.ContextWrapper.startService:494 com.motorola.motocare.internal.batterystats.BatteryStatsAction.onReceive:33 android.app.ActivityThread.handleReceiver:2434 
02-27 18:45:25.128  1292  1292 W ContextImpl: Calling a method in the system process without a qualified user: android.app.ContextImpl.startService:1608 android.content.ContextWrapper.startService:494 android.content.ContextWrapper.startService:494 com.motorola.motocare.internal.batterystats.BatteryStatsAction.onReceive:33 android.app.ActivityThread.handleReceiver:2434 
02-27 18:45:29.522   269   706 I SFPerfTracer:      triggers: (rate: 0:10) (20625 sw vsyncs) (0 skipped) (0:180811 vsyncs) (1:368734)
02-27 18:45:32.280  1039  1080 I PowerManagerService: Nap time...
02-27 18:45:32.281  1039  1080 I PowerManagerService: Going to sleep due to screen timeout...
02-27 18:45:33.054   269   269 I SFPerfTracer:      triggers: (rate: 16:672) (compose: 0:69) (post: 0:19) (render: 11:316) (23:28026 frames) (24:76232)
02-27 18:45:33.054   269   269 D SFPerfTracer:        layers: (5:12) (DimLayer: 0:350)* (FocusedStackFrame: 0:1573)* (StatusBar: 0:10938) (NavigationBar: 0:6516) (com.android.systemui.ImageWallpaper: 0:878) (DimLayer: 0:3402)* (DimLayer: 0:292)* (com.comtop.mim/com.comtop.mim.ui.MainActivity: 0:123)* (ElectronBeam: 0:21)* (Keyguard: 0:5) (ElectronBeam: 24:26) 
02-27 18:45:35.397  1292  1292 W ContextImpl: Calling a method in the system process without a qualified user: android.app.ContextImpl.startService:1608 android.content.ContextWrapper.startService:494 android.content.ContextWrapper.startService:494 com.motorola.motocare.internal.batterystats.BatteryStatsAction.onReceive:33 android.app.ActivityThread.handleReceiver:2434 
02-27 18:45:35.654  1039  1084 I PowerManagerService: Waking up from sleep...
02-27 18:45:35.711  1039 11209 I WindowManager: Lock screen displayed!
02-27 18:45:35.714  1039  1080 D DisplayPowerController: Unblocked screen on after 22884566 ms
02-27 18:45:36.012   269   706 I SFPerfTracer:      triggers: (rate: 0:10) (20708 sw vsyncs) (0 skipped) (0:180845 vsyncs) (82:368883)
02-27 18:45:37.430  1292  3789 W ContextImpl: Calling a method in the system process without a qualified user: android.app.ContextImpl.sendBroadcast:1252 android.content.ContextWrapper.sendBroadcast:365 com.motorola.motocare.util.TriggerHelper$TriggerBuilder.send:76 com.motorola.motocare.internal.frameworkevents.PauseResumeTrigger.handleFrameworkEvent:53 com.motorola.motocare.internal.frameworkevents.FwEventMonitor$FrameworkListener.processFrameworkEvent:114 
02-27 18:45:37.532  1039  1322 I ActivityManager: Start proc eu.chainfire.supersu for broadcast eu.chainfire.supersu/.UserPresentReceiver: pid=3726 uid=10100 gids={50100}
02-27 18:45:37.584  1039  1322 W InputMethodManagerService: Window already focused, ignoring focus gain of: com.android.internal.view.IInputMethodClient$Stub$Proxy@4221bab0 attribute=android.view.inputmethod.EditorInfo@42cc9b20, token = android.os.BinderProxy@422864f8
02-27 18:45:37.722  1039  1060 D UsbDeviceManager: MSG_USER_PRESENT
02-27 18:45:38.631   269   706 I SFPerfTracer:      triggers: (rate: 0:10) (20708 sw vsyncs) (0 skipped) (0:180923 vsyncs) (1:368984)
02-27 18:45:39.844  1039 11207 W ActivityManager: Unable to start service Intent { act=com.sogou.pushservice.action.METHOD cmp=/com.sogou.udp.push.PushService (has extras) } U=0: not found
02-27 18:45:39.845  1039 11209 W BroadcastQueue: Permission Denial: broadcasting Intent { act=android.intent.action.USER_PRESENT flg=0x24000010 } from com.android.keyguard (pid=1108, uid=10025) is not exported from uid 10813 due to receiver com.lenew.app.UULife/cn.jpush.android.service.PushReceiver
02-27 18:45:39.857  1039  1056 I ActivityManager: Start proc com.estrongs.android.pop for broadcast com.estrongs.android.pop/.app.StartServiceReceiver: pid=3742 uid=10102 gids={50102, 3003, 3002, 3001, 1028, 1015}
02-27 18:45:40.187  1292  1292 W ContextImpl: Calling a method in the system process without a qualified user: android.app.ContextImpl.startService:1608 android.content.ContextWrapper.startService:494 android.content.ContextWrapper.startService:494 com.motorola.motocare.internal.batterystats.BatteryStatsAction.onReceive:33 android.app.ActivityThread.handleReceiver:2434 
02-27 18:45:40.194  1039  1095 D WifiService: New client listening to asynchronous messages
02-27 18:45:40.257  1039  4780 I ActivityManager: Process android.process.media (pid 31736) has died.
02-27 18:45:41.801   269   269 I SFPerfTracer:      triggers: (rate: 16:676) (compose: 0:69) (post: 0:19) (render: 11:316) (13:28112 frames) (14:76337)
02-27 18:45:41.801   269   269 D SFPerfTracer:        layers: (3:11) (DimLayer: 0:350)* (FocusedStackFrame: 0:1575)* (StatusBar: 0:10951) (NavigationBar: 0:6540) (com.android.systemui.ImageWallpaper: 0:879)* (DimLayer: 0:3402)* (DimLayer: 0:296)* (com.comtop.mim/com.comtop.mim.ui.MainActivity: 14:157) (Keyguard: 0:69)* (ElectronBeam: 0:27)* 
02-27 18:45:44.156   269   706 I SFPerfTracer:      triggers: (rate: 0:10) (20708 sw vsyncs) (0 skipped) (13:180974 vsyncs) (15:369088)
02-27 18:45:47.799  1039  1096 D ConnectivityService: ConnectivityChange for WIFI: DISCONNECTED/DISCONNECTED
02-27 18:45:47.799  1039  1096 D ConnectivityService: tryFailover: set mActiveDefaultNetwork=-1, prevNetType=1
02-27 18:45:47.805  1039  1096 D ConnectivityService: Attempting to switch to mobile
02-27 18:45:47.806  1039  1096 D ConnectivityService: Attempting to switch to BLUETOOTH_TETHER
02-27 18:45:47.806  1039  1096 D ConnectivityService: Attempting to switch to ETHERNET
02-27 18:45:47.826  1039  1096 D ConnectivityService: resetConnections(wlan0, 3)
02-27 18:45:47.919  1039  1096 D Nat464Xlat: requiresClat: netType=1, hasIPv4Address=true
02-27 18:45:47.922  1039  1096 D ConnectivityService: ConnectivityChange for WIFI: DISCONNECTED/DISCONNECTED
02-27 18:45:47.923  1039  1096 D ConnectivityService: Attempting to switch to mobile
02-27 18:45:47.924  1039  1096 D ConnectivityService: Attempting to switch to BLUETOOTH_TETHER
02-27 18:45:47.924  1039  1096 D ConnectivityService: Attempting to switch to ETHERNET
02-27 18:45:48.009  1039  1096 D Nat464Xlat: requiresClat: netType=1, hasIPv4Address=true
02-27 18:45:48.630  1039  1309 I ActivityManager: Start proc com.google.android.gms.unstable for service com.google.android.gms/.droidguard.DroidGuardService: pid=3826 uid=10020 gids={50020, 3003, 1007, 3002, 3001, 1028, 1015, 3007, 2001, 3006}
02-27 18:45:48.949   269   706 I SFPerfTracer:      triggers: (rate: 0:10) (20708 sw vsyncs) (0 skipped) (0:181031 vsyncs) (1:369189)
02-27 18:45:50.942  1039  1214 D ConnectivityService: setProvNotificationVisible: E visible=false networkType=1 extraInfo=null url=null
02-27 18:45:51.253  2050  2050 E ActivityThread: Failed to find provider info for com.motorola.blur.setupprovider
02-27 18:45:51.366  2050  2050 E ActivityThread: Failed to find provider info for com.motorola.blur.setupprovider
02-27 18:45:51.397  1039  1322 I ActivityManager: Start proc com.google.android.setupwizard for broadcast com.google.android.setupwizard/.MobileConnectivityChangeReceiver: pid=3879 uid=10038 gids={50038, 3003}
02-27 18:45:51.620  1039  1103 I ActivityManager: Start proc com.google.android.apps.magazines for broadcast com.google.android.apps.magazines/com.google.apps.dots.android.newsstand.appwidget.NewsWidgetProvider: pid=3894 uid=10070 gids={50070, 3003, 1028, 1015}
02-27 18:45:51.652  1039  1323 I ActivityManager: Process eu.chainfire.supersu (pid 3726) has died.
02-27 18:45:52.243  1039  1050 I ActivityManager: Start proc com.sohu.inputmethod.sogou:classic for broadcast com.sohu.inputmethod.sogou/com.sogou.androidtool.receiver.NetChangeReceiver: pid=3955 uid=10171 gids={50171, 3003, 1028, 1015}
02-27 18:45:52.271  1039 11208 I ActivityManager: Process sogou.mobile.explorer.hotwords (pid 3173) has died.
02-27 18:45:52.472  1039 23058 I ActivityManager: Start proc sogou.mobile.explorer.hotwords for broadcast com.sohu.inputmethod.sogou/sogou.mobile.explorer.hotwords.browser.SemobWakeUpReceiver: pid=3970 uid=10171 gids={50171, 3003, 1028, 1015}
02-27 18:45:52.527  1039 11210 W ActivityManager: Unable to start service Intent { act=com.sogou.pushservice.action.METHOD cmp=/com.sogou.udp.push.PushService (has extras) } U=0: not found
02-27 18:45:52.560  1039 10903 I ActivityManager: Start proc com.diune.pictures for broadcast com.diune.pictures/.service.NetworkChangeReceiver: pid=3985 uid=10317 gids={50317, 3003, 1028, 1015}
02-27 18:45:52.606  1039  1322 I ActivityManager: Process com.estrongs.android.pop (pid 3742) has died.
02-27 18:45:52.606  1039  1095 D WifiService: Client connection lost with reason: 4
02-27 18:45:52.607  1039  1322 W ActivityManager: Service ServiceRecord{42a2a1d0 u0 com.estrongs.android.pop/com.estrongs.android.ui.notification.ESTaskService} in process ProcessRecord{4287fa38 3742:com.estrongs.android.pop/u0a102} not same as in map: null
02-27 18:45:52.692  1039  1309 I ActivityManager: Start proc com.xianguo.pad for broadcast com.xianguo.pad/.activity.manager.NetworkMonitor: pid=3997 uid=10473 gids={50473, 3003, 1028, 1015}
02-27 18:45:52.733  1039  1102 I ActivityManager: Process com.google.android.apps.magazines (pid 3894) has died.
02-27 18:45:52.787  1039  1049 I ActivityManager: Process com.google.android.setupwizard (pid 3879) has died.
02-27 18:45:52.873  1039 23058 I ActivityManager: Start proc com.google.android.setupwizard for broadcast com.google.android.setupwizard/.MobileConnectivityChangeReceiver: pid=4014 uid=10038 gids={50038, 3003}
02-27 18:45:52.929  1039  1102 I ActivityManager: Start proc com.google.android.apps.magazines for broadcast com.google.android.apps.magazines/com.google.apps.dots.android.newsstand.appwidget.NewsWidgetProvider: pid=4028 uid=10070 gids={50070, 3003, 1028, 1015}
02-27 18:45:53.058  1039  1050 I ActivityManager: Process com.sohu.inputmethod.sogou:classic (pid 3955) has died.
02-27 18:45:53.191  1039  1309 I ActivityManager: Start proc com.sohu.inputmethod.sogou:classic for broadcast com.sohu.inputmethod.sogou/com.sogou.androidtool.receiver.NetChangeReceiver: pid=4079 uid=10171 gids={50171, 3003, 1028, 1015}
02-27 18:45:53.257  1039 10903 W ActivityManager: Unable to start service Intent { act=com.sogou.pushservice.action.METHOD cmp=/com.sogou.udp.push.PushService (has extras) } U=0: not found
02-27 18:45:53.521  1039  1322 I ActivityManager: Process com.google.android.apps.magazines (pid 4028) has died.
02-27 18:45:53.954  1039 10902 I ActivityManager: Process com.sohu.inputmethod.sogou:classic (pid 4079) has died.
02-27 18:45:56.231   269   706 I SFPerfTracer:      triggers: (rate: 0:10) (20708 sw vsyncs) (0 skipped) (18:181075 vsyncs) (20:369301)
02-27 18:45:56.684  1039  1081 V AlarmManager: sending alarm Alarm{431f0008 type 2 com.google.android.gms}
02-27 18:45:58.695  1292  3789 W ContextImpl: Calling a method in the system process without a qualified user: android.app.ContextImpl.sendBroadcast:1252 android.content.ContextWrapper.sendBroadcast:365 com.motorola.motocare.util.TriggerHelper$TriggerBuilder.send:76 com.motorola.motocare.internal.frameworkevents.ProcessKillTrigger.sendTrigger:147 com.motorola.motocare.internal.frameworkevents.ProcessKillTrigger.handleLmkKill:337 
02-27 18:45:58.703  1292  3789 W ContextImpl: Calling a method in the system process without a qualified user: android.app.ContextImpl.sendBroadcast:1252 android.content.ContextWrapper.sendBroadcast:365 com.motorola.motocare.util.TriggerHelper$TriggerBuilder.send:76 com.motorola.motocare.internal.frameworkevents.ProcessKillTrigger.sendTrigger:147 com.motorola.motocare.internal.frameworkevents.ProcessKillTrigger.handleLmkKill:337 
02-27 18:45:58.709  1292  3789 W ContextImpl: Calling a method in the system process without a qualified user: android.app.ContextImpl.sendBroadcast:1252 android.content.ContextWrapper.sendBroadcast:365 com.motorola.motocare.util.TriggerHelper$TriggerBuilder.send:76 com.motorola.motocare.internal.frameworkevents.ProcessKillTrigger.sendTrigger:147 com.motorola.motocare.internal.frameworkevents.ProcessKillTrigger.handleLmkKill:337 
02-27 18:45:58.713  1292  3789 W ContextImpl: Calling a method in the system process without a qualified user: android.app.ContextImpl.sendBroadcast:1252 android.content.ContextWrapper.sendBroadcast:365 com.motorola.motocare.util.TriggerHelper$TriggerBuilder.send:76 com.motorola.motocare.internal.frameworkevents.ProcessKillTrigger.sendTrigger:147 com.motorola.motocare.internal.frameworkevents.ProcessKillTrigger.handleLmkKill:337 
02-27 18:45:58.722  1292  3789 W ContextImpl: Calling a method in the system process without a qualified user: android.app.ContextImpl.sendBroadcast:1252 android.content.ContextWrapper.sendBroadcast:365 com.motorola.motocare.util.TriggerHelper$TriggerBuilder.send:76 com.motorola.motocare.internal.frameworkevents.ProcessKillTrigger.sendTrigger:147 com.motorola.motocare.internal.frameworkevents.ProcessKillTrigger.handleLmkKill:337 
02-27 18:45:58.726  1292  3789 W ContextImpl: Calling a method in the system process without a qualified user: android.app.ContextImpl.sendBroadcast:1252 android.content.ContextWrapper.sendBroadcast:365 com.motorola.motocare.util.TriggerHelper$TriggerBuilder.send:76 com.motorola.motocare.internal.frameworkevents.ProcessKillTrigger.sendTrigger:147 com.motorola.motocare.internal.frameworkevents.ProcessKillTrigger.handleLmkKill:337 
02-27 18:45:58.730  1292  3789 W ContextImpl: Calling a method in the system process without a qualified user: android.app.ContextImpl.sendBroadcast:1252 android.content.ContextWrapper.sendBroadcast:365 com.motorola.motocare.util.TriggerHelper$TriggerBuilder.send:76 com.motorola.motocare.internal.frameworkevents.ProcessKillTrigger.sendTrigger:147 com.motorola.motocare.internal.frameworkevents.ProcessKillTrigger.handleLmkKill:337 
02-27 18:45:58.734  1292  3789 W ContextImpl: Calling a method in the system process without a qualified user: android.app.ContextImpl.sendBroadcast:1252 android.content.ContextWrapper.sendBroadcast:365 com.motorola.motocare.util.TriggerHelper$TriggerBuilder.send:76 com.motorola.motocare.internal.frameworkevents.ProcessKillTrigger.sendTrigger:147 com.motorola.motocare.internal.frameworkevents.ProcessKillTrigger.handleLmkKill:337 
02-27 18:45:58.740  1292  3789 W ContextImpl: Calling a method in the system process without a qualified user: android.app.ContextImpl.sendBroadcast:1252 android.content.ContextWrapper.sendBroadcast:365 com.motorola.motocare.util.TriggerHelper$TriggerBuilder.send:76 com.motorola.motocare.internal.frameworkevents.ProcessKillTrigger.sendTrigger:147 com.motorola.motocare.internal.frameworkevents.ProcessKillTrigger.handleLmkKill:337 
02-27 18:45:58.749  1292  3789 W ContextImpl: Calling a method in the system process without a qualified user: android.app.ContextImpl.sendBroadcast:1252 android.content.ContextWrapper.sendBroadcast:365 com.motorola.motocare.util.TriggerHelper$TriggerBuilder.send:76 com.motorola.motocare.internal.frameworkevents.ProcessKillTrigger.sendTrigger:147 com.motorola.motocare.internal.frameworkevents.ProcessKillTrigger.handleLmkKill:337 
02-27 18:45:58.763  1292  3789 W ContextImpl: Calling a method in the system process without a qualified user: android.app.ContextImpl.sendBroadcast:1252 android.content.ContextWrapper.sendBroadcast:365 com.motorola.motocare.util.TriggerHelper$TriggerBuilder.send:76 com.motorola.motocare.internal.frameworkevents.ProcessKillTrigger.sendTrigger:147 com.motorola.motocare.internal.frameworkevents.ProcessKillTrigger.handleLmkKill:337 
02-27 18:45:59.999  1039  1081 V AlarmManager: sending alarm Alarm{431f00e0 type 3 android}
02-27 18:46:00.031   269   269 I SFPerfTracer:      triggers: (rate: 16:676) (compose: 0:69) (post: 0:19) (render: 11:316) (12:28203 frames) (13:76440)
02-27 18:46:00.032   269   269 D SFPerfTracer:        layers: (3:9) (DimLayer: 0:350)* (FocusedStackFrame: 0:1575)* (StatusBar: 0:10953) (NavigationBar: 0:6540) (com.android.systemui.ImageWallpaper: 0:879)* (DimLayer: 0:3402)* (DimLayer: 0:296)* (com.comtop.mim/com.comtop.mim.ui.MainActivity: 13:254) 
02-27 18:46:03.896   269   706 I SFPerfTracer:      triggers: (rate: 0:10) (20708 sw vsyncs) (0 skipped) (0:181100 vsyncs) (1:369402)
02-27 18:46:10.913   269   706 I SFPerfTracer:      triggers: (rate: 0:10) (20708 sw vsyncs) (0 skipped) (0:181133 vsyncs) (1:369503)
02-27 18:46:17.167   269   706 I SFPerfTracer:      triggers: (rate: 0:10) (20708 sw vsyncs) (0 skipped) (12:181176 vsyncs) (14:369607)
02-27 18:46:18.884 32415   532 W ActivityThread: ClassLoader.loadClass: The class loader returned by Thread.getContextClassLoader() may fail for processes that host multiple applications. You should explicitly specify a context class loader. For example: Thread.setContextClassLoader(getClass().getClassLoader());
02-27 18:46:19.150   269   269 I SFPerfTracer:      triggers: (rate: 16:676) (compose: 0:69) (post: 0:19) (render: 11:316) (12:28292 frames) (13:76541)
02-27 18:46:19.150   269   269 D SFPerfTracer:        layers: (3:9) (DimLayer: 0:350)* (FocusedStackFrame: 0:1575)* (StatusBar: 0:10954) (NavigationBar: 0:6540) (com.android.systemui.ImageWallpaper: 0:879)* (DimLayer: 0:3402)* (DimLayer: 0:296)* (com.comtop.mim/com.comtop.mim.ui.MainActivity: 13:349) 
02-27 18:46:24.251   269   706 I SFPerfTracer:      triggers: (rate: 0:10) (20708 sw vsyncs) (0 skipped) (0:181209 vsyncs) (1:369708)
02-27 18:46:27.420  1039  1103 I ActivityManager: START u0 {act=com.android.systemui.recent.action.TOGGLE_RECENTS flg=0x10800000 cmp=com.android.systemui/.recent.RecentsActivity (has extras)} from pid 1108
02-27 18:46:27.519  1292  3789 W ContextImpl: Calling a method in the system process without a qualified user: android.app.ContextImpl.sendBroadcast:1252 android.content.ContextWrapper.sendBroadcast:365 com.motorola.motocare.util.TriggerHelper$TriggerBuilder.send:76 com.motorola.motocare.internal.frameworkevents.PauseResumeTrigger.handleFrameworkEvent:53 com.motorola.motocare.internal.frameworkevents.FwEventMonitor$FrameworkListener.processFrameworkEvent:114 
02-27 18:46:27.530  1292  3789 W ContextImpl: Calling a method in the system process without a qualified user: android.app.ContextImpl.sendBroadcast:1252 android.content.ContextWrapper.sendBroadcast:365 com.motorola.motocare.util.TriggerHelper$TriggerBuilder.send:76 com.motorola.motocare.internal.frameworkevents.PauseResumeTrigger.handleFrameworkEvent:53 com.motorola.motocare.internal.frameworkevents.FwEventMonitor$FrameworkListener.processFrameworkEvent:114 
02-27 18:46:27.605  1039 10903 W InputMethodManagerService: Starting input on non-focused client com.android.internal.view.IInputMethodClient$Stub$Proxy@42886190 (uid=10817 pid=1817)
02-27 18:46:27.666  1039  1055 I LaunchCheckinHandler: Displayed com.android.systemui/.recent.RecentsActivity,wp,wa,244
02-27 18:46:27.859  1039  1322 W ActivityManager: Unable to start service Intent { cmp=sogou.mobile.explorer/.ActivateBrowserService } U=0: not found
02-27 18:46:28.287  1039  1049 I ActivityManager: Process com.google.android.setupwizard (pid 4014) has died.
02-27 18:46:29.160   269   706 I SFPerfTracer:      triggers: (rate: 0:10) (20708 sw vsyncs) (0 skipped) (0:181262 vsyncs) (2:369810)
02-27 18:46:29.378   269   269 I SFPerfTracer:      triggers: (rate: 16:677) (compose: 0:69) (post: 0:19) (render: 11:317) (0:28359 frames) (1:76641)
02-27 18:46:29.379   269   269 D SFPerfTracer:        layers: (4:11) (DimLayer: 0:350)* (FocusedStackFrame: 1:1577)* (StatusBar: 0:10954) (NavigationBar: 0:6561) (com.android.systemui.ImageWallpaper: 0:881) (DimLayer: 0:3402)* (DimLayer: 0:296)* (com.comtop.mim/com.comtop.mim.ui.MainActivity: 0:413)* (com.android.systemui/com.android.systemui.recent.RecentsActivity: 1:29) (thumbnail anim: 0:17)* 
02-27 18:46:29.492  1039 11210 I ActivityManager: Killing 1859:com.comtop.mim:TcmsService/u0a817 (adj 8): remove task
02-27 18:46:29.494  1292  3789 W ContextImpl: Calling a method in the system process without a qualified user: android.app.ContextImpl.sendBroadcast:1252 android.content.ContextWrapper.sendBroadcast:365 com.motorola.motocare.util.TriggerHelper$TriggerBuilder.send:76 com.motorola.motocare.internal.frameworkevents.ProcessKillTrigger.sendTrigger:147 com.motorola.motocare.internal.frameworkevents.ProcessKillTrigger.handleFrameworkEvent:164 
02-27 18:46:29.522  1039  1322 W ActivityManager: Scheduling restart of crashed service com.comtop.mim/com.alibaba.tcms.service.TCMSService in 1000ms
02-27 18:46:29.574  1039 10903 I ActivityManager: Killing 1817:com.comtop.mim/u0a817 (adj 16): remove task
02-27 18:46:29.577  1292  3789 W ContextImpl: Calling a method in the system process without a qualified user: android.app.ContextImpl.sendBroadcast:1252 android.content.ContextWrapper.sendBroadcast:365 com.motorola.motocare.util.TriggerHelper$TriggerBuilder.send:76 com.motorola.motocare.internal.frameworkevents.ProcessKillTrigger.sendTrigger:147 com.motorola.motocare.internal.frameworkevents.ProcessKillTrigger.handleFrameworkEvent:164 
02-27 18:46:29.646  1039  4780 W ActivityManager: Scheduling restart of crashed service com.comtop.mim/com.alibaba.tcms.service.ListenerService in 10876ms
02-27 18:46:30.099  1292  3789 W ContextImpl: Calling a method in the system process without a qualified user: android.app.ContextImpl.sendBroadcast:1252 android.content.ContextWrapper.sendBroadcast:365 com.motorola.motocare.util.TriggerHelper$TriggerBuilder.send:76 com.motorola.motocare.internal.frameworkevents.PauseResumeTrigger.handleFrameworkEvent:53 com.motorola.motocare.internal.frameworkevents.FwEventMonitor$FrameworkListener.processFrameworkEvent:114 
02-27 18:46:30.118  1292  3789 W ContextImpl: Calling a method in the system process without a qualified user: android.app.ContextImpl.sendBroadcast:1252 android.content.ContextWrapper.sendBroadcast:365 com.motorola.motocare.util.TriggerHelper$TriggerBuilder.send:76 com.motorola.motocare.internal.frameworkevents.PauseResumeTrigger.handleFrameworkEvent:53 com.motorola.motocare.internal.frameworkevents.FwEventMonitor$FrameworkListener.processFrameworkEvent:114 
02-27 18:46:30.533  1039  1056 I ActivityManager: Start proc com.comtop.mim:TcmsService for service com.comtop.mim/com.alibaba.tcms.service.TCMSService: pid=4209 uid=10817 gids={50817, 1028, 3003, 1015}
02-27 18:46:31.332   269   706 I SFPerfTracer:      triggers: (rate: 0:10) (20708 sw vsyncs) (0 skipped) (11:181356 vsyncs) (13:369919)
02-27 18:46:31.979  1039  1083 I ActivityManager: START u0 {act=android.intent.action.MAIN cat=[android.intent.category.HOME] flg=0x10200000 cmp=com.android.launcher/com.android.launcher2.Launcher} from pid 1039
02-27 18:46:31.987  1292  3789 W ContextImpl: Calling a method in the system process without a qualified user: android.app.ContextImpl.sendBroadcast:1252 android.content.ContextWrapper.sendBroadcast:365 com.motorola.motocare.util.TriggerHelper$TriggerBuilder.send:76 com.motorola.motocare.internal.frameworkevents.PauseResumeTrigger.handleFrameworkEvent:53 com.motorola.motocare.internal.frameworkevents.FwEventMonitor$FrameworkListener.processFrameworkEvent:114 
02-27 18:46:32.009  1292  3789 W ContextImpl: Calling a method in the system process without a qualified user: android.app.ContextImpl.sendBroadcast:1252 android.content.ContextWrapper.sendBroadcast:365 com.motorola.motocare.util.TriggerHelper$TriggerBuilder.send:76 com.motorola.motocare.internal.frameworkevents.PauseResumeTrigger.handleFrameworkEvent:53 com.motorola.motocare.internal.frameworkevents.FwEventMonitor$FrameworkListener.processFrameworkEvent:114 
02-27 18:46:32.483  1039  1055 I LaunchCheckinHandler: Displayed com.android.launcher/com.android.launcher2.Launcher,wp,wa,503
02-27 18:46:32.497   269   269 I SFPerfTracer:      triggers: (rate: 16:677) (compose: 0:69) (post: 0:19) (render: 11:317) (6:28379 frames) (7:76743)
02-27 18:46:32.498   269   269 D SFPerfTracer:        layers: (4:13) (DimLayer: 0:350)* (FocusedStackFrame: 0:1579)* (StatusBar: 0:10954) (NavigationBar: 7:6621) (com.android.systemui.ImageWallpaper: 0:882)* (DimLayer: 0:3402)* (DimLayer: 0:296)* (com.android.systemui/com.android.systemui.recent.RecentsActivity: 0:50)* (com.android.chrome/com.google.android.apps.chrome.ChromeTabbedActivity: 0:23) (SurfaceView: 0:43) (thumbnail anim: 0:17)* (com.android.launcher/com.android.launcher2.Launcher: 7:7)* 
02-27 18:46:34.036   269   706 I SFPerfTracer:      triggers: (rate: 0:10) (20708 sw vsyncs) (0 skipped) (40:181487 vsyncs) (42:370056)
02-27 18:46:37.143   269   269 I SFPerfTracer:      triggers: (rate: 16:678) (compose: 0:69) (post: 0:19) (render: 11:317) (55:28475 frames) (56:76884)
02-27 18:46:37.144   269   269 D SFPerfTracer:        layers: (4:11) (DimLayer: 0:350)* (FocusedStackFrame: 0:1579)* (StatusBar: 56:11049) (NavigationBar: 0:6640) (com.android.systemui.ImageWallpaper: 0:883) (DimLayer: 0:3402)* (DimLayer: 0:296)* (com.android.chrome/com.google.android.apps.chrome.ChromeTabbedActivity: 0:48)* (SurfaceView: 0:68)* (com.android.launcher/com.android.launcher2.Launcher: 0:48) 
02-27 18:46:37.153  1039  1050 W InputMethodManagerService: Window already focused, ignoring focus gain of: com.android.internal.view.IInputMethodClient$Stub$Proxy@4281d8e8 attribute=null, token = android.os.BinderProxy@42943780
02-27 18:46:37.487   269   706 I SFPerfTracer:      triggers: (rate: 0:10) (20708 sw vsyncs) (0 skipped) (15:181586 vsyncs) (17:370166)
02-27 18:46:38.981   269   269 I SFPerfTracer:      triggers: (rate: 16:678) (compose: 0:69) (post: 0:19) (render: 11:317) (0:28475 frames) (1:76984)
02-27 18:46:38.981   269   269 D SFPerfTracer:        layers: (3:9) (DimLayer: 0:350)* (FocusedStackFrame: 0:1579)* (StatusBar: 0:11088) (NavigationBar: 0:6659) (com.android.systemui.ImageWallpaper: 0:884)* (DimLayer: 0:3402)* (DimLayer: 0:296)* (com.android.launcher/com.android.launcher2.Launcher: 1:128) 
02-27 18:46:42.662   269   706 I SFPerfTracer:      triggers: (rate: 0:10) (20708 sw vsyncs) (0 skipped) (98:181715 vsyncs) (100:370301)
02-27 18:46:45.300   269   706 I SFPerfTracer:      triggers: (rate: 0:10) (20708 sw vsyncs) (0 skipped) (55:181809 vsyncs) (57:370404)
02-27 18:46:45.600  1039  1103 I ActivityManager: START u0 {act=android.settings.WIFI_SETTINGS flg=0x14000000 cmp=com.android.settings/.Settings$WifiSettingsActivity} from pid 1108
02-27 18:46:45.730  1292  3789 W ContextImpl: Calling a method in the system process without a qualified user: android.app.ContextImpl.sendBroadcast:1252 android.content.ContextWrapper.sendBroadcast:365 com.motorola.motocare.util.TriggerHelper$TriggerBuilder.send:76 com.motorola.motocare.internal.frameworkevents.PauseResumeTrigger.handleFrameworkEvent:53 com.motorola.motocare.internal.frameworkevents.FwEventMonitor$FrameworkListener.processFrameworkEvent:114 
02-27 18:46:45.741  1292  3789 W ContextImpl: Calling a method in the system process without a qualified user: android.app.ContextImpl.sendBroadcast:1252 android.content.ContextWrapper.sendBroadcast:365 com.motorola.motocare.util.TriggerHelper$TriggerBuilder.send:76 com.motorola.motocare.internal.frameworkevents.PauseResumeTrigger.handleFrameworkEvent:53 com.motorola.motocare.internal.frameworkevents.FwEventMonitor$FrameworkListener.processFrameworkEvent:114 
02-27 18:46:45.985   269   269 I SFPerfTracer:      triggers: (rate: 16:680) (compose: 0:69) (post: 0:19) (render: 11:317) (11:28574 frames) (12:77093)
02-27 18:46:45.985   269   269 D SFPerfTracer:        layers: (4:9) (DimLayer: 0:350)* (FocusedStackFrame: 0:1579)* (StatusBar: 12:11142) (NavigationBar: 0:6659) (com.android.systemui.ImageWallpaper: 0:886) (DimLayer: 0:3402)* (DimLayer: 0:296)* (com.android.launcher/com.android.launcher2.Launcher: 0:181) 
02-27 18:46:46.370  1039  1091 D WifiP2pService: InactiveState{ when=0 what=139285 arg2=1 target=com.android.internal.util.StateMachine$SmHandler }
02-27 18:46:46.371  1039  1091 D WifiP2pService: P2pEnabledState{ when=0 what=139285 arg2=1 target=com.android.internal.util.StateMachine$SmHandler }
02-27 18:46:46.371  1039  1091 D WifiP2pService: DefaultState{ when=-1ms what=139285 arg2=1 target=com.android.internal.util.StateMachine$SmHandler }
02-27 18:46:46.540  1039  1091 D WifiP2pService: InactiveState{ when=0 what=139285 arg2=2 target=com.android.internal.util.StateMachine$SmHandler }
02-27 18:46:46.541  1039  1091 D WifiP2pService: P2pEnabledState{ when=-1ms what=139285 arg2=2 target=com.android.internal.util.StateMachine$SmHandler }
02-27 18:46:46.542  1039  1091 D WifiP2pService: DefaultState{ when=-1ms what=139285 arg2=2 target=com.android.internal.util.StateMachine$SmHandler }
02-27 18:46:46.693  1039  1055 I LaunchCheckinHandler: Displayed com.android.settings/.Settings$WifiSettingsActivity,wp,ca,960
02-27 18:46:47.249  1039  1308 I ActivityManager: Start proc com.tencent.mobileqq for content provider com.tencent.mobileqq/com.tencent.mqq.shared_file_accessor.ContentProviderImpl: pid=4413 uid=10703 gids={50703, 3003, 3002, 3001, 1028, 1015}
02-27 18:46:47.260  1039  1091 D WifiP2pService: InactiveState{ when=-1ms what=139285 arg2=3 target=com.android.internal.util.StateMachine$SmHandler }
02-27 18:46:47.261  1039  1091 D WifiP2pService: P2pEnabledState{ when=-1ms what=139285 arg2=3 target=com.android.internal.util.StateMachine$SmHandler }
02-27 18:46:47.261  1039  1091 D WifiP2pService: DefaultState{ when=-2ms what=139285 arg2=3 target=com.android.internal.util.StateMachine$SmHandler }
02-27 18:46:47.882  1039  1096 D ConnectivityService: NetTransition Wakelock for ConnectedState released by timeout
02-27 18:46:48.286   269   706 I SFPerfTracer:      triggers: (rate: 0:10) (20708 sw vsyncs) (0 skipped) (15:181902 vsyncs) (17:370505)
02-27 18:46:49.415  1039  1095 D WifiService: Connect with networkId17
02-27 18:46:49.538  1039  1091 D WifiP2pService: InactiveState{ when=-1ms what=143375 target=com.android.internal.util.StateMachine$SmHandler }
02-27 18:46:49.538  1039  1091 D WifiP2pService: P2pEnabledState{ when=-2ms what=143375 target=com.android.internal.util.StateMachine$SmHandler }
02-27 18:46:49.565  1039  1096 D ConnectivityService: ConnectivityChange for WIFI: DISCONNECTED/DISCONNECTED
02-27 18:46:49.569  1039  1096 D ConnectivityService: Attempting to switch to mobile
02-27 18:46:49.572  1039  1096 D ConnectivityService: Attempting to switch to BLUETOOTH_TETHER
02-27 18:46:49.573  1039  1096 D ConnectivityService: Attempting to switch to ETHERNET
02-27 18:46:49.576  1039  1096 D Nat464Xlat: requiresClat: netType=1, hasIPv4Address=false
02-27 18:46:49.578  1039  1096 D ConnectivityService: ConnectivityChange for WIFI: DISCONNECTED/DISCONNECTED
02-27 18:46:49.597  1039  1096 D ConnectivityService: Attempting to switch to mobile
02-27 18:46:49.598  1039  1096 D ConnectivityService: Attempting to switch to BLUETOOTH_TETHER
02-27 18:46:49.599  1039  1096 D ConnectivityService: Attempting to switch to ETHERNET
02-27 18:46:49.605  1039  1096 D Nat464Xlat: requiresClat: netType=1, hasIPv4Address=false
02-27 18:46:49.610  1039  1091 D WifiP2pService: InactiveState{ when=0 what=143376 obj=US target=com.android.internal.util.StateMachine$SmHandler }
02-27 18:46:49.611  1039  1091 D WifiP2pService: P2pEnabledState{ when=-1ms what=143376 obj=US target=com.android.internal.util.StateMachine$SmHandler }
02-27 18:46:49.692  1039  1091 D WifiP2pService: InactiveState{ when=-2ms what=143375 target=com.android.internal.util.StateMachine$SmHandler }
02-27 18:46:49.693  1039  1091 D WifiP2pService: P2pEnabledState{ when=-2ms what=143375 target=com.android.internal.util.StateMachine$SmHandler }
02-27 18:46:49.694  1039  1091 D WifiP2pService: InactiveState{ when=0 what=139285 arg2=4 target=com.android.internal.util.StateMachine$SmHandler }
02-27 18:46:49.695  1039  1091 D WifiP2pService: P2pEnabledState{ when=0 what=139285 arg2=4 target=com.android.internal.util.StateMachine$SmHandler }
02-27 18:46:49.695  1039  1091 D WifiP2pService: DefaultState{ when=-1ms what=139285 arg2=4 target=com.android.internal.util.StateMachine$SmHandler }
02-27 18:46:49.976  1039  1091 D WifiP2pService: InactiveState{ when=0 what=139285 arg2=5 target=com.android.internal.util.StateMachine$SmHandler }
02-27 18:46:49.977  1039  1091 D WifiP2pService: P2pEnabledState{ when=-1ms what=139285 arg2=5 target=com.android.internal.util.StateMachine$SmHandler }
02-27 18:46:49.977  1039  1091 D WifiP2pService: DefaultState{ when=-2ms what=139285 arg2=5 target=com.android.internal.util.StateMachine$SmHandler }
02-27 18:46:50.125  1039  1091 D WifiP2pService: InactiveState{ when=0 what=143375 arg1=1 arg2=196615 obj=android.net.DhcpStateMachine@42b8ba00 target=com.android.internal.util.StateMachine$SmHandler }
02-27 18:46:50.125  1039  1091 D WifiP2pService: P2pEnabledState{ when=-1ms what=143375 arg1=1 arg2=196615 obj=android.net.DhcpStateMachine@42b8ba00 target=com.android.internal.util.StateMachine$SmHandler }
02-27 18:46:50.221  1039  1091 D WifiP2pService: InactiveState{ when=-1ms what=139285 arg2=6 target=com.android.internal.util.StateMachine$SmHandler }
02-27 18:46:50.222  1039  1091 D WifiP2pService: P2pEnabledState{ when=-1ms what=139285 arg2=6 target=com.android.internal.util.StateMachine$SmHandler }
02-27 18:46:50.222  1039  1091 D WifiP2pService: DefaultState{ when=-2ms what=139285 arg2=6 target=com.android.internal.util.StateMachine$SmHandler }
02-27 18:46:50.355  1039  1091 D WifiP2pService: InactiveState{ when=0 what=139285 arg2=7 target=com.android.internal.util.StateMachine$SmHandler }
02-27 18:46:50.355  1039  1091 D WifiP2pService: P2pEnabledState{ when=-1ms what=139285 arg2=7 target=com.android.internal.util.StateMachine$SmHandler }
02-27 18:46:50.356  1039  1091 D WifiP2pService: DefaultState{ when=-1ms what=139285 arg2=7 target=com.android.internal.util.StateMachine$SmHandler }
02-27 18:46:50.378   269   269 I SFPerfTracer:      triggers: (rate: 16:685) (compose: 0:70) (post: 0:19) (render: 11:320) (0:28633 frames) (1:77193)
02-27 18:46:50.378   269   269 D SFPerfTracer:        layers: (3:11) (DimLayer: 0:350)* (FocusedStackFrame: 0:1584)* (StatusBar: 0:11149) (NavigationBar: 0:6659) (com.android.systemui.ImageWallpaper: 0:887)* (DimLayer: 0:3427)* (DimLayer: 0:296)* (com.android.launcher/com.android.launcher2.Launcher: 0:182)* (com.android.settings/com.android.settings.Settings$WifiSettingsActivity: 0:61) (zhbitNet-test: 0:30)* 
02-27 18:46:50.400  1039  1091 D WifiP2pService: InactiveState{ when=0 what=139285 arg2=8 target=com.android.internal.util.StateMachine$SmHandler }
02-27 18:46:50.401  1039  1091 D WifiP2pService: P2pEnabledState{ when=-1ms what=139285 arg2=8 target=com.android.internal.util.StateMachine$SmHandler }
02-27 18:46:50.402  1039  1091 D WifiP2pService: DefaultState{ when=-1ms what=139285 arg2=8 target=com.android.internal.util.StateMachine$SmHandler }
02-27 18:46:51.745  1039  1091 D WifiP2pService: InactiveState{ when=0 what=143375 target=com.android.internal.util.StateMachine$SmHandler }
02-27 18:46:51.746  1039  1091 D WifiP2pService: P2pEnabledState{ when=-1ms what=143375 target=com.android.internal.util.StateMachine$SmHandler }
02-27 18:46:52.070  1039  1096 D ConnectivityService: Captive portal check NetworkInfo: type: WIFI[], state: CONNECTING/CAPTIVE_PORTAL_CHECK, reason: (unspecified), extra: "zhbitNet-test", roaming: false, failover: false, isAvailable: true, isConnectedToProvisioningNetwork: false
02-27 18:46:52.070  1039  1096 D ConnectivityService: handleCaptivePortalTrackerCheck: call captivePortalCheckComplete ni=NetworkInfo: type: WIFI[], state: CONNECTING/CAPTIVE_PORTAL_CHECK, reason: (unspecified), extra: "zhbitNet-test", roaming: false, failover: false, isAvailable: true, isConnectedToProvisioningNetwork: false
02-27 18:46:52.071  1039  1096 D ConnectivityService: Captive portal check NetworkInfo: type: WIFI[], state: CONNECTING/CAPTIVE_PORTAL_CHECK, reason: (unspecified), extra: "zhbitNet-test", roaming: false, failover: false, isAvailable: true, isConnectedToProvisioningNetwork: false
02-27 18:46:52.071  1039  1096 D ConnectivityService: handleCaptivePortalTrackerCheck: call captivePortalCheckComplete ni=NetworkInfo: type: WIFI[], state: CONNECTING/CAPTIVE_PORTAL_CHECK, reason: (unspecified), extra: "zhbitNet-test", roaming: false, failover: false, isAvailable: true, isConnectedToProvisioningNetwork: false
02-27 18:46:52.074  1039  1091 D WifiP2pService: InactiveState{ when=0 what=139285 arg2=9 target=com.android.internal.util.StateMachine$SmHandler }
02-27 18:46:52.074  1039  1091 D WifiP2pService: P2pEnabledState{ when=-1ms what=139285 arg2=9 target=com.android.internal.util.StateMachine$SmHandler }
02-27 18:46:52.075  1039  1091 D WifiP2pService: DefaultState{ when=-1ms what=139285 arg2=9 target=com.android.internal.util.StateMachine$SmHandler }
02-27 18:46:52.077  1039  1096 D ConnectivityService: ConnectivityChange for WIFI: CONNECTED/CONNECTED
02-27 18:46:52.077  1039  1096 V ConnectivityService: WiFi NOT Tethered!
02-27 18:46:52.079  1039  1096 E ConnectivityService: Unexpected mtu value: android.net.wifi.WifiStateTracker@428f2978
02-27 18:46:52.112  1039  1096 D Nat464Xlat: requiresClat: netType=1, hasIPv4Address=true
02-27 18:46:52.118  1039  1096 D ConnectivityService: ConnectivityChange for WIFI: CONNECTED/CONNECTED
02-27 18:46:52.118  1039  1096 V ConnectivityService: WiFi NOT Tethered!
02-27 18:46:52.120  1039  1096 E ConnectivityService: Unexpected mtu value: android.net.wifi.WifiStateTracker@428f2978
02-27 18:46:52.136  1039  1096 D ConnectivityService: handleConnectivityChange: address are the same reset per doReset linkProperty[1]: resetMask=0
02-27 18:46:52.137  1039  1096 D Nat464Xlat: requiresClat: netType=1, hasIPv4Address=true
02-27 18:46:52.145  1039  1091 D WifiP2pService: InactiveState{ when=0 what=139285 arg2=10 target=com.android.internal.util.StateMachine$SmHandler }
02-27 18:46:52.146  1039  1091 D WifiP2pService: P2pEnabledState{ when=0 what=139285 arg2=10 target=com.android.internal.util.StateMachine$SmHandler }
02-27 18:46:52.146  1039  1091 D WifiP2pService: DefaultState{ when=-1ms what=139285 arg2=10 target=com.android.internal.util.StateMachine$SmHandler }
02-27 18:46:52.171  1039  1091 D WifiP2pService: InactiveState{ when=0 what=139285 arg2=11 target=com.android.internal.util.StateMachine$SmHandler }
02-27 18:46:52.172  1039  1091 D WifiP2pService: P2pEnabledState{ when=0 what=139285 arg2=11 target=com.android.internal.util.StateMachine$SmHandler }
02-27 18:46:52.172  1039  1091 D WifiP2pService: DefaultState{ when=-1ms what=139285 arg2=11 target=com.android.internal.util.StateMachine$SmHandler }
02-27 18:46:52.195  1039  1091 D WifiP2pService: InactiveState{ when=0 what=139285 arg2=12 target=com.android.internal.util.StateMachine$SmHandler }
02-27 18:46:52.195  1039  1091 D WifiP2pService: P2pEnabledState{ when=-1ms what=139285 arg2=12 target=com.android.internal.util.StateMachine$SmHandler }
02-27 18:46:52.196  1039  1091 D WifiP2pService: DefaultState{ when=-1ms what=139285 arg2=12 target=com.android.internal.util.StateMachine$SmHandler }
02-27 18:46:52.271  1039  1095 D WifiService: Connect with networkId18
02-27 18:46:52.410  1039  1039 V ConnectivityService: WiFi NOT Tethered!
02-27 18:46:52.437  1039  1091 D WifiP2pService: InactiveState{ when=0 what=143375 target=com.android.internal.util.StateMachine$SmHandler }
02-27 18:46:52.437  1039  1091 D WifiP2pService: P2pEnabledState{ when=-1ms what=143375 target=com.android.internal.util.StateMachine$SmHandler }
02-27 18:46:52.448  1039  1096 D ConnectivityService: ConnectivityChange for WIFI: DISCONNECTED/DISCONNECTED
02-27 18:46:52.448  1039  1096 D ConnectivityService: tryFailover: set mActiveDefaultNetwork=-1, prevNetType=1
02-27 18:46:52.450  1039  1096 D ConnectivityService: Attempting to switch to mobile
02-27 18:46:52.450  1039  1096 D ConnectivityService: Attempting to switch to BLUETOOTH_TETHER
02-27 18:46:52.450  1039  1096 D ConnectivityService: Attempting to switch to ETHERNET
02-27 18:46:52.464  1039  1096 D ConnectivityService: resetConnections(wlan0, 3)
02-27 18:46:52.486  1039  1091 D WifiP2pService: InactiveState{ when=0 what=139285 arg2=13 target=com.android.internal.util.StateMachine$SmHandler }
02-27 18:46:52.487  1039  1091 D WifiP2pService: P2pEnabledState{ when=0 what=139285 arg2=13 target=com.android.internal.util.StateMachine$SmHandler }
02-27 18:46:52.487  1039  1091 D WifiP2pService: DefaultState{ when=-1ms what=139285 arg2=13 target=com.android.internal.util.StateMachine$SmHandler }
02-27 18:46:52.493  1039  1091 D WifiP2pService: InactiveState{ when=-1ms what=143375 target=com.android.internal.util.StateMachine$SmHandler }
02-27 18:46:52.494  1039  1091 D WifiP2pService: P2pEnabledState{ when=-2ms what=143375 target=com.android.internal.util.StateMachine$SmHandler }
02-27 18:46:52.546  1039  1096 D Nat464Xlat: requiresClat: netType=1, hasIPv4Address=false
02-27 18:46:52.552  1039  1096 D ConnectivityService: ConnectivityChange for WIFI: DISCONNECTED/DISCONNECTED
02-27 18:46:52.555  1039  1096 D ConnectivityService: Attempting to switch to mobile
02-27 18:46:52.555  1039  1096 D ConnectivityService: Attempting to switch to BLUETOOTH_TETHER
02-27 18:46:52.556  1039  1096 D ConnectivityService: Attempting to switch to ETHERNET
02-27 18:46:52.563  1039  1091 D WifiP2pService: InactiveState{ when=0 what=139285 arg2=14 target=com.android.internal.util.StateMachine$SmHandler }
02-27 18:46:52.564  1039  1096 D Nat464Xlat: requiresClat: netType=1, hasIPv4Address=false
02-27 18:46:52.603  1039  1091 D WifiP2pService: P2pEnabledState{ when=-40ms what=139285 arg2=14 target=com.android.internal.util.StateMachine$SmHandler }
02-27 18:46:52.641  1039  1091 D WifiP2pService: DefaultState{ when=-78ms what=139285 arg2=14 target=com.android.internal.util.StateMachine$SmHandler }
02-27 18:46:52.648  2050  2050 E ActivityThread: Failed to find provider info for com.motorola.blur.setupprovider
02-27 18:46:52.651  2050  2050 E ActivityThread: Failed to find provider info for com.motorola.blur.setupprovider
02-27 18:46:52.701  1039  1091 D WifiP2pService: InactiveState{ when=0 what=139285 arg2=15 target=com.android.internal.util.StateMachine$SmHandler }
02-27 18:46:52.702  1039  1091 D WifiP2pService: P2pEnabledState{ when=-2ms what=139285 arg2=15 target=com.android.internal.util.StateMachine$SmHandler }
02-27 18:46:52.703  1039  1091 D WifiP2pService: DefaultState{ when=-3ms what=139285 arg2=15 target=com.android.internal.util.StateMachine$SmHandler }
02-27 18:46:52.705  1039 11209 I ActivityManager: Start proc com.google.android.setupwizard for broadcast com.google.android.setupwizard/.MobileConnectivityChangeReceiver: pid=4585 uid=10038 gids={50038, 3003}
02-27 18:46:52.850  1039 11207 I ActivityManager: Start proc com.google.android.apps.magazines for broadcast com.google.android.apps.magazines/com.google.apps.dots.android.newsstand.appwidget.NewsWidgetProvider: pid=4600 uid=10070 gids={50070, 3003, 1028, 1015}
02-27 18:46:52.882  1039  1091 D WifiP2pService: InactiveState{ when=0 what=143375 arg1=1 arg2=196615 obj=android.net.DhcpStateMachine@42b8ba00 target=com.android.internal.util.StateMachine$SmHandler }
02-27 18:46:52.883  1039  1091 D WifiP2pService: P2pEnabledState{ when=-1ms what=143375 arg1=1 arg2=196615 obj=android.net.DhcpStateMachine@42b8ba00 target=com.android.internal.util.StateMachine$SmHandler }
02-27 18:46:52.947   269   706 I SFPerfTracer:      triggers: (rate: 0:10) (20708 sw vsyncs) (0 skipped) (2:181957 vsyncs) (4:370606)
02-27 18:46:53.030  1039  1091 D WifiP2pService: InactiveState{ when=0 what=139285 arg2=16 target=com.android.internal.util.StateMachine$SmHandler }
02-27 18:46:53.031  1039  1091 D WifiP2pService: P2pEnabledState{ when=0 what=139285 arg2=16 target=com.android.internal.util.StateMachine$SmHandler }
02-27 18:46:53.031  1039  1091 D WifiP2pService: DefaultState{ when=-1ms what=139285 arg2=16 target=com.android.internal.util.StateMachine$SmHandler }
02-27 18:46:53.101  1039  1091 D WifiP2pService: InactiveState{ when=0 what=139285 arg2=17 target=com.android.internal.util.StateMachine$SmHandler }
02-27 18:46:53.101  1039  1091 D WifiP2pService: P2pEnabledState{ when=-1ms what=139285 arg2=17 target=com.android.internal.util.StateMachine$SmHandler }
02-27 18:46:53.101  1039  1091 D WifiP2pService: DefaultState{ when=-1ms what=139285 arg2=17 target=com.android.internal.util.StateMachine$SmHandler }
02-27 18:46:53.156  1039  1308 I ActivityManager: Process com.diune.pictures (pid 3985) has died.
02-27 18:46:53.340  1039  1096 D ConnectivityService: handleInetConditionChange: no active default network - ignore
02-27 18:46:53.355  1039 10903 I ActivityManager: Start proc com.sohu.inputmethod.sogou:classic for broadcast com.sohu.inputmethod.sogou/com.sogou.androidtool.receiver.NetChangeReceiver: pid=4663 uid=10171 gids={50171, 3003, 1028, 1015}
02-27 18:46:53.421  1039 10902 W ActivityManager: Unable to start service Intent { act=com.sogou.pushservice.action.METHOD cmp=/com.sogou.udp.push.PushService (has extras) } U=0: not found
02-27 18:46:53.438  1039 11208 I ActivityManager: Start proc com.diune.pictures for broadcast com.diune.pictures/.service.NetworkChangeReceiver: pid=4677 uid=10317 gids={50317, 3003, 1028, 1015}
02-27 18:46:53.538  1039 23058 W ActivityManager: Unable to start service Intent { act=com.sogou.pushservice.action.METHOD cmp=/com.sogou.udp.push.PushService (has extras) } U=0: not found
02-27 18:46:54.540  1039  1091 D WifiP2pService: InactiveState{ when=0 what=143375 target=com.android.internal.util.StateMachine$SmHandler }
02-27 18:46:54.540  1039  1091 D WifiP2pService: P2pEnabledState{ when=-1ms what=143375 target=com.android.internal.util.StateMachine$SmHandler }
02-27 18:46:54.844  1039  1091 D WifiP2pService: InactiveState{ when=0 what=139285 arg2=18 target=com.android.internal.util.StateMachine$SmHandler }
02-27 18:46:54.845  1039  1091 D WifiP2pService: P2pEnabledState{ when=-1ms what=139285 arg2=18 target=com.android.internal.util.StateMachine$SmHandler }
02-27 18:46:54.845  1039  1091 D WifiP2pService: DefaultState{ when=-1ms what=139285 arg2=18 target=com.android.internal.util.StateMachine$SmHandler }
02-27 18:46:54.947  1039  1096 D ConnectivityService: Captive portal check NetworkInfo: type: WIFI[], state: CONNECTING/CAPTIVE_PORTAL_CHECK, reason: (unspecified), extra: "zhbitNet-ChinaUnicom", roaming: false, failover: false, isAvailable: true, isConnectedToProvisioningNetwork: false
02-27 18:46:54.947  1039  1096 D ConnectivityService: handleCaptivePortalTrackerCheck: call captivePortalCheckComplete ni=NetworkInfo: type: WIFI[], state: CONNECTING/CAPTIVE_PORTAL_CHECK, reason: (unspecified), extra: "zhbitNet-ChinaUnicom", roaming: false, failover: false, isAvailable: true, isConnectedToProvisioningNetwork: false
02-27 18:46:54.948  1039  1096 D ConnectivityService: Captive portal check NetworkInfo: type: WIFI[], state: CONNECTING/CAPTIVE_PORTAL_CHECK, reason: (unspecified), extra: "zhbitNet-ChinaUnicom", roaming: false, failover: false, isAvailable: true, isConnectedToProvisioningNetwork: false
02-27 18:46:54.948  1039  1096 D ConnectivityService: handleCaptivePortalTrackerCheck: call captivePortalCheckComplete ni=NetworkInfo: type: WIFI[], state: CONNECTING/CAPTIVE_PORTAL_CHECK, reason: (unspecified), extra: "zhbitNet-ChinaUnicom", roaming: false, failover: false, isAvailable: true, isConnectedToProvisioningNetwork: false
02-27 18:46:54.955  1039  1096 D ConnectivityService: ConnectivityChange for WIFI: CONNECTED/CONNECTED
02-27 18:46:54.956  1039  1096 V ConnectivityService: WiFi NOT Tethered!
02-27 18:46:54.958  1039  1096 E ConnectivityService: Unexpected mtu value: android.net.wifi.WifiStateTracker@428f2978
02-27 18:46:54.977  1039  1091 D WifiP2pService: InactiveState{ when=0 what=139285 arg2=19 target=com.android.internal.util.StateMachine$SmHandler }
02-27 18:46:54.978  1039  1091 D WifiP2pService: P2pEnabledState{ when=0 what=139285 arg2=19 target=com.android.internal.util.StateMachine$SmHandler }
02-27 18:46:54.978  1039  1091 D WifiP2pService: DefaultState{ when=-1ms what=139285 arg2=19 target=com.android.internal.util.StateMachine$SmHandler }
02-27 18:46:54.979  1039  1096 D Nat464Xlat: requiresClat: netType=1, hasIPv4Address=true
02-27 18:46:55.054  1039  1096 D ConnectivityService: ConnectivityChange for WIFI: CONNECTED/CONNECTED
02-27 18:46:55.055  1039  1096 V ConnectivityService: WiFi NOT Tethered!
02-27 18:46:55.056  1039  1096 E ConnectivityService: Unexpected mtu value: android.net.wifi.WifiStateTracker@428f2978
02-27 18:46:55.113  1039  1096 D ConnectivityService: handleConnectivityChange: address are the same reset per doReset linkProperty[1]: resetMask=0
02-27 18:46:55.115  1039  1096 D Nat464Xlat: requiresClat: netType=1, hasIPv4Address=true
