02-16 13:29:02.320  1026  1320 I PackageManager: Adding preferred activity ComponentInfo{com.android.mms/com.android.mms.ui.ComposeMessageActivity} for user 0 :
02-16 13:29:06.961  1026  1060 I ActivityManager: Waited long enough for: ServiceRecord{42bbfb58 u0 com.google.android.gms/.checkin.CheckinService}
02-16 13:29:14.919  1026  1100 D ConnectivityService: handleInetConditionHoldEnd: net=1, condition=0, published condition=0
02-16 13:30:00.000  1026  1086 V AlarmManager: sending alarm Alarm{42bc0a70 type 3 android}
02-16 13:30:47.748  1026  1086 V AlarmManager: sending alarm Alarm{42ba7330 type 2 com.google.android.gms}
02-16 13:30:47.749  1026  1086 V AlarmManager: sending alarm Alarm{42ba7408 type 3 com.motorola.bach.modemstats}
02-16 13:30:47.749  1026  1086 V AlarmManager: sending alarm Alarm{42ba7458 type 2 com.motorola.ccc.cce}
02-16 13:31:00.000  1026  1086 V AlarmManager: sending alarm Alarm{42d54738 type 3 android}
02-16 13:31:51.560  1026  1026 V ConnectivityService: WiFi NOT Tethered!
02-16 13:31:51.571  1026  1201 I ActivityManager: Start proc com.tencent.mobileqq for content provider com.tencent.mobileqq/com.tencent.mqq.shared_file_accessor.ContentProviderImpl: pid=26876 uid=10703 gids={50703, 3003, 3002, 3001, 1028, 1015}
02-16 13:31:51.783  1026  1199 I ActivityManager: Killing 3767:com.estrongs.android.pop/u0a102 (adj 15): empty #9
02-16 13:31:51.785  1276  3135 W ContextImpl: Calling a method in the system process without a qualified user: android.app.ContextImpl.sendBroadcast:1252 android.content.ContextWrapper.sendBroadcast:365 com.motorola.motocare.util.TriggerHelper$TriggerBuilder.send:76 com.motorola.motocare.internal.frameworkevents.ProcessKillTrigger.sendTrigger:147 com.motorola.motocare.internal.frameworkevents.ProcessKillTrigger.handleFrameworkEvent:164 
02-16 13:31:51.793  1026  1312 E WifiService: Multicaster binderDied
02-16 13:31:51.793  1026  1038 W ActivityManager: Service ServiceRecord{42d6c7d8 u0 com.estrongs.android.pop/com.estrongs.android.ui.notification.ESTaskService} in process ProcessRecord{4288cd10 3767:com.estrongs.android.pop/u0a102} not same as in map: null
02-16 13:31:51.794  1026  1099 D WifiService: Client connection lost with reason: 4
02-16 13:31:51.829  1026  1026 V ConnectivityService: WiFi NOT Tethered!
02-16 13:31:53.792  1026  1086 V AlarmManager: sending alarm Alarm{42b18498 type 3 com.google.android.talk}
02-16 13:32:00.001  1026  1086 V AlarmManager: sending alarm Alarm{42b1b270 type 3 android}
02-16 13:32:59.999  1026  1086 V AlarmManager: sending alarm Alarm{42a68d60 type 3 android}
02-16 13:33:05.034  1026  1060 W ProcessCpuTracker: Skipping unknown process pid 27983
02-16 13:33:05.034  1026  1060 W ProcessCpuTracker: Skipping unknown process pid 27985
02-16 13:33:05.035  1026  1060 W ProcessCpuTracker: Skipping unknown process pid 27986
02-16 13:33:06.063  1026  1086 V AlarmManager: sending alarm Alarm{42a04268 type 1 com.netease.vopen}
02-16 13:33:06.067  1026  1086 V AlarmManager: sending alarm Alarm{42a1b068 type 2 com.google.android.gms}
02-16 13:33:26.873  1026  1100 D ConnectivityService: handleInetConditionHoldEnd: net=1, condition=100, published condition=0
02-16 13:33:59.999  1026  1086 V AlarmManager: sending alarm Alarm{42a43708 type 3 android}
02-16 13:34:59.999  1026  1086 V AlarmManager: sending alarm Alarm{4292e868 type 3 android}
02-16 13:35:59.999  1026  1086 V AlarmManager: sending alarm Alarm{42bfa120 type 3 android}
02-16 13:37:00.000  1026  1086 V AlarmManager: sending alarm Alarm{42b7e588 type 3 android}
02-16 13:38:00.001  1026  1086 V AlarmManager: sending alarm Alarm{42928110 type 3 android}
02-16 13:38:59.999  1026  1086 V AlarmManager: sending alarm Alarm{42aff160 type 3 android}
02-16 13:39:09.313  1026  1086 V AlarmManager: sending alarm Alarm{42a437a0 type 2 android}
02-16 13:39:09.318  1026  1100 D ConnectivityService: Sampling interval elapsed, updating statistics ..
02-16 13:39:09.328  1026  1086 V AlarmManager: sending alarm Alarm{4292b048 type 1 com.netease.vopen}
02-16 13:39:09.357  1026  1100 D ConnectivityService: Done.
02-16 13:39:09.358  1026  1100 D ConnectivityService: Setting timer for 720seconds
02-16 13:40:00.001  1026  1086 V AlarmManager: sending alarm Alarm{42ad06b8 type 3 android}
02-16 13:40:05.031  1026  1060 W ProcessCpuTracker: Skipping unknown process pid 2211
02-16 13:40:59.999  1026  1086 V AlarmManager: sending alarm Alarm{42d1fe38 type 3 android}
02-16 13:41:59.999  1026  1086 V AlarmManager: sending alarm Alarm{42970e30 type 3 android}
02-16 13:43:00.000  1026  1086 V AlarmManager: sending alarm Alarm{42d416d8 type 3 android}
02-16 13:43:05.026  1026  1060 W ProcessCpuTracker: Skipping unknown process pid 5100
02-16 13:44:00.000  1026  1086 V AlarmManager: sending alarm Alarm{42d407d8 type 3 android}
02-16 13:45:00.000  1026  1086 V AlarmManager: sending alarm Alarm{42bd9630 type 3 android}
02-16 13:45:12.515  1026  1086 V AlarmManager: sending alarm Alarm{428421e8 type 1 com.netease.vopen}
02-16 13:46:00.000  1026  1086 V AlarmManager: sending alarm Alarm{42914ff0 type 3 android}
02-16 13:47:00.000  1026  1086 V AlarmManager: sending alarm Alarm{42ad4958 type 3 android}
02-16 13:48:00.000  1026  1086 V AlarmManager: sending alarm Alarm{42b0a510 type 3 android}
02-16 13:48:11.949  1026  1201 W IntentResolver: resolveIntent: multiple matches, only some with CATEGORY_DEFAULT
02-16 13:48:11.951  1026  1319 I PackageManager: Adding preferred activity ComponentInfo{com.android.mms/com.android.mms.ui.ComposeMessageActivity} for user 0 :
02-16 13:48:12.038  1026  1317 W IntentResolver: resolveIntent: multiple matches, only some with CATEGORY_DEFAULT
02-16 13:48:12.041  1026  1320 I PackageManager: Adding preferred activity ComponentInfo{com.android.mms/com.android.mms.ui.ComposeMessageActivity} for user 0 :
02-16 13:48:12.052  1026  1039 W IntentResolver: resolveIntent: multiple matches, only some with CATEGORY_DEFAULT
02-16 13:48:12.053  1026  1106 I PackageManager: Adding preferred activity ComponentInfo{com.android.mms/com.android.mms.ui.ComposeMessageActivity} for user 0 :
02-16 13:48:12.063  1026  1106 W IntentResolver: resolveIntent: multiple matches, only some with CATEGORY_DEFAULT
02-16 13:48:12.065  1026  1312 I PackageManager: Adding preferred activity ComponentInfo{com.android.mms/com.android.mms.ui.ComposeMessageActivity} for user 0 :
02-16 13:48:12.079  1026  1312 W IntentResolver: resolveIntent: multiple matches, only some with CATEGORY_DEFAULT
02-16 13:48:12.080  1026  1317 I PackageManager: Adding preferred activity ComponentInfo{com.android.mms/com.android.mms.ui.ComposeMessageActivity} for user 0 :
02-16 13:48:12.145  1026  1038 W IntentResolver: resolveIntent: multiple matches, only some with CATEGORY_DEFAULT
02-16 13:48:12.147  1026  1199 I PackageManager: Adding preferred activity ComponentInfo{com.android.mms/com.android.mms.ui.ComposeMessageActivity} for user 0 :
02-16 13:48:12.155  1026  1317 W IntentResolver: resolveIntent: multiple matches, only some with CATEGORY_DEFAULT
02-16 13:48:12.156  1026  1319 I PackageManager: Adding preferred activity ComponentInfo{com.android.mms/com.android.mms.ui.ComposeMessageActivity} for user 0 :
02-16 13:48:12.167  1026  1312 W IntentResolver: resolveIntent: multiple matches, only some with CATEGORY_DEFAULT
02-16 13:48:12.170  1026  1038 I PackageManager: Adding preferred activity ComponentInfo{com.android.mms/com.android.mms.ui.ComposeMessageActivity} for user 0 :
02-16 13:48:26.555  1026  1086 V AlarmManager: sending alarm Alarm{42ce8cd0 type 2 com.google.android.gms}
02-16 13:48:29.722  1026  1100 D ConnectivityService: handleInetConditionHoldEnd: net=1, condition=0, published condition=100
02-16 13:48:34.294  1026  1086 V AlarmManager: sending alarm Alarm{42dd2b30 type 2 com.google.android.gms}
02-16 13:49:00.000  1026  1086 V AlarmManager: sending alarm Alarm{42dcf9f0 type 3 android}
02-16 13:49:17.457  1026  1100 D ConnectivityService: handleInetConditionHoldEnd: net=1, condition=0, published condition=0
02-16 13:49:29.605  1026  1086 V AlarmManager: sending alarm Alarm{42ddd708 type 2 com.google.android.gms}
02-16 13:50:00.000  1026  1086 V AlarmManager: sending alarm Alarm{42ddad38 type 3 android}
02-16 13:50:12.702  1026  1100 D ConnectivityService: handleInetConditionHoldEnd: net=1, condition=0, published condition=0
02-16 13:50:40.010  1026  1086 V AlarmManager: sending alarm Alarm{42df2148 type 2 com.google.android.gms}
02-16 13:50:50.057  1026  1060 W ProcessCpuTracker: Skipping unknown process pid 12006
02-16 13:50:50.059  1026  1060 W ProcessCpuTracker: Skipping unknown process pid 12009
02-16 13:51:00.001  1026  1086 V AlarmManager: sending alarm Alarm{42de6f48 type 3 android}
02-16 13:51:00.844  1026  1100 D ConnectivityService: handleInetConditionHoldEnd: net=1, condition=100, published condition=0
02-16 13:51:09.358  1026  1086 V AlarmManager: sending alarm Alarm{42e0dc50 type 2 android}
02-16 13:51:09.364  1026  1100 D ConnectivityService: Sampling interval elapsed, updating statistics ..
02-16 13:51:09.372  1026  1086 V AlarmManager: sending alarm Alarm{42e0dd28 type 0 com.google.android.gms}
02-16 13:51:09.382  1026  1100 D ConnectivityService: Done.
02-16 13:51:09.382  1026  1100 D ConnectivityService: Setting timer for 720seconds
02-16 13:51:15.715  1026  1086 V AlarmManager: sending alarm Alarm{42e0dd78 type 1 com.netease.vopen}
02-16 13:51:19.681  1026  1319 W IntentResolver: resolveIntent: multiple matches, only some with CATEGORY_DEFAULT
02-16 13:51:19.687  1026  1106 I PackageManager: Adding preferred activity ComponentInfo{com.android.mms/com.android.mms.ui.ComposeMessageActivity} for user 0 :
02-16 13:51:19.759  1026  1039 W IntentResolver: resolveIntent: multiple matches, only some with CATEGORY_DEFAULT
02-16 13:51:19.761  1026  1312 I PackageManager: Adding preferred activity ComponentInfo{com.android.mms/com.android.mms.ui.ComposeMessageActivity} for user 0 :
02-16 13:51:19.780  1026  1201 W IntentResolver: resolveIntent: multiple matches, only some with CATEGORY_DEFAULT
02-16 13:51:19.782  1026  1320 I PackageManager: Adding preferred activity ComponentInfo{com.android.mms/com.android.mms.ui.ComposeMessageActivity} for user 0 :
02-16 13:51:19.801  1026  1319 W IntentResolver: resolveIntent: multiple matches, only some with CATEGORY_DEFAULT
02-16 13:51:19.802  1026  1199 I PackageManager: Adding preferred activity ComponentInfo{com.android.mms/com.android.mms.ui.ComposeMessageActivity} for user 0 :
02-16 13:51:19.816  1026  1312 W IntentResolver: resolveIntent: multiple matches, only some with CATEGORY_DEFAULT
02-16 13:51:19.817  1026  1201 I PackageManager: Adding preferred activity ComponentInfo{com.android.mms/com.android.mms.ui.ComposeMessageActivity} for user 0 :
02-16 13:51:19.825  1026  1038 W IntentResolver: resolveIntent: multiple matches, only some with CATEGORY_DEFAULT
02-16 13:51:19.827  1026  1319 I PackageManager: Adding preferred activity ComponentInfo{com.android.mms/com.android.mms.ui.ComposeMessageActivity} for user 0 :
02-16 13:51:19.838  1026  1318 W IntentResolver: resolveIntent: multiple matches, only some with CATEGORY_DEFAULT
02-16 13:51:19.844  1026  1201 I PackageManager: Adding preferred activity ComponentInfo{com.android.mms/com.android.mms.ui.ComposeMessageActivity} for user 0 :
02-16 13:51:19.852  1026  1201 W IntentResolver: resolveIntent: multiple matches, only some with CATEGORY_DEFAULT
02-16 13:51:19.853  1026  1039 I PackageManager: Adding preferred activity ComponentInfo{com.android.mms/com.android.mms.ui.ComposeMessageActivity} for user 0 :
02-16 13:51:24.523  1026  1060 I ActivityManager: Waited long enough for: ServiceRecord{42e23208 u0 com.google.android.gms/.checkin.CheckinService}
02-16 13:52:00.000  1026  1086 V AlarmManager: sending alarm Alarm{42e0de50 type 3 android}
02-16 13:53:00.001  1026  1086 V AlarmManager: sending alarm Alarm{42b9e730 type 3 android}
02-16 13:53:59.999  1026  1086 V AlarmManager: sending alarm Alarm{428e8d28 type 3 android}
02-16 13:55:00.000  1026  1086 V AlarmManager: sending alarm Alarm{42d06928 type 3 android}
02-16 13:56:00.000  1026  1086 V AlarmManager: sending alarm Alarm{429d9420 type 3 android}
02-16 13:56:33.132  1026  1086 V AlarmManager: sending alarm Alarm{42d27fd0 type 3 com.motorola.bach.modemstats}
02-16 13:56:33.133  1026  1086 V AlarmManager: sending alarm Alarm{42dba338 type 0 com.google.android.gms}
02-16 13:56:59.999  1026  1086 V AlarmManager: sending alarm Alarm{42b34d60 type 3 android}
02-16 13:57:18.915  1026  1086 V AlarmManager: sending alarm Alarm{42b45008 type 1 com.netease.vopen}
02-16 13:58:00.000  1026  1086 V AlarmManager: sending alarm Alarm{42cd0680 type 3 android}
02-16 13:58:50.618  1026  1060 I ActivityManager: Killing 23857:com.xianguo.pad/u0a473 (adj 15): empty for 1818s
02-16 13:58:50.621  1276  3135 W ContextImpl: Calling a method in the system process without a qualified user: android.app.ContextImpl.sendBroadcast:1252 android.content.ContextWrapper.sendBroadcast:365 com.motorola.motocare.util.TriggerHelper$TriggerBuilder.send:76 com.motorola.motocare.internal.frameworkevents.ProcessKillTrigger.sendTrigger:147 com.motorola.motocare.internal.frameworkevents.ProcessKillTrigger.handleFrameworkEvent:164 
02-16 13:58:50.626  1026  1199 W ActivityManager: Unable to start service Intent { act=com.sogouchat.im.IMsgService cmp=com.sogouchat/.os.MsgService } U=0: not found
02-16 13:58:59.999  1026  1086 V AlarmManager: sending alarm Alarm{42c9c4a8 type 3 android}
02-16 13:59:00.011  1026  1060 I ProcessStatsService: Prepared write state in 8ms
02-16 13:59:26.306  1026  1086 V AlarmManager: sending alarm Alarm{429ff970 type 3 com.xianguo.pad}
02-16 13:59:26.328  1026  1086 I ActivityManager: Start proc com.xianguo.pad for service com.xianguo.pad/.push.FetchNewMsgService: pid=19592 uid=10473 gids={50473, 3003, 1028, 1015}
02-16 13:59:26.329  1026  1086 V AlarmManager: sending alarm Alarm{42ad57b0 type 3 android}
02-16 13:59:26.332  1026  1086 V AlarmManager: sending alarm Alarm{42ad5800 type 2 com.google.android.gms}
02-16 14:00:00.000  1026  1086 V AlarmManager: sending alarm Alarm{42ad5850 type 3 android}
02-16 14:00:47.765  1026  1086 V AlarmManager: sending alarm Alarm{42ad5900 type 2 com.motorola.ccc.cce}
02-16 14:00:47.773  1026  1086 V AlarmManager: sending alarm Alarm{42aea6c8 type 2 com.google.android.talk}
02-16 14:00:47.777  1026  1086 V AlarmManager: sending alarm Alarm{42aea718 type 1 com.motorola.motocare}
02-16 14:00:48.028  1276  1276 W ContextImpl: Calling a method in the system process without a qualified user: android.app.ContextImpl.startService:1608 android.content.ContextWrapper.startService:494 android.content.ContextWrapper.startService:494 com.motorola.motocare.internal.batterystats.BatteryStatsAction.onReceive:33 android.app.ActivityThread.handleReceiver:2434 
02-16 14:01:00.000  1026  1086 V AlarmManager: sending alarm Alarm{42ba0098 type 3 android}
02-16 14:01:59.999  1026  1086 V AlarmManager: sending alarm Alarm{42bb55b8 type 3 android}
02-16 14:02:00.001  1026  1026 I ActivityManager: Killing 26876:com.tencent.mobileqq/u0a703 (adj 15): empty for 1808s
02-16 14:02:00.004  1276  3135 W ContextImpl: Calling a method in the system process without a qualified user: android.app.ContextImpl.sendBroadcast:1252 android.content.ContextWrapper.sendBroadcast:365 com.motorola.motocare.util.TriggerHelper$TriggerBuilder.send:76 com.motorola.motocare.internal.frameworkevents.ProcessKillTrigger.sendTrigger:147 com.motorola.motocare.internal.frameworkevents.ProcessKillTrigger.handleFrameworkEvent:164 
02-16 14:03:00.000  1026  1086 V AlarmManager: sending alarm Alarm{42d4ec80 type 3 android}
02-16 14:04:00.000  1026  1086 V AlarmManager: sending alarm Alarm{42bd7000 type 3 android}
02-16 14:05:00.000  1026  1086 V AlarmManager: sending alarm Alarm{42ae4380 type 3 android}
02-16 14:05:46.177  1026  1086 V AlarmManager: sending alarm Alarm{42df7af8 type 2 android}
02-16 14:05:46.178  1026  1086 V AlarmManager: sending alarm Alarm{42df7ca8 type 1 com.netease.vopen}
02-16 14:05:46.179  1026  1100 D ConnectivityService: Sampling interval elapsed, updating statistics ..
02-16 14:05:46.312  1026  1100 D ConnectivityService: Done.
02-16 14:05:46.314  1026  1100 D ConnectivityService: Setting timer for 720seconds
02-16 14:06:00.000  1026  1086 V AlarmManager: sending alarm Alarm{42dd4610 type 3 android}
02-16 14:06:00.469  1026  1086 V AlarmManager: sending alarm Alarm{42d6cf48 type 2 com.google.android.gms}
02-16 14:06:00.483  1026  1086 V AlarmManager: sending alarm Alarm{42d3acf8 type 0 android}
02-16 14:06:00.501  1026  1026 V BackupManagerService: Running a backup pass
02-16 14:06:00.521  1026  1108 V BackupManagerService: clearing pending backups
02-16 14:06:00.523  1026  1108 V PerformBackupTask: Beginning backup of 11 targets
02-16 14:06:00.544  1026  1108 D PerformBackupTask: invokeAgentForBackup on @pm@
02-16 14:06:00.556  1026  1108 D BackupManagerService: Now staging backup of com.android.calendar
02-16 14:06:00.645  1026  1108 D BackupManagerService: Now staging backup of com.google.android.googlequicksearchbox
02-16 14:06:00.671  1026  1108 D BackupManagerService: Now staging backup of com.google.android.talk
02-16 14:06:00.682  1026  1108 D BackupManagerService: Now staging backup of android
02-16 14:06:00.685  1026  1108 D BackupManagerService: Now staging backup of com.android.vending
02-16 14:06:00.688  1026  1108 D BackupManagerService: Now staging backup of com.google.android.marvin.talkback
02-16 14:06:00.690  1026  1108 D BackupManagerService: Now staging backup of com.android.dialer
02-16 14:06:00.693  1026  1108 D BackupManagerService: Now staging backup of com.android.providers.userdictionary
02-16 14:06:00.696  1026  1108 D BackupManagerService: Now staging backup of com.android.sharedstoragebackup
02-16 14:06:00.699  1026  1108 D BackupManagerService: Now staging backup of com.google.android.gm
02-16 14:06:00.702  1026  1108 D BackupManagerService: Now staging backup of com.android.providers.settings
02-16 14:06:00.712  1026  1086 V AlarmManager: sending alarm Alarm{427be440 type 0 android}
02-16 14:06:00.713  1026  1026 I BackupManagerService: Backup time but one already running
02-16 14:06:00.715  1026  1108 I PerformBackupTask: Backup pass finished.
02-16 14:06:03.540  1026  1100 D ConnectivityService: handleInetConditionHoldEnd: net=1, condition=0, published condition=100
02-16 14:06:08.594  1026  1086 V AlarmManager: sending alarm Alarm{427ba910 type 2 com.google.android.gms}
02-16 14:06:29.436  1026  1100 D ConnectivityService: handleInetConditionHoldEnd: net=1, condition=100, published condition=0
02-16 14:07:00.000  1026  1086 V AlarmManager: sending alarm Alarm{42b8ddd8 type 3 android}
02-16 14:08:00.000  1026  1086 V AlarmManager: sending alarm Alarm{42a1cb38 type 3 android}
02-16 14:09:00.000  1026  1086 V AlarmManager: sending alarm Alarm{429ecb18 type 3 android}
02-16 14:10:00.003  1026  1086 V AlarmManager: sending alarm Alarm{42392ff8 type 3 android}
02-16 14:10:29.565  1026  1201 W IntentResolver: resolveIntent: multiple matches, only some with CATEGORY_DEFAULT
02-16 14:10:29.566  1026  1317 I PackageManager: Adding preferred activity ComponentInfo{com.android.mms/com.android.mms.ui.ComposeMessageActivity} for user 0 :
02-16 14:10:29.580  1026  1312 W IntentResolver: resolveIntent: multiple matches, only some with CATEGORY_DEFAULT
02-16 14:10:29.581  1026  1320 I PackageManager: Adding preferred activity ComponentInfo{com.android.mms/com.android.mms.ui.ComposeMessageActivity} for user 0 :
02-16 14:10:29.614  1026  1039 W IntentResolver: resolveIntent: multiple matches, only some with CATEGORY_DEFAULT
02-16 14:10:29.615  1026  1038 I PackageManager: Adding preferred activity ComponentInfo{com.android.mms/com.android.mms.ui.ComposeMessageActivity} for user 0 :
02-16 14:10:29.629  1026  1319 W IntentResolver: resolveIntent: multiple matches, only some with CATEGORY_DEFAULT
02-16 14:10:29.631  1026  1201 I PackageManager: Adding preferred activity ComponentInfo{com.android.mms/com.android.mms.ui.ComposeMessageActivity} for user 0 :
02-16 14:10:29.657  1026  1039 W IntentResolver: resolveIntent: multiple matches, only some with CATEGORY_DEFAULT
02-16 14:10:29.659  1026  1318 I PackageManager: Adding preferred activity ComponentInfo{com.android.mms/com.android.mms.ui.ComposeMessageActivity} for user 0 :
02-16 14:10:29.730  1026  1199 W IntentResolver: resolveIntent: multiple matches, only some with CATEGORY_DEFAULT
02-16 14:10:29.736  1026  1201 I PackageManager: Adding preferred activity ComponentInfo{com.android.mms/com.android.mms.ui.ComposeMessageActivity} for user 0 :
02-16 14:10:29.763  1026  1319 W IntentResolver: resolveIntent: multiple matches, only some with CATEGORY_DEFAULT
02-16 14:10:29.764  1026  1312 I PackageManager: Adding preferred activity ComponentInfo{com.android.mms/com.android.mms.ui.ComposeMessageActivity} for user 0 :
02-16 14:10:29.772  1026  1317 W IntentResolver: resolveIntent: multiple matches, only some with CATEGORY_DEFAULT
02-16 14:10:29.774  1026  1039 I PackageManager: Adding preferred activity ComponentInfo{com.android.mms/com.android.mms.ui.ComposeMessageActivity} for user 0 :
02-16 14:11:00.000  1026  1086 V AlarmManager: sending alarm Alarm{4286b9a0 type 3 android}
02-16 14:11:49.459  1026  1086 V AlarmManager: sending alarm Alarm{42852cb0 type 1 com.netease.vopen}
02-16 14:12:00.000  1026  1086 V AlarmManager: sending alarm Alarm{429dfd40 type 3 android}
02-16 14:12:59.999  1026  1086 V AlarmManager: sending alarm Alarm{42bcb588 type 3 android}
02-16 14:14:00.000  1026  1086 V AlarmManager: sending alarm Alarm{42b11e48 type 3 android}
02-16 14:14:59.999  1026  1086 V AlarmManager: sending alarm Alarm{42b4c7f0 type 3 android}
02-16 14:16:00.000  1026  1086 V AlarmManager: sending alarm Alarm{42c9f8c0 type 3 android}
02-16 14:16:05.036  1026  1060 W ProcessCpuTracker: Skipping unknown process pid 2353
02-16 14:17:00.000  1026  1086 V AlarmManager: sending alarm Alarm{42ae6228 type 3 android}
02-16 14:17:10.519  1026  1088 I PowerManagerService: Waking up from sleep...
02-16 14:17:10.616  1026  1312 I WindowManager: Lock screen displayed!
02-16 14:17:10.618  1026  1085 D DisplayPowerController: Unblocked screen on after 8345000 ms
02-16 14:17:10.809   271   738 I SFPerfTracer:      triggers: (rate: 0:0) (565 sw vsyncs) (0 skipped) (0:4981 vsyncs) (297:6292)
02-16 14:17:13.101  1276  1276 W ContextImpl: Calling a method in the system process without a qualified user: android.app.ContextImpl.startService:1608 android.content.ContextWrapper.startService:494 android.content.ContextWrapper.startService:494 com.motorola.motocare.internal.batterystats.BatteryStatsAction.onReceive:33 android.app.ActivityThread.handleReceiver:2434 
02-16 14:17:15.639   271   738 I SFPerfTracer:      triggers: (rate: 0:0) (565 sw vsyncs) (0 skipped) (18:5074 vsyncs) (20:6395)
02-16 14:17:20.514  1026  1085 I PowerManagerService: Nap time...
02-16 14:17:20.514  1026  1085 I PowerManagerService: Going to sleep due to screen timeout...
02-16 14:17:23.672  1276  1276 W ContextImpl: Calling a method in the system process without a qualified user: android.app.ContextImpl.startService:1608 android.content.ContextWrapper.startService:494 android.content.ContextWrapper.startService:494 com.motorola.motocare.internal.batterystats.BatteryStatsAction.onReceive:33 android.app.ActivityThread.handleReceiver:2434 
02-16 14:17:52.682  1026  1086 V AlarmManager: sending alarm Alarm{428311f8 type 2 android}
02-16 14:17:52.683  1026  1086 V AlarmManager: sending alarm Alarm{428312d0 type 0 com.google.android.gms}
02-16 14:17:52.683  1026  1086 V AlarmManager: sending alarm Alarm{428429f8 type 1 com.netease.vopen}
02-16 14:17:52.692  1026  1100 D ConnectivityService: Sampling interval elapsed, updating statistics ..
02-16 14:17:52.705  1026  1100 D ConnectivityService: Done.
02-16 14:17:52.705  1026  1100 D ConnectivityService: Setting timer for 720seconds
02-16 14:18:00.000  1026  1086 V AlarmManager: sending alarm Alarm{42842a48 type 3 android}
02-16 14:18:02.828  1026  1106 W IntentResolver: resolveIntent: multiple matches, only some with CATEGORY_DEFAULT
02-16 14:18:02.830  1026  1039 I PackageManager: Adding preferred activity ComponentInfo{com.android.mms/com.android.mms.ui.ComposeMessageActivity} for user 0 :
02-16 14:18:03.014  1026  1318 W IntentResolver: resolveIntent: multiple matches, only some with CATEGORY_DEFAULT
02-16 14:18:03.021  1026  1320 I PackageManager: Adding preferred activity ComponentInfo{com.android.mms/com.android.mms.ui.ComposeMessageActivity} for user 0 :
02-16 14:18:03.032  1026  1319 W IntentResolver: resolveIntent: multiple matches, only some with CATEGORY_DEFAULT
02-16 14:18:03.033  1026  1318 I PackageManager: Adding preferred activity ComponentInfo{com.android.mms/com.android.mms.ui.ComposeMessageActivity} for user 0 :
02-16 14:18:03.043  1026  1320 W IntentResolver: resolveIntent: multiple matches, only some with CATEGORY_DEFAULT
02-16 14:18:03.044  1026  1319 I PackageManager: Adding preferred activity ComponentInfo{com.android.mms/com.android.mms.ui.ComposeMessageActivity} for user 0 :
02-16 14:18:03.055  1026  1039 W IntentResolver: resolveIntent: multiple matches, only some with CATEGORY_DEFAULT
02-16 14:18:03.056  1026  1317 I PackageManager: Adding preferred activity ComponentInfo{com.android.mms/com.android.mms.ui.ComposeMessageActivity} for user 0 :
02-16 14:18:03.093  1026  1038 W IntentResolver: resolveIntent: multiple matches, only some with CATEGORY_DEFAULT
02-16 14:18:03.094  1026  1199 I PackageManager: Adding preferred activity ComponentInfo{com.android.mms/com.android.mms.ui.ComposeMessageActivity} for user 0 :
02-16 14:18:03.104  1026  1320 W IntentResolver: resolveIntent: multiple matches, only some with CATEGORY_DEFAULT
02-16 14:18:03.106  1026  1318 I PackageManager: Adding preferred activity ComponentInfo{com.android.mms/com.android.mms.ui.ComposeMessageActivity} for user 0 :
02-16 14:18:03.114  1026  1201 W IntentResolver: resolveIntent: multiple matches, only some with CATEGORY_DEFAULT
02-16 14:18:03.116  1026  1039 I PackageManager: Adding preferred activity ComponentInfo{com.android.mms/com.android.mms.ui.ComposeMessageActivity} for user 0 :
02-16 14:18:07.713  1026  1060 I ActivityManager: Waited long enough for: ServiceRecord{42a18438 u0 com.google.android.gms/.checkin.CheckinService}
02-16 14:19:00.000  1026  1086 V AlarmManager: sending alarm Alarm{42a43590 type 3 android}
02-16 14:19:21.383  1026  1088 I PowerManagerService: Waking up from sleep...
02-16 14:19:21.483  1026  1199 I WindowManager: Lock screen displayed!
02-16 14:19:21.484  1026  1085 D DisplayPowerController: Unblocked screen on after 8475867 ms
02-16 14:19:21.692   271   738 I SFPerfTracer:      triggers: (rate: 0:0) (623 sw vsyncs) (0 skipped) (0:5154 vsyncs) (58:6544)
02-16 14:19:23.731  1276  3135 W ContextImpl: Calling a method in the system process without a qualified user: android.app.ContextImpl.sendBroadcast:1252 android.content.ContextWrapper.sendBroadcast:365 com.motorola.motocare.util.TriggerHelper$TriggerBuilder.send:76 com.motorola.motocare.internal.frameworkevents.PauseResumeTrigger.handleFrameworkEvent:53 com.motorola.motocare.internal.frameworkevents.FwEventMonitor$FrameworkListener.processFrameworkEvent:114 
02-16 14:19:23.754  1026  1064 D UsbDeviceManager: MSG_USER_PRESENT
02-16 14:19:23.776  1026  1319 I ActivityManager: Start proc eu.chainfire.supersu for broadcast eu.chainfire.supersu/.UserPresentReceiver: pid=5664 uid=10100 gids={50100}
02-16 14:19:23.825  1026  1106 W InputMethodManagerService: Window already focused, ignoring focus gain of: com.android.internal.view.IInputMethodClient$Stub$Proxy@429d7dc0 attribute=android.view.inputmethod.EditorInfo@42970b60, token = android.os.BinderProxy@4210fda0
02-16 14:19:23.872  1026  1312 W BroadcastQueue: Permission Denial: broadcasting Intent { act=android.intent.action.USER_PRESENT flg=0x24000010 } from com.android.keyguard (pid=1120, uid=10025) is not exported from uid 10767 due to receiver com.comtop.eim/com.comtop.eimcloud.AlarmReceiver
02-16 14:19:23.884  1026  1060 I ActivityManager: Start proc sogou.mobile.explorer.hotwords for broadcast com.sohu.inputmethod.sogou/sogou.mobile.explorer.hotwords.push.PushMsgReceiver: pid=5688 uid=10171 gids={50171, 3003, 1028, 1015}
02-16 14:19:24.028   271   271 I SFPerfTracer:      triggers: (rate: 3:49) (compose: 0:5) (post: 0:1) (render: 0:8) (11:563 frames) (12:1321)
02-16 14:19:24.028   271   271 D SFPerfTracer:        layers: (4:10) (FocusedStackFrame: 1:23)* (StatusBar: 1:347) (NavigationBar: 12:149) (com.android.systemui.ImageWallpaper: 1:15) (com.android.launcher/com.android.launcher2.Launcher: 1:33)* (ElectronBeam: 0:27)* (Keyguard: 12:76) (ElectronBeam: 0:24)* 
02-16 14:19:24.049  1026  1039 W ActivityManager: Unable to start service Intent { act=com.sogou.pushservice.action.METHOD cmp=/com.sogou.udp.push.PushService (has extras) } U=0: not found
02-16 14:19:24.060  1026  1199 I ActivityManager: Start proc com.estrongs.android.pop for broadcast com.estrongs.android.pop/.app.StartServiceReceiver: pid=5702 uid=10102 gids={50102, 3003, 3002, 3001, 1028, 1015}
02-16 14:19:24.216  1026  1099 D WifiService: New client listening to asynchronous messages
02-16 14:19:24.219  1276  1276 W ContextImpl: Calling a method in the system process without a qualified user: android.app.ContextImpl.startService:1608 android.content.ContextWrapper.startService:494 android.content.ContextWrapper.startService:494 com.motorola.motocare.internal.batterystats.BatteryStatsAction.onReceive:33 android.app.ActivityThread.handleReceiver:2434 
02-16 14:19:24.270  1026  1312 I ActivityManager: Killing 9780:com.google.android.gms.unstable/u0a20 (adj 15): empty #9
02-16 14:19:24.273  1276  3135 W ContextImpl: Calling a method in the system process without a qualified user: android.app.ContextImpl.sendBroadcast:1252 android.content.ContextWrapper.sendBroadcast:365 com.motorola.motocare.util.TriggerHelper$TriggerBuilder.send:76 com.motorola.motocare.internal.frameworkevents.ProcessKillTrigger.sendTrigger:147 com.motorola.motocare.internal.frameworkevents.ProcessKillTrigger.handleFrameworkEvent:164 
02-16 14:19:24.474   271   738 I SFPerfTracer:      triggers: (rate: 0:0) (623 sw vsyncs) (0 skipped) (37:5261 vsyncs) (39:6659)
02-16 14:19:26.682   271   271 I SFPerfTracer:      triggers: (rate: 3:49) (compose: 0:5) (post: 0:1) (render: 0:8) (0:616 frames) (1:1421)
02-16 14:19:26.682   271   271 D SFPerfTracer:        layers: (3:8) (FocusedStackFrame: 0:23)* (StatusBar: 0:367) (NavigationBar: 0:194) (com.android.systemui.ImageWallpaper: 0:16)* (com.android.launcher/com.android.launcher2.Launcher: 1:119) (Keyguard: 0:77)* 
02-16 14:19:26.856  1026  1100 D ConnectivityService: handleInetConditionHoldEnd: net=1, condition=0, published condition=100
02-16 14:19:27.921  1026  1318 I ActivityManager: START u0 {act=android.intent.action.MAIN cat=[android.intent.category.LAUNCHER] flg=0x10200000 cmp=com.comtop.mim/.ui.SplashActivity} from pid 1321
02-16 14:19:27.940  1276  3135 W ContextImpl: Calling a method in the system process without a qualified user: android.app.ContextImpl.sendBroadcast:1252 android.content.ContextWrapper.sendBroadcast:365 com.motorola.motocare.util.TriggerHelper$TriggerBuilder.send:76 com.motorola.motocare.internal.frameworkevents.PauseResumeTrigger.handleFrameworkEvent:53 com.motorola.motocare.internal.frameworkevents.FwEventMonitor$FrameworkListener.processFrameworkEvent:114 
02-16 14:19:27.941   271   738 I SFPerfTracer:      triggers: (rate: 0:0) (623 sw vsyncs) (0 skipped) (122:5417 vsyncs) (124:6825)
02-16 14:19:27.971  1276  3135 W ContextImpl: Calling a method in the system process without a qualified user: android.app.ContextImpl.sendBroadcast:1252 android.content.ContextWrapper.sendBroadcast:365 com.motorola.motocare.util.TriggerHelper$TriggerBuilder.send:76 com.motorola.motocare.internal.frameworkevents.PauseResumeTrigger.handleFrameworkEvent:53 com.motorola.motocare.internal.frameworkevents.FwEventMonitor$FrameworkListener.processFrameworkEvent:114 
02-16 14:19:28.328  1026  1318 W ActivityManager: Unable to start service Intent { cmp=sogou.mobile.explorer/.ActivateBrowserService } U=0: not found
02-16 14:19:28.340  1026  1059 I LaunchCheckinHandler: Displayed com.comtop.mim/.ui.SplashActivity,wp,ca,373
02-16 14:19:28.374   271   271 I SFPerfTracer:      triggers: (rate: 3:49) (compose: 0:5) (post: 0:1) (render: 0:8) (0:632 frames) (1:1521)
02-16 14:19:28.374   271   271 D SFPerfTracer:        layers: (3:11) (FocusedStackFrame: 0:26)* (StatusBar: 1:382) (NavigationBar: 0:194) (com.android.systemui.ImageWallpaper: 0:19)* (com.android.launcher/com.android.launcher2.Launcher: 0:195)* (Starting com.comtop.mim: 0:19) (com.comtop.mim/com.comtop.mim.ui.SplashActivity: 1:9)* 
02-16 14:19:30.194  1026  1319 I ActivityManager: START u0 {cmp=com.comtop.mim/.ui.LoginActivity} from pid 2910
02-16 14:19:30.197  1276  3135 W ContextImpl: Calling a method in the system process without a qualified user: android.app.ContextImpl.sendBroadcast:1252 android.content.ContextWrapper.sendBroadcast:365 com.motorola.motocare.util.TriggerHelper$TriggerBuilder.send:76 com.motorola.motocare.internal.frameworkevents.PauseResumeTrigger.handleFrameworkEvent:53 com.motorola.motocare.internal.frameworkevents.FwEventMonitor$FrameworkListener.processFrameworkEvent:114 
02-16 14:19:30.212  1276  3135 W ContextImpl: Calling a method in the system process without a qualified user: android.app.ContextImpl.sendBroadcast:1252 android.content.ContextWrapper.sendBroadcast:365 com.motorola.motocare.util.TriggerHelper$TriggerBuilder.send:76 com.motorola.motocare.internal.frameworkevents.PauseResumeTrigger.handleFrameworkEvent:53 com.motorola.motocare.internal.frameworkevents.FwEventMonitor$FrameworkListener.processFrameworkEvent:114 
02-16 14:19:30.960  1026  1059 I LaunchCheckinHandler: Displayed com.comtop.mim/.ui.LoginActivity,wp,ca,754
02-16 14:19:31.490   271   738 I SFPerfTracer:      triggers: (rate: 0:0) (623 sw vsyncs) (0 skipped) (70:5541 vsyncs) (72:6956)
02-16 14:19:32.558  1026  1086 V AlarmManager: sending alarm Alarm{429fe7e0 type 2 com.google.android.gms}
02-16 14:19:34.944   271   271 I SFPerfTracer:      triggers: (rate: 3:52) (compose: 0:5) (post: 0:1) (render: 0:8) (1:680 frames) (2:1621)
02-16 14:19:34.944   271   271 D SFPerfTracer:        layers: (4:17) (FocusedStackFrame: 0:32)* (StatusBar: 0:403) (NavigationBar: 0:195) (com.android.systemui.ImageWallpaper: 0:19)* (DimLayer: 0:2)* (Starting com.comtop.mim: 0:29)* (com.comtop.mim/com.comtop.mim.ui.SplashActivity: 0:29)* (com.comtop.mim/com.comtop.mim.ui.LoginActivity: 0:44) (InputMethod: 0:27) (PopupWindow:422cec28: 0:3)* (PopupWindow:422cec28: 0:3)* (PopupWindow:422cec28: 0:3)* (PopupWindow:422cec28: 0:3)* (PopupWindow:422cec28: 2:2)* 
02-16 14:19:36.003   271   738 I SFPerfTracer:      triggers: (rate: 0:0) (623 sw vsyncs) (0 skipped) (18:5621 vsyncs) (20:7067)
02-16 14:19:40.698   271   738 I SFPerfTracer:      triggers: (rate: 0:0) (623 sw vsyncs) (0 skipped) (8:5686 vsyncs) (10:7173)
02-16 14:19:43.490   271   271 I SFPerfTracer:      triggers: (rate: 3:55) (compose: 0:5) (post: 0:1) (render: 0:8) (0:688 frames) (1:1721)
02-16 14:19:43.490   271   271 D SFPerfTracer:        layers: (4:20) (FocusedStackFrame: 0:32)* (StatusBar: 0:405) (NavigationBar: 0:195) (com.android.systemui.ImageWallpaper: 0:19)* (DimLayer: 0:2)* (com.comtop.mim/com.comtop.mim.ui.LoginActivity: 0:82) (InputMethod: 0:55) (PopupWindow:422cec28: 0:3)* (PopupWindow:422cec28: 0:3)* (PopupWindow:422cec28: 0:3)* (PopupWindow:422cec28: 0:3)* (PopupWindow:422cec28: 0:3)* (PopupWindow:422cec28: 0:3)* (PopupWindow:422cec28: 0:3)* (PopupWindow:422cec28: 0:3)* (PopupWindow:422cec28: 0:3)* (PopupWindow:422cec28: 0:3)* 
02-16 14:19:44.910   271   738 I SFPerfTracer:      triggers: (rate: 0:0) (623 sw vsyncs) (0 skipped) (20:5753 vsyncs) (22:7278)
02-16 14:19:45.340  1026  1320 I ActivityManager: START u0 {cmp=com.comtop.mim/.ui.MainActivity (has extras)} from pid 2910
02-16 14:19:45.343  1276  3135 W ContextImpl: Calling a method in the system process without a qualified user: android.app.ContextImpl.sendBroadcast:1252 android.content.ContextWrapper.sendBroadcast:365 com.motorola.motocare.util.TriggerHelper$TriggerBuilder.send:76 com.motorola.motocare.internal.frameworkevents.PauseResumeTrigger.handleFrameworkEvent:53 com.motorola.motocare.internal.frameworkevents.FwEventMonitor$FrameworkListener.processFrameworkEvent:114 
02-16 14:19:45.365  1276  3135 W ContextImpl: Calling a method in the system process without a qualified user: android.app.ContextImpl.sendBroadcast:1252 android.content.ContextWrapper.sendBroadcast:365 com.motorola.motocare.util.TriggerHelper$TriggerBuilder.send:76 com.motorola.motocare.internal.frameworkevents.PauseResumeTrigger.handleFrameworkEvent:53 com.motorola.motocare.internal.frameworkevents.FwEventMonitor$FrameworkListener.processFrameworkEvent:114 
02-16 14:19:46.303  1026  1059 I LaunchCheckinHandler: Displayed com.comtop.mim/.ui.MainActivity,wp,ca,942
02-16 14:19:46.836   271   271 I SFPerfTracer:      triggers: (rate: 3:56) (compose: 0:5) (post: 0:1) (render: 0:8) (0:733 frames) (1:1821)
02-16 14:19:46.836   271   271 D SFPerfTracer:        layers: (3:16) (FocusedStackFrame: 0:39)* (StatusBar: 0:407) (NavigationBar: 0:196) (com.android.systemui.ImageWallpaper: 0:19)* (DimLayer: 0:19)* (DimLayer: 0:2)* (com.comtop.mim/com.comtop.mim.ui.LoginActivity: 0:116)* (InputMethod: 0:81)* (PopupWindow:422cec28: 0:5)* (PopupWindow:422cec28: 0:3)* (PopupWindow:422cec28: 0:3)* (PopupWindow:422cec28: 0:3)* (com.comtop.mim/com.comtop.mim.ui.LoginActivity: 0:24)* (com.comtop.mim/com.comtop.mim.ui.MainActivity: 1:39) 
02-16 14:19:47.166   271   738 I SFPerfTracer:      triggers: (rate: 0:0) (623 sw vsyncs) (0 skipped) (19:5859 vsyncs) (21:7393)
02-16 14:19:50.334   271   738 I SFPerfTracer:      triggers: (rate: 0:0) (623 sw vsyncs) (0 skipped) (0:5929 vsyncs) (1:7494)
02-16 14:19:51.216   271   271 I SFPerfTracer:      triggers: (rate: 3:56) (compose: 0:5) (post: 0:1) (render: 0:8) (0:733 frames) (1:1921)
02-16 14:19:51.216   271   271 D SFPerfTracer:        layers: (3:9) (FocusedStackFrame: 0:39)* (StatusBar: 1:470) (NavigationBar: 0:196) (com.android.systemui.ImageWallpaper: 0:19)* (DimLayer: 0:19)* (DimLayer: 0:2)* (com.comtop.mim/com.comtop.mim.ui.MainActivity: 0:92) 
02-16 14:19:52.403  1026  1312 I ActivityManager: START u0 {act=com.android.systemui.recent.action.TOGGLE_RECENTS flg=0x10800000 cmp=com.android.systemui/.recent.RecentsActivity (has extras)} from pid 1120
02-16 14:19:52.504  1276  3135 W ContextImpl: Calling a method in the system process without a qualified user: android.app.ContextImpl.sendBroadcast:1252 android.content.ContextWrapper.sendBroadcast:365 com.motorola.motocare.util.TriggerHelper$TriggerBuilder.send:76 com.motorola.motocare.internal.frameworkevents.PauseResumeTrigger.handleFrameworkEvent:53 com.motorola.motocare.internal.frameworkevents.FwEventMonitor$FrameworkListener.processFrameworkEvent:114 
02-16 14:19:52.513  1276  3135 W ContextImpl: Calling a method in the system process without a qualified user: android.app.ContextImpl.sendBroadcast:1252 android.content.ContextWrapper.sendBroadcast:365 com.motorola.motocare.util.TriggerHelper$TriggerBuilder.send:76 com.motorola.motocare.internal.frameworkevents.PauseResumeTrigger.handleFrameworkEvent:53 com.motorola.motocare.internal.frameworkevents.FwEventMonitor$FrameworkListener.processFrameworkEvent:114 
02-16 14:19:52.693  1026  1059 I LaunchCheckinHandler: Displayed com.android.systemui/.recent.RecentsActivity,wp,ca,190
02-16 14:19:53.321   271   738 I SFPerfTracer:      triggers: (rate: 0:0) (623 sw vsyncs) (0 skipped) (44:6019 vsyncs) (46:7604)
02-16 14:19:53.834  1276  3135 W ContextImpl: Calling a method in the system process without a qualified user: android.app.ContextImpl.sendBroadcast:1252 android.content.ContextWrapper.sendBroadcast:365 com.motorola.motocare.util.TriggerHelper$TriggerBuilder.send:76 com.motorola.motocare.internal.frameworkevents.PauseResumeTrigger.handleFrameworkEvent:53 com.motorola.motocare.internal.frameworkevents.FwEventMonitor$FrameworkListener.processFrameworkEvent:114 
02-16 14:19:53.845  1276  3135 W ContextImpl: Calling a method in the system process without a qualified user: android.app.ContextImpl.sendBroadcast:1252 android.content.ContextWrapper.sendBroadcast:365 com.motorola.motocare.util.TriggerHelper$TriggerBuilder.send:76 com.motorola.motocare.internal.frameworkevents.PauseResumeTrigger.handleFrameworkEvent:53 com.motorola.motocare.internal.frameworkevents.FwEventMonitor$FrameworkListener.processFrameworkEvent:114 
02-16 14:19:56.972   271   271 I SFPerfTracer:      triggers: (rate: 3:56) (compose: 0:5) (post: 0:1) (render: 0:8) (0:762 frames) (1:2021)
02-16 14:19:56.973   271   271 D SFPerfTracer:        layers: (3:13) (FocusedStackFrame: 0:42)* (StatusBar: 0:475) (NavigationBar: 0:208) (com.android.systemui.ImageWallpaper: 0:22)* (DimLayer: 0:19)* (DimLayer: 0:2)* (com.comtop.mim/com.comtop.mim.ui.MainActivity: 0:110)* (com.android.systemui/com.android.systemui.recent.RecentsActivity: 0:27)* (thumbnail anim: 0:17)* (com.comtop.mim/com.comtop.mim.ui.MainActivity: 1:46) (thumbnail anim: 0:17)* 
02-16 14:19:57.485   271   738 I SFPerfTracer:      triggers: (rate: 0:0) (623 sw vsyncs) (0 skipped) (0:6081 vsyncs) (1:7705)
02-16 14:20:00.001  1026  1086 V AlarmManager: sending alarm Alarm{42bead68 type 3 android}
02-16 14:20:01.699   271   271 I SFPerfTracer:      triggers: (rate: 3:56) (compose: 0:5) (post: 0:1) (render: 0:8) (0:762 frames) (1:2121)
02-16 14:20:01.699   271   271 D SFPerfTracer:        layers: (3:9) (FocusedStackFrame: 0:42)* (StatusBar: 0:476) (NavigationBar: 0:208) (com.android.systemui.ImageWallpaper: 0:22)* (DimLayer: 0:19)* (DimLayer: 0:2)* (com.comtop.mim/com.comtop.mim.ui.MainActivity: 1:145) 
02-16 14:20:01.914   271   738 I SFPerfTracer:      triggers: (rate: 0:0) (623 sw vsyncs) (0 skipped) (41:6172 vsyncs) (43:7839)
02-16 14:20:01.981  1026  1039 I ActivityManager: START u0 {cmp=com.comtop.mim/.ui.UserGroupListActivity} from pid 2910
02-16 14:20:01.984  1276  3135 W ContextImpl: Calling a method in the system process without a qualified user: android.app.ContextImpl.sendBroadcast:1252 android.content.ContextWrapper.sendBroadcast:365 com.motorola.motocare.util.TriggerHelper$TriggerBuilder.send:76 com.motorola.motocare.internal.frameworkevents.PauseResumeTrigger.handleFrameworkEvent:53 com.motorola.motocare.internal.frameworkevents.FwEventMonitor$FrameworkListener.processFrameworkEvent:114 
02-16 14:20:02.018  1276  3135 W ContextImpl: Calling a method in the system process without a qualified user: android.app.ContextImpl.sendBroadcast:1252 android.content.ContextWrapper.sendBroadcast:365 com.motorola.motocare.util.TriggerHelper$TriggerBuilder.send:76 com.motorola.motocare.internal.frameworkevents.PauseResumeTrigger.handleFrameworkEvent:53 com.motorola.motocare.internal.frameworkevents.FwEventMonitor$FrameworkListener.processFrameworkEvent:114 
02-16 14:20:02.184  1026  1059 I LaunchCheckinHandler: Displayed com.comtop.mim/.ui.UserGroupListActivity,wp,ca,170
02-16 14:20:04.403   271   271 I SFPerfTracer:      triggers: (rate: 3:56) (compose: 0:5) (post: 0:1) (render: 0:8) (0:778 frames) (1:2221)
02-16 14:20:04.403   271   271 D SFPerfTracer:        layers: (3:11) (FocusedStackFrame: 0:46)* (StatusBar: 0:476) (NavigationBar: 0:208) (com.android.systemui.ImageWallpaper: 0:22)* (DimLayer: 0:19)* (DimLayer: 0:4)* (com.comtop.mim/com.comtop.mim.ui.MainActivity: 0:180)* (com.comtop.mim/com.comtop.mim.ui.UserGroupListActivity: 0:20)* (com.comtop.mim/com.comtop.mim.ui.UserGroupListActivity: 1:85) 
02-16 14:20:05.547   271   738 I SFPerfTracer:      triggers: (rate: 0:0) (623 sw vsyncs) (0 skipped) (130:6332 vsyncs) (132:8013)
02-16 14:20:05.899  1026  1201 I ActivityManager: START u0 {cmp=com.comtop.mim/com.alibaba.mobileim.ui.WxChattingActvity (has extras)} from pid 2910
02-16 14:20:05.902  1276  3135 W ContextImpl: Calling a method in the system process without a qualified user: android.app.ContextImpl.sendBroadcast:1252 android.content.ContextWrapper.sendBroadcast:365 com.motorola.motocare.util.TriggerHelper$TriggerBuilder.send:76 com.motorola.motocare.internal.frameworkevents.PauseResumeTrigger.handleFrameworkEvent:53 com.motorola.motocare.internal.frameworkevents.FwEventMonitor$FrameworkListener.processFrameworkEvent:114 
02-16 14:20:05.947  1276  3135 W ContextImpl: Calling a method in the system process without a qualified user: android.app.ContextImpl.sendBroadcast:1252 android.content.ContextWrapper.sendBroadcast:365 com.motorola.motocare.util.TriggerHelper$TriggerBuilder.send:76 com.motorola.motocare.internal.frameworkevents.PauseResumeTrigger.handleFrameworkEvent:53 com.motorola.motocare.internal.frameworkevents.FwEventMonitor$FrameworkListener.processFrameworkEvent:114 
02-16 14:20:06.366  1026  1059 I LaunchCheckinHandler: Displayed com.comtop.mim/com.alibaba.mobileim.ui.WxChattingActvity,wp,ca,423
02-16 14:20:07.605   271   271 I SFPerfTracer:      triggers: (rate: 3:56) (compose: 0:5) (post: 0:1) (render: 0:8) (0:779 frames) (1:2321)
02-16 14:20:07.605   271   271 D SFPerfTracer:        layers: (3:10) (FocusedStackFrame: 0:48)* (StatusBar: 0:476) (NavigationBar: 0:208) (com.android.systemui.ImageWallpaper: 0:22)* (DimLayer: 0:19)* (DimLayer: 0:4)* (com.comtop.mim/com.comtop.mim.ui.UserGroupListActivity: 0:172)* (com.comtop.mim/com.alibaba.mobileim.ui.WxChattingActvity: 1:12) 
02-16 14:20:08.092  1026  1320 I ActivityManager: START u0 {cmp=com.comtop.mim/.ui.GroupInfoActivity (has extras)} from pid 2910
02-16 14:20:08.095  1276  3135 W ContextImpl: Calling a method in the system process without a qualified user: android.app.ContextImpl.sendBroadcast:1252 android.content.ContextWrapper.sendBroadcast:365 com.motorola.motocare.util.TriggerHelper$TriggerBuilder.send:76 com.motorola.motocare.internal.frameworkevents.PauseResumeTrigger.handleFrameworkEvent:53 com.motorola.motocare.internal.frameworkevents.FwEventMonitor$FrameworkListener.processFrameworkEvent:114 
02-16 14:20:08.118  1276  3135 W ContextImpl: Calling a method in the system process without a qualified user: android.app.ContextImpl.sendBroadcast:1252 android.content.ContextWrapper.sendBroadcast:365 com.motorola.motocare.util.TriggerHelper$TriggerBuilder.send:76 com.motorola.motocare.internal.frameworkevents.PauseResumeTrigger.handleFrameworkEvent:53 com.motorola.motocare.internal.frameworkevents.FwEventMonitor$FrameworkListener.processFrameworkEvent:114 
02-16 14:20:08.265  1026  1059 I LaunchCheckinHandler: Displayed com.comtop.mim/.ui.GroupInfoActivity,wp,ca,149
02-16 14:20:09.146   271   738 I SFPerfTracer:      triggers: (rate: 0:0) (623 sw vsyncs) (0 skipped) (58:6460 vsyncs) (60:8165)
02-16 14:20:10.208  1026  1060 W ProcessCpuTracker: Skipping unknown process pid 6931
02-16 14:20:10.989  1026  1106 I ActivityManager: START u0 {cmp=com.comtop.mim/.ui.TextModifyActivity (has extras)} from pid 2910
02-16 14:20:10.993  1276  3135 W ContextImpl: Calling a method in the system process without a qualified user: android.app.ContextImpl.sendBroadcast:1252 android.content.ContextWrapper.sendBroadcast:365 com.motorola.motocare.util.TriggerHelper$TriggerBuilder.send:76 com.motorola.motocare.internal.frameworkevents.PauseResumeTrigger.handleFrameworkEvent:53 com.motorola.motocare.internal.frameworkevents.FwEventMonitor$FrameworkListener.processFrameworkEvent:114 
02-16 14:20:11.018  1276  3135 W ContextImpl: Calling a method in the system process without a qualified user: android.app.ContextImpl.sendBroadcast:1252 android.content.ContextWrapper.sendBroadcast:365 com.motorola.motocare.util.TriggerHelper$TriggerBuilder.send:76 com.motorola.motocare.internal.frameworkevents.PauseResumeTrigger.handleFrameworkEvent:53 com.motorola.motocare.internal.frameworkevents.FwEventMonitor$FrameworkListener.processFrameworkEvent:114 
02-16 14:20:11.157  1026  1059 I LaunchCheckinHandler: Displayed com.comtop.mim/.ui.TextModifyActivity,wp,ca,141
02-16 14:20:11.454   271   271 I SFPerfTracer:      triggers: (rate: 3:56) (compose: 0:5) (post: 0:1) (render: 0:8) (15:813 frames) (16:2430)
02-16 14:20:11.454   271   271 D SFPerfTracer:        layers: (5:11) (FocusedStackFrame: 0:55)* (StatusBar: 0:476) (NavigationBar: 0:208) (com.android.systemui.ImageWallpaper: 0:22)* (DimLayer: 0:19)* (DimLayer: 0:7) (com.comtop.mim/com.alibaba.mobileim.ui.WxChattingActvity: 0:47)* (com.comtop.mim/com.comtop.mim.ui.GroupInfoActivity: 16:88) (com.comtop.mim/com.comtop.mim.ui.TextModifyActivity: 16:20) 
02-16 14:20:12.845   271   738 I SFPerfTracer:      triggers: (rate: 0:0) (623 sw vsyncs) (0 skipped) (17:6541 vsyncs) (19:8283)
02-16 14:20:15.629  1026  1100 D ConnectivityService: handleInetConditionHoldEnd: net=1, condition=0, published condition=0
02-16 14:20:17.955   271   738 I SFPerfTracer:      triggers: (rate: 0:0) (623 sw vsyncs) (0 skipped) (108:6667 vsyncs) (110:8445)
02-16 14:20:23.246   271   738 I SFPerfTracer:      triggers: (rate: 0:0) (623 sw vsyncs) (0 skipped) (0:6711 vsyncs) (1:8546)
02-16 14:20:28.305   271   738 I SFPerfTracer:      triggers: (rate: 0:0) (623 sw vsyncs) (0 skipped) (0:6757 vsyncs) (1:8647)
02-16 14:20:30.027  1026  1086 V AlarmManager: sending alarm Alarm{42b73808 type 2 com.google.android.gms}
02-16 14:20:33.664   271   738 I SFPerfTracer:      triggers: (rate: 0:0) (623 sw vsyncs) (0 skipped) (1:6795 vsyncs) (3:8749)
02-16 14:20:34.716   271   271 I SFPerfTracer:      triggers: (rate: 3:56) (compose: 0:5) (post: 0:1) (render: 0:8) (0:842 frames) (1:2530)
