--------- beginning of /dev/log/system
02-16 12:00:13.342  1876  1876 E ActivityThread: Failed to find provider info for com.motorola.blur.setupprovider
02-16 12:00:13.362  1876  1876 E ActivityThread: Failed to find provider info for com.motorola.blur.setupprovider
02-16 12:00:13.422  1026  1312 I ActivityManager: Killing 6593:com.android.chrome/u0a52 (adj 15): empty #9
02-16 12:00:13.423  1276  3135 W ContextImpl: Calling a method in the system process without a qualified user: android.app.ContextImpl.sendBroadcast:1252 android.content.ContextWrapper.sendBroadcast:365 com.motorola.motocare.util.TriggerHelper$TriggerBuilder.send:76 com.motorola.motocare.internal.frameworkevents.ProcessKillTrigger.sendTrigger:147 com.motorola.motocare.internal.frameworkevents.ProcessKillTrigger.handleFrameworkEvent:164 
02-16 12:00:13.439  1026  1106 I ActivityManager: Start proc com.android.mms for broadcast com.android.mms/.transaction.MmsSystemEventReceiver: pid=6884 uid=10028 gids={50028, 3003, 1028, 1015}
02-16 12:00:13.514  1026  1317 I ActivityManager: Start proc com.google.android.setupwizard for broadcast com.google.android.setupwizard/.MobileConnectivityChangeReceiver: pid=6905 uid=10038 gids={50038, 3003}
02-16 12:00:13.515  1026  1317 I ActivityManager: Killing 6679:com.google.android.apps.magazines/u0a70 (adj 15): empty #9
02-16 12:00:13.517  1276  3135 W ContextImpl: Calling a method in the system process without a qualified user: android.app.ContextImpl.sendBroadcast:1252 android.content.ContextWrapper.sendBroadcast:365 com.motorola.motocare.util.TriggerHelper$TriggerBuilder.send:76 com.motorola.motocare.internal.frameworkevents.ProcessKillTrigger.sendTrigger:147 com.motorola.motocare.internal.frameworkevents.ProcessKillTrigger.handleFrameworkEvent:164 
02-16 12:00:13.675  1026  1320 I ActivityManager: Start proc com.android.chrome for broadcast com.android.chrome/com.google.android.apps.chrome.precache.PrecacheServiceLauncher: pid=6919 uid=10052 gids={50052, 3003, 1028, 1015}
02-16 12:00:13.676  1026  1320 I ActivityManager: Killing 6701:android.process.acore/u0a7 (adj 15): empty #9
02-16 12:00:13.678  1276  3135 W ContextImpl: Calling a method in the system process without a qualified user: android.app.ContextImpl.sendBroadcast:1252 android.content.ContextWrapper.sendBroadcast:365 com.motorola.motocare.util.TriggerHelper$TriggerBuilder.send:76 com.motorola.motocare.internal.frameworkevents.ProcessKillTrigger.sendTrigger:147 com.motorola.motocare.internal.frameworkevents.ProcessKillTrigger.handleFrameworkEvent:164 
02-16 12:00:13.738  1026  1106 I ActivityManager: Killing 6760:com.sohu.inputmethod.sogou:classic/u0a171 (adj 15): empty #9
02-16 12:00:13.739  1276  3135 W ContextImpl: Calling a method in the system process without a qualified user: android.app.ContextImpl.sendBroadcast:1252 android.content.ContextWrapper.sendBroadcast:365 com.motorola.motocare.util.TriggerHelper$TriggerBuilder.send:76 com.motorola.motocare.internal.frameworkevents.ProcessKillTrigger.sendTrigger:147 com.motorola.motocare.internal.frameworkevents.ProcessKillTrigger.handleFrameworkEvent:164 
02-16 12:00:13.747  1026  1099 D WifiService: Client connection lost with reason: 4
02-16 12:00:13.756  1026  1201 I ActivityManager: Start proc com.google.android.apps.magazines for broadcast com.google.android.apps.magazines/com.google.apps.dots.android.newsstand.appwidget.NewsWidgetProvider: pid=6936 uid=10070 gids={50070, 3003, 1028, 1015}
02-16 12:00:13.954  1026  1038 I ActivityManager: Killing 6792:sogou.mobile.explorer.hotwords/u0a171 (adj 15): empty #9
02-16 12:00:13.955  1276  3135 W ContextImpl: Calling a method in the system process without a qualified user: android.app.ContextImpl.sendBroadcast:1252 android.content.ContextWrapper.sendBroadcast:365 com.motorola.motocare.util.TriggerHelper$TriggerBuilder.send:76 com.motorola.motocare.internal.frameworkevents.ProcessKillTrigger.sendTrigger:147 com.motorola.motocare.internal.frameworkevents.ProcessKillTrigger.handleFrameworkEvent:164 
02-16 12:00:13.969  1026  1099 D WifiService: Client connection lost with reason: 4
02-16 12:00:13.988  1026  1038 I ActivityManager: Start proc com.sohu.inputmethod.sogou:classic for broadcast com.sohu.inputmethod.sogou/com.sogou.androidtool.receiver.NetChangeReceiver: pid=6991 uid=10171 gids={50171, 3003, 1028, 1015}
02-16 12:00:14.048  1026  1099 D WifiService: New client listening to asynchronous messages
02-16 12:00:14.130  1026  1312 I ActivityManager: Start proc sogou.mobile.explorer.hotwords for broadcast com.sohu.inputmethod.sogou/sogou.mobile.explorer.hotwords.browser.SemobWakeUpReceiver: pid=7014 uid=10171 gids={50171, 3003, 1028, 1015}
02-16 12:00:14.134  1026  1318 I ActivityManager: Killing 6809:fq.router2/u0a167 (adj 15): empty #9
02-16 12:00:14.135  1276  3135 W ContextImpl: Calling a method in the system process without a qualified user: android.app.ContextImpl.sendBroadcast:1252 android.content.ContextWrapper.sendBroadcast:365 com.motorola.motocare.util.TriggerHelper$TriggerBuilder.send:76 com.motorola.motocare.internal.frameworkevents.ProcessKillTrigger.sendTrigger:147 com.motorola.motocare.internal.frameworkevents.ProcessKillTrigger.handleFrameworkEvent:164 
02-16 12:00:14.193  1026  1312 I ActivityManager: Killing 6822:com.diune.pictures/u0a317 (adj 15): empty #9
02-16 12:00:14.195  1276  3135 W ContextImpl: Calling a method in the system process without a qualified user: android.app.ContextImpl.sendBroadcast:1252 android.content.ContextWrapper.sendBroadcast:365 com.motorola.motocare.util.TriggerHelper$TriggerBuilder.send:76 com.motorola.motocare.internal.frameworkevents.ProcessKillTrigger.sendTrigger:147 com.motorola.motocare.internal.frameworkevents.ProcessKillTrigger.handleFrameworkEvent:164 
02-16 12:00:14.203  1026  1318 W ActivityManager: Unable to start service Intent { act=com.sogou.pushservice.action.METHOD cmp=/com.sogou.udp.push.PushService (has extras) } U=0: not found
02-16 12:00:14.214  1026  1320 I ActivityManager: Start proc fq.router2 for broadcast fq.router2/.ConnectivityChangeReceiver: pid=7031 uid=10167 gids={50167, 3003, 1028, 1015}
02-16 12:00:14.249  1026  1320 I ActivityManager: Start proc com.diune.pictures for broadcast com.diune.pictures/.service.NetworkChangeReceiver: pid=7048 uid=10317 gids={50317, 3003, 1028, 1015}
02-16 12:00:14.250  1026  1320 I ActivityManager: Killing 6834:com.tencent.mobileqq/u0a703 (adj 15): empty #9
02-16 12:00:14.251  1276  3135 W ContextImpl: Calling a method in the system process without a qualified user: android.app.ContextImpl.sendBroadcast:1252 android.content.ContextWrapper.sendBroadcast:365 com.motorola.motocare.util.TriggerHelper$TriggerBuilder.send:76 com.motorola.motocare.internal.frameworkevents.ProcessKillTrigger.sendTrigger:147 com.motorola.motocare.internal.frameworkevents.ProcessKillTrigger.handleFrameworkEvent:164 
02-16 12:00:14.316  1026  1317 I ActivityManager: Killing 6857:com.xianguo.pad/u0a473 (adj 15): empty #9
02-16 12:00:14.318  1276  3135 W ContextImpl: Calling a method in the system process without a qualified user: android.app.ContextImpl.sendBroadcast:1252 android.content.ContextWrapper.sendBroadcast:365 com.motorola.motocare.util.TriggerHelper$TriggerBuilder.send:76 com.motorola.motocare.internal.frameworkevents.ProcessKillTrigger.sendTrigger:147 com.motorola.motocare.internal.frameworkevents.ProcessKillTrigger.handleFrameworkEvent:164 
02-16 12:00:14.331  1026  1319 I ActivityManager: Start proc com.tencent.mobileqq for content provider com.tencent.mobileqq/com.tencent.mqq.shared_file_accessor.ContentProviderImpl: pid=7064 uid=10703 gids={50703, 3003, 3002, 3001, 1028, 1015}
02-16 12:00:14.450  1026  1099 D WifiService: New client listening to asynchronous messages
02-16 12:00:14.503  1026  1319 I ActivityManager: Start proc com.xianguo.pad for broadcast com.xianguo.pad/.activity.manager.NetworkMonitor: pid=7084 uid=10473 gids={50473, 3003, 1028, 1015}
02-16 12:00:14.505  1026  1106 I ActivityManager: Killing 6884:com.android.mms/u0a28 (adj 15): empty #9
02-16 12:00:14.506  1276  3135 W ContextImpl: Calling a method in the system process without a qualified user: android.app.ContextImpl.sendBroadcast:1252 android.content.ContextWrapper.sendBroadcast:365 com.motorola.motocare.util.TriggerHelper$TriggerBuilder.send:76 com.motorola.motocare.internal.frameworkevents.ProcessKillTrigger.sendTrigger:147 com.motorola.motocare.internal.frameworkevents.ProcessKillTrigger.handleFrameworkEvent:164 
02-16 12:00:14.554  1026  1106 I ActivityManager: Killing 6905:com.google.android.setupwizard/u0a38 (adj 15): empty #9
02-16 12:00:14.556  1276  3135 W ContextImpl: Calling a method in the system process without a qualified user: android.app.ContextImpl.sendBroadcast:1252 android.content.ContextWrapper.sendBroadcast:365 com.motorola.motocare.util.TriggerHelper$TriggerBuilder.send:76 com.motorola.motocare.internal.frameworkevents.ProcessKillTrigger.sendTrigger:147 com.motorola.motocare.internal.frameworkevents.ProcessKillTrigger.handleFrameworkEvent:164 
02-16 12:00:14.569  1026  1199 I ActivityManager: Start proc com.netease.vopen for broadcast com.netease.vopen/com.netease.pushservice.receiver.PushServiceReconnectReceiver: pid=7099 uid=10763 gids={50763, 3003, 1028, 1015}
02-16 12:00:14.731  1026  1320 I ActivityManager: Killing 6919:com.android.chrome/u0a52 (adj 15): empty #9
02-16 12:00:14.733  1276  3135 W ContextImpl: Calling a method in the system process without a qualified user: android.app.ContextImpl.sendBroadcast:1252 android.content.ContextWrapper.sendBroadcast:365 com.motorola.motocare.util.TriggerHelper$TriggerBuilder.send:76 com.motorola.motocare.internal.frameworkevents.ProcessKillTrigger.sendTrigger:147 com.motorola.motocare.internal.frameworkevents.ProcessKillTrigger.handleFrameworkEvent:164 
02-16 12:00:14.750  1026  1201 I ActivityManager: Start proc com.google.android.talk for broadcast com.google.android.talk/com.google.android.apps.babel.realtimechat.RequestWriter$NetworkStateReceiver: pid=7123 uid=10065 gids={50065, 3003, 1028, 1015, 3002}
02-16 12:00:14.891  1026  1317 I ActivityManager: Killing 6936:com.google.android.apps.magazines/u0a70 (adj 15): empty #9
02-16 12:00:14.893  1276  3135 W ContextImpl: Calling a method in the system process without a qualified user: android.app.ContextImpl.sendBroadcast:1252 android.content.ContextWrapper.sendBroadcast:365 com.motorola.motocare.util.TriggerHelper$TriggerBuilder.send:76 com.motorola.motocare.internal.frameworkevents.ProcessKillTrigger.sendTrigger:147 com.motorola.motocare.internal.frameworkevents.ProcessKillTrigger.handleFrameworkEvent:164 
02-16 12:00:14.916  1026  1038 I ActivityManager: Start proc com.android.mms for broadcast com.android.mms/.transaction.MmsSystemEventReceiver: pid=7154 uid=10028 gids={50028, 3003, 1028, 1015}
02-16 12:00:14.985  1026  1199 I ActivityManager: Start proc com.google.android.setupwizard for broadcast com.google.android.setupwizard/.MobileConnectivityChangeReceiver: pid=7173 uid=10038 gids={50038, 3003}
02-16 12:00:14.986  1026  1199 I ActivityManager: Killing 6991:com.sohu.inputmethod.sogou:classic/u0a171 (adj 15): empty #9
02-16 12:00:14.988  1276  3135 W ContextImpl: Calling a method in the system process without a qualified user: android.app.ContextImpl.sendBroadcast:1252 android.content.ContextWrapper.sendBroadcast:365 com.motorola.motocare.util.TriggerHelper$TriggerBuilder.send:76 com.motorola.motocare.internal.frameworkevents.ProcessKillTrigger.sendTrigger:147 com.motorola.motocare.internal.frameworkevents.ProcessKillTrigger.handleFrameworkEvent:164 
02-16 12:00:14.998  1026  1099 D WifiService: Client connection lost with reason: 4
02-16 12:00:15.025  1026  1319 I ActivityManager: Start proc com.android.chrome for broadcast com.android.chrome/com.google.android.apps.chrome.precache.PrecacheServiceLauncher: pid=7186 uid=10052 gids={50052, 3003, 1028, 1015}
02-16 12:00:15.026  1026  1319 I ActivityManager: Killing 7014:sogou.mobile.explorer.hotwords/u0a171 (adj 15): empty #9
02-16 12:00:15.028  1276  3135 W ContextImpl: Calling a method in the system process without a qualified user: android.app.ContextImpl.sendBroadcast:1252 android.content.ContextWrapper.sendBroadcast:365 com.motorola.motocare.util.TriggerHelper$TriggerBuilder.send:76 com.motorola.motocare.internal.frameworkevents.ProcessKillTrigger.sendTrigger:147 com.motorola.motocare.internal.frameworkevents.ProcessKillTrigger.handleFrameworkEvent:164 
02-16 12:00:15.043  1026  1099 D WifiService: Client connection lost with reason: 4
02-16 12:00:15.082  1026  1317 I ActivityManager: Killing 7031:fq.router2/u0a167 (adj 15): empty #9
02-16 12:00:15.084  1276  3135 W ContextImpl: Calling a method in the system process without a qualified user: android.app.ContextImpl.sendBroadcast:1252 android.content.ContextWrapper.sendBroadcast:365 com.motorola.motocare.util.TriggerHelper$TriggerBuilder.send:76 com.motorola.motocare.internal.frameworkevents.ProcessKillTrigger.sendTrigger:147 com.motorola.motocare.internal.frameworkevents.ProcessKillTrigger.handleFrameworkEvent:164 
02-16 12:00:15.099  1026  1106 I ActivityManager: Start proc com.google.android.apps.magazines for broadcast com.google.android.apps.magazines/com.google.apps.dots.android.newsstand.appwidget.NewsWidgetProvider: pid=7199 uid=10070 gids={50070, 3003, 1028, 1015}
02-16 12:00:15.348  1026  1199 I ActivityManager: Killing 7048:com.diune.pictures/u0a317 (adj 15): empty #9
02-16 12:00:15.349  1276  3135 W ContextImpl: Calling a method in the system process without a qualified user: android.app.ContextImpl.sendBroadcast:1252 android.content.ContextWrapper.sendBroadcast:365 com.motorola.motocare.util.TriggerHelper$TriggerBuilder.send:76 com.motorola.motocare.internal.frameworkevents.ProcessKillTrigger.sendTrigger:147 com.motorola.motocare.internal.frameworkevents.ProcessKillTrigger.handleFrameworkEvent:164 
02-16 12:00:15.406  1026  1038 I ActivityManager: Start proc com.sohu.inputmethod.sogou:classic for broadcast com.sohu.inputmethod.sogou/com.sogou.androidtool.receiver.NetChangeReceiver: pid=7258 uid=10171 gids={50171, 3003, 1028, 1015}
02-16 12:00:15.564  1026  1099 D WifiService: New client listening to asynchronous messages
02-16 12:00:15.653  1026  1039 I ActivityManager: Start proc sogou.mobile.explorer.hotwords for broadcast com.sohu.inputmethod.sogou/sogou.mobile.explorer.hotwords.browser.SemobWakeUpReceiver: pid=7284 uid=10171 gids={50171, 3003, 1028, 1015}
02-16 12:00:15.657  1026  1039 I ActivityManager: Killing 7064:com.tencent.mobileqq/u0a703 (adj 15): empty #9
02-16 12:00:15.658  1276  3135 W ContextImpl: Calling a method in the system process without a qualified user: android.app.ContextImpl.sendBroadcast:1252 android.content.ContextWrapper.sendBroadcast:365 com.motorola.motocare.util.TriggerHelper$TriggerBuilder.send:76 com.motorola.motocare.internal.frameworkevents.ProcessKillTrigger.sendTrigger:147 com.motorola.motocare.internal.frameworkevents.ProcessKillTrigger.handleFrameworkEvent:164 
02-16 12:00:15.714  1026  1312 I ActivityManager: Killing 7084:com.xianguo.pad/u0a473 (adj 15): empty #9
02-16 12:00:15.715  1276  3135 W ContextImpl: Calling a method in the system process without a qualified user: android.app.ContextImpl.sendBroadcast:1252 android.content.ContextWrapper.sendBroadcast:365 com.motorola.motocare.util.TriggerHelper$TriggerBuilder.send:76 com.motorola.motocare.internal.frameworkevents.ProcessKillTrigger.sendTrigger:147 com.motorola.motocare.internal.frameworkevents.ProcessKillTrigger.handleFrameworkEvent:164 
02-16 12:00:15.719  1026  1199 W ActivityManager: Unable to start service Intent { act=com.sogou.pushservice.action.METHOD cmp=/com.sogou.udp.push.PushService (has extras) } U=0: not found
02-16 12:00:15.741  1026  1038 I ActivityManager: Start proc fq.router2 for broadcast fq.router2/.ConnectivityChangeReceiver: pid=7310 uid=10167 gids={50167, 3003, 1028, 1015}
02-16 12:00:15.812  1026  1312 I ActivityManager: Start proc com.diune.pictures for broadcast com.diune.pictures/.service.NetworkChangeReceiver: pid=7325 uid=10317 gids={50317, 3003, 1028, 1015}
02-16 12:00:15.813  1026  1312 I ActivityManager: Killing 7099:com.netease.vopen/u0a763 (adj 15): empty #9
02-16 12:00:15.815  1276  3135 W ContextImpl: Calling a method in the system process without a qualified user: android.app.ContextImpl.sendBroadcast:1252 android.content.ContextWrapper.sendBroadcast:365 com.motorola.motocare.util.TriggerHelper$TriggerBuilder.send:76 com.motorola.motocare.internal.frameworkevents.ProcessKillTrigger.sendTrigger:147 com.motorola.motocare.internal.frameworkevents.ProcessKillTrigger.handleFrameworkEvent:164 
02-16 12:00:15.877  1026  1199 I ActivityManager: Killing 7123:com.google.android.talk/u0a65 (adj 15): empty #9
02-16 12:00:15.879  1276  3135 W ContextImpl: Calling a method in the system process without a qualified user: android.app.ContextImpl.sendBroadcast:1252 android.content.ContextWrapper.sendBroadcast:365 com.motorola.motocare.util.TriggerHelper$TriggerBuilder.send:76 com.motorola.motocare.internal.frameworkevents.ProcessKillTrigger.sendTrigger:147 com.motorola.motocare.internal.frameworkevents.ProcessKillTrigger.handleFrameworkEvent:164 
02-16 12:00:15.902  1026  1312 I ActivityManager: Start proc com.tencent.mobileqq for content provider com.tencent.mobileqq/com.tencent.mqq.shared_file_accessor.ContentProviderImpl: pid=7348 uid=10703 gids={50703, 3003, 3002, 3001, 1028, 1015}
02-16 12:00:15.981  1026  1099 D WifiService: New client listening to asynchronous messages
02-16 12:00:16.055  1026  1106 I ActivityManager: Start proc com.xianguo.pad for broadcast com.xianguo.pad/.activity.manager.NetworkMonitor: pid=7366 uid=10473 gids={50473, 3003, 1028, 1015}
02-16 12:00:16.057  1026  1201 I ActivityManager: Killing 7154:com.android.mms/u0a28 (adj 15): empty #9
02-16 12:00:16.058  1276  3135 W ContextImpl: Calling a method in the system process without a qualified user: android.app.ContextImpl.sendBroadcast:1252 android.content.ContextWrapper.sendBroadcast:365 com.motorola.motocare.util.TriggerHelper$TriggerBuilder.send:76 com.motorola.motocare.internal.frameworkevents.ProcessKillTrigger.sendTrigger:147 com.motorola.motocare.internal.frameworkevents.ProcessKillTrigger.handleFrameworkEvent:164 
02-16 12:00:16.102  1026  1038 I ActivityManager: Killing 7173:com.google.android.setupwizard/u0a38 (adj 15): empty #9
02-16 12:00:16.104  1276  3135 W ContextImpl: Calling a method in the system process without a qualified user: android.app.ContextImpl.sendBroadcast:1252 android.content.ContextWrapper.sendBroadcast:365 com.motorola.motocare.util.TriggerHelper$TriggerBuilder.send:76 com.motorola.motocare.internal.frameworkevents.ProcessKillTrigger.sendTrigger:147 com.motorola.motocare.internal.frameworkevents.ProcessKillTrigger.handleFrameworkEvent:164 
02-16 12:00:16.119  1026  1201 I ActivityManager: Start proc com.android.mms for broadcast com.android.mms/.transaction.MmsSystemEventReceiver: pid=7381 uid=10028 gids={50028, 3003, 1028, 1015}
02-16 12:00:16.186  1026  1317 I ActivityManager: Start proc com.google.android.setupwizard for broadcast com.google.android.setupwizard/.MobileConnectivityChangeReceiver: pid=7399 uid=10038 gids={50038, 3003}
02-16 12:00:16.187  1026  1317 I ActivityManager: Killing 7186:com.android.chrome/u0a52 (adj 15): empty #9
02-16 12:00:16.189  1276  3135 W ContextImpl: Calling a method in the system process without a qualified user: android.app.ContextImpl.sendBroadcast:1252 android.content.ContextWrapper.sendBroadcast:365 com.motorola.motocare.util.TriggerHelper$TriggerBuilder.send:76 com.motorola.motocare.internal.frameworkevents.ProcessKillTrigger.sendTrigger:147 com.motorola.motocare.internal.frameworkevents.ProcessKillTrigger.handleFrameworkEvent:164 
02-16 12:00:16.230  1026  1318 I ActivityManager: Start proc com.android.chrome for broadcast com.android.chrome/com.google.android.apps.chrome.precache.PrecacheServiceLauncher: pid=7412 uid=10052 gids={50052, 3003, 1028, 1015}
02-16 12:00:16.231  1026  1318 I ActivityManager: Killing 7199:com.google.android.apps.magazines/u0a70 (adj 15): empty #9
02-16 12:00:16.233  1276  3135 W ContextImpl: Calling a method in the system process without a qualified user: android.app.ContextImpl.sendBroadcast:1252 android.content.ContextWrapper.sendBroadcast:365 com.motorola.motocare.util.TriggerHelper$TriggerBuilder.send:76 com.motorola.motocare.internal.frameworkevents.ProcessKillTrigger.sendTrigger:147 com.motorola.motocare.internal.frameworkevents.ProcessKillTrigger.handleFrameworkEvent:164 
02-16 12:00:16.289  1026  1319 I ActivityManager: Killing 7258:com.sohu.inputmethod.sogou:classic/u0a171 (adj 15): empty #9
02-16 12:00:16.291  1276  3135 W ContextImpl: Calling a method in the system process without a qualified user: android.app.ContextImpl.sendBroadcast:1252 android.content.ContextWrapper.sendBroadcast:365 com.motorola.motocare.util.TriggerHelper$TriggerBuilder.send:76 com.motorola.motocare.internal.frameworkevents.ProcessKillTrigger.sendTrigger:147 com.motorola.motocare.internal.frameworkevents.ProcessKillTrigger.handleFrameworkEvent:164 
02-16 12:00:16.300  1026  1099 D WifiService: Client connection lost with reason: 4
02-16 12:00:16.306  1026  1318 I ActivityManager: Start proc com.google.android.apps.magazines for broadcast com.google.android.apps.magazines/com.google.apps.dots.android.newsstand.appwidget.NewsWidgetProvider: pid=7429 uid=10070 gids={50070, 3003, 1028, 1015}
02-16 12:00:16.507  1026  1320 I ActivityManager: Killing 7284:sogou.mobile.explorer.hotwords/u0a171 (adj 15): empty #9
02-16 12:00:16.508  1276  3135 W ContextImpl: Calling a method in the system process without a qualified user: android.app.ContextImpl.sendBroadcast:1252 android.content.ContextWrapper.sendBroadcast:365 com.motorola.motocare.util.TriggerHelper$TriggerBuilder.send:76 com.motorola.motocare.internal.frameworkevents.ProcessKillTrigger.sendTrigger:147 com.motorola.motocare.internal.frameworkevents.ProcessKillTrigger.handleFrameworkEvent:164 
02-16 12:00:16.521  1026  1099 D WifiService: Client connection lost with reason: 4
02-16 12:00:16.554  1026  1106 I ActivityManager: Start proc com.sohu.inputmethod.sogou:classic for broadcast com.sohu.inputmethod.sogou/com.sogou.androidtool.receiver.NetChangeReceiver: pid=7483 uid=10171 gids={50171, 3003, 1028, 1015}
02-16 12:00:16.612  1026  1099 D WifiService: New client listening to asynchronous messages
02-16 12:00:16.697  1026  1317 I ActivityManager: Start proc sogou.mobile.explorer.hotwords for broadcast com.sohu.inputmethod.sogou/sogou.mobile.explorer.hotwords.browser.SemobWakeUpReceiver: pid=7505 uid=10171 gids={50171, 3003, 1028, 1015}
02-16 12:00:16.700  1026  1106 I ActivityManager: Killing 7310:fq.router2/u0a167 (adj 15): empty #9
02-16 12:00:16.701  1276  3135 W ContextImpl: Calling a method in the system process without a qualified user: android.app.ContextImpl.sendBroadcast:1252 android.content.ContextWrapper.sendBroadcast:365 com.motorola.motocare.util.TriggerHelper$TriggerBuilder.send:76 com.motorola.motocare.internal.frameworkevents.ProcessKillTrigger.sendTrigger:147 com.motorola.motocare.internal.frameworkevents.ProcessKillTrigger.handleFrameworkEvent:164 
02-16 12:00:16.757  1026  1038 I ActivityManager: Killing 7325:com.diune.pictures/u0a317 (adj 15): empty #9
02-16 12:00:16.759  1276  3135 W ContextImpl: Calling a method in the system process without a qualified user: android.app.ContextImpl.sendBroadcast:1252 android.content.ContextWrapper.sendBroadcast:365 com.motorola.motocare.util.TriggerHelper$TriggerBuilder.send:76 com.motorola.motocare.internal.frameworkevents.ProcessKillTrigger.sendTrigger:147 com.motorola.motocare.internal.frameworkevents.ProcessKillTrigger.handleFrameworkEvent:164 
02-16 12:00:16.765  1026  1201 W ActivityManager: Unable to start service Intent { act=com.sogou.pushservice.action.METHOD cmp=/com.sogou.udp.push.PushService (has extras) } U=0: not found
02-16 12:00:16.773  1026  1320 I ActivityManager: Start proc fq.router2 for broadcast fq.router2/.ConnectivityChangeReceiver: pid=7523 uid=10167 gids={50167, 3003, 1028, 1015}
02-16 12:00:16.819  1026  1038 I ActivityManager: Start proc com.diune.pictures for broadcast com.diune.pictures/.service.NetworkChangeReceiver: pid=7537 uid=10317 gids={50317, 3003, 1028, 1015}
02-16 12:00:16.819  1026  1038 I ActivityManager: Killing 7348:com.tencent.mobileqq/u0a703 (adj 15): empty #9
02-16 12:00:16.821  1276  3135 W ContextImpl: Calling a method in the system process without a qualified user: android.app.ContextImpl.sendBroadcast:1252 android.content.ContextWrapper.sendBroadcast:365 com.motorola.motocare.util.TriggerHelper$TriggerBuilder.send:76 com.motorola.motocare.internal.frameworkevents.ProcessKillTrigger.sendTrigger:147 com.motorola.motocare.internal.frameworkevents.ProcessKillTrigger.handleFrameworkEvent:164 
02-16 12:00:16.885  1026  1317 I ActivityManager: Killing 7366:com.xianguo.pad/u0a473 (adj 15): empty #9
02-16 12:00:16.886  1276  3135 W ContextImpl: Calling a method in the system process without a qualified user: android.app.ContextImpl.sendBroadcast:1252 android.content.ContextWrapper.sendBroadcast:365 com.motorola.motocare.util.TriggerHelper$TriggerBuilder.send:76 com.motorola.motocare.internal.frameworkevents.ProcessKillTrigger.sendTrigger:147 com.motorola.motocare.internal.frameworkevents.ProcessKillTrigger.handleFrameworkEvent:164 
02-16 12:00:16.898  1026  1319 I ActivityManager: Start proc com.tencent.mobileqq for content provider com.tencent.mobileqq/com.tencent.mqq.shared_file_accessor.ContentProviderImpl: pid=7557 uid=10703 gids={50703, 3003, 3002, 3001, 1028, 1015}
02-16 12:00:17.033  1026  1099 D WifiService: New client listening to asynchronous messages
02-16 12:00:17.063  1026  1039 I ActivityManager: Start proc com.xianguo.pad for broadcast com.xianguo.pad/.activity.manager.NetworkMonitor: pid=7581 uid=10473 gids={50473, 3003, 1028, 1015}
02-16 12:00:17.065  1026  1312 I ActivityManager: Killing 7381:com.android.mms/u0a28 (adj 15): empty #9
02-16 12:00:17.066  1276  3135 W ContextImpl: Calling a method in the system process without a qualified user: android.app.ContextImpl.sendBroadcast:1252 android.content.ContextWrapper.sendBroadcast:365 com.motorola.motocare.util.TriggerHelper$TriggerBuilder.send:76 com.motorola.motocare.internal.frameworkevents.ProcessKillTrigger.sendTrigger:147 com.motorola.motocare.internal.frameworkevents.ProcessKillTrigger.handleFrameworkEvent:164 
02-16 12:00:17.108  1026  1199 I ActivityManager: Killing 7399:com.google.android.setupwizard/u0a38 (adj 15): empty #9
02-16 12:00:17.109  1276  3135 W ContextImpl: Calling a method in the system process without a qualified user: android.app.ContextImpl.sendBroadcast:1252 android.content.ContextWrapper.sendBroadcast:365 com.motorola.motocare.util.TriggerHelper$TriggerBuilder.send:76 com.motorola.motocare.internal.frameworkevents.ProcessKillTrigger.sendTrigger:147 com.motorola.motocare.internal.frameworkevents.ProcessKillTrigger.handleFrameworkEvent:164 
02-16 12:00:17.303  1026  1038 I ActivityManager: Killing 7412:com.android.chrome/u0a52 (adj 15): empty #9
02-16 12:00:17.304  1276  3135 W ContextImpl: Calling a method in the system process without a qualified user: android.app.ContextImpl.sendBroadcast:1252 android.content.ContextWrapper.sendBroadcast:365 com.motorola.motocare.util.TriggerHelper$TriggerBuilder.send:76 com.motorola.motocare.internal.frameworkevents.ProcessKillTrigger.sendTrigger:147 com.motorola.motocare.internal.frameworkevents.ProcessKillTrigger.handleFrameworkEvent:164 
02-16 12:00:20.208  1026  1095 D WifiP2pService: InactiveState{ when=0 what=139285 arg2=24 target=com.android.internal.util.StateMachine$SmHandler }
02-16 12:00:20.208  1026  1095 D WifiP2pService: P2pEnabledState{ when=0 what=139285 arg2=24 target=com.android.internal.util.StateMachine$SmHandler }
02-16 12:00:20.208  1026  1095 D WifiP2pService: DefaultState{ when=0 what=139285 arg2=24 target=com.android.internal.util.StateMachine$SmHandler }
02-16 12:00:22.852   271   271 I SFPerfTracer:      triggers: (rate: 3:42) (compose: 0:5) (post: 0:1) (render: 0:7) (13:223 frames) (14:884)
02-16 12:00:22.852   271   271 D SFPerfTracer:        layers: (5:10) (FocusedStackFrame: 0:12)* (StatusBar: 0:301) (NavigationBar: 0:61) (com.android.systemui.ImageWallpaper: 0:9)* (DimLayer: 14:15) (com.android.settings/com.android.settings.Settings$WifiSettingsActivity: 0:55) (MM_AP: 13:18) 
02-16 12:00:22.933  1026  1099 D WifiService: Connect with networkId11
02-16 12:00:23.006  1026  1026 V ConnectivityService: WiFi NOT Tethered!
02-16 12:00:23.024  1026  1095 D WifiP2pService: InactiveState{ when=0 what=143375 target=com.android.internal.util.StateMachine$SmHandler }
02-16 12:00:23.024  1026  1095 D WifiP2pService: P2pEnabledState{ when=0 what=143375 target=com.android.internal.util.StateMachine$SmHandler }
02-16 12:00:23.048  1026  1100 D ConnectivityService: ConnectivityChange for WIFI: DISCONNECTED/DISCONNECTED
02-16 12:00:23.050  1026  1100 D ConnectivityService: tryFailover: set mActiveDefaultNetwork=-1, prevNetType=1
02-16 12:00:23.053  1026  1100 D ConnectivityService: Attempting to switch to mobile
02-16 12:00:23.053  1026  1100 D ConnectivityService: Attempting to switch to BLUETOOTH_TETHER
02-16 12:00:23.053  1026  1100 D ConnectivityService: Attempting to switch to ETHERNET
02-16 12:00:23.077  1026  1100 D ConnectivityService: resetConnections(wlan0, 3)
02-16 12:00:23.103  1026  1060 I ActivityManager: Start proc com.google.android.talk for broadcast com.google.android.talk/com.google.android.apps.babel.realtimechat.RequestWriter$NetworkStateReceiver: pid=7770 uid=10065 gids={50065, 3003, 1028, 1015, 3002}
02-16 12:00:23.129  1026  1095 D WifiP2pService: InactiveState{ when=0 what=139285 arg2=25 target=com.android.internal.util.StateMachine$SmHandler }
02-16 12:00:23.130  1026  1095 D WifiP2pService: P2pEnabledState{ when=-1ms what=139285 arg2=25 target=com.android.internal.util.StateMachine$SmHandler }
02-16 12:00:23.134  1026  1095 D WifiP2pService: DefaultState{ when=-5ms what=139285 arg2=25 target=com.android.internal.util.StateMachine$SmHandler }
02-16 12:00:23.138  1026  1095 D WifiP2pService: InactiveState{ when=-3ms what=143375 target=com.android.internal.util.StateMachine$SmHandler }
02-16 12:00:23.138  1026  1095 D WifiP2pService: P2pEnabledState{ when=-5ms what=143375 target=com.android.internal.util.StateMachine$SmHandler }
02-16 12:00:23.159  1026  1100 D Nat464Xlat: requiresClat: netType=1, hasIPv4Address=false
02-16 12:00:23.162  1026  1100 D ConnectivityService: ConnectivityChange for WIFI: DISCONNECTED/DISCONNECTED
02-16 12:00:23.164  1026  1100 D ConnectivityService: Attempting to switch to mobile
02-16 12:00:23.164  1026  1100 D ConnectivityService: Attempting to switch to BLUETOOTH_TETHER
02-16 12:00:23.164  1026  1100 D ConnectivityService: Attempting to switch to ETHERNET
02-16 12:00:23.166  1026  1100 D Nat464Xlat: requiresClat: netType=1, hasIPv4Address=false
02-16 12:00:23.166  1026  1100 D ConnectivityService: handleInetConditionChange: no active default network - ignore
02-16 12:00:23.185  1026  1095 D WifiP2pService: InactiveState{ when=0 what=139285 arg2=26 target=com.android.internal.util.StateMachine$SmHandler }
02-16 12:00:23.185  1026  1095 D WifiP2pService: P2pEnabledState{ when=0 what=139285 arg2=26 target=com.android.internal.util.StateMachine$SmHandler }
02-16 12:00:23.185  1026  1095 D WifiP2pService: DefaultState{ when=0 what=139285 arg2=26 target=com.android.internal.util.StateMachine$SmHandler }
02-16 12:00:23.208  1026  1095 D WifiP2pService: InactiveState{ when=0 what=139285 arg2=27 target=com.android.internal.util.StateMachine$SmHandler }
02-16 12:00:23.208  1026  1095 D WifiP2pService: P2pEnabledState{ when=-1ms what=139285 arg2=27 target=com.android.internal.util.StateMachine$SmHandler }
02-16 12:00:23.209  1026  1095 D WifiP2pService: DefaultState{ when=-1ms what=139285 arg2=27 target=com.android.internal.util.StateMachine$SmHandler }
02-16 12:00:23.283  1026  1038 I ActivityManager: Start proc com.google.android.gms.unstable for service com.google.android.gms/.droidguard.DroidGuardService: pid=7795 uid=10020 gids={50020, 3003, 1007, 3002, 3001, 1028, 1015, 3007, 2001, 3006}
02-16 12:00:23.300  1026  1207 D ConnectivityService: setProvNotificationVisible: E visible=false networkType=1 extraInfo=null url=null
02-16 12:00:23.302  1026  1207 D ConnectivityService: captivePortalCheckCompleted: ni=NetworkInfo: type: WIFI[], state: CONNECTED/CONNECTED, reason: (unspecified), extra: "wifi-comtop", roaming: false, failover: false, isAvailable: true, isConnectedToProvisioningNetwork: false captive=false
02-16 12:00:23.337  1026  1095 D WifiP2pService: InactiveState{ when=0 what=143375 arg1=1 arg2=196615 obj=android.net.DhcpStateMachine@42960cb0 target=com.android.internal.util.StateMachine$SmHandler }
02-16 12:00:23.337  1026  1095 D WifiP2pService: P2pEnabledState{ when=-1ms what=143375 arg1=1 arg2=196615 obj=android.net.DhcpStateMachine@42960cb0 target=com.android.internal.util.StateMachine$SmHandler }
02-16 12:00:23.350  1026  1317 I ActivityManager: Killing 6630:com.google.android.apps.plus/u0a83 (adj 15): empty #9
02-16 12:00:23.352  1276  3135 W ContextImpl: Calling a method in the system process without a qualified user: android.app.ContextImpl.sendBroadcast:1252 android.content.ContextWrapper.sendBroadcast:365 com.motorola.motocare.util.TriggerHelper$TriggerBuilder.send:76 com.motorola.motocare.internal.frameworkevents.ProcessKillTrigger.sendTrigger:147 com.motorola.motocare.internal.frameworkevents.ProcessKillTrigger.handleFrameworkEvent:164 
02-16 12:00:23.414  1026  1095 D WifiP2pService: InactiveState{ when=0 what=139285 arg2=28 target=com.android.internal.util.StateMachine$SmHandler }
02-16 12:00:23.414  1026  1095 D WifiP2pService: P2pEnabledState{ when=-1ms what=139285 arg2=28 target=com.android.internal.util.StateMachine$SmHandler }
02-16 12:00:23.415  1026  1095 D WifiP2pService: DefaultState{ when=-1ms what=139285 arg2=28 target=com.android.internal.util.StateMachine$SmHandler }
02-16 12:00:23.440  1026  1095 D WifiP2pService: InactiveState{ when=0 what=139285 arg2=29 target=com.android.internal.util.StateMachine$SmHandler }
02-16 12:00:23.441  1026  1095 D WifiP2pService: P2pEnabledState{ when=0 what=139285 arg2=29 target=com.android.internal.util.StateMachine$SmHandler }
02-16 12:00:23.441  1026  1095 D WifiP2pService: DefaultState{ when=0 what=139285 arg2=29 target=com.android.internal.util.StateMachine$SmHandler }
02-16 12:00:26.185  1026  1207 D ConnectivityService: setProvNotificationVisible: E visible=false networkType=1 extraInfo=null url=null
02-16 12:00:26.247  1876  1876 E ActivityThread: Failed to find provider info for com.motorola.blur.setupprovider
02-16 12:00:26.295  1876  1876 E ActivityThread: Failed to find provider info for com.motorola.blur.setupprovider
02-16 12:00:26.305  1026  1106 I ActivityManager: Start proc com.android.mms for broadcast com.android.mms/.transaction.MmsSystemEventReceiver: pid=7900 uid=10028 gids={50028, 3003, 1028, 1015}
02-16 12:00:26.381  1026  1201 I ActivityManager: Start proc com.google.android.setupwizard for broadcast com.google.android.setupwizard/.MobileConnectivityChangeReceiver: pid=7923 uid=10038 gids={50038, 3003}
02-16 12:00:26.382  1026  1201 I ActivityManager: Killing 7429:com.google.android.apps.magazines/u0a70 (adj 15): empty #9
02-16 12:00:26.384  1276  3135 W ContextImpl: Calling a method in the system process without a qualified user: android.app.ContextImpl.sendBroadcast:1252 android.content.ContextWrapper.sendBroadcast:365 com.motorola.motocare.util.TriggerHelper$TriggerBuilder.send:76 com.motorola.motocare.internal.frameworkevents.ProcessKillTrigger.sendTrigger:147 com.motorola.motocare.internal.frameworkevents.ProcessKillTrigger.handleFrameworkEvent:164 
02-16 12:00:26.425  1026  1312 I ActivityManager: Start proc com.android.chrome for broadcast com.android.chrome/com.google.android.apps.chrome.precache.PrecacheServiceLauncher: pid=7936 uid=10052 gids={50052, 3003, 1028, 1015}
02-16 12:00:26.426  1026  1312 I ActivityManager: Killing 7483:com.sohu.inputmethod.sogou:classic/u0a171 (adj 15): empty #9
02-16 12:00:26.428  1276  3135 W ContextImpl: Calling a method in the system process without a qualified user: android.app.ContextImpl.sendBroadcast:1252 android.content.ContextWrapper.sendBroadcast:365 com.motorola.motocare.util.TriggerHelper$TriggerBuilder.send:76 com.motorola.motocare.internal.frameworkevents.ProcessKillTrigger.sendTrigger:147 com.motorola.motocare.internal.frameworkevents.ProcessKillTrigger.handleFrameworkEvent:164 
02-16 12:00:26.436  1026  1099 D WifiService: Client connection lost with reason: 4
02-16 12:00:26.497  1026  1039 I ActivityManager: Start proc com.google.android.apps.plus for broadcast com.google.android.apps.plus/.service.ConnectivityReceiver: pid=7953 uid=10083 gids={50083, 3003, 3002, 1028, 1015}
02-16 12:00:26.498  1026  1039 I ActivityManager: Killing 7505:sogou.mobile.explorer.hotwords/u0a171 (adj 15): empty #9
02-16 12:00:26.499  1276  3135 W ContextImpl: Calling a method in the system process without a qualified user: android.app.ContextImpl.sendBroadcast:1252 android.content.ContextWrapper.sendBroadcast:365 com.motorola.motocare.util.TriggerHelper$TriggerBuilder.send:76 com.motorola.motocare.internal.frameworkevents.ProcessKillTrigger.sendTrigger:147 com.motorola.motocare.internal.frameworkevents.ProcessKillTrigger.handleFrameworkEvent:164 
02-16 12:00:26.514  1026  1099 D WifiService: Client connection lost with reason: 4
02-16 12:00:26.837  1026  1201 I ActivityManager: Start proc com.google.android.apps.magazines for broadcast com.google.android.apps.magazines/com.google.apps.dots.android.newsstand.appwidget.NewsWidgetProvider: pid=7991 uid=10070 gids={50070, 3003, 1028, 1015}
02-16 12:00:26.964  1026  1199 I ActivityManager: Start proc android.process.acore for content provider com.android.providers.contacts/.ContactsProvider2: pid=8019 uid=10007 gids={50007, 3003, 1028, 1015, 1023}
02-16 12:00:27.053  1026  1319 I ActivityManager: Killing 7523:fq.router2/u0a167 (adj 15): empty #9
02-16 12:00:27.054  1276  3135 W ContextImpl: Calling a method in the system process without a qualified user: android.app.ContextImpl.sendBroadcast:1252 android.content.ContextWrapper.sendBroadcast:365 com.motorola.motocare.util.TriggerHelper$TriggerBuilder.send:76 com.motorola.motocare.internal.frameworkevents.ProcessKillTrigger.sendTrigger:147 com.motorola.motocare.internal.frameworkevents.ProcessKillTrigger.handleFrameworkEvent:164 
02-16 12:00:27.082  1026  1312 I ActivityManager: Killing 7537:com.diune.pictures/u0a317 (adj 15): empty #9
02-16 12:00:27.083  1276  3135 W ContextImpl: Calling a method in the system process without a qualified user: android.app.ContextImpl.sendBroadcast:1252 android.content.ContextWrapper.sendBroadcast:365 com.motorola.motocare.util.TriggerHelper$TriggerBuilder.send:76 com.motorola.motocare.internal.frameworkevents.ProcessKillTrigger.sendTrigger:147 com.motorola.motocare.internal.frameworkevents.ProcessKillTrigger.handleFrameworkEvent:164 
02-16 12:00:27.111  1026  1106 I ActivityManager: Start proc com.sohu.inputmethod.sogou:classic for broadcast com.sohu.inputmethod.sogou/com.sogou.androidtool.receiver.NetChangeReceiver: pid=8067 uid=10171 gids={50171, 3003, 1028, 1015}
02-16 12:00:27.198  1026  1318 I ActivityManager: Start proc sogou.mobile.explorer.hotwords for broadcast com.sohu.inputmethod.sogou/sogou.mobile.explorer.hotwords.browser.SemobWakeUpReceiver: pid=8089 uid=10171 gids={50171, 3003, 1028, 1015}
02-16 12:00:27.201  1026  1038 I ActivityManager: Killing 7557:com.tencent.mobileqq/u0a703 (adj 15): empty #9
02-16 12:00:27.203  1276  3135 W ContextImpl: Calling a method in the system process without a qualified user: android.app.ContextImpl.sendBroadcast:1252 android.content.ContextWrapper.sendBroadcast:365 com.motorola.motocare.util.TriggerHelper$TriggerBuilder.send:76 com.motorola.motocare.internal.frameworkevents.ProcessKillTrigger.sendTrigger:147 com.motorola.motocare.internal.frameworkevents.ProcessKillTrigger.handleFrameworkEvent:164 
02-16 12:00:27.351  1026  1320 I ActivityManager: Killing 7581:com.xianguo.pad/u0a473 (adj 15): empty #9
02-16 12:00:27.353  1276  3135 W ContextImpl: Calling a method in the system process without a qualified user: android.app.ContextImpl.sendBroadcast:1252 android.content.ContextWrapper.sendBroadcast:365 com.motorola.motocare.util.TriggerHelper$TriggerBuilder.send:76 com.motorola.motocare.internal.frameworkevents.ProcessKillTrigger.sendTrigger:147 com.motorola.motocare.internal.frameworkevents.ProcessKillTrigger.handleFrameworkEvent:164 
02-16 12:00:27.362  1026  1318 W ActivityManager: Unable to start service Intent { act=com.sogou.pushservice.action.METHOD cmp=/com.sogou.udp.push.PushService (has extras) } U=0: not found
02-16 12:00:27.370  1026  1319 I ActivityManager: Start proc fq.router2 for broadcast fq.router2/.ConnectivityChangeReceiver: pid=8103 uid=10167 gids={50167, 3003, 1028, 1015}
02-16 12:00:27.414  1026  1319 I ActivityManager: Start proc com.diune.pictures for broadcast com.diune.pictures/.service.NetworkChangeReceiver: pid=8117 uid=10317 gids={50317, 3003, 1028, 1015}
02-16 12:00:27.415  1026  1319 I ActivityManager: Killing 7770:com.google.android.talk/u0a65 (adj 15): empty #9
02-16 12:00:27.416  1276  3135 W ContextImpl: Calling a method in the system process without a qualified user: android.app.ContextImpl.sendBroadcast:1252 android.content.ContextWrapper.sendBroadcast:365 com.motorola.motocare.util.TriggerHelper$TriggerBuilder.send:76 com.motorola.motocare.internal.frameworkevents.ProcessKillTrigger.sendTrigger:147 com.motorola.motocare.internal.frameworkevents.ProcessKillTrigger.handleFrameworkEvent:164 
02-16 12:00:27.459  1026  1201 I ActivityManager: Killing 7900:com.android.mms/u0a28 (adj 15): empty #9
02-16 12:00:27.460  1276  3135 W ContextImpl: Calling a method in the system process without a qualified user: android.app.ContextImpl.sendBroadcast:1252 android.content.ContextWrapper.sendBroadcast:365 com.motorola.motocare.util.TriggerHelper$TriggerBuilder.send:76 com.motorola.motocare.internal.frameworkevents.ProcessKillTrigger.sendTrigger:147 com.motorola.motocare.internal.frameworkevents.ProcessKillTrigger.handleFrameworkEvent:164 
02-16 12:00:27.475  1026  1312 I ActivityManager: Start proc com.tencent.mobileqq for content provider com.tencent.mobileqq/com.tencent.mqq.shared_file_accessor.ContentProviderImpl: pid=8129 uid=10703 gids={50703, 3003, 3002, 3001, 1028, 1015}
02-16 12:00:27.633  1026  1317 I ActivityManager: Start proc com.xianguo.pad for broadcast com.xianguo.pad/.activity.manager.NetworkMonitor: pid=8148 uid=10473 gids={50473, 3003, 1028, 1015}
02-16 12:00:27.634  1026  1319 I ActivityManager: Killing 7923:com.google.android.setupwizard/u0a38 (adj 15): empty #9
02-16 12:00:27.636  1276  3135 W ContextImpl: Calling a method in the system process without a qualified user: android.app.ContextImpl.sendBroadcast:1252 android.content.ContextWrapper.sendBroadcast:365 com.motorola.motocare.util.TriggerHelper$TriggerBuilder.send:76 com.motorola.motocare.internal.frameworkevents.ProcessKillTrigger.sendTrigger:147 com.motorola.motocare.internal.frameworkevents.ProcessKillTrigger.handleFrameworkEvent:164 
02-16 12:00:27.673  1026  1319 I ActivityManager: Killing 7936:com.android.chrome/u0a52 (adj 15): empty #9
02-16 12:00:27.674  1276  3135 W ContextImpl: Calling a method in the system process without a qualified user: android.app.ContextImpl.sendBroadcast:1252 android.content.ContextWrapper.sendBroadcast:365 com.motorola.motocare.util.TriggerHelper$TriggerBuilder.send:76 com.motorola.motocare.internal.frameworkevents.ProcessKillTrigger.sendTrigger:147 com.motorola.motocare.internal.frameworkevents.ProcessKillTrigger.handleFrameworkEvent:164 
02-16 12:00:27.689  1026  1318 I ActivityManager: Start proc com.android.mms for broadcast com.android.mms/.transaction.MmsSystemEventReceiver: pid=8160 uid=10028 gids={50028, 3003, 1028, 1015}
02-16 12:00:27.766  1026  1320 I ActivityManager: Start proc com.google.android.setupwizard for broadcast com.google.android.setupwizard/.MobileConnectivityChangeReceiver: pid=8186 uid=10038 gids={50038, 3003}
02-16 12:00:27.767  1026  1320 I ActivityManager: Killing 7991:com.google.android.apps.magazines/u0a70 (adj 15): empty #9
02-16 12:00:27.769  1276  3135 W ContextImpl: Calling a method in the system process without a qualified user: android.app.ContextImpl.sendBroadcast:1252 android.content.ContextWrapper.sendBroadcast:365 com.motorola.motocare.util.TriggerHelper$TriggerBuilder.send:76 com.motorola.motocare.internal.frameworkevents.ProcessKillTrigger.sendTrigger:147 com.motorola.motocare.internal.frameworkevents.ProcessKillTrigger.handleFrameworkEvent:164 
02-16 12:00:27.811  1026  1312 I ActivityManager: Start proc com.android.chrome for broadcast com.android.chrome/com.google.android.apps.chrome.precache.PrecacheServiceLauncher: pid=8199 uid=10052 gids={50052, 3003, 1028, 1015}
02-16 12:00:27.812  1026  1312 I ActivityManager: Killing 8019:android.process.acore/u0a7 (adj 15): empty #9
02-16 12:00:27.814  1276  3135 W ContextImpl: Calling a method in the system process without a qualified user: android.app.ContextImpl.sendBroadcast:1252 android.content.ContextWrapper.sendBroadcast:365 com.motorola.motocare.util.TriggerHelper$TriggerBuilder.send:76 com.motorola.motocare.internal.frameworkevents.ProcessKillTrigger.sendTrigger:147 com.motorola.motocare.internal.frameworkevents.ProcessKillTrigger.handleFrameworkEvent:164 
02-16 12:00:27.875  1026  1199 I ActivityManager: Killing 8067:com.sohu.inputmethod.sogou:classic/u0a171 (adj 15): empty #9
02-16 12:00:27.876  1276  3135 W ContextImpl: Calling a method in the system process without a qualified user: android.app.ContextImpl.sendBroadcast:1252 android.content.ContextWrapper.sendBroadcast:365 com.motorola.motocare.util.TriggerHelper$TriggerBuilder.send:76 com.motorola.motocare.internal.frameworkevents.ProcessKillTrigger.sendTrigger:147 com.motorola.motocare.internal.frameworkevents.ProcessKillTrigger.handleFrameworkEvent:164 
02-16 12:00:27.903  1026  1199 I ActivityManager: Start proc com.google.android.apps.magazines for broadcast com.google.android.apps.magazines/com.google.apps.dots.android.newsstand.appwidget.NewsWidgetProvider: pid=8212 uid=10070 gids={50070, 3003, 1028, 1015}
02-16 12:00:27.924   271   738 I SFPerfTracer:      triggers: (rate: 0:0) (0 sw vsyncs) (0 skipped) (95:822 vsyncs) (97:981)
02-16 12:00:28.118  1026  1318 I ActivityManager: Killing 8089:sogou.mobile.explorer.hotwords/u0a171 (adj 15): empty #9
02-16 12:00:28.119  1276  3135 W ContextImpl: Calling a method in the system process without a qualified user: android.app.ContextImpl.sendBroadcast:1252 android.content.ContextWrapper.sendBroadcast:365 com.motorola.motocare.util.TriggerHelper$TriggerBuilder.send:76 com.motorola.motocare.internal.frameworkevents.ProcessKillTrigger.sendTrigger:147 com.motorola.motocare.internal.frameworkevents.ProcessKillTrigger.handleFrameworkEvent:164 
02-16 12:00:28.149  1026  1319 I ActivityManager: Start proc com.sohu.inputmethod.sogou:classic for broadcast com.sohu.inputmethod.sogou/com.sogou.androidtool.receiver.NetChangeReceiver: pid=8263 uid=10171 gids={50171, 3003, 1028, 1015}
02-16 12:00:28.217  1026  1039 I ActivityManager: Start proc sogou.mobile.explorer.hotwords for broadcast com.sohu.inputmethod.sogou/sogou.mobile.explorer.hotwords.browser.SemobWakeUpReceiver: pid=8277 uid=10171 gids={50171, 3003, 1028, 1015}
02-16 12:00:28.233  1026  1320 I ActivityManager: Killing 8103:fq.router2/u0a167 (adj 15): empty #9
02-16 12:00:28.235  1276  3135 W ContextImpl: Calling a method in the system process without a qualified user: android.app.ContextImpl.sendBroadcast:1252 android.content.ContextWrapper.sendBroadcast:365 com.motorola.motocare.util.TriggerHelper$TriggerBuilder.send:76 com.motorola.motocare.internal.frameworkevents.ProcessKillTrigger.sendTrigger:147 com.motorola.motocare.internal.frameworkevents.ProcessKillTrigger.handleFrameworkEvent:164 
02-16 12:00:28.269  1026  1199 I ActivityManager: Killing 8117:com.diune.pictures/u0a317 (adj 15): empty #9
02-16 12:00:28.271  1276  3135 W ContextImpl: Calling a method in the system process without a qualified user: android.app.ContextImpl.sendBroadcast:1252 android.content.ContextWrapper.sendBroadcast:365 com.motorola.motocare.util.TriggerHelper$TriggerBuilder.send:76 com.motorola.motocare.internal.frameworkevents.ProcessKillTrigger.sendTrigger:147 com.motorola.motocare.internal.frameworkevents.ProcessKillTrigger.handleFrameworkEvent:164 
02-16 12:00:28.280  1026  1319 W ActivityManager: Unable to start service Intent { act=com.sogou.pushservice.action.METHOD cmp=/com.sogou.udp.push.PushService (has extras) } U=0: not found
02-16 12:00:28.287  1026  1038 I ActivityManager: Start proc fq.router2 for broadcast fq.router2/.ConnectivityChangeReceiver: pid=8293 uid=10167 gids={50167, 3003, 1028, 1015}
02-16 12:00:28.324  1026  1038 I ActivityManager: Start proc com.diune.pictures for broadcast com.diune.pictures/.service.NetworkChangeReceiver: pid=8306 uid=10317 gids={50317, 3003, 1028, 1015}
02-16 12:00:28.325  1026  1038 I ActivityManager: Killing 8129:com.tencent.mobileqq/u0a703 (adj 15): empty #9
