--------- beginning of /dev/log/system
02-27 18:37:28.542  1292  3789 W ContextImpl: Calling a method in the system process without a qualified user: android.app.ContextImpl.sendBroadcast:1252 android.content.ContextWrapper.sendBroadcast:365 com.motorola.motocare.util.TriggerHelper$TriggerBuilder.send:76 com.motorola.motocare.internal.frameworkevents.ProcessKillTrigger.sendTrigger:147 com.motorola.motocare.internal.frameworkevents.ProcessKillTrigger.handleLmkKill:337 
02-27 18:37:28.545  1292  3789 W ContextImpl: Calling a method in the system process without a qualified user: android.app.ContextImpl.sendBroadcast:1252 android.content.ContextWrapper.sendBroadcast:365 com.motorola.motocare.util.TriggerHelper$TriggerBuilder.send:76 com.motorola.motocare.internal.frameworkevents.ProcessKillTrigger.sendTrigger:147 com.motorola.motocare.internal.frameworkevents.ProcessKillTrigger.handleLmkKill:337 
02-27 18:37:28.548  1292  3789 W ContextImpl: Calling a method in the system process without a qualified user: android.app.ContextImpl.sendBroadcast:1252 android.content.ContextWrapper.sendBroadcast:365 com.motorola.motocare.util.TriggerHelper$TriggerBuilder.send:76 com.motorola.motocare.internal.frameworkevents.ProcessKillTrigger.sendTrigger:147 com.motorola.motocare.internal.frameworkevents.ProcessKillTrigger.handleLmkKill:337 
02-27 18:37:28.550  1292  3789 W ContextImpl: Calling a method in the system process without a qualified user: android.app.ContextImpl.sendBroadcast:1252 android.content.ContextWrapper.sendBroadcast:365 com.motorola.motocare.util.TriggerHelper$TriggerBuilder.send:76 com.motorola.motocare.internal.frameworkevents.ProcessKillTrigger.sendTrigger:147 com.motorola.motocare.internal.frameworkevents.ProcessKillTrigger.handleLmkKill:337 
02-27 18:37:28.552  1292  3789 W ContextImpl: Calling a method in the system process without a qualified user: android.app.ContextImpl.sendBroadcast:1252 android.content.ContextWrapper.sendBroadcast:365 com.motorola.motocare.util.TriggerHelper$TriggerBuilder.send:76 com.motorola.motocare.internal.frameworkevents.ProcessKillTrigger.sendTrigger:147 com.motorola.motocare.internal.frameworkevents.ProcessKillTrigger.handleLmkKill:337 
02-27 18:37:28.555  1292  3789 W ContextImpl: Calling a method in the system process without a qualified user: android.app.ContextImpl.sendBroadcast:1252 android.content.ContextWrapper.sendBroadcast:365 com.motorola.motocare.util.TriggerHelper$TriggerBuilder.send:76 com.motorola.motocare.internal.frameworkevents.ProcessKillTrigger.sendTrigger:147 com.motorola.motocare.internal.frameworkevents.ProcessKillTrigger.handleLmkKill:337 
02-27 18:37:28.557  1292  3789 W ContextImpl: Calling a method in the system process without a qualified user: android.app.ContextImpl.sendBroadcast:1252 android.content.ContextWrapper.sendBroadcast:365 com.motorola.motocare.util.TriggerHelper$TriggerBuilder.send:76 com.motorola.motocare.internal.frameworkevents.ProcessKillTrigger.sendTrigger:147 com.motorola.motocare.internal.frameworkevents.ProcessKillTrigger.handleLmkKill:337 
02-27 18:37:28.560  1292  3789 W ContextImpl: Calling a method in the system process without a qualified user: android.app.ContextImpl.sendBroadcast:1252 android.content.ContextWrapper.sendBroadcast:365 com.motorola.motocare.util.TriggerHelper$TriggerBuilder.send:76 com.motorola.motocare.internal.frameworkevents.ProcessKillTrigger.sendTrigger:147 com.motorola.motocare.internal.frameworkevents.ProcessKillTrigger.handleLmkKill:337 
02-27 18:37:28.563  1292  3789 W ContextImpl: Calling a method in the system process without a qualified user: android.app.ContextImpl.sendBroadcast:1252 android.content.ContextWrapper.sendBroadcast:365 com.motorola.motocare.util.TriggerHelper$TriggerBuilder.send:76 com.motorola.motocare.internal.frameworkevents.ProcessKillTrigger.sendTrigger:147 com.motorola.motocare.internal.frameworkevents.ProcessKillTrigger.handleLmkKill:337 
02-27 18:37:28.566  1292  3789 W ContextImpl: Calling a method in the system process without a qualified user: android.app.ContextImpl.sendBroadcast:1252 android.content.ContextWrapper.sendBroadcast:365 com.motorola.motocare.util.TriggerHelper$TriggerBuilder.send:76 com.motorola.motocare.internal.frameworkevents.ProcessKillTrigger.sendTrigger:147 com.motorola.motocare.internal.frameworkevents.ProcessKillTrigger.handleLmkKill:337 
02-27 18:37:28.927  1039  4780 I ActivityManager: START u0 {act=android.intent.action.MAIN cat=[android.intent.category.LAUNCHER] flg=0x10200000 cmp=com.comtop.mim/.ui.SplashActivity} from pid 1324
02-27 18:37:29.175  1292  3789 W ContextImpl: Calling a method in the system process without a qualified user: android.app.ContextImpl.sendBroadcast:1252 android.content.ContextWrapper.sendBroadcast:365 com.motorola.motocare.util.TriggerHelper$TriggerBuilder.send:76 com.motorola.motocare.internal.frameworkevents.PauseResumeTrigger.handleFrameworkEvent:53 com.motorola.motocare.internal.frameworkevents.FwEventMonitor$FrameworkListener.processFrameworkEvent:114 
02-27 18:37:29.199  1039 10902 I ActivityManager: Start proc com.comtop.mim for activity com.comtop.mim/.ui.SplashActivity: pid=31276 uid=10817 gids={50817, 1028, 3003, 1015}
02-27 18:37:29.235  1292  3789 W ContextImpl: Calling a method in the system process without a qualified user: android.app.ContextImpl.sendBroadcast:1252 android.content.ContextWrapper.sendBroadcast:365 com.motorola.motocare.util.TriggerHelper$TriggerBuilder.send:76 com.motorola.motocare.internal.frameworkevents.PauseResumeTrigger.handleFrameworkEvent:53 com.motorola.motocare.internal.frameworkevents.FwEventMonitor$FrameworkListener.processFrameworkEvent:114 
02-27 18:37:29.520   269   269 I SFPerfTracer:      triggers: (rate: 16:649) (compose: 0:62) (post: 0:10) (render: 11:292) (12:27250 frames) (13:72789)
02-27 18:37:29.520   269   269 D SFPerfTracer:        layers: (5:10) (DimLayer: 0:350)* (FocusedStackFrame: 0:1509)* (StatusBar: 7:10617) (NavigationBar: 0:6348) (com.android.systemui.ImageWallpaper: 0:864) (DimLayer: 0:3327)* (DimLayer: 0:280)* (com.android.launcher/com.android.launcher2.Launcher: 0:115) (Starting com.comtop.mim: 13:17) 
02-27 18:37:29.669   269   706 I SFPerfTracer:      triggers: (rate: 0:10) (20625 sw vsyncs) (0 skipped) (26:175262 vsyncs) (28:358341)
02-27 18:37:32.227  1039  1308 I ActivityManager: START u0 {cmp=com.comtop.mim/.ui.MainActivity (has extras)} from pid 31276
02-27 18:37:32.231  1292  3789 W ContextImpl: Calling a method in the system process without a qualified user: android.app.ContextImpl.sendBroadcast:1252 android.content.ContextWrapper.sendBroadcast:365 com.motorola.motocare.util.TriggerHelper$TriggerBuilder.send:76 com.motorola.motocare.internal.frameworkevents.PauseResumeTrigger.handleFrameworkEvent:53 com.motorola.motocare.internal.frameworkevents.FwEventMonitor$FrameworkListener.processFrameworkEvent:114 
02-27 18:37:32.296  1292  3789 W ContextImpl: Calling a method in the system process without a qualified user: android.app.ContextImpl.sendBroadcast:1252 android.content.ContextWrapper.sendBroadcast:365 com.motorola.motocare.util.TriggerHelper$TriggerBuilder.send:76 com.motorola.motocare.internal.frameworkevents.PauseResumeTrigger.handleFrameworkEvent:53 com.motorola.motocare.internal.frameworkevents.FwEventMonitor$FrameworkListener.processFrameworkEvent:114 
02-27 18:37:32.303  1039  1055 I LaunchCheckinHandler: Displayed com.comtop.mim/.ui.SplashActivity,cp,ca,3111
02-27 18:37:32.672   269   269 I SFPerfTracer:      triggers: (rate: 16:653) (compose: 0:64) (post: 0:10) (render: 11:294) (15:27273 frames) (16:72820)
02-27 18:37:32.672   269   269 D SFPerfTracer:        layers: (3:11) (DimLayer: 0:350)* (FocusedStackFrame: 0:1510)* (StatusBar: 0:10627)* (NavigationBar: 0:6348) (com.android.systemui.ImageWallpaper: 0:865)* (DimLayer: 0:3327)* (DimLayer: 1:281) (com.android.launcher/com.android.launcher2.Launcher: 0:115)* (Starting com.comtop.mim: 0:21) (com.comtop.mim/com.comtop.mim.ui.SplashActivity: 16:20)* 
02-27 18:37:36.654  1039  1055 I LaunchCheckinHandler: Displayed com.comtop.mim/.ui.MainActivity,wp,ca,4359
02-27 18:37:36.654  1039  1055 I LaunchCheckinHandler: Displayed com.comtop.mim/.ui.SplashActivity,cp,ca,7462 (total)
02-27 18:37:37.614  1039 23058 E WifiService: Multicaster binderDied
02-27 18:37:37.614  1039 10903 I ActivityManager: Process com.estrongs.android.pop (pid 24635) has died.
02-27 18:37:37.617  1039  1308 I WindowState: WIN DEATH: Window{42a2d9a0 u0 com.estrongs.android.pop/com.estrongs.android.pop.view.FileExplorerActivity}
02-27 18:37:37.618  1039 10903 W ActivityManager: Service ServiceRecord{431fcff0 u0 com.estrongs.android.pop/com.estrongs.android.ui.notification.ESTaskService} in process ProcessRecord{42b49230 24635:com.estrongs.android.pop/u0a102} not same as in map: null
02-27 18:37:37.623  1039  1095 D WifiService: Client connection lost with reason: 4
02-27 18:37:38.047   269   706 I SFPerfTracer:      triggers: (rate: 0:10) (20625 sw vsyncs) (0 skipped) (0:175334 vsyncs) (2:358442)
02-27 18:37:39.472  1039  1308 I ActivityManager: START u0 {cmp=com.comtop.mim/.ui.WorkSpaceActivity} from pid 31276
02-27 18:37:39.476  1292  3789 W ContextImpl: Calling a method in the system process without a qualified user: android.app.ContextImpl.sendBroadcast:1252 android.content.ContextWrapper.sendBroadcast:365 com.motorola.motocare.util.TriggerHelper$TriggerBuilder.send:76 com.motorola.motocare.internal.frameworkevents.PauseResumeTrigger.handleFrameworkEvent:53 com.motorola.motocare.internal.frameworkevents.FwEventMonitor$FrameworkListener.processFrameworkEvent:114 
02-27 18:37:39.562  1292  3789 W ContextImpl: Calling a method in the system process without a qualified user: android.app.ContextImpl.sendBroadcast:1252 android.content.ContextWrapper.sendBroadcast:365 com.motorola.motocare.util.TriggerHelper$TriggerBuilder.send:76 com.motorola.motocare.internal.frameworkevents.PauseResumeTrigger.handleFrameworkEvent:53 com.motorola.motocare.internal.frameworkevents.FwEventMonitor$FrameworkListener.processFrameworkEvent:114 
02-27 18:37:39.970  1039  1055 I LaunchCheckinHandler: Displayed com.comtop.mim/.ui.WorkSpaceActivity,wp,ca,411
02-27 18:37:40.551   269   706 I SFPerfTracer:      triggers: (rate: 0:10) (20625 sw vsyncs) (0 skipped) (40:175414 vsyncs) (42:358548)
02-27 18:37:41.484  1039  1308 I ActivityManager: START u0 {cmp=com.comtop.mim/.ui.WifiSettingActivity (has extras)} from pid 31276
02-27 18:37:41.488  1292  3789 W ContextImpl: Calling a method in the system process without a qualified user: android.app.ContextImpl.sendBroadcast:1252 android.content.ContextWrapper.sendBroadcast:365 com.motorola.motocare.util.TriggerHelper$TriggerBuilder.send:76 com.motorola.motocare.internal.frameworkevents.PauseResumeTrigger.handleFrameworkEvent:53 com.motorola.motocare.internal.frameworkevents.FwEventMonitor$FrameworkListener.processFrameworkEvent:114 
02-27 18:37:41.517  1292  3789 W ContextImpl: Calling a method in the system process without a qualified user: android.app.ContextImpl.sendBroadcast:1252 android.content.ContextWrapper.sendBroadcast:365 com.motorola.motocare.util.TriggerHelper$TriggerBuilder.send:76 com.motorola.motocare.internal.frameworkevents.PauseResumeTrigger.handleFrameworkEvent:53 com.motorola.motocare.internal.frameworkevents.FwEventMonitor$FrameworkListener.processFrameworkEvent:114 
02-27 18:37:41.779  1039  1055 I LaunchCheckinHandler: Displayed com.comtop.mim/.ui.WifiSettingActivity,wp,ca,271
02-27 18:37:42.079   269   269 I SFPerfTracer:      triggers: (rate: 16:653) (compose: 0:64) (post: 0:10) (render: 11:294) (15:27342 frames) (16:72935)
02-27 18:37:42.080   269   269 D SFPerfTracer:        layers: (5:13) (DimLayer: 0:350)* (FocusedStackFrame: 0:1521)* (StatusBar: 0:10644) (NavigationBar: 0:6348) (com.android.systemui.ImageWallpaper: 0:865)* (DimLayer: 0:3327)* (DimLayer: 0:285) (Starting com.comtop.mim: 0:32)* (com.comtop.mim/com.comtop.mim.ui.SplashActivity: 0:21)* (com.comtop.mim/com.comtop.mim.ui.MainActivity: 0:51)* (com.comtop.mim/com.comtop.mim.ui.WorkSpaceActivity: 16:66) (com.comtop.mim/com.comtop.mim.ui.WifiSettingActivity: 16:20) 
02-27 18:37:43.072   269   706 I SFPerfTracer:      triggers: (rate: 0:10) (20625 sw vsyncs) (0 skipped) (0:175498 vsyncs) (2:358650)
02-27 18:37:44.328  1292  3789 W ContextImpl: Calling a method in the system process without a qualified user: android.app.ContextImpl.sendBroadcast:1252 android.content.ContextWrapper.sendBroadcast:365 com.motorola.motocare.util.TriggerHelper$TriggerBuilder.send:76 com.motorola.motocare.internal.frameworkevents.PauseResumeTrigger.handleFrameworkEvent:53 com.motorola.motocare.internal.frameworkevents.FwEventMonitor$FrameworkListener.processFrameworkEvent:114 
02-27 18:37:44.334  1292  3789 W ContextImpl: Calling a method in the system process without a qualified user: android.app.ContextImpl.sendBroadcast:1252 android.content.ContextWrapper.sendBroadcast:365 com.motorola.motocare.util.TriggerHelper$TriggerBuilder.send:76 com.motorola.motocare.internal.frameworkevents.PauseResumeTrigger.handleFrameworkEvent:53 com.motorola.motocare.internal.frameworkevents.FwEventMonitor$FrameworkListener.processFrameworkEvent:114 
02-27 18:37:44.853   269   269 I SFPerfTracer:      triggers: (rate: 16:653) (compose: 0:65) (post: 0:10) (render: 11:294) (14:27380 frames) (15:72999)
02-27 18:37:44.853   269   269 D SFPerfTracer:        layers: (5:13) (DimLayer: 0:350)* (FocusedStackFrame: 0:1526)* (StatusBar: 0:10644) (NavigationBar: 0:6348) (com.android.systemui.ImageWallpaper: 0:865)* (DimLayer: 0:3354)* (DimLayer: 0:286)* (com.comtop.mim/com.comtop.mim.ui.WorkSpaceActivity: 0:69)* (com.comtop.mim/com.comtop.mim.ui.WifiSettingActivity: 15:42) (com.comtop.mim/com.comtop.mim.ui.WifiSettingActivity: 0:42)* (Toast: 15:26) (com.comtop.mim/com.comtop.mim.ui.WorkSpaceActivity: 0:3) 
02-27 18:37:46.075   269   706 I SFPerfTracer:      triggers: (rate: 0:10) (20625 sw vsyncs) (0 skipped) (36:175585 vsyncs) (38:358763)
02-27 18:37:47.471  1292  3789 W ContextImpl: Calling a method in the system process without a qualified user: android.app.ContextImpl.sendBroadcast:1252 android.content.ContextWrapper.sendBroadcast:365 com.motorola.motocare.util.TriggerHelper$TriggerBuilder.send:76 com.motorola.motocare.internal.frameworkevents.PauseResumeTrigger.handleFrameworkEvent:53 com.motorola.motocare.internal.frameworkevents.FwEventMonitor$FrameworkListener.processFrameworkEvent:114 
02-27 18:37:47.507  1292  3789 W ContextImpl: Calling a method in the system process without a qualified user: android.app.ContextImpl.sendBroadcast:1252 android.content.ContextWrapper.sendBroadcast:365 com.motorola.motocare.util.TriggerHelper$TriggerBuilder.send:76 com.motorola.motocare.internal.frameworkevents.PauseResumeTrigger.handleFrameworkEvent:53 com.motorola.motocare.internal.frameworkevents.FwEventMonitor$FrameworkListener.processFrameworkEvent:114 
02-27 18:37:48.646   269   269 I SFPerfTracer:      triggers: (rate: 16:653) (compose: 0:65) (post: 0:10) (render: 11:294) (16:27462 frames) (17:73106)
02-27 18:37:48.646   269   269 D SFPerfTracer:        layers: (4:12) (DimLayer: 0:350)* (FocusedStackFrame: 0:1529)* (StatusBar: 0:10644) (NavigationBar: 0:6362) (com.android.systemui.ImageWallpaper: 0:865)* (DimLayer: 0:3354)* (DimLayer: 0:286)* (com.comtop.mim/com.comtop.mim.ui.WifiSettingActivity: 0:46)* (Toast: 0:70)* (com.comtop.mim/com.comtop.mim.ui.WorkSpaceActivity: 17:39) (com.comtop.mim/com.comtop.mim.ui.MainActivity: 17:29) 
02-27 18:37:48.746   269   706 I SFPerfTracer:      triggers: (rate: 0:10) (20625 sw vsyncs) (0 skipped) (19:175689 vsyncs) (21:358882)
02-27 18:37:53.689   269   706 I SFPerfTracer:      triggers: (rate: 0:10) (20625 sw vsyncs) (0 skipped) (6:175744 vsyncs) (8:358989)
02-27 18:37:57.686   269   706 I SFPerfTracer:      triggers: (rate: 0:10) (20625 sw vsyncs) (0 skipped) (0:175806 vsyncs) (1:359090)
02-27 18:37:58.799   269   269 I SFPerfTracer:      triggers: (rate: 16:653) (compose: 0:65) (post: 0:11) (render: 11:295) (0:27462 frames) (1:73206)
02-27 18:37:58.800   269   269 D SFPerfTracer:        layers: (3:10) (DimLayer: 0:350)* (FocusedStackFrame: 0:1530)* (StatusBar: 0:10644) (NavigationBar: 0:6362) (com.android.systemui.ImageWallpaper: 0:865)* (DimLayer: 0:3354)* (DimLayer: 0:286)* (com.comtop.mim/com.comtop.mim.ui.WorkSpaceActivity: 0:40)* (com.comtop.mim/com.comtop.mim.ui.MainActivity: 1:129) 
02-27 18:38:00.002  1039  1081 V AlarmManager: sending alarm Alarm{42dc4458 type 3 android}
02-27 18:38:02.099   269   706 I SFPerfTracer:      triggers: (rate: 0:10) (20625 sw vsyncs) (0 skipped) (0:175857 vsyncs) (2:359192)
02-27 18:38:05.549   269   706 I SFPerfTracer:      triggers: (rate: 0:10) (20625 sw vsyncs) (0 skipped) (18:175918 vsyncs) (20:359309)
02-27 18:38:09.730   269   706 I SFPerfTracer:      triggers: (rate: 0:10) (20625 sw vsyncs) (0 skipped) (0:175936 vsyncs) (1:359410)
02-27 18:38:14.192   269   706 I SFPerfTracer:      triggers: (rate: 0:10) (20625 sw vsyncs) (0 skipped) (0:175971 vsyncs) (1:359511)
02-27 18:38:14.294   269   269 I SFPerfTracer:      triggers: (rate: 16:653) (compose: 0:65) (post: 0:11) (render: 11:295) (0:27462 frames) (1:73306)
02-27 18:38:14.295   269   269 D SFPerfTracer:        layers: (3:9) (DimLayer: 0:350)* (FocusedStackFrame: 0:1530)* (StatusBar: 0:10649) (NavigationBar: 0:6362) (com.android.systemui.ImageWallpaper: 0:865)* (DimLayer: 0:3354)* (DimLayer: 0:286)* (com.comtop.mim/com.comtop.mim.ui.MainActivity: 1:222) 
02-27 18:38:20.530   269   706 I SFPerfTracer:      triggers: (rate: 0:10) (20625 sw vsyncs) (0 skipped) (13:176017 vsyncs) (15:359620)
02-27 18:38:26.810  1039  1104 V UsbDeviceManager: USB UEVENT: {USB_STATE=CONNECTED, SUBSYSTEM=android_usb, DEVPATH=/devices/virtual/android_usb/android0, SEQNUM=18205, ACTION=change}
02-27 18:38:26.834  1039  1060 D UsbDeviceManager: broadcasting Intent { act=android.hardware.usb.action.USB_STATE flg=0x20000000 (has extras) } connected: true configured: false
02-27 18:38:26.855  1039  1056 I ActivityManager: Start proc android.process.media for broadcast com.android.providers.media/.MtpReceiver: pid=31736 uid=10016 gids={50016, 1028, 1015, 1023, 1024, 2001, 3003, 3007}
02-27 18:38:26.882   269   706 I SFPerfTracer:      triggers: (rate: 0:10) (20625 sw vsyncs) (0 skipped) (15:176071 vsyncs) (17:359736)
02-27 18:38:26.976  1039  1039 I EntropyMixer: Writing entropy...
02-27 18:38:27.086  1039  1102 I ActivityManager: Start proc com.google.android.apps.uploader for broadcast com.google.android.apps.uploader/com.google.android.picasasync.BatteryReceiver: pid=31767 uid=10072 gids={50072, 3003, 1028, 1015}
02-27 18:38:27.102  1039  1104 V UsbDeviceManager: USB UEVENT: {USB_STATE=CONFIGURED, SUBSYSTEM=android_usb, DEVPATH=/devices/virtual/android_usb/android0, SEQNUM=18212, ACTION=change}
02-27 18:38:27.105  1039  1060 D UsbDeviceManager: broadcasting Intent { act=android.hardware.usb.action.USB_STATE flg=0x20000000 (has extras) } connected: true configured: true
02-27 18:38:27.149   269   269 I SFPerfTracer:      triggers: (rate: 16:653) (compose: 0:65) (post: 0:11) (render: 11:295) (0:27462 frames) (1:73406)
02-27 18:38:27.149   269   269 D SFPerfTracer:        layers: (3:9) (DimLayer: 0:350)* (FocusedStackFrame: 0:1530)* (StatusBar: 1:10666) (NavigationBar: 0:6362) (com.android.systemui.ImageWallpaper: 0:865)* (DimLayer: 0:3354)* (DimLayer: 0:286)* (com.comtop.mim/com.comtop.mim.ui.MainActivity: 0:301) 
02-27 18:38:27.226  1039 11208 I ActivityManager: Start proc com.motorola.genie for broadcast com.motorola.genie/.prefetch.PowerStatusReceiver: pid=31796 uid=10024 gids={50024, 3003, 1028, 1015}
02-27 18:38:27.228  1039  1103 I ActivityManager: Process com.xianguo.pad (pid 30495) has died.
02-27 18:38:27.528  1039  1102 I ActivityManager: Start proc com.estrongs.android.pop for broadcast com.estrongs.android.pop/.app.StartServiceReceiver: pid=31823 uid=10102 gids={50102, 3003, 3002, 3001, 1028, 1015}
02-27 18:38:27.899  1292  1292 W ContextImpl: Calling a method in the system process without a qualified user: android.app.ContextImpl.startService:1608 android.content.ContextWrapper.startService:494 android.content.ContextWrapper.startService:494 com.motorola.motocare.internal.batterystats.BatteryStatsAction.onReceive:33 android.app.ActivityThread.handleReceiver:2434 
02-27 18:38:27.904  1039  1095 D WifiService: New client listening to asynchronous messages
02-27 18:38:30.481   269   706 I SFPerfTracer:      triggers: (rate: 0:10) (20625 sw vsyncs) (0 skipped) (51:176171 vsyncs) (53:359865)
02-27 18:38:30.629  1039  1049 I ActivityManager: Process com.google.android.apps.uploader (pid 31767) has died.
02-27 18:38:33.070   269   269 I SFPerfTracer:      triggers: (rate: 16:653) (compose: 0:65) (post: 0:11) (render: 11:295) (0:27462 frames) (1:73506)
02-27 18:38:33.071   269   269 D SFPerfTracer:        layers: (3:9) (DimLayer: 0:350)* (FocusedStackFrame: 0:1530)* (StatusBar: 1:10731) (NavigationBar: 0:6362) (com.android.systemui.ImageWallpaper: 0:865)* (DimLayer: 0:3354)* (DimLayer: 0:286)* (com.comtop.mim/com.comtop.mim.ui.MainActivity: 0:336) 
02-27 18:38:34.098   269   706 I SFPerfTracer:      triggers: (rate: 0:10) (20625 sw vsyncs) (0 skipped) (0:176241 vsyncs) (1:359966)
02-27 18:38:34.576  1039  1971 E UsbDebuggingManager: got -1 reading
02-27 18:38:34.614  1039  1971 E UsbDebuggingManager: Communication error: 
02-27 18:38:34.614  1039  1971 E UsbDebuggingManager: java.io.IOException: Connection refused
02-27 18:38:34.614  1039  1971 E UsbDebuggingManager: 	at android.net.LocalSocketImpl.connectLocal(Native Method)
02-27 18:38:34.614  1039  1971 E UsbDebuggingManager: 	at android.net.LocalSocketImpl.connect(LocalSocketImpl.java:287)
02-27 18:38:34.614  1039  1971 E UsbDebuggingManager: 	at android.net.LocalSocket.connect(LocalSocket.java:130)
02-27 18:38:34.614  1039  1971 E UsbDebuggingManager: 	at com.android.server.usb.UsbDebuggingManager.listenToSocket(UsbDebuggingManager.java:75)
02-27 18:38:34.614  1039  1971 E UsbDebuggingManager: 	at com.android.server.usb.UsbDebuggingManager.run(UsbDebuggingManager.java:111)
02-27 18:38:34.614  1039  1971 E UsbDebuggingManager: 	at java.lang.Thread.run(Thread.java:841)
02-27 18:38:35.259  1039  1056 I ActivityManager: Start proc com.google.android.apps.uploader for broadcast com.google.android.apps.uploader/com.google.android.picasasync.BatteryReceiver: pid=31987 uid=10072 gids={50072, 3003, 1028, 1015}
02-27 18:38:35.464  1292  1292 W ContextImpl: Calling a method in the system process without a qualified user: android.app.ContextImpl.startService:1608 android.content.ContextWrapper.startService:494 android.content.ContextWrapper.startService:494 com.motorola.motocare.internal.batterystats.BatteryStatsAction.onReceive:33 android.app.ActivityThread.handleReceiver:2434 
02-27 18:38:37.581  1039  1056 I ActivityManager: Start proc android.process.acore for broadcast com.android.providers.contacts/.PackageIntentReceiver: pid=32033 uid=10007 gids={50007, 3003, 1028, 1015, 1023}
02-27 18:38:37.642  1039 11207 W IntentResolver: resolveIntent: multiple matches, only some with CATEGORY_DEFAULT
02-27 18:38:37.645  1039 23058 I PackageManager: Adding preferred activity ComponentInfo{com.android.mms/com.android.mms.ui.ComposeMessageActivity} for user 0 :
02-27 18:38:37.692  1039 10903 W IntentResolver: resolveIntent: multiple matches, only some with CATEGORY_DEFAULT
02-27 18:38:37.789  1039 10902 I ActivityManager: Process com.estrongs.android.pop (pid 31823) has died.
02-27 18:38:37.789  1039 11208 E WifiService: Multicaster binderDied
02-27 18:38:37.790  1039 10902 W ActivityManager: Service ServiceRecord{42aee440 u0 com.estrongs.android.pop/com.estrongs.android.ui.notification.ESTaskService} in process ProcessRecord{42dff830 31823:com.estrongs.android.pop/u0a102} not same as in map: null
02-27 18:38:37.790  1039  1095 D WifiService: Client connection lost with reason: 4
02-27 18:38:37.794  1039  1049 I PackageManager: Adding preferred activity ComponentInfo{com.android.mms/com.android.mms.ui.ComposeMessageActivity} for user 0 :
02-27 18:38:37.826  1292  3789 W ContextImpl: Calling a method in the system process without a qualified user: android.app.ContextImpl.sendBroadcast:1252 android.content.ContextWrapper.sendBroadcast:365 com.motorola.motocare.util.TriggerHelper$TriggerBuilder.send:76 com.motorola.motocare.internal.frameworkevents.ProcessKillTrigger.sendTrigger:147 com.motorola.motocare.internal.frameworkevents.ProcessKillTrigger.handleLmkKill:337 
02-27 18:38:37.845  1039 23058 W IntentResolver: resolveIntent: multiple matches, only some with CATEGORY_DEFAULT
02-27 18:38:37.846  1292  3789 W ContextImpl: Calling a method in the system process without a qualified user: android.app.ContextImpl.sendBroadcast:1252 android.content.ContextWrapper.sendBroadcast:365 com.motorola.motocare.util.TriggerHelper$TriggerBuilder.send:76 com.motorola.motocare.internal.frameworkevents.ProcessKillTrigger.sendTrigger:147 com.motorola.motocare.internal.frameworkevents.ProcessKillTrigger.handleLmkKill:337 
02-27 18:38:37.847  1039 11210 I PackageManager: Adding preferred activity ComponentInfo{com.android.mms/com.android.mms.ui.ComposeMessageActivity} for user 0 :
02-27 18:38:37.943  1039  1102 W IntentResolver: resolveIntent: multiple matches, only some with CATEGORY_DEFAULT
02-27 18:38:37.944  1292  3789 W ContextImpl: Calling a method in the system process without a qualified user: android.app.ContextImpl.sendBroadcast:1252 android.content.ContextWrapper.sendBroadcast:365 com.motorola.motocare.util.TriggerHelper$TriggerBuilder.send:76 com.motorola.motocare.internal.frameworkevents.ProcessKillTrigger.sendTrigger:147 com.motorola.motocare.internal.frameworkevents.ProcessKillTrigger.handleLmkKill:337 
02-27 18:38:37.945  1039  1049 I PackageManager: Adding preferred activity ComponentInfo{com.android.mms/com.android.mms.ui.ComposeMessageActivity} for user 0 :
02-27 18:38:37.986  1292  3789 W ContextImpl: Calling a method in the system process without a qualified user: android.app.ContextImpl.sendBroadcast:1252 android.content.ContextWrapper.sendBroadcast:365 com.motorola.motocare.util.TriggerHelper$TriggerBuilder.send:76 com.motorola.motocare.internal.frameworkevents.ProcessKillTrigger.sendTrigger:147 com.motorola.motocare.internal.frameworkevents.ProcessKillTrigger.handleLmkKill:337 
02-27 18:38:37.987  1039 10902 W IntentResolver: resolveIntent: multiple matches, only some with CATEGORY_DEFAULT
02-27 18:38:37.989  1039  1102 I PackageManager: Adding preferred activity ComponentInfo{com.android.mms/com.android.mms.ui.ComposeMessageActivity} for user 0 :
02-27 18:38:38.023  1039  1049 W IntentResolver: resolveIntent: multiple matches, only some with CATEGORY_DEFAULT
02-27 18:38:38.025  1039 10903 I PackageManager: Adding preferred activity ComponentInfo{com.android.mms/com.android.mms.ui.ComposeMessageActivity} for user 0 :
02-27 18:38:38.048  1039  1308 W IntentResolver: resolveIntent: multiple matches, only some with CATEGORY_DEFAULT
02-27 18:38:38.050  1039 11210 I PackageManager: Adding preferred activity ComponentInfo{com.android.mms/com.android.mms.ui.ComposeMessageActivity} for user 0 :
02-27 18:38:38.068  1039 10902 W IntentResolver: resolveIntent: multiple matches, only some with CATEGORY_DEFAULT
02-27 18:38:38.070  1039  1323 I PackageManager: Adding preferred activity ComponentInfo{com.android.mms/com.android.mms.ui.ComposeMessageActivity} for user 0 :
02-27 18:38:38.173  1039 11209 I ActivityManager: Start proc com.motorola.MotGallery2 for broadcast com.motorola.MotGallery2/com.android.gallery3d.app.PackagesMonitor: pid=32065 uid=10031 gids={50031, 3003, 1028, 1015}
02-27 18:38:38.192  1039 23058 I ActivityManager: Process com.google.android.apps.uploader (pid 31987) has died.
02-27 18:38:38.572  1039  1308 I ActivityManager: Start proc com.wandoujia.phoenix2.usbproxy for broadcast com.wandoujia.phoenix2.usbproxy/com.wandoujia.pmp.receivers.AppChangedReceiver: pid=32086 uid=10619 gids={50619, 3003, 1028, 1015}
02-27 18:38:38.617  1039  1308 I ActivityManager: Process com.motorola.genie (pid 31796) has died.
02-27 18:38:38.783  1039 23058 I ActivityManager: Process android.process.acore (pid 32033) has died.
02-27 18:38:38.805  1039  1081 V AlarmManager: sending alarm Alarm{42c1be38 type 1 com.netease.vopen}
02-27 18:38:40.816   269   706 I SFPerfTracer:      triggers: (rate: 0:10) (20625 sw vsyncs) (0 skipped) (0:176276 vsyncs) (1:360067)
02-27 18:38:44.848   269   706 I SFPerfTracer:      triggers: (rate: 0:10) (20625 sw vsyncs) (0 skipped) (31:176350 vsyncs) (33:360174)
02-27 18:38:45.560  1039  1081 V AlarmManager: sending alarm Alarm{42df6978 type 0 com.google.android.googlequicksearchbox}
02-27 18:38:47.436   269   269 I SFPerfTracer:      triggers: (rate: 16:653) (compose: 0:65) (post: 0:11) (render: 11:295) (0:27462 frames) (1:73606)
02-27 18:38:47.437   269   269 D SFPerfTracer:        layers: (3:9) (DimLayer: 0:350)* (FocusedStackFrame: 0:1530)* (StatusBar: 0:10760) (NavigationBar: 0:6362) (com.android.systemui.ImageWallpaper: 0:865)* (DimLayer: 0:3354)* (DimLayer: 0:286)* (com.comtop.mim/com.comtop.mim.ui.MainActivity: 1:406) 
02-27 18:38:50.636   269   706 I SFPerfTracer:      triggers: (rate: 0:10) (20625 sw vsyncs) (0 skipped) (19:176406 vsyncs) (21:360285)
02-27 18:38:56.908   269   706 I SFPerfTracer:      triggers: (rate: 0:10) (20625 sw vsyncs) (0 skipped) (0:176447 vsyncs) (1:360386)
02-27 18:38:58.817  1039  1081 V AlarmManager: sending alarm Alarm{42ddaac0 type 1 com.netease.vopen}
02-27 18:39:00.000  1039  1081 V AlarmManager: sending alarm Alarm{42823ca0 type 3 android}
02-27 18:39:02.796   269   706 I SFPerfTracer:      triggers: (rate: 0:10) (20625 sw vsyncs) (0 skipped) (7:176497 vsyncs) (9:360493)
02-27 18:39:08.071   269   706 I SFPerfTracer:      triggers: (rate: 0:10) (20625 sw vsyncs) (0 skipped) (18:176556 vsyncs) (20:360601)
02-27 18:39:13.446   269   706 I SFPerfTracer:      triggers: (rate: 0:10) (20625 sw vsyncs) (0 skipped) (0:176603 vsyncs) (1:360702)
02-27 18:39:15.524  1039  1081 V AlarmManager: sending alarm Alarm{4281b590 type 1 com.netease.vopen}
02-27 18:39:20.828   269   706 I SFPerfTracer:      triggers: (rate: 0:10) (20625 sw vsyncs) (0 skipped) (0:176629 vsyncs) (1:360803)
02-27 18:39:22.741  1039  1039 V ConnectivityService: WiFi NOT Tethered!
02-27 18:39:22.768  1039  1091 D WifiP2pService: InactiveState{ when=-7ms what=143375 target=com.android.internal.util.StateMachine$SmHandler }
02-27 18:39:22.768  1039  1091 D WifiP2pService: P2pEnabledState{ when=-7ms what=143375 target=com.android.internal.util.StateMachine$SmHandler }
02-27 18:39:22.802  1039  1096 D ConnectivityService: ConnectivityChange for WIFI: DISCONNECTED/DISCONNECTED
02-27 18:39:22.806  1039  1096 D ConnectivityService: tryFailover: set mActiveDefaultNetwork=-1, prevNetType=1
02-27 18:39:22.809  1039  1096 D ConnectivityService: Attempting to switch to mobile
02-27 18:39:22.810  1039  1096 D ConnectivityService: Attempting to switch to BLUETOOTH_TETHER
02-27 18:39:22.811  1039  1096 D ConnectivityService: Attempting to switch to ETHERNET
02-27 18:39:22.829  1039  1096 D ConnectivityService: resetConnections(wlan0, 3)
02-27 18:39:22.866  1039  1091 D WifiP2pService: InactiveState{ when=0 what=143375 target=com.android.internal.util.StateMachine$SmHandler }
02-27 18:39:22.867  1039  1091 D WifiP2pService: P2pEnabledState{ when=0 what=143375 target=com.android.internal.util.StateMachine$SmHandler }
02-27 18:39:22.989  1039  1096 D Nat464Xlat: requiresClat: netType=1, hasIPv4Address=false
02-27 18:39:22.991  1039  1096 D ConnectivityService: ConnectivityChange for WIFI: DISCONNECTED/DISCONNECTED
02-27 18:39:22.993  1039  1096 D ConnectivityService: Attempting to switch to mobile
02-27 18:39:22.994  1039  1096 D ConnectivityService: Attempting to switch to BLUETOOTH_TETHER
02-27 18:39:22.994  1039  1096 D ConnectivityService: Attempting to switch to ETHERNET
02-27 18:39:22.996  1039  1096 D Nat464Xlat: requiresClat: netType=1, hasIPv4Address=false
02-27 18:39:22.997  1039  1096 D ConnectivityService: handleInetConditionChange: no active default network - ignore
02-27 18:39:23.126  1039  1322 I ActivityManager: Start proc com.tencent.mobileqq for content provider com.tencent.mobileqq/com.tencent.mqq.shared_file_accessor.ContentProviderImpl: pid=32203 uid=10703 gids={50703, 3003, 3002, 3001, 1028, 1015}
02-27 18:39:23.162  1039  1309 I ActivityManager: Process com.qualcomm.atfwd (pid 25251) has died.
02-27 18:39:23.162  1039  1309 W ActivityManager: Scheduling restart of crashed service com.qualcomm.atfwd/.AtFwdService in 1000ms
02-27 18:39:23.363  1039  1308 I ActivityManager: Process com.motorola.audioeffects (pid 25490) has died.
02-27 18:39:23.367  1039  1308 W ActivityManager: Scheduling restart of crashed service com.motorola.audioeffects/.AudioEffectsService in 10798ms
02-27 18:39:23.674  1039  1049 I ActivityManager: Start proc com.google.android.gms.unstable for service com.google.android.gms/.droidguard.DroidGuardService: pid=32217 uid=10020 gids={50020, 3003, 1007, 3002, 3001, 1028, 1015, 3007, 2001, 3006}
02-27 18:39:24.174  1039  1056 I ActivityManager: Start proc com.qualcomm.atfwd for service com.qualcomm.atfwd/.AtFwdService: pid=32236 uid=1000 gids={41000, 1028, 1015, 3002, 3001, 3003, 1021, 3004, 3005, 1000, 3009, 1023, 1010, 1004, 2002, 3006}
02-27 18:39:24.225  1039 11208 I ActivityManager: Process com.motorola.MotGallery2 (pid 32065) has died.
02-27 18:39:25.246  1039  1309 I ActivityManager: Process com.wandoujia.phoenix2.usbproxy (pid 32086) has died.
02-27 18:39:26.024  1039  1214 D ConnectivityService: setProvNotificationVisible: E visible=false networkType=1 extraInfo=null url=null
02-27 18:39:26.171  2050  2050 E ActivityThread: Failed to find provider info for com.motorola.blur.setupprovider
02-27 18:39:26.173  2050  2050 E ActivityThread: Failed to find provider info for com.motorola.blur.setupprovider
02-27 18:39:26.245  1039 11209 I ActivityManager: Start proc com.google.android.setupwizard for broadcast com.google.android.setupwizard/.MobileConnectivityChangeReceiver: pid=32287 uid=10038 gids={50038, 3003}
02-27 18:39:26.403  1039  1102 I ActivityManager: Start proc com.google.android.apps.magazines for broadcast com.google.android.apps.magazines/com.google.apps.dots.android.newsstand.appwidget.NewsWidgetProvider: pid=32306 uid=10070 gids={50070, 3003, 1028, 1015}
02-27 18:39:26.422  1039 11210 I ActivityManager: Process com.tencent.mobileqq (pid 32203) has died.
02-27 18:39:27.062  1039 11210 I ActivityManager: Start proc com.sohu.inputmethod.sogou:classic for broadcast com.sohu.inputmethod.sogou/com.sogou.androidtool.receiver.NetChangeReceiver: pid=32360 uid=10171 gids={50171, 3003, 1028, 1015}
02-27 18:39:27.160  1039  1323 I ActivityManager: Process com.google.android.setupwizard (pid 32287) has died.
02-27 18:39:27.323  1039  1102 W ActivityManager: Unable to start service Intent { act=com.sogou.pushservice.action.METHOD cmp=/com.sogou.udp.push.PushService (has extras) } U=0: not found
02-27 18:39:27.351  1039  1322 I ActivityManager: Start proc com.diune.pictures for broadcast com.diune.pictures/.service.NetworkChangeReceiver: pid=32377 uid=10317 gids={50317, 3003, 1028, 1015}
02-27 18:39:27.446  1039  4780 I ActivityManager: Start proc com.xianguo.pad for broadcast com.xianguo.pad/.activity.manager.NetworkMonitor: pid=32390 uid=10473 gids={50473, 3003, 1028, 1015}
02-27 18:39:27.494  1039 11210 I ActivityManager: Process com.google.android.gms (pid 19267) has died.
02-27 18:39:27.495  1039  1095 D WifiService: Client connection lost with reason: 4
02-27 18:39:27.496  1039 11210 W ActivityManager: Service ServiceRecord{42bb6e88 u0 com.google.android.gms/.usagereporting.service.UsageReportingService} in process ProcessRecord{42a3cf30 19267:com.google.android.gms/u0a20} not same as in map: null
02-27 18:39:27.557  1039  1049 I ActivityManager: Start proc com.google.android.setupwizard for broadcast com.google.android.setupwizard/.MobileConnectivityChangeReceiver: pid=32402 uid=10038 gids={50038, 3003}
02-27 18:39:27.625  1039  1050 I ActivityManager: Start proc com.google.android.gms for broadcast com.google.android.gms/.gcm.GmsAutoStarter: pid=32415 uid=10020 gids={50020, 3003, 1007, 3002, 3001, 1028, 1015, 3007, 2001, 3006}
02-27 18:39:27.753  1039 10902 I ActivityManager: Process com.google.android.gms.unstable (pid 32217) has died.
02-27 18:39:27.769  1039 10903 I ActivityManager: Process sogou.mobile.explorer.hotwords (pid 30584) has died.
02-27 18:39:27.769  1039  1095 D WifiService: Client connection lost with reason: 4
02-27 18:39:28.010  1039 11208 I ActivityManager: Start proc sogou.mobile.explorer.hotwords for broadcast com.sohu.inputmethod.sogou/sogou.mobile.explorer.hotwords.browser.SemobWakeUpReceiver: pid=32441 uid=10171 gids={50171, 3003, 1028, 1015}
02-27 18:39:28.182  1039  1309 W ActivityManager: Unable to start service Intent { act=com.sogou.pushservice.action.METHOD cmp=/com.sogou.udp.push.PushService (has extras) } U=0: not found
02-27 18:39:28.197  1039 10903 I ActivityManager: Process com.google.android.apps.magazines (pid 32306) has died.
02-27 18:39:29.536   269   706 I SFPerfTracer:      triggers: (rate: 0:10) (20625 sw vsyncs) (0 skipped) (0:176646 vsyncs) (1:360904)
02-27 18:39:29.675  1039  1081 V AlarmManager: sending alarm Alarm{42e29638 type 2 com.google.android.gms}
02-27 18:39:29.697   265 32473 W SocketClient: write error (Broken pipe)
02-27 18:39:29.700  1039  1096 D ConnectivityService: handleInetConditionChange: no active default network - ignore
02-27 18:39:33.122  1039 11210 I ActivityManager: Start proc com.tencent.mobileqq for content provider com.tencent.mobileqq/com.tencent.mqq.shared_file_accessor.ContentProviderImpl: pid=32474 uid=10703 gids={50703, 3003, 3002, 3001, 1028, 1015}
02-27 18:39:34.193  1039  1056 I ActivityManager: Start proc com.motorola.audioeffects for service com.motorola.audioeffects/.AudioEffectsService: pid=32507 uid=10001 gids={50001}
02-27 18:39:35.147  1039  1056 I ActivityManager: Start proc com.google.android.talk for broadcast com.google.android.talk/com.google.android.apps.babel.phone.PackageReplacedReceiver: pid=32520 uid=10065 gids={50065, 3003, 1028, 1015, 3002}
02-27 18:39:35.154  1039 23058 W IntentResolver: resolveIntent: multiple matches, only some with CATEGORY_DEFAULT
02-27 18:39:35.156  1039  1308 I PackageManager: Adding preferred activity ComponentInfo{com.android.mms/com.android.mms.ui.ComposeMessageActivity} for user 0 :
02-27 18:39:35.182  1039 11210 W IntentResolver: resolveIntent: multiple matches, only some with CATEGORY_DEFAULT
02-27 18:39:35.189  1039 11209 I PackageManager: Adding preferred activity ComponentInfo{com.android.mms/com.android.mms.ui.ComposeMessageActivity} for user 0 :
02-27 18:39:35.210  1039  4780 W IntentResolver: resolveIntent: multiple matches, only some with CATEGORY_DEFAULT
02-27 18:39:35.212  1039 11207 I PackageManager: Adding preferred activity ComponentInfo{com.android.mms/com.android.mms.ui.ComposeMessageActivity} for user 0 :
02-27 18:39:35.232  1039  1308 W IntentResolver: resolveIntent: multiple matches, only some with CATEGORY_DEFAULT
02-27 18:39:35.234  1039  1323 I PackageManager: Adding preferred activity ComponentInfo{com.android.mms/com.android.mms.ui.ComposeMessageActivity} for user 0 :
02-27 18:39:35.254  1039  1322 W IntentResolver: resolveIntent: multiple matches, only some with CATEGORY_DEFAULT
02-27 18:39:35.256  1039  1309 I PackageManager: Adding preferred activity ComponentInfo{com.android.mms/com.android.mms.ui.ComposeMessageActivity} for user 0 :
02-27 18:39:35.274  1039 10902 W IntentResolver: resolveIntent: multiple matches, only some with CATEGORY_DEFAULT
02-27 18:39:35.277  1039  1050 I PackageManager: Adding preferred activity ComponentInfo{com.android.mms/com.android.mms.ui.ComposeMessageActivity} for user 0 :
02-27 18:39:35.279  1039 11207 I ActivityManager: Process com.sohu.inputmethod.sogou:classic (pid 32360) has died.
02-27 18:39:35.295  1039  1323 W IntentResolver: resolveIntent: multiple matches, only some with CATEGORY_DEFAULT
02-27 18:39:35.296  1039  1103 I PackageManager: Adding preferred activity ComponentInfo{com.android.mms/com.android.mms.ui.ComposeMessageActivity} for user 0 :
02-27 18:39:35.311  1039 10903 W IntentResolver: resolveIntent: multiple matches, only some with CATEGORY_DEFAULT
02-27 18:39:35.314  1039 11208 I PackageManager: Adding preferred activity ComponentInfo{com.android.mms/com.android.mms.ui.ComposeMessageActivity} for user 0 :
02-27 18:39:35.444  1039  1102 I ActivityManager: Process sogou.mobile.explorer.hotwords (pid 32441) has died.
02-27 18:39:35.688  1039  1050 I ActivityManager: Start proc android.process.acore for broadcast com.android.providers.contacts/.PackageIntentReceiver: pid=32560 uid=10007 gids={50007, 3003, 1028, 1015, 1023}
02-27 18:39:35.758  1039 11210 I ActivityManager: Process com.diune.pictures (pid 32377) has died.
02-27 18:39:35.806  1039 11208 I ActivityManager: Start proc com.motorola.MotGallery2 for broadcast com.motorola.MotGallery2/com.android.gallery3d.app.PackagesMonitor: pid=32578 uid=10031 gids={50031, 3003, 1028, 1015}
02-27 18:39:35.911  1039  1050 I ActivityManager: Start proc com.wandoujia.phoenix2.usbproxy for broadcast com.wandoujia.phoenix2.usbproxy/com.wandoujia.pmp.receivers.AppChangedReceiver: pid=32596 uid=10619 gids={50619, 3003, 1028, 1015}
02-27 18:39:36.709  1039  4780 I ActivityManager: Process com.google.android.talk (pid 32520) has died.
02-27 18:39:36.792  1039 11210 I ActivityManager: Process com.tencent.mobileqq (pid 32474) has died.
02-27 18:39:36.945  1039  1103 I ActivityManager: Process com.xianguo.pad (pid 32390) has died.
02-27 18:39:36.998  1039  1050 I ActivityManager: Process com.google.android.setupwizard (pid 32402) has died.
02-27 18:39:38.135  1292  3789 W ContextImpl: Calling a method in the system process without a qualified user: android.app.ContextImpl.sendBroadcast:1252 android.content.ContextWrapper.sendBroadcast:365 com.motorola.motocare.util.TriggerHelper$TriggerBuilder.send:76 com.motorola.motocare.internal.frameworkevents.ProcessKillTrigger.sendTrigger:147 com.motorola.motocare.internal.frameworkevents.ProcessKillTrigger.handleLmkKill:337 
02-27 18:39:38.141  1292  3789 W ContextImpl: Calling a method in the system process without a qualified user: android.app.ContextImpl.sendBroadcast:1252 android.content.ContextWrapper.sendBroadcast:365 com.motorola.motocare.util.TriggerHelper$TriggerBuilder.send:76 com.motorola.motocare.internal.frameworkevents.ProcessKillTrigger.sendTrigger:147 com.motorola.motocare.internal.frameworkevents.ProcessKillTrigger.handleLmkKill:337 
02-27 18:39:38.147  1292  3789 W ContextImpl: Calling a method in the system process without a qualified user: android.app.ContextImpl.sendBroadcast:1252 android.content.ContextWrapper.sendBroadcast:365 com.motorola.motocare.util.TriggerHelper$TriggerBuilder.send:76 com.motorola.motocare.internal.frameworkevents.ProcessKillTrigger.sendTrigger:147 com.motorola.motocare.internal.frameworkevents.ProcessKillTrigger.handleLmkKill:337 
02-27 18:39:38.154  1292  3789 W ContextImpl: Calling a method in the system process without a qualified user: android.app.ContextImpl.sendBroadcast:1252 android.content.ContextWrapper.sendBroadcast:365 com.motorola.motocare.util.TriggerHelper$TriggerBuilder.send:76 com.motorola.motocare.internal.frameworkevents.ProcessKillTrigger.sendTrigger:147 com.motorola.motocare.internal.frameworkevents.ProcessKillTrigger.handleLmkKill:337 
02-27 18:39:38.158  1292  3789 W ContextImpl: Calling a method in the system process without a qualified user: android.app.ContextImpl.sendBroadcast:1252 android.content.ContextWrapper.sendBroadcast:365 com.motorola.motocare.util.TriggerHelper$TriggerBuilder.send:76 com.motorola.motocare.internal.frameworkevents.ProcessKillTrigger.sendTrigger:147 com.motorola.motocare.internal.frameworkevents.ProcessKillTrigger.handleLmkKill:337 
02-27 18:39:38.162  1292  3789 W ContextImpl: Calling a method in the system process without a qualified user: android.app.ContextImpl.sendBroadcast:1252 android.content.ContextWrapper.sendBroadcast:365 com.motorola.motocare.util.TriggerHelper$TriggerBuilder.send:76 com.motorola.motocare.internal.frameworkevents.ProcessKillTrigger.sendTrigger:147 com.motorola.motocare.internal.frameworkevents.ProcessKillTrigger.handleLmkKill:337 
02-27 18:39:38.167  1292  3789 W ContextImpl: Calling a method in the system process without a qualified user: android.app.ContextImpl.sendBroadcast:1252 android.content.ContextWrapper.sendBroadcast:365 com.motorola.motocare.util.TriggerHelper$TriggerBuilder.send:76 com.motorola.motocare.internal.frameworkevents.ProcessKillTrigger.sendTrigger:147 com.motorola.motocare.internal.frameworkevents.ProcessKillTrigger.handleLmkKill:337 
02-27 18:39:38.180  1292  3789 W ContextImpl: Calling a method in the system process without a qualified user: android.app.ContextImpl.sendBroadcast:1252 android.content.ContextWrapper.sendBroadcast:365 com.motorola.motocare.util.TriggerHelper$TriggerBuilder.send:76 com.motorola.motocare.internal.frameworkevents.ProcessKillTrigger.sendTrigger:147 com.motorola.motocare.internal.frameworkevents.ProcessKillTrigger.handleLmkKill:337 
02-27 18:39:38.188  1292  3789 W ContextImpl: Calling a method in the system process without a qualified user: android.app.ContextImpl.sendBroadcast:1252 android.content.ContextWrapper.sendBroadcast:365 com.motorola.motocare.util.TriggerHelper$TriggerBuilder.send:76 com.motorola.motocare.internal.frameworkevents.ProcessKillTrigger.sendTrigger:147 com.motorola.motocare.internal.frameworkevents.ProcessKillTrigger.handleLmkKill:337 
02-27 18:39:38.193  1292  3789 W ContextImpl: Calling a method in the system process without a qualified user: android.app.ContextImpl.sendBroadcast:1252 android.content.ContextWrapper.sendBroadcast:365 com.motorola.motocare.util.TriggerHelper$TriggerBuilder.send:76 com.motorola.motocare.internal.frameworkevents.ProcessKillTrigger.sendTrigger:147 com.motorola.motocare.internal.frameworkevents.ProcessKillTrigger.handleLmkKill:337 
02-27 18:39:38.198  1292  3789 W ContextImpl: Calling a method in the system process without a qualified user: android.app.ContextImpl.sendBroadcast:1252 android.content.ContextWrapper.sendBroadcast:365 com.motorola.motocare.util.TriggerHelper$TriggerBuilder.send:76 com.motorola.motocare.internal.frameworkevents.ProcessKillTrigger.sendTrigger:147 com.motorola.motocare.internal.frameworkevents.ProcessKillTrigger.handleLmkKill:337 
02-27 18:39:38.201  1292  3789 W ContextImpl: Calling a method in the system process without a qualified user: android.app.ContextImpl.sendBroadcast:1252 android.content.ContextWrapper.sendBroadcast:365 com.motorola.motocare.util.TriggerHelper$TriggerBuilder.send:76 com.motorola.motocare.internal.frameworkevents.ProcessKillTrigger.sendTrigger:147 com.motorola.motocare.internal.frameworkevents.ProcessKillTrigger.handleLmkKill:337 
02-27 18:39:38.263  1292  3789 W ContextImpl: Calling a method in the system process without a qualified user: android.app.ContextImpl.sendBroadcast:1252 android.content.ContextWrapper.sendBroadcast:365 com.motorola.motocare.util.TriggerHelper$TriggerBuilder.send:76 com.motorola.motocare.internal.frameworkevents.ProcessKillTrigger.sendTrigger:147 com.motorola.motocare.internal.frameworkevents.ProcessKillTrigger.handleLmkKill:337 
02-27 18:39:38.265  1292  3789 W ContextImpl: Calling a method in the system process without a qualified user: android.app.ContextImpl.sendBroadcast:1252 android.content.ContextWrapper.sendBroadcast:365 com.motorola.motocare.util.TriggerHelper$TriggerBuilder.send:76 com.motorola.motocare.internal.frameworkevents.ProcessKillTrigger.sendTrigger:147 com.motorola.motocare.internal.frameworkevents.ProcessKillTrigger.handleLmkKill:337 
02-27 18:39:38.267  1292  3789 W ContextImpl: Calling a method in the system process without a qualified user: android.app.ContextImpl.sendBroadcast:1252 android.content.ContextWrapper.sendBroadcast:365 com.motorola.motocare.util.TriggerHelper$TriggerBuilder.send:76 com.motorola.motocare.internal.frameworkevents.ProcessKillTrigger.sendTrigger:147 com.motorola.motocare.internal.frameworkevents.ProcessKillTrigger.handleLmkKill:337 
02-27 18:39:38.269  1292  3789 W ContextImpl: Calling a method in the system process without a qualified user: android.app.ContextImpl.sendBroadcast:1252 android.content.ContextWrapper.sendBroadcast:365 com.motorola.motocare.util.TriggerHelper$TriggerBuilder.send:76 com.motorola.motocare.internal.frameworkevents.ProcessKillTrigger.sendTrigger:147 com.motorola.motocare.internal.frameworkevents.ProcessKillTrigger.handleLmkKill:337 
02-27 18:39:38.271  1292  3789 W ContextImpl: Calling a method in the system process without a qualified user: android.app.ContextImpl.sendBroadcast:1252 android.content.ContextWrapper.sendBroadcast:365 com.motorola.motocare.util.TriggerHelper$TriggerBuilder.send:76 com.motorola.motocare.internal.frameworkevents.ProcessKillTrigger.sendTrigger:147 com.motorola.motocare.internal.frameworkevents.ProcessKillTrigger.handleLmkKill:337 
02-27 18:39:38.274  1292  3789 W ContextImpl: Calling a method in the system process without a qualified user: android.app.ContextImpl.sendBroadcast:1252 android.content.ContextWrapper.sendBroadcast:365 com.motorola.motocare.util.TriggerHelper$TriggerBuilder.send:76 com.motorola.motocare.internal.frameworkevents.ProcessKillTrigger.sendTrigger:147 com.motorola.motocare.internal.frameworkevents.ProcessKillTrigger.handleLmkKill:337 
