02-16 14:26:21.217  1276  3135 W ContextImpl: Calling a method in the system process without a qualified user: android.app.ContextImpl.sendBroadcast:1252 android.content.ContextWrapper.sendBroadcast:365 com.motorola.motocare.util.TriggerHelper$TriggerBuilder.send:76 com.motorola.motocare.internal.frameworkevents.ProcessKillTrigger.sendTrigger:147 com.motorola.motocare.internal.frameworkevents.ProcessKillTrigger.handleFrameworkEvent:164 
02-16 14:26:21.250  1026  1039 I ActivityManager: Killing 12981:com.netease.vopen/u0a763 (adj 15): empty #9
02-16 14:26:21.252  1276  3135 W ContextImpl: Calling a method in the system process without a qualified user: android.app.ContextImpl.sendBroadcast:1252 android.content.ContextWrapper.sendBroadcast:365 com.motorola.motocare.util.TriggerHelper$TriggerBuilder.send:76 com.motorola.motocare.internal.frameworkevents.ProcessKillTrigger.sendTrigger:147 com.motorola.motocare.internal.frameworkevents.ProcessKillTrigger.handleFrameworkEvent:164 
02-16 14:26:21.293  1026  1059 I LaunchCheckinHandler: Displayed com.comtop.mim/.ui.MainActivity,wp,ca,1523
02-16 14:26:21.384  1026  1317 I ActivityManager: Start proc eu.chainfire.supersu for broadcast eu.chainfire.supersu/.InstallReceiver: pid=13245 uid=10100 gids={50100}
02-16 14:26:21.470  1026  1319 I ActivityManager: Killing 5688:sogou.mobile.explorer.hotwords/u0a171 (adj 15): empty #9
02-16 14:26:21.473  1276  3135 W ContextImpl: Calling a method in the system process without a qualified user: android.app.ContextImpl.sendBroadcast:1252 android.content.ContextWrapper.sendBroadcast:365 com.motorola.motocare.util.TriggerHelper$TriggerBuilder.send:76 com.motorola.motocare.internal.frameworkevents.ProcessKillTrigger.sendTrigger:147 com.motorola.motocare.internal.frameworkevents.ProcessKillTrigger.handleFrameworkEvent:164 
02-16 14:26:21.509  1026  1099 D WifiService: Client connection lost with reason: 4
02-16 14:26:21.550  1026  1317 I ActivityManager: Start proc com.netease.vopen for broadcast com.netease.vopen/.receiver.ApkInstallReceiver: pid=13271 uid=10763 gids={50763, 3003, 1028, 1015}
02-16 14:26:21.705  1026  1199 I ActivityManager: Start proc com.google.android.gms.wearable for service com.google.android.gms/.wearable.service.WearableControlService: pid=13289 uid=10020 gids={50020, 3003, 1007, 3002, 3001, 1028, 1015, 3007, 2001, 3006}
02-16 14:26:21.720   271   738 I SFPerfTracer:      triggers: (rate: 0:0) (623 sw vsyncs) (0 skipped) (54:10101 vsyncs) (56:15466)
02-16 14:26:22.045  1026  1106 I ActivityManager: Start proc sogou.mobile.explorer.hotwords for broadcast com.sohu.inputmethod.sogou/sogou.mobile.explorer.hotwords.browser.SogouBrowserInstallReceiver: pid=13328 uid=10171 gids={50171, 3003, 1028, 1015}
02-16 14:26:22.047  1026  1106 I ActivityManager: Killing 13033:com.wandoujia.phoenix2.usbproxy/u0a619 (adj 15): empty #9
02-16 14:26:22.048  1276  3135 W ContextImpl: Calling a method in the system process without a qualified user: android.app.ContextImpl.sendBroadcast:1252 android.content.ContextWrapper.sendBroadcast:365 com.motorola.motocare.util.TriggerHelper$TriggerBuilder.send:76 com.motorola.motocare.internal.frameworkevents.ProcessKillTrigger.sendTrigger:147 com.motorola.motocare.internal.frameworkevents.ProcessKillTrigger.handleFrameworkEvent:164 
02-16 14:26:22.086   271   271 I SFPerfTracer:      triggers: (rate: 3:68) (compose: 0:6) (post: 0:1) (render: 0:8) (0:1358 frames) (1:3544)
02-16 14:26:22.086   271   271 D SFPerfTracer:        layers: (3:12) (DimLayer: 0:28)* (FocusedStackFrame: 0:72)* (StatusBar: 0:524) (NavigationBar: 0:210) (com.android.systemui.ImageWallpaper: 0:27)* (com.android.launcher/com.android.launcher2.Launcher: 0:11)* (Starting com.comtop.mim: 0:34)* (com.comtop.mim/com.comtop.mim.ui.SplashActivity: 0:24)* (com.comtop.mim/com.comtop.mim.ui.MainActivity: 1:77) 
02-16 14:26:22.178  1026  1320 I ActivityManager: Start proc com.wandoujia.phoenix2.usbproxy for broadcast com.wandoujia.phoenix2.usbproxy/com.wandoujia.pmp.receivers.AppChangedReceiver: pid=13344 uid=10619 gids={50619, 3003, 1028, 1015}
02-16 14:26:22.179  1026  1320 I ActivityManager: Killing 13058:com.tencent.mobileqq:web/u0a703 (adj 15): empty #9
02-16 14:26:22.181  1276  3135 W ContextImpl: Calling a method in the system process without a qualified user: android.app.ContextImpl.sendBroadcast:1252 android.content.ContextWrapper.sendBroadcast:365 com.motorola.motocare.util.TriggerHelper$TriggerBuilder.send:76 com.motorola.motocare.internal.frameworkevents.ProcessKillTrigger.sendTrigger:147 com.motorola.motocare.internal.frameworkevents.ProcessKillTrigger.handleFrameworkEvent:164 
02-16 14:26:22.239  1026  1038 I ActivityManager: Killing 13095:com.tencent.mobileqq/u0a703 (adj 15): empty #9
02-16 14:26:22.241  1276  3135 W ContextImpl: Calling a method in the system process without a qualified user: android.app.ContextImpl.sendBroadcast:1252 android.content.ContextWrapper.sendBroadcast:365 com.motorola.motocare.util.TriggerHelper$TriggerBuilder.send:76 com.motorola.motocare.internal.frameworkevents.ProcessKillTrigger.sendTrigger:147 com.motorola.motocare.internal.frameworkevents.ProcessKillTrigger.handleFrameworkEvent:164 
02-16 14:26:22.319  1026  1320 I ActivityManager: Start proc com.tencent.mobileqq:web for broadcast com.tencent.mobileqq/com.tencent.open.business.base.appreport.AppReportReceiver: pid=13359 uid=10703 gids={50703, 3003, 3002, 3001, 1028, 1015}
02-16 14:26:22.342  1026  1320 I ActivityManager: Killing 13121:com.estrongs.android.pop/u0a102 (adj 15): empty #9
02-16 14:26:22.344  1276  3135 W ContextImpl: Calling a method in the system process without a qualified user: android.app.ContextImpl.sendBroadcast:1252 android.content.ContextWrapper.sendBroadcast:365 com.motorola.motocare.util.TriggerHelper$TriggerBuilder.send:76 com.motorola.motocare.internal.frameworkevents.ProcessKillTrigger.sendTrigger:147 com.motorola.motocare.internal.frameworkevents.ProcessKillTrigger.handleFrameworkEvent:164 
02-16 14:26:22.363  1026  1320 E WifiService: Multicaster binderDied
02-16 14:26:22.364  1026  1099 D WifiService: Client connection lost with reason: 4
02-16 14:26:22.366  1026  1038 W ActivityManager: Service ServiceRecord{42ddde30 u0 com.estrongs.android.pop/com.estrongs.android.ui.notification.ESTaskService} in process ProcessRecord{42b82430 13121:com.estrongs.android.pop/u0a102} not same as in map: null
02-16 14:26:22.519  1026  1038 I ActivityManager: Start proc com.tencent.mobileqq for content provider com.tencent.mobileqq/com.tencent.mqq.shared_file_accessor.ContentProviderImpl: pid=13381 uid=10703 gids={50703, 3003, 3002, 3001, 1028, 1015}
02-16 14:26:22.741  1026  1038 I ActivityManager: Start proc com.estrongs.android.pop for broadcast com.estrongs.android.pop/.app.InstallMonitorReceiver: pid=13408 uid=10102 gids={50102, 3003, 3002, 3001, 1028, 1015}
02-16 14:26:22.742  1026  1038 I ActivityManager: Killing 13197:com.google.android.partnersetup/u0a23 (adj 15): empty #9
02-16 14:26:22.742  1026  1038 I ActivityManager: Killing 13177:android.process.acore/u0a7 (adj 15): empty #10
02-16 14:26:22.744  1276  3135 W ContextImpl: Calling a method in the system process without a qualified user: android.app.ContextImpl.sendBroadcast:1252 android.content.ContextWrapper.sendBroadcast:365 com.motorola.motocare.util.TriggerHelper$TriggerBuilder.send:76 com.motorola.motocare.internal.frameworkevents.ProcessKillTrigger.sendTrigger:147 com.motorola.motocare.internal.frameworkevents.ProcessKillTrigger.handleFrameworkEvent:164 
02-16 14:26:22.745  1276  3135 W ContextImpl: Calling a method in the system process without a qualified user: android.app.ContextImpl.sendBroadcast:1252 android.content.ContextWrapper.sendBroadcast:365 com.motorola.motocare.util.TriggerHelper$TriggerBuilder.send:76 com.motorola.motocare.internal.frameworkevents.ProcessKillTrigger.sendTrigger:147 com.motorola.motocare.internal.frameworkevents.ProcessKillTrigger.handleFrameworkEvent:164 
02-16 14:26:22.922  1026  1317 I ActivityManager: START u0 {flg=0x10800000 cmp=com.estrongs.android.pop/.app.InstallMonitorActivity (has extras)} from pid 13408
02-16 14:26:22.938  1276  3135 W ContextImpl: Calling a method in the system process without a qualified user: android.app.ContextImpl.sendBroadcast:1252 android.content.ContextWrapper.sendBroadcast:365 com.motorola.motocare.util.TriggerHelper$TriggerBuilder.send:76 com.motorola.motocare.internal.frameworkevents.PauseResumeTrigger.handleFrameworkEvent:53 com.motorola.motocare.internal.frameworkevents.FwEventMonitor$FrameworkListener.processFrameworkEvent:114 
02-16 14:26:22.947  1276  3135 W ContextImpl: Calling a method in the system process without a qualified user: android.app.ContextImpl.sendBroadcast:1252 android.content.ContextWrapper.sendBroadcast:365 com.motorola.motocare.util.TriggerHelper$TriggerBuilder.send:76 com.motorola.motocare.internal.frameworkevents.PauseResumeTrigger.handleFrameworkEvent:53 com.motorola.motocare.internal.frameworkevents.FwEventMonitor$FrameworkListener.processFrameworkEvent:114 
02-16 14:26:22.977  1026  1099 D WifiService: New client listening to asynchronous messages
02-16 14:26:22.989  1026  1318 I ActivityManager: Start proc android.process.acore for broadcast com.android.providers.contacts/.PackageIntentReceiver: pid=13434 uid=10007 gids={50007, 3003, 1028, 1015, 1023}
02-16 14:26:23.023  1276  3135 W ContextImpl: Calling a method in the system process without a qualified user: android.app.ContextImpl.sendBroadcast:1252 android.content.ContextWrapper.sendBroadcast:365 com.motorola.motocare.util.TriggerHelper$TriggerBuilder.send:76 com.motorola.motocare.internal.frameworkevents.PauseResumeTrigger.handleFrameworkEvent:53 com.motorola.motocare.internal.frameworkevents.FwEventMonitor$FrameworkListener.processFrameworkEvent:114 
02-16 14:26:23.025  1026  1199 W InputMethodManagerService: Window already focused, ignoring focus gain of: com.android.internal.view.IInputMethodClient$Stub$Proxy@4239bbc8 attribute=null, token = android.os.BinderProxy@42a40408
02-16 14:26:23.028  1276  3135 W ContextImpl: Calling a method in the system process without a qualified user: android.app.ContextImpl.sendBroadcast:1252 android.content.ContextWrapper.sendBroadcast:365 com.motorola.motocare.util.TriggerHelper$TriggerBuilder.send:76 com.motorola.motocare.internal.frameworkevents.PauseResumeTrigger.handleFrameworkEvent:53 com.motorola.motocare.internal.frameworkevents.FwEventMonitor$FrameworkListener.processFrameworkEvent:114 
02-16 14:26:23.232  1026  1320 I ActivityManager: Killing 13215:com.motorola.MotGallery2/u0a31 (adj 15): empty #9
02-16 14:26:23.234  1276  3135 W ContextImpl: Calling a method in the system process without a qualified user: android.app.ContextImpl.sendBroadcast:1252 android.content.ContextWrapper.sendBroadcast:365 com.motorola.motocare.util.TriggerHelper$TriggerBuilder.send:76 com.motorola.motocare.internal.frameworkevents.ProcessKillTrigger.sendTrigger:147 com.motorola.motocare.internal.frameworkevents.ProcessKillTrigger.handleFrameworkEvent:164 
02-16 14:26:23.260  1026  1320 I ActivityManager: Killing 12788:com.google.android.apps.docs/u0a55 (adj 15): empty #9
02-16 14:26:23.262  1276  3135 W ContextImpl: Calling a method in the system process without a qualified user: android.app.ContextImpl.sendBroadcast:1252 android.content.ContextWrapper.sendBroadcast:365 com.motorola.motocare.util.TriggerHelper$TriggerBuilder.send:76 com.motorola.motocare.internal.frameworkevents.ProcessKillTrigger.sendTrigger:147 com.motorola.motocare.internal.frameworkevents.ProcessKillTrigger.handleFrameworkEvent:164 
02-16 14:26:23.285  1026  1199 I ActivityManager: Start proc com.google.android.apps.magazines for broadcast com.google.android.apps.magazines/com.google.apps.dots.android.app.receiver.FirstInstallNotificationReceiver: pid=13466 uid=10070 gids={50070, 3003, 1028, 1015}
02-16 14:26:23.590  1026  1106 I ActivityManager: Killing 13271:com.netease.vopen/u0a763 (adj 15): empty #9
02-16 14:26:23.592  1276  3135 W ContextImpl: Calling a method in the system process without a qualified user: android.app.ContextImpl.sendBroadcast:1252 android.content.ContextWrapper.sendBroadcast:365 com.motorola.motocare.util.TriggerHelper$TriggerBuilder.send:76 com.motorola.motocare.internal.frameworkevents.ProcessKillTrigger.sendTrigger:147 com.motorola.motocare.internal.frameworkevents.ProcessKillTrigger.handleFrameworkEvent:164 
02-16 14:26:26.409  1026  1038 I ActivityManager: Killing 12840:com.google.android.apps.plus/u0a83 (adj 15): empty #9
02-16 14:26:26.417  1276  3135 W ContextImpl: Calling a method in the system process without a qualified user: android.app.ContextImpl.sendBroadcast:1252 android.content.ContextWrapper.sendBroadcast:365 com.motorola.motocare.util.TriggerHelper$TriggerBuilder.send:76 com.motorola.motocare.internal.frameworkevents.ProcessKillTrigger.sendTrigger:147 com.motorola.motocare.internal.frameworkevents.ProcessKillTrigger.handleFrameworkEvent:164 
02-16 14:26:27.643   271   738 I SFPerfTracer:      triggers: (rate: 0:0) (623 sw vsyncs) (0 skipped) (18:10163 vsyncs) (20:15586)
02-16 14:26:34.808   271   738 I SFPerfTracer:      triggers: (rate: 0:0) (623 sw vsyncs) (0 skipped) (0:10192 vsyncs) (1:15687)
02-16 14:26:36.207  1026  1086 V AlarmManager: sending alarm Alarm{42cfc378 type 0 com.google.android.gms}
02-16 14:26:36.216  1026  1086 V AlarmManager: sending alarm Alarm{42d15518 type 0 com.android.vending}
02-16 14:26:36.484  1026  1060 I ActivityManager: Waited long enough for: ServiceRecord{42be9a98 u0 com.google.android.gms/.config.ConfigFetchService}
02-16 14:26:37.218  1026  1060 I ActivityManager: Waited long enough for: ServiceRecord{42b786b0 u0 com.google.android.gms/.wearable.service.WearableService}
02-16 14:26:40.680   271   738 I SFPerfTracer:      triggers: (rate: 0:0) (623 sw vsyncs) (0 skipped) (18:10238 vsyncs) (20:15790)
02-16 14:26:46.569   271   738 I SFPerfTracer:      triggers: (rate: 0:0) (623 sw vsyncs) (0 skipped) (6:10288 vsyncs) (8:15896)
02-16 14:26:51.236  1026  1060 I ActivityManager: Waited long enough for: ServiceRecord{42ccbae8 u0 com.google.android.gms/.checkin.EventLogService}
02-16 14:26:52.142   271   738 I SFPerfTracer:      triggers: (rate: 0:0) (623 sw vsyncs) (0 skipped) (0:10336 vsyncs) (1:15997)
02-16 14:26:56.522   271   738 I SFPerfTracer:      triggers: (rate: 0:0) (623 sw vsyncs) (0 skipped) (0:10398 vsyncs) (1:16098)
02-16 14:26:59.999  1026  1086 V AlarmManager: sending alarm Alarm{42d08368 type 3 android}
02-16 14:27:04.204   271   738 I SFPerfTracer:      triggers: (rate: 0:0) (623 sw vsyncs) (0 skipped) (0:10422 vsyncs) (1:16199)
02-16 14:27:10.474   271   738 I SFPerfTracer:      triggers: (rate: 0:0) (623 sw vsyncs) (0 skipped) (0:10464 vsyncs) (1:16300)
02-16 14:27:19.930   271   738 I SFPerfTracer:      triggers: (rate: 0:0) (623 sw vsyncs) (0 skipped) (0:10470 vsyncs) (1:16401)
02-16 14:27:25.105   271   738 I SFPerfTracer:      triggers: (rate: 0:0) (623 sw vsyncs) (0 skipped) (18:10539 vsyncs) (20:16517)
02-16 14:27:30.098   271   738 I SFPerfTracer:      triggers: (rate: 0:0) (623 sw vsyncs) (0 skipped) (18:10605 vsyncs) (20:16630)
02-16 14:27:36.186   271   738 I SFPerfTracer:      triggers: (rate: 0:0) (623 sw vsyncs) (0 skipped) (16:10658 vsyncs) (18:16742)
02-16 14:27:42.258   271   738 I SFPerfTracer:      triggers: (rate: 0:0) (623 sw vsyncs) (0 skipped) (18:10705 vsyncs) (20:16849)
02-16 14:27:50.022   271   738 I SFPerfTracer:      triggers: (rate: 0:0) (623 sw vsyncs) (0 skipped) (0:10730 vsyncs) (1:16950)
02-16 14:27:56.392   271   738 I SFPerfTracer:      triggers: (rate: 0:0) (623 sw vsyncs) (0 skipped) (18:10772 vsyncs) (20:17053)
02-16 14:28:00.000  1026  1086 V AlarmManager: sending alarm Alarm{42bc7728 type 3 android}
02-16 14:28:04.353   271   738 I SFPerfTracer:      triggers: (rate: 0:0) (623 sw vsyncs) (0 skipped) (18:10796 vsyncs) (20:17158)
02-16 14:28:05.618  1026  1086 V AlarmManager: sending alarm Alarm{42cfe740 type 3 com.motorola.bach.modemstats}
02-16 14:28:05.691  1026  1086 V AlarmManager: sending alarm Alarm{42cfc418 type 3 com.xianguo.pad}
02-16 14:28:05.709  1026  1086 I LaunchCheckinHandler: cleanup(): cleared. Last call was 102425 ms ago
02-16 14:28:05.710  1026  1086 I ActivityManager: Start proc com.xianguo.pad for service com.xianguo.pad/.push.FetchNewMsgService: pid=15057 uid=10473 gids={50473, 3003, 1028, 1015}
02-16 14:28:05.811  1026  1199 I ActivityManager: Killing 13328:sogou.mobile.explorer.hotwords/u0a171 (adj 15): empty #9
02-16 14:28:05.813  1276  3135 W ContextImpl: Calling a method in the system process without a qualified user: android.app.ContextImpl.sendBroadcast:1252 android.content.ContextWrapper.sendBroadcast:365 com.motorola.motocare.util.TriggerHelper$TriggerBuilder.send:76 com.motorola.motocare.internal.frameworkevents.ProcessKillTrigger.sendTrigger:147 com.motorola.motocare.internal.frameworkevents.ProcessKillTrigger.handleFrameworkEvent:164 
02-16 14:28:11.620   271   738 I SFPerfTracer:      triggers: (rate: 0:0) (623 sw vsyncs) (0 skipped) (0:10825 vsyncs) (1:17259)
02-16 14:28:20.479   271   738 I SFPerfTracer:      triggers: (rate: 0:0) (623 sw vsyncs) (0 skipped) (19:10850 vsyncs) (21:17371)
02-16 14:28:25.356   271   738 I SFPerfTracer:      triggers: (rate: 0:0) (623 sw vsyncs) (0 skipped) (6:10905 vsyncs) (8:17474)
02-16 14:28:30.632   271   738 I SFPerfTracer:      triggers: (rate: 0:0) (623 sw vsyncs) (0 skipped) (18:10967 vsyncs) (20:17584)
02-16 14:28:36.007   271   738 I SFPerfTracer:      triggers: (rate: 0:0) (623 sw vsyncs) (0 skipped) (0:11017 vsyncs) (1:17685)
02-16 14:28:41.482   271   738 I SFPerfTracer:      triggers: (rate: 0:0) (623 sw vsyncs) (0 skipped) (5:11070 vsyncs) (7:17790)
02-16 14:28:47.554   271   738 I SFPerfTracer:      triggers: (rate: 0:0) (623 sw vsyncs) (0 skipped) (0:11113 vsyncs) (1:17891)
02-16 14:28:50.692  1026  1199 W ActivityManager: Unable to start service Intent { act=com.sogouchat.im.IMsgService cmp=com.sogouchat/.os.MsgService } U=0: not found
02-16 14:28:54.837   271   738 I SFPerfTracer:      triggers: (rate: 0:0) (623 sw vsyncs) (0 skipped) (19:11162 vsyncs) (21:18010)
02-16 14:28:59.999  1026  1086 V AlarmManager: sending alarm Alarm{42b0f1e0 type 3 android}
02-16 14:29:00.050  1026  1060 I ProcessStatsService: Prepared write state in 32ms
02-16 14:29:02.495   271   738 I SFPerfTracer:      triggers: (rate: 0:0) (623 sw vsyncs) (0 skipped) (0:11186 vsyncs) (1:18111)
02-16 14:29:09.479   271   738 I SFPerfTracer:      triggers: (rate: 0:0) (623 sw vsyncs) (0 skipped) (0:11218 vsyncs) (1:18212)
02-16 14:29:17.839   271   738 I SFPerfTracer:      triggers: (rate: 0:0) (623 sw vsyncs) (0 skipped) (0:11237 vsyncs) (1:18313)
02-16 14:29:23.214   271   738 I SFPerfTracer:      triggers: (rate: 0:0) (623 sw vsyncs) (0 skipped) (0:11286 vsyncs) (1:18414)
02-16 14:29:30.496   271   738 I SFPerfTracer:      triggers: (rate: 0:0) (623 sw vsyncs) (0 skipped) (0:11316 vsyncs) (1:18515)
02-16 14:29:39.029  1026  1087 I WindowManager: Input event dispatching timed out sending to com.comtop.mim/com.comtop.mim.ui.MainActivity.  Reason: Waiting because the touched window has not finished processing the input events that were previously delivered to it.
02-16 14:29:39.377  1026  1107 E uevent  : select failed
02-16 14:29:42.175  1026  1060 E ActivityManager: ANR in com.comtop.mim (com.comtop.mim/.ui.MainActivity)
02-16 14:29:42.175  1026  1060 E ActivityManager: PID: 12863
02-16 14:29:42.175  1026  1060 E ActivityManager: Reason: Input dispatching timed out (Waiting because the touched window has not finished processing the input events that were previously delivered to it.)
02-16 14:29:42.175  1026  1060 E ActivityManager: Load: 14.35 / 14.33 / 14.26
02-16 14:29:42.175  1026  1060 E ActivityManager: CPU usage from 34039ms to 1858ms ago:
02-16 14:29:42.175  1026  1060 E ActivityManager:   15% 12863/com.comtop.mim: 14% user + 1% kernel / faults: 18003 minor
02-16 14:29:42.175  1026  1060 E ActivityManager:   2.8% 603/adbd: 0.1% user + 2.6% kernel / faults: 2271 minor
02-16 14:29:42.175  1026  1060 E ActivityManager:   0.9% 271/surfaceflinger: 0.2% user + 0.7% kernel / faults: 18 minor
02-16 14:29:42.175  1026  1060 E ActivityManager:   0.9% 1026/system_server: 0.3% user + 0.6% kernel / faults: 131 minor
02-16 14:29:42.175  1026  1060 E ActivityManager:   0.5% 1120/com.android.systemui: 0.4% user + 0.1% kernel / faults: 132 minor 1 major
02-16 14:29:42.175  1026  1060 E ActivityManager:   0.4% 27/kworker/0:1H: 0% user + 0.4% kernel
02-16 14:29:42.175  1026  1060 E ActivityManager:   0% 274/mediaserver: 0% user + 0% kernel / faults: 76 minor
02-16 14:29:42.175  1026  1060 E ActivityManager:   0.3% 1505/mpdecision: 0% user + 0.3% kernel
02-16 14:29:42.175  1026  1060 E ActivityManager:   0.2% 6344/kworker/0:1: 0% user + 0.2% kernel
02-16 14:29:42.175  1026  1060 E ActivityManager:   0.2% 3/ksoftirqd/0: 0% user + 0.2% kernel
02-16 14:29:42.175  1026  1060 E ActivityManager:   0.2% 3479/logcat: 0% user + 0.2% kernel / faults: 2 minor
02-16 14:29:42.175  1026  1060 E ActivityManager:   0.1% 1134/wpa_supplicant: 0% user + 0.1% kernel
02-16 14:29:42.175  1026  1060 E ActivityManager:   0.1% 7/kworker/u:0H: 0% user + 0.1% kernel
02-16 14:29:42.175  1026  1060 E ActivityManager:   0.1% 6807/kworker/u:14: 0% user + 0.1% kernel
02-16 14:29:42.175  1026  1060 E ActivityManager:   0% 84/kswapd0: 0% user + 0% kernel
02-16 14:29:42.175  1026  1060 E ActivityManager:   0% 148/mmcqd/0: 0% user + 0% kernel
02-16 14:29:42.175  1026  1060 E ActivityManager:   0% 479/sdcard: 0% user + 0% kernel / faults: 4 minor
02-16 14:29:42.175  1026  1060 E ActivityManager:   0% 1113/MC_Thread: 0% user + 0% kernel
02-16 14:29:42.175  1026  1060 E ActivityManager:   0% 3519/kworker/0:3: 0% user + 0% kernel
02-16 14:29:42.175  1026  1060 E ActivityManager:   0% 137/cfinteractive: 0% user + 0% kernel
02-16 14:29:42.175  1026  1060 E ActivityManager:   0% 2430/com.google.android.youtube: 0% user + 0% kernel / faults: 168 minor 1 major
02-16 14:29:42.175  1026  1060 E ActivityManager:   0% 12941/logcat: 0% user + 0% kernel / faults: 22 minor
02-16 14:29:42.175  1026  1060 E ActivityManager:   0% 33/kworker/u:1H: 0% user + 0% kernel
02-16 14:29:42.175  1026  1060 E ActivityManager:   0% 270/rild: 0% user + 0% kernel / faults: 3 minor
02-16 14:29:42.175  1026  1060 E ActivityManager:   0% 373/flush-179:0: 0% user + 0% kernel
02-16 14:29:42.175  1026  1060 E ActivityManager:   0% 604/mdss_fb0: 0% user + 0% kernel
02-16 14:29:42.175  1026  1060 E ActivityManager:   0% 1114/TX_Thread: 0% user + 0% kernel
02-16 14:29:42.175  1026  1060 E ActivityManager:   0% 1288/com.qualcomm.services.location: 0% user + 0% kernel / faults: 18 minor
02-16 14:29:42.175  1026  1060 E ActivityManager:   0% 1345/com.google.android.gms: 0% user + 0% kernel / faults: 18 minor
02-16 14:29:42.175  1026  1060 E ActivityManager:   0% 1398/com.google.process.gapps: 0% user + 0% kernel
02-16 14:29:42.175  1026  1060 E ActivityManager:   0% 1656/com.tencent.mobileqq:MSF: 0% user + 0% kernel / faults: 36 minor
02-16 14:29:42.175  1026  1060 E ActivityManager:   0% 2976/logcat: 0% user + 0% kernel / faults: 22 minor
02-16 14:29:42.175  1026  1060 E ActivityManager:   0% 3004/logcat: 0% user + 0% kernel / faults: 22 minor
02-16 14:29:42.175  1026  1060 E ActivityManager:   0% 5613/irq/337-synapti: 0% user + 0% kernel
02-16 14:29:42.175  1026  1060 E ActivityManager:   0% 7550/kworker/u:20: 0% user + 0% kernel
02-16 14:29:42.175  1026  1060 E ActivityManager:   0% 12899/com.comtop.mim:TcmsService: 0% user + 0% kernel
02-16 14:29:42.175  1026  1060 E ActivityManager:   0% 12952/logcat: 0% user + 0% kernel / faults: 22 minor
02-16 14:29:42.175  1026  1060 E ActivityManager:  +0% 16343/kworker/u:1: 0% user + 0% kernel
02-16 14:29:42.175  1026  1060 E ActivityManager:  +0% 16344/kworker/u:2: 0% user + 0% kernel
02-16 14:29:42.175  1026  1060 E ActivityManager:  +0% 16345/kworker/u:3: 0% user + 0% kernel
02-16 14:29:42.175  1026  1060 E ActivityManager:  +0% 16346/kworker/u:4: 0% user + 0% kernel
02-16 14:29:42.175  1026  1060 E ActivityManager:  +0% 16347/kworker/u:5: 0% user + 0% kernel
02-16 14:29:42.175  1026  1060 E ActivityManager:  +0% 16348/kworker/u:6: 0% user + 0% kernel
02-16 14:29:42.175  1026  1060 E ActivityManager:  +0% 16349/kworker/u:7: 0% user + 0% kernel
02-16 14:29:42.175  1026  1060 E ActivityManager:  +0% 16350/kworker/u:9: 0% user + 0% kernel
02-16 14:29:42.175  1026  1060 E ActivityManager:  +0% 16351/kworker/u:10: 0% user + 0% kernel
02-16 14:29:42.175  1026  1060 E ActivityManager:  +0% 16352/kworker/u:11: 0% user + 0% kernel
02-16 14:29:42.175  1026  1060 E ActivityManager:  +0% 16353/kworker/u:12: 0% user + 0% kernel
02-16 14:29:42.175  1026  1060 E ActivityManager:  +0% 16354/kworker/u:16: 0% user + 0% kernel
02-16 14:29:42.175  1026  1060 E ActivityManager:  +0% 16355/kworker/u:17: 0% user + 0% kernel
02-16 14:29:42.175  1026  1060 E ActivityManager:  +0% 16356/kworker/u:18: 0% user + 0% kernel
02-16 14:29:42.175  1026  1060 E ActivityManager:  +0% 16357/kworker/u:19: 0% user + 0% kernel
02-16 14:29:42.175  1026  1060 E ActivityManager:  +0% 16359/migration/1: 0% user + 0% kernel
02-16 14:29:42.175  1026  1060 E ActivityManager:  +0% 16360/kworker/1:0: 0% user + 0% kernel
02-16 14:29:42.175  1026  1060 E ActivityManager:  +0% 16361/kworker/1:0H: 0% user + 0% kernel
02-16 14:29:42.175  1026  1060 E ActivityManager:  +0% 16362/ksoftirqd/1: 0% user + 0% kernel
02-16 14:29:42.175  1026  1060 E ActivityManager:  +0% 16365/kworker/1:1: 0% user + 0% kernel
02-16 14:29:42.175  1026  1060 E ActivityManager: 0.-1% TOTAL: 0% user + 0% kernel + 0% softirq
02-16 14:29:42.175  1026  1060 E ActivityManager: CPU usage from 2556ms to 3086ms later:
02-16 14:29:42.175  1026  1060 E ActivityManager:   98% 12863/com.comtop.mim: 96% user + 1.8% kernel / faults: 3690 minor
02-16 14:29:42.175  1026  1060 E ActivityManager:     96% 12863/com.comtop.mim: 94% user + 1.8% kernel
02-16 14:29:42.175  1026  1060 E ActivityManager:   11% 1026/system_server: 3.7% user + 7.5% kernel / faults: 105 minor
02-16 14:29:42.175  1026  1060 E ActivityManager:     5.6% 1060/ActivityManager: 0% user + 5.6% kernel
02-16 14:29:42.175  1026  1060 E ActivityManager:     3.7% 1085/PowerManagerSer: 3.7% user + 0% kernel
02-16 14:29:42.175  1026  1060 E ActivityManager:     1.8% 1033/Compiler: 0% user + 1.8% kernel
02-16 14:29:42.175  1026  1060 E ActivityManager:   1.8% 84/kswapd0: 0% user + 1.8% kernel
02-16 14:29:42.175  1026  1060 E ActivityManager:   0.9% 8/migration/0: 0% user + 0.9% kernel
02-16 14:29:42.175  1026  1060 E ActivityManager:   1.8% 271/surfaceflinger: 0% user + 1.8% kernel
02-16 14:29:42.175  1026  1060 E ActivityManager:     1.8% 394/DispSync: 1.8% user + 0% kernel
02-16 14:29:42.175  1026  1060 E ActivityManager:   1.8% 603/adbd: 0% user + 1.8% kernel / faults: 39 minor
02-16 14:29:42.175  1026  1060 E ActivityManager: 0% TOTAL: 0% user + 0% kernel + 0% iowait
02-16 14:29:42.290   271   738 I SFPerfTracer:      triggers: (rate: 0:0) (623 sw vsyncs) (0 skipped) (114:11488 vsyncs) (116:18721)
02-16 14:29:51.679   271   738 I SFPerfTracer:      triggers: (rate: 0:0) (623 sw vsyncs) (0 skipped) (18:11576 vsyncs) (20:18826)
02-16 14:29:59.999  1026  1086 V AlarmManager: sending alarm Alarm{42e720e0 type 3 android}
02-16 14:30:11.685   271   738 I SFPerfTracer:      triggers: (rate: 0:0) (623 sw vsyncs) (0 skipped) (7:11666 vsyncs) (9:18933)
02-16 14:30:16.917   271   271 I SFPerfTracer:      triggers: (rate: 3:70) (compose: 0:6) (post: 0:1) (render: 0:8) (0:1408 frames) (1:3644)
02-16 14:30:16.917   271   271 D SFPerfTracer:        layers: (3:10) (DimLayer: 0:28)* (FocusedStackFrame: 0:74)* (StatusBar: 1:531) (NavigationBar: 0:210) (com.android.systemui.ImageWallpaper: 0:27)* (DimLayer: 0:39)* (com.comtop.mim/com.comtop.mim.ui.MainActivity: 0:99) (Application Not Responding: com.comtop.mim: 0:59)* 
02-16 14:30:18.630  1026  1087 I WindowManager: Input event dispatching timed out sending to com.comtop.mim/com.comtop.mim.ui.MainActivity.  Reason: Waiting because the touched window has not finished processing the input events that were previously delivered to it.
02-16 14:30:18.988  1026  1107 E uevent  : select failed
02-16 14:30:21.368  1026  1060 E ActivityManager: ANR in com.comtop.mim (com.comtop.mim/.ui.MainActivity)
02-16 14:30:21.368  1026  1060 E ActivityManager: PID: 12863
02-16 14:30:21.368  1026  1060 E ActivityManager: Reason: Input dispatching timed out (Waiting because the touched window has not finished processing the input events that were previously delivered to it.)
02-16 14:30:21.368  1026  1060 E ActivityManager: Load: 15.07 / 14.52 / 14.33
02-16 14:30:21.368  1026  1060 E ActivityManager: CPU usage from 13639ms to 1336ms ago:
02-16 14:30:21.368  1026  1060 E ActivityManager:   92% 12863/com.comtop.mim: 89% user + 2.8% kernel / faults: 62702 minor
02-16 14:30:21.368  1026  1060 E ActivityManager:   5.8% 479/sdcard: 0.1% user + 5.6% kernel
02-16 14:30:21.368  1026  1060 E ActivityManager:   3% 603/adbd: 0% user + 3% kernel / faults: 873 minor
02-16 14:30:21.368  1026  1060 E ActivityManager:   2.1% 3479/logcat: 1% user + 1.1% kernel
02-16 14:30:21.368  1026  1060 E ActivityManager:   1.6% 2976/logcat: 0.8% user + 0.8% kernel
02-16 14:30:21.368  1026  1060 E ActivityManager:   1.6% 12941/logcat: 0.7% user + 0.8% kernel
02-16 14:30:21.368  1026  1060 E ActivityManager:   1.6% 12952/logcat: 0.7% user + 0.8% kernel
02-16 14:30:21.368  1026  1060 E ActivityManager:   1.5% 3004/logcat: 0.5% user + 0.9% kernel
02-16 14:30:21.368  1026  1060 E ActivityManager:   1% 1026/system_server: 0.4% user + 0.5% kernel / faults: 103 minor
02-16 14:30:21.368  1026  1060 E ActivityManager:   0.2% 274/mediaserver: 0% user + 0.1% kernel / faults: 88 minor 44 major
02-16 14:30:21.368  1026  1060 E ActivityManager:   0.5% 271/surfaceflinger: 0.4% user + 0.1% kernel / faults: 3 minor
02-16 14:30:21.368  1026  1060 E ActivityManager:   0.4% 1505/mpdecision: 0% user + 0.4% kernel
02-16 14:30:21.368  1026  1060 E ActivityManager:   0.3% 3519/kworker/0:3: 0% user + 0.3% kernel
02-16 14:30:21.368  1026  1060 E ActivityManager:   0.3% 16365/kworker/1:1: 0% user + 0.3% kernel
02-16 14:30:21.368  1026  1060 E ActivityManager:   0.2% 1120/com.android.systemui: 0.2% user + 0% kernel / faults: 33 minor
02-16 14:30:21.368  1026  1060 E ActivityManager:   0.1% 3/ksoftirqd/0: 0% user + 0.1% kernel
02-16 14:30:21.368  1026  1060 E ActivityManager:   0.1% 16362/ksoftirqd/1: 0.1% user + 0% kernel
02-16 14:30:21.368  1026  1060 E ActivityManager:   0% 7/kworker/u:0H: 0% user + 0% kernel
02-16 14:30:21.368  1026  1060 E ActivityManager:   0% 27/kworker/0:1H: 0% user + 0% kernel
02-16 14:30:21.368  1026  1060 E ActivityManager:   0% 33/kworker/u:1H: 0% user + 0% kernel
02-16 14:30:21.368  1026  1060 E ActivityManager:   0% 1134/wpa_supplicant: 0% user + 0% kernel
02-16 14:30:21.368  1026  1060 E ActivityManager:   0% 1656/com.tencent.mobileqq:MSF: 0% user + 0% kernel / faults: 5 minor
02-16 14:30:21.368  1026  1060 E ActivityManager:   0% 6344/kworker/0:1: 0% user + 0% kernel
02-16 14:30:21.368  1026  1060 E ActivityManager:   0% 15208/kworker/0:0: 0% user + 0% kernel
02-16 14:30:21.368  1026  1060 E ActivityManager:   0% 16345/kworker/u:3: 0% user + 0% kernel
02-16 14:30:21.368  1026  1060 E ActivityManager:   0% 16346/kworker/u:4: 0% user + 0% kernel
02-16 14:30:21.368  1026  1060 E ActivityManager:   0% 16349/kworker/u:7: 0% user + 0% kernel
02-16 14:30:21.368  1026  1060 E ActivityManager:   0% 16359/migration/1: 0% user + 0% kernel
02-16 14:30:21.368  1026  1060 E ActivityManager:  +0% 17177/kworker/1:2: 0% user + 0% kernel
02-16 14:30:21.368  1026  1060 E ActivityManager: 34% TOTAL: 28% user + 5.6% kernel + 0% iowait
02-16 14:30:21.368  1026  1060 E ActivityManager: CPU usage from 2142ms to 2679ms later:
02-16 14:30:21.368  1026  1060 E ActivityManager:   94% 12863/com.comtop.mim: 88% user + 5.5% kernel / faults: 2970 minor
02-16 14:30:21.368  1026  1060 E ActivityManager:     94% 12863/com.comtop.mim: 88% user + 5.5% kernel
02-16 14:30:21.368  1026  1060 E ActivityManager:   9.2% 1026/system_server: 7.4% user + 1.8% kernel / faults: 36 minor
02-16 14:30:21.368  1026  1060 E ActivityManager:     5.5% 1060/ActivityManager: 3.7% user + 1.8% kernel
02-16 14:30:21.368  1026  1060 E ActivityManager:     1.8% 1033/Compiler: 1.8% user + 0% kernel
02-16 14:30:21.368  1026  1060 E ActivityManager:     1.8% 1085/PowerManagerSer: 1.8% user + 0% kernel
02-16 14:30:21.368  1026  1060 E ActivityManager:   5.5% 479/sdcard: 0% user + 5.5% kernel
02-16 14:30:21.368  1026  1060 E ActivityManager:     3.7% 574/sdcard: 0% user + 3.7% kernel
02-16 14:30:21.368  1026  1060 E ActivityManager:     1.8% 575/sdcard: 0% user + 1.8% kernel
02-16 14:30:21.368  1026  1060 E ActivityManager:   2.5% 2976/logcat: 0% user + 2.5% kernel
02-16 14:30:21.368  1026  1060 E ActivityManager:   1.8% 271/surfaceflinger: 1.8% user + 0% kernel
02-16 14:30:21.368  1026  1060 E ActivityManager:     1.8% 394/DispSync: 1.8% user + 0% kernel
02-16 14:30:21.368  1026  1060 E ActivityManager:     1.8% 738/EventThread: 0% user + 1.8% kernel
02-16 14:30:21.368  1026  1060 E ActivityManager:     1.8% 837/Binder_4: 0% user + 1.8% kernel
02-16 14:30:21.368  1026  1060 E ActivityManager:   1.8% 603/adbd: 1.8% user + 0% kernel / faults: 39 minor
02-16 14:30:21.368  1026  1060 E ActivityManager:     1.8% 603/adbd: 0% user + 1.8% kernel
02-16 14:30:21.368  1026  1060 E ActivityManager:   1.1% 1120/com.android.systemui: 1.1% user + 0% kernel
02-16 14:30:21.368  1026  1060 E ActivityManager:     1.1% 1120/ndroid.systemui: 1.1% user + 0% kernel
02-16 14:30:21.368  1026  1060 E ActivityManager:   1.2% 1505/mpdecision: 0% user + 1.2% kernel
02-16 14:30:21.368  1026  1060 E ActivityManager:   1.2% 3004/logcat: 0% user + 1.2% kernel
02-16 14:30:21.368  1026  1060 E ActivityManager:   1.8% 3479/logcat: 0% user + 1.8% kernel
02-16 14:30:21.368  1026  1060 E ActivityManager:   1.8% 12941/logcat: 0% user + 1.8% kernel
02-16 14:30:21.368  1026  1060 E ActivityManager:   1.8% 12952/logcat: 0% user + 1.8% kernel
02-16 14:30:21.368  1026  1060 E ActivityManager:   1.3% 16346/kworker/u:4: 1.3% user + 0% kernel
02-16 14:30:21.368  1026  1060 E ActivityManager:  +0% 17261/migration/2: 0% user + 0% kernel
02-16 14:30:21.368  1026  1060 E ActivityManager:  +0% 17262/kworker/2:0: 0% user + 0% kernel
02-16 14:30:21.368  1026  1060 E ActivityManager:  +0% 17263/kworker/2:0H: 0% user + 0% kernel
02-16 14:30:21.368  1026  1060 E ActivityManager:  +0% 17264/ksoftirqd/2: 0% user + 0% kernel
02-16 14:30:21.368  1026  1060 E ActivityManager:  +0% 17267/kworker/2:1: 0% user + 0% kernel
02-16 14:30:21.368  1026  1060 E ActivityManager: 0% TOTAL: 0% user + 0% kernel + 0% iowait
02-16 14:30:21.489   271   738 I SFPerfTracer:      triggers: (rate: 0:1) (623 sw vsyncs) (0 skipped) (101:11811 vsyncs) (103:19090)
02-16 14:30:43.716   271   738 I SFPerfTracer:      triggers: (rate: 0:1) (623 sw vsyncs) (0 skipped) (18:11900 vsyncs) (20:19196)
02-16 14:30:47.770  1026  1086 V AlarmManager: sending alarm Alarm{42cf9c90 type 3 android}
02-16 14:30:47.771  1026  1086 V AlarmManager: sending alarm Alarm{42cf3400 type 2 android}
02-16 14:30:47.772  1026  1086 V AlarmManager: sending alarm Alarm{42cf31f8 type 2 com.motorola.ccc.cce}
02-16 14:30:47.773  1026  1086 V AlarmManager: sending alarm Alarm{42cf1df8 type 1 com.netease.vopen}
02-16 14:31:00.000  1026  1086 V AlarmManager: sending alarm Alarm{42583448 type 3 android}
02-16 14:31:03.738   271   738 I SFPerfTracer:      triggers: (rate: 0:1) (623 sw vsyncs) (0 skipped) (18:11994 vsyncs) (20:19307)
02-16 14:31:07.895  1026  1100 D ConnectivityService: Sampling interval elapsed, updating statistics ..
02-16 14:31:07.908  1026  1100 D ConnectivityService: Done.
02-16 14:31:07.908  1026  1100 D ConnectivityService: Setting timer for 720seconds
--------- beginning of /dev/log/main
02-16 14:31:09.737 12863 12863 I dalvikvm:   at dalvik.system.NativeStart.main(Native Method)
02-16 14:31:09.737 12863 12863 I dalvikvm: 
02-16 14:31:09.911 12863 12863 I dalvikvm-heap: Clamp target GC heap from 100.000MB to 96.000MB
02-16 14:31:09.912 12863 12863 D dalvikvm: GC_FOR_ALLOC freed 1K, 5% free 94109K/98304K, paused 175ms, total 175ms
02-16 14:31:09.912 12863 12863 I dalvikvm-heap: Forcing collection of SoftReferences for 235372-byte allocation
02-16 14:31:10.098 12863 12863 I dalvikvm-heap: Clamp target GC heap from 100.000MB to 96.000MB
02-16 14:31:10.098 12863 12863 D dalvikvm: GC_BEFORE_OOM freed 0K, 5% free 94109K/98304K, paused 186ms, total 186ms
02-16 14:31:10.098 12863 12863 E dalvikvm-heap: Out of memory on a 235372-byte allocation.
02-16 14:31:10.098 12863 12863 I dalvikvm: "main" prio=5 tid=1 RUNNABLE
02-16 14:31:10.099 12863 12863 I dalvikvm:   | group="main" sCount=0 dsCount=0 obj=0x416dbe40 self=0x415fd500
02-16 14:31:10.099 12863 12863 I dalvikvm:   | sysTid=12863 nice=0 sched=0/0 cgrp=apps handle=1074540884
02-16 14:31:10.099 12863 12863 I dalvikvm:   | state=R schedstat=( 0 0 0 ) utm=9059 stm=389 core=0
02-16 14:31:10.099 12863 12863 I dalvikvm:   at java.util.ArrayList.add(ArrayList.java:~118)
02-16 14:31:10.099 12863 12863 I dalvikvm:   at com.alibaba.mobileim.lib.presenter.conversation.Conversation.generateSpell(Conversation.java:1581)
02-16 14:31:10.099 12863 12863 I dalvikvm:   at com.alibaba.mobileim.kit.conversation.ConversationAdapter.doIndexSpell(ConversationAdapter.java:652)
02-16 14:31:10.100 12863 12863 I dalvikvm:   at com.alibaba.mobileim.kit.conversation.ConversationAdapter.getView(ConversationAdapter.java:605)
02-16 14:31:10.100 12863 12863 I dalvikvm:   at android.widget.HeaderViewListAdapter.getView(HeaderViewListAdapter.java:220)
02-16 14:31:10.101 12863 12863 I dalvikvm:   at android.widget.AbsListView.obtainView(AbsListView.java:2255)
02-16 14:31:10.101 12863 12863 I dalvikvm:   at android.widget.ListView.makeAndAddView(ListView.java:1790)
02-16 14:31:10.101 12863 12863 I dalvikvm:   at android.widget.ListView.fillDown(ListView.java:691)
02-16 14:31:10.101 12863 12863 I dalvikvm:   at android.widget.ListView.fillFromTop(ListView.java:752)
02-16 14:31:10.102 12863 12863 I dalvikvm:   at android.widget.ListView.layoutChildren(ListView.java:1630)
02-16 14:31:10.102 12863 12863 I dalvikvm:   at com.alibaba.mobileim.fundamental.widget.refreshlist.PullToRefreshListView$InternalListView.layoutChildren(PullToRefreshListView.java:305)
02-16 14:31:10.102 12863 12863 I dalvikvm:   at android.widget.AbsListView.onLayout(AbsListView.java:2087)
02-16 14:31:10.103 12863 12863 I dalvikvm:   at android.view.View.layout(View.java:14860)
02-16 14:31:10.103 12863 12863 I dalvikvm:   at android.view.ViewGroup.layout(ViewGroup.java:4643)
02-16 14:31:10.103 12863 12863 I dalvikvm:   at android.widget.FrameLayout.layoutChildren(FrameLayout.java:453)
02-16 14:31:10.103 12863 12863 I dalvikvm:   at android.widget.FrameLayout.onLayout(FrameLayout.java:388)
02-16 14:31:10.104 12863 12863 I dalvikvm:   at android.view.View.layout(View.java:14860)
02-16 14:31:10.104 12863 12863 I dalvikvm:   at android.view.ViewGroup.layout(ViewGroup.java:4643)
02-16 14:31:10.104 12863 12863 I dalvikvm:   at android.widget.LinearLayout.setChildFrame(LinearLayout.java:1671)
02-16 14:31:10.105 12863 12863 I dalvikvm:   at android.widget.LinearLayout.layoutVertical(LinearLayout.java:1525)
02-16 14:31:10.105 12863 12863 I dalvikvm:   at android.widget.LinearLayout.onLayout(LinearLayout.java:1434)
02-16 14:31:10.105 12863 12863 I dalvikvm:   at android.view.View.layout(View.java:14860)
02-16 14:31:10.105 12863 12863 I dalvikvm:   at android.view.ViewGroup.layout(ViewGroup.java:4643)
02-16 14:31:10.105 12863 12863 I dalvikvm:   at android.widget.RelativeLayout.onLayout(RelativeLayout.java:1055)
02-16 14:31:10.106 12863 12863 I dalvikvm:   at android.view.View.layout(View.java:14860)
02-16 14:31:10.106 12863 12863 I dalvikvm:   at android.view.ViewGroup.layout(ViewGroup.java:4643)
02-16 14:31:10.106 12863 12863 I dalvikvm:   at android.widget.FrameLayout.layoutChildren(FrameLayout.java:453)
02-16 14:31:10.106 12863 12863 I dalvikvm:   at android.widget.FrameLayout.onLayout(FrameLayout.java:388)
02-16 14:31:10.106 12863 12863 I dalvikvm:   at android.view.View.layout(View.java:14860)
02-16 14:31:10.106 12863 12863 I dalvikvm:   at android.view.ViewGroup.layout(ViewGroup.java:4643)
02-16 14:31:10.107 12863 12863 I dalvikvm:   at android.widget.FrameLayout.layoutChildren(FrameLayout.java:453)
02-16 14:31:10.107 12863 12863 I dalvikvm:   at android.widget.FrameLayout.onLayout(FrameLayout.java:388)
02-16 14:31:10.107 12863 12863 I dalvikvm:   at android.view.View.layout(View.java:14860)
02-16 14:31:10.107 12863 12863 I dalvikvm:   at android.view.ViewGroup.layout(ViewGroup.java:4643)
02-16 14:31:10.107 12863 12863 I dalvikvm:   at android.widget.FrameLayout.layoutChildren(FrameLayout.java:453)
02-16 14:31:10.107 12863 12863 I dalvikvm:   at android.widget.FrameLayout.onLayout(FrameLayout.java:388)
02-16 14:31:10.108 12863 12863 I dalvikvm:   at android.view.View.layout(View.java:14860)
02-16 14:31:10.108 12863 12863 I dalvikvm:   at android.view.ViewGroup.layout(ViewGroup.java:4643)
02-16 14:31:10.108 12863 12863 I dalvikvm:   at android.widget.FrameLayout.layoutChildren(FrameLayout.java:453)
02-16 14:31:10.108 12863 12863 I dalvikvm:   at android.widget.FrameLayout.onLayout(FrameLayout.java:388)
02-16 14:31:10.109 12863 12863 I dalvikvm:   at android.view.View.layout(View.java:14860)
02-16 14:31:10.109 12863 12863 I dalvikvm:   at android.view.ViewGroup.layout(ViewGroup.java:4643)
02-16 14:31:10.109 12863 12863 I dalvikvm:   at android.widget.RelativeLayout.onLayout(RelativeLayout.java:1055)
02-16 14:31:10.109 12863 12863 I dalvikvm:   at android.view.View.layout(View.java:14860)
02-16 14:31:10.109 12863 12863 I dalvikvm:   at android.view.ViewGroup.layout(ViewGroup.java:4643)
02-16 14:31:10.110 12863 12863 I dalvikvm:   at android.widget.LinearLayout.setChildFrame(LinearLayout.java:1671)
02-16 14:31:10.110 12863 12863 I dalvikvm:   at android.widget.LinearLayout.layoutVertical(LinearLayout.java:1525)
02-16 14:31:10.110 12863 12863 I dalvikvm:   at android.widget.LinearLayout.onLayout(LinearLayout.java:1434)
02-16 14:31:10.110 12863 12863 I dalvikvm:   at android.view.View.layout(View.java:14860)
02-16 14:31:10.110 12863 12863 I dalvikvm:   at android.view.ViewGroup.layout(ViewGroup.java:4643)
02-16 14:31:10.110 12863 12863 I dalvikvm:   at android.widget.FrameLayout.layoutChildren(FrameLayout.java:453)
02-16 14:31:10.111 12863 12863 I dalvikvm:   at android.widget.FrameLayout.onLayout(FrameLayout.java:388)
02-16 14:31:10.111 12863 12863 I dalvikvm:   at android.view.View.layout(View.java:14860)
02-16 14:31:10.111 12863 12863 I dalvikvm:   at android.view.ViewGroup.layout(ViewGroup.java:4643)
02-16 14:31:10.111 12863 12863 I dalvikvm:   at android.widget.LinearLayout.setChildFrame(LinearLayout.java:1671)
02-16 14:31:10.111 12863 12863 I dalvikvm:   at android.widget.LinearLayout.layoutVertical(LinearLayout.java:1525)
02-16 14:31:10.111 12863 12863 I dalvikvm:   at android.widget.LinearLayout.onLayout(LinearLayout.java:1434)
02-16 14:31:10.112 12863 12863 I dalvikvm:   at android.view.View.layout(View.java:14860)
02-16 14:31:10.112 12863 12863 I dalvikvm:   at android.view.ViewGroup.layout(ViewGroup.java:4643)
02-16 14:31:10.112 12863 12863 I dalvikvm:   at android.widget.FrameLayout.layoutChildren(FrameLayout.java:453)
02-16 14:31:10.112 12863 12863 I dalvikvm:   at android.widget.FrameLayout.onLayout(FrameLayout.java:388)
02-16 14:31:10.112 12863 12863 I dalvikvm:   at android.view.View.layout(View.java:14860)
02-16 14:31:10.112 12863 12863 I dalvikvm:   at android.view.ViewGroup.layout(ViewGroup.java:4643)
02-16 14:31:10.113 12863 12863 I dalvikvm:   at android.view.ViewRootImpl.performLayout(ViewRootImpl.java:2013)
02-16 14:31:10.113 12863 12863 I dalvikvm:   at android.view.ViewRootImpl.performTraversals(ViewRootImpl.java:1770)
02-16 14:31:10.113 12863 12863 I dalvikvm:   at android.view.ViewRootImpl.doTraversal(ViewRootImpl.java:1019)
02-16 14:31:10.113 12863 12863 I dalvikvm:   at android.view.ViewRootImpl$TraversalRunnable.run(ViewRootImpl.java:5725)
02-16 14:31:10.113 12863 12863 I dalvikvm:   at android.view.Choreographer$CallbackRecord.run(Choreographer.java:761)
02-16 14:31:10.113 12863 12863 I dalvikvm:   at android.view.Choreographer.doCallbacks(Choreographer.java:574)
02-16 14:31:10.114 12863 12863 I dalvikvm:   at android.view.Choreographer.doFrame(Choreographer.java:544)
02-16 14:31:10.114 12863 12863 I dalvikvm:   at android.view.Choreographer$FrameDisplayEventReceiver.run(Choreographer.java:747)
02-16 14:31:10.114 12863 12863 I dalvikvm:   at android.os.Handler.handleCallback(Handler.java:733)
02-16 14:31:10.114 12863 12863 I dalvikvm:   at android.os.Handler.dispatchMessage(Handler.java:95)
02-16 14:31:10.114 12863 12863 I dalvikvm:   at android.os.Looper.loop(Looper.java:136)
02-16 14:31:10.115 12863 12863 I dalvikvm:   at android.app.ActivityThread.main(ActivityThread.java:5086)
02-16 14:31:10.115 12863 12863 I dalvikvm:   at java.lang.reflect.Method.invokeNative(Native Method)
02-16 14:31:10.115 12863 12863 I dalvikvm:   at java.lang.reflect.Method.invoke(Method.java:515)
02-16 14:31:10.115 12863 12863 I dalvikvm:   at com.android.internal.os.ZygoteInit$MethodAndArgsCaller.run(ZygoteInit.java:785)
02-16 14:31:10.115 12863 12863 I dalvikvm:   at com.android.internal.os.ZygoteInit.main(ZygoteInit.java:601)
02-16 14:31:10.115 12863 12863 I dalvikvm:   at dalvik.system.NativeStart.main(Native Method)
02-16 14:31:10.116 12863 12863 I dalvikvm: 
02-16 14:31:10.280 12863 12863 I dalvikvm-heap: Clamp target GC heap from 100.000MB to 96.000MB
02-16 14:31:10.280 12863 12863 D dalvikvm: GC_FOR_ALLOC freed 1K, 5% free 94109K/98304K, paused 164ms, total 164ms
02-16 14:31:10.281 12863 12863 I dalvikvm-heap: Forcing collection of SoftReferences for 235372-byte allocation
02-16 14:31:10.394  1026  1096 D WifiStateMachine: handleMessage: E msg.what=131155
02-16 14:31:10.394  1026  1096 D WifiStateMachine: processMsg: ConnectedState
02-16 14:31:10.395  1026  1096 D WifiStateMachine: processMsg: L2ConnectedState
02-16 14:31:10.407  1026  1096 D WifiStateMachine: handleMessage: X
02-16 14:31:10.467 12863 12863 I dalvikvm-heap: Clamp target GC heap from 100.000MB to 96.000MB
02-16 14:31:10.467 12863 12863 D dalvikvm: GC_BEFORE_OOM freed 0K, 5% free 94109K/98304K, paused 186ms, total 186ms
02-16 14:31:10.467 12863 12863 E dalvikvm-heap: Out of memory on a 235372-byte allocation.
02-16 14:31:10.468 12863 12863 I dalvikvm: "main" prio=5 tid=1 RUNNABLE
02-16 14:31:10.468 12863 12863 I dalvikvm:   | group="main" sCount=0 dsCount=0 obj=0x416dbe40 self=0x415fd500
02-16 14:31:10.468 12863 12863 I dalvikvm:   | sysTid=12863 nice=0 sched=0/0 cgrp=apps handle=1074540884
02-16 14:31:10.468 12863 12863 I dalvikvm:   | state=R schedstat=( 0 0 0 ) utm=9093 stm=390 core=0
02-16 14:31:10.469 12863 12863 I dalvikvm:   at java.util.ArrayList.add(ArrayList.java:~118)
02-16 14:31:10.469 12863 12863 I dalvikvm:   at com.alibaba.mobileim.lib.presenter.conversation.Conversation.generateSpell(Conversation.java:1581)
02-16 14:31:10.470 12863 12863 I dalvikvm:   at com.alibaba.mobileim.kit.conversation.ConversationAdapter.doIndexSpell(ConversationAdapter.java:652)
02-16 14:31:10.470 12863 12863 I dalvikvm:   at com.alibaba.mobileim.kit.conversation.ConversationAdapter.getView(ConversationAdapter.java:605)
02-16 14:31:10.471 12863 12863 I dalvikvm:   at android.widget.HeaderViewListAdapter.getView(HeaderViewListAdapter.java:220)
02-16 14:31:10.471 12863 12863 I dalvikvm:   at android.widget.AbsListView.obtainView(AbsListView.java:2255)
02-16 14:31:10.472 12863 12863 I dalvikvm:   at android.widget.ListView.makeAndAddView(ListView.java:1790)
02-16 14:31:10.472 12863 12863 I dalvikvm:   at android.widget.ListView.fillDown(ListView.java:691)
02-16 14:31:10.473 12863 12863 I dalvikvm:   at android.widget.ListView.fillFromTop(ListView.java:752)
02-16 14:31:10.473 12863 12863 I dalvikvm:   at android.widget.ListView.layoutChildren(ListView.java:1630)
02-16 14:31:10.473 12863 12863 I dalvikvm:   at com.alibaba.mobileim.fundamental.widget.refreshlist.PullToRefreshListView$InternalListView.layoutChildren(PullToRefreshListView.java:305)
02-16 14:31:10.474 12863 12863 I dalvikvm:   at android.widget.AbsListView.onLayout(AbsListView.java:2087)
02-16 14:31:10.474 12863 12863 I dalvikvm:   at android.view.View.layout(View.java:14860)
02-16 14:31:10.474 12863 12863 I dalvikvm:   at android.view.ViewGroup.layout(ViewGroup.java:4643)
02-16 14:31:10.475 12863 12863 I dalvikvm:   at android.widget.FrameLayout.layoutChildren(FrameLayout.java:453)
02-16 14:31:10.475 12863 12863 I dalvikvm:   at android.widget.FrameLayout.onLayout(FrameLayout.java:388)
02-16 14:31:10.475 12863 12863 I dalvikvm:   at android.view.View.layout(View.java:14860)
02-16 14:31:10.475 12863 12863 I dalvikvm:   at android.view.ViewGroup.layout(ViewGroup.java:4643)
02-16 14:31:10.476 12863 12863 I dalvikvm:   at android.widget.LinearLayout.setChildFrame(LinearLayout.java:1671)
02-16 14:31:10.476 12863 12863 I dalvikvm:   at android.widget.LinearLayout.layoutVertical(LinearLayout.java:1525)
02-16 14:31:10.476 12863 12863 I dalvikvm:   at android.widget.LinearLayout.onLayout(LinearLayout.java:1434)
02-16 14:31:10.476 12863 12863 I dalvikvm:   at android.view.View.layout(View.java:14860)
02-16 14:31:10.476 12863 12863 I dalvikvm:   at android.view.ViewGroup.layout(ViewGroup.java:4643)
02-16 14:31:10.477 12863 12863 I dalvikvm:   at android.widget.RelativeLayout.onLayout(RelativeLayout.java:1055)
02-16 14:31:10.477 12863 12863 I dalvikvm:   at android.view.View.layout(View.java:14860)
