02-27 18:46:55.156  2050  2050 E ActivityThread: Failed to find provider info for com.motorola.blur.setupprovider
02-27 18:46:55.168  1039  1091 D WifiP2pService: InactiveState{ when=0 what=139285 arg2=20 target=com.android.internal.util.StateMachine$SmHandler }
02-27 18:46:55.168  1039  1091 D WifiP2pService: P2pEnabledState{ when=-1ms what=139285 arg2=20 target=com.android.internal.util.StateMachine$SmHandler }
02-27 18:46:55.168  1039  1091 D WifiP2pService: DefaultState{ when=-1ms what=139285 arg2=20 target=com.android.internal.util.StateMachine$SmHandler }
02-27 18:46:55.225  2050  2050 E ActivityThread: Failed to find provider info for com.motorola.blur.setupprovider
02-27 18:46:55.249  1039  1091 D WifiP2pService: InactiveState{ when=0 what=139285 arg2=21 target=com.android.internal.util.StateMachine$SmHandler }
02-27 18:46:55.249  1039  1091 D WifiP2pService: P2pEnabledState{ when=-1ms what=139285 arg2=21 target=com.android.internal.util.StateMachine$SmHandler }
02-27 18:46:55.249  1039  1091 D WifiP2pService: DefaultState{ when=-1ms what=139285 arg2=21 target=com.android.internal.util.StateMachine$SmHandler }
02-27 18:46:55.575  1039  1214 D ConnectivityService: setProvNotificationVisible: E visible=false networkType=1 extraInfo=null url=null
02-27 18:46:55.602  2050  2050 E ActivityThread: Failed to find provider info for com.motorola.blur.setupprovider
02-27 18:46:55.659  2050  2050 E ActivityThread: Failed to find provider info for com.motorola.blur.setupprovider
02-27 18:46:55.772  1039  1095 D WifiService: New client listening to asynchronous messages
02-27 18:46:55.957  1039  1096 D ConnectivityService: NetTransition Wakelock for ConnectedState released by timeout
02-27 18:46:56.079  1039 10903 W ActivityManager: Unable to start service Intent { act=com.sogou.pushservice.action.METHOD cmp=/com.sogou.udp.push.PushService (has extras) } U=0: not found
02-27 18:46:56.101  1039  1095 D WifiService: New client listening to asynchronous messages
02-27 18:46:56.168  1039  1081 V AlarmManager: sending alarm Alarm{428b2098 type 3 com.xianguo.pad}
02-27 18:46:56.785  1039  1102 W ActivityManager: Unable to start service Intent { act=com.sogou.pushservice.action.METHOD cmp=/com.sogou.udp.push.PushService (has extras) } U=0: not found
02-27 18:46:56.816  1039  1081 V AlarmManager: sending alarm Alarm{42991d08 type 3 com.xianguo.pad}
02-27 18:46:56.901  1039 11208 W ActivityManager: Unable to start service Intent { act=com.sogou.pushservice.action.METHOD cmp=/com.sogou.udp.push.PushService (has extras) } U=0: not found
02-27 18:46:57.039  1039  1081 V AlarmManager: sending alarm Alarm{42b1e3b0 type 3 com.xianguo.pad}
02-27 18:46:57.139  1039  1102 W ActivityManager: Unable to start service Intent { act=com.sogou.pushservice.action.METHOD cmp=/com.sogou.udp.push.PushService (has extras) } U=0: not found
02-27 18:46:57.197  1039  1081 V AlarmManager: sending alarm Alarm{42378d08 type 3 com.xianguo.pad}
02-27 18:46:58.044  1039  1308 I ActivityManager: Process com.google.android.apps.magazines (pid 4600) has died.
02-27 18:46:58.068  2050  2050 E ActivityThread: Failed to find provider info for com.motorola.blur.setupprovider
02-27 18:46:58.111  1039  1103 I ActivityManager: Start proc com.google.android.apps.magazines for broadcast com.google.android.apps.magazines/com.google.apps.dots.android.newsstand.appwidget.NewsWidgetProvider: pid=4796 uid=10070 gids={50070, 3003, 1028, 1015}
02-27 18:46:58.153  2050  2050 E ActivityThread: Failed to find provider info for com.motorola.blur.setupprovider
02-27 18:46:59.464  1039  1309 I ActivityManager: Killing 4413:com.tencent.mobileqq/u0a703 (adj 15): empty #9
02-27 18:46:59.466  1292  3789 W ContextImpl: Calling a method in the system process without a qualified user: android.app.ContextImpl.sendBroadcast:1252 android.content.ContextWrapper.sendBroadcast:365 com.motorola.motocare.util.TriggerHelper$TriggerBuilder.send:76 com.motorola.motocare.internal.frameworkevents.ProcessKillTrigger.sendTrigger:147 com.motorola.motocare.internal.frameworkevents.ProcessKillTrigger.handleFrameworkEvent:164 
02-27 18:46:59.597  1039  1308 W ActivityManager: Unable to start service Intent { act=com.sogou.pushservice.action.METHOD cmp=/com.sogou.udp.push.PushService (has extras) } U=0: not found
02-27 18:46:59.708  1039  1323 I ActivityManager: Process com.google.android.gms (pid 32415) has died.
02-27 18:46:59.708  1039  1095 D WifiService: Client connection lost with reason: 4
02-27 18:46:59.725  3826  3826 E ActivityThread: Service com.google.android.gms.droidguard.DroidGuardService has leaked ServiceConnection com.google.android.gms.http.f@42026968 that was originally bound here
02-27 18:46:59.725  3826  3826 E ActivityThread: android.app.ServiceConnectionLeaked: Service com.google.android.gms.droidguard.DroidGuardService has leaked ServiceConnection com.google.android.gms.http.f@42026968 that was originally bound here
02-27 18:46:59.725  3826  3826 E ActivityThread: 	at android.app.LoadedApk$ServiceDispatcher.<init>(LoadedApk.java:979)
02-27 18:46:59.725  3826  3826 E ActivityThread: 	at android.app.LoadedApk.getServiceDispatcher(LoadedApk.java:873)
02-27 18:46:59.725  3826  3826 E ActivityThread: 	at android.app.ContextImpl.bindServiceCommon(ContextImpl.java:1690)
02-27 18:46:59.725  3826  3826 E ActivityThread: 	at android.app.ContextImpl.bindService(ContextImpl.java:1673)
02-27 18:46:59.725  3826  3826 E ActivityThread: 	at android.content.ContextWrapper.bindService(ContextWrapper.java:517)
02-27 18:46:59.725  3826  3826 E ActivityThread: 	at com.google.android.gms.http.e.<init>(SourceFile:94)
02-27 18:46:59.725  3826  3826 E ActivityThread: 	at com.google.android.gms.http.GoogleHttpClient.<init>(SourceFile:234)
02-27 18:46:59.725  3826  3826 E ActivityThread: 	at com.google.android.gms.http.GoogleHttpClient.<init>(SourceFile:196)
02-27 18:46:59.725  3826  3826 E ActivityThread: 	at com.google.android.gms.droidguard.p.a(SourceFile:28)
02-27 18:46:59.725  3826  3826 E ActivityThread: 	at com.google.android.gms.droidguard.d.v.a(SourceFile:79)
02-27 18:46:59.725  3826  3826 E ActivityThread: 	at com.google.android.gms.droidguard.d.v.a(SourceFile:65)
02-27 18:46:59.725  3826  3826 E ActivityThread: 	at com.google.android.gms.droidguard.d.v.a(SourceFile:36)
02-27 18:46:59.725  3826  3826 E ActivityThread: 	at com.google.android.gms.droidguard.d.c.a(SourceFile:53)
02-27 18:46:59.725  3826  3826 E ActivityThread: 	at com.google.android.gms.droidguard.d.e.a(SourceFile:70)
02-27 18:46:59.725  3826  3826 E ActivityThread: 	at com.google.android.gms.droidguard.l.a(SourceFile:221)
02-27 18:46:59.725  3826  3826 E ActivityThread: 	at com.google.android.gms.droidguard.c.t.onTransact(SourceFile:60)
02-27 18:46:59.725  3826  3826 E ActivityThread: 	at android.os.Binder.execTransact(Binder.java:404)
02-27 18:46:59.725  3826  3826 E ActivityThread: 	at dalvik.system.NativeStart.run(Native Method)
02-27 18:46:59.808  1039  1081 V AlarmManager: sending alarm Alarm{431f83f0 type 3 com.xianguo.pad}
02-27 18:46:59.852  1039  1323 I ActivityManager: Start proc com.google.android.gms for broadcast com.google.android.gms/.ads.jams.SystemEventReceiver: pid=4852 uid=10020 gids={50020, 3003, 1007, 3002, 3001, 1028, 1015, 3007, 2001, 3006}
02-27 18:46:59.999  1039  1081 V AlarmManager: sending alarm Alarm{42e048a8 type 3 android}
02-27 18:47:00.210  1039 23058 I ActivityManager: START u0 {act=com.android.systemui.recent.action.TOGGLE_RECENTS flg=0x10800000 cmp=com.android.systemui/.recent.RecentsActivity (has extras)} from pid 1108
02-27 18:47:00.217  1292  3789 W ContextImpl: Calling a method in the system process without a qualified user: android.app.ContextImpl.sendBroadcast:1252 android.content.ContextWrapper.sendBroadcast:365 com.motorola.motocare.util.TriggerHelper$TriggerBuilder.send:76 com.motorola.motocare.internal.frameworkevents.PauseResumeTrigger.handleFrameworkEvent:53 com.motorola.motocare.internal.frameworkevents.FwEventMonitor$FrameworkListener.processFrameworkEvent:114 
02-27 18:47:00.231  1292  3789 W ContextImpl: Calling a method in the system process without a qualified user: android.app.ContextImpl.sendBroadcast:1252 android.content.ContextWrapper.sendBroadcast:365 com.motorola.motocare.util.TriggerHelper$TriggerBuilder.send:76 com.motorola.motocare.internal.frameworkevents.PauseResumeTrigger.handleFrameworkEvent:53 com.motorola.motocare.internal.frameworkevents.FwEventMonitor$FrameworkListener.processFrameworkEvent:114 
02-27 18:47:00.261  1039 11208 W InputMethodManagerService: Starting input on non-focused client com.android.internal.view.IInputMethodClient$Stub$Proxy@427fa190 (uid=1000 pid=27871)
02-27 18:47:00.292  1039  1055 I LaunchCheckinHandler: Displayed com.android.systemui/.recent.RecentsActivity,wp,wa,82
02-27 18:47:00.487  1039  1103 W ActivityManager: Unable to start service Intent { act=com.sogou.pushservice.action.METHOD cmp=/com.sogou.udp.push.PushService (has extras) } U=0: not found
02-27 18:47:00.521  1039  1081 V AlarmManager: sending alarm Alarm{42dd7aa8 type 3 com.xianguo.pad}
02-27 18:47:00.565   269   269 I SFPerfTracer:      triggers: (rate: 16:688) (compose: 0:72) (post: 0:20) (render: 11:322) (13:28669 frames) (14:77265)
02-27 18:47:00.565   269   269 D SFPerfTracer:        layers: (6:12) (DimLayer: 0:350)* (FocusedStackFrame: 0:1587)* (StatusBar: 0:11154) (NavigationBar: 5:6672) (com.android.systemui.ImageWallpaper: 0:888) (DimLayer: 0:3451)* (DimLayer: 0:296)* (com.android.settings/com.android.settings.Settings$WifiSettingsActivity: 14:89) (zhbitNet-ChinaUnicom: 0:30)* (com.android.systemui/com.android.systemui.recent.RecentsActivity: 3:7) (thumbnail anim: 14:15) 
02-27 18:47:00.820  1039  1096 D ConnectivityService: handleConnectivityChange: addresses changed linkProperty[1]: resetMask=0
02-27 18:47:00.820  1039  1096 D ConnectivityService:    car=removed=[] added=[fe80::fae0:79ff:fe37:5ff5/64,]
02-27 18:47:00.822  1039  1096 D Nat464Xlat: requiresClat: netType=1, hasIPv4Address=true
02-27 18:47:00.827  1039  1096 D ConnectivityService: handleConnectivityChange: address are the same reset per doReset linkProperty[1]: resetMask=0
02-27 18:47:00.828  1039  1096 D Nat464Xlat: requiresClat: netType=1, hasIPv4Address=true
02-27 18:47:04.303  1292  3789 W ContextImpl: Calling a method in the system process without a qualified user: android.app.ContextImpl.sendBroadcast:1252 android.content.ContextWrapper.sendBroadcast:365 com.motorola.motocare.util.TriggerHelper$TriggerBuilder.send:76 com.motorola.motocare.internal.frameworkevents.PauseResumeTrigger.handleFrameworkEvent:53 com.motorola.motocare.internal.frameworkevents.FwEventMonitor$FrameworkListener.processFrameworkEvent:114 
02-27 18:47:04.323  1292  3789 W ContextImpl: Calling a method in the system process without a qualified user: android.app.ContextImpl.sendBroadcast:1252 android.content.ContextWrapper.sendBroadcast:365 com.motorola.motocare.util.TriggerHelper$TriggerBuilder.send:76 com.motorola.motocare.internal.frameworkevents.PauseResumeTrigger.handleFrameworkEvent:53 com.motorola.motocare.internal.frameworkevents.FwEventMonitor$FrameworkListener.processFrameworkEvent:114 
02-27 18:47:04.745   269   269 I SFPerfTracer:      triggers: (rate: 16:688) (compose: 0:72) (post: 0:20) (render: 11:325) (12:28687 frames) (13:77316)
02-27 18:47:04.746   269   269 D SFPerfTracer:        layers: (5:12) (DimLayer: 0:350)* (FocusedStackFrame: 0:1587)* (StatusBar: 0:11155) (NavigationBar: 13:6711) (com.android.systemui.ImageWallpaper: 0:888) (DimLayer: 0:3451)* (DimLayer: 0:296)* (com.android.settings/com.android.settings.Settings$WifiSettingsActivity: 0:90)* (com.android.systemui/com.android.systemui.recent.RecentsActivity: 13:33) (thumbnail anim: 0:16)* (com.android.launcher/com.android.launcher2.Launcher: 13:21) 
02-27 18:47:05.007   269   706 I SFPerfTracer:      triggers: (rate: 0:10) (20708 sw vsyncs) (0 skipped) (33:182062 vsyncs) (35:370741)
02-27 18:47:05.131  1039  1214 D ConnectivityService: setProvNotificationVisible: E visible=false networkType=1 extraInfo=null url=null
02-27 18:47:07.602  1039 10902 I ActivityManager: START u0 {act=com.android.systemui.recent.action.TOGGLE_RECENTS flg=0x10800000 cmp=com.android.systemui/.recent.RecentsActivity} from pid 1108
02-27 18:47:07.727  1292  3789 W ContextImpl: Calling a method in the system process without a qualified user: android.app.ContextImpl.sendBroadcast:1252 android.content.ContextWrapper.sendBroadcast:365 com.motorola.motocare.util.TriggerHelper$TriggerBuilder.send:76 com.motorola.motocare.internal.frameworkevents.PauseResumeTrigger.handleFrameworkEvent:53 com.motorola.motocare.internal.frameworkevents.FwEventMonitor$FrameworkListener.processFrameworkEvent:114 
02-27 18:47:07.736  1292  3789 W ContextImpl: Calling a method in the system process without a qualified user: android.app.ContextImpl.sendBroadcast:1252 android.content.ContextWrapper.sendBroadcast:365 com.motorola.motocare.util.TriggerHelper$TriggerBuilder.send:76 com.motorola.motocare.internal.frameworkevents.PauseResumeTrigger.handleFrameworkEvent:53 com.motorola.motocare.internal.frameworkevents.FwEventMonitor$FrameworkListener.processFrameworkEvent:114 
02-27 18:47:07.888  1039  1055 I LaunchCheckinHandler: Displayed com.android.systemui/.recent.RecentsActivity,wp,ca,160
02-27 18:47:08.061  1039  1214 D ConnectivityService: setProvNotificationVisible: E visible=false networkType=1 extraInfo=null url=null
02-27 18:47:08.127  1039  1056 I ActivityManager: Start proc com.google.android.talk for broadcast com.google.android.talk/com.google.android.apps.babel.phone.PackageReplacedReceiver: pid=4976 uid=10065 gids={50065, 3003, 1028, 1015, 3002}
02-27 18:47:08.243  1039  1103 W IntentResolver: resolveIntent: multiple matches, only some with CATEGORY_DEFAULT
02-27 18:47:08.245  1039  1049 I PackageManager: Adding preferred activity ComponentInfo{com.android.mms/com.android.mms.ui.ComposeMessageActivity} for user 0 :
02-27 18:47:08.276  1039  1308 W IntentResolver: resolveIntent: multiple matches, only some with CATEGORY_DEFAULT
02-27 18:47:08.278  1039 10902 I PackageManager: Adding preferred activity ComponentInfo{com.android.mms/com.android.mms.ui.ComposeMessageActivity} for user 0 :
02-27 18:47:08.296  1039 11210 W IntentResolver: resolveIntent: multiple matches, only some with CATEGORY_DEFAULT
02-27 18:47:08.299  1039 11208 I PackageManager: Adding preferred activity ComponentInfo{com.android.mms/com.android.mms.ui.ComposeMessageActivity} for user 0 :
02-27 18:47:08.407  1039 11209 W IntentResolver: resolveIntent: multiple matches, only some with CATEGORY_DEFAULT
02-27 18:47:08.410  1039  1102 I PackageManager: Adding preferred activity ComponentInfo{com.android.mms/com.android.mms.ui.ComposeMessageActivity} for user 0 :
02-27 18:47:08.435  1039 10902 W IntentResolver: resolveIntent: multiple matches, only some with CATEGORY_DEFAULT
02-27 18:47:08.437  1039 11210 I PackageManager: Adding preferred activity ComponentInfo{com.android.mms/com.android.mms.ui.ComposeMessageActivity} for user 0 :
02-27 18:47:08.461  1039  1309 W IntentResolver: resolveIntent: multiple matches, only some with CATEGORY_DEFAULT
02-27 18:47:08.463  1039 11208 I PackageManager: Adding preferred activity ComponentInfo{com.android.mms/com.android.mms.ui.ComposeMessageActivity} for user 0 :
02-27 18:47:08.473  1039 11209 W IntentResolver: resolveIntent: multiple matches, only some with CATEGORY_DEFAULT
02-27 18:47:08.475  1039  1323 I PackageManager: Adding preferred activity ComponentInfo{com.android.mms/com.android.mms.ui.ComposeMessageActivity} for user 0 :
02-27 18:47:08.496  1039  1322 W IntentResolver: resolveIntent: multiple matches, only some with CATEGORY_DEFAULT
02-27 18:47:08.498  1039  4780 I PackageManager: Adding preferred activity ComponentInfo{com.android.mms/com.android.mms.ui.ComposeMessageActivity} for user 0 :
02-27 18:47:08.647  1039  1050 I ActivityManager: Start proc android.process.acore for broadcast com.android.providers.contacts/.PackageIntentReceiver: pid=5005 uid=10007 gids={50007, 3003, 1028, 1015, 1023}
02-27 18:47:08.788  1039 11210 I ActivityManager: Killing 3826:com.google.android.gms.unstable/u0a20 (adj 15): empty #9
02-27 18:47:08.790  1292  3789 W ContextImpl: Calling a method in the system process without a qualified user: android.app.ContextImpl.sendBroadcast:1252 android.content.ContextWrapper.sendBroadcast:365 com.motorola.motocare.util.TriggerHelper$TriggerBuilder.send:76 com.motorola.motocare.internal.frameworkevents.ProcessKillTrigger.sendTrigger:147 com.motorola.motocare.internal.frameworkevents.ProcessKillTrigger.handleFrameworkEvent:164 
02-27 18:47:08.809  1039  1050 I ActivityManager: Start proc com.motorola.MotGallery2 for broadcast com.motorola.MotGallery2/com.android.gallery3d.app.PackagesMonitor: pid=5024 uid=10031 gids={50031, 3003, 1028, 1015}
02-27 18:47:08.952  1039 10903 I ActivityManager: Killing 4585:com.google.android.setupwizard/u0a38 (adj 15): empty #9
02-27 18:47:08.954  1292  3789 W ContextImpl: Calling a method in the system process without a qualified user: android.app.ContextImpl.sendBroadcast:1252 android.content.ContextWrapper.sendBroadcast:365 com.motorola.motocare.util.TriggerHelper$TriggerBuilder.send:76 com.motorola.motocare.internal.frameworkevents.ProcessKillTrigger.sendTrigger:147 com.motorola.motocare.internal.frameworkevents.ProcessKillTrigger.handleFrameworkEvent:164 
02-27 18:47:09.002  1039  1323 I ActivityManager: Start proc com.wandoujia.phoenix2.usbproxy for broadcast com.wandoujia.phoenix2.usbproxy/com.wandoujia.pmp.receivers.AppChangedReceiver: pid=5043 uid=10619 gids={50619, 3003, 1028, 1015}
02-27 18:47:09.065  1039 11207 I ActivityManager: Killing 4796:com.google.android.apps.magazines/u0a70 (adj 15): empty #9
02-27 18:47:09.067  1292  3789 W ContextImpl: Calling a method in the system process without a qualified user: android.app.ContextImpl.sendBroadcast:1252 android.content.ContextWrapper.sendBroadcast:365 com.motorola.motocare.util.TriggerHelper$TriggerBuilder.send:76 com.motorola.motocare.internal.frameworkevents.ProcessKillTrigger.sendTrigger:147 com.motorola.motocare.internal.frameworkevents.ProcessKillTrigger.handleFrameworkEvent:164 
02-27 18:47:11.361   269   706 I SFPerfTracer:      triggers: (rate: 0:10) (20708 sw vsyncs) (0 skipped) (6:182151 vsyncs) (8:370845)
02-27 18:47:11.464  1292  3789 W ContextImpl: Calling a method in the system process without a qualified user: android.app.ContextImpl.sendBroadcast:1252 android.content.ContextWrapper.sendBroadcast:365 com.motorola.motocare.util.TriggerHelper$TriggerBuilder.send:76 com.motorola.motocare.internal.frameworkevents.PauseResumeTrigger.handleFrameworkEvent:53 com.motorola.motocare.internal.frameworkevents.FwEventMonitor$FrameworkListener.processFrameworkEvent:114 
02-27 18:47:11.486  1292  3789 W ContextImpl: Calling a method in the system process without a qualified user: android.app.ContextImpl.sendBroadcast:1252 android.content.ContextWrapper.sendBroadcast:365 com.motorola.motocare.util.TriggerHelper$TriggerBuilder.send:76 com.motorola.motocare.internal.frameworkevents.PauseResumeTrigger.handleFrameworkEvent:53 com.motorola.motocare.internal.frameworkevents.FwEventMonitor$FrameworkListener.processFrameworkEvent:114 
02-27 18:47:13.245  1039  1102 I ActivityManager: START u0 {act=android.intent.action.MAIN cat=[android.intent.category.LAUNCHER] flg=0x10200000 cmp=com.comtop.mim/.ui.SplashActivity} from pid 1324
02-27 18:47:13.273  1292  3789 W ContextImpl: Calling a method in the system process without a qualified user: android.app.ContextImpl.sendBroadcast:1252 android.content.ContextWrapper.sendBroadcast:365 com.motorola.motocare.util.TriggerHelper$TriggerBuilder.send:76 com.motorola.motocare.internal.frameworkevents.PauseResumeTrigger.handleFrameworkEvent:53 com.motorola.motocare.internal.frameworkevents.FwEventMonitor$FrameworkListener.processFrameworkEvent:114 
02-27 18:47:13.317  1039  1308 I ActivityManager: Start proc com.comtop.mim for activity com.comtop.mim/.ui.SplashActivity: pid=5113 uid=10817 gids={50817, 1028, 3003, 1015}
02-27 18:47:13.361  1292  3789 W ContextImpl: Calling a method in the system process without a qualified user: android.app.ContextImpl.sendBroadcast:1252 android.content.ContextWrapper.sendBroadcast:365 com.motorola.motocare.util.TriggerHelper$TriggerBuilder.send:76 com.motorola.motocare.internal.frameworkevents.PauseResumeTrigger.handleFrameworkEvent:53 com.motorola.motocare.internal.frameworkevents.FwEventMonitor$FrameworkListener.processFrameworkEvent:114 
02-27 18:47:13.751   269   269 I SFPerfTracer:      triggers: (rate: 16:688) (compose: 0:72) (post: 0:20) (render: 11:325) (4:28736 frames) (5:77417)
02-27 18:47:13.751   269   269 D SFPerfTracer:        layers: (3:13) (DimLayer: 0:350)* (FocusedStackFrame: 0:1592)* (StatusBar: 5:11169) (NavigationBar: 0:6768) (com.android.systemui.ImageWallpaper: 1:892)* (DimLayer: 0:3451)* (DimLayer: 0:296)* (com.android.systemui/com.android.systemui.recent.RecentsActivity: 0:36)* (com.android.launcher/com.android.launcher2.Launcher: 0:41)* (com.android.systemui/com.android.systemui.recent.RecentsActivity: 0:36)* (com.android.launcher/com.android.launcher2.Launcher: 0:25)* (Starting com.comtop.mim: 0:16) 
02-27 18:47:13.774  1039  1050 I ActivityManager: Process com.google.android.talk (pid 4976) has died.
02-27 18:47:14.529  1039 11210 I ActivityManager: Process com.sohu.inputmethod.sogou:classic (pid 4663) has died.
02-27 18:47:14.530  1039  1095 D WifiService: Client connection lost with reason: 4
02-27 18:47:15.239  1039  1309 I ActivityManager: START u0 {cmp=com.comtop.mim/.ui.MainActivity (has extras)} from pid 5113
02-27 18:47:15.244  1292  3789 W ContextImpl: Calling a method in the system process without a qualified user: android.app.ContextImpl.sendBroadcast:1252 android.content.ContextWrapper.sendBroadcast:365 com.motorola.motocare.util.TriggerHelper$TriggerBuilder.send:76 com.motorola.motocare.internal.frameworkevents.PauseResumeTrigger.handleFrameworkEvent:53 com.motorola.motocare.internal.frameworkevents.FwEventMonitor$FrameworkListener.processFrameworkEvent:114 
02-27 18:47:15.285  1039 10902 I ActivityManager: Process com.xianguo.pad (pid 3997) has died.
02-27 18:47:15.310  1039  1055 I LaunchCheckinHandler: Displayed com.comtop.mim/.ui.SplashActivity,cp,ca,2013
02-27 18:47:15.441  1292  3789 W ContextImpl: Calling a method in the system process without a qualified user: android.app.ContextImpl.sendBroadcast:1252 android.content.ContextWrapper.sendBroadcast:365 com.motorola.motocare.util.TriggerHelper$TriggerBuilder.send:76 com.motorola.motocare.internal.frameworkevents.PauseResumeTrigger.handleFrameworkEvent:53 com.motorola.motocare.internal.frameworkevents.FwEventMonitor$FrameworkListener.processFrameworkEvent:114 
02-27 18:47:15.458   269   706 I SFPerfTracer:      triggers: (rate: 0:10) (20708 sw vsyncs) (0 skipped) (0:182233 vsyncs) (2:370946)
02-27 18:47:16.512  1039  4780 I ActivityManager: Process android.process.acore (pid 5005) has died.
02-27 18:47:16.946  1039  4780 I ActivityManager: Process com.diune.pictures (pid 4677) has died.
02-27 18:47:18.149  1039  1214 D ConnectivityService: captivePortalCheckCompleted: ni=NetworkInfo: type: WIFI[], state: CONNECTED/CONNECTED, reason: (unspecified), extra: "zhbitNet-ChinaUnicom", roaming: false, failover: false, isAvailable: true, isConnectedToProvisioningNetwork: false captive=false
02-27 18:47:18.392  1039  1096 D ConnectivityService: handleInetConditionHoldEnd: net=1, condition=0, published condition=0
02-27 18:47:19.955  1039  1055 I LaunchCheckinHandler: Displayed com.comtop.mim/.ui.MainActivity,wp,ca,4516
02-27 18:47:19.955  1039  1055 I LaunchCheckinHandler: Displayed com.comtop.mim/.ui.SplashActivity,cp,ca,6658 (total)
02-27 18:47:20.618   269   269 I SFPerfTracer:      triggers: (rate: 16:692) (compose: 0:72) (post: 0:21) (render: 11:326) (24:28790 frames) (25:77489)
02-27 18:47:20.619   269   269 D SFPerfTracer:        layers: (3:11) (DimLayer: 0:350)* (FocusedStackFrame: 0:1595)* (StatusBar: 6:11190) (NavigationBar: 0:6768) (com.android.systemui.ImageWallpaper: 0:892)* (DimLayer: 0:3451)* (DimLayer: 0:298)* (Starting com.comtop.mim: 0:28)* (com.comtop.mim/com.comtop.mim.ui.SplashActivity: 0:24)* (com.comtop.mim/com.comtop.mim.ui.MainActivity: 22:28) 
02-27 18:47:21.713   269   706 I SFPerfTracer:      triggers: (rate: 0:10) (20708 sw vsyncs) (0 skipped) (0:182306 vsyncs) (2:371047)
02-27 18:47:25.885  1039  1103 I ActivityManager: START u0 {cmp=com.comtop.mim/.ui.WorkSpaceActivity} from pid 5113
02-27 18:47:25.889  1292  3789 W ContextImpl: Calling a method in the system process without a qualified user: android.app.ContextImpl.sendBroadcast:1252 android.content.ContextWrapper.sendBroadcast:365 com.motorola.motocare.util.TriggerHelper$TriggerBuilder.send:76 com.motorola.motocare.internal.frameworkevents.PauseResumeTrigger.handleFrameworkEvent:53 com.motorola.motocare.internal.frameworkevents.FwEventMonitor$FrameworkListener.processFrameworkEvent:114 
02-27 18:47:25.943  1292  3789 W ContextImpl: Calling a method in the system process without a qualified user: android.app.ContextImpl.sendBroadcast:1252 android.content.ContextWrapper.sendBroadcast:365 com.motorola.motocare.util.TriggerHelper$TriggerBuilder.send:76 com.motorola.motocare.internal.frameworkevents.PauseResumeTrigger.handleFrameworkEvent:53 com.motorola.motocare.internal.frameworkevents.FwEventMonitor$FrameworkListener.processFrameworkEvent:114 
02-27 18:47:26.306  1039  1055 I LaunchCheckinHandler: Displayed com.comtop.mim/.ui.WorkSpaceActivity,wp,ca,378
02-27 18:47:26.771   269   706 I SFPerfTracer:      triggers: (rate: 0:10) (20708 sw vsyncs) (0 skipped) (42:182370 vsyncs) (44:371167)
02-27 18:47:27.129  1039  1102 I ActivityManager: START u0 {cmp=com.comtop.mim/.ui.WifiSettingActivity (has extras)} from pid 5113
02-27 18:47:27.132  1292  3789 W ContextImpl: Calling a method in the system process without a qualified user: android.app.ContextImpl.sendBroadcast:1252 android.content.ContextWrapper.sendBroadcast:365 com.motorola.motocare.util.TriggerHelper$TriggerBuilder.send:76 com.motorola.motocare.internal.frameworkevents.PauseResumeTrigger.handleFrameworkEvent:53 com.motorola.motocare.internal.frameworkevents.FwEventMonitor$FrameworkListener.processFrameworkEvent:114 
02-27 18:47:27.155  1292  3789 W ContextImpl: Calling a method in the system process without a qualified user: android.app.ContextImpl.sendBroadcast:1252 android.content.ContextWrapper.sendBroadcast:365 com.motorola.motocare.util.TriggerHelper$TriggerBuilder.send:76 com.motorola.motocare.internal.frameworkevents.PauseResumeTrigger.handleFrameworkEvent:53 com.motorola.motocare.internal.frameworkevents.FwEventMonitor$FrameworkListener.processFrameworkEvent:114 
02-27 18:47:27.638  1039  1055 I LaunchCheckinHandler: Displayed com.comtop.mim/.ui.WifiSettingActivity,wp,ca,502
02-27 18:47:28.408  1292  3789 W ContextImpl: Calling a method in the system process without a qualified user: android.app.ContextImpl.sendBroadcast:1252 android.content.ContextWrapper.sendBroadcast:365 com.motorola.motocare.util.TriggerHelper$TriggerBuilder.send:76 com.motorola.motocare.internal.frameworkevents.ProcessKillTrigger.sendTrigger:147 com.motorola.motocare.internal.frameworkevents.ProcessKillTrigger.handleLmkKill:337 
02-27 18:47:28.418  1292  3789 W ContextImpl: Calling a method in the system process without a qualified user: android.app.ContextImpl.sendBroadcast:1252 android.content.ContextWrapper.sendBroadcast:365 com.motorola.motocare.util.TriggerHelper$TriggerBuilder.send:76 com.motorola.motocare.internal.frameworkevents.ProcessKillTrigger.sendTrigger:147 com.motorola.motocare.internal.frameworkevents.ProcessKillTrigger.handleLmkKill:337 
02-27 18:47:28.424  1292  3789 W ContextImpl: Calling a method in the system process without a qualified user: android.app.ContextImpl.sendBroadcast:1252 android.content.ContextWrapper.sendBroadcast:365 com.motorola.motocare.util.TriggerHelper$TriggerBuilder.send:76 com.motorola.motocare.internal.frameworkevents.ProcessKillTrigger.sendTrigger:147 com.motorola.motocare.internal.frameworkevents.ProcessKillTrigger.handleLmkKill:337 
02-27 18:47:28.428  1292  3789 W ContextImpl: Calling a method in the system process without a qualified user: android.app.ContextImpl.sendBroadcast:1252 android.content.ContextWrapper.sendBroadcast:365 com.motorola.motocare.util.TriggerHelper$TriggerBuilder.send:76 com.motorola.motocare.internal.frameworkevents.ProcessKillTrigger.sendTrigger:147 com.motorola.motocare.internal.frameworkevents.ProcessKillTrigger.handleLmkKill:337 
02-27 18:47:28.432  1292  3789 W ContextImpl: Calling a method in the system process without a qualified user: android.app.ContextImpl.sendBroadcast:1252 android.content.ContextWrapper.sendBroadcast:365 com.motorola.motocare.util.TriggerHelper$TriggerBuilder.send:76 com.motorola.motocare.internal.frameworkevents.ProcessKillTrigger.sendTrigger:147 com.motorola.motocare.internal.frameworkevents.ProcessKillTrigger.handleLmkKill:337 
02-27 18:47:28.436  1292  3789 W ContextImpl: Calling a method in the system process without a qualified user: android.app.ContextImpl.sendBroadcast:1252 android.content.ContextWrapper.sendBroadcast:365 com.motorola.motocare.util.TriggerHelper$TriggerBuilder.send:76 com.motorola.motocare.internal.frameworkevents.ProcessKillTrigger.sendTrigger:147 com.motorola.motocare.internal.frameworkevents.ProcessKillTrigger.handleLmkKill:337 
02-27 18:47:28.440  1292  3789 W ContextImpl: Calling a method in the system process without a qualified user: android.app.ContextImpl.sendBroadcast:1252 android.content.ContextWrapper.sendBroadcast:365 com.motorola.motocare.util.TriggerHelper$TriggerBuilder.send:76 com.motorola.motocare.internal.frameworkevents.ProcessKillTrigger.sendTrigger:147 com.motorola.motocare.internal.frameworkevents.ProcessKillTrigger.handleLmkKill:337 
02-27 18:47:28.454  1292  3789 W ContextImpl: Calling a method in the system process without a qualified user: android.app.ContextImpl.sendBroadcast:1252 android.content.ContextWrapper.sendBroadcast:365 com.motorola.motocare.util.TriggerHelper$TriggerBuilder.send:76 com.motorola.motocare.internal.frameworkevents.ProcessKillTrigger.sendTrigger:147 com.motorola.motocare.internal.frameworkevents.ProcessKillTrigger.handleLmkKill:337 
02-27 18:47:28.458  1292  3789 W ContextImpl: Calling a method in the system process without a qualified user: android.app.ContextImpl.sendBroadcast:1252 android.content.ContextWrapper.sendBroadcast:365 com.motorola.motocare.util.TriggerHelper$TriggerBuilder.send:76 com.motorola.motocare.internal.frameworkevents.ProcessKillTrigger.sendTrigger:147 com.motorola.motocare.internal.frameworkevents.ProcessKillTrigger.handleLmkKill:337 
02-27 18:47:29.013   269   269 I SFPerfTracer:      triggers: (rate: 16:693) (compose: 0:72) (post: 0:21) (render: 11:326) (14:28846 frames) (15:77589)
02-27 18:47:29.014   269   269 D SFPerfTracer:        layers: (5:12) (DimLayer: 0:350)* (FocusedStackFrame: 0:1605)* (StatusBar: 0:11190) (NavigationBar: 0:6768) (com.android.systemui.ImageWallpaper: 0:892)* (DimLayer: 14:3466) (DimLayer: 0:302)* (com.comtop.mim/com.comtop.mim.ui.MainActivity: 0:69)* (com.comtop.mim/com.comtop.mim.ui.WorkSpaceActivity: 0:51)* (com.comtop.mim/com.comtop.mim.ui.WifiSettingActivity: 0:27) (com.comtop.mim/com.comtop.mim.ui.WifiSettingActivity: 14:18) 
02-27 18:47:29.326   269   706 I SFPerfTracer:      triggers: (rate: 0:10) (20708 sw vsyncs) (0 skipped) (0:182445 vsyncs) (2:371268)
02-27 18:47:30.788  1292  3789 W ContextImpl: Calling a method in the system process without a qualified user: android.app.ContextImpl.sendBroadcast:1252 android.content.ContextWrapper.sendBroadcast:365 com.motorola.motocare.util.TriggerHelper$TriggerBuilder.send:76 com.motorola.motocare.internal.frameworkevents.PauseResumeTrigger.handleFrameworkEvent:53 com.motorola.motocare.internal.frameworkevents.FwEventMonitor$FrameworkListener.processFrameworkEvent:114 
02-27 18:47:30.826  1292  3789 W ContextImpl: Calling a method in the system process without a qualified user: android.app.ContextImpl.sendBroadcast:1252 android.content.ContextWrapper.sendBroadcast:365 com.motorola.motocare.util.TriggerHelper$TriggerBuilder.send:76 com.motorola.motocare.internal.frameworkevents.PauseResumeTrigger.handleFrameworkEvent:53 com.motorola.motocare.internal.frameworkevents.FwEventMonitor$FrameworkListener.processFrameworkEvent:114 
02-27 18:47:32.544   269   706 I SFPerfTracer:      triggers: (rate: 0:10) (20708 sw vsyncs) (0 skipped) (23:182514 vsyncs) (25:371377)
02-27 18:47:33.355   269   269 I SFPerfTracer:      triggers: (rate: 16:695) (compose: 0:72) (post: 0:21) (render: 11:326) (29:28927 frames) (30:77697)
02-27 18:47:33.357   269   269 D SFPerfTracer:        layers: (4:12) (DimLayer: 0:350)* (FocusedStackFrame: 0:1607)* (StatusBar: 0:11190) (NavigationBar: 0:6768) (com.android.systemui.ImageWallpaper: 0:892)* (DimLayer: 0:3478)* (DimLayer: 0:302)* (com.comtop.mim/com.comtop.mim.ui.WifiSettingActivity: 0:48)* (com.comtop.mim/com.comtop.mim.ui.WifiSettingActivity: 0:44)* (Toast: 30:74) (com.comtop.mim/com.comtop.mim.ui.WorkSpaceActivity: 0:22) 
02-27 18:47:33.700  1039  4780 I ActivityManager: START u0 {act=com.android.systemui.recent.action.TOGGLE_RECENTS flg=0x10800000 cmp=com.android.systemui/.recent.RecentsActivity (has extras)} from pid 1108
02-27 18:47:33.797  1292  3789 W ContextImpl: Calling a method in the system process without a qualified user: android.app.ContextImpl.sendBroadcast:1252 android.content.ContextWrapper.sendBroadcast:365 com.motorola.motocare.util.TriggerHelper$TriggerBuilder.send:76 com.motorola.motocare.internal.frameworkevents.PauseResumeTrigger.handleFrameworkEvent:53 com.motorola.motocare.internal.frameworkevents.FwEventMonitor$FrameworkListener.processFrameworkEvent:114 
02-27 18:47:33.821  1292  3789 W ContextImpl: Calling a method in the system process without a qualified user: android.app.ContextImpl.sendBroadcast:1252 android.content.ContextWrapper.sendBroadcast:365 com.motorola.motocare.util.TriggerHelper$TriggerBuilder.send:76 com.motorola.motocare.internal.frameworkevents.PauseResumeTrigger.handleFrameworkEvent:53 com.motorola.motocare.internal.frameworkevents.FwEventMonitor$FrameworkListener.processFrameworkEvent:114 
02-27 18:47:33.992  1039  1055 I LaunchCheckinHandler: Displayed com.android.systemui/.recent.RecentsActivity,wp,ca,174
02-27 18:47:34.799  1039 11207 I ActivityManager: Killing 4209:com.comtop.mim:TcmsService/u0a817 (adj 8): remove task
02-27 18:47:34.808  1292  3789 W ContextImpl: Calling a method in the system process without a qualified user: android.app.ContextImpl.sendBroadcast:1252 android.content.ContextWrapper.sendBroadcast:365 com.motorola.motocare.util.TriggerHelper$TriggerBuilder.send:76 com.motorola.motocare.internal.frameworkevents.ProcessKillTrigger.sendTrigger:147 com.motorola.motocare.internal.frameworkevents.ProcessKillTrigger.handleFrameworkEvent:164 
02-27 18:47:34.813  1039  1309 W ActivityManager: Scheduling restart of crashed service com.comtop.mim/com.alibaba.tcms.service.TCMSService in 1000ms
02-27 18:47:34.833   269   706 I SFPerfTracer:      triggers: (rate: 0:10) (20708 sw vsyncs) (0 skipped) (23:182597 vsyncs) (25:371479)
02-27 18:47:34.871  1039 10903 I ActivityManager: Killing 5113:com.comtop.mim/u0a817 (adj 16): remove task
02-27 18:47:34.876  1292  3789 W ContextImpl: Calling a method in the system process without a qualified user: android.app.ContextImpl.sendBroadcast:1252 android.content.ContextWrapper.sendBroadcast:365 com.motorola.motocare.util.TriggerHelper$TriggerBuilder.send:76 com.motorola.motocare.internal.frameworkevents.ProcessKillTrigger.sendTrigger:147 com.motorola.motocare.internal.frameworkevents.ProcessKillTrigger.handleFrameworkEvent:164 
02-27 18:47:34.907  1039  1309 W ActivityManager: Scheduling restart of crashed service com.comtop.mim/com.alibaba.tcms.service.ListenerService in 10907ms
02-27 18:47:35.586  1292  3789 W ContextImpl: Calling a method in the system process without a qualified user: android.app.ContextImpl.sendBroadcast:1252 android.content.ContextWrapper.sendBroadcast:365 com.motorola.motocare.util.TriggerHelper$TriggerBuilder.send:76 com.motorola.motocare.internal.frameworkevents.PauseResumeTrigger.handleFrameworkEvent:53 com.motorola.motocare.internal.frameworkevents.FwEventMonitor$FrameworkListener.processFrameworkEvent:114 
02-27 18:47:35.604  1292  3789 W ContextImpl: Calling a method in the system process without a qualified user: android.app.ContextImpl.sendBroadcast:1252 android.content.ContextWrapper.sendBroadcast:365 com.motorola.motocare.util.TriggerHelper$TriggerBuilder.send:76 com.motorola.motocare.internal.frameworkevents.PauseResumeTrigger.handleFrameworkEvent:53 com.motorola.motocare.internal.frameworkevents.FwEventMonitor$FrameworkListener.processFrameworkEvent:114 
02-27 18:47:35.827  1039  1056 I ActivityManager: Start proc com.comtop.mim:TcmsService for service com.comtop.mim/com.alibaba.tcms.service.TCMSService: pid=5446 uid=10817 gids={50817, 1028, 3003, 1015}
02-27 18:47:36.082   269   269 I SFPerfTracer:      triggers: (rate: 16:695) (compose: 0:72) (post: 0:21) (render: 11:326) (12:28965 frames) (13:77806)
02-27 18:47:36.082   269   269 D SFPerfTracer:        layers: (5:13) (DimLayer: 0:350)* (FocusedStackFrame: 0:1613)* (StatusBar: 0:11190) (NavigationBar: 11:6813) (com.android.systemui.ImageWallpaper: 0:894) (DimLayer: 0:3478)* (DimLayer: 0:302)* (Toast: 0:75)* (com.comtop.mim/com.comtop.mim.ui.WorkSpaceActivity: 0:39)* (com.android.systemui/com.android.systemui.recent.RecentsActivity: 13:64) (thumbnail anim: 0:18)* (com.android.launcher/com.android.launcher2.Launcher: 13:23) 
02-27 18:47:42.713   269   706 I SFPerfTracer:      triggers: (rate: 0:10) (20708 sw vsyncs) (0 skipped) (18:182690 vsyncs) (20:371587)
02-27 18:47:43.090  1039 11210 I ActivityManager: START u0 {act=android.intent.action.MAIN cat=[android.intent.category.LAUNCHER] flg=0x10200000 cmp=com.comtop.mim/.ui.SplashActivity} from pid 1324
02-27 18:47:43.110  1292  3789 W ContextImpl: Calling a method in the system process without a qualified user: android.app.ContextImpl.sendBroadcast:1252 android.content.ContextWrapper.sendBroadcast:365 com.motorola.motocare.util.TriggerHelper$TriggerBuilder.send:76 com.motorola.motocare.internal.frameworkevents.PauseResumeTrigger.handleFrameworkEvent:53 com.motorola.motocare.internal.frameworkevents.FwEventMonitor$FrameworkListener.processFrameworkEvent:114 
02-27 18:47:43.166  1039 10902 I ActivityManager: Start proc com.comtop.mim for activity com.comtop.mim/.ui.SplashActivity: pid=5562 uid=10817 gids={50817, 1028, 3003, 1015}
02-27 18:47:43.240  1292  3789 W ContextImpl: Calling a method in the system process without a qualified user: android.app.ContextImpl.sendBroadcast:1252 android.content.ContextWrapper.sendBroadcast:365 com.motorola.motocare.util.TriggerHelper$TriggerBuilder.send:76 com.motorola.motocare.internal.frameworkevents.PauseResumeTrigger.handleFrameworkEvent:53 com.motorola.motocare.internal.frameworkevents.FwEventMonitor$FrameworkListener.processFrameworkEvent:114 
02-27 18:47:44.953  1039  1055 I LaunchCheckinHandler: Displayed com.comtop.mim/.ui.SplashActivity,cp,ca,1800
02-27 18:47:44.989  1039  1049 I ActivityManager: START u0 {cmp=com.comtop.mim/.ui.MainActivity (has extras)} from pid 5562
02-27 18:47:44.991  1292  3789 W ContextImpl: Calling a method in the system process without a qualified user: android.app.ContextImpl.sendBroadcast:1252 android.content.ContextWrapper.sendBroadcast:365 com.motorola.motocare.util.TriggerHelper$TriggerBuilder.send:76 com.motorola.motocare.internal.frameworkevents.PauseResumeTrigger.handleFrameworkEvent:53 com.motorola.motocare.internal.frameworkevents.FwEventMonitor$FrameworkListener.processFrameworkEvent:114 
02-27 18:47:44.995  1292  3789 W ContextImpl: Calling a method in the system process without a qualified user: android.app.ContextImpl.sendBroadcast:1252 android.content.ContextWrapper.sendBroadcast:365 com.motorola.motocare.util.TriggerHelper$TriggerBuilder.send:76 com.motorola.motocare.internal.frameworkevents.PauseResumeTrigger.handleFrameworkEvent:53 com.motorola.motocare.internal.frameworkevents.FwEventMonitor$FrameworkListener.processFrameworkEvent:114 
--------- beginning of /dev/log/main
02-27 18:47:46.126  5562  5562 I EgoAccount.api: getLoginState:0
02-27 18:47:46.126  5562  5562 D may     : change title used time: 36
02-27 18:47:46.127  5562  5562 I Native  : InetIO_ngetLoginState
02-27 18:47:46.127  5562  5562 I Native  : current user idvj1r4l00015312d9060f1f
02-27 18:47:46.127  5562  5562 I EgoAccount.api: getLoginState:0
02-27 18:47:46.127  5562  5562 D may     : =====>im login state: idle
02-27 18:47:46.127  5562  5562 I Native  : InetIO_ngetLoginState
02-27 18:47:46.127  5562  5562 I Native  : current user idvj1r4l00015312d9060f1f
02-27 18:47:46.127  5562  5562 I EgoAccount.api: getLoginState:0
02-27 18:47:46.127  5562  5562 D may     : ======>unread count: 0, service: null
02-27 18:47:46.136  5562  5562 D may     : update msg used time: 10
02-27 18:47:46.136  5562  5562 D AsyncHttpClient: Beware! Using the fix is insecure, as it doesn't verify SSL certificates.
02-27 18:47:46.155  1039  1092 D WifiStateMachine: handleMessage: X
02-27 18:47:46.235  5562  5562 D UpgradeManager: CheckUpgrade url = http://120.76.73.24:6888/upgrade/api/version/read_version?appType=android&appCode=msp
02-27 18:47:46.260  5562  5562 D may     : check update used time: 124
02-27 18:47:46.262  5562  5562 D may     : locale: zh_CN
02-27 18:47:46.268  5562  5562 D AbsHttpRequestResolver: http://120.76.73.24:6888/msp-cms/router?
02-27 18:47:46.273  5562  5562 I System.out: ---->sign=1E2B777F399B6C73446E7A1B8A88C7C905CC4150
02-27 18:47:46.277  5562  5562 I System.out: ---->timestamp=1456570067203
02-27 18:47:46.282  5562  5562 I System.out: ---->v=1.0
02-27 18:47:46.285  5562  5562 I System.out: ---->nonce=a279417b72f24c4cbdb91edf238feac1
02-27 18:47:46.290  5562  5562 I System.out: ---->sessionId=dfae439d-3487-4d05-8c68-1d43049a724c
02-27 18:47:46.294  5562  5562 I System.out: ---->locale=zh_CN
02-27 18:47:46.298  5562  5562 I System.out: ---->method=banner.list
02-27 18:47:46.302  5562  5562 I System.out: ---->format=json
02-27 18:47:46.304  5562  5562 I System.out: ---->appKey=00015312d9063120
02-27 18:47:46.306  5562  5562 D may     : ---->&sign=1E2B777F399B6C73446E7A1B8A88C7C905CC4150&timestamp=1456570067203&v=1.0&nonce=a279417b72f24c4cbdb91edf238feac1&sessionId=dfae439d-3487-4d05-8c68-1d43049a724c&locale=zh_CN&method=banner.list&format=json&appKey=00015312d9063120
02-27 18:47:46.311  5562  5562 D may     : locale: zh_CN
02-27 18:47:46.316  5562  5562 D AbsHttpRequestResolver: http://120.76.73.24:6888/msp-cms/router?
02-27 18:47:46.318  5446  5483 I jni/inet/android/native/common/calljava.cpp: nativeLog
02-27 18:47:46.321  5446  5469 W tcminetimpl@native@tcms@msg@recvbytesmynative: 38,fd=55,bufsize=38
02-27 18:47:46.323  5446  5469 I nativeLog: begin native log
02-27 18:47:46.328  5446  5483 I jni/inet/android/native/common/calljava.cpp: uniDecodeString
02-27 18:47:46.338   273   689 D hardware_info: hw_info_append_hw_type : device_name = speaker
02-27 18:47:46.345  5562  5562 I System.out: ---->sign=DFD5D10E968E53DD35C7634A8029A841C87FB2D4
02-27 18:47:46.346  5562  5562 I System.out: ---->timestamp=1456570067253
02-27 18:47:46.348  5562  5562 I System.out: ---->v=1.0
02-27 18:47:46.350  5562  5562 I System.out: ---->nonce=b205e55bf27346f0a8e766988acf3536
02-27 18:47:46.354  5446  5483 I jni/inet/android/native/common/calljava.cpp: nativeLog
02-27 18:47:46.358  5446  5486 I TcmInet@native@tcms: INetImpl::GetMsg, seqid=5,interface=TCMInterface,method=syncMsg, errcode=0,msgtype=1
02-27 18:47:46.360  5446  5485 I TcmInet@native@tcms: clientAsyncCallbackThrFunc get a msg, seqId:1607878968
02-27 18:47:46.364  5446  5485 D PushBase@native: PushBaseCallback::onSendSuccess, interface:TCMInterface, method:syncMsg,  data:
02-27 18:47:46.368  5446  5469 W tcminetimpl@native@tcms@msgmynative: SaveRspMsg,interface=TCMInterface,method=syncMsg,seqid=5,sessionId=1,cmdtype=1
02-27 18:47:46.370  5562  5562 I System.out: ---->sessionId=dfae439d-3487-4d05-8c68-1d43049a724c
02-27 18:47:46.374  5562  5562 I System.out: ---->curPage=0
02-27 18:47:46.376  5446  5469 I nativeLog: begin native log
02-27 18:47:46.413  5562  5566 D dalvikvm: GC_CONCURRENT freed 1949K, 9% free 21487K/23468K, paused 5ms+3ms, total 73ms
02-27 18:47:46.414  5562  5617 D dalvikvm: WAIT_FOR_CONCURRENT_GC blocked 32ms
02-27 18:47:46.414  5562  5562 D dalvikvm: WAIT_FOR_CONCURRENT_GC blocked 33ms
02-27 18:47:46.414  5562  5562 I System.out: ---->tag=
02-27 18:47:46.414  5562  5562 I System.out: ---->locale=zh_CN
02-27 18:47:46.414  5562  5562 I System.out: ---->pageSize=10
02-27 18:47:46.414  5562  5562 I System.out: ---->method=news.page
02-27 18:47:46.416  5562  5562 I System.out: ---->format=json
02-27 18:47:46.416  5562  5562 I System.out: ---->appKey=00015312d9063120
02-27 18:47:46.416  5562  5562 D may     : ---->&sign=DFD5D10E968E53DD35C7634A8029A841C87FB2D4&timestamp=1456570067253&v=1.0&nonce=b205e55bf27346f0a8e766988acf3536&sessionId=dfae439d-3487-4d05-8c68-1d43049a724c&curPage=0&tag=&locale=zh_CN&pageSize=10&method=news.page&format=json&appKey=00015312d9063120
02-27 18:47:46.439  5562  5562 D may     : locale: zh_CN
02-27 18:47:46.443  5562  5562 D AbsHttpRequestResolver: http://120.76.73.24:6888/msp-ams/router?
02-27 18:47:46.447  5562  5562 I System.out: ---->sign=BB24E534CD4666C2DD705F76859DB69D4B57DEF9
02-27 18:47:46.451  5562  5562 I System.out: ---->timestamp=1456570067381
02-27 18:47:46.453  5562  5562 I System.out: ---->v=1.0
02-27 18:47:46.454  5562  5562 I System.out: ---->platform=android
02-27 18:47:46.462  5562  5562 I System.out: ---->nonce=19df18ae2532431ebffef324e7ac6fd8
02-27 18:47:46.466  5562  5562 I System.out: ---->sessionId=dfae439d-3487-4d05-8c68-1d43049a724c
02-27 18:47:46.469  5562  5562 I System.out: ---->locale=zh_CN
02-27 18:47:46.472  5562  5562 I System.out: ---->method=workcircle.app.list
02-27 18:47:46.475  5562  5562 I System.out: ---->format=json
02-27 18:47:46.479  5562  5562 I System.out: ---->appKey=00015312d9063120
02-27 18:47:46.483  5562  5562 D may     : ---->&sign=BB24E534CD4666C2DD705F76859DB69D4B57DEF9&timestamp=1456570067381&v=1.0&platform=android&nonce=19df18ae2532431ebffef324e7ac6fd8&sessionId=dfae439d-3487-4d05-8c68-1d43049a724c&locale=zh_CN&method=workcircle.app.list&format=json&appKey=00015312d9063120
02-27 18:47:46.498  5562  5562 V AsyncHttpResponseHandler: Progress 63 from 1 (6300%)
02-27 18:47:46.501  5562  5562 I Native  : InetIO_ngetLoginState
02-27 18:47:46.501  5562  5562 I Native  : current user idvj1r4l00015312d9060f1f
02-27 18:47:46.501  5562  5562 I EgoAccount.api: getLoginState:0
02-27 18:47:46.501  5562  5562 D may     : =====>im login state: idle
02-27 18:47:46.501  5562  5562 I Native  : InetIO_ngetLoginState
02-27 18:47:46.501  5562  5562 I Native  : current user idvj1r4l00015312d9060f1f
02-27 18:47:46.502  5562  5562 I EgoAccount.api: getLoginState:0
02-27 18:47:46.502  5562  5562 I Native  : InetIO_ngetLoginState
02-27 18:47:46.502  5562  5562 I Native  : current user idvj1r4l00015312d9060f1f
02-27 18:47:46.502  5562  5562 I EgoAccount.api: getLoginState:0
02-27 18:47:46.520  5562  5562 D may     : =====>im login state: idle
02-27 18:47:46.520  5562  5562 I Native  : InetIO_ngetLoginState
02-27 18:47:46.521  5562  5562 I Native  : current user idvj1r4l00015312d9060f1f
02-27 18:47:46.522  5562  5562 I EgoAccount.api: getLoginState:0
02-27 18:47:46.528  5562  5562 I YWAPI   : getIMKitInstance userid=00015312d9060f1f appkey=23232985
02-27 18:47:46.534  5562  5562 I YWAPI   : createIMCore userId=00015312d9060f1f appkey=23232985
02-27 18:47:46.535  5562  5562 I im@im@login: [Login-login]00015312d9060f1f 
02-27 18:47:46.547  5562  5562 I WxUtil  : current process name:com.comtop.mim---main process name:com.comtop.mim
02-27 18:47:46.548  5562  5562 D may     : =====>loginBaiChuanProgressing
02-27 18:47:46.552  5562  5562 D EgoAccount.api: getAccount:idvj1r4l00015312d9060f1f appId:100817
02-27 18:47:46.563  5562  5562 I YWAccount: loginAccount
02-27 18:47:46.565  5562  5562 D YWChannel: YWChannel getSessionId mOpenAccountAdapter is null
02-27 18:47:46.569  5562  5562 D im@im@login: [Login-loginAccount]mSessionId is emplty get sessionId = 
02-27 18:47:46.572  5562  5562 D im@im@login: [Login-loginAccount]mSessionId still is emplty
02-27 18:47:46.576  5562  5562 D YWAccount: updateUserAccount called prefix=idvj1r4l
02-27 18:47:46.581  5562  5562 D EgoAccount.api: getAccount:idvj1r4l00015312d9060f1f appId:100817
02-27 18:47:46.584  5562  5562 D EgoAccount.api: getAccount:idvj1r4l00015312d9060f1f appId:100817
02-27 18:47:46.586  5562  5562 D LoginParam: setSsoParam:{"appkey":"23232985"}
02-27 18:47:46.590  5562  5562 D YWContactManagerImpl: com.alibaba.mobileim.gingko.presenter.contact.YWContactManagerImpl@422d1950
02-27 18:47:46.593  5562  5562 W YWAccount: contact null
02-27 18:47:46.595  5562  5562 D im@im@login: [Login-loginAccount]login contact is null!
02-27 18:47:46.598  5562  5562 D im@im@login: [Login-loginAccount]start login timeout=120000
02-27 18:47:46.601  5562  5562 D Account : mLoginState1 this:com.alibaba.mobileim.lib.presenter.account.Account@423b2698
02-27 18:47:46.605  5562  5562 D Account : postDelayed,timeoutTaskcom.alibaba.mobileim.lib.presenter.account.Account$9@42014378
02-27 18:47:46.644   269   706 I SFPerfTracer:      triggers: (rate: 0:10) (20708 sw vsyncs) (0 skipped) (84:182824 vsyncs) (86:371739)
02-27 18:47:46.654  5562  5562 I YWAccount: addConnectionListener 
