02-18 20:43:28.752 16382-16418/com.comtop.mim:TcmsService W/tcminetimpl@native@tcms@msgmynative: PostMsg,interface=wx,method=s,seqid=35,sessionid:2,cmdtype=2,compress=0,encrypted=0
02-18 20:43:28.753 16382-16418/com.comtop.mim:TcmsService I/nativeLog: begin native log
02-18 20:43:28.753 16382-16654/com.comtop.mim:TcmsService I/tcminetimpl@native@tcms: postData2Server, seqid:35, data.len:163
02-18 20:43:28.754 16382-16654/com.comtop.mim:TcmsService I/tcminetimpl@native@tcms: postData2Server, m_seqtsMap.len:0
02-18 20:43:28.754 16382-16429/com.comtop.mim:TcmsService I/jni/inet/android/native/common/calljava.cpp: nativeLog
02-18 20:43:28.754 16382-16418/com.comtop.mim:TcmsService W/tcminetimpl@native@tcms@msg@sendbytesmynative: 326,fd=56,error=11
02-18 20:43:28.755 16382-16418/com.comtop.mim:TcmsService I/nativeLog: begin native log
02-18 20:43:28.760 16334-17241/com.comtop.mim D/DataBaseUtils: doContentResolverQueryWrapper uri=content://com.comtop.mim.aliwxprovider/wwTribeUser
02-18 20:43:28.791 16334-16334/com.comtop.mim I/Native: InetIO_ngetLoginState
02-18 20:43:28.792 16334-16334/com.comtop.mim I/Native: current user idvj1r4l000150888766a901
02-18 20:43:28.793 16334-16334/com.comtop.mim I/EgoAccount.api: getLoginState:3
02-18 20:43:28.796 16334-16334/com.comtop.mim D/SocketChannel: doTribeOperation:::reqData:{"members":["idvj1r4l000152e838f7358c1"],"tid":1900123130}
02-18 20:43:28.797 16334-17241/com.comtop.mim D/DataBaseUtils: doContentResolverQueryWrapper uri=content://com.comtop.mim.aliwxprovider/wwTribeUser
02-18 20:43:28.800 16334-16334/com.comtop.mim I/openimprotocol@native: ImReqTribe_packData
02-18 20:43:28.801 16334-16334/com.comtop.mim I/openimprotocol@native: ImReqTribe_packData success!
02-18 20:43:28.803 16334-16377/com.comtop.mim D/InetIO: asyncCall，  cmdid：16777473 appId:100817 bizId:0
02-18 20:43:28.803 16334-16377/com.comtop.mim I/Native: InetIO_asyncCall
02-18 20:43:28.803 16334-16377/com.comtop.mim I/WXContext@idvj1r4l000150888766a901@login: extrahead:idvj1r4l000150888766a901, reserved:1
02-18 20:43:28.803 16334-16377/com.comtop.mim I/inetimpl@native@im@msg: PostMsg,cmdid=0x1000101,seqid=30,cmdtype=0,compress=1,encrypted=28
02-18 20:43:28.803 16334-16377/com.comtop.mim D/packagesize: headerlen:52, bodylen:88, extraheadlen:24
02-18 20:43:28.804 16334-16599/com.comtop.mim I/inetimpl@native@im@msg@sendbytes: 146,fd=92,error=11
02-18 20:43:28.809 16382-16654/com.comtop.mim:TcmsService I/LocalSocketServer@native@tcms: poll fd:58, event:1
02-18 20:43:28.810 16382-16654/com.comtop.mim:TcmsService I/jni/inet/android/native/common/calljava.cpp: nativeLog
02-18 20:43:28.812 16334-16334/com.comtop.mim D/test: cmdId:16777473
02-18 20:43:28.814 16382-16429/com.comtop.mim:TcmsService I/jni/inet/android/native/common/calljava.cpp: nativeLog
02-18 20:43:28.816 16334-16334/com.comtop.mim D/SocketChanneldoAsyncCall: reqCmdId:16777473 reqData:[B@42d99508 sAppId:100817
02-18 20:43:28.817 16334-16334/com.comtop.mim D/test: cmdId:16777473
02-18 20:43:28.819 16382-16418/com.comtop.mim:TcmsService W/tcminetimpl@native@tcms@msgmynative: PostMsg,interface=wx,method=s,seqid=36,sessionid:2,cmdtype=2,compress=0,encrypted=0
02-18 20:43:28.820 16382-16418/com.comtop.mim:TcmsService I/nativeLog: begin native log
02-18 20:43:28.822 16382-16418/com.comtop.mim:TcmsService W/tcminetimpl@native@tcms@msg@recvbytesmynative: 138,fd=56,bufsize=138
02-18 20:43:28.824 16382-16418/com.comtop.mim:TcmsService I/nativeLog: begin native log
02-18 20:43:28.825 16382-16429/com.comtop.mim:TcmsService I/SccomHelper@native: 包未加密
02-18 20:43:28.827 16382-16432/com.comtop.mim:TcmsService I/TcmInet@native@tcms: INetImpl::GetMsg, seqid=0,interface=wx,method=s, errcode=0,msgtype=2
02-18 20:43:28.829 16382-16430/com.comtop.mim:TcmsService I/TcmInet@native@tcms: clientServiceThrFunc get one notify,interface=wx, method=s, sessionId=2, seqid=0
02-18 20:43:28.830 16334-16334/com.comtop.mim I/Native: InetIO_ngetLoginState
02-18 20:43:28.831 16334-16334/com.comtop.mim I/Native: current user idvj1r4l000150888766a901
02-18 20:43:28.832 16334-16334/com.comtop.mim I/EgoAccount.api: getLoginState:3
02-18 20:43:28.832 16334-16334/com.comtop.mim D/SocketChannel: doTribeOperation:::reqData:{"members":["idvj1r4l0001527cf616f2434f"],"tid":1900123729}
02-18 20:43:28.833 16334-16334/com.comtop.mim I/openimprotocol@native: ImReqTribe_packData
02-18 20:43:28.834 16334-16334/com.comtop.mim I/openimprotocol@native: ImReqTribe_packData success!
02-18 20:43:28.835 16334-16377/com.comtop.mim D/InetIO: asyncCall，  cmdid：16777473 appId:100817 bizId:0
02-18 20:43:28.835 16334-16377/com.comtop.mim I/Native: InetIO_asyncCall
02-18 20:43:28.835 16334-16377/com.comtop.mim I/WXContext@idvj1r4l000150888766a901@login: extrahead:idvj1r4l000150888766a901, reserved:1
02-18 20:43:28.836 16334-16377/com.comtop.mim I/inetimpl@native@im@msg: PostMsg,cmdid=0x1000101,seqid=31,cmdtype=0,compress=1,encrypted=28
02-18 20:43:28.836 16334-16377/com.comtop.mim D/packagesize: headerlen:52, bodylen:88, extraheadlen:24
02-18 20:43:28.836 16334-16599/com.comtop.mim I/inetimpl@native@im@msg@sendbytes: 146,fd=92,error=11
02-18 20:43:28.838 16334-16334/com.comtop.mim D/test: cmdId:16777473
02-18 20:43:28.850 16334-16334/com.comtop.mim D/SocketChanneldoAsyncCall: reqCmdId:16777473 reqData:[B@41f53100 sAppId:100817
02-18 20:43:28.851 16382-16430/com.comtop.mim:TcmsService D/tcmsposix@native@tcms: get a notify, sessionId:2, interface:wx, method:s, 
02-18 20:43:28.852 16334-16599/com.comtop.mim I/inetimpl@native@im@msg@recvbytes: 120,fd=92,bufsize=120
02-18 20:43:28.852 16334-16334/com.comtop.mim D/test: cmdId:16777473
02-18 20:43:28.853 16334-16599/com.comtop.mim I/inetimpl@native@im@msg@recv: 接收到消息, seqid=27
02-18 20:43:28.854 16334-16601/com.comtop.mim I/InetIO: ResponseSuccess, cmdid:16777473
02-18 20:43:28.854 16334-16601/com.comtop.mim D/WXServiceCallbackDefault.api: cmdid:16777473 state: true
02-18 20:43:28.855 16334-16601/com.comtop.mim I/openimprotocol@native: ImRspTribe_unpackData
02-18 20:43:28.855 16334-16601/com.comtop.mim I/openimprotocol@native: ImRspTribe_unpackData success!
02-18 20:43:28.856 16334-16601/com.comtop.mim I/TribeManager: onSuccess
02-18 20:43:28.857 16334-16601/com.comtop.mim D/TribeManager: getRspData:{"members":[{"nick":"","uid":"idvj1r4l0001527cf616f2434f"}]}
02-18 20:43:28.857 16334-16601/com.comtop.mim D/WXServiceCallbackDefault@tribe: Retcode = 0
02-18 20:43:28.858 16334-16334/com.comtop.mim I/Native: InetIO_ngetLoginState
02-18 20:43:28.858 16334-16334/com.comtop.mim I/Native: current user idvj1r4l000150888766a901
02-18 20:43:28.858 16334-16601/com.comtop.mim D/WXServiceCallbackDefault@tribe: RspData = {"members":[{"nick":"","uid":"idvj1r4l0001527cf616f2434f"}]}
02-18 20:43:28.859 16334-16334/com.comtop.mim I/EgoAccount.api: getLoginState:3
02-18 20:43:28.859 16334-16601/com.comtop.mim D/WXServiceCallbackDefault@tribe: Operation = getMemberNick
02-18 20:43:28.860 16334-16334/com.comtop.mim D/SocketChannel: doTribeOperation:::reqData:{"members":["idvj1r4l000150888766a901"],"tid":1900128244}
02-18 20:43:28.860 16334-16334/com.comtop.mim I/openimprotocol@native: ImReqTribe_packData
02-18 20:43:28.853 16334-16599/com.comtop.mim I/inetimpl@native@im@msg: SaveRspMsg,cmdid=0x1010101,seqid=27,cmdtype=0,compress=1,encrypted=6182
02-18 20:43:28.861 16334-16334/com.comtop.mim I/openimprotocol@native: ImReqTribe_packData success!
02-18 20:43:28.863 16334-16377/com.comtop.mim D/InetIO: asyncCall，  cmdid：16777473 appId:100817 bizId:0
02-18 20:43:28.863 16334-16377/com.comtop.mim I/Native: InetIO_asyncCall
02-18 20:43:28.863 16334-16377/com.comtop.mim I/WXContext@idvj1r4l000150888766a901@login: extrahead:idvj1r4l000150888766a901, reserved:1
02-18 20:43:28.863 16334-16377/com.comtop.mim I/inetimpl@native@im@msg: PostMsg,cmdid=0x1000101,seqid=32,cmdtype=0,compress=1,encrypted=28
02-18 20:43:28.863 16334-16377/com.comtop.mim D/packagesize: headerlen:52, bodylen:88, extraheadlen:24
02-18 20:43:28.864 16334-16599/com.comtop.mim I/inetimpl@native@im@msg@sendbytes: 146,fd=92,error=11
02-18 20:43:28.870 16382-16430/com.comtop.mim:TcmsService I/LocalSocketServer@native@tcms: exitPoll
02-18 20:43:28.870 16382-16429/com.comtop.mim:TcmsService I/jni/inet/android/native/common/calljava.cpp: nativeLog
02-18 20:43:28.870 16382-16418/com.comtop.mim:TcmsService W/tcminetimpl@native@tcms@msgmynative: SaveRspMsg,interface=wx,method=s,seqid=0,sessionId=2,cmdtype=2
02-18 20:43:28.870 16382-16418/com.comtop.mim:TcmsService I/nativeLog: begin native log
02-18 20:43:28.870 16382-16429/com.comtop.mim:TcmsService I/jni/inet/android/native/common/calljava.cpp: nativeLog
02-18 20:43:28.871 16382-16418/com.comtop.mim:TcmsService W/tcminetimpl@native@tcms@msg@recvbytesmynative: 138,fd=56,bufsize=138
02-18 20:43:28.871 16382-16418/com.comtop.mim:TcmsService I/nativeLog: begin native log
02-18 20:43:28.871 16382-16429/com.comtop.mim:TcmsService I/SccomHelper@native: 包未加密
02-18 20:43:28.871 16382-16429/com.comtop.mim:TcmsService I/jni/inet/android/native/common/calljava.cpp: nativeLog
02-18 20:43:28.871 16382-16432/com.comtop.mim:TcmsService I/TcmInet@native@tcms: INetImpl::GetMsg, seqid=0,interface=wx,method=s, errcode=0,msgtype=2
02-18 20:43:28.871 16382-16430/com.comtop.mim:TcmsService I/TcmInet@native@tcms: clientServiceThrFunc get one notify,interface=wx, method=s, sessionId=2, seqid=0
02-18 20:43:28.872 16382-16430/com.comtop.mim:TcmsService D/tcmsposix@native@tcms: get a notify, sessionId:2, interface:wx, method:s, 
02-18 20:43:28.872 16334-16599/com.comtop.mim I/inetimpl@native@im@msg@recvbytes: 120,fd=92,bufsize=120
02-18 20:43:28.872 16334-16599/com.comtop.mim I/inetimpl@native@im@msg@recv: 接收到消息, seqid=28
02-18 20:43:28.872 16334-16599/com.comtop.mim I/inetimpl@native@im@msg: SaveRspMsg,cmdid=0x1010101,seqid=28,cmdtype=0,compress=1,encrypted=5938
02-18 20:43:28.872 16334-16601/com.comtop.mim I/InetIO: ResponseSuccess, cmdid:16777473
02-18 20:43:28.873 16334-16601/com.comtop.mim D/WXServiceCallbackDefault.api: cmdid:16777473 state: true
02-18 20:43:28.868 16334-16334/com.comtop.mim D/test: cmdId:16777473
02-18 20:43:28.873 16334-16601/com.comtop.mim I/openimprotocol@native: ImRspTribe_unpackData
02-18 20:43:28.873 16334-16601/com.comtop.mim I/openimprotocol@native: ImRspTribe_unpackData success!
02-18 20:43:28.873 16334-16601/com.comtop.mim I/TribeManager: onSuccess
02-18 20:43:28.873 16334-16601/com.comtop.mim D/TribeManager: getRspData:{"members":[{"nick":"","uid":"idvj1r4l000150888766a901"}]}
02-18 20:43:28.873 16334-16601/com.comtop.mim D/WXServiceCallbackDefault@tribe: Retcode = 0
02-18 20:43:28.874 16334-16601/com.comtop.mim D/WXServiceCallbackDefault@tribe: RspData = {"members":[{"nick":"","uid":"idvj1r4l000150888766a901"}]}
02-18 20:43:28.874 16334-16601/com.comtop.mim D/WXServiceCallbackDefault@tribe: Operation = getMemberNick
02-18 20:43:28.874 16382-16430/com.comtop.mim:TcmsService I/LocalSocketServer@native@tcms: exitPoll
02-18 20:43:28.874 16382-16418/com.comtop.mim:TcmsService W/tcminetimpl@native@tcms@msgmynative: SaveRspMsg,interface=wx,method=s,seqid=0,sessionId=2,cmdtype=2
02-18 20:43:28.875 16382-16418/com.comtop.mim:TcmsService I/nativeLog: begin native log
02-18 20:43:28.875 16382-16654/com.comtop.mim:TcmsService I/tcminetimpl@native@tcms: postData2Server, seqid:36, data.len:163
02-18 20:43:28.875 16382-16654/com.comtop.mim:TcmsService I/tcminetimpl@native@tcms: postData2Server, m_seqtsMap.len:0
02-18 20:43:28.878 16334-16334/com.comtop.mim D/SocketChanneldoAsyncCall: reqCmdId:16777473 reqData:[B@4229c478 sAppId:100817
02-18 20:43:28.886 16382-16429/com.comtop.mim:TcmsService I/jni/inet/android/native/common/calljava.cpp: nativeLog
02-18 20:43:28.887 16382-16418/com.comtop.mim:TcmsService W/tcminetimpl@native@tcms@msg@sendbytesmynative: 163,fd=56,error=11
02-18 20:43:28.887 16334-16334/com.comtop.mim D/test: cmdId:16777473
02-18 20:43:28.887 16382-16418/com.comtop.mim:TcmsService I/nativeLog: begin native log
02-18 20:43:28.886 16382-16654/com.comtop.mim:TcmsService I/LocalSocketServer@native@tcms: poll fd:58, event:1
02-18 20:43:28.924 16382-16654/com.comtop.mim:TcmsService I/jni/inet/android/native/common/calljava.cpp: nativeLog
02-18 20:43:28.925 16382-16418/com.comtop.mim:TcmsService W/tcminetimpl@native@tcms@msgmynative: PostMsg,interface=wx,method=s,seqid=37,sessionid:2,cmdtype=2,compress=0,encrypted=0
02-18 20:43:28.925 16382-16418/com.comtop.mim:TcmsService I/nativeLog: begin native log
02-18 20:43:28.919 16382-16429/com.comtop.mim:TcmsService I/jni/inet/android/native/common/calljava.cpp: nativeLog
02-18 20:43:28.950 16334-16334/com.comtop.mim D/myg: start watch!
02-18 20:43:28.951 16334-16334/com.comtop.mim D/myg: com.squareup.leakcanary.RefWatcher
02-18 20:43:28.952 16334-16334/com.comtop.mim D/YWContactManagerImpl: removeProfileUpdateListener = com.alibaba.mobileim.kit.conversation.ConversationAdapter@42ce7cb8
02-18 20:43:28.953 16334-16334/com.comtop.mim I/YWAccount: removeConnectionListener 
02-18 20:43:28.954 16382-16418/com.comtop.mim:TcmsService W/tcminetimpl@native@tcms@msg@recvbytesmynative: 138,fd=56,bufsize=138
02-18 20:43:28.955 16334-16334/com.comtop.mim I/WxConversationFragment: ondestroy
02-18 20:43:28.959 16382-16418/com.comtop.mim:TcmsService I/nativeLog: begin native log
02-18 20:43:28.963 16334-16334/com.comtop.mim I/YWConversationManagerImpl: removeConversationListener
02-18 20:43:28.964 16334-16334/com.comtop.mim D/myg: start watch!
02-18 20:43:28.963 16382-16429/com.comtop.mim:TcmsService I/SccomHelper@native: 包未加密
02-18 20:43:28.966 16334-16334/com.comtop.mim D/myg: com.squareup.leakcanary.RefWatcher
02-18 20:43:28.976 16382-16432/com.comtop.mim:TcmsService I/TcmInet@native@tcms: INetImpl::GetMsg, seqid=0,interface=wx,method=s, errcode=0,msgtype=2
02-18 20:43:28.978 16382-16430/com.comtop.mim:TcmsService I/TcmInet@native@tcms: clientServiceThrFunc get one notify,interface=wx, method=s, sessionId=2, seqid=0
02-18 20:43:28.980 16382-16430/com.comtop.mim:TcmsService D/tcmsposix@native@tcms: get a notify, sessionId:2, interface:wx, method:s, 
02-18 20:43:28.983 16334-16599/com.comtop.mim I/inetimpl@native@im@msg@recvbytes: 120,fd=92,bufsize=120
02-18 20:43:28.985 16382-16430/com.comtop.mim:TcmsService I/LocalSocketServer@native@tcms: exitPoll
02-18 20:43:28.985 16334-16599/com.comtop.mim I/inetimpl@native@im@msg@recv: 接收到消息, seqid=29
02-18 20:43:28.986 16334-16599/com.comtop.mim I/inetimpl@native@im@msg: SaveRspMsg,cmdid=0x1010101,seqid=29,cmdtype=0,compress=1,encrypted=5938
02-18 20:43:28.986 16334-16601/com.comtop.mim I/InetIO: ResponseSuccess, cmdid:16777473
02-18 20:43:28.987 16334-16601/com.comtop.mim D/WXServiceCallbackDefault.api: cmdid:16777473 state: true
02-18 20:43:28.987 16334-16601/com.comtop.mim I/openimprotocol@native: ImRspTribe_unpackData
02-18 20:43:28.987 16334-16601/com.comtop.mim I/openimprotocol@native: ImRspTribe_unpackData success!
02-18 20:43:28.988 16334-16601/com.comtop.mim I/TribeManager: onSuccess
02-18 20:43:28.988 16334-16601/com.comtop.mim D/TribeManager: getRspData:{"members":[{"nick":"","uid":"idvj1r4l000150888766a901"}]}
02-18 20:43:28.988 16334-16601/com.comtop.mim D/WXServiceCallbackDefault@tribe: Retcode = 0
02-18 20:43:28.989 16334-16601/com.comtop.mim D/WXServiceCallbackDefault@tribe: RspData = {"members":[{"nick":"","uid":"idvj1r4l000150888766a901"}]}
02-18 20:43:28.989 16334-16601/com.comtop.mim D/WXServiceCallbackDefault@tribe: Operation = getMemberNick
02-18 20:43:28.995 16382-16429/com.comtop.mim:TcmsService I/jni/inet/android/native/common/calljava.cpp: nativeLog
02-18 20:43:29.000 16382-16418/com.comtop.mim:TcmsService W/tcminetimpl@native@tcms@msgmynative: SaveRspMsg,interface=wx,method=s,seqid=0,sessionId=2,cmdtype=2
02-18 20:43:29.001 16382-16418/com.comtop.mim:TcmsService I/nativeLog: begin native log
02-18 20:43:29.003 16382-16654/com.comtop.mim:TcmsService I/tcminetimpl@native@tcms: postData2Server, seqid:37, data.len:163
02-18 20:43:29.005 16382-16654/com.comtop.mim:TcmsService I/tcminetimpl@native@tcms: postData2Server, m_seqtsMap.len:0
02-18 20:43:29.006 16382-16654/com.comtop.mim:TcmsService I/LocalSocketServer@native@tcms: poll fd:58, event:1
02-18 20:43:29.008 16382-16654/com.comtop.mim:TcmsService I/jni/inet/android/native/common/calljava.cpp: nativeLog
02-18 20:43:29.009 16382-16418/com.comtop.mim:TcmsService W/tcminetimpl@native@tcms@msgmynative: PostMsg,interface=wx,method=s,seqid=38,sessionid:2,cmdtype=2,compress=0,encrypted=0
02-18 20:43:29.013 16382-16418/com.comtop.mim:TcmsService I/nativeLog: begin native log
02-18 20:43:29.015 16382-16429/com.comtop.mim:TcmsService I/jni/inet/android/native/common/calljava.cpp: nativeLog
02-18 20:43:29.019 16382-16418/com.comtop.mim:TcmsService W/tcminetimpl@native@tcms@msg@sendbytesmynative: 163,fd=56,error=11
02-18 20:43:29.024 16382-16418/com.comtop.mim:TcmsService I/nativeLog: begin native log
02-18 20:43:29.025 16382-16429/com.comtop.mim:TcmsService I/jni/inet/android/native/common/calljava.cpp: nativeLog
02-18 20:43:29.027 16382-16418/com.comtop.mim:TcmsService W/tcminetimpl@native@tcms@msg@recvbytesmynative: 138,fd=56,bufsize=138
02-18 20:43:29.029 16382-16418/com.comtop.mim:TcmsService I/nativeLog: begin native log
02-18 20:43:29.032 16382-16429/com.comtop.mim:TcmsService I/SccomHelper@native: 包未加密
02-18 20:43:29.033 16382-16429/com.comtop.mim:TcmsService I/jni/inet/android/native/common/calljava.cpp: nativeLog
02-18 20:43:29.034 16382-16432/com.comtop.mim:TcmsService I/TcmInet@native@tcms: INetImpl::GetMsg, seqid=0,interface=wx,method=s, errcode=0,msgtype=2
02-18 20:43:29.036 16382-16430/com.comtop.mim:TcmsService I/TcmInet@native@tcms: clientServiceThrFunc get one notify,interface=wx, method=s, sessionId=2, seqid=0
02-18 20:43:29.037 16382-16430/com.comtop.mim:TcmsService D/tcmsposix@native@tcms: get a notify, sessionId:2, interface:wx, method:s, 
02-18 20:43:29.038 16334-16599/com.comtop.mim I/inetimpl@native@im@msg@recvbytes: 120,fd=92,bufsize=120
02-18 20:43:29.039 16334-16599/com.comtop.mim I/inetimpl@native@im@msg@recv: 接收到消息, seqid=30
02-18 20:43:29.039 16334-16599/com.comtop.mim I/inetimpl@native@im@msg: SaveRspMsg,cmdid=0x1010101,seqid=30,cmdtype=0,compress=1,encrypted=6088
02-18 20:43:29.040 16334-16601/com.comtop.mim I/InetIO: ResponseSuccess, cmdid:16777473
02-18 20:43:29.040 16334-16601/com.comtop.mim D/WXServiceCallbackDefault.api: cmdid:16777473 state: true
02-18 20:43:29.041 16334-16601/com.comtop.mim I/openimprotocol@native: ImRspTribe_unpackData
02-18 20:43:29.042 16334-16601/com.comtop.mim I/openimprotocol@native: ImRspTribe_unpackData success!
02-18 20:43:29.043 16334-16601/com.comtop.mim I/TribeManager: onSuccess
02-18 20:43:29.044 16334-16601/com.comtop.mim D/TribeManager: getRspData:{"members":[{"nick":"","uid":"idvj1r4l000152e838f7358c1"}]}
02-18 20:43:29.047 16334-16601/com.comtop.mim D/WXServiceCallbackDefault@tribe: Retcode = 0
02-18 20:43:29.048 16334-16601/com.comtop.mim D/WXServiceCallbackDefault@tribe: RspData = {"members":[{"nick":"","uid":"idvj1r4l000152e838f7358c1"}]}
02-18 20:43:29.049 16334-16601/com.comtop.mim D/WXServiceCallbackDefault@tribe: Operation = getMemberNick
02-18 20:43:29.058 16382-16418/com.comtop.mim:TcmsService W/tcminetimpl@native@tcms@msgmynative: SaveRspMsg,interface=wx,method=s,seqid=0,sessionId=2,cmdtype=2
02-18 20:43:29.059 16382-16430/com.comtop.mim:TcmsService I/LocalSocketServer@native@tcms: exitPoll
02-18 20:43:29.059 16382-16418/com.comtop.mim:TcmsService I/nativeLog: begin native log
02-18 20:43:29.061 16382-16429/com.comtop.mim:TcmsService I/jni/inet/android/native/common/calljava.cpp: nativeLog
02-18 20:43:29.063 16382-16418/com.comtop.mim:TcmsService W/tcminetimpl@native@tcms@msg@recvbytesmynative: 138,fd=56,bufsize=138
02-18 20:43:29.065 16382-16418/com.comtop.mim:TcmsService I/nativeLog: begin native log
02-18 20:43:29.080 16382-16429/com.comtop.mim:TcmsService I/SccomHelper@native: 包未加密
02-18 20:43:29.082 16382-16429/com.comtop.mim:TcmsService I/jni/inet/android/native/common/calljava.cpp: nativeLog
02-18 20:43:29.084 16382-16432/com.comtop.mim:TcmsService I/TcmInet@native@tcms: INetImpl::GetMsg, seqid=0,interface=wx,method=s, errcode=0,msgtype=2
02-18 20:43:29.085 16382-16430/com.comtop.mim:TcmsService I/TcmInet@native@tcms: clientServiceThrFunc get one notify,interface=wx, method=s, sessionId=2, seqid=0
02-18 20:43:29.086 16382-16430/com.comtop.mim:TcmsService D/tcmsposix@native@tcms: get a notify, sessionId:2, interface:wx, method:s, 
02-18 20:43:29.086 16334-16599/com.comtop.mim I/inetimpl@native@im@msg@recvbytes: 120,fd=92,bufsize=120
02-18 20:43:29.086 16334-16599/com.comtop.mim I/inetimpl@native@im@msg@recv: 接收到消息, seqid=31
02-18 20:43:29.086 16334-16599/com.comtop.mim I/inetimpl@native@im@msg: SaveRspMsg,cmdid=0x1010101,seqid=31,cmdtype=0,compress=1,encrypted=6182
02-18 20:43:29.088 16334-16601/com.comtop.mim I/InetIO: ResponseSuccess, cmdid:16777473
02-18 20:43:29.088 16334-16601/com.comtop.mim D/WXServiceCallbackDefault.api: cmdid:16777473 state: true
02-18 20:43:29.088 16334-16601/com.comtop.mim I/openimprotocol@native: ImRspTribe_unpackData
02-18 20:43:29.088 16334-16601/com.comtop.mim I/openimprotocol@native: ImRspTribe_unpackData success!
02-18 20:43:29.088 16334-16601/com.comtop.mim I/TribeManager: onSuccess
02-18 20:43:29.091 16334-16601/com.comtop.mim D/TribeManager: getRspData:{"members":[{"nick":"","uid":"idvj1r4l0001527cf616f2434f"}]}
02-18 20:43:29.091 16334-16601/com.comtop.mim D/WXServiceCallbackDefault@tribe: Retcode = 0
02-18 20:43:29.091 16334-16601/com.comtop.mim D/WXServiceCallbackDefault@tribe: RspData = {"members":[{"nick":"","uid":"idvj1r4l0001527cf616f2434f"}]}
02-18 20:43:29.097 16334-16601/com.comtop.mim D/WXServiceCallbackDefault@tribe: Operation = getMemberNick
02-18 20:43:29.097 16382-16430/com.comtop.mim:TcmsService I/LocalSocketServer@native@tcms: exitPoll
02-18 20:43:29.108 16382-16418/com.comtop.mim:TcmsService W/tcminetimpl@native@tcms@msgmynative: SaveRspMsg,interface=wx,method=s,seqid=0,sessionId=2,cmdtype=2
02-18 20:43:29.109 16382-16418/com.comtop.mim:TcmsService I/nativeLog: begin native log
02-18 20:43:29.112 16382-16654/com.comtop.mim:TcmsService I/tcminetimpl@native@tcms: postData2Server, seqid:38, data.len:163
02-18 20:43:29.114 16382-16654/com.comtop.mim:TcmsService I/tcminetimpl@native@tcms: postData2Server, m_seqtsMap.len:0
02-18 20:43:29.116 16382-16429/com.comtop.mim:TcmsService I/jni/inet/android/native/common/calljava.cpp: nativeLog
02-18 20:43:29.118 16382-16418/com.comtop.mim:TcmsService W/tcminetimpl@native@tcms@msg@sendbytesmynative: 163,fd=56,error=11
02-18 20:43:29.120 16382-16418/com.comtop.mim:TcmsService I/nativeLog: begin native log
02-18 20:43:29.129 16334-16334/com.comtop.mim D/may: App--->getUserInfo(), mUser: com.comtop.mim.model.UserInfo@42cf3e18
02-18 20:43:29.130 16334-16334/com.comtop.mim D/may: locale: zh_CN
02-18 20:43:29.131 16334-16334/com.comtop.mim D/may: App--->getUserInfo(), mUser: com.comtop.mim.model.UserInfo@42cf3e18
02-18 20:43:29.134 16334-16334/com.comtop.mim D/AbsHttpRequestResolver: http://msp.szcomtop.com:6888/msp-cas/router?
02-18 20:43:29.137 16334-16334/com.comtop.mim I/System.out: ---->sign=35055275C43061A46CE3517C28941B152ED9D208
02-18 20:43:29.139 16334-16334/com.comtop.mim I/System.out: ---->timestamp=1455799413037
02-18 20:43:29.140 16334-16334/com.comtop.mim I/System.out: ---->v=1.0
02-18 20:43:29.143 16334-16334/com.comtop.mim I/System.out: ---->nonce=1455799413037
02-18 20:43:29.144 16334-16334/com.comtop.mim I/System.out: ---->sessionId=0c7e756f-a76d-429b-8611-aea817bb6824
02-18 20:43:29.147 16334-16334/com.comtop.mim I/System.out: ---->ownerId=000150888766a901
02-18 20:43:29.149 16334-16334/com.comtop.mim I/System.out: ---->tag=
02-18 20:43:29.152 16334-16334/com.comtop.mim I/System.out: ---->locale=zh_CN
02-18 20:43:29.153 16334-16334/com.comtop.mim I/System.out: ---->method=friend.list
02-18 20:43:29.155 16334-16334/com.comtop.mim I/System.out: ---->format=json
02-18 20:43:29.156 16334-16334/com.comtop.mim I/System.out: ---->appKey=000150888766a901
02-18 20:43:29.157 16334-16334/com.comtop.mim D/may: ---->&sign=35055275C43061A46CE3517C28941B152ED9D208&timestamp=1455799413037&v=1.0&nonce=1455799413037&sessionId=0c7e756f-a76d-429b-8611-aea817bb6824&ownerId=000150888766a901&tag=&locale=zh_CN&method=friend.list&format=json&appKey=000150888766a901
02-18 20:43:29.161 16334-16334/com.comtop.mim D/may: App--->getUserInfo(), mUser: com.comtop.mim.model.UserInfo@42cf3e18
02-18 20:43:29.164 16334-16334/com.comtop.mim D/may: locale: zh_CN
02-18 20:43:29.166 16334-16334/com.comtop.mim D/may: App--->getUserInfo(), mUser: com.comtop.mim.model.UserInfo@42cf3e18
02-18 20:43:29.170 16334-16334/com.comtop.mim D/AbsHttpRequestResolver: http://msp.szcomtop.com:6888/msp-cas/router?
02-18 20:43:29.179 16334-16334/com.comtop.mim I/System.out: ---->sign=E6343D30CC871BE2451A23BDCCD9D099C6587D0C
02-18 20:43:29.180 16334-16334/com.comtop.mim I/System.out: ---->timestamp=1455799413070
02-18 20:43:29.182 16334-16334/com.comtop.mim I/System.out: ---->v=1.0
02-18 20:43:29.184 16334-16334/com.comtop.mim I/System.out: ---->nonce=1455799413070
02-18 20:43:29.185 16334-16334/com.comtop.mim I/System.out: ---->sessionId=0c7e756f-a76d-429b-8611-aea817bb6824
02-18 20:43:29.187 16334-16334/com.comtop.mim I/System.out: ---->ownerId=000150888766a901
02-18 20:43:29.188 16334-16334/com.comtop.mim I/System.out: ---->tag=
02-18 20:43:29.190 16334-16334/com.comtop.mim I/System.out: ---->locale=zh_CN
02-18 20:43:29.192 16334-16334/com.comtop.mim I/System.out: ---->method=friend.list
02-18 20:43:29.193 16334-16334/com.comtop.mim I/System.out: ---->format=json
02-18 20:43:29.195 16334-16334/com.comtop.mim I/System.out: ---->appKey=000150888766a901
02-18 20:43:29.195 16382-16429/com.comtop.mim:TcmsService I/jni/inet/android/native/common/calljava.cpp: nativeLog
02-18 20:43:29.196 16382-16418/com.comtop.mim:TcmsService W/tcminetimpl@native@tcms@msg@recvbytesmynative: 138,fd=56,bufsize=138
02-18 20:43:29.200 16382-16418/com.comtop.mim:TcmsService I/nativeLog: begin native log
02-18 20:43:29.202 16382-16429/com.comtop.mim:TcmsService I/SccomHelper@native: 包未加密
02-18 20:43:29.203 16382-16429/com.comtop.mim:TcmsService I/jni/inet/android/native/common/calljava.cpp: nativeLog
02-18 20:43:29.203 16382-16432/com.comtop.mim:TcmsService I/TcmInet@native@tcms: INetImpl::GetMsg, seqid=0,interface=wx,method=s, errcode=0,msgtype=2
02-18 20:43:29.203 16382-16430/com.comtop.mim:TcmsService I/TcmInet@native@tcms: clientServiceThrFunc get one notify,interface=wx, method=s, sessionId=2, seqid=0
02-18 20:43:29.203 16382-16430/com.comtop.mim:TcmsService D/tcmsposix@native@tcms: get a notify, sessionId:2, interface:wx, method:s, 
02-18 20:43:29.203 16334-16599/com.comtop.mim I/inetimpl@native@im@msg@recvbytes: 120,fd=92,bufsize=120
02-18 20:43:29.204 16334-16599/com.comtop.mim I/inetimpl@native@im@msg@recv: 接收到消息, seqid=32
02-18 20:43:29.204 16334-16599/com.comtop.mim I/inetimpl@native@im@msg: SaveRspMsg,cmdid=0x1010101,seqid=32,cmdtype=0,compress=1,encrypted=5938
02-18 20:43:29.204 16334-16569/com.comtop.mim I/HttpRequestResolveImpl: result parser is:com.comtop.mim.parser.AppDefaultJSONParser
02-18 20:43:29.205 16334-16601/com.comtop.mim I/InetIO: ResponseSuccess, cmdid:16777473
02-18 20:43:29.205 16382-16430/com.comtop.mim:TcmsService I/LocalSocketServer@native@tcms: exitPoll
02-18 20:43:29.206 16334-16601/com.comtop.mim D/WXServiceCallbackDefault.api: cmdid:16777473 state: true
02-18 20:43:29.206 16334-16569/com.comtop.mim D/HttpRequestResolveImpl: result class is: com.comtop.mim.result.FriendListResult
02-18 20:43:29.207 16334-16601/com.comtop.mim I/openimprotocol@native: ImRspTribe_unpackData
02-18 20:43:29.207 16334-16601/com.comtop.mim I/openimprotocol@native: ImRspTribe_unpackData success!
02-18 20:43:29.207 16334-16601/com.comtop.mim I/TribeManager: onSuccess
02-18 20:43:29.207 16382-16418/com.comtop.mim:TcmsService W/tcminetimpl@native@tcms@msgmynative: SaveRspMsg,interface=wx,method=s,seqid=0,sessionId=2,cmdtype=2
02-18 20:43:29.207 16382-16418/com.comtop.mim:TcmsService I/nativeLog: begin native log
02-18 20:43:29.208 16334-16601/com.comtop.mim D/TribeManager: getRspData:{"members":[{"nick":"","uid":"idvj1r4l000150888766a901"}]}
02-18 20:43:29.209 16334-16601/com.comtop.mim D/WXServiceCallbackDefault@tribe: Retcode = 0
02-18 20:43:29.209 16334-16601/com.comtop.mim D/WXServiceCallbackDefault@tribe: RspData = {"members":[{"nick":"","uid":"idvj1r4l000150888766a901"}]}
02-18 20:43:29.210 16334-16569/com.comtop.mim D/AppCommJSONParser: ---->result: FriendListResult, {"users":[{"createDate":"2015-10-12 14:35:15","updateDate":"2015-10-12 14:35:15","userId":"0001505ac29e5405","phone":"13691637110","gender":"2"},{"createDate":"2015-12-24 09:59:25","updateDate":"2015-12-24 09:59:25","userId":"000151d1b65408c3e","account":"shiqingshun","phone":"13682307931","gender":"2"},{"createDate":"2016-01-06 15:00:12","updateDate":"2016-01-06 15:00:12","userId":"00015215bc5e541bf","nick":"杨利君","account":"weixin_oVv3Otz026Df-_E94NKzS8TsLlgg","avatarId":"http://wx.qlogo.cn/mmopen/cZXoicz2LMn6bK0QXNuI7rl7CiaZwqhRdzlemAN7TZlIm7nXSiaELwm1IVQ7y8DuBF0PyL6V9rkwUNxxibNWThqxr5dZwArjZwGO/0","gender":"1"},{"createDate":"2015-12-08 16:18:23","updateDate":"2016-02-01 11:45:42","userId":"00015180ab85c4197","nick":"张凯敏","avatarId":"http://7xn4wo.com1.z0.glb.clouddn.com/user/avatar/00015180ab85c4197?1454298489746","phone":"13631660823","gender":"0"},{"createDate":"2016-01-26 16:04:08","updateDate":"2016-02-04 16:49:59","userId":"0001527cf616f2434f","nick":"傅相成","avatarId":"http://7xn4wo.com1.z0.glb.clouddn.com/user/avatar/0001527cf616f2434f?1454297989142","phone":"15014100508","gender":"0"}],"deletedUsers":[{"createDate":"2015-10-21 11:58:53","updateDate":"2015-11-09 10:59:47","userId":"000150888cb0740c","nick":"118","avatarId":"http://7xn4wo.com1.z0.glb.clouddn.com/user/avatar/000150888cb0740c?1437897406181","phone":"13691637118","gender":"1"},{"createDate":"2015-10-21 15:00:02","updateDate":"2016-02-18 16:11:57","userId":"00015089328c5855","nick":"豪华版","avatarId":"http://7xn4wo.com1.z0.glb.clouddn.com/user/avatar/00015089328c5855?1454039327838","phone":"13000000000","gender":"0"},{"createDate":"2015-10-23 15:43:32","updateDate":"2015-11-10 16:03:40","userId":"00015093a71819be","nick":"119","avatarId":"","phone":"13691637119","gender":"0"},{"createDate":"2015-10-23 10:19:27","updateDate":"2015-10-27 14:50:21","userId":"000150927e5fe898","nick":"一望","account":"weixin_oVv3OtxYz5cdllsiR-6FIzaZGl9M","avatarId":"http://7xn4wo.com1.z0.glb.clouddn.com/user/avatar/000150927e5fe898?1445928612.585869","gender":"0"},{"createDate":"2015-10-21 14:37:10","updateDate":"2016-02-18 14:36:42","userId":"000150891d9b8d37","nick":"陈小龙","avatarId":"http://7xn4wo.com1.z0.glb.clouddn.com/user/avatar/000150891d9b8d37?t=1454319335.507623","phone":"13590478924","gender":"0"},{"createDate":"2016-01-14 10:32:55","updateDate":"2016-01-29 15:35:07","userId":"0001523dfa8b66fb","nick":"不怕神一样的对手，只怕猪一样的队友啊","avatarId":"http://7xn4wo.com1.z0.glb.clouddn.com/user/avatar/0001523dfa8b66fb/webp?t=1454052903.597343","phone":"13826500202","gender":"0"}],"tag":1455796340000}
02-18 20:43:29.210 16334-16601/com.comtop.mim D/WXServiceCallbackDefault@tribe: Operation = getMemberNick
02-18 20:43:29.214 16334-16334/com.comtop.mim D/may: ---->&sign=E6343D30CC871BE2451A23BDCCD9D099C6587D0C&timestamp=1455799413070&v=1.0&nonce=1455799413070&sessionId=0c7e756f-a76d-429b-8611-aea817bb6824&ownerId=000150888766a901&tag=&locale=zh_CN&method=friend.list&format=json&appKey=000150888766a901
02-18 20:43:29.298 16334-16334/com.comtop.mim D/dalvikvm: GC_FOR_ALLOC freed 7702K, 27% free 21255K/29056K, paused 43ms, total 43ms
02-18 20:43:29.301 16334-16598/com.comtop.mim I/HttpRequestResolveImpl: result parser is:com.comtop.mim.parser.AppDefaultJSONParser
02-18 20:43:29.301 16334-16598/com.comtop.mim D/HttpRequestResolveImpl: result class is: com.comtop.mim.result.FriendListResult
02-18 20:43:29.302 16334-16598/com.comtop.mim D/AppCommJSONParser: ---->result: FriendListResult, {"users":[{"createDate":"2015-10-12 14:35:15","updateDate":"2015-10-12 14:35:15","userId":"0001505ac29e5405","phone":"13691637110","gender":"2"},{"createDate":"2015-12-24 09:59:25","updateDate":"2015-12-24 09:59:25","userId":"000151d1b65408c3e","account":"shiqingshun","phone":"13682307931","gender":"2"},{"createDate":"2016-01-06 15:00:12","updateDate":"2016-01-06 15:00:12","userId":"00015215bc5e541bf","nick":"杨利君","account":"weixin_oVv3Otz026Df-_E94NKzS8TsLlgg","avatarId":"http://wx.qlogo.cn/mmopen/cZXoicz2LMn6bK0QXNuI7rl7CiaZwqhRdzlemAN7TZlIm7nXSiaELwm1IVQ7y8DuBF0PyL6V9rkwUNxxibNWThqxr5dZwArjZwGO/0","gender":"1"},{"createDate":"2015-12-08 16:18:23","updateDate":"2016-02-01 11:45:42","userId":"00015180ab85c4197","nick":"张凯敏","avatarId":"http://7xn4wo.com1.z0.glb.clouddn.com/user/avatar/00015180ab85c4197?1454298489746","phone":"13631660823","gender":"0"},{"createDate":"2016-01-26 16:04:08","updateDate":"2016-02-04 16:49:59","userId":"0001527cf616f2434f","nick":"傅相成","avatarId":"http://7xn4wo.com1.z0.glb.clouddn.com/user/avatar/0001527cf616f2434f?1454297989142","phone":"15014100508","gender":"0"}],"deletedUsers":[{"createDate":"2015-10-21 11:58:53","updateDate":"2015-11-09 10:59:47","userId":"000150888cb0740c","nick":"118","avatarId":"http://7xn4wo.com1.z0.glb.clouddn.com/user/avatar/000150888cb0740c?1437897406181","phone":"13691637118","gender":"1"},{"createDate":"2015-10-21 15:00:02","updateDate":"2016-02-18 16:11:57","userId":"00015089328c5855","nick":"豪华版","avatarId":"http://7xn4wo.com1.z0.glb.clouddn.com/user/avatar/00015089328c5855?1454039327838","phone":"13000000000","gender":"0"},{"createDate":"2015-10-23 15:43:32","updateDate":"2015-11-10 16:03:40","userId":"00015093a71819be","nick":"119","avatarId":"","phone":"13691637119","gender":"0"},{"createDate":"2015-10-23 10:19:27","updateDate":"2015-10-27 14:50:21","userId":"000150927e5fe898","nick":"一望","account":"weixin_oVv3OtxYz5cdllsiR-6FIzaZGl9M","avatarId":"http://7xn4wo.com1.z0.glb.clouddn.com/user/avatar/000150927e5fe898?1445928612.585869","gender":"0"},{"createDate":"2015-10-21 14:37:10","updateDate":"2016-02-18 14:36:42","userId":"000150891d9b8d37","nick":"陈小龙","avatarId":"http://7xn4wo.com1.z0.glb.clouddn.com/user/avatar/000150891d9b8d37?t=1454319335.507623","phone":"13590478924","gender":"0"},{"createDate":"2016-01-14 10:32:55","updateDate":"2016-01-29 15:35:07","userId":"0001523dfa8b66fb","nick":"不怕神一样的对手，只怕猪一样的队友啊","avatarId":"http://7xn4wo.com1.z0.glb.clouddn.com/user/avatar/0001523dfa8b66fb/webp?t=1454052903.597343","phone":"13826500202","gender":"0"}],"tag":1455796340000}
02-18 20:43:29.321 16334-16569/com.comtop.mim D/HttpRequestResolveImpl: handle send message.
02-18 20:43:29.329 16334-16598/com.comtop.mim D/HttpRequestResolveImpl: handle send message.
02-18 20:43:29.372 16334-16334/com.comtop.mim D/AsyncTaskLoader: callback: com.comtop.cmf.framework.net.impl.AsyncTaskCallbackProxy@42ba3cb0, onPost result: com.comtop.mim.result.FriendListResult
02-18 20:43:29.374 16334-16334/com.comtop.mim D/AsyncTaskLoader: callback: com.comtop.cmf.framework.net.impl.AsyncTaskCallbackProxy@42ba3cb0, onPost result: com.comtop.mim.result.FriendListResult
02-18 20:43:29.899 16334-16334/com.comtop.mim D/IMChannel: onActivityPaused:ui.MainActivity
02-18 20:43:29.900 16334-16334/com.comtop.mim I/YWConversationManagerImpl: removeTotalUnreadChangeListener
02-18 20:43:29.952 16334-16334/com.comtop.mim D/IMChannel: onActivityCreated:ui.ServiceNoAttentionListActivity
02-18 20:43:29.981 16334-16334/com.comtop.mim D/may: locale: zh_CN
02-18 20:43:29.983 16334-16334/com.comtop.mim D/AbsHttpRequestResolver: http://msp.szcomtop.com:6888/msp-pubservice/router?
02-18 20:43:29.985 16334-16334/com.comtop.mim I/System.out: ---->sign=6E481EC52BDF20F165B7AA379EF83BF546FEC696
02-18 20:43:29.988 16334-16334/com.comtop.mim I/System.out: ---->timestamp=1455799413887
02-18 20:43:29.991 16334-16334/com.comtop.mim I/System.out: ---->v=1.0
02-18 20:43:29.993 16334-16334/com.comtop.mim I/System.out: ---->nonce=1455799413887
02-18 20:43:29.996 16334-16334/com.comtop.mim I/System.out: ---->sessionId=0c7e756f-a76d-429b-8611-aea817bb6824
02-18 20:43:29.998 16334-16334/com.comtop.mim I/System.out: ---->locale=zh_CN
02-18 20:43:30.000 16334-16334/com.comtop.mim I/System.out: ---->method=pubservice.list
02-18 20:43:30.002 16334-16334/com.comtop.mim I/System.out: ---->format=json
02-18 20:43:30.004 16334-16334/com.comtop.mim I/System.out: ---->appKey=000150888766a901
02-18 20:43:30.005 16334-16334/com.comtop.mim D/may: ---->&sign=6E481EC52BDF20F165B7AA379EF83BF546FEC696&timestamp=1455799413887&v=1.0&nonce=1455799413887&sessionId=0c7e756f-a76d-429b-8611-aea817bb6824&locale=zh_CN&method=pubservice.list&format=json&appKey=000150888766a901
02-18 20:43:30.008 16334-16334/com.comtop.mim D/IMChannel: onActivityStarted:ui.ServiceNoAttentionListActivity
02-18 20:43:30.011 16334-16334/com.comtop.mim D/IMChannel: onActivityResumed:ui.ServiceNoAttentionListActivity
02-18 20:43:30.012 16334-16334/com.comtop.mim I/Native: InetIO_SetForeground 1
02-18 20:43:30.017 16334-16334/com.comtop.mim D/PersistManager: get, list properties.
02-18 20:43:30.019 16334-16334/com.comtop.mim D/PersistManager: key:\":1,\"appKey\":\"23015524\"}"} value:
02-18 20:43:30.020 16334-16334/com.comtop.mim D/PersistManager: key:op.mim":"{\"clientPriority\":14464800,\"disable\":false,\"regTime\":1450233171304,\"callCount\":1,\"appKey\":\"23015524\"}"} value:
02-18 20:43:30.022 16334-16334/com.comtop.mim D/PersistManager: key:ec value:18 23:40:39 GMT+08:00 2015
02-18 20:43:30.026 16334-16334/com.comtop.mim D/PersistManager: key:23015524\"}"} value:
02-18 20:43:30.065 16334-16334/com.comtop.mim D/PersistManager: key:XPUSH_SDK_INFO_V2 value:{"com.comtop.mim":"{\"clientPriority\":14464800,\"disable\":false,\"regTime\":1453802782350,\"callCount\":1,\"appKey\":\"23232985\"}"}
02-18 20:43:30.071 16334-16334/com.comtop.mim D/PersistManager: key:":1,\"appKey\":\"23015524\"}"} value:
02-18 20:43:30.071 16334-16334/com.comtop.mim D/PersistManager: key:push_device_id_key_v1 value:a06aw2vraf44895d___qbu732n7iuxj45e7
02-18 20:43:30.071 16334-16334/com.comtop.mim D/PersistManager: key::"{\"clientPriority\":14464800,\"disable\":false,\"regTime\":1450233171304,\"callCount\":1,\"appKey\":\"23015524\"}"} value:
02-18 20:43:30.071 16334-16334/com.comtop.mim D/PersistManager: key:2015 value:
02-18 20:43:30.071 16334-16334/com.comtop.mim D/PersistManager: key:"appKey\":\"23015524\"}"} value:
02-18 20:43:30.071 16334-16334/com.comtop.mim D/PersistManager: key:304,\"callCount\":1,\"appKey\":\"23015524\"}"} value:
02-18 20:43:30.072 16334-16334/com.comtop.mim D/PersistManager: key:xpushClient__xpush_push_maxmsgid value:37483376624641
02-18 20:43:30.072 16334-16334/com.comtop.mim D/PersistManager: key:mtop.mim":"{\"clientPriority\":14464800,\"disable\":false,\"regTime\":1450233171304,\"callCount\":1,\"appKey\":\"23015524\"}"} value:
02-18 20:43:30.072 16334-16334/com.comtop.mim D/PersistManager: key:14464800,\"disable\":false,\"regTime\":1450233171304,\"callCount\":1,\"appKey\":\"23015524\"}"} value:
02-18 20:43:30.072 16334-16334/com.comtop.mim D/PersistManager: key:push_heart_freq_key value:{"\"lenew\"":304,"\"wifi-comtop\"":180,"\"MM_AP\"":560,"\"jacpy\"":800,"\"wifi-confine\"":180,"\".lenew-T\"":243}
02-18 20:43:30.072 16334-16334/com.comtop.mim D/PersistManager: key:iority\":14464800,\"disable\":false,\"regTime\":1450233171304,\"callCount\":1,\"appKey\":\"23015524\"}"} value:
02-18 20:43:30.072 16334-16334/com.comtop.mim D/PersistManager: key:push_tcms_client_id_key value:a0d0jhk6neij6wka
02-18 20:43:30.040 16334-16598/com.comtop.mim W/System.err: com.comtop.cmf.framework.net.exception.ServerResponseException: net exception occur.
02-18 20:43:30.072 16334-16334/com.comtop.mim D/PersistManager: key:\"23015524\"}"} value:
02-18 20:43:30.072 16334-16598/com.comtop.mim W/System.err:     at com.comtop.cmf.framework.net.http.OkHttpRequest$4.onResponse(OkHttpRequest.java:297)
02-18 20:43:30.073 16334-16598/com.comtop.mim W/System.err:     at com.squareup.okhttp.Call$AsyncCall.execute(Call.java:168)
02-18 20:43:30.073 16334-16598/com.comtop.mim W/System.err:     at com.squareup.okhttp.internal.NamedRunnable.run(NamedRunnable.java:33)
02-18 20:43:30.077 16334-16598/com.comtop.mim W/System.err:     at java.util.concurrent.ThreadPoolExecutor.runWorker(ThreadPoolExecutor.java:1112)
02-18 20:43:30.078 16334-16598/com.comtop.mim W/System.err:     at java.util.concurrent.ThreadPoolExecutor$Worker.run(ThreadPoolExecutor.java:587)
02-18 20:43:30.078 16334-16598/com.comtop.mim W/System.err:     at java.lang.Thread.run(Thread.java:841)
02-18 20:43:30.087 16382-16382/com.comtop.mim:TcmsService D/TCMSService: onStart----
02-18 20:43:30.088 16382-16405/com.comtop.mim:TcmsService D/TCMSService: onHandleIntent, ------- command=xpushnative://xpush/clearWearyCheck?
02-18 20:43:30.090 16382-16405/com.comtop.mim:TcmsService D/TCMSService: clearWearyCheck
02-18 20:43:30.173 16334-16334/com.comtop.mim D/may: status: 404, msg: Not Found, tag: null
02-18 20:43:30.543 16334-16334/com.comtop.mim D/IMChannel: onActivityStopped:ui.MainActivity
02-18 20:43:31.088 16334-16334/com.comtop.mim D/IMChannel: onActivityPaused:ui.ServiceNoAttentionListActivity
02-18 20:43:31.110 16334-16334/com.comtop.mim D/IMChannel: onActivityCreated:ui.ServiceNoListActivity
02-18 20:43:31.150 16334-16334/com.comtop.mim D/may: locale: zh_CN
02-18 20:43:31.178 16334-16334/com.comtop.mim D/AbsHttpRequestResolver: http://msp.szcomtop.com:6888/msp-pubservice/router?
02-18 20:43:31.180 16334-16334/com.comtop.mim I/System.out: ---->sign=6478FE1BA7681842738EF6B91EDD07E3F375E268
02-18 20:43:31.183 16334-16334/com.comtop.mim I/System.out: ---->timestamp=1455799415056
02-18 20:43:31.186 16334-16334/com.comtop.mim I/System.out: ---->v=1.0
02-18 20:43:31.188 16334-16334/com.comtop.mim I/System.out: ---->nonce=1455799415056
02-18 20:43:31.190 16334-16334/com.comtop.mim I/System.out: ---->sessionId=0c7e756f-a76d-429b-8611-aea817bb6824
02-18 20:43:31.192 16334-16334/com.comtop.mim I/System.out: ---->locale=zh_CN
02-18 20:43:31.195 16334-16334/com.comtop.mim I/System.out: ---->pageSize=32
02-18 20:43:31.197 16334-16334/com.comtop.mim I/System.out: ---->pageNumber=0
02-18 20:43:31.199 16334-16334/com.comtop.mim I/System.out: ---->method=pubservice.all
02-18 20:43:31.202 16334-16334/com.comtop.mim I/System.out: ---->format=json
02-18 20:43:31.204 16334-16334/com.comtop.mim I/System.out: ---->appKey=000150888766a901
02-18 20:43:31.206 16334-16334/com.comtop.mim D/may: ---->&sign=6478FE1BA7681842738EF6B91EDD07E3F375E268&timestamp=1455799415056&v=1.0&nonce=1455799415056&sessionId=0c7e756f-a76d-429b-8611-aea817bb6824&locale=zh_CN&pageSize=32&pageNumber=0&method=pubservice.all&format=json&appKey=000150888766a901
02-18 20:43:31.230 16334-16334/com.comtop.mim D/IMChannel: onActivityStarted:ui.ServiceNoListActivity
02-18 20:43:31.237 16334-16334/com.comtop.mim D/IMChannel: onActivityResumed:ui.ServiceNoListActivity
02-18 20:43:31.237 16334-16334/com.comtop.mim I/Native: InetIO_SetForeground 1
02-18 20:43:31.244 16334-16334/com.comtop.mim D/PersistManager: get, list properties.
02-18 20:43:31.246 16334-16334/com.comtop.mim D/PersistManager: key:\":1,\"appKey\":\"23015524\"}"} value:
02-18 20:43:31.248 16334-16334/com.comtop.mim D/PersistManager: key:op.mim":"{\"clientPriority\":14464800,\"disable\":false,\"regTime\":1450233171304,\"callCount\":1,\"appKey\":\"23015524\"}"} value:
02-18 20:43:31.250 16334-16334/com.comtop.mim D/PersistManager: key:ec value:18 23:40:39 GMT+08:00 2015
02-18 20:43:31.251 16334-16334/com.comtop.mim D/PersistManager: key:23015524\"}"} value:
02-18 20:43:31.253 16334-16334/com.comtop.mim D/PersistManager: key:XPUSH_SDK_INFO_V2 value:{"com.comtop.mim":"{\"clientPriority\":14464800,\"disable\":false,\"regTime\":1453802782350,\"callCount\":1,\"appKey\":\"23232985\"}"}
02-18 20:43:31.255 16334-16334/com.comtop.mim D/PersistManager: key:":1,\"appKey\":\"23015524\"}"} value:
02-18 20:43:31.257 16334-16334/com.comtop.mim D/PersistManager: key:push_device_id_key_v1 value:a06aw2vraf44895d___qbu732n7iuxj45e7
02-18 20:43:31.258 16334-16334/com.comtop.mim D/PersistManager: key::"{\"clientPriority\":14464800,\"disable\":false,\"regTime\":1450233171304,\"callCount\":1,\"appKey\":\"23015524\"}"} value:
02-18 20:43:31.261 16334-16598/com.comtop.mim W/System.err: com.comtop.cmf.framework.net.exception.ServerResponseException: net exception occur.
02-18 20:43:31.263 16334-16334/com.comtop.mim D/PersistManager: key:2015 value:
02-18 20:43:31.263 16334-16598/com.comtop.mim W/System.err:     at com.comtop.cmf.framework.net.http.OkHttpRequest$4.onResponse(OkHttpRequest.java:297)
02-18 20:43:31.264 16334-16598/com.comtop.mim W/System.err:     at com.squareup.okhttp.Call$AsyncCall.execute(Call.java:168)
02-18 20:43:31.268 16334-16598/com.comtop.mim W/System.err:     at com.squareup.okhttp.internal.NamedRunnable.run(NamedRunnable.java:33)
02-18 20:43:31.271 16334-16598/com.comtop.mim W/System.err:     at java.util.concurrent.ThreadPoolExecutor.runWorker(ThreadPoolExecutor.java:1112)
02-18 20:43:31.272 16334-16334/com.comtop.mim D/PersistManager: key:"appKey\":\"23015524\"}"} value:
02-18 20:43:31.273 16334-16334/com.comtop.mim D/PersistManager: key:304,\"callCount\":1,\"appKey\":\"23015524\"}"} value:
02-18 20:43:31.274 16334-16334/com.comtop.mim D/PersistManager: key:xpushClient__xpush_push_maxmsgid value:37483376624641
02-18 20:43:31.276 16334-16598/com.comtop.mim W/System.err:     at java.util.concurrent.ThreadPoolExecutor$Worker.run(ThreadPoolExecutor.java:587)
02-18 20:43:31.278 16334-16598/com.comtop.mim W/System.err:     at java.lang.Thread.run(Thread.java:841)
02-18 20:43:31.280 16334-16334/com.comtop.mim D/PersistManager: key:mtop.mim":"{\"clientPriority\":14464800,\"disable\":false,\"regTime\":1450233171304,\"callCount\":1,\"appKey\":\"23015524\"}"} value:
02-18 20:43:31.281 16334-16334/com.comtop.mim D/PersistManager: key:14464800,\"disable\":false,\"regTime\":1450233171304,\"callCount\":1,\"appKey\":\"23015524\"}"} value:
02-18 20:43:31.282 16334-16334/com.comtop.mim D/PersistManager: key:push_heart_freq_key value:{"\"lenew\"":304,"\"wifi-comtop\"":180,"\"MM_AP\"":560,"\"jacpy\"":800,"\"wifi-confine\"":180,"\".lenew-T\"":243}
02-18 20:43:31.284 16334-16334/com.comtop.mim D/PersistManager: key:iority\":14464800,\"disable\":false,\"regTime\":1450233171304,\"callCount\":1,\"appKey\":\"23015524\"}"} value:
02-18 20:43:31.287 16334-16334/com.comtop.mim D/PersistManager: key:push_tcms_client_id_key value:a0d0jhk6neij6wka
02-18 20:43:31.289 16334-16334/com.comtop.mim D/PersistManager: key:\"23015524\"}"} value:
02-18 20:43:31.299 16382-16382/com.comtop.mim:TcmsService D/TCMSService: onStart----
02-18 20:43:31.300 16382-16405/com.comtop.mim:TcmsService D/TCMSService: onHandleIntent, ------- command=xpushnative://xpush/clearWearyCheck?
02-18 20:43:31.302 16382-16405/com.comtop.mim:TcmsService D/TCMSService: clearWearyCheck
02-18 20:43:31.342 16334-16334/com.comtop.mim D/may: status: 404, msg: Not Found, tag: true
02-18 20:43:31.729 16334-16334/com.comtop.mim D/IMChannel: onActivityStopped:ui.ServiceNoAttentionListActivity
02-18 20:43:32.954 16334-16334/com.comtop.mim D/may: locale: zh_CN
02-18 20:43:32.975 16334-16334/com.comtop.mim D/AbsHttpRequestResolver: http://msp.szcomtop.com:6888/msp-pubservice/router?
02-18 20:43:32.977 16334-16334/com.comtop.mim I/System.out: ---->sign=98544A209093F70FDD232575545B7010E0EDB64B
02-18 20:43:32.983 16334-16334/com.comtop.mim I/System.out: ---->timestamp=1455799416860
02-18 20:43:32.988 16334-16334/com.comtop.mim I/System.out: ---->v=1.0
02-18 20:43:32.992 16334-16334/com.comtop.mim I/System.out: ---->nonce=1455799416860
02-18 20:43:32.997 16334-16334/com.comtop.mim I/System.out: ---->sessionId=0c7e756f-a76d-429b-8611-aea817bb6824
02-18 20:43:33.002 16334-16334/com.comtop.mim I/System.out: ---->locale=zh_CN
02-18 20:43:33.006 16334-16334/com.comtop.mim I/System.out: ---->pageSize=32
02-18 20:43:33.011 16334-16334/com.comtop.mim I/System.out: ---->pageNumber=0
02-18 20:43:33.015 16334-16334/com.comtop.mim I/System.out: ---->method=pubservice.all
02-18 20:43:33.020 16334-16334/com.comtop.mim I/System.out: ---->format=json
02-18 20:43:33.024 16334-16334/com.comtop.mim I/System.out: ---->appKey=000150888766a901
02-18 20:43:33.035 16334-16334/com.comtop.mim D/may: ---->&sign=98544A209093F70FDD232575545B7010E0EDB64B&timestamp=1455799416860&v=1.0&nonce=1455799416860&sessionId=0c7e756f-a76d-429b-8611-aea817bb6824&locale=zh_CN&pageSize=32&pageNumber=0&method=pubservice.all&format=json&appKey=000150888766a901
02-18 20:43:33.055 16334-16598/com.comtop.mim W/System.err: com.comtop.cmf.framework.net.exception.ServerResponseException: net exception occur.
02-18 20:43:33.056 16334-16598/com.comtop.mim W/System.err:     at com.comtop.cmf.framework.net.http.OkHttpRequest$4.onResponse(OkHttpRequest.java:297)
02-18 20:43:33.056 16334-16598/com.comtop.mim W/System.err:     at com.squareup.okhttp.Call$AsyncCall.execute(Call.java:168)
02-18 20:43:33.067 16334-16598/com.comtop.mim W/System.err:     at com.squareup.okhttp.internal.NamedRunnable.run(NamedRunnable.java:33)
02-18 20:43:33.067 16334-16598/com.comtop.mim W/System.err:     at java.util.concurrent.ThreadPoolExecutor.runWorker(ThreadPoolExecutor.java:1112)
02-18 20:43:33.070 16334-16598/com.comtop.mim W/System.err:     at java.util.concurrent.ThreadPoolExecutor$Worker.run(ThreadPoolExecutor.java:587)
02-18 20:43:33.072 16334-16598/com.comtop.mim W/System.err:     at java.lang.Thread.run(Thread.java:841)
02-18 20:43:33.079 16334-16334/com.comtop.mim D/may: status: 404, msg: Not Found, tag: true
02-18 20:43:35.330 16334-16334/com.comtop.mim D/IMChannel: onActivityPaused:ui.ServiceNoListActivity
02-18 20:43:35.434 16334-16334/com.comtop.mim D/may: com.comtop.mim.ui.ServiceNoAttentionListActivity, requestCode: 1, resultCode: 0, data: null
