02-18 20:56:23.637 29772-29818/com.comtop.mim:TcmsService I/jni/inet/android/native/common/calljava.cpp: nativeLog
02-18 20:56:23.638 29772-29800/com.comtop.mim:TcmsService W/tcminetimpl@native@tcms@msgmynative: PostMsg,interface=wx,method=s,seqid=9,sessionid:2,cmdtype=2,compress=0,encrypted=0
02-18 20:56:23.639 29772-29800/com.comtop.mim:TcmsService I/nativeLog: begin native log
02-18 20:56:23.640 29731-29731/com.comtop.mim I/Native: InetIO_ngetLoginState
02-18 20:56:23.641 29772-29800/com.comtop.mim:TcmsService W/tcminetimpl@native@tcms@msgmynative: SaveRspMsg,interface=wx,method=s,seqid=0,sessionId=2,cmdtype=2
02-18 20:56:23.642 29772-29800/com.comtop.mim:TcmsService I/nativeLog: begin native log
02-18 20:56:23.643 29731-29919/com.comtop.mim D/WxTribe: masterId null tid :1900097500
                                                         java.lang.RuntimeException
                                                             at com.alibaba.mobileim.gingko.model.tribe.WxTribe.getContentValues(WxTribe.java:138)
                                                             at com.alibaba.mobileim.gingko.presenter.tribe.TribeManager.onTribeInvite(TribeManager.java:767)
                                                             at com.alibaba.mobileim.channel.MessageDispatcher.onTribeInvite(MessageDispatcher.java:448)
                                                             at com.alibaba.mobileim.channel.service.InetPush.notifyTribeMsg(InetPush.java:1108)
                                                             at com.alibaba.mobileim.channel.service.InetPush.doAction(InetPush.java:821)
                                                             at com.alibaba.mobileim.channel.service.InetIO.doAction(InetIO.java:329)
                                                             at dalvik.system.NativeStart.run(Native Method)
02-18 20:56:23.644 29731-29919/com.comtop.mim D/DataBaseUtils: replaceValue uri=content://com.comtop.mim.aliwxprovider/wwTribe
02-18 20:56:23.646 29731-29919/com.comtop.mim I/YWContactManagerImpl: getContactProfileCallback, temp = null
02-18 20:56:23.648 29731-29919/com.comtop.mim I/IMProfileCacheUtil: getDefaultProfileCallback
02-18 20:56:23.650 29731-29919/com.comtop.mim I/YWContactManagerImpl: getCrossContactProfileCallback, temp = null
02-18 20:56:23.651 29731-29731/com.comtop.mim I/Native: current user idvj1r4l000150888766a901
02-18 20:56:23.653 29731-29919/com.comtop.mim I/IMProfileCacheUtil: geDefaultCrossProfileCallback
02-18 20:56:23.654 29731-29919/com.comtop.mim D/CloudBaseRequest: oToken:null
02-18 20:56:23.655 29731-29731/com.comtop.mim I/EgoAccount.api: getLoginState:3
02-18 20:56:23.655 29731-29731/com.comtop.mim I/Native: InetIO_ngetLoginState
02-18 20:56:23.655 29731-29731/com.comtop.mim I/Native: current user idvj1r4l000150888766a901
02-18 20:56:23.655 29731-29731/com.comtop.mim I/EgoAccount.api: getLoginState:3
02-18 20:56:23.656 29731-29731/com.comtop.mim D/may: =====>im login state: success
02-18 20:56:23.656 29731-29731/com.comtop.mim I/Native: InetIO_ngetLoginState
02-18 20:56:23.656 29731-29731/com.comtop.mim I/Native: current user idvj1r4l000150888766a901
02-18 20:56:23.656 29731-29731/com.comtop.mim I/EgoAccount.api: getLoginState:3
02-18 20:56:23.656 29731-29731/com.comtop.mim I/YWConversationManagerImpl: removeP2PPushListener
02-18 20:56:23.656 29731-29731/com.comtop.mim I/YWConversationManagerImpl: addP2PPushListener listener=com.comtop.mim.app.App$1@41f511e8
02-18 20:56:23.656 29731-29731/com.comtop.mim I/YWConversationManagerImpl: addP2PPushListener after add listener size=1
02-18 20:56:23.656 29731-29731/com.comtop.mim I/Native: InetIO_ngetLoginState
02-18 20:56:23.656 29731-29731/com.comtop.mim I/Native: current user idvj1r4l000150888766a901
02-18 20:56:23.656 29731-29919/com.comtop.mim D/CloudBaseRequest: token:#$@~%/^K_*nullwx_android1455800188idvj1r4l000150888766a901
02-18 20:56:23.657 29731-29731/com.comtop.mim I/EgoAccount.api: getLoginState:3
02-18 20:56:23.657 29731-29919/com.comtop.mim D/CloudBaseRequest: token md5:c4f7f429f0de29b0f26c3a83dd6ac7e4
02-18 20:56:23.658 29731-29919/com.comtop.mim D/CloudRequestCallback: param:{"uids":["idvj1r4l000150888cb0740c"],"optype":0,"token":"c4f7f429f0de29b0f26c3a83dd6ac7e4","now":1455800188,"device":82,"appid":100817,"actor":"idvj1r4l000150888766a901","out":"mobile"} cmd:12289
02-18 20:56:23.658 29731-29919/com.comtop.mim D/SocketChannel: reqCommonCmd, cmdid = 12289reqPara = {"uids":["idvj1r4l000150888cb0740c"],"optype":0,"token":"c4f7f429f0de29b0f26c3a83dd6ac7e4","now":1455800188,"device":82,"appid":100817,"actor":"idvj1r4l000150888766a901","out":"mobile"}
02-18 20:56:23.658 29731-29919/com.comtop.mim I/Native: InetIO_ngetLoginState
02-18 20:56:23.659 29731-29919/com.comtop.mim I/Native: current user idvj1r4l000150888766a901
02-18 20:56:23.659 29731-29919/com.comtop.mim I/EgoAccount.api: getLoginState:3
02-18 20:56:23.659 29731-29919/com.comtop.mim D/test: cmdId:12289
02-18 20:56:23.659 29731-29919/com.comtop.mim I/SocketChannel.api: reqCommonCmd
02-18 20:56:23.659 29731-29919/com.comtop.mim I/HttpChannel.api: syncOpenIMProfile
02-18 20:56:23.660 29731-29919/com.comtop.mim D/DataBaseUtils: insertValue uri=content://com.comtop.mim.aliwxprovider/message List<IDBModel>
02-18 20:56:23.660 29731-29731/com.comtop.mim D/may: =====>im login state: success
02-18 20:56:23.660 29731-29731/com.comtop.mim I/Native: InetIO_ngetLoginState
02-18 20:56:23.661 29731-29919/com.comtop.mim I/openimprotocol@native: ImReqTribe_packData
02-18 20:56:23.661 29731-29731/com.comtop.mim I/Native: current user idvj1r4l000150888766a901
02-18 20:56:23.661 29731-29731/com.comtop.mim I/EgoAccount.api: getLoginState:3
02-18 20:56:23.662 29731-29731/com.comtop.mim D/may: ======>unread count: 27, service: com.alibaba.mobileim.lib.presenter.conversation.YWConversationManagerImpl@41f6fd28
02-18 20:56:23.662 29731-29731/com.comtop.mim D/may: =====>loginBaiChuanSuccess
02-18 20:56:23.662 29731-29731/com.comtop.mim D/EgoAccount.api: getAccount:idvj1r4l000150888766a901 appId:100817
02-18 20:56:23.662 29731-29731/com.comtop.mim I/YWAPI: updateIMKitInstance account=idvj1r4l000150888766a901 longUserId=idvj1r4l000150888766a901
02-18 20:56:23.662 29731-29919/com.comtop.mim I/openimprotocol@native: ImReqTribe_packData success!
02-18 20:56:23.663 29731-29919/com.comtop.mim D/InetIO: asyncCall，  cmdid：16777473 appId:100817 bizId:0
02-18 20:56:23.663 29731-29731/com.comtop.mim W/WXSecurityStoreWrapper: getStore2 dynamicDataStore is null
02-18 20:56:23.663 29731-29919/com.comtop.mim I/Native: InetIO_asyncCall
02-18 20:56:23.663 29731-29919/com.comtop.mim I/imservice@native@im@msg@send: 压缩消息体, src paramdata.size=184
02-18 20:56:23.664 29731-29919/com.comtop.mim I/imservice@native@im@msg@send: 压缩消息体, bCommpress:1, dst paramdata.size=160
02-18 20:56:23.665 29731-29731/com.comtop.mim D/Account: login success notifying : notify = 1109866544
02-18 20:56:23.665 29731-29731/com.comtop.mim D/im@im@login: [Login-onSuccess]login success!
02-18 20:56:23.665 29731-29731/com.comtop.mim I/Native: InetIO_ngetLoginState
02-18 20:56:23.665 29731-29919/com.comtop.mim I/WXContext@idvj1r4l000150888766a901@login: extrahead:idvj1r4l000150888766a901, reserved:1
02-18 20:56:23.665 29731-29919/com.comtop.mim I/inetimpl@native@im@msg: PostMsg,cmdid=0x1000101,seqid=8,cmdtype=1,compress=1,encrypted=28
02-18 20:56:23.666 29731-29731/com.comtop.mim I/Native: current user idvj1r4l000150888766a901
02-18 20:56:23.666 29731-29731/com.comtop.mim I/EgoAccount.api: getLoginState:3
02-18 20:56:23.666 29731-29731/com.comtop.mim D/may: =====>im login state: success
02-18 20:56:23.666 29731-29731/com.comtop.mim I/Native: InetIO_ngetLoginState
02-18 20:56:23.666 29731-29919/com.comtop.mim D/packagesize: headerlen:52, bodylen:160, extraheadlen:24
02-18 20:56:23.666 29731-29731/com.comtop.mim I/Native: current user idvj1r4l000150888766a901
02-18 20:56:23.667 29731-29731/com.comtop.mim I/EgoAccount.api: getLoginState:3
02-18 20:56:23.667 29731-29919/com.comtop.mim I/InetPush: reqAckTribeMsg
02-18 20:56:23.667 29731-29918/com.comtop.mim I/inetimpl@native@im@msg@sendbytes: 218,fd=100,error=11
02-18 20:56:23.667 29731-29731/com.comtop.mim I/Native: InetIO_ngetLoginState
02-18 20:56:23.667 29731-29731/com.comtop.mim I/Native: current user idvj1r4l000150888766a901
02-18 20:56:23.667 29731-29731/com.comtop.mim I/EgoAccount.api: getLoginState:3
02-18 20:56:23.667 29731-29731/com.comtop.mim D/may: =====>im login state: success
02-18 20:56:23.667 29731-29731/com.comtop.mim I/Native: InetIO_ngetLoginState
02-18 20:56:23.668 29731-29731/com.comtop.mim I/Native: current user idvj1r4l000150888766a901
02-18 20:56:23.668 29731-29731/com.comtop.mim I/EgoAccount.api: getLoginState:3
02-18 20:56:23.668 29731-29731/com.comtop.mim I/YWConversationManagerImpl: removeP2PPushListener
02-18 20:56:23.668 29731-29731/com.comtop.mim I/YWConversationManagerImpl: addP2PPushListener listener=com.comtop.mim.app.App$1@41f511e8
02-18 20:56:23.668 29731-29731/com.comtop.mim I/YWConversationManagerImpl: addP2PPushListener after add listener size=1
02-18 20:56:23.669 29731-29731/com.comtop.mim I/Native: InetIO_ngetLoginState
02-18 20:56:23.669 29731-29731/com.comtop.mim I/Native: current user idvj1r4l000150888766a901
02-18 20:56:23.669 29731-29731/com.comtop.mim I/EgoAccount.api: getLoginState:3
02-18 20:56:23.669 29731-29731/com.comtop.mim D/may: =====>im login state: success
02-18 20:56:23.669 29731-29731/com.comtop.mim I/Native: InetIO_ngetLoginState
02-18 20:56:23.669 29731-29731/com.comtop.mim I/Native: current user idvj1r4l000150888766a901
02-18 20:56:23.669 29731-29731/com.comtop.mim I/EgoAccount.api: getLoginState:3
02-18 20:56:23.670 29731-29731/com.comtop.mim D/may: ======>unread count: 27, service: com.alibaba.mobileim.lib.presenter.conversation.YWConversationManagerImpl@41f6fd28
02-18 20:56:23.670 29731-29731/com.comtop.mim D/may: =====>loginBaiChuanSuccess
02-18 20:56:23.670 29731-29731/com.comtop.mim D/EgoAccount.api: getAccount:idvj1r4l000150888766a901 appId:100817
02-18 20:56:23.670 29772-29890/com.comtop.mim:TcmsService I/tcminetimpl@native@tcms: postData2Server, seqid:9, data.len:252
02-18 20:56:23.670 29772-29890/com.comtop.mim:TcmsService I/tcminetimpl@native@tcms: postData2Server, m_seqtsMap.len:0
02-18 20:56:23.670 29772-29890/com.comtop.mim:TcmsService I/LocalSocketServer@native@tcms: poll fd:57, event:1
02-18 20:56:23.670 29772-29890/com.comtop.mim:TcmsService I/jni/inet/android/native/common/calljava.cpp: nativeLog
02-18 20:56:23.670 29731-29731/com.comtop.mim I/YWAPI: updateIMKitInstance account=idvj1r4l000150888766a901 longUserId=idvj1r4l000150888766a901
02-18 20:56:23.671 29772-29818/com.comtop.mim:TcmsService I/jni/inet/android/native/common/calljava.cpp: nativeLog
02-18 20:56:23.671 29731-29731/com.comtop.mim W/WXSecurityStoreWrapper: getStore2 dynamicDataStore is null
02-18 20:56:23.671 29772-29800/com.comtop.mim:TcmsService W/tcminetimpl@native@tcms@msgmynative: PostMsg,interface=wx,method=s,seqid=10,sessionid:2,cmdtype=2,compress=0,encrypted=0
02-18 20:56:23.671 29772-29800/com.comtop.mim:TcmsService I/nativeLog: begin native log
02-18 20:56:23.671 29772-29800/com.comtop.mim:TcmsService W/tcminetimpl@native@tcms@msg@sendbytesmynative: 252,fd=56,error=11
02-18 20:56:23.671 29772-29800/com.comtop.mim:TcmsService I/nativeLog: begin native log
02-18 20:56:23.672 29772-29890/com.comtop.mim:TcmsService I/tcminetimpl@native@tcms: postData2Server, seqid:10, data.len:81
02-18 20:56:23.672 29772-29890/com.comtop.mim:TcmsService I/tcminetimpl@native@tcms: postData2Server, m_seqtsMap.len:0
02-18 20:56:23.672 29772-29890/com.comtop.mim:TcmsService I/LocalSocketServer@native@tcms: poll fd:57, event:1
02-18 20:56:23.672 29772-29890/com.comtop.mim:TcmsService I/jni/inet/android/native/common/calljava.cpp: nativeLog
02-18 20:56:23.672 29772-29818/com.comtop.mim:TcmsService I/jni/inet/android/native/common/calljava.cpp: nativeLog
02-18 20:56:23.672 29772-29800/com.comtop.mim:TcmsService W/tcminetimpl@native@tcms@msgmynative: PostMsg,interface=wx,method=s,seqid=11,sessionid:2,cmdtype=2,compress=0,encrypted=0
02-18 20:56:23.672 29772-29800/com.comtop.mim:TcmsService I/nativeLog: begin native log
02-18 20:56:23.672 29772-29800/com.comtop.mim:TcmsService W/tcminetimpl@native@tcms@msg@sendbytesmynative: 81,fd=56,error=11
02-18 20:56:23.672 29772-29800/com.comtop.mim:TcmsService I/nativeLog: begin native log
02-18 20:56:23.673 29772-29890/com.comtop.mim:TcmsService I/tcminetimpl@native@tcms: postData2Server, seqid:11, data.len:97
02-18 20:56:23.673 29772-29890/com.comtop.mim:TcmsService I/tcminetimpl@native@tcms: postData2Server, m_seqtsMap.len:0
02-18 20:56:23.673 29772-29890/com.comtop.mim:TcmsService I/LocalSocketServer@native@tcms: poll fd:57, event:1
02-18 20:56:23.673 29772-29890/com.comtop.mim:TcmsService I/jni/inet/android/native/common/calljava.cpp: nativeLog
02-18 20:56:23.674 29731-29770/com.comtop.mim D/InetIO: asyncCall，  cmdid：16778240 appId:100817 bizId:0
02-18 20:56:23.674 29772-29818/com.comtop.mim:TcmsService I/jni/inet/android/native/common/calljava.cpp: nativeLog
02-18 20:56:23.675 29772-29800/com.comtop.mim:TcmsService W/tcminetimpl@native@tcms@msgmynative: PostMsg,interface=wx,method=s,seqid=12,sessionid:2,cmdtype=2,compress=0,encrypted=0
02-18 20:56:23.675 29731-29770/com.comtop.mim I/Native: InetIO_asyncCall
02-18 20:56:23.675 29772-29800/com.comtop.mim:TcmsService I/nativeLog: begin native log
02-18 20:56:23.675 29731-29770/com.comtop.mim I/imservice@native@im@msg@send: 压缩消息体, src paramdata.size=208
02-18 20:56:23.675 29772-29800/com.comtop.mim:TcmsService W/tcminetimpl@native@tcms@msg@sendbytesmynative: 97,fd=56,error=11
02-18 20:56:23.675 29772-29800/com.comtop.mim:TcmsService I/nativeLog: begin native log
02-18 20:56:23.676 29731-29770/com.comtop.mim I/imservice@native@im@msg@send: 压缩消息体, bCommpress:1, dst paramdata.size=173
02-18 20:56:23.676 29772-29890/com.comtop.mim:TcmsService I/tcminetimpl@native@tcms: postData2Server, seqid:12, data.len:73
02-18 20:56:23.676 29772-29890/com.comtop.mim:TcmsService I/tcminetimpl@native@tcms: postData2Server, m_seqtsMap.len:0
02-18 20:56:23.676 29772-29890/com.comtop.mim:TcmsService I/LocalSocketServer@native@tcms: poll fd:57, event:1
02-18 20:56:23.676 29772-29890/com.comtop.mim:TcmsService I/jni/inet/android/native/common/calljava.cpp: nativeLog
02-18 20:56:23.676 29772-29818/com.comtop.mim:TcmsService I/jni/inet/android/native/common/calljava.cpp: nativeLog
02-18 20:56:23.676 29731-29770/com.comtop.mim I/WXContext@idvj1r4l000150888766a901@login: extrahead:idvj1r4l000150888766a901, reserved:1
02-18 20:56:23.677 29731-29770/com.comtop.mim I/inetimpl@native@im@msg: PostMsg,cmdid=0x1000400,seqid=9,cmdtype=1,compress=1,encrypted=28
02-18 20:56:23.677 29731-29770/com.comtop.mim D/packagesize: headerlen:52, bodylen:176, extraheadlen:24
02-18 20:56:23.677 29731-29918/com.comtop.mim I/inetimpl@native@im@msg@sendbytes: 234,fd=100,error=11
02-18 20:56:23.678 29772-29800/com.comtop.mim:TcmsService W/tcminetimpl@native@tcms@msgmynative: PostMsg,interface=wx,method=s,seqid=13,sessionid:2,cmdtype=2,compress=0,encrypted=0
02-18 20:56:23.678 29772-29800/com.comtop.mim:TcmsService I/nativeLog: begin native log
02-18 20:56:23.678 29772-29800/com.comtop.mim:TcmsService W/tcminetimpl@native@tcms@msg@sendbytesmynative: 73,fd=56,error=11
02-18 20:56:23.678 29772-29800/com.comtop.mim:TcmsService I/nativeLog: begin native log
02-18 20:56:23.678 29772-29890/com.comtop.mim:TcmsService I/tcminetimpl@native@tcms: postData2Server, seqid:13, data.len:89
02-18 20:56:23.678 29772-29890/com.comtop.mim:TcmsService I/tcminetimpl@native@tcms: postData2Server, m_seqtsMap.len:0
02-18 20:56:23.679 29772-29890/com.comtop.mim:TcmsService I/LocalSocketServer@native@tcms: poll fd:57, event:1
02-18 20:56:23.679 29772-29818/com.comtop.mim:TcmsService I/jni/inet/android/native/common/calljava.cpp: nativeLog
02-18 20:56:23.679 29772-29890/com.comtop.mim:TcmsService I/jni/inet/android/native/common/calljava.cpp: nativeLog
02-18 20:56:23.679 29772-29800/com.comtop.mim:TcmsService W/tcminetimpl@native@tcms@msg@sendbytesmynative: 89,fd=56,error=11
02-18 20:56:23.680 29772-29800/com.comtop.mim:TcmsService I/nativeLog: begin native log
02-18 20:56:23.680 29772-29800/com.comtop.mim:TcmsService W/tcminetimpl@native@tcms@msgmynative: PostMsg,interface=wx,method=s,seqid=14,sessionid:2,cmdtype=2,compress=0,encrypted=0
02-18 20:56:23.778 29772-29800/com.comtop.mim:TcmsService I/nativeLog: begin native log
02-18 20:56:23.779 29772-29890/com.comtop.mim:TcmsService I/tcminetimpl@native@tcms: postData2Server, seqid:14, data.len:236
02-18 20:56:23.779 29772-29890/com.comtop.mim:TcmsService I/tcminetimpl@native@tcms: postData2Server, m_seqtsMap.len:0
02-18 20:56:23.779 29772-29890/com.comtop.mim:TcmsService I/LocalSocketServer@native@tcms: poll fd:57, event:1
02-18 20:56:23.779 29772-29890/com.comtop.mim:TcmsService I/jni/inet/android/native/common/calljava.cpp: nativeLog
02-18 20:56:23.779 29772-29800/com.comtop.mim:TcmsService W/tcminetimpl@native@tcms@msgmynative: PostMsg,interface=wx,method=s,seqid=15,sessionid:2,cmdtype=2,compress=0,encrypted=0
02-18 20:56:23.779 29772-29800/com.comtop.mim:TcmsService I/nativeLog: begin native log
02-18 20:56:23.779 29772-29890/com.comtop.mim:TcmsService I/tcminetimpl@native@tcms: postData2Server, seqid:15, data.len:252
02-18 20:56:23.780 29772-29890/com.comtop.mim:TcmsService I/tcminetimpl@native@tcms: postData2Server, m_seqtsMap.len:0
02-18 20:56:23.780 29772-29818/com.comtop.mim:TcmsService I/jni/inet/android/native/common/calljava.cpp: nativeLog
02-18 20:56:23.780 29772-29800/com.comtop.mim:TcmsService W/tcminetimpl@native@tcms@msg@recvbytesmynative: 236,fd=56,bufsize=236
02-18 20:56:23.780 29772-29800/com.comtop.mim:TcmsService I/nativeLog: begin native log
02-18 20:56:23.781 29772-29818/com.comtop.mim:TcmsService I/SccomHelper@native: 包未加密
02-18 20:56:23.781 29772-29818/com.comtop.mim:TcmsService I/jni/inet/android/native/common/calljava.cpp: nativeLog
02-18 20:56:23.781 29772-29821/com.comtop.mim:TcmsService I/TcmInet@native@tcms: INetImpl::GetMsg, seqid=0,interface=wx,method=s, errcode=0,msgtype=2
02-18 20:56:23.781 29772-29819/com.comtop.mim:TcmsService I/TcmInet@native@tcms: clientServiceThrFunc get one notify,interface=wx, method=s, sessionId=2, seqid=0
02-18 20:56:23.781 29772-29819/com.comtop.mim:TcmsService D/tcmsposix@native@tcms: get a notify, sessionId:2, interface:wx, method:s, 
02-18 20:56:23.781 29731-29918/com.comtop.mim I/inetimpl@native@im@msg@recvbytes: 216,fd=100,bufsize=216
02-18 20:56:23.781 29731-29918/com.comtop.mim I/inetimpl@native@im@msg@recv: 接收到消息, seqid=3
02-18 20:56:23.782 29731-29918/com.comtop.mim I/inetimpl@native@im@msg: SaveRspMsg,cmdid=0x1010400,seqid=3,cmdtype=1,compress=1,encrypted=23723
02-18 20:56:23.782 29772-29819/com.comtop.mim:TcmsService I/LocalSocketServer@native@tcms: exitPoll
02-18 20:56:23.782 29772-29800/com.comtop.mim:TcmsService W/tcminetimpl@native@tcms@msgmynative: SaveRspMsg,interface=wx,method=s,seqid=0,sessionId=2,cmdtype=2
02-18 20:56:23.782 29772-29800/com.comtop.mim:TcmsService I/nativeLog: begin native log
02-18 20:56:23.783 29772-29818/com.comtop.mim:TcmsService I/jni/inet/android/native/common/calljava.cpp: nativeLog
02-18 20:56:23.784 29772-29800/com.comtop.mim:TcmsService W/tcminetimpl@native@tcms@msg@sendbytesmynative: 488,fd=56,error=11
02-18 20:56:23.784 29772-29800/com.comtop.mim:TcmsService I/nativeLog: begin native log
02-18 20:56:23.784 29772-29818/com.comtop.mim:TcmsService I/jni/inet/android/native/common/calljava.cpp: nativeLog
02-18 20:56:23.785 29772-29800/com.comtop.mim:TcmsService W/tcminetimpl@native@tcms@msg@recvbytesmynative: 57,fd=56,bufsize=57
02-18 20:56:23.785 29731-29920/com.comtop.mim I/InetIO: ResponseSuccess, cmdid:16778240
02-18 20:56:23.785 29731-29920/com.comtop.mim D/WXServiceCallbackDefault.api: cmdid:16778240 state: true
02-18 20:56:23.785 29731-29920/com.comtop.mim D/CloudRequestCallback: openIMProfile:{"code":0,"result":{"items":{"idvj1r4l000150888766a901":{"email":"","icon":"http://7xn4wo.com1.z0.glb.clouddn.com/user/avatar/000150888766a901?1454318907626","mobile":"13691637112","nick":"33333","taobaoid":"","userid":"000150888766a901"}}}}
02-18 20:56:23.785 29772-29800/com.comtop.mim:TcmsService I/nativeLog: begin native log
02-18 20:56:23.786 29772-29818/com.comtop.mim:TcmsService I/SccomHelper@native: 包未加密
02-18 20:56:23.786 29772-29818/com.comtop.mim:TcmsService I/jni/inet/android/native/common/calljava.cpp: nativeLog
02-18 20:56:23.786 29772-29821/com.comtop.mim:TcmsService I/TcmInet@native@tcms: INetImpl::GetMsg, seqid=0,interface=wx,method=s, errcode=0,msgtype=2
02-18 20:56:23.786 29772-29819/com.comtop.mim:TcmsService I/TcmInet@native@tcms: clientServiceThrFunc get one notify,interface=wx, method=s, sessionId=2, seqid=0
02-18 20:56:23.786 29772-29819/com.comtop.mim:TcmsService D/tcmsposix@native@tcms: get a notify, sessionId:2, interface:wx, method:s, 
02-18 20:56:23.786 29731-29918/com.comtop.mim I/inetimpl@native@im@msg@recvbytes: 40,fd=100,bufsize=40
02-18 20:56:23.787 29731-29918/com.comtop.mim I/inetimpl@native@im@msg@recv: 接收到消息, seqid=6
02-18 20:56:23.787 29731-29918/com.comtop.mim I/inetimpl@native@im@msg: SaveRspMsg,cmdid=0x4010001,seqid=6,cmdtype=0,compress=1,encrypted=333
02-18 20:56:23.787 29772-29819/com.comtop.mim:TcmsService I/LocalSocketServer@native@tcms: exitPoll
02-18 20:56:23.787 29731-29920/com.comtop.mim I/InetIO: ResponseSuccess, cmdid:67108865
02-18 20:56:23.787 29731-29920/com.comtop.mim D/InetPush: InetPush:doAction, cmdid67108865 bizId:0dingdong:true uuid671088651455800183787
02-18 20:56:23.787 29731-29920/com.comtop.mim D/test: cmdId response:67108865
02-18 20:56:23.787 29731-29920/com.comtop.mim I/InetPush: ImReqGetLogonInfo coming!
02-18 20:56:23.787 29731-29920/com.comtop.mim W/InetPush: ImReqGetLogonInfo infoList error infoList=[]
02-18 20:56:23.787 29731-29920/com.comtop.mim D/WXServiceCallbackDefault.api: cmdid:67108865 state: true
02-18 20:56:23.787 29772-29800/com.comtop.mim:TcmsService W/tcminetimpl@native@tcms@msgmynative: SaveRspMsg,interface=wx,method=s,seqid=0,sessionId=2,cmdtype=2
02-18 20:56:23.789 29772-29800/com.comtop.mim:TcmsService I/nativeLog: begin native log
02-18 20:56:23.803 29772-29818/com.comtop.mim:TcmsService I/jni/inet/android/native/common/calljava.cpp: nativeLog
02-18 20:56:23.812 29772-29800/com.comtop.mim:TcmsService W/tcminetimpl@native@tcms@msg@recvbytesmynative: 1088,fd=56,bufsize=1088
02-18 20:56:23.815 29772-29800/com.comtop.mim:TcmsService I/nativeLog: begin native log
02-18 20:56:23.815 29772-29818/com.comtop.mim:TcmsService I/SccomHelper@native: 包未加密
02-18 20:56:23.815 29772-29818/com.comtop.mim:TcmsService I/jni/inet/android/native/common/calljava.cpp: nativeLog
02-18 20:56:23.815 29772-29821/com.comtop.mim:TcmsService I/TcmInet@native@tcms: INetImpl::GetMsg, seqid=0,interface=wx,method=s, errcode=0,msgtype=2
02-18 20:56:23.815 29772-29819/com.comtop.mim:TcmsService I/TcmInet@native@tcms: clientServiceThrFunc get one notify,interface=wx, method=s, sessionId=2, seqid=0
02-18 20:56:23.815 29772-29819/com.comtop.mim:TcmsService D/tcmsposix@native@tcms: get a notify, sessionId:2, interface:wx, method:s, 
02-18 20:56:23.815 29731-29731/com.comtop.mim D/TribeManager: onTribeInvite::TribeManager:0
02-18 20:56:23.815 29731-29918/com.comtop.mim I/inetimpl@native@im@msg@recvbytes: 832,fd=100,bufsize=832
02-18 20:56:23.815 29731-29918/com.comtop.mim I/inetimpl@native@im@msg@recv: 接收到消息, seqid=7
02-18 20:56:23.815 29731-29918/com.comtop.mim I/inetimpl@native@im@msg: SaveRspMsg,cmdid=0x1010211,seqid=7,cmdtype=1,compress=1,encrypted=37684
02-18 20:56:23.816 29772-29800/com.comtop.mim:TcmsService W/tcminetimpl@native@tcms@msgmynative: SaveRspMsg,interface=wx,method=s,seqid=0,sessionId=2,cmdtype=2
02-18 20:56:23.816 29772-29800/com.comtop.mim:TcmsService I/nativeLog: begin native log
02-18 20:56:23.816 29731-29920/com.comtop.mim I/InetIO: ResponseSuccess, cmdid:16777745
02-18 20:56:23.816 29731-29920/com.comtop.mim D/InetPush: InetPush:doAction, cmdid16777745 bizId:0dingdong:true uuid167777451455800183816
02-18 20:56:23.816 29731-29920/com.comtop.mim D/test: cmdId response:16777745
02-18 20:56:23.816 29731-29920/com.comtop.mim I/InetPush: ImReqReadTimes coming!
02-18 20:56:23.817 29772-29818/com.comtop.mim:TcmsService I/SccomHelper@native: 包未加密
02-18 20:56:23.818 29731-29920/com.comtop.mim I/openimprotocol@native: MessageBody_unpackData
02-18 20:56:23.818 29772-29818/com.comtop.mim:TcmsService I/jni/inet/android/native/common/calljava.cpp: nativeLog
02-18 20:56:23.818 29772-29819/com.comtop.mim:TcmsService I/LocalSocketServer@native@tcms: exitPoll
02-18 20:56:23.818 29772-29821/com.comtop.mim:TcmsService I/TcmInet@native@tcms: INetImpl::GetMsg, seqid=0,interface=wx,method=s, errcode=0,msgtype=2
02-18 20:56:23.819 29772-29800/com.comtop.mim:TcmsService W/tcminetimpl@native@tcms@msgmynative: SaveRspMsg,interface=wx,method=s,seqid=0,sessionId=2,cmdtype=2
02-18 20:56:23.819 29772-29800/com.comtop.mim:TcmsService I/nativeLog: begin native log
02-18 20:56:23.820 29731-29920/com.comtop.mim I/openimprotocol@native: MessageBody_unpackData
02-18 20:56:23.822 29772-29818/com.comtop.mim:TcmsService I/SccomHelper@native: 包未加密
02-18 20:56:23.823 29772-29818/com.comtop.mim:TcmsService I/jni/inet/android/native/common/calljava.cpp: nativeLog
02-18 20:56:23.823 29772-29821/com.comtop.mim:TcmsService I/TcmInet@native@tcms: INetImpl::GetMsg, seqid=0,interface=wx,method=s, errcode=0,msgtype=2
02-18 20:56:23.825 29772-29800/com.comtop.mim:TcmsService W/tcminetimpl@native@tcms@msgmynative: SaveRspMsg,interface=wx,method=s,seqid=0,sessionId=2,cmdtype=2
02-18 20:56:23.825 29772-29800/com.comtop.mim:TcmsService I/nativeLog: begin native log
02-18 20:56:23.826 29731-29920/com.comtop.mim D/InetPush: unpackTribeMessages->array:[{"fromId":"idvj1r4l0001527cf616f2434f","imgSize":{"w":1040,"h":584},"atflag":0,"extData":"{\"fileSize\":36396,\"YWOriginalImage\":0}","tribeType":1,"msgSendTime":1455790340,"msgContent":[["P","http:\/\/img04.taobaocdn.com\/L1\/134\/1148\/ftssrvlk\/1\/18\/7aeea305c4eb51518384bdef66a242fb.jpg"]],"msgType":1,"uuid":6269106087975124993}]
02-18 20:56:23.831 29731-29731/com.comtop.mim D/IMProfileCacheUtil: fetchUserProfile success notifyContactProfileUpdate
02-18 20:56:23.835 29731-29731/com.comtop.mim D/IMChannel: onActivityStopped:ui.SplashActivity
02-18 20:56:23.837 29731-29731/com.comtop.mim D/IMChannel: onActivityDestroyed:ui.SplashActivity
02-18 20:56:23.852 29731-29920/com.comtop.mim D/InetPush: unpackTribeMessages->array:[{"fromId":"idvj1r4l000152e838f7358c1","atflag":0,"extData":"{}","tribeType":1,"msgSendTime":1455788443,"msgContent":[["T","不哭"]],"msgType":1,"uuid":6269106087842545664}]
02-18 20:56:23.853 29731-29920/com.comtop.mim I/openimprotocol@native: MessageBody_unpackData
02-18 20:56:23.853 29731-29920/com.comtop.mim I/openimprotocol@native: MessageBody_unpackData
02-18 20:56:23.854 29772-29819/com.comtop.mim:TcmsService I/TcmInet@native@tcms: clientServiceThrFunc get one notify,interface=wx, method=s, sessionId=2, seqid=0
02-18 20:56:23.855 29772-29819/com.comtop.mim:TcmsService D/tcmsposix@native@tcms: get a notify, sessionId:2, interface:wx, method:s, 
02-18 20:56:23.855 29731-29918/com.comtop.mim I/inetimpl@native@im@msg@recvbytes: 48,fd=100,bufsize=48
02-18 20:56:23.855 29731-29918/com.comtop.mim I/inetimpl@native@im@msg@recv: 接收到消息, seqid=5
02-18 20:56:23.855 29731-29918/com.comtop.mim I/inetimpl@native@im@msg: SaveRspMsg,cmdid=0x2010008,seqid=5,cmdtype=0,compress=1,encrypted=166
02-18 20:56:23.856 29772-29819/com.comtop.mim:TcmsService I/LocalSocketServer@native@tcms: exitPoll
02-18 20:56:23.856 29772-29819/com.comtop.mim:TcmsService I/TcmInet@native@tcms: clientServiceThrFunc get one notify,interface=wx, method=s, sessionId=2, seqid=0
02-18 20:56:23.856 29772-29819/com.comtop.mim:TcmsService D/tcmsposix@native@tcms: get a notify, sessionId:2, interface:wx, method:s, 
02-18 20:56:23.856 29731-29918/com.comtop.mim I/inetimpl@native@im@msg@recvbytes: 152,fd=100,bufsize=152
02-18 20:56:23.856 29731-29918/com.comtop.mim I/inetimpl@native@im@msg@recv: 接收到消息, seqid=4
02-18 20:56:23.856 29731-29918/com.comtop.mim I/inetimpl@native@im@msg: SaveRspMsg,cmdid=0x1010006,seqid=4,cmdtype=1,compress=1,encrypted=14941
02-18 20:56:23.856 29772-29819/com.comtop.mim:TcmsService I/LocalSocketServer@native@tcms: exitPoll
02-18 20:56:23.857 29731-29920/com.comtop.mim D/InetPush: unpackTribeMessages->array:[{"fromId":"idvj1r4l0001527cf616f2434f","imgSize":{"w":1040,"h":584},"atflag":0,"extData":"{\"fileSize\":36396,\"YWOriginalImage\":0}","tribeType":1,"msgSendTime":1455790340,"msgContent":[["P","http:\/\/img04.taobaocdn.com\/L1\/134\/1148\/ftssrvlk\/1\/18\/7aeea305c4eb51518384bdef66a242fb.jpg"]],"msgType":1,"uuid":6269106087975124993}]
02-18 20:56:23.860 29731-29920/com.comtop.mim D/InetPush: unpackTribeMessages->array:[{"fromId":"idvj1r4l000152e838f7358c1","atflag":0,"extData":"{}","tribeType":1,"msgSendTime":1455788443,"msgContent":[["T","不哭"]],"msgType":1,"uuid":6269106087842545664}]
02-18 20:56:23.862 29731-29920/com.comtop.mim D/MsgReadedHandlerMgr: onReadTimesRspImpl, size = 4
02-18 20:56:23.862 29731-29731/com.comtop.mim D/MsgReadedHandlerMgr: conversationId = idvj1r4l000151ecdbf8b105@ps, conversation = com.alibaba.mobileim.lib.presenter.conversation.P2PConversation@422ed730
02-18 20:56:23.862 29731-29731/com.comtop.mim D/MsgReadedHandlerMgr: localReadTimeStamp = 0
02-18 20:56:23.863 29731-29731/com.comtop.mim D/MsgReadedHandlerMgr: localReadTimeStamp = 0, timeStamp = 1454059275, lastMsgTime = 1454059275
02-18 20:56:23.863 29731-29731/com.comtop.mim D/MsgReadedHandlerMgr: conversationId = idvj1r4l000151ecdbf8b105@ps, item = null
02-18 20:56:23.864 29731-29731/com.comtop.mim I/MsgReadedHandlerMgr: flag=1 readTimesInfo: userid=idvj1r4l000151ecdbf8b105@ps timeStamp=1454059275 count=1 retCode=0 lastmsgtime :1454059275
02-18 20:56:23.865 29731-29731/com.comtop.mim D/MsgReadedHandlerMgr: conversationId = idvj1r4l00015089328c5855, conversation = com.alibaba.mobileim.lib.presenter.conversation.P2PConversation@422cfc30
02-18 20:56:23.865 29731-29731/com.comtop.mim D/MsgReadedHandlerMgr: localReadTimeStamp = 0
02-18 20:56:23.865 29731-29731/com.comtop.mim D/MsgReadedHandlerMgr: localReadTimeStamp = 0, timeStamp = 1455698441, lastMsgTime = 1455698491
02-18 20:56:23.866 29731-29731/com.comtop.mim D/MsgReadedHandlerMgr: conversationId = idvj1r4l00015089328c5855, item = null
02-18 20:56:23.866 29731-29731/com.comtop.mim I/MsgReadedHandlerMgr: flag=1 readTimesInfo: userid=idvj1r4l00015089328c5855 timeStamp=1455698441 count=2 retCode=0 lastmsgtime :1455698491
02-18 20:56:23.869 29731-29731/com.comtop.mim D/MsgReadedHandlerMgr: conversationId = tribe1900123729, conversation = com.alibaba.mobileim.lib.presenter.conversation.TribeConversation@422970b0
02-18 20:56:23.871 29772-29818/com.comtop.mim:TcmsService I/jni/inet/android/native/common/calljava.cpp: nativeLog
02-18 20:56:23.872 29772-29800/com.comtop.mim:TcmsService W/tcminetimpl@native@tcms@msg@recvbytesmynative: 301,fd=56,bufsize=301
02-18 20:56:23.872 29772-29800/com.comtop.mim:TcmsService I/nativeLog: begin native log
02-18 20:56:23.872 29772-29818/com.comtop.mim:TcmsService I/SccomHelper@native: 包未加密
02-18 20:56:23.872 29772-29818/com.comtop.mim:TcmsService I/jni/inet/android/native/common/calljava.cpp: nativeLog
02-18 20:56:23.872 29772-29821/com.comtop.mim:TcmsService I/TcmInet@native@tcms: INetImpl::GetMsg, seqid=0,interface=wx,method=s, errcode=0,msgtype=2
02-18 20:56:23.872 29772-29819/com.comtop.mim:TcmsService I/TcmInet@native@tcms: clientServiceThrFunc get one notify,interface=wx, method=s, sessionId=2, seqid=0
02-18 20:56:23.872 29772-29819/com.comtop.mim:TcmsService D/tcmsposix@native@tcms: get a notify, sessionId:2, interface:wx, method:s, 
02-18 20:56:23.872 29731-29918/com.comtop.mim I/inetimpl@native@im@msg@recvbytes: 208,fd=100,bufsize=208
02-18 20:56:23.872 29731-29918/com.comtop.mim I/inetimpl@native@im@msg@recv: 接收到消息, seqid=9
02-18 20:56:23.872 29731-29918/com.comtop.mim I/inetimpl@native@im@msg: SaveRspMsg,cmdid=0x1010400,seqid=9,cmdtype=1,compress=1,encrypted=21818
02-18 20:56:23.872 29772-29819/com.comtop.mim:TcmsService I/LocalSocketServer@native@tcms: exitPoll
02-18 20:56:23.873 29772-29800/com.comtop.mim:TcmsService W/tcminetimpl@native@tcms@msgmynative: SaveRspMsg,interface=wx,method=s,seqid=0,sessionId=2,cmdtype=2
02-18 20:56:23.873 29772-29800/com.comtop.mim:TcmsService I/nativeLog: begin native log
02-18 20:56:23.873 29772-29818/com.comtop.mim:TcmsService I/SccomHelper@native: 包未加密
02-18 20:56:23.873 29772-29818/com.comtop.mim:TcmsService I/jni/inet/android/native/common/calljava.cpp: nativeLog
02-18 20:56:23.873 29772-29821/com.comtop.mim:TcmsService I/TcmInet@native@tcms: INetImpl::GetMsg, seqid=0,interface=wx,method=s, errcode=0,msgtype=2
02-18 20:56:23.873 29772-29819/com.comtop.mim:TcmsService I/TcmInet@native@tcms: clientServiceThrFunc get one notify,interface=wx, method=s, sessionId=2, seqid=0
02-18 20:56:23.873 29772-29819/com.comtop.mim:TcmsService D/tcmsposix@native@tcms: get a notify, sessionId:2, interface:wx, method:s, 
02-18 20:56:23.873 29731-29918/com.comtop.mim I/inetimpl@native@im@msg@recvbytes: 56,fd=100,bufsize=56
02-18 20:56:23.873 29731-29918/com.comtop.mim I/inetimpl@native@im@msg@recv: 接收到消息, seqid=8
02-18 20:56:23.873 29731-29918/com.comtop.mim I/inetimpl@native@im@msg: SaveRspMsg,cmdid=0x1010101,seqid=8,cmdtype=0,compress=1,encrypted=1015
02-18 20:56:23.873 29772-29819/com.comtop.mim:TcmsService I/LocalSocketServer@native@tcms: exitPoll
02-18 20:56:23.873 29772-29800/com.comtop.mim:TcmsService W/tcminetimpl@native@tcms@msgmynative: SaveRspMsg,interface=wx,method=s,seqid=0,sessionId=2,cmdtype=2
02-18 20:56:23.873 29772-29800/com.comtop.mim:TcmsService I/nativeLog: begin native log
02-18 20:56:23.895 29731-29731/com.comtop.mim D/MsgReadedHandlerMgr: localReadTimeStamp = 1455782979
02-18 20:56:23.895 29731-29731/com.comtop.mim D/MsgReadedHandlerMgr: localReadTimeStamp = 1455782979, timeStamp = 1455783797, lastMsgTime = 1455790340
02-18 20:56:23.895 29731-29731/com.comtop.mim D/MsgReadedHandlerMgr: conversationId = tribe1900123729, item = null
02-18 20:56:23.895 29731-29731/com.comtop.mim I/MsgReadedHandlerMgr: flag=1 readTimesInfo: userid=1900123729 timeStamp=1455783797 count=18 retCode=0 lastmsgtime :1455790340
02-18 20:56:23.896 29731-29731/com.comtop.mim D/MsgReadedHandlerMgr: conversationId = tribe1900123130, conversation = com.alibaba.mobileim.lib.presenter.conversation.TribeConversation@421d94d8
02-18 20:56:23.898 29731-29731/com.comtop.mim D/MsgReadedHandlerMgr: localReadTimeStamp = 0
02-18 20:56:23.898 29731-29731/com.comtop.mim D/MsgReadedHandlerMgr: localReadTimeStamp = 0, timeStamp = 1455788443, lastMsgTime = 1455788443
02-18 20:56:23.898 29731-29731/com.comtop.mim D/MsgReadedHandlerMgr: conversationId = tribe1900123130, item = null
02-18 20:56:23.899 29731-29731/com.comtop.mim I/MsgReadedHandlerMgr: flag=1 readTimesInfo: userid=1900123130 timeStamp=1455788443 count=1 retCode=0 lastmsgtime :1455788443
02-18 20:56:23.900 29731-29920/com.comtop.mim D/WXServiceCallbackDefault.api: cmdid:16777745 state: true
02-18 20:56:23.901 29731-29920/com.comtop.mim I/Native: InetIO_ngetLoginState
02-18 20:56:23.901 29731-29920/com.comtop.mim I/Native: current user idvj1r4l000150888766a901
02-18 20:56:23.901 29731-29920/com.comtop.mim I/EgoAccount.api: getLoginState:3
02-18 20:56:23.902 29731-29920/com.comtop.mim I/openimprotocol@native: ImReqOfflinemsg_packData
02-18 20:56:23.902 29731-29920/com.comtop.mim I/openimprotocol@native: ImReqOfflinemsg_packData success!
02-18 20:56:23.902 29731-29920/com.comtop.mim D/test: cmdId:16777245
02-18 20:56:23.903 29731-29920/com.comtop.mim I/SocketChannel.api: reqOfflineMsg
02-18 20:56:23.903 29731-29770/com.comtop.mim D/InetIO: asyncCall，  cmdid：16777245 appId:100817 bizId:0
02-18 20:56:23.903 29731-29770/com.comtop.mim I/Native: InetIO_asyncCall
02-18 20:56:23.904 29731-29770/com.comtop.mim I/WXContext@idvj1r4l000150888766a901@login: extrahead:idvj1r4l000150888766a901, reserved:1
02-18 20:56:23.904 29731-29770/com.comtop.mim I/inetimpl@native@im@msg: PostMsg,cmdid=0x100001d,seqid=10,cmdtype=0,compress=1,encrypted=28
02-18 20:56:23.905 29731-29770/com.comtop.mim D/packagesize: headerlen:52, bodylen:72, extraheadlen:24
02-18 20:56:23.905 29731-29918/com.comtop.mim I/inetimpl@native@im@msg@sendbytes: 130,fd=100,error=11
02-18 20:56:23.906 29731-29920/com.comtop.mim I/InetIO: ResponseSuccess, cmdid:33554440
02-18 20:56:23.906 29731-29920/com.comtop.mim D/WXServiceCallbackDefault.api: cmdid:33554440 state: true
02-18 20:56:23.906 29731-29920/com.comtop.mim I/openimprotocol@native: CntRspGetblack_unpackData
02-18 20:56:23.907 29731-29920/com.comtop.mim I/openimprotocol@native: CntRspGetblack_unpackData success!
02-18 20:56:23.908 29772-29890/com.comtop.mim:TcmsService I/LocalSocketServer@native@tcms: poll fd:57, event:1
02-18 20:56:23.908 29772-29890/com.comtop.mim:TcmsService I/jni/inet/android/native/common/calljava.cpp: nativeLog
02-18 20:56:23.909 29772-29800/com.comtop.mim:TcmsService W/tcminetimpl@native@tcms@msgmynative: PostMsg,interface=wx,method=s,seqid=16,sessionid:2,cmdtype=2,compress=0,encrypted=0
02-18 20:56:23.909 29772-29800/com.comtop.mim:TcmsService I/nativeLog: begin native log
02-18 20:56:23.910 29772-29890/com.comtop.mim:TcmsService I/tcminetimpl@native@tcms: postData2Server, seqid:16, data.len:146
02-18 20:56:23.910 29772-29890/com.comtop.mim:TcmsService I/tcminetimpl@native@tcms: postData2Server, m_seqtsMap.len:0
02-18 20:56:23.910 29772-29818/com.comtop.mim:TcmsService I/jni/inet/android/native/common/calljava.cpp: nativeLog
02-18 20:56:23.911 29772-29800/com.comtop.mim:TcmsService W/tcminetimpl@native@tcms@msg@sendbytesmynative: 146,fd=56,error=11
02-18 20:56:23.911 29731-29920/com.comtop.mim I/InetIO: ResponseSuccess, cmdid:16777222
02-18 20:56:23.911 29772-29800/com.comtop.mim:TcmsService I/nativeLog: begin native log
02-18 20:56:23.912 29731-29920/com.comtop.mim D/WXServiceCallbackDefault.api: cmdid:16777222 state: true
02-18 20:56:23.912 29731-29920/com.comtop.mim I/openimprotocol@native: ImRspGetToken_unpackData
02-18 20:56:23.913 29731-29920/com.comtop.mim I/openimprotocol@native: ImRspGetToken_unpackData success!
02-18 20:56:23.913 29731-29920/com.comtop.mim D/HttpWebTokenCallback: ReqGetToken retcode:0 token:{"uniqkey":"DCBA2C26-369D-1A40-B5D4-8108E5290BC6","token":"BCE13A12-DC80-FA42-89E3-CEF026729D92","expire":1800} type:10
02-18 20:56:23.914 29731-29920/com.comtop.mim W/WXSecurityStoreWrapper: getStore2 dynamicDataStore is null
02-18 20:56:23.914 29731-29920/com.comtop.mim W/WXSecurityStoreWrapper: getStore2 dynamicDataStore is null
02-18 20:56:23.914 29731-29920/com.comtop.mim W/WXSecurityStoreWrapper: getStore2 dynamicDataStore is null
02-18 20:56:23.914 29731-29920/com.comtop.mim D/WXGetWebTokenLock: doNotifyAll
02-18 20:56:23.915 29731-29788/com.comtop.mim D/WXUtil: sign string:idvj1r4l000150888766a901DCBA2C26-369D-1A40-B5D4-8108E5290BC6BCE13A12-DC80-FA42-89E3-CEF026729D921455800188100817126211861.9.0_ANDROID_OPENIM
02-18 20:56:23.916 29731-29788/com.comtop.mim D/WXUtil: appId:100817
02-18 20:56:23.916 29731-29788/com.comtop.mim D/WXUtil: appKey:12621186
02-18 20:56:23.916 29731-29788/com.comtop.mim D/WXUtil: sign_key:DCBA2C26-369D-1A40-B5D4-8108E5290BC6
02-18 20:56:23.916 29731-29788/com.comtop.mim D/WXUtil: sign_time:1455800188
02-18 20:56:23.916 29731-29788/com.comtop.mim D/WXUtil: sign_value:8547b388f6849757db9dc6c65e45811e
02-18 20:56:23.916 29731-29788/com.comtop.mim D/WXUtil: user_id:idvj1r4l000150888766a901
02-18 20:56:23.916 29731-29788/com.comtop.mim D/WXUtil: ver:1.9.0_ANDROID_OPENIM
02-18 20:56:23.917 29731-29788/com.comtop.mim D/SysUtil: url before:http://wxapi.taobao.com/api/user/getUser.json
02-18 20:56:23.917 29731-29788/com.comtop.mim D/SysUtil: url after:http://wxapi.taobao.com/api/user/getUser.json
02-18 20:56:23.917 29731-29788/com.comtop.mim D/HttpRequestPost: doHttpPostDefault
02-18 20:56:23.920 29731-29920/com.comtop.mim I/InetIO: ResponseSuccess, cmdid:16778240
02-18 20:56:23.920 29731-29920/com.comtop.mim D/WXServiceCallbackDefault.api: cmdid:16778240 state: true
02-18 20:56:23.922 29731-29920/com.comtop.mim D/CloudRequestCallback: openIMProfile:{"code":0,"result":{"items":{"idvj1r4l000150888cb0740c":{"email":"","icon":"http://7xn4wo.com1.z0.glb.clouddn.com/user/avatar/000150888cb0740c?1437897406181","mobile":"13691637118","nick":"118","taobaoid":"","userid":"000150888cb0740c"}}}}
02-18 20:56:23.934 29731-29731/com.comtop.mim D/IMProfileCacheUtil: fetchUserProfile success notifyContactProfileUpdate
02-18 20:56:23.989 29772-29818/com.comtop.mim:TcmsService I/jni/inet/android/native/common/calljava.cpp: nativeLog
02-18 20:56:23.989 29772-29800/com.comtop.mim:TcmsService W/tcminetimpl@native@tcms@msg@recvbytesmynative: 121,fd=56,bufsize=121
02-18 20:56:23.989 29772-29800/com.comtop.mim:TcmsService I/nativeLog: begin native log
02-18 20:56:23.989 29772-29818/com.comtop.mim:TcmsService I/SccomHelper@native: 包未加密
02-18 20:56:23.989 29772-29818/com.comtop.mim:TcmsService I/jni/inet/android/native/common/calljava.cpp: nativeLog
02-18 20:56:23.990 29772-29821/com.comtop.mim:TcmsService I/TcmInet@native@tcms: INetImpl::GetMsg, seqid=0,interface=wx,method=s, errcode=0,msgtype=2
02-18 20:56:23.990 29772-29819/com.comtop.mim:TcmsService I/TcmInet@native@tcms: clientServiceThrFunc get one notify,interface=wx, method=s, sessionId=2, seqid=0
02-18 20:56:23.990 29772-29819/com.comtop.mim:TcmsService D/tcmsposix@native@tcms: get a notify, sessionId:2, interface:wx, method:s, 
02-18 20:56:23.990 29731-29918/com.comtop.mim I/inetimpl@native@im@msg@recvbytes: 104,fd=100,bufsize=104
02-18 20:56:23.990 29731-29918/com.comtop.mim I/inetimpl@native@im@msg@recv: 接收到消息, seqid=10
02-18 20:56:23.990 29731-29918/com.comtop.mim I/inetimpl@native@im@msg: SaveRspMsg,cmdid=0x101001d,seqid=10,cmdtype=0,compress=1,encrypted=5436
02-18 20:56:23.990 29772-29819/com.comtop.mim:TcmsService I/LocalSocketServer@native@tcms: exitPoll
02-18 20:56:23.991 29731-29920/com.comtop.mim I/InetIO: ResponseSuccess, cmdid:16777245
02-18 20:56:23.991 29772-29800/com.comtop.mim:TcmsService W/tcminetimpl@native@tcms@msgmynative: SaveRspMsg,interface=wx,method=s,seqid=0,sessionId=2,cmdtype=2
02-18 20:56:23.991 29731-29920/com.comtop.mim D/InetPush: InetPush:doAction, cmdid16777245 bizId:0dingdong:true uuid167772451455800183991
02-18 20:56:23.991 29731-29920/com.comtop.mim D/test: cmdId response:16777245
02-18 20:56:23.991 29731-29920/com.comtop.mim I/InetPush: ImReqOfflinemsg coming
02-18 20:56:23.991 29772-29800/com.comtop.mim:TcmsService I/nativeLog: begin native log
02-18 20:56:23.991 29731-29920/com.comtop.mim I/openimprotocol@native: ImRspOfflinemsg_unpackData
02-18 20:56:23.991 29731-29920/com.comtop.mim I/openimprotocol@native: ImRspOfflinemsg_unpackData success!
02-18 20:56:23.992 29731-29920/com.comtop.mim D/InetPush: unpackOfflineMsg{"lastTime":0,"leftCount":0,"operation":"get","retcode":0}
02-18 20:56:23.993 29731-29920/com.comtop.mim D/WXServiceCallbackDefault.api: cmdid:16777245 state: true
02-18 20:56:23.998 29731-29788/com.comtop.mim D/HttpRequestPost: {"code":400,"msg":"错误请求 — 请求参数有误，或用户不存在。"}
02-18 20:56:23.998 29731-29788/com.comtop.mim I/HttpWebTokenCallback: http://wxapi.taobao.com/api/user/getUser.json  result:{"code":400,"msg":"错误请求 — 请求参数有误，或用户不存在。"}
02-18 20:56:24.168 29731-29946/com.comtop.mim D/dalvikvm: Trying to load lib /data/app-lib/com.comtop.mim-1/libgifimage.so 0x41f4fb88
02-18 20:56:24.169 29731-29946/com.comtop.mim D/dalvikvm: Added shared lib /data/app-lib/com.comtop.mim-1/libgifimage.so 0x41f4fb88
02-18 20:56:24.236 29731-29731/com.comtop.mim I/ConversationManager: onTribeMessage
02-18 20:56:24.241 29731-29731/com.comtop.mim D/TribeManager: onTribeMessage 1900123130
02-18 20:56:24.244 29731-29731/com.comtop.mim I/ConversationManager: onTribeMessage
02-18 20:56:24.247 29731-29731/com.comtop.mim D/TribeManager: onTribeMessage 1900123729
02-18 20:56:24.250 29731-29731/com.comtop.mim D/MsgReadedHandlerMgr: unReadCount = 2
02-18 20:56:24.253 29731-29731/com.comtop.mim I/im@im@msgrecv: [MsgRecv-onPushMessage接收在线消息 来自 会话id=idvj1r4l00015089328c5855
02-18 20:56:24.255 29731-29731/com.comtop.mim D/MsgReadedHandlerMgr: unReadCount = 1
02-18 20:56:24.258 29731-29731/com.comtop.mim I/im@im@msgrecv: [MsgRecv-onPushMessage接收在线消息 来自 会话id=idvj1r4l000151ecdbf8b105@ps
02-18 20:56:24.267 29731-29919/com.comtop.mim I/callback@native@im: updateData
02-18 20:56:24.267 29731-29919/com.comtop.mim D/InetIO: updateData, lAccout:idvj1r4l000150888766a901 userId:idvj1r4l000150888766a901 key:connstatus value:1
02-18 20:56:24.269 29731-29731/com.comtop.mim D/ConversationManager: getTimeStamp, conversationIdtribe1900123130
02-18 20:56:24.269 29731-29731/com.comtop.mim D/im@im@msgrecv: [MsgRecv-onPushMessage]timeStamp = 1455788443
02-18 20:56:24.271 29731-29731/com.comtop.mim I/im@im@msgrecv: [MsgRecv-pushMessage]接收到消息:不哭, msgId = 6269106087842545664, msgTime = 1455788443
02-18 20:56:24.272 29731-29731/com.comtop.mim D/im@im@msgrecv: [MsgRecv-pushMessage]on push message keytribe19001231306269106087842545664idvj1r4l000152e838f7358c1 existInCacheMsg=true msg.getSubtype=0
02-18 20:56:24.272 29731-29731/com.comtop.mim D/im@im@msgrecv: [MsgRecv-pushMessage]onpush message duplicate6269106087842545664不哭
02-18 20:56:24.272 29731-29731/com.comtop.mim D/MessageList: flag = false
02-18 20:56:24.273 29731-29731/com.comtop.mim D/ConversationManager: getTimeStamp, conversationIdtribe1900123729
02-18 20:56:24.273 29731-29731/com.comtop.mim D/im@im@msgrecv: [MsgRecv-onPushMessage]timeStamp = 1455783797
02-18 20:56:24.273 29731-29731/com.comtop.mim I/im@im@msgrecv: [MsgRecv-pushMessage]接收到消息:http://img04.taobaocdn.com/L1/134/1148/ftssrvlk/1/18/7aeea305c4eb51518384bdef66a242fb.jpg, msgId = 6269106087975124993, msgTime = 1455790340
02-18 20:56:24.274 29731-29731/com.comtop.mim D/im@im@msgrecv: [MsgRecv-pushMessage]on push message keytribe19001237296269106087975124993idvj1r4l0001527cf616f2434f existInCacheMsg=true msg.getSubtype=1
02-18 20:56:24.274 29731-29731/com.comtop.mim D/im@im@msgrecv: [MsgRecv-pushMessage]onpush message duplicate6269106087975124993http://img04.taobaocdn.com/L1/134/1148/ftssrvlk/1/18/7aeea305c4eb51518384bdef66a242fb.jpg
02-18 20:56:24.274 29731-29731/com.comtop.mim D/MessageList: flag = false
02-18 20:56:24.305 29731-29731/com.comtop.mim D/im@im@msgrecv: [MsgRecv-createP2PConversation]createSimpleP2PConversationidvj1r4l00015089328c5855
02-18 20:56:24.317 29731-29731/com.comtop.mim D/ConversationManager: getTimeStamp, conversationIdidvj1r4l00015089328c5855
02-18 20:56:24.318 29731-29731/com.comtop.mim D/im@im@msgrecv: [MsgRecv-onPushMessage]timeStamp = 1455698441 totalUnreadCount = 27
02-18 20:56:24.319 29731-29731/com.comtop.mim D/im@im@msgrecv: [MsgRecv-onPushMessage]timeStamp = 1455698441
02-18 20:56:24.320 29731-29731/com.comtop.mim I/im@im@msgrecv: [MsgRecv-pushMessage]接收到消息:{"customize":"{\"source\":{\"phone\":\"13000000000\",\"nick\":\"豪华版大家\",\"avatarId\":\"http://7xn4wo.com1.z0.glb.clouddn.com/user/avatar/00015089328c5855?1454039327838\",\"name\":null,\"userId\":\"00015089328c5855\"},\"msgType\":\"event.friend.apply.sent\",\"comment\":\"我是次次v\"}","header":{"summary":"收到好友申请"}}
                                                               , msgId = 6269106081956063555, msgTime = 1455698491
02-18 20:56:24.321 29731-29731/com.comtop.mim D/im@im@msgrecv: [MsgRecv-pushMessage]on push message keyidvj1r4l00015089328c58556269106081956063555idvj1r4l00015089328c5855 existInCacheMsg=false msg.getSubtype=66
02-18 20:56:24.327 29731-29731/com.comtop.mim D/MessageList: message:Message{mMsgId=6269106081956063555, atFlag=0, direction=0, mContent='{"customize":"{\"source\":{\"phone\":\"13000000000\",\"nick\":\"豪华版大家\",\"avatarId\":\"http://7xn4wo.com1.z0.glb.clouddn.com/user/avatar/00015089328c5855?1454039327838\",\"name\":null,\"userId\":\"00015089328c5855\"},\"msgType\":\"event.friend.apply.sent\",\"comment\":\"我是次次v\"}","header":{"summary":"收到好友申请"}}
                                                             ', mCvsId='idvj1r4l00015089328c5855', isAtMsgAck=false, atMsgAckSendId='null', atMsgAckUUid='null', isAtMsgHasRead=false, mTime=1455698491, mAuthorId='idvj1r4l00015089328c5855', mAuthorName='豪华版大家', atUserList=null}
02-18 20:56:24.327 29731-29731/com.comtop.mim D/MessageList@OriginalPic: message.getMsgId() = 6269106081956063555message.getSubType() = 66
02-18 20:56:24.327 29731-29731/com.comtop.mim D/DataBaseUtils: insertValue uri=content://com.comtop.mim.aliwxprovider/message List<IDBModel>
02-18 20:56:24.328 29731-29731/com.comtop.mim D/MessageList: flag = true
02-18 20:56:24.331 29731-30063/com.comtop.mim E/WXProvider: insertOrThrow
                                                            android.database.sqlite.SQLiteConstraintException: columns messageId, sendId, conversationId are not unique (code 19)
                                                                at android.database.sqlite.SQLiteConnection.nativeExecuteForLastInsertedRowId(Native Method)
                                                                at android.database.sqlite.SQLiteConnection.executeForLastInsertedRowId(SQLiteConnection.java:782)
                                                                at android.database.sqlite.SQLiteSession.executeForLastInsertedRowId(SQLiteSession.java:788)
                                                                at android.database.sqlite.SQLiteStatement.executeInsert(SQLiteStatement.java:86)
                                                                at android.database.sqlite.SQLiteDatabase.insertWithOnConflict(SQLiteDatabase.java:1469)
