02-18 20:43:28.064 16382-16418/com.comtop.mim:TcmsService I/nativeLog: begin native log
02-18 20:43:28.083 16382-16654/com.comtop.mim:TcmsService I/tcminetimpl@native@tcms: postData2Server, seqid:28, data.len:252
02-18 20:43:28.087 16382-16654/com.comtop.mim:TcmsService I/tcminetimpl@native@tcms: postData2Server, m_seqtsMap.len:0
02-18 20:43:28.089 16382-16429/com.comtop.mim:TcmsService I/jni/inet/android/native/common/calljava.cpp: nativeLog
02-18 20:43:28.091 16382-16418/com.comtop.mim:TcmsService W/tcminetimpl@native@tcms@msg@sendbytesmynative: 252,fd=56,error=11
02-18 20:43:28.093 16382-16418/com.comtop.mim:TcmsService I/nativeLog: begin native log
02-18 20:43:28.114 16334-17241/com.comtop.mim D/shape: shape:2
02-18 20:43:28.115 16334-17241/com.comtop.mim I/IMAsyncLoadImageTask: bitmap isRecycle:false
02-18 20:43:28.120 16334-16334/com.comtop.mim D/YWContactManagerImpl: notifyContactProfileUpdate = com.alibaba.mobileim.kit.conversation.ConversationAdapter@42ce7cb8
02-18 20:43:28.122 16334-16334/com.comtop.mim D/IMProfileCacheUtil: fetchUserProfile success notifyContactProfileUpdate
02-18 20:43:28.123 16334-16334/com.comtop.mim D/YWContactManagerImpl: notifyContactProfileUpdate = com.alibaba.mobileim.kit.conversation.ConversationAdapter@42ce7cb8 userid=0001527cf616f2434f appkey =23232985
02-18 20:43:28.126 16334-16334/com.comtop.mim D/YWContactManagerImpl: notifyContactProfileUpdate = com.alibaba.mobileim.kit.conversation.ConversationAdapter@42ce7cb8
02-18 20:43:28.128 16334-16334/com.comtop.mim D/IMProfileCacheUtil: fetchUserProfile success notifyContactProfileUpdate
02-18 20:43:28.129 16334-17245/com.comtop.mim D/DataBaseUtils: doContentResolverQueryWrapper uri=content://com.comtop.mim.aliwxprovider/wwTribeUser
02-18 20:43:28.130 16334-16334/com.comtop.mim D/YWContactManagerImpl: notifyContactProfileUpdate = com.alibaba.mobileim.kit.conversation.ConversationAdapter@42ce7cb8 userid=0001523dfa8b66fb appkey =23232985
02-18 20:43:28.134 16334-17245/com.comtop.mim D/DataBaseUtils: doContentResolverQueryWrapper uri=content://com.comtop.mim.aliwxprovider/wwTribeUser
02-18 20:43:28.136 16334-16334/com.comtop.mim D/YWContactManagerImpl: notifyContactProfileUpdate = com.alibaba.mobileim.kit.conversation.ConversationAdapter@42ce7cb8
02-18 20:43:28.138 16334-16334/com.comtop.mim D/IMProfileCacheUtil: fetchUserProfile success notifyContactProfileUpdate
02-18 20:43:28.140 16334-16334/com.comtop.mim D/YWContactManagerImpl: notifyContactProfileUpdate = com.alibaba.mobileim.kit.conversation.ConversationAdapter@42ce7cb8 userid=000151ecdf966023@ps appkey =23232985
02-18 20:43:28.142 16334-17245/com.comtop.mim D/DataBaseUtils: doContentResolverQueryWrapper uri=content://com.comtop.mim.aliwxprovider/wwTribeUser
02-18 20:43:28.146 16334-17245/com.comtop.mim D/DataBaseUtils: doContentResolverQueryWrapper uri=content://com.comtop.mim.aliwxprovider/wwTribeUser
02-18 20:43:28.157 16334-16334/com.comtop.mim D/YWContactManagerImpl: getContactProfileInfo userId=0001527cf616f2434f appkey=23232985
02-18 20:43:28.157 16334-16388/com.comtop.mim D/HttpRequestPost: {"code":200,"msg":"success","data":[]}
02-18 20:43:28.157 16334-16388/com.comtop.mim I/HttpWebTokenCallback: http://wxapi.taobao.com/api/profile/getUserList.json?  result:{"code":200,"msg":"success","data":[]}
02-18 20:43:28.160 16334-16334/com.comtop.mim I/IMProfileCacheUtil: getDefaultProfileCallback
02-18 20:43:28.162 16334-16334/com.comtop.mim I/IMProfileCacheUtil: geDefaultCrossProfileCallback
02-18 20:43:28.163 16334-16334/com.comtop.mim D/YWContactManagerImpl: defaultCallbak called
02-18 20:43:28.164 16334-16388/com.comtop.mim I/HttpWebTokenCallback: http://wxapi.taobao.com/api/profile/getUserList.json?  result:{"code":200,"msg":"success","data":[]}
02-18 20:43:28.166 16334-16334/com.comtop.mim D/YWContactManagerImpl: result nick=傅相成 headUrl=http://7xn4wo.com1.z0.glb.clouddn.com/user/avatar/0001527cf616f2434f?1454297989142 appkey=null
02-18 20:43:28.167 16334-16334/com.comtop.mim D/YWContactManagerImpl: getContactProfileInfo userId=0001527cf616f2434f appkey=23232985
02-18 20:43:28.167 16334-16334/com.comtop.mim I/IMProfileCacheUtil: getDefaultProfileCallback
02-18 20:43:28.167 16334-16334/com.comtop.mim I/IMProfileCacheUtil: geDefaultCrossProfileCallback
02-18 20:43:28.167 16334-16334/com.comtop.mim D/YWContactManagerImpl: defaultCallbak called
02-18 20:43:28.167 16334-16334/com.comtop.mim D/YWContactManagerImpl: result nick=傅相成 headUrl=http://7xn4wo.com1.z0.glb.clouddn.com/user/avatar/0001527cf616f2434f?1454297989142 appkey=null
02-18 20:43:28.169 16382-16429/com.comtop.mim:TcmsService I/jni/inet/android/native/common/calljava.cpp: nativeLog
02-18 20:43:28.172 16334-16334/com.comtop.mim D/WxPerf: getview time:15
02-18 20:43:28.178 16334-16388/com.comtop.mim I/ContactListPacker: ContactListPacker result:{"code":200,"msg":"success","data":[]}
02-18 20:43:28.182 16382-16418/com.comtop.mim:TcmsService W/tcminetimpl@native@tcms@msg@recvbytesmynative: 180,fd=56,bufsize=180
02-18 20:43:28.185 16382-16418/com.comtop.mim:TcmsService I/nativeLog: begin native log
02-18 20:43:28.187 16334-16334/com.comtop.mim D/YWContactManagerImpl: getContactProfileInfo userId=000150888cb0740c appkey=23232985
02-18 20:43:28.187 16382-16429/com.comtop.mim:TcmsService I/SccomHelper@native: 包未加密
02-18 20:43:28.188 16382-16429/com.comtop.mim:TcmsService I/jni/inet/android/native/common/calljava.cpp: nativeLog
02-18 20:43:28.188 16382-16432/com.comtop.mim:TcmsService I/TcmInet@native@tcms: INetImpl::GetMsg, seqid=0,interface=wx,method=s, errcode=0,msgtype=2
02-18 20:43:28.188 16382-16430/com.comtop.mim:TcmsService I/TcmInet@native@tcms: clientServiceThrFunc get one notify,interface=wx, method=s, sessionId=2, seqid=0
02-18 20:43:28.188 16382-16430/com.comtop.mim:TcmsService D/tcmsposix@native@tcms: get a notify, sessionId:2, interface:wx, method:s, 
02-18 20:43:28.188 16334-16599/com.comtop.mim I/inetimpl@native@im@msg@recvbytes: 160,fd=92,bufsize=160
02-18 20:43:28.188 16334-16599/com.comtop.mim I/inetimpl@native@im@msg@recv: 接收到消息, seqid=22
02-18 20:43:28.188 16334-16599/com.comtop.mim I/inetimpl@native@im@msg: SaveRspMsg,cmdid=0x1010400,seqid=22,cmdtype=1,compress=1,encrypted=15844
02-18 20:43:28.188 16382-16430/com.comtop.mim:TcmsService I/LocalSocketServer@native@tcms: exitPoll
02-18 20:43:28.189 16382-16418/com.comtop.mim:TcmsService W/tcminetimpl@native@tcms@msgmynative: SaveRspMsg,interface=wx,method=s,seqid=0,sessionId=2,cmdtype=2
02-18 20:43:28.189 16382-16418/com.comtop.mim:TcmsService I/nativeLog: begin native log
02-18 20:43:28.190 16334-16601/com.comtop.mim I/InetIO: ResponseSuccess, cmdid:16778240
02-18 20:43:28.190 16334-16601/com.comtop.mim D/WXServiceCallbackDefault.api: cmdid:16778240 state: true
02-18 20:43:28.187 16334-16334/com.comtop.mim I/IMProfileCacheUtil: getDefaultProfileCallback
02-18 20:43:28.190 16334-16601/com.comtop.mim D/CloudRequestCallback: openIMProfile:{"code":0,"result":{"items":{"idvj1r4l000152e838f7358c1":{"email":"","icon":"","mobile":"13423869955","nick":"13423869955","taobaoid":"","userid":"000152e838f7358c1"}}}}
02-18 20:43:28.197 16334-16334/com.comtop.mim I/IMProfileCacheUtil: geDefaultCrossProfileCallback
02-18 20:43:28.197 16334-16334/com.comtop.mim D/YWContactManagerImpl: defaultCallbak called
02-18 20:43:28.197 16334-16334/com.comtop.mim D/YWContactManagerImpl: result nick=118 headUrl=http://7xn4wo.com1.z0.glb.clouddn.com/user/avatar/000150888cb0740c?1437897406181 appkey=null
02-18 20:43:28.198 16334-16334/com.comtop.mim D/YWContactManagerImpl: getContactProfileInfo userId=000150888cb0740c appkey=23232985
02-18 20:43:28.198 16334-16334/com.comtop.mim I/IMProfileCacheUtil: getDefaultProfileCallback
02-18 20:43:28.198 16334-16334/com.comtop.mim I/IMProfileCacheUtil: geDefaultCrossProfileCallback
02-18 20:43:28.198 16334-16334/com.comtop.mim D/YWContactManagerImpl: defaultCallbak called
02-18 20:43:28.200 16334-16334/com.comtop.mim D/YWContactManagerImpl: result nick=118 headUrl=http://7xn4wo.com1.z0.glb.clouddn.com/user/avatar/000150888cb0740c?1437897406181 appkey=null
02-18 20:43:28.202 16334-16334/com.comtop.mim D/WxPerf: getview time:15
02-18 20:43:28.205 16334-16334/com.comtop.mim D/YWContactManagerImpl: getContactProfileInfo userId=0001523dfa8b66fb appkey=23232985
02-18 20:43:28.205 16334-16334/com.comtop.mim I/IMProfileCacheUtil: getDefaultProfileCallback
02-18 20:43:28.205 16334-16334/com.comtop.mim I/IMProfileCacheUtil: geDefaultCrossProfileCallback
02-18 20:43:28.205 16334-16334/com.comtop.mim D/YWContactManagerImpl: defaultCallbak called
02-18 20:43:28.205 16334-16334/com.comtop.mim D/YWContactManagerImpl: result nick=不怕神一样的对手，只怕猪一样的队友啊 headUrl=http://7xn4wo.com1.z0.glb.clouddn.com/user/avatar/0001523dfa8b66fb/webp?t=1454052903.597343 appkey=null
02-18 20:43:28.205 16334-16334/com.comtop.mim D/YWContactManagerImpl: getContactProfileInfo userId=0001523dfa8b66fb appkey=23232985
02-18 20:43:28.206 16334-16334/com.comtop.mim I/IMProfileCacheUtil: getDefaultProfileCallback
02-18 20:43:28.206 16334-16334/com.comtop.mim I/IMProfileCacheUtil: geDefaultCrossProfileCallback
02-18 20:43:28.206 16334-16334/com.comtop.mim D/YWContactManagerImpl: defaultCallbak called
02-18 20:43:28.206 16334-16334/com.comtop.mim D/YWContactManagerImpl: result nick=不怕神一样的对手，只怕猪一样的队友啊 headUrl=http://7xn4wo.com1.z0.glb.clouddn.com/user/avatar/0001523dfa8b66fb/webp?t=1454052903.597343 appkey=null
02-18 20:43:28.214 16334-16334/com.comtop.mim D/WxPerf: getview time:9
02-18 20:43:28.228 16334-16334/com.comtop.mim D/YWContactManagerImpl: getContactProfileInfo userId=000151ecdf966023@ps appkey=23232985
02-18 20:43:28.229 16334-16334/com.comtop.mim I/IMProfileCacheUtil: getDefaultProfileCallback
02-18 20:43:28.230 16334-16334/com.comtop.mim I/IMProfileCacheUtil: geDefaultCrossProfileCallback
02-18 20:43:28.234 16334-16334/com.comtop.mim D/YWContactManagerImpl: defaultCallbak called
02-18 20:43:28.236 16334-16334/com.comtop.mim D/YWContactManagerImpl: result nick=者也 headUrl= appkey=null
02-18 20:43:28.237 16334-16334/com.comtop.mim D/YWContactManagerImpl: getContactProfileInfo userId=000151ecdf966023@ps appkey=23232985
02-18 20:43:28.238 16334-16334/com.comtop.mim I/IMProfileCacheUtil: getDefaultProfileCallback
02-18 20:43:28.240 16334-16334/com.comtop.mim I/IMProfileCacheUtil: geDefaultCrossProfileCallback
02-18 20:43:28.241 16334-16334/com.comtop.mim D/YWContactManagerImpl: defaultCallbak called
02-18 20:43:28.243 16334-16334/com.comtop.mim D/YWContactManagerImpl: result nick=者也 headUrl= appkey=null
02-18 20:43:28.247 16334-16334/com.comtop.mim D/WxPerf: getview time:19
02-18 20:43:28.251 16334-16334/com.comtop.mim D/ConversationAdapter: hasUnreadAtMsg:false
02-18 20:43:28.256 16334-16334/com.comtop.mim D/YWContactManagerImpl: getContactProfileInfo userId=0001527cf616f2434f appkey=23232985
02-18 20:43:28.257 16334-16334/com.comtop.mim I/IMProfileCacheUtil: getDefaultProfileCallback
02-18 20:43:28.257 16334-16334/com.comtop.mim I/IMProfileCacheUtil: geDefaultCrossProfileCallback
02-18 20:43:28.257 16334-16334/com.comtop.mim D/YWContactManagerImpl: defaultCallbak called
02-18 20:43:28.257 16334-16334/com.comtop.mim D/YWContactManagerImpl: result nick=傅相成 headUrl=http://7xn4wo.com1.z0.glb.clouddn.com/user/avatar/0001527cf616f2434f?1454297989142 appkey=null
02-18 20:43:28.260 16334-16334/com.comtop.mim D/WxPerf: getview time:9
02-18 20:43:28.267 16334-16334/com.comtop.mim D/ConversationAdapter: hasUnreadAtMsg:false
02-18 20:43:28.269 16334-16334/com.comtop.mim D/YWContactManagerImpl: getContactProfileInfo userId=000150888766a901 appkey=23232985
02-18 20:43:28.272 16334-16334/com.comtop.mim I/IMProfileCacheUtil: getDefaultProfileCallback
02-18 20:43:28.274 16334-16334/com.comtop.mim I/IMProfileCacheUtil: geDefaultCrossProfileCallback
02-18 20:43:28.277 16334-16334/com.comtop.mim D/YWContactManagerImpl: defaultCallbak called
02-18 20:43:28.279 16334-16334/com.comtop.mim D/YWContactManagerImpl: result nick=33333 headUrl=http://7xn4wo.com1.z0.glb.clouddn.com/user/avatar/000150888766a901?1454318907626 appkey=null
02-18 20:43:28.283 16334-16334/com.comtop.mim D/WxPerf: getview time:16
02-18 20:43:28.287 16334-16334/com.comtop.mim D/ConversationAdapter: hasUnreadAtMsg:false
02-18 20:43:28.289 16334-16334/com.comtop.mim D/YWContactManagerImpl: getContactProfileInfo userId=000150888766a901 appkey=23232985
02-18 20:43:28.289 16334-16334/com.comtop.mim I/IMProfileCacheUtil: getDefaultProfileCallback
02-18 20:43:28.289 16334-16334/com.comtop.mim I/IMProfileCacheUtil: geDefaultCrossProfileCallback
02-18 20:43:28.290 16334-16334/com.comtop.mim D/YWContactManagerImpl: defaultCallbak called
02-18 20:43:28.290 16334-16334/com.comtop.mim D/YWContactManagerImpl: result nick=33333 headUrl=http://7xn4wo.com1.z0.glb.clouddn.com/user/avatar/000150888766a901?1454318907626 appkey=null
02-18 20:43:28.291 16334-16334/com.comtop.mim D/WxPerf: getview time:4
02-18 20:43:28.293 16334-16334/com.comtop.mim D/ConversationAdapter: hasUnreadAtMsg:false
02-18 20:43:28.301 16334-16334/com.comtop.mim D/YWContactManagerImpl: getContactProfileInfo userId=000152e838f7358c1 appkey=23232985
02-18 20:43:28.302 16334-16334/com.comtop.mim I/IMProfileCacheUtil: getDefaultProfileCallback
02-18 20:43:28.304 16334-16334/com.comtop.mim I/IMProfileCacheUtil: geDefaultCrossProfileCallback
02-18 20:43:28.306 16334-16334/com.comtop.mim D/YWContactManagerImpl: defaultCallbak called
02-18 20:43:28.308 16334-16334/com.comtop.mim D/YWContactManagerImpl: result nick=13423869955 headUrl= appkey=null
02-18 20:43:28.310 16334-16334/com.comtop.mim D/WxPerf: getview time:17
02-18 20:43:28.331 16334-16334/com.comtop.mim I/Native: InetIO_ngetLoginState
02-18 20:43:28.332 16334-16334/com.comtop.mim I/Native: current user idvj1r4l000150888766a901
02-18 20:43:28.333 16334-16334/com.comtop.mim I/EgoAccount.api: getLoginState:3
02-18 20:43:28.335 16334-16334/com.comtop.mim D/SocketChannel: doTribeOperation:::reqData:{"members":["idvj1r4l0001527cf616f2434f"],"tid":1900123729}
02-18 20:43:28.336 16334-16334/com.comtop.mim I/openimprotocol@native: ImReqTribe_packData
02-18 20:43:28.337 16334-16334/com.comtop.mim I/openimprotocol@native: ImReqTribe_packData success!
02-18 20:43:28.340 16334-16377/com.comtop.mim D/InetIO: asyncCall，  cmdid：16777473 appId:100817 bizId:0
02-18 20:43:28.340 16334-16377/com.comtop.mim I/Native: InetIO_asyncCall
02-18 20:43:28.340 16334-16377/com.comtop.mim I/WXContext@idvj1r4l000150888766a901@login: extrahead:idvj1r4l000150888766a901, reserved:1
02-18 20:43:28.341 16334-16377/com.comtop.mim I/inetimpl@native@im@msg: PostMsg,cmdid=0x1000101,seqid=23,cmdtype=0,compress=1,encrypted=28
02-18 20:43:28.341 16334-16377/com.comtop.mim D/packagesize: headerlen:52, bodylen:88, extraheadlen:24
02-18 20:43:28.341 16334-16599/com.comtop.mim I/inetimpl@native@im@msg@sendbytes: 146,fd=92,error=11
02-18 20:43:28.346 16334-16334/com.comtop.mim D/test: cmdId:16777473
02-18 20:43:28.347 16334-16334/com.comtop.mim D/SocketChanneldoAsyncCall: reqCmdId:16777473 reqData:[B@41fe2c68 sAppId:100817
02-18 20:43:28.347 16382-16654/com.comtop.mim:TcmsService I/LocalSocketServer@native@tcms: poll fd:58, event:1
02-18 20:43:28.350 16334-16334/com.comtop.mim D/test: cmdId:16777473
02-18 20:43:28.351 16382-16654/com.comtop.mim:TcmsService I/jni/inet/android/native/common/calljava.cpp: nativeLog
02-18 20:43:28.353 16382-16418/com.comtop.mim:TcmsService W/tcminetimpl@native@tcms@msgmynative: PostMsg,interface=wx,method=s,seqid=29,sessionid:2,cmdtype=2,compress=0,encrypted=0
02-18 20:43:28.353 16334-16334/com.comtop.mim I/Native: InetIO_ngetLoginState
02-18 20:43:28.353 16334-16334/com.comtop.mim I/Native: current user idvj1r4l000150888766a901
02-18 20:43:28.353 16334-16334/com.comtop.mim I/EgoAccount.api: getLoginState:3
02-18 20:43:28.353 16334-16334/com.comtop.mim D/SocketChannel: doTribeOperation:::reqData:{"members":["idvj1r4l000150888766a901"],"tid":1900128244}
02-18 20:43:28.354 16334-16334/com.comtop.mim I/openimprotocol@native: ImReqTribe_packData
02-18 20:43:28.354 16334-16334/com.comtop.mim I/openimprotocol@native: ImReqTribe_packData success!
02-18 20:43:28.354 16334-16377/com.comtop.mim D/InetIO: asyncCall，  cmdid：16777473 appId:100817 bizId:0
02-18 20:43:28.354 16334-16377/com.comtop.mim I/Native: InetIO_asyncCall
02-18 20:43:28.354 16334-16377/com.comtop.mim I/WXContext@idvj1r4l000150888766a901@login: extrahead:idvj1r4l000150888766a901, reserved:1
02-18 20:43:28.355 16334-16377/com.comtop.mim I/inetimpl@native@im@msg: PostMsg,cmdid=0x1000101,seqid=24,cmdtype=0,compress=1,encrypted=28
02-18 20:43:28.355 16334-16377/com.comtop.mim D/packagesize: headerlen:52, bodylen:88, extraheadlen:24
02-18 20:43:28.356 16334-16599/com.comtop.mim I/inetimpl@native@im@msg@sendbytes: 146,fd=92,error=11
02-18 20:43:28.361 16334-16334/com.comtop.mim D/test: cmdId:16777473
02-18 20:43:28.362 16334-16334/com.comtop.mim D/SocketChanneldoAsyncCall: reqCmdId:16777473 reqData:[B@42199808 sAppId:100817
02-18 20:43:28.363 16334-16334/com.comtop.mim D/test: cmdId:16777473
02-18 20:43:28.364 16334-16334/com.comtop.mim I/Native: InetIO_ngetLoginState
02-18 20:43:28.366 16334-16334/com.comtop.mim I/Native: current user idvj1r4l000150888766a901
02-18 20:43:28.367 16334-16334/com.comtop.mim I/EgoAccount.api: getLoginState:3
02-18 20:43:28.368 16334-16334/com.comtop.mim D/SocketChannel: doTribeOperation:::reqData:{"members":["idvj1r4l000150888766a901"],"tid":1900128240}
02-18 20:43:28.369 16334-16334/com.comtop.mim I/openimprotocol@native: ImReqTribe_packData
02-18 20:43:28.370 16334-16334/com.comtop.mim I/openimprotocol@native: ImReqTribe_packData success!
02-18 20:43:28.371 16334-16377/com.comtop.mim D/InetIO: asyncCall，  cmdid：16777473 appId:100817 bizId:0
02-18 20:43:28.371 16334-16377/com.comtop.mim I/Native: InetIO_asyncCall
02-18 20:43:28.371 16334-16377/com.comtop.mim I/WXContext@idvj1r4l000150888766a901@login: extrahead:idvj1r4l000150888766a901, reserved:1
02-18 20:43:28.372 16334-16377/com.comtop.mim I/inetimpl@native@im@msg: PostMsg,cmdid=0x1000101,seqid=25,cmdtype=0,compress=1,encrypted=28
02-18 20:43:28.372 16334-16377/com.comtop.mim D/packagesize: headerlen:52, bodylen:88, extraheadlen:24
02-18 20:43:28.373 16334-16599/com.comtop.mim I/inetimpl@native@im@msg@sendbytes: 146,fd=92,error=11
02-18 20:43:28.374 16334-16334/com.comtop.mim D/test: cmdId:16777473
02-18 20:43:28.375 16334-16334/com.comtop.mim D/SocketChanneldoAsyncCall: reqCmdId:16777473 reqData:[B@42e55f88 sAppId:100817
02-18 20:43:28.376 16334-16334/com.comtop.mim D/test: cmdId:16777473
02-18 20:43:28.378 16334-16334/com.comtop.mim I/Native: InetIO_ngetLoginState
02-18 20:43:28.378 16334-16334/com.comtop.mim I/Native: current user idvj1r4l000150888766a901
02-18 20:43:28.378 16334-16334/com.comtop.mim I/EgoAccount.api: getLoginState:3
02-18 20:43:28.378 16334-16334/com.comtop.mim D/SocketChannel: doTribeOperation:::reqData:{"members":["idvj1r4l000152e838f7358c1"],"tid":1900123130}
02-18 20:43:28.378 16334-16334/com.comtop.mim I/openimprotocol@native: ImReqTribe_packData
02-18 20:43:28.379 16334-16334/com.comtop.mim I/openimprotocol@native: ImReqTribe_packData success!
02-18 20:43:28.379 16334-16377/com.comtop.mim D/InetIO: asyncCall，  cmdid：16777473 appId:100817 bizId:0
02-18 20:43:28.379 16334-16377/com.comtop.mim I/Native: InetIO_asyncCall
02-18 20:43:28.379 16334-16377/com.comtop.mim I/WXContext@idvj1r4l000150888766a901@login: extrahead:idvj1r4l000150888766a901, reserved:1
02-18 20:43:28.379 16334-16377/com.comtop.mim I/inetimpl@native@im@msg: PostMsg,cmdid=0x1000101,seqid=26,cmdtype=0,compress=1,encrypted=28
02-18 20:43:28.379 16334-16377/com.comtop.mim D/packagesize: headerlen:52, bodylen:88, extraheadlen:24
02-18 20:43:28.380 16334-16599/com.comtop.mim I/inetimpl@native@im@msg@sendbytes: 146,fd=92,error=11
02-18 20:43:28.380 16334-16334/com.comtop.mim D/test: cmdId:16777473
02-18 20:43:28.381 16334-16334/com.comtop.mim D/SocketChanneldoAsyncCall: reqCmdId:16777473 reqData:[B@42d427d0 sAppId:100817
02-18 20:43:28.381 16334-16334/com.comtop.mim D/test: cmdId:16777473
02-18 20:43:28.382 16334-16334/com.comtop.mim D/YWContactManagerImpl: notifyContactProfileUpdate = com.alibaba.mobileim.kit.conversation.ConversationAdapter@42ce7cb8
02-18 20:43:28.382 16334-16334/com.comtop.mim D/IMProfileCacheUtil: fetchUserProfile success notifyContactProfileUpdate
02-18 20:43:28.382 16334-16334/com.comtop.mim D/YWContactManagerImpl: notifyContactProfileUpdate = com.alibaba.mobileim.kit.conversation.ConversationAdapter@42ce7cb8 userid=000152e838f7358c1 appkey =23232985
02-18 20:43:28.354 16382-16418/com.comtop.mim:TcmsService I/nativeLog: begin native log
02-18 20:43:28.384 16334-17241/com.comtop.mim D/DataBaseUtils: doContentResolverQueryWrapper uri=content://com.comtop.mim.aliwxprovider/wwTribeUser
02-18 20:43:28.388 16334-16334/com.comtop.mim D/YWContactManagerImpl: getContactProfileInfo userId=0001527cf616f2434f appkey=23232985
02-18 20:43:28.389 16382-16654/com.comtop.mim:TcmsService I/tcminetimpl@native@tcms: postData2Server, seqid:29, data.len:163
02-18 20:43:28.389 16382-16654/com.comtop.mim:TcmsService I/tcminetimpl@native@tcms: postData2Server, m_seqtsMap.len:0
02-18 20:43:28.389 16382-16654/com.comtop.mim:TcmsService I/LocalSocketServer@native@tcms: poll fd:58, event:1
02-18 20:43:28.389 16382-16654/com.comtop.mim:TcmsService I/jni/inet/android/native/common/calljava.cpp: nativeLog
02-18 20:43:28.389 16382-16429/com.comtop.mim:TcmsService I/jni/inet/android/native/common/calljava.cpp: nativeLog
02-18 20:43:28.389 16382-16418/com.comtop.mim:TcmsService W/tcminetimpl@native@tcms@msgmynative: PostMsg,interface=wx,method=s,seqid=30,sessionid:2,cmdtype=2,compress=0,encrypted=0
02-18 20:43:28.389 16382-16418/com.comtop.mim:TcmsService I/nativeLog: begin native log
02-18 20:43:28.389 16382-16418/com.comtop.mim:TcmsService W/tcminetimpl@native@tcms@msg@sendbytesmynative: 163,fd=56,error=11
02-18 20:43:28.390 16382-16418/com.comtop.mim:TcmsService I/nativeLog: begin native log
02-18 20:43:28.390 16382-16654/com.comtop.mim:TcmsService I/tcminetimpl@native@tcms: postData2Server, seqid:30, data.len:163
02-18 20:43:28.390 16382-16654/com.comtop.mim:TcmsService I/tcminetimpl@native@tcms: postData2Server, m_seqtsMap.len:0
02-18 20:43:28.390 16382-16654/com.comtop.mim:TcmsService I/LocalSocketServer@native@tcms: poll fd:58, event:1
02-18 20:43:28.390 16382-16654/com.comtop.mim:TcmsService I/jni/inet/android/native/common/calljava.cpp: nativeLog
02-18 20:43:28.390 16382-16429/com.comtop.mim:TcmsService I/jni/inet/android/native/common/calljava.cpp: nativeLog
02-18 20:43:28.390 16382-16418/com.comtop.mim:TcmsService W/tcminetimpl@native@tcms@msgmynative: PostMsg,interface=wx,method=s,seqid=31,sessionid:2,cmdtype=2,compress=0,encrypted=0
02-18 20:43:28.390 16382-16418/com.comtop.mim:TcmsService I/nativeLog: begin native log
02-18 20:43:28.390 16382-16418/com.comtop.mim:TcmsService W/tcminetimpl@native@tcms@msg@sendbytesmynative: 163,fd=56,error=11
02-18 20:43:28.390 16382-16418/com.comtop.mim:TcmsService I/nativeLog: begin native log
02-18 20:43:28.391 16382-16654/com.comtop.mim:TcmsService I/tcminetimpl@native@tcms: postData2Server, seqid:31, data.len:163
02-18 20:43:28.391 16382-16654/com.comtop.mim:TcmsService I/tcminetimpl@native@tcms: postData2Server, m_seqtsMap.len:0
02-18 20:43:28.391 16382-16654/com.comtop.mim:TcmsService I/LocalSocketServer@native@tcms: poll fd:58, event:1
02-18 20:43:28.391 16382-16654/com.comtop.mim:TcmsService I/jni/inet/android/native/common/calljava.cpp: nativeLog
02-18 20:43:28.391 16382-16429/com.comtop.mim:TcmsService I/jni/inet/android/native/common/calljava.cpp: nativeLog
02-18 20:43:28.391 16382-16418/com.comtop.mim:TcmsService W/tcminetimpl@native@tcms@msgmynative: PostMsg,interface=wx,method=s,seqid=32,sessionid:2,cmdtype=2,compress=0,encrypted=0
02-18 20:43:28.391 16382-16418/com.comtop.mim:TcmsService I/nativeLog: begin native log
02-18 20:43:28.391 16382-16418/com.comtop.mim:TcmsService W/tcminetimpl@native@tcms@msg@sendbytesmynative: 163,fd=56,error=11
02-18 20:43:28.391 16382-16418/com.comtop.mim:TcmsService I/nativeLog: begin native log
02-18 20:43:28.392 16382-16654/com.comtop.mim:TcmsService I/tcminetimpl@native@tcms: postData2Server, seqid:32, data.len:163
02-18 20:43:28.392 16382-16654/com.comtop.mim:TcmsService I/tcminetimpl@native@tcms: postData2Server, m_seqtsMap.len:0
02-18 20:43:28.392 16382-16429/com.comtop.mim:TcmsService I/jni/inet/android/native/common/calljava.cpp: nativeLog
02-18 20:43:28.392 16382-16418/com.comtop.mim:TcmsService W/tcminetimpl@native@tcms@msg@sendbytesmynative: 163,fd=56,error=11
02-18 20:43:28.392 16382-16418/com.comtop.mim:TcmsService I/nativeLog: begin native log
02-18 20:43:28.401 16334-16334/com.comtop.mim I/IMProfileCacheUtil: getDefaultProfileCallback
02-18 20:43:28.401 16334-16334/com.comtop.mim I/IMProfileCacheUtil: geDefaultCrossProfileCallback
02-18 20:43:28.401 16334-16334/com.comtop.mim D/YWContactManagerImpl: defaultCallbak called
02-18 20:43:28.404 16334-16334/com.comtop.mim D/YWContactManagerImpl: result nick=傅相成 headUrl=http://7xn4wo.com1.z0.glb.clouddn.com/user/avatar/0001527cf616f2434f?1454297989142 appkey=null
02-18 20:43:28.423 16334-16334/com.comtop.mim D/YWContactManagerImpl: getContactProfileInfo userId=0001527cf616f2434f appkey=23232985
02-18 20:43:28.423 16334-16334/com.comtop.mim I/IMProfileCacheUtil: getDefaultProfileCallback
02-18 20:43:28.423 16334-16334/com.comtop.mim I/IMProfileCacheUtil: geDefaultCrossProfileCallback
02-18 20:43:28.423 16334-16334/com.comtop.mim D/YWContactManagerImpl: defaultCallbak called
02-18 20:43:28.424 16334-16334/com.comtop.mim D/YWContactManagerImpl: result nick=傅相成 headUrl=http://7xn4wo.com1.z0.glb.clouddn.com/user/avatar/0001527cf616f2434f?1454297989142 appkey=null
02-18 20:43:28.432 16334-16334/com.comtop.mim D/WxPerf: getview time:43
02-18 20:43:28.448 16334-16334/com.comtop.mim D/YWContactManagerImpl: getContactProfileInfo userId=000150888cb0740c appkey=23232985
02-18 20:43:28.450 16334-16334/com.comtop.mim I/IMProfileCacheUtil: getDefaultProfileCallback
02-18 20:43:28.452 16334-16334/com.comtop.mim I/IMProfileCacheUtil: geDefaultCrossProfileCallback
02-18 20:43:28.455 16334-16334/com.comtop.mim D/YWContactManagerImpl: defaultCallbak called
02-18 20:43:28.455 16382-16429/com.comtop.mim:TcmsService I/jni/inet/android/native/common/calljava.cpp: nativeLog
02-18 20:43:28.457 16334-16334/com.comtop.mim D/YWContactManagerImpl: result nick=118 headUrl=http://7xn4wo.com1.z0.glb.clouddn.com/user/avatar/000150888cb0740c?1437897406181 appkey=null
02-18 20:43:28.458 16382-16418/com.comtop.mim:TcmsService W/tcminetimpl@native@tcms@msg@recvbytesmynative: 138,fd=56,bufsize=138
02-18 20:43:28.459 16334-16334/com.comtop.mim D/YWContactManagerImpl: getContactProfileInfo userId=000150888cb0740c appkey=23232985
02-18 20:43:28.460 16334-16334/com.comtop.mim I/IMProfileCacheUtil: getDefaultProfileCallback
02-18 20:43:28.460 16382-16418/com.comtop.mim:TcmsService I/nativeLog: begin native log
02-18 20:43:28.461 16382-16429/com.comtop.mim:TcmsService I/SccomHelper@native: 包未加密
02-18 20:43:28.461 16334-16334/com.comtop.mim I/IMProfileCacheUtil: geDefaultCrossProfileCallback
02-18 20:43:28.461 16334-16334/com.comtop.mim D/YWContactManagerImpl: defaultCallbak called
02-18 20:43:28.461 16334-16334/com.comtop.mim D/YWContactManagerImpl: result nick=118 headUrl=http://7xn4wo.com1.z0.glb.clouddn.com/user/avatar/000150888cb0740c?1437897406181 appkey=null
02-18 20:43:28.461 16382-16429/com.comtop.mim:TcmsService I/jni/inet/android/native/common/calljava.cpp: nativeLog
02-18 20:43:28.461 16382-16432/com.comtop.mim:TcmsService I/TcmInet@native@tcms: INetImpl::GetMsg, seqid=0,interface=wx,method=s, errcode=0,msgtype=2
02-18 20:43:28.461 16382-16430/com.comtop.mim:TcmsService I/TcmInet@native@tcms: clientServiceThrFunc get one notify,interface=wx, method=s, sessionId=2, seqid=0
02-18 20:43:28.461 16382-16430/com.comtop.mim:TcmsService D/tcmsposix@native@tcms: get a notify, sessionId:2, interface:wx, method:s, 
02-18 20:43:28.461 16334-16599/com.comtop.mim I/inetimpl@native@im@msg@recvbytes: 120,fd=92,bufsize=120
02-18 20:43:28.461 16334-16599/com.comtop.mim I/inetimpl@native@im@msg@recv: 接收到消息, seqid=23
02-18 20:43:28.461 16334-16599/com.comtop.mim I/inetimpl@native@im@msg: SaveRspMsg,cmdid=0x1010101,seqid=23,cmdtype=0,compress=1,encrypted=6182
02-18 20:43:28.462 16334-16601/com.comtop.mim I/InetIO: ResponseSuccess, cmdid:16777473
02-18 20:43:28.462 16334-16601/com.comtop.mim D/WXServiceCallbackDefault.api: cmdid:16777473 state: true
02-18 20:43:28.462 16334-16601/com.comtop.mim I/openimprotocol@native: ImRspTribe_unpackData
02-18 20:43:28.462 16334-16601/com.comtop.mim I/openimprotocol@native: ImRspTribe_unpackData success!
02-18 20:43:28.462 16334-16601/com.comtop.mim I/TribeManager: onSuccess
02-18 20:43:28.462 16334-16601/com.comtop.mim D/TribeManager: getRspData:{"members":[{"nick":"","uid":"idvj1r4l0001527cf616f2434f"}]}
02-18 20:43:28.462 16334-16601/com.comtop.mim D/WXServiceCallbackDefault@tribe: Retcode = 0
02-18 20:43:28.462 16334-16601/com.comtop.mim D/WXServiceCallbackDefault@tribe: RspData = {"members":[{"nick":"","uid":"idvj1r4l0001527cf616f2434f"}]}
02-18 20:43:28.462 16334-16601/com.comtop.mim D/WXServiceCallbackDefault@tribe: Operation = getMemberNick
02-18 20:43:28.463 16382-16430/com.comtop.mim:TcmsService I/LocalSocketServer@native@tcms: exitPoll
02-18 20:43:28.463 16334-16334/com.comtop.mim D/WxPerf: getview time:14
02-18 20:43:28.464 16382-16418/com.comtop.mim:TcmsService W/tcminetimpl@native@tcms@msgmynative: SaveRspMsg,interface=wx,method=s,seqid=0,sessionId=2,cmdtype=2
02-18 20:43:28.465 16382-16418/com.comtop.mim:TcmsService I/nativeLog: begin native log
02-18 20:43:28.466 16334-16334/com.comtop.mim D/YWContactManagerImpl: getContactProfileInfo userId=0001523dfa8b66fb appkey=23232985
02-18 20:43:28.466 16334-16334/com.comtop.mim I/IMProfileCacheUtil: getDefaultProfileCallback
02-18 20:43:28.466 16334-16334/com.comtop.mim I/IMProfileCacheUtil: geDefaultCrossProfileCallback
02-18 20:43:28.466 16334-16334/com.comtop.mim D/YWContactManagerImpl: defaultCallbak called
02-18 20:43:28.466 16334-16334/com.comtop.mim D/YWContactManagerImpl: result nick=不怕神一样的对手，只怕猪一样的队友啊 headUrl=http://7xn4wo.com1.z0.glb.clouddn.com/user/avatar/0001523dfa8b66fb/webp?t=1454052903.597343 appkey=null
02-18 20:43:28.466 16334-16334/com.comtop.mim D/YWContactManagerImpl: getContactProfileInfo userId=0001523dfa8b66fb appkey=23232985
02-18 20:43:28.467 16334-16334/com.comtop.mim I/IMProfileCacheUtil: getDefaultProfileCallback
02-18 20:43:28.467 16334-16334/com.comtop.mim I/IMProfileCacheUtil: geDefaultCrossProfileCallback
02-18 20:43:28.467 16334-16334/com.comtop.mim D/YWContactManagerImpl: defaultCallbak called
02-18 20:43:28.467 16334-16334/com.comtop.mim D/YWContactManagerImpl: result nick=不怕神一样的对手，只怕猪一样的队友啊 headUrl=http://7xn4wo.com1.z0.glb.clouddn.com/user/avatar/0001523dfa8b66fb/webp?t=1454052903.597343 appkey=null
02-18 20:43:28.468 16334-16334/com.comtop.mim D/WxPerf: getview time:3
02-18 20:43:28.502 16334-16334/com.comtop.mim D/YWContactManagerImpl: getContactProfileInfo userId=000151ecdf966023@ps appkey=23232985
02-18 20:43:28.502 16334-16334/com.comtop.mim I/IMProfileCacheUtil: getDefaultProfileCallback
02-18 20:43:28.513 16334-16334/com.comtop.mim I/IMProfileCacheUtil: geDefaultCrossProfileCallback
02-18 20:43:28.513 16334-16334/com.comtop.mim D/YWContactManagerImpl: defaultCallbak called
02-18 20:43:28.514 16334-16334/com.comtop.mim D/YWContactManagerImpl: result nick=者也 headUrl= appkey=null
02-18 20:43:28.515 16334-16334/com.comtop.mim D/YWContactManagerImpl: getContactProfileInfo userId=000151ecdf966023@ps appkey=23232985
02-18 20:43:28.517 16334-16334/com.comtop.mim I/IMProfileCacheUtil: getDefaultProfileCallback
02-18 20:43:28.519 16334-16334/com.comtop.mim I/IMProfileCacheUtil: geDefaultCrossProfileCallback
02-18 20:43:28.520 16334-16334/com.comtop.mim D/YWContactManagerImpl: defaultCallbak called
02-18 20:43:28.522 16334-16334/com.comtop.mim D/YWContactManagerImpl: result nick=者也 headUrl= appkey=null
02-18 20:43:28.525 16334-16334/com.comtop.mim D/WxPerf: getview time:23
02-18 20:43:28.525 16382-16429/com.comtop.mim:TcmsService I/jni/inet/android/native/common/calljava.cpp: nativeLog
02-18 20:43:28.527 16382-16418/com.comtop.mim:TcmsService W/tcminetimpl@native@tcms@msg@recvbytesmynative: 276,fd=56,bufsize=276
02-18 20:43:28.527 16382-16418/com.comtop.mim:TcmsService I/nativeLog: begin native log
02-18 20:43:28.528 16382-16429/com.comtop.mim:TcmsService I/SccomHelper@native: 包未加密
02-18 20:43:28.532 16334-16334/com.comtop.mim D/ConversationAdapter: hasUnreadAtMsg:false
02-18 20:43:28.532 16334-16334/com.comtop.mim D/YWContactManagerImpl: getContactProfileInfo userId=0001527cf616f2434f appkey=23232985
02-18 20:43:28.532 16334-16334/com.comtop.mim I/IMProfileCacheUtil: getDefaultProfileCallback
02-18 20:43:28.532 16334-16334/com.comtop.mim I/IMProfileCacheUtil: geDefaultCrossProfileCallback
02-18 20:43:28.532 16334-16334/com.comtop.mim D/YWContactManagerImpl: defaultCallbak called
02-18 20:43:28.532 16334-16334/com.comtop.mim D/YWContactManagerImpl: result nick=傅相成 headUrl=http://7xn4wo.com1.z0.glb.clouddn.com/user/avatar/0001527cf616f2434f?1454297989142 appkey=null
02-18 20:43:28.533 16334-16334/com.comtop.mim D/WxPerf: getview time:1
02-18 20:43:28.539 16334-16334/com.comtop.mim D/ConversationAdapter: hasUnreadAtMsg:false
02-18 20:43:28.540 16382-16429/com.comtop.mim:TcmsService I/jni/inet/android/native/common/calljava.cpp: nativeLog
02-18 20:43:28.541 16334-16334/com.comtop.mim D/YWContactManagerImpl: getContactProfileInfo userId=000150888766a901 appkey=23232985
02-18 20:43:28.543 16334-16334/com.comtop.mim I/IMProfileCacheUtil: getDefaultProfileCallback
02-18 20:43:28.544 16334-16334/com.comtop.mim I/IMProfileCacheUtil: geDefaultCrossProfileCallback
02-18 20:43:28.545 16334-16334/com.comtop.mim D/YWContactManagerImpl: defaultCallbak called
02-18 20:43:28.546 16334-16334/com.comtop.mim D/YWContactManagerImpl: result nick=33333 headUrl=http://7xn4wo.com1.z0.glb.clouddn.com/user/avatar/000150888766a901?1454318907626 appkey=null
02-18 20:43:28.551 16334-16334/com.comtop.mim D/WxPerf: getview time:12
02-18 20:43:28.555 16334-16334/com.comtop.mim D/ConversationAdapter: hasUnreadAtMsg:false
02-18 20:43:28.557 16382-16432/com.comtop.mim:TcmsService I/TcmInet@native@tcms: INetImpl::GetMsg, seqid=0,interface=wx,method=s, errcode=0,msgtype=2
02-18 20:43:28.558 16334-16334/com.comtop.mim D/YWContactManagerImpl: getContactProfileInfo userId=000150888766a901 appkey=23232985
02-18 20:43:28.559 16334-16334/com.comtop.mim I/IMProfileCacheUtil: getDefaultProfileCallback
02-18 20:43:28.569 16382-16430/com.comtop.mim:TcmsService I/TcmInet@native@tcms: clientServiceThrFunc get one notify,interface=wx, method=s, sessionId=2, seqid=0
02-18 20:43:28.569 16382-16430/com.comtop.mim:TcmsService D/tcmsposix@native@tcms: get a notify, sessionId:2, interface:wx, method:s, 
02-18 20:43:28.575 16334-16334/com.comtop.mim I/IMProfileCacheUtil: geDefaultCrossProfileCallback
02-18 20:43:28.576 16334-16334/com.comtop.mim D/YWContactManagerImpl: defaultCallbak called
02-18 20:43:28.577 16334-16334/com.comtop.mim D/YWContactManagerImpl: result nick=33333 headUrl=http://7xn4wo.com1.z0.glb.clouddn.com/user/avatar/000150888766a901?1454318907626 appkey=null
02-18 20:43:28.578 16334-16334/com.comtop.mim D/WxPerf: getview time:23
02-18 20:43:28.580 16382-16418/com.comtop.mim:TcmsService W/tcminetimpl@native@tcms@msgmynative: SaveRspMsg,interface=wx,method=s,seqid=0,sessionId=2,cmdtype=2
02-18 20:43:28.582 16334-16599/com.comtop.mim I/inetimpl@native@im@msg@recvbytes: 120,fd=92,bufsize=120
02-18 20:43:28.582 16334-16599/com.comtop.mim I/inetimpl@native@im@msg@recv: 接收到消息, seqid=24
02-18 20:43:28.582 16334-16599/com.comtop.mim I/inetimpl@native@im@msg: SaveRspMsg,cmdid=0x1010101,seqid=24,cmdtype=0,compress=1,encrypted=5938
02-18 20:43:28.583 16334-16601/com.comtop.mim I/InetIO: ResponseSuccess, cmdid:16777473
02-18 20:43:28.584 16334-16601/com.comtop.mim D/WXServiceCallbackDefault.api: cmdid:16777473 state: true
02-18 20:43:28.586 16334-16601/com.comtop.mim I/openimprotocol@native: ImRspTribe_unpackData
02-18 20:43:28.587 16334-16601/com.comtop.mim I/openimprotocol@native: ImRspTribe_unpackData success!
02-18 20:43:28.588 16334-16601/com.comtop.mim I/TribeManager: onSuccess
02-18 20:43:28.604 16334-16601/com.comtop.mim D/TribeManager: getRspData:{"members":[{"nick":"","uid":"idvj1r4l000150888766a901"}]}
02-18 20:43:28.604 16334-16601/com.comtop.mim D/WXServiceCallbackDefault@tribe: Retcode = 0
02-18 20:43:28.604 16334-16601/com.comtop.mim D/WXServiceCallbackDefault@tribe: RspData = {"members":[{"nick":"","uid":"idvj1r4l000150888766a901"}]}
02-18 20:43:28.604 16334-16601/com.comtop.mim D/WXServiceCallbackDefault@tribe: Operation = getMemberNick
02-18 20:43:28.606 16382-16430/com.comtop.mim:TcmsService I/LocalSocketServer@native@tcms: exitPoll
02-18 20:43:28.610 16334-16334/com.comtop.mim D/ConversationAdapter: hasUnreadAtMsg:false
02-18 20:43:28.611 16382-16418/com.comtop.mim:TcmsService I/nativeLog: begin native log
02-18 20:43:28.611 16334-16334/com.comtop.mim D/YWContactManagerImpl: getContactProfileInfo userId=000152e838f7358c1 appkey=23232985
02-18 20:43:28.613 16334-16334/com.comtop.mim I/IMProfileCacheUtil: getDefaultProfileCallback
02-18 20:43:28.614 16334-16334/com.comtop.mim I/IMProfileCacheUtil: geDefaultCrossProfileCallback
02-18 20:43:28.616 16334-16334/com.comtop.mim D/YWContactManagerImpl: defaultCallbak called
02-18 20:43:28.617 16334-16334/com.comtop.mim D/YWContactManagerImpl: result nick=13423869955 headUrl= appkey=null
02-18 20:43:28.614 16382-16429/com.comtop.mim:TcmsService I/SccomHelper@native: 包未加密
02-18 20:43:28.618 16334-16334/com.comtop.mim D/WxPerf: getview time:9
02-18 20:43:28.619 16334-17241/com.comtop.mim D/DataBaseUtils: doContentResolverQueryWrapper uri=content://com.comtop.mim.aliwxprovider/wwTribeUser
02-18 20:43:28.621 16334-17241/com.comtop.mim D/DataBaseUtils: doContentResolverQueryWrapper uri=content://com.comtop.mim.aliwxprovider/wwTribeUser
02-18 20:43:28.622 16382-16429/com.comtop.mim:TcmsService I/jni/inet/android/native/common/calljava.cpp: nativeLog
02-18 20:43:28.623 16382-16432/com.comtop.mim:TcmsService I/TcmInet@native@tcms: INetImpl::GetMsg, seqid=0,interface=wx,method=s, errcode=0,msgtype=2
02-18 20:43:28.624 16382-16430/com.comtop.mim:TcmsService I/TcmInet@native@tcms: clientServiceThrFunc get one notify,interface=wx, method=s, sessionId=2, seqid=0
02-18 20:43:28.625 16334-17241/com.comtop.mim D/DataBaseUtils: doContentResolverQueryWrapper uri=content://com.comtop.mim.aliwxprovider/wwTribeUser
02-18 20:43:28.626 16382-16430/com.comtop.mim:TcmsService D/tcmsposix@native@tcms: get a notify, sessionId:2, interface:wx, method:s, 
02-18 20:43:28.626 16334-16599/com.comtop.mim I/inetimpl@native@im@msg@recvbytes: 120,fd=92,bufsize=120
02-18 20:43:28.626 16334-16599/com.comtop.mim I/inetimpl@native@im@msg@recv: 接收到消息, seqid=26
02-18 20:43:28.626 16334-16599/com.comtop.mim I/inetimpl@native@im@msg: SaveRspMsg,cmdid=0x1010101,seqid=26,cmdtype=0,compress=1,encrypted=6088
02-18 20:43:28.627 16334-16601/com.comtop.mim I/InetIO: ResponseSuccess, cmdid:16777473
02-18 20:43:28.627 16382-16430/com.comtop.mim:TcmsService I/LocalSocketServer@native@tcms: exitPoll
02-18 20:43:28.628 16334-16601/com.comtop.mim D/WXServiceCallbackDefault.api: cmdid:16777473 state: true
02-18 20:43:28.634 16334-16601/com.comtop.mim I/openimprotocol@native: ImRspTribe_unpackData
02-18 20:43:28.634 16334-16601/com.comtop.mim I/openimprotocol@native: ImRspTribe_unpackData success!
02-18 20:43:28.634 16334-16601/com.comtop.mim I/TribeManager: onSuccess
02-18 20:43:28.636 16334-16601/com.comtop.mim D/TribeManager: getRspData:{"members":[{"nick":"","uid":"idvj1r4l000152e838f7358c1"}]}
02-18 20:43:28.636 16334-16601/com.comtop.mim D/WXServiceCallbackDefault@tribe: Retcode = 0
02-18 20:43:28.637 16334-16601/com.comtop.mim D/WXServiceCallbackDefault@tribe: RspData = {"members":[{"nick":"","uid":"idvj1r4l000152e838f7358c1"}]}
02-18 20:43:28.637 16334-16601/com.comtop.mim D/WXServiceCallbackDefault@tribe: Operation = getMemberNick
02-18 20:43:28.646 16382-16418/com.comtop.mim:TcmsService W/tcminetimpl@native@tcms@msgmynative: SaveRspMsg,interface=wx,method=s,seqid=0,sessionId=2,cmdtype=2
02-18 20:43:28.647 16382-16418/com.comtop.mim:TcmsService I/nativeLog: begin native log
02-18 20:43:28.647 16382-16429/com.comtop.mim:TcmsService I/jni/inet/android/native/common/calljava.cpp: nativeLog
02-18 20:43:28.649 16382-16418/com.comtop.mim:TcmsService W/tcminetimpl@native@tcms@msg@recvbytesmynative: 138,fd=56,bufsize=138
02-18 20:43:28.652 16334-16334/com.comtop.mim W/TribeCache: getTribeNickTask exceed max count=6
02-18 20:43:28.657 16382-16418/com.comtop.mim:TcmsService I/nativeLog: begin native log
02-18 20:43:28.656 16334-16334/com.comtop.mim W/TribeCache: getTribeNickTask exceed max count=6
02-18 20:43:28.657 16382-16429/com.comtop.mim:TcmsService I/SccomHelper@native: 包未加密
02-18 20:43:28.661 16334-16334/com.comtop.mim I/Native: InetIO_ngetLoginState
02-18 20:43:28.667 16334-16334/com.comtop.mim I/Native: current user idvj1r4l000150888766a901
02-18 20:43:28.668 16334-16334/com.comtop.mim I/EgoAccount.api: getLoginState:3
02-18 20:43:28.670 16334-16334/com.comtop.mim D/SocketChannel: doTribeOperation:::reqData:{"members":["idvj1r4l0001527cf616f2434f"],"tid":1900123729}
02-18 20:43:28.671 16334-16334/com.comtop.mim I/openimprotocol@native: ImReqTribe_packData
02-18 20:43:28.672 16334-16334/com.comtop.mim I/openimprotocol@native: ImReqTribe_packData success!
02-18 20:43:28.672 16334-16334/com.comtop.mim D/test: cmdId:16777473
02-18 20:43:28.672 16334-16377/com.comtop.mim D/InetIO: asyncCall，  cmdid：16777473 appId:100817 bizId:0
02-18 20:43:28.672 16334-16377/com.comtop.mim I/Native: InetIO_asyncCall
02-18 20:43:28.673 16334-16377/com.comtop.mim I/WXContext@idvj1r4l000150888766a901@login: extrahead:idvj1r4l000150888766a901, reserved:1
02-18 20:43:28.673 16334-16334/com.comtop.mim D/SocketChanneldoAsyncCall: reqCmdId:16777473 reqData:[B@42d86b30 sAppId:100817
02-18 20:43:28.673 16334-16334/com.comtop.mim D/test: cmdId:16777473
02-18 20:43:28.673 16334-16377/com.comtop.mim I/inetimpl@native@im@msg: PostMsg,cmdid=0x1000101,seqid=27,cmdtype=0,compress=1,encrypted=28
02-18 20:43:28.673 16334-16377/com.comtop.mim D/packagesize: headerlen:52, bodylen:88, extraheadlen:24
02-18 20:43:28.673 16334-16599/com.comtop.mim I/inetimpl@native@im@msg@sendbytes: 146,fd=92,error=11
02-18 20:43:28.673 16334-16334/com.comtop.mim I/Native: InetIO_ngetLoginState
02-18 20:43:28.673 16334-16334/com.comtop.mim I/Native: current user idvj1r4l000150888766a901
02-18 20:43:28.673 16334-16334/com.comtop.mim I/EgoAccount.api: getLoginState:3
02-18 20:43:28.674 16334-16334/com.comtop.mim D/SocketChannel: doTribeOperation:::reqData:{"members":["idvj1r4l000150888766a901"],"tid":1900128244}
02-18 20:43:28.674 16334-16334/com.comtop.mim I/openimprotocol@native: ImReqTribe_packData
02-18 20:43:28.674 16334-16334/com.comtop.mim I/openimprotocol@native: ImReqTribe_packData success!
02-18 20:43:28.674 16334-16334/com.comtop.mim D/test: cmdId:16777473
02-18 20:43:28.674 16334-16377/com.comtop.mim D/InetIO: asyncCall，  cmdid：16777473 appId:100817 bizId:0
02-18 20:43:28.674 16334-16334/com.comtop.mim D/SocketChanneldoAsyncCall: reqCmdId:16777473 reqData:[B@42e52ae0 sAppId:100817
02-18 20:43:28.674 16334-16377/com.comtop.mim I/Native: InetIO_asyncCall
02-18 20:43:28.674 16334-16377/com.comtop.mim I/WXContext@idvj1r4l000150888766a901@login: extrahead:idvj1r4l000150888766a901, reserved:1
02-18 20:43:28.674 16334-16334/com.comtop.mim D/test: cmdId:16777473
02-18 20:43:28.674 16334-16377/com.comtop.mim I/inetimpl@native@im@msg: PostMsg,cmdid=0x1000101,seqid=28,cmdtype=0,compress=1,encrypted=28
02-18 20:43:28.674 16334-16377/com.comtop.mim D/packagesize: headerlen:52, bodylen:88, extraheadlen:24
02-18 20:43:28.674 16334-16599/com.comtop.mim I/inetimpl@native@im@msg@sendbytes: 146,fd=92,error=11
02-18 20:43:28.674 16334-16334/com.comtop.mim I/Native: InetIO_ngetLoginState
02-18 20:43:28.674 16334-16334/com.comtop.mim I/Native: current user idvj1r4l000150888766a901
02-18 20:43:28.674 16334-16334/com.comtop.mim I/EgoAccount.api: getLoginState:3
02-18 20:43:28.675 16334-16334/com.comtop.mim D/SocketChannel: doTribeOperation:::reqData:{"members":["idvj1r4l000150888766a901"],"tid":1900128240}
02-18 20:43:28.675 16334-16334/com.comtop.mim I/openimprotocol@native: ImReqTribe_packData
02-18 20:43:28.675 16334-16334/com.comtop.mim I/openimprotocol@native: ImReqTribe_packData success!
02-18 20:43:28.675 16334-16334/com.comtop.mim D/test: cmdId:16777473
02-18 20:43:28.676 16382-16654/com.comtop.mim:TcmsService I/LocalSocketServer@native@tcms: poll fd:58, event:1
02-18 20:43:28.676 16382-16654/com.comtop.mim:TcmsService I/jni/inet/android/native/common/calljava.cpp: nativeLog
02-18 20:43:28.676 16382-16418/com.comtop.mim:TcmsService W/tcminetimpl@native@tcms@msgmynative: PostMsg,interface=wx,method=s,seqid=33,sessionid:2,cmdtype=2,compress=0,encrypted=0
02-18 20:43:28.676 16382-16418/com.comtop.mim:TcmsService I/nativeLog: begin native log
02-18 20:43:28.685 16334-16377/com.comtop.mim D/InetIO: asyncCall，  cmdid：16777473 appId:100817 bizId:0
02-18 20:43:28.685 16334-16377/com.comtop.mim I/Native: InetIO_asyncCall
02-18 20:43:28.685 16334-16377/com.comtop.mim I/WXContext@idvj1r4l000150888766a901@login: extrahead:idvj1r4l000150888766a901, reserved:1
02-18 20:43:28.686 16334-16377/com.comtop.mim I/inetimpl@native@im@msg: PostMsg,cmdid=0x1000101,seqid=29,cmdtype=0,compress=1,encrypted=28
02-18 20:43:28.686 16334-16377/com.comtop.mim D/packagesize: headerlen:52, bodylen:88, extraheadlen:24
02-18 20:43:28.686 16334-16599/com.comtop.mim I/inetimpl@native@im@msg@sendbytes: 146,fd=92,error=11
02-18 20:43:28.686 16334-16334/com.comtop.mim D/SocketChanneldoAsyncCall: reqCmdId:16777473 reqData:[B@42e41c20 sAppId:100817
02-18 20:43:28.705 16334-16334/com.comtop.mim D/test: cmdId:16777473
02-18 20:43:28.727 16382-16429/com.comtop.mim:TcmsService I/jni/inet/android/native/common/calljava.cpp: nativeLog
02-18 20:43:28.727 16382-16432/com.comtop.mim:TcmsService I/TcmInet@native@tcms: INetImpl::GetMsg, seqid=0,interface=wx,method=s, errcode=0,msgtype=2
02-18 20:43:28.728 16382-16430/com.comtop.mim:TcmsService I/TcmInet@native@tcms: clientServiceThrFunc get one notify,interface=wx, method=s, sessionId=2, seqid=0
02-18 20:43:28.730 16382-16418/com.comtop.mim:TcmsService W/tcminetimpl@native@tcms@msgmynative: SaveRspMsg,interface=wx,method=s,seqid=0,sessionId=2,cmdtype=2
02-18 20:43:28.732 16382-16418/com.comtop.mim:TcmsService I/nativeLog: begin native log
02-18 20:43:28.734 16382-16430/com.comtop.mim:TcmsService D/tcmsposix@native@tcms: get a notify, sessionId:2, interface:wx, method:s, 
02-18 20:43:28.736 16334-16599/com.comtop.mim I/inetimpl@native@im@msg@recvbytes: 120,fd=92,bufsize=120
02-18 20:43:28.737 16334-16599/com.comtop.mim I/inetimpl@native@im@msg@recv: 接收到消息, seqid=25
02-18 20:43:28.737 16334-16599/com.comtop.mim I/inetimpl@native@im@msg: SaveRspMsg,cmdid=0x1010101,seqid=25,cmdtype=0,compress=1,encrypted=5938
02-18 20:43:28.738 16334-16601/com.comtop.mim I/InetIO: ResponseSuccess, cmdid:16777473
02-18 20:43:28.738 16334-16601/com.comtop.mim D/WXServiceCallbackDefault.api: cmdid:16777473 state: true
02-18 20:43:28.738 16334-16601/com.comtop.mim I/openimprotocol@native: ImRspTribe_unpackData
02-18 20:43:28.738 16334-16601/com.comtop.mim I/openimprotocol@native: ImRspTribe_unpackData success!
02-18 20:43:28.738 16334-16601/com.comtop.mim I/TribeManager: onSuccess
02-18 20:43:28.738 16334-16601/com.comtop.mim D/TribeManager: getRspData:{"members":[{"nick":"","uid":"idvj1r4l000150888766a901"}]}
02-18 20:43:28.738 16334-16601/com.comtop.mim D/WXServiceCallbackDefault@tribe: Retcode = 0
02-18 20:43:28.738 16334-16601/com.comtop.mim D/WXServiceCallbackDefault@tribe: RspData = {"members":[{"nick":"","uid":"idvj1r4l000150888766a901"}]}
02-18 20:43:28.738 16334-16601/com.comtop.mim D/WXServiceCallbackDefault@tribe: Operation = getMemberNick
02-18 20:43:28.739 16382-16430/com.comtop.mim:TcmsService I/LocalSocketServer@native@tcms: exitPoll
02-18 20:43:28.746 16382-16654/com.comtop.mim:TcmsService I/tcminetimpl@native@tcms: postData2Server, seqid:33, data.len:163
02-18 20:43:28.746 16382-16654/com.comtop.mim:TcmsService I/tcminetimpl@native@tcms: postData2Server, m_seqtsMap.len:0
02-18 20:43:28.746 16382-16654/com.comtop.mim:TcmsService I/LocalSocketServer@native@tcms: poll fd:58, event:1
02-18 20:43:28.747 16382-16654/com.comtop.mim:TcmsService I/jni/inet/android/native/common/calljava.cpp: nativeLog
02-18 20:43:28.748 16382-16429/com.comtop.mim:TcmsService I/jni/inet/android/native/common/calljava.cpp: nativeLog
02-18 20:43:28.748 16382-16418/com.comtop.mim:TcmsService W/tcminetimpl@native@tcms@msgmynative: PostMsg,interface=wx,method=s,seqid=34,sessionid:2,cmdtype=2,compress=0,encrypted=0
02-18 20:43:28.749 16382-16418/com.comtop.mim:TcmsService I/nativeLog: begin native log
02-18 20:43:28.749 16382-16418/com.comtop.mim:TcmsService W/tcminetimpl@native@tcms@msg@sendbytesmynative: 163,fd=56,error=11
02-18 20:43:28.750 16382-16418/com.comtop.mim:TcmsService I/nativeLog: begin native log
02-18 20:43:28.751 16382-16654/com.comtop.mim:TcmsService I/tcminetimpl@native@tcms: postData2Server, seqid:34, data.len:163
02-18 20:43:28.751 16382-16654/com.comtop.mim:TcmsService I/tcminetimpl@native@tcms: postData2Server, m_seqtsMap.len:0
02-18 20:43:28.751 16382-16654/com.comtop.mim:TcmsService I/LocalSocketServer@native@tcms: poll fd:58, event:1
02-18 20:43:28.752 16382-16654/com.comtop.mim:TcmsService I/jni/inet/android/native/common/calljava.cpp: nativeLog
