02-18 20:43:35.436 16334-16334/com.comtop.mim D/IMChannel: onActivityStarted:ui.ServiceNoAttentionListActivity
02-18 20:43:35.441 16334-16334/com.comtop.mim D/IMChannel: onActivityResumed:ui.ServiceNoAttentionListActivity
02-18 20:43:35.443 16334-16334/com.comtop.mim I/Native: InetIO_SetForeground 1
02-18 20:43:35.448 16334-16334/com.comtop.mim D/PersistManager: get, list properties.
02-18 20:43:35.451 16334-16334/com.comtop.mim D/PersistManager: key:\":1,\"appKey\":\"23015524\"}"} value:
02-18 20:43:35.455 16334-16334/com.comtop.mim D/PersistManager: key:op.mim":"{\"clientPriority\":14464800,\"disable\":false,\"regTime\":1450233171304,\"callCount\":1,\"appKey\":\"23015524\"}"} value:
02-18 20:43:35.455 16334-16334/com.comtop.mim D/PersistManager: key:ec value:18 23:40:39 GMT+08:00 2015
02-18 20:43:35.456 16334-16334/com.comtop.mim D/PersistManager: key:23015524\"}"} value:
02-18 20:43:35.456 16334-16334/com.comtop.mim D/PersistManager: key:XPUSH_SDK_INFO_V2 value:{"com.comtop.mim":"{\"clientPriority\":14464800,\"disable\":false,\"regTime\":1453802782350,\"callCount\":1,\"appKey\":\"23232985\"}"}
02-18 20:43:35.456 16334-16334/com.comtop.mim D/PersistManager: key:":1,\"appKey\":\"23015524\"}"} value:
02-18 20:43:35.456 16334-16334/com.comtop.mim D/PersistManager: key:push_device_id_key_v1 value:a06aw2vraf44895d___qbu732n7iuxj45e7
02-18 20:43:35.456 16334-16334/com.comtop.mim D/PersistManager: key::"{\"clientPriority\":14464800,\"disable\":false,\"regTime\":1450233171304,\"callCount\":1,\"appKey\":\"23015524\"}"} value:
02-18 20:43:35.457 16334-16334/com.comtop.mim D/PersistManager: key:2015 value:
02-18 20:43:35.457 16334-16334/com.comtop.mim D/PersistManager: key:"appKey\":\"23015524\"}"} value:
02-18 20:43:35.457 16334-16334/com.comtop.mim D/PersistManager: key:304,\"callCount\":1,\"appKey\":\"23015524\"}"} value:
02-18 20:43:35.457 16334-16334/com.comtop.mim D/PersistManager: key:xpushClient__xpush_push_maxmsgid value:37483376624641
02-18 20:43:35.457 16334-16334/com.comtop.mim D/PersistManager: key:mtop.mim":"{\"clientPriority\":14464800,\"disable\":false,\"regTime\":1450233171304,\"callCount\":1,\"appKey\":\"23015524\"}"} value:
02-18 20:43:35.457 16334-16334/com.comtop.mim D/PersistManager: key:14464800,\"disable\":false,\"regTime\":1450233171304,\"callCount\":1,\"appKey\":\"23015524\"}"} value:
02-18 20:43:35.458 16334-16334/com.comtop.mim D/PersistManager: key:push_heart_freq_key value:{"\"lenew\"":304,"\"wifi-comtop\"":180,"\"MM_AP\"":560,"\"jacpy\"":800,"\"wifi-confine\"":180,"\".lenew-T\"":243}
02-18 20:43:35.458 16334-16334/com.comtop.mim D/PersistManager: key:iority\":14464800,\"disable\":false,\"regTime\":1450233171304,\"callCount\":1,\"appKey\":\"23015524\"}"} value:
02-18 20:43:35.458 16334-16334/com.comtop.mim D/PersistManager: key:push_tcms_client_id_key value:a0d0jhk6neij6wka
02-18 20:43:35.458 16334-16334/com.comtop.mim D/PersistManager: key:\"23015524\"}"} value:
02-18 20:43:35.502 16382-16382/com.comtop.mim:TcmsService D/TCMSService: onStart----
02-18 20:43:35.503 16382-16405/com.comtop.mim:TcmsService D/TCMSService: onHandleIntent, ------- command=xpushnative://xpush/clearWearyCheck?
02-18 20:43:35.505 16382-16405/com.comtop.mim:TcmsService D/TCMSService: clearWearyCheck
02-18 20:43:35.916 16334-16334/com.comtop.mim D/IMChannel: onActivityStopped:ui.ServiceNoListActivity
02-18 20:43:35.918 16334-16334/com.comtop.mim D/IMChannel: onActivityDestroyed:ui.ServiceNoListActivity
02-18 20:43:35.922 16334-16334/com.comtop.mim D/may: ====>onDestroy: ServiceNoListActivity
02-18 20:45:42.719 16334-16334/com.comtop.mim D/IMChannel: onActivityPaused:ui.ServiceNoAttentionListActivity
02-18 20:45:42.752 16334-16334/com.comtop.mim D/IMChannel: onActivityCreated:ui.ServiceNoListActivity
02-18 20:45:42.771 16334-16334/com.comtop.mim D/may: locale: zh_CN
02-18 20:45:42.779 16334-16334/com.comtop.mim D/AbsHttpRequestResolver: http://msp.szcomtop.com:6888/msp-pubservice/router?
02-18 20:45:42.780 16334-16334/com.comtop.mim I/System.out: ---->sign=96EF03EB3102E10659153F050751C3CD9D6E02C3
02-18 20:45:42.780 16334-16334/com.comtop.mim I/System.out: ---->timestamp=1455799546677
02-18 20:45:42.780 16334-16334/com.comtop.mim I/System.out: ---->v=1.0
02-18 20:45:42.780 16334-16334/com.comtop.mim I/System.out: ---->nonce=1455799546677
02-18 20:45:42.781 16334-16334/com.comtop.mim I/System.out: ---->sessionId=0c7e756f-a76d-429b-8611-aea817bb6824
02-18 20:45:42.781 16334-16334/com.comtop.mim I/System.out: ---->locale=zh_CN
02-18 20:45:42.781 16334-16334/com.comtop.mim I/System.out: ---->pageSize=32
02-18 20:45:42.781 16334-16334/com.comtop.mim I/System.out: ---->pageNumber=0
02-18 20:45:42.781 16334-16334/com.comtop.mim I/System.out: ---->method=pubservice.all
02-18 20:45:42.781 16334-16334/com.comtop.mim I/System.out: ---->format=json
02-18 20:45:42.781 16334-16334/com.comtop.mim I/System.out: ---->appKey=000150888766a901
02-18 20:45:42.781 16334-16334/com.comtop.mim D/may: ---->&sign=96EF03EB3102E10659153F050751C3CD9D6E02C3&timestamp=1455799546677&v=1.0&nonce=1455799546677&sessionId=0c7e756f-a76d-429b-8611-aea817bb6824&locale=zh_CN&pageSize=32&pageNumber=0&method=pubservice.all&format=json&appKey=000150888766a901
02-18 20:45:42.782 16334-16334/com.comtop.mim D/IMChannel: onActivityStarted:ui.ServiceNoListActivity
02-18 20:45:42.783 16334-16334/com.comtop.mim D/IMChannel: onActivityResumed:ui.ServiceNoListActivity
02-18 20:45:42.783 16334-16334/com.comtop.mim I/Native: InetIO_SetForeground 1
02-18 20:45:42.814 16334-19445/com.comtop.mim W/System.err: com.comtop.cmf.framework.net.exception.ServerResponseException: net exception occur.
02-18 20:45:42.815 16334-19445/com.comtop.mim W/System.err:     at com.comtop.cmf.framework.net.http.OkHttpRequest$4.onResponse(OkHttpRequest.java:297)
02-18 20:45:42.815 16334-19445/com.comtop.mim W/System.err:     at com.squareup.okhttp.Call$AsyncCall.execute(Call.java:168)
02-18 20:45:42.815 16334-19445/com.comtop.mim W/System.err:     at com.squareup.okhttp.internal.NamedRunnable.run(NamedRunnable.java:33)
02-18 20:45:42.816 16334-19445/com.comtop.mim W/System.err:     at java.util.concurrent.ThreadPoolExecutor.runWorker(ThreadPoolExecutor.java:1112)
02-18 20:45:42.816 16334-19445/com.comtop.mim W/System.err:     at java.util.concurrent.ThreadPoolExecutor$Worker.run(ThreadPoolExecutor.java:587)
02-18 20:45:42.816 16334-19445/com.comtop.mim W/System.err:     at java.lang.Thread.run(Thread.java:841)
02-18 20:45:42.938 16334-16334/com.comtop.mim D/PersistManager: get, list properties.
02-18 20:45:42.938 16334-16334/com.comtop.mim D/PersistManager: key:\":1,\"appKey\":\"23015524\"}"} value:
02-18 20:45:42.939 16334-16334/com.comtop.mim D/PersistManager: key:op.mim":"{\"clientPriority\":14464800,\"disable\":false,\"regTime\":1450233171304,\"callCount\":1,\"appKey\":\"23015524\"}"} value:
02-18 20:45:42.939 16334-16334/com.comtop.mim D/PersistManager: key:ec value:18 23:40:39 GMT+08:00 2015
02-18 20:45:42.939 16334-16334/com.comtop.mim D/PersistManager: key:23015524\"}"} value:
02-18 20:45:42.939 16334-16334/com.comtop.mim D/PersistManager: key:XPUSH_SDK_INFO_V2 value:{"com.comtop.mim":"{\"clientPriority\":14464800,\"disable\":false,\"regTime\":1453802782350,\"callCount\":1,\"appKey\":\"23232985\"}"}
02-18 20:45:42.939 16334-16334/com.comtop.mim D/PersistManager: key:":1,\"appKey\":\"23015524\"}"} value:
02-18 20:45:42.939 16334-16334/com.comtop.mim D/PersistManager: key:push_device_id_key_v1 value:a06aw2vraf44895d___qbu732n7iuxj45e7
02-18 20:45:42.939 16334-16334/com.comtop.mim D/PersistManager: key::"{\"clientPriority\":14464800,\"disable\":false,\"regTime\":1450233171304,\"callCount\":1,\"appKey\":\"23015524\"}"} value:
02-18 20:45:42.940 16334-16334/com.comtop.mim D/PersistManager: key:2015 value:
02-18 20:45:42.940 16334-16334/com.comtop.mim D/PersistManager: key:"appKey\":\"23015524\"}"} value:
02-18 20:45:42.940 16334-16334/com.comtop.mim D/PersistManager: key:304,\"callCount\":1,\"appKey\":\"23015524\"}"} value:
02-18 20:45:42.940 16334-16334/com.comtop.mim D/PersistManager: key:xpushClient__xpush_push_maxmsgid value:37483376624641
02-18 20:45:42.940 16334-16334/com.comtop.mim D/PersistManager: key:mtop.mim":"{\"clientPriority\":14464800,\"disable\":false,\"regTime\":1450233171304,\"callCount\":1,\"appKey\":\"23015524\"}"} value:
02-18 20:45:42.940 16334-16334/com.comtop.mim D/PersistManager: key:14464800,\"disable\":false,\"regTime\":1450233171304,\"callCount\":1,\"appKey\":\"23015524\"}"} value:
02-18 20:45:42.940 16334-16334/com.comtop.mim D/PersistManager: key:push_heart_freq_key value:{"\"lenew\"":304,"\"wifi-comtop\"":180,"\"MM_AP\"":560,"\"jacpy\"":800,"\"wifi-confine\"":180,"\".lenew-T\"":243}
02-18 20:45:42.940 16334-16334/com.comtop.mim D/PersistManager: key:iority\":14464800,\"disable\":false,\"regTime\":1450233171304,\"callCount\":1,\"appKey\":\"23015524\"}"} value:
02-18 20:45:42.940 16334-16334/com.comtop.mim D/PersistManager: key:push_tcms_client_id_key value:a0d0jhk6neij6wka
02-18 20:45:42.940 16334-16334/com.comtop.mim D/PersistManager: key:\"23015524\"}"} value:
02-18 20:45:42.998 16382-16382/com.comtop.mim:TcmsService D/TCMSService: onStart----
02-18 20:45:42.998 16382-16405/com.comtop.mim:TcmsService D/TCMSService: onHandleIntent, ------- command=xpushnative://xpush/clearWearyCheck?
02-18 20:45:43.000 16382-16405/com.comtop.mim:TcmsService D/TCMSService: clearWearyCheck
02-18 20:45:43.034 16334-16334/com.comtop.mim D/may: status: 404, msg: Not Found, tag: true
02-18 20:45:43.407 16334-16334/com.comtop.mim D/IMChannel: onActivityStopped:ui.ServiceNoAttentionListActivity
02-18 20:45:44.206 16334-16334/com.comtop.mim D/may: locale: zh_CN
02-18 20:45:44.234 16334-16334/com.comtop.mim D/AbsHttpRequestResolver: http://msp.szcomtop.com:6888/msp-pubservice/router?
02-18 20:45:44.237 16334-16334/com.comtop.mim I/System.out: ---->sign=F68EF2C3A8078E77492AA64F34DD7A205AD02B4D
02-18 20:45:44.240 16334-16334/com.comtop.mim I/System.out: ---->timestamp=1455799548112
02-18 20:45:44.244 16334-16334/com.comtop.mim I/System.out: ---->v=1.0
02-18 20:45:44.247 16334-16334/com.comtop.mim I/System.out: ---->nonce=1455799548112
02-18 20:45:44.250 16334-16334/com.comtop.mim I/System.out: ---->sessionId=0c7e756f-a76d-429b-8611-aea817bb6824
02-18 20:45:44.253 16334-16334/com.comtop.mim I/System.out: ---->locale=zh_CN
02-18 20:45:44.255 16334-16334/com.comtop.mim I/System.out: ---->pageSize=32
02-18 20:45:44.258 16334-16334/com.comtop.mim I/System.out: ---->pageNumber=0
02-18 20:45:44.259 16334-16334/com.comtop.mim I/System.out: ---->method=pubservice.all
02-18 20:45:44.262 16334-16334/com.comtop.mim I/System.out: ---->format=json
02-18 20:45:44.264 16334-16334/com.comtop.mim I/System.out: ---->appKey=000150888766a901
02-18 20:45:44.267 16334-16334/com.comtop.mim D/may: ---->&sign=F68EF2C3A8078E77492AA64F34DD7A205AD02B4D&timestamp=1455799548112&v=1.0&nonce=1455799548112&sessionId=0c7e756f-a76d-429b-8611-aea817bb6824&locale=zh_CN&pageSize=32&pageNumber=0&method=pubservice.all&format=json&appKey=000150888766a901
02-18 20:45:44.302 16334-19445/com.comtop.mim W/System.err: com.comtop.cmf.framework.net.exception.ServerResponseException: net exception occur.
02-18 20:45:44.303 16334-19445/com.comtop.mim W/System.err:     at com.comtop.cmf.framework.net.http.OkHttpRequest$4.onResponse(OkHttpRequest.java:297)
02-18 20:45:44.303 16334-19445/com.comtop.mim W/System.err:     at com.squareup.okhttp.Call$AsyncCall.execute(Call.java:168)
02-18 20:45:44.303 16334-19445/com.comtop.mim W/System.err:     at com.squareup.okhttp.internal.NamedRunnable.run(NamedRunnable.java:33)
02-18 20:45:44.303 16334-19445/com.comtop.mim W/System.err:     at java.util.concurrent.ThreadPoolExecutor.runWorker(ThreadPoolExecutor.java:1112)
02-18 20:45:44.303 16334-19445/com.comtop.mim W/System.err:     at java.util.concurrent.ThreadPoolExecutor$Worker.run(ThreadPoolExecutor.java:587)
02-18 20:45:44.303 16334-19445/com.comtop.mim W/System.err:     at java.lang.Thread.run(Thread.java:841)
02-18 20:45:44.319 16334-16334/com.comtop.mim D/may: status: 404, msg: Not Found, tag: true
02-18 20:45:45.142 16334-16334/com.comtop.mim D/may: locale: zh_CN
02-18 20:45:45.163 16334-16334/com.comtop.mim D/AbsHttpRequestResolver: http://msp.szcomtop.com:6888/msp-pubservice/router?
02-18 20:45:45.166 16334-16334/com.comtop.mim I/System.out: ---->sign=3FADD94DF7CDF2A9A929DBC54BE9137DA2E7C6D0
02-18 20:45:45.173 16334-16334/com.comtop.mim I/System.out: ---->timestamp=1455799549048
02-18 20:45:45.178 16334-16334/com.comtop.mim I/System.out: ---->v=1.0
02-18 20:45:45.183 16334-16334/com.comtop.mim I/System.out: ---->nonce=1455799549048
02-18 20:45:45.187 16334-16334/com.comtop.mim I/System.out: ---->sessionId=0c7e756f-a76d-429b-8611-aea817bb6824
02-18 20:45:45.192 16334-16334/com.comtop.mim I/System.out: ---->locale=zh_CN
02-18 20:45:45.196 16334-16334/com.comtop.mim I/System.out: ---->pageSize=32
02-18 20:45:45.201 16334-16334/com.comtop.mim I/System.out: ---->pageNumber=0
02-18 20:45:45.212 16334-16334/com.comtop.mim I/System.out: ---->method=pubservice.all
02-18 20:45:45.214 16334-16334/com.comtop.mim I/System.out: ---->format=json
02-18 20:45:45.217 16334-16334/com.comtop.mim I/System.out: ---->appKey=000150888766a901
02-18 20:45:45.220 16334-16334/com.comtop.mim D/may: ---->&sign=3FADD94DF7CDF2A9A929DBC54BE9137DA2E7C6D0&timestamp=1455799549048&v=1.0&nonce=1455799549048&sessionId=0c7e756f-a76d-429b-8611-aea817bb6824&locale=zh_CN&pageSize=32&pageNumber=0&method=pubservice.all&format=json&appKey=000150888766a901
02-18 20:45:45.262 16334-19445/com.comtop.mim W/System.err: com.comtop.cmf.framework.net.exception.ServerResponseException: net exception occur.
02-18 20:45:45.263 16334-19445/com.comtop.mim W/System.err:     at com.comtop.cmf.framework.net.http.OkHttpRequest$4.onResponse(OkHttpRequest.java:297)
02-18 20:45:45.268 16334-19445/com.comtop.mim W/System.err:     at com.squareup.okhttp.Call$AsyncCall.execute(Call.java:168)
02-18 20:45:45.272 16334-19445/com.comtop.mim W/System.err:     at com.squareup.okhttp.internal.NamedRunnable.run(NamedRunnable.java:33)
02-18 20:45:45.273 16334-19445/com.comtop.mim W/System.err:     at java.util.concurrent.ThreadPoolExecutor.runWorker(ThreadPoolExecutor.java:1112)
02-18 20:45:45.279 16334-19445/com.comtop.mim W/System.err:     at java.util.concurrent.ThreadPoolExecutor$Worker.run(ThreadPoolExecutor.java:587)
02-18 20:45:45.280 16334-19445/com.comtop.mim W/System.err:     at java.lang.Thread.run(Thread.java:841)
02-18 20:45:45.282 16334-16334/com.comtop.mim D/may: status: 404, msg: Not Found, tag: true
02-18 20:47:02.094 16334-16334/com.comtop.mim D/may: locale: zh_CN
02-18 20:47:02.120 16334-16334/com.comtop.mim D/AbsHttpRequestResolver: http://msp.szcomtop.com:6888/msp-pubservice/router?
02-18 20:47:02.122 16334-16334/com.comtop.mim I/System.out: ---->sign=CE9A92B2ECC690A4638386AE4C1390BC5FCBB4BC
02-18 20:47:02.129 16334-16334/com.comtop.mim I/System.out: ---->timestamp=1455799626000
02-18 20:47:02.133 16334-16334/com.comtop.mim I/System.out: ---->v=1.0
02-18 20:47:02.141 16334-16334/com.comtop.mim I/System.out: ---->nonce=1455799626000
02-18 20:47:02.150 16334-16334/com.comtop.mim I/System.out: ---->sessionId=0c7e756f-a76d-429b-8611-aea817bb6824
02-18 20:47:02.155 16334-16334/com.comtop.mim I/System.out: ---->locale=zh_CN
02-18 20:47:02.162 16334-16334/com.comtop.mim I/System.out: ---->pageSize=32
02-18 20:47:02.166 16334-16334/com.comtop.mim I/System.out: ---->pageNumber=0
02-18 20:47:02.171 16334-16334/com.comtop.mim I/System.out: ---->method=pubservice.all
02-18 20:47:02.175 16334-16334/com.comtop.mim I/System.out: ---->format=json
02-18 20:47:02.180 16334-16334/com.comtop.mim I/System.out: ---->appKey=000150888766a901
02-18 20:47:02.184 16334-16334/com.comtop.mim D/may: ---->&sign=CE9A92B2ECC690A4638386AE4C1390BC5FCBB4BC&timestamp=1455799626000&v=1.0&nonce=1455799626000&sessionId=0c7e756f-a76d-429b-8611-aea817bb6824&locale=zh_CN&pageSize=32&pageNumber=0&method=pubservice.all&format=json&appKey=000150888766a901
02-18 20:47:02.234 16334-20763/com.comtop.mim W/System.err: com.comtop.cmf.framework.net.exception.ServerResponseException: net exception occur.
02-18 20:47:02.235 16334-20763/com.comtop.mim W/System.err:     at com.comtop.cmf.framework.net.http.OkHttpRequest$4.onResponse(OkHttpRequest.java:297)
02-18 20:47:02.238 16334-20763/com.comtop.mim W/System.err:     at com.squareup.okhttp.Call$AsyncCall.execute(Call.java:168)
02-18 20:47:02.242 16334-20763/com.comtop.mim W/System.err:     at com.squareup.okhttp.internal.NamedRunnable.run(NamedRunnable.java:33)
02-18 20:47:02.242 16334-20763/com.comtop.mim W/System.err:     at java.util.concurrent.ThreadPoolExecutor.runWorker(ThreadPoolExecutor.java:1112)
02-18 20:47:02.242 16334-20763/com.comtop.mim W/System.err:     at java.util.concurrent.ThreadPoolExecutor$Worker.run(ThreadPoolExecutor.java:587)
02-18 20:47:02.242 16334-20763/com.comtop.mim W/System.err:     at java.lang.Thread.run(Thread.java:841)
02-18 20:47:02.243 16334-16334/com.comtop.mim D/may: status: 404, msg: Not Found, tag: true
02-18 20:47:02.885 16334-16334/com.comtop.mim D/may: locale: zh_CN
02-18 20:47:02.895 16334-16334/com.comtop.mim D/AbsHttpRequestResolver: http://msp.szcomtop.com:6888/msp-pubservice/router?
02-18 20:47:02.897 16334-16334/com.comtop.mim I/System.out: ---->sign=F3FD177EDC4C9987C4A405DC8F608A43ACFA6FBB
02-18 20:47:02.899 16334-16334/com.comtop.mim I/System.out: ---->timestamp=1455799626791
02-18 20:47:02.901 16334-16334/com.comtop.mim I/System.out: ---->v=1.0
02-18 20:47:02.903 16334-16334/com.comtop.mim I/System.out: ---->nonce=1455799626791
02-18 20:47:02.906 16334-16334/com.comtop.mim I/System.out: ---->sessionId=0c7e756f-a76d-429b-8611-aea817bb6824
02-18 20:47:02.908 16334-16334/com.comtop.mim I/System.out: ---->locale=zh_CN
02-18 20:47:02.911 16334-16334/com.comtop.mim I/System.out: ---->pageSize=32
02-18 20:47:02.913 16334-16334/com.comtop.mim I/System.out: ---->pageNumber=0
02-18 20:47:02.915 16334-16334/com.comtop.mim I/System.out: ---->method=pubservice.all
02-18 20:47:02.918 16334-16334/com.comtop.mim I/System.out: ---->format=json
02-18 20:47:02.920 16334-16334/com.comtop.mim I/System.out: ---->appKey=000150888766a901
02-18 20:47:02.922 16334-16334/com.comtop.mim D/may: ---->&sign=F3FD177EDC4C9987C4A405DC8F608A43ACFA6FBB&timestamp=1455799626791&v=1.0&nonce=1455799626791&sessionId=0c7e756f-a76d-429b-8611-aea817bb6824&locale=zh_CN&pageSize=32&pageNumber=0&method=pubservice.all&format=json&appKey=000150888766a901
02-18 20:47:02.957 16334-20763/com.comtop.mim W/System.err: com.comtop.cmf.framework.net.exception.ServerResponseException: net exception occur.
02-18 20:47:02.957 16334-20763/com.comtop.mim W/System.err:     at com.comtop.cmf.framework.net.http.OkHttpRequest$4.onResponse(OkHttpRequest.java:297)
02-18 20:47:02.957 16334-20763/com.comtop.mim W/System.err:     at com.squareup.okhttp.Call$AsyncCall.execute(Call.java:168)
02-18 20:47:02.957 16334-20763/com.comtop.mim W/System.err:     at com.squareup.okhttp.internal.NamedRunnable.run(NamedRunnable.java:33)
02-18 20:47:02.957 16334-20763/com.comtop.mim W/System.err:     at java.util.concurrent.ThreadPoolExecutor.runWorker(ThreadPoolExecutor.java:1112)
02-18 20:47:02.957 16334-20763/com.comtop.mim W/System.err:     at java.util.concurrent.ThreadPoolExecutor$Worker.run(ThreadPoolExecutor.java:587)
02-18 20:47:02.958 16334-20763/com.comtop.mim W/System.err:     at java.lang.Thread.run(Thread.java:841)
02-18 20:47:02.966 16334-16334/com.comtop.mim D/may: status: 404, msg: Not Found, tag: true
02-18 20:50:01.000 16382-16619/com.comtop.mim:TcmsService I/tcminetimpl@native@tcms: sendHeartbeat, remain=168, interval * 0.700000 = 392.000000, state=0
02-18 20:50:01.002 16382-16619/com.comtop.mim:TcmsService I/tcminetimpl@native@tcms: sendHeartbeat, lastSend:1455799409, lastRev:1455799409, now-mLastRecvTime=392, 560 * 0.700000 = 392.000000, state:0, check:0
02-18 20:50:01.012 16382-16429/com.comtop.mim:TcmsService I/jni/inet/android/native/common/calljava.cpp: nativeLog
02-18 20:50:01.017 16382-16418/com.comtop.mim:TcmsService W/tcminetimpl@native@tcms@msg@sendbytesmynative: 1,fd=56,error=11
02-18 20:50:01.019 16382-16418/com.comtop.mim:TcmsService I/nativeLog: begin native log
02-18 20:50:01.171 16382-16429/com.comtop.mim:TcmsService I/jni/inet/android/native/common/calljava.cpp: nativeLog
02-18 20:50:01.172 16382-16418/com.comtop.mim:TcmsService W/tcminetimpl@native@tcms@msg@recvbytesmynative: 1,fd=56,bufsize=1
02-18 20:50:01.176 16382-16418/com.comtop.mim:TcmsService I/nativeLog: begin native log
02-18 20:50:01.179 16382-16429/com.comtop.mim:TcmsService I/SccomHelper@native: receive a heartbeat
02-18 20:50:01.183 16382-16429/com.comtop.mim:TcmsService I/tcminetimpl@native@tcms: receive a empty scomBody.
02-18 20:50:01.187 16382-16429/com.comtop.mim:TcmsService I/jni/inet/android/native/common/calljava.cpp: resetRTCWakeup
02-18 20:50:01.189 16382-16619/com.comtop.mim:TcmsService I/tcminetimpl@native@tcms: count=11, success=8, rate=0.700000
02-18 20:50:01.191 16382-16619/com.comtop.mim:TcmsService I/jni/inet/android/native/common/calljava.cpp: nativeLog
02-18 20:50:01.193 16382-16418/com.comtop.mim:TcmsService W/tcminetimpl@native@tcmsmynative: 心条发送成功
02-18 20:50:01.196 16382-16418/com.comtop.mim:TcmsService I/nativeLog: begin native log
02-18 20:50:01.199 16382-16619/com.comtop.mim:TcmsService I/TcmInet@native@tcms: 心跳包延长 560 -> 616, detectRate:0.100000, mDetect:0, detectInterval:560
02-18 20:50:01.200 16382-16619/com.comtop.mim:TcmsService I/TcmInet@native@tcms: 心跳不超过 detectInterval:560
02-18 20:50:01.201 16382-16418/com.comtop.mim:TcmsService W/JNIUtil: resetRTCWakeup
02-18 20:50:01.202 16382-16619/com.comtop.mim:TcmsService I/jni/inet/android/native/common/calljava.cpp: notifySendHeartbeatOk
02-18 20:50:01.204 16382-16418/com.comtop.mim:TcmsService D/XPushJNI@Native: com_alibaba_tcms_service_TCMPush_getHeartbeatInterval
02-18 20:50:01.215 16382-16418/com.comtop.mim:TcmsService I/WakeupAlarmManager: alarm setExact rtc_wakeup 560000
02-18 20:50:01.216 16382-16418/com.comtop.mim:TcmsService I/TCMStaticDelegate: call resetRTCWakeup
02-18 20:50:01.217 16382-16418/com.comtop.mim:TcmsService W/JNIUtil: notifySendHeartbeatOk
02-18 20:50:01.220 16382-16418/com.comtop.mim:TcmsService D/XPushJNI@Native: com_alibaba_tcms_service_TCMPush_getHeartbeatInterval
02-18 20:50:01.278 16382-16418/com.comtop.mim:TcmsService I/WakeupAlarmManager: alarm setExact rtc_wakeup 560000
02-18 20:50:01.279 16382-16418/com.comtop.mim:TcmsService I/TCMStaticDelegate: call resetRTCWakeup
02-18 20:50:01.284 16382-16418/com.comtop.mim:TcmsService D/PersistManager: write, list properties.
02-18 20:50:01.285 16382-16418/com.comtop.mim:TcmsService D/PersistManager: key:op.mim":"{\"clientPriority\":14464800,\"disable\":false,\"regTime\":1450233171304,\"callCount\":1,\"appKey\":\"23015524\"}"} value:
02-18 20:50:01.287 16382-16418/com.comtop.mim:TcmsService D/PersistManager: key:\":1,\"appKey\":\"23015524\"}"} value:
02-18 20:50:01.289 16382-16418/com.comtop.mim:TcmsService D/PersistManager: key:ec value:18 23:40:39 GMT+08:00 2015
02-18 20:50:01.290 16382-16418/com.comtop.mim:TcmsService D/PersistManager: key:23015524\"}"} value:
02-18 20:50:01.292 16382-16418/com.comtop.mim:TcmsService D/PersistManager: key:XPUSH_SDK_INFO_V2 value:{"com.comtop.mim":"{\"clientPriority\":14464800,\"disable\":false,\"regTime\":1453802782350,\"callCount\":1,\"appKey\":\"23232985\"}"}
02-18 20:50:01.293 16382-16418/com.comtop.mim:TcmsService D/PersistManager: key:push_device_id_key_v1 value:a06aw2vraf44895d___qbu732n7iuxj45e7
02-18 20:50:01.294 16382-16418/com.comtop.mim:TcmsService D/PersistManager: key:":1,\"appKey\":\"23015524\"}"} value:
02-18 20:50:01.295 16382-16418/com.comtop.mim:TcmsService D/PersistManager: key:"appKey\":\"23015524\"}"} value:
02-18 20:50:01.297 16382-16418/com.comtop.mim:TcmsService D/PersistManager: key:2015 value:
02-18 20:50:01.299 16382-16418/com.comtop.mim:TcmsService D/PersistManager: key::"{\"clientPriority\":14464800,\"disable\":false,\"regTime\":1450233171304,\"callCount\":1,\"appKey\":\"23015524\"}"} value:
02-18 20:50:01.300 16382-16418/com.comtop.mim:TcmsService D/PersistManager: key:304,\"callCount\":1,\"appKey\":\"23015524\"}"} value:
02-18 20:50:01.325 16382-16418/com.comtop.mim:TcmsService D/PersistManager: key:xpushClient__xpush_push_maxmsgid value:37483376624641
02-18 20:50:01.326 16382-16418/com.comtop.mim:TcmsService D/PersistManager: key:mtop.mim":"{\"clientPriority\":14464800,\"disable\":false,\"regTime\":1450233171304,\"callCount\":1,\"appKey\":\"23015524\"}"} value:
02-18 20:50:01.327 16382-16418/com.comtop.mim:TcmsService D/PersistManager: key:14464800,\"disable\":false,\"regTime\":1450233171304,\"callCount\":1,\"appKey\":\"23015524\"}"} value:
02-18 20:50:01.329 16382-16418/com.comtop.mim:TcmsService D/PersistManager: key:iority\":14464800,\"disable\":false,\"regTime\":1450233171304,\"callCount\":1,\"appKey\":\"23015524\"}"} value:
02-18 20:50:01.331 16382-16418/com.comtop.mim:TcmsService D/PersistManager: key:push_heart_freq_key value:{"\"lenew\"":304,"\"wifi-comtop\"":180,"\"MM_AP\"":560,"\"jacpy\"":800,"\"wifi-confine\"":180,"\".lenew-T\"":243}
02-18 20:50:01.336 16382-16418/com.comtop.mim:TcmsService D/PersistManager: key:push_tcms_client_id_key value:a0d0jhk6neij6wka
02-18 20:50:01.339 16382-16418/com.comtop.mim:TcmsService D/PersistManager: key:\"23015524\"}"} value:
02-18 20:50:42.253 16334-16334/com.comtop.mim D/may: locale: zh_CN
02-18 20:50:42.284 16334-16334/com.comtop.mim D/AbsHttpRequestResolver: http://msp.szcomtop.com:6888/msp-pubservice/router?
02-18 20:50:42.287 16334-16334/com.comtop.mim I/System.out: ---->sign=F855AB5000A3F8095BD0E6386947A6EAE18B880A
02-18 20:50:42.293 16334-16334/com.comtop.mim I/System.out: ---->timestamp=1455799846159
02-18 20:50:42.303 16334-16334/com.comtop.mim I/System.out: ---->v=1.0
02-18 20:50:42.306 16334-16334/com.comtop.mim I/System.out: ---->nonce=1455799846159
02-18 20:50:42.310 16334-16334/com.comtop.mim I/System.out: ---->sessionId=0c7e756f-a76d-429b-8611-aea817bb6824
02-18 20:50:42.312 16334-16334/com.comtop.mim I/System.out: ---->locale=zh_CN
02-18 20:50:42.314 16334-16334/com.comtop.mim I/System.out: ---->pageSize=32
02-18 20:50:42.315 16334-16334/com.comtop.mim I/System.out: ---->pageNumber=0
02-18 20:50:42.318 16334-16334/com.comtop.mim I/System.out: ---->method=pubservice.all
02-18 20:50:42.322 16334-16334/com.comtop.mim I/System.out: ---->format=json
02-18 20:50:42.324 16334-16334/com.comtop.mim I/System.out: ---->appKey=000150888766a901
02-18 20:50:42.327 16334-16334/com.comtop.mim D/may: ---->&sign=F855AB5000A3F8095BD0E6386947A6EAE18B880A&timestamp=1455799846159&v=1.0&nonce=1455799846159&sessionId=0c7e756f-a76d-429b-8611-aea817bb6824&locale=zh_CN&pageSize=32&pageNumber=0&method=pubservice.all&format=json&appKey=000150888766a901
02-18 20:50:42.362 16334-24212/com.comtop.mim W/System.err: com.comtop.cmf.framework.net.exception.ServerResponseException: net exception occur.
02-18 20:50:42.362 16334-24212/com.comtop.mim W/System.err:     at com.comtop.cmf.framework.net.http.OkHttpRequest$4.onResponse(OkHttpRequest.java:297)
02-18 20:50:42.362 16334-24212/com.comtop.mim W/System.err:     at com.squareup.okhttp.Call$AsyncCall.execute(Call.java:168)
02-18 20:50:42.362 16334-24212/com.comtop.mim W/System.err:     at com.squareup.okhttp.internal.NamedRunnable.run(NamedRunnable.java:33)
02-18 20:50:42.362 16334-24212/com.comtop.mim W/System.err:     at java.util.concurrent.ThreadPoolExecutor.runWorker(ThreadPoolExecutor.java:1112)
02-18 20:50:42.366 16334-24212/com.comtop.mim W/System.err:     at java.util.concurrent.ThreadPoolExecutor$Worker.run(ThreadPoolExecutor.java:587)
02-18 20:50:42.367 16334-24212/com.comtop.mim W/System.err:     at java.lang.Thread.run(Thread.java:841)
02-18 20:50:42.378 16334-16334/com.comtop.mim D/may: status: 404, msg: Not Found, tag: true
02-18 20:50:43.204 16334-16334/com.comtop.mim D/may: locale: zh_CN
02-18 20:50:43.223 16334-16334/com.comtop.mim D/AbsHttpRequestResolver: http://msp.szcomtop.com:6888/msp-pubservice/router?
02-18 20:50:43.226 16334-16334/com.comtop.mim I/System.out: ---->sign=046BDBF0803D319C0E605839055BA34122F164DE
02-18 20:50:43.233 16334-16334/com.comtop.mim I/System.out: ---->timestamp=1455799847110
02-18 20:50:43.238 16334-16334/com.comtop.mim I/System.out: ---->v=1.0
02-18 20:50:43.260 16334-16334/com.comtop.mim I/System.out: ---->nonce=1455799847110
02-18 20:50:43.265 16334-16334/com.comtop.mim I/System.out: ---->sessionId=0c7e756f-a76d-429b-8611-aea817bb6824
02-18 20:50:43.276 16334-16334/com.comtop.mim I/System.out: ---->locale=zh_CN
02-18 20:50:43.281 16334-16334/com.comtop.mim I/System.out: ---->pageSize=32
02-18 20:50:43.286 16334-16334/com.comtop.mim I/System.out: ---->pageNumber=0
02-18 20:50:43.291 16334-16334/com.comtop.mim I/System.out: ---->method=pubservice.all
02-18 20:50:43.295 16334-16334/com.comtop.mim I/System.out: ---->format=json
02-18 20:50:43.301 16334-16334/com.comtop.mim I/System.out: ---->appKey=000150888766a901
02-18 20:50:43.315 16334-16334/com.comtop.mim D/may: ---->&sign=046BDBF0803D319C0E605839055BA34122F164DE&timestamp=1455799847110&v=1.0&nonce=1455799847110&sessionId=0c7e756f-a76d-429b-8611-aea817bb6824&locale=zh_CN&pageSize=32&pageNumber=0&method=pubservice.all&format=json&appKey=000150888766a901
02-18 20:50:43.350 16334-24212/com.comtop.mim W/System.err: com.comtop.cmf.framework.net.exception.ServerResponseException: net exception occur.
02-18 20:50:43.350 16334-24212/com.comtop.mim W/System.err:     at com.comtop.cmf.framework.net.http.OkHttpRequest$4.onResponse(OkHttpRequest.java:297)
02-18 20:50:43.350 16334-24212/com.comtop.mim W/System.err:     at com.squareup.okhttp.Call$AsyncCall.execute(Call.java:168)
02-18 20:50:43.355 16334-24212/com.comtop.mim W/System.err:     at com.squareup.okhttp.internal.NamedRunnable.run(NamedRunnable.java:33)
02-18 20:50:43.362 16334-24212/com.comtop.mim W/System.err:     at java.util.concurrent.ThreadPoolExecutor.runWorker(ThreadPoolExecutor.java:1112)
02-18 20:50:43.363 16334-24212/com.comtop.mim W/System.err:     at java.util.concurrent.ThreadPoolExecutor$Worker.run(ThreadPoolExecutor.java:587)
02-18 20:50:43.364 16334-24212/com.comtop.mim W/System.err:     at java.lang.Thread.run(Thread.java:841)
02-18 20:50:43.371 16334-16334/com.comtop.mim D/may: status: 404, msg: Not Found, tag: true
02-18 20:54:50.194 16334-16334/com.comtop.mim D/may: locale: zh_CN
02-18 20:54:50.227 16334-16334/com.comtop.mim D/AbsHttpRequestResolver: http://msp.szcomtop.com:6888/msp-pubservice/router?
02-18 20:54:50.229 16334-16334/com.comtop.mim I/System.out: ---->sign=556E32D0443D4D312692A694202FB97BBBD35648
02-18 20:54:50.235 16334-16334/com.comtop.mim I/System.out: ---->timestamp=1455800094100
02-18 20:54:50.239 16334-16334/com.comtop.mim I/System.out: ---->v=1.0
02-18 20:54:50.244 16334-16334/com.comtop.mim I/System.out: ---->nonce=1455800094100
02-18 20:54:50.251 16334-16334/com.comtop.mim I/System.out: ---->sessionId=0c7e756f-a76d-429b-8611-aea817bb6824
02-18 20:54:50.257 16334-16334/com.comtop.mim I/System.out: ---->locale=zh_CN
02-18 20:54:50.261 16334-16334/com.comtop.mim I/System.out: ---->pageSize=32
02-18 20:54:50.271 16334-16334/com.comtop.mim I/System.out: ---->pageNumber=0
02-18 20:54:50.275 16334-16334/com.comtop.mim I/System.out: ---->method=pubservice.all
02-18 20:54:50.280 16334-16334/com.comtop.mim I/System.out: ---->format=json
02-18 20:54:50.284 16334-16334/com.comtop.mim I/System.out: ---->appKey=000150888766a901
02-18 20:54:50.289 16334-16334/com.comtop.mim D/may: ---->&sign=556E32D0443D4D312692A694202FB97BBBD35648&timestamp=1455800094100&v=1.0&nonce=1455800094100&sessionId=0c7e756f-a76d-429b-8611-aea817bb6824&locale=zh_CN&pageSize=32&pageNumber=0&method=pubservice.all&format=json&appKey=000150888766a901
02-18 20:55:00.902 16334-28167/com.comtop.mim I/HttpRequestResolveImpl: result parser is:com.comtop.mim.parser.AppDefaultJSONParser
02-18 20:55:00.904 16334-28167/com.comtop.mim D/HttpRequestResolveImpl: result class is: com.comtop.mim.result.ServiceNoListResult
02-18 20:55:00.913 16334-28167/com.comtop.mim D/AppCommJSONParser: ---->result: ServiceNoListResult, {"state":"0","message":"所有服务号列表获取成功","data":{"total":29,"result":[{"alreadySubscribe":true,"pubservice":{"createDate":"2015-12-22 16:30:25","updateDate":"2016-02-18 16:47:52","pubserviceId":"000151c8cf92b302@ps","pubserviceName":"北理小报","recommend":"北京理工大学珠海学院自媒体","avatarId":"http://7xn4wo.com1.z0.glb.clouddn.com/pubservices/20160108/155026/GjkNp4x37d76LHQc?v=1452239477440&imageMogr2/crop/!265x265a1a0","isShareLocation":"0","isEnableUserStatus":"0","replyRule":"0","isOpenServer":"1","subscribeByOrg":"0"},"isOrgSubscribe":false},{"alreadySubscribe":true,"pubservice":{"createDate":"2015-12-29 16:30:17","updateDate":"2016-02-02 17:59:33","pubserviceId":"000151ecdbf8b105@ps","pubserviceName":"HR小助手修改","recommend":"HR小助手修改爱妃的撒发送范德萨范德萨发的萨芬萨芬","avatarId":"http://7xn4wo.com1.z0.glb.clouddn.com/pubservices/20160202/175842/amMFbvH5al1bdmyg?v=1454407152633&imageMogr2/crop/!611x615a207a76","isOpenServer":"1","subscribeByOrg":"0"},"isOrgSubscribe":false},{"alreadySubscribe":false,"pubservice":{"createDate":"2015-12-29 16:30:27","updateDate":"2015-12-29 16:30:33","pubserviceId":"000151ecdc203907@ps","pubserviceName":"人品勋章","recommend":"人品勋章","isOpenServer":"1","subscribeByOrg":"0"},"isOrgSubscribe":false},{"alreadySubscribe":false,"pubservice":{"createDate":"2015-12-29 16:30:49","updateDate":"2015-12-29 16:30:49","pubserviceId":"000151ecdc747309@ps","pubserviceName":"学院一站通","recommend":"学院一站通","isOpenServer":"1","subscribeByOrg":"0"},"isOrgSubscribe":false},{"alreadySubscribe":false,"pubservice":{"createDate":"2015-12-29 16:30:58","updateDate":"2015-12-29 16:30:58","pubserviceId":"000151ecdc97a10b@ps","pubserviceName":"投票系统","recommend":"投票系统","isOpenServer":"1","subscribeByOrg":"0"},"isOrgSubscribe":false},{"alreadySubscribe":true,"pubservice":{"createDate":"2015-12-29 16:31:10","updateDate":"2015-12-29 16:31:10","pubserviceId":"000151ecdcc56a0d@ps","pubserviceName":"公司新闻","recommend":"公司新闻","isOpenServer":"1","subscribeByOrg":"0"},"isOrgSubscribe":false},{"alreadySubscribe":false,"pubservice":{"createDate":"2015-12-29 16:31:17","updateDate":"2016-01-12 09:13:44","pubserviceId":"000151ecdce3210f@ps","pubserviceName":"知乎日报","recommend":"知乎日报","avatarId":"http://7xn4wo.com1.z0.glb.clouddn.com/pubservices/20160112/091329/3SrClaYQHWTWHlUP?v=1452561221205&imageMogr2/crop/!370x376a41a117","isOpenServer":"1","subscribeByOrg":"0"},"isOrgSubscribe":false},{"alreadySubscribe":false,"pubservice":{"createDate":"2015-12-29 16:31:25","updateDate":"2015-12-29 16:31:25","pubserviceId":"000151ecdd010f11@ps","pubserviceName":"每日头条","recommend":"每日头条","isOpenServer":"1","subscribeByOrg":"0"},"isOrgSubscribe":false},{"alreadySubscribe":false,"pubservice":{"createDate":"2015-12-29 16:31:39","updateDate":"2015-12-29 16:31:39","pubserviceId":"000151ecdd377d13@ps","pubserviceName":"财务小助手","recommend":"财务小助手","isOpenServer":"1","subscribeByOrg":"0"},"isOrgSubscribe":false},{"alreadySubscribe":false,"pubservice":{"createDate":"2015-12-29 16:31:52","updateDate":"2015-12-29 16:31:52","pubserviceId":"000151ecdd69f915@ps","pubserviceName":"管理学院","recommend":"管理学院","isOpenServer":"1","subscribeByOrg":"0"},"isOrgSubscribe":false},{"alreadySubscribe":true,"pubservice":{"createDate":"2015-12-29 16:32:47","updateDate":"2016-02-18 16:59:23","pubserviceId":"000151ecde41f417@ps","pubserviceName":"饿了么111","recommend":"饿了么","isOpenServer":"1","subscribeByOrg":"0"},"isOrgSubscribe":false},{"alreadySubscribe":false,"pubservice":{"createDate":"2015-12-29 16:33:04","updateDate":"2015-12-29 16:33:04","pubserviceId":"000151ecde82e119@ps","pubserviceName":"网易新闻","recommend":"网易新闻","isOpenServer":"1","subscribeByOrg":"0"},"isOrgSubscribe":false},{"alreadySubscribe":false,"pubservice":{"createDate":"2015-12-29 16:33:15","updateDate":"2015-
02-18 20:55:00.999 16334-28167/com.comtop.mim D/HttpRequestResolveImpl: handle send message.
02-18 20:55:01.003 16334-16334/com.comtop.mim D/AsyncTaskLoader: callback: com.comtop.cmf.framework.net.impl.AsyncTaskCallbackProxy@42d32b18, onPost result: com.comtop.mim.result.ServiceNoListResult
02-18 20:55:04.841 16334-16334/com.comtop.mim D/IMChannel: onActivityPaused:ui.ServiceNoListActivity
02-18 20:55:04.860 16334-16334/com.comtop.mim D/IMChannel: onActivityCreated:ui.ServiceNoDetailActivity
02-18 20:55:04.898 16334-16334/com.comtop.mim D/IMChannel: onActivityStarted:ui.ServiceNoDetailActivity
02-18 20:55:04.902 16334-16334/com.comtop.mim D/IMChannel: onActivityResumed:ui.ServiceNoDetailActivity
02-18 20:55:04.906 16334-16334/com.comtop.mim I/Native: InetIO_SetForeground 1
02-18 20:55:04.938 16334-16334/com.comtop.mim D/PersistManager: get, list properties.
02-18 20:55:04.940 16334-16334/com.comtop.mim D/PersistManager: key:\":1,\"appKey\":\"23015524\"}"} value:
02-18 20:55:04.942 16334-16334/com.comtop.mim D/PersistManager: key:op.mim":"{\"clientPriority\":14464800,\"disable\":false,\"regTime\":1450233171304,\"callCount\":1,\"appKey\":\"23015524\"}"} value:
02-18 20:55:04.945 16334-16334/com.comtop.mim D/PersistManager: key:ec value:18 23:40:39 GMT+08:00 2015
02-18 20:55:04.948 16334-16334/com.comtop.mim D/PersistManager: key:23015524\"}"} value:
02-18 20:55:04.951 16334-16334/com.comtop.mim D/PersistManager: key:XPUSH_SDK_INFO_V2 value:{"com.comtop.mim":"{\"clientPriority\":14464800,\"disable\":false,\"regTime\":1453802782350,\"callCount\":1,\"appKey\":\"23232985\"}"}
02-18 20:55:04.953 16334-16334/com.comtop.mim D/PersistManager: key:":1,\"appKey\":\"23015524\"}"} value:
02-18 20:55:04.955 16334-16334/com.comtop.mim D/PersistManager: key:push_device_id_key_v1 value:a06aw2vraf44895d___qbu732n7iuxj45e7
02-18 20:55:04.958 16334-16334/com.comtop.mim D/PersistManager: key::"{\"clientPriority\":14464800,\"disable\":false,\"regTime\":1450233171304,\"callCount\":1,\"appKey\":\"23015524\"}"} value:
02-18 20:55:04.960 16334-16334/com.comtop.mim D/PersistManager: key:2015 value:
02-18 20:55:04.961 16334-16334/com.comtop.mim D/PersistManager: key:"appKey\":\"23015524\"}"} value:
02-18 20:55:04.963 16334-16334/com.comtop.mim D/PersistManager: key:304,\"callCount\":1,\"appKey\":\"23015524\"}"} value:
02-18 20:55:04.963 16334-16334/com.comtop.mim D/PersistManager: key:xpushClient__xpush_push_maxmsgid value:37483376624641
02-18 20:55:04.963 16334-16334/com.comtop.mim D/PersistManager: key:mtop.mim":"{\"clientPriority\":14464800,\"disable\":false,\"regTime\":1450233171304,\"callCount\":1,\"appKey\":\"23015524\"}"} value:
02-18 20:55:04.964 16334-16334/com.comtop.mim D/PersistManager: key:14464800,\"disable\":false,\"regTime\":1450233171304,\"callCount\":1,\"appKey\":\"23015524\"}"} value:
02-18 20:55:04.964 16334-16334/com.comtop.mim D/PersistManager: key:push_heart_freq_key value:{"\"lenew\"":304,"\"wifi-comtop\"":180,"\"MM_AP\"":560,"\"jacpy\"":800,"\"wifi-confine\"":180,"\".lenew-T\"":243}
02-18 20:55:04.965 16334-16334/com.comtop.mim D/PersistManager: key:iority\":14464800,\"disable\":false,\"regTime\":1450233171304,\"callCount\":1,\"appKey\":\"23015524\"}"} value:
02-18 20:55:04.965 16334-16334/com.comtop.mim D/PersistManager: key:push_tcms_client_id_key value:a0d0jhk6neij6wka
02-18 20:55:04.966 16334-16334/com.comtop.mim D/PersistManager: key:\"23015524\"}"} value:
02-18 20:55:04.983 16382-16382/com.comtop.mim:TcmsService D/TCMSService: onStart----
02-18 20:55:04.984 16382-16405/com.comtop.mim:TcmsService D/TCMSService: onHandleIntent, ------- command=xpushnative://xpush/clearWearyCheck?
02-18 20:55:04.984 16382-16405/com.comtop.mim:TcmsService D/TCMSService: clearWearyCheck
02-18 20:55:05.412 16334-16334/com.comtop.mim D/IMChannel: onActivityStopped:ui.ServiceNoListActivity
02-18 20:56:12.291 29578-29578/com.comtop.mim D/AndroidRuntime: Shutting down VM
02-18 20:56:12.292 29578-29578/com.comtop.mim W/dalvikvm: threadid=1: thread exiting with uncaught exception (group=0x41674d40)
02-18 20:56:12.301 29578-29578/com.comtop.mim E/AndroidRuntime: FATAL EXCEPTION: main
                                                                Process: com.comtop.mim, PID: 29578
                                                                java.lang.RuntimeException: Unable to instantiate application com.comtop.mim.app.App: java.lang.IllegalStateException: Unable to get package info for com.comtop.mim; is package not installed?
                                                                    at android.app.LoadedApk.makeApplication(LoadedApk.java:507)
                                                                    at android.app.ActivityThread.handleBindApplication(ActivityThread.java:4382)
                                                                    at android.app.ActivityThread.access$1500(ActivityThread.java:139)
                                                                    at android.app.ActivityThread$H.handleMessage(ActivityThread.java:1270)
                                                                    at android.os.Handler.dispatchMessage(Handler.java:102)
                                                                    at android.os.Looper.loop(Looper.java:136)
                                                                    at android.app.ActivityThread.main(ActivityThread.java:5086)
                                                                    at java.lang.reflect.Method.invokeNative(Native Method)
                                                                    at java.lang.reflect.Method.invoke(Method.java:515)
                                                                    at com.android.internal.os.ZygoteInit$MethodAndArgsCaller.run(ZygoteInit.java:785)
                                                                    at com.android.internal.os.ZygoteInit.main(ZygoteInit.java:601)
                                                                    at dalvik.system.NativeStart.main(Native Method)
                                                                 Caused by: java.lang.IllegalStateException: Unable to get package info for com.comtop.mim; is package not installed?
                                                                    at android.app.LoadedApk.initializeJavaContextClassLoader(LoadedApk.java:368)
                                                                    at android.app.LoadedApk.getClassLoader(LoadedApk.java:321)
                                                                    at android.app.LoadedApk.makeApplication(LoadedApk.java:500)
                                                                    at android.app.ActivityThread.handleBindApplication(ActivityThread.java:4382) 
                                                                    at android.app.ActivityThread.access$1500(ActivityThread.java:139) 
                                                                    at android.app.ActivityThread$H.handleMessage(ActivityThread.java:1270) 
                                                                    at android.os.Handler.dispatchMessage(Handler.java:102) 
                                                                    at android.os.Looper.loop(Looper.java:136) 
                                                                    at android.app.ActivityThread.main(ActivityThread.java:5086) 
                                                                    at java.lang.reflect.Method.invokeNative(Native Method) 
                                                                    at java.lang.reflect.Method.invoke(Method.java:515) 
                                                                    at com.android.internal.os.ZygoteInit$MethodAndArgsCaller.run(ZygoteInit.java:785) 
                                                                    at com.android.internal.os.ZygoteInit.main(ZygoteInit.java:601) 
                                                                    at dalvik.system.NativeStart.main(Native Method) 
02-18 20:56:18.210 29731-29731/com.comtop.mim D/may: -------------->Application onCreate
02-18 20:56:18.211 29731-29731/com.comtop.mim D/may: SysUtil.setApplication() used time: 0
02-18 20:56:18.216 29731-29731/com.comtop.mim D/may: SysUtil.isTCMSServiceProcess(this) used time: 3
02-18 20:56:18.216 29731-29731/com.comtop.mim I/may: SysUtil.isTCMSServiceProcess(this): false
02-18 20:56:18.218 29731-29731/com.comtop.mim D/may: EimUI.init(this, "im") used time: 2
02-18 20:56:18.243 29731-29731/com.comtop.mim I/dalvikvm: Could not find method android.widget.ImageView.<init>, referenced from method com.facebook.drawee.view.DraweeView.<init>
02-18 20:56:18.243 29731-29731/com.comtop.mim W/dalvikvm: VFY: unable to resolve direct method 9214: Landroid/widget/ImageView;.<init> (Landroid/content/Context;Landroid/util/AttributeSet;II)V
02-18 20:56:18.243 29731-29731/com.comtop.mim D/dalvikvm: VFY: replacing opcode 0x70 at 0x0000
02-18 20:56:18.244 29731-29731/com.comtop.mim I/dalvikvm: Could not find method com.facebook.drawee.view.DraweeView.getImageTintList, referenced from method com.facebook.drawee.view.DraweeView.init
02-18 20:56:18.244 29731-29731/com.comtop.mim W/dalvikvm: VFY: unable to resolve virtual method 39119: Lcom/facebook/drawee/view/DraweeView;.getImageTintList ()Landroid/content/res/ColorStateList;
02-18 20:56:18.244 29731-29731/com.comtop.mim D/dalvikvm: VFY: replacing opcode 0x6e at 0x0015
02-18 20:56:18.245 29731-29731/com.comtop.mim D/may: Fresco.initialize() used time: 27
02-18 20:56:18.251 29731-29731/com.comtop.mim D/may: local shared used time: 6
02-18 20:56:18.255 29731-29731/com.comtop.mim D/may: database old name: null, new name: 000150888766a901
02-18 20:56:18.256 29731-29731/com.comtop.mim D/may: database old name is empty.
02-18 20:56:18.258 29731-29731/com.comtop.mim D/may: initDatabaseName() used time: 7
02-18 20:56:18.263 29731-29731/com.comtop.mim D/AdviceBinderbindCustom: 执行绑定com.comtop.mim.helper.ChattingUICustomSample
02-18 20:56:18.265 29731-29731/com.comtop.mim D/AdviceBinderbindCustom: 执行绑定com.comtop.mim.helper.ChattingOperationCustomSample
02-18 20:56:18.266 29731-29731/com.comtop.mim D/AdviceBinderbindCustom: 执行绑定com.comtop.mim.helper.ConversationListUICustomSample
02-18 20:56:18.266 29731-29731/com.comtop.mim D/AdviceBinderbindCustom: 执行绑定com.comtop.mim.helper.ConversationListOperationCustomSample
02-18 20:56:18.267 29731-29731/com.comtop.mim D/AdviceBinderbindCustom: 执行绑定com.comtop.mim.helper.NotificationInitSampleHelper
02-18 20:56:18.267 29731-29731/com.comtop.mim D/AdviceBinderbindCustom: 执行绑定com.comtop.mim.helper.YWSDKGlobalConfigSample
02-18 20:56:18.274 29731-29731/com.comtop.mim I/dalvikvm: Could not find method com.ut.mini.UTAnalytics.getInstance, referenced from method com.alibaba.mobileim.YWChannel.otherInit
02-18 20:56:18.274 29731-29731/com.comtop.mim W/dalvikvm: VFY: unable to resolve static method 52104: Lcom/ut/mini/UTAnalytics;.getInstance ()Lcom/ut/mini/UTAnalytics;
02-18 20:56:18.274 29731-29731/com.comtop.mim D/dalvikvm: VFY: replacing opcode 0x71 at 0x0007
02-18 20:56:18.279 29731-29731/com.comtop.mim D/dalvikvm: DexOpt: unable to opt direct call 0xcb99 at 0x1b in Lcom/alibaba/mobileim/YWChannel;.otherInit
02-18 20:56:18.280 29731-29731/com.comtop.mim I/SdkInfo: openIMCore gitcommit:15f783182e7a82276582e60e45a272e32462caf6
02-18 20:56:18.280 29731-29731/com.comtop.mim I/SdkInfo: openIMCore gitBranch:release-z-1.9.0
02-18 20:56:18.280 29731-29731/com.comtop.mim I/YWAPI: prepare2
02-18 20:56:18.294 29731-29769/com.comtop.mim D/YWChannel: initPinyinTable
02-18 20:56:18.294 29731-29731/com.comtop.mim W/YWChannel: ut init fail e=com.ut.mini.UTAnalytics
02-18 20:56:18.309 29731-29731/com.comtop.mim W/YWChannel: SecurityGuardManager init fail e=null
02-18 20:56:18.309 29731-29731/com.comtop.mim I/YWChannel: prepareImpl appkey=23232985 appid=100817 versionSuffix=OPENIM app=com.comtop.mim.app.App@41f50ba8
02-18 20:56:18.310 29731-29731/com.comtop.mim D/IMChannel: prepare appkey=23232985 appid=100817 APPID=100817
02-18 20:56:18.311 29731-29731/com.comtop.mim I/IMChannel: ifDebug() = true
02-18 20:56:18.316 29731-29731/com.comtop.mim D/WxThreadHandler: WxThreadHandler init
02-18 20:56:18.319 29731-29731/com.comtop.mim D/dalvikvm: DexOpt: couldn't find static field Landroid/os/Build;.SUPPORTED_64_BIT_ABIS
02-18 20:56:18.319 29731-29731/com.comtop.mim W/dalvikvm: VFY: unable to resolve static field 157 (SUPPORTED_64_BIT_ABIS) in Landroid/os/Build;
02-18 20:56:18.320 29731-29731/com.comtop.mim D/dalvikvm: VFY: replacing opcode 0x62 at 0x0062
02-18 20:56:18.322 29731-29731/com.comtop.mim D/dalvikvm: DexOpt: couldn't find static field Landroid/os/Build;.SUPPORTED_32_BIT_ABIS
02-18 20:56:18.322 29731-29731/com.comtop.mim I/dalvikvm: DexOpt: unable to optimize static field ref 0x009c at 0x9b in Lcom/alibaba/wxlib/jnilib/SoInstallMgrSdk;.getCpuType
02-18 20:56:18.323 29731-29731/com.comtop.mim D/dalvikvm: Trying to load lib /data/app-lib/com.comtop.mim-1/libinet.1.9.0.so 0x41f4fb88
02-18 20:56:18.328 29731-29731/com.comtop.mim D/dalvikvm: Added shared lib /data/app-lib/com.comtop.mim-1/libinet.1.9.0.so 0x41f4fb88
02-18 20:56:18.329 29731-29731/com.comtop.mim I/SdkInfo: libinet.so, buildTime:Mon Jan 11 09:10:27 2016, inet_mode:3
02-18 20:56:18.329 29731-29731/com.comtop.mim I/SdkInfo: libinet.so, gitCommit:3431b4e4e96da34b41430ededf0c3f8abb0fc89a
02-18 20:56:18.329 29731-29731/com.comtop.mim I/CallJavaFunc@native: CallJavaFunc_init 
02-18 20:56:18.330 29731-29771/com.comtop.mim I/CallJavaFunc@native: enter callJavaThread.
02-18 20:56:18.331 29731-29731/com.comtop.mim D/LOAD_SO: init libray sucess:inet.1.9.0
02-18 20:56:18.331 29731-29731/com.comtop.mim I/SdkInfo: ChannelSDK gitCommit:a7006eab7339d30f5311692082719ba2225cdfda
02-18 20:56:18.331 29731-29731/com.comtop.mim I/SdkInfo: ChannelSDK gitBranch:release-z-1.9.0
