02-18 16:52:45.260  4083  4083 I HwSystemManager: SmartMemoryCleanService:SMCSFilerBase.checkProcPkg:  package com.huawei.android.airsharing is not in the trim list.
02-18 16:52:45.260  4083  4083 I HwSystemManager: SmartMemoryCleanService:checkProcPkgs called
02-18 16:52:45.260  4083  4083 I HwSystemManager: SmartMemoryCleanService:SMCSFilerBase.checkProcPkg:  package com.cootek.smartdialer_oem_module is not in the trim list.
02-18 16:52:45.260  4083  4083 I HwSystemManager: SmartMemoryCleanService:checkProcPkgs called
02-18 16:52:45.260  4083  4083 I HwSystemManager: SmartMemoryCleanService:SMCSFilerBase.checkProcPkg:  package com.huawei.bd is not in the trim list.
02-18 16:52:45.260  4083  4083 I HwSystemManager: SmartMemoryCleanService:checkProcPkgs called
02-18 16:52:45.260  4083  4083 I HwSystemManager: SmartMemoryCleanService:SMCSFilerBase.checkProcPkg:  package com.huawei.android.pushagent is not in the trim list.
02-18 16:52:45.260  4083  4083 I HwSystemManager: SmartMemoryCleanService:checkProcPkgs called
02-18 16:52:45.260  4083  4083 I HwSystemManager: SmartMemoryCleanService:SMCSFilerBase.checkProcPkg:  package com.google.android.gms is not in the trim list.
02-18 16:52:45.260  4083  4083 I HwSystemManager: SmartMemoryCleanService:checkProcPkgs called
02-18 16:52:45.260  4083  4083 I HwSystemManager: SmartMemoryCleanService:SMCSFilerBase.checkProcPkg:  pkg  com.comtop.mim has been used.
02-18 16:52:45.260  4083  4083 I HwSystemManager: SmartMemoryCleanService:checkProcPkgs called
02-18 16:52:45.260  4083  4083 I HwSystemManager: SmartMemoryCleanService:SMCSFilerBase.checkProcPkg:  package android is not in the trim list.
02-18 16:52:45.260  4083  4083 I HwSystemManager: SmartMemoryCleanService:SMCSFilerType1.filterTrimProcessFirst: end fist filter.
02-18 16:52:45.260  4083  4083 I HwSystemManager: SmartMemoryCleanService:SMCSTrimer.dumpGotProcessRelations: process com.qihoo.appstore has relations: 
02-18 16:52:45.260  4083  4083 I HwSystemManager: SmartMemoryCleanService:SMCSTrimer.dumpGotProcessRelations: process com.qihoo.appstore has relations: 
02-18 16:52:45.260  4083  4083 I HwSystemManager: com.qihoo.secstore.com.qihoo.daemon
02-18 16:52:45.380  4083  4518 I HwSystemManager: HoldService:uid:10115 pid:21008 died
02-18 16:52:45.380  4083  4803 I HwSystemManager: BgPowerManagerService:onProcessDied uid = 10115
02-18 16:52:45.380  3125  3614 E HsmCoreServiceImpl: onTransact in code is: 102
02-18 16:52:45.380  4083  4803 I HwSystemManager: NotificationListEditor:RemoveNotifyList []
02-18 16:52:45.380  4083  4518 I HwSystemManager: HoldService:oldVersionKey:10115,21008
02-18 16:52:45.380  3125  3614 I MediaProcessHandler: processOp opType: 1, uid: 10115, pid: 21008
02-18 16:52:45.380  3125  3614 W MediaProcessHandler: remove target not exist, maybe the UI process: uid: 10115, pid: 21008
02-18 16:52:45.400  4083  4526 I HwSystemManager: HoldService:checkBeforeShowDialog: uid:10110 pid:19735, permissionType:4
02-18 16:52:45.400  4083  4526 I HwSystemManager: OverseaCfgHelper:permissionStatus is 0
02-18 16:52:45.400  4083  4526 I HwSystemManager: ShareLib:pkgNameList:1
02-18 16:52:45.400  4083  4526 I HwSystemManager: ShareLib:getApplication pkgName:com.wandoujia.phoenix2.usbproxy
02-18 16:52:45.410  4083  4526 I HwSystemManager: ShareLib:getAppInfo the final pkgName:com.wandoujia.phoenix2.usbproxy
02-18 16:52:45.410  4083  4526 I HwSystemManager: ShareLib:getAppInfo time consume:2
02-18 16:52:45.410  4083  4526 I HwSystemManager: ShareLib:getAppInfoByUidAndPid time consume:4
02-18 16:52:45.410  4083  4526 I HwSystemManager: HoldService:preHoldShow start!
02-18 16:52:45.410  4083  4526 I HwSystemManager: HoldService:The prePermissionType is: 1
02-18 16:52:46.500  3125  3426 E WifiStateMachine:  ConnectedState !CMD_RSSI_POLL 26 0 "wifi-comtop" 04:18:d6:22:1a:c4 rssi=-54 f=2437 sc=100 link=72 tx=8.5, 0.0, 0.0  rx=50.6 bcn=0 [on:0 tx:0 rx:0 period:3002] from screen [on:0 period:-208346843] gl u24 rssi=-54 ag=0 hr ticks 0,0,0 ls-=0 [56,56,60,60,65] brc=0 lrc=0
02-18 16:52:46.500  3125  3426 E WifiStateMachine:  L2ConnectedState !CMD_RSSI_POLL 26 0 "wifi-comtop" 04:18:d6:22:1a:c4 rssi=-54 f=2437 sc=100 link=72 tx=8.5, 0.0, 0.0  rx=50.6 bcn=0 [on:0 tx:0 rx:0 period:1] from screen [on:0 period:-208346842] gl u24 rssi=-54 ag=0 hr ticks 0,0,0 ls-=0 [56,56,60,60,65] brc=0 lrc=0
02-18 16:52:46.500  3125  3426 E WifiStateMachine: fetchRssiLinkSpeedAndFrequencyNative rssi=-54 linkspeed=72 SSID="wifi-comtop"
02-18 16:52:46.500  3125  3426 E WifiStateMachine: calculateWifiScore freq=2437 speed=72 score=100 highRSSI  -> txbadrate=0.00 txgoodrate=4.76 txretriesrate=0.00 rxrate=45.78 userTriggerdPenalty0
02-18 16:52:46.500  3125  3426 E WifiStateMachine:  good link -> stuck count =0
02-18 16:52:46.500  3125  3426 E WifiStateMachine:  badRSSI count0 lowRSSI count0 --> score 56
02-18 16:52:46.500  3125  3426 E WifiStateMachine:  isHighRSSI       ---> score=61
02-18 16:52:47.340  4870  5404 I System.out: name=cmccwm.mobilemusic  versioncode=72
02-18 16:52:47.390  4870  5404 I System.out: name=com.wandoujia.phoenix2  versioncode=8963
02-18 16:52:47.400  4870  5404 I System.out: name=com.huawei.appmarket  versioncode=2602
02-18 16:52:47.400  4870  5404 I System.out: name=com.huawei.android.remotecontrol  versioncode=70004800
02-18 16:52:47.410  4870  5404 I System.out: name=com.android.calendar  versioncode=6
02-18 16:52:47.420  4870  5404 I System.out: name=com.android.gallery3d  versioncode=40003
02-18 16:52:47.430  4870  5404 I System.out: name=com.supercleaner  versioncode=34
02-18 16:52:47.430  4870  5404 I System.out: name=com.wandoujia.phoenix2.usbproxy  versioncode=6215
02-18 16:52:47.440  4870  5404 I System.out: name=com.huawei.mmitest  versioncode=1
02-18 16:52:47.440  4870  5404 I System.out: name=com.android.backupconfirm  versioncode=21
02-18 16:52:47.450  4870  5404 I System.out: name=com.dajie.toastcorp  versioncode=320
02-18 16:52:47.460  4870  5404 I System.out: name=com.iflytek.cmcc  versioncode=1719
02-18 16:52:47.460  4870  5404 I System.out: name=com.huawei.bluetooth  versioncode=17
02-18 16:52:47.470  4870  5404 I System.out: name=com.tadu.android  versioncode=1001
02-18 16:52:47.480  4870  5404 I System.out: name=com.android.packageinstaller  versioncode=30057
02-18 16:52:47.490  4870  5404 I System.out: name=com.android.providers.userdictionary  versioncode=21
02-18 16:52:47.490  4870  5404 I System.out: name=com.android.providers.downloads.ui  versioncode=21
02-18 16:52:47.500  4870  5404 I System.out: name=com.android.externalstorage  versioncode=21
02-18 16:52:47.510  4870  5404 I System.out: name=cn.wps.moffice_eng  versioncode=84
02-18 16:52:47.520  4870  5404 I System.out: name=com.huawei.powergenie  versioncode=5601010
02-18 16:52:47.520  4870  5404 I System.out: name=com.android.dreams.phototable  versioncode=21
02-18 16:52:47.530  4870  5404 I System.out: name=com.android.galaxy4  versioncode=1
02-18 16:52:47.540  4870  5404 I System.out: name=com.huawei.mmiautotest  versioncode=3
02-18 16:52:47.550  4870  5404 I System.out: name=com.android.mediacenter  versioncode=606017
02-18 16:52:47.560  4870  5404 I System.out: name=com.huawei.android.hwouc  versioncode=9510
02-18 16:52:47.570  4870  5404 I System.out: name=com.chinamobile.cmccwifi  versioncode=691108
02-18 16:52:47.580  4870  5404 I System.out: name=com.qihoo.appstore  versioncode=300030535
02-18 16:52:47.590  4870  5404 I System.out: name=com.huawei.android.airsharing  versioncode=4051
02-18 16:52:47.590  4870  5404 I System.out: name=com.qihoo.browser  versioncode=697
02-18 16:52:47.600  4870  5404 I System.out: name=com.UCMobile  versioncode=602
02-18 16:52:47.610  4870  5404 I System.out: name=cn.itools.tool.market  versioncode=4
02-18 16:52:47.620  4870  5404 I System.out: name=com.android.calculator2  versioncode=3050001
02-18 16:52:47.620  4870  5404 I System.out: name=com.android.shell  versioncode=21
02-18 16:52:47.630  4870  5404 I System.out: name=com.huawei.remoteassistant  versioncode=131000
02-18 16:52:47.640  4870  5404 I System.out: name=com.android.chrome  versioncode=2311108
02-18 16:52:47.650  4870  5404 I System.out: name=sogou.mobile.explorer  versioncode=113745
02-18 16:52:47.660  4870  5404 I System.out: name=com.android.proxyhandler  versioncode=21
02-18 16:52:47.670  4870  5404 I System.out: name=com.android.managedprovisioning  versioncode=21
02-18 16:52:47.680  4870  5404 I System.out: name=com.letv.android.client  versioncode=71
02-18 16:52:47.690  4870  5404 I System.out: name=com.huawei.KoBackup  versioncode=63005011
02-18 16:52:47.690  4870  5404 I System.out: name=com.google.android.marvin.talkback  versioncode=30600006
02-18 16:52:47.700  4870  5404 I System.out: name=com.shangpin  versioncode=34
02-18 16:52:47.710  4870  5404 I System.out: name=com.android.hwmirror  versioncode=1
02-18 16:52:47.710  4870  5404 I System.out: name=com.tencent.android.qqdownloader  versioncode=6003129
02-18 16:52:47.720  4870  5404 I System.out: name=com.android.wallpaper.livepicker  versioncode=21
02-18 16:52:47.720  4870  5404 I System.out: name=com.dianping.v1  versioncode=571
02-18 16:52:47.730  4870  5404 I System.out: name=com.huawei.qrcode.dispatcher  versioncode=21
02-18 16:52:47.740  4870  5404 I System.out: name=com.android.inputdevices  versioncode=21
02-18 16:52:47.740  4870  5404 I System.out: name=com.android.keychain  versioncode=21
02-18 16:52:47.750  4870  5404 I System.out: name=com.example.android.notepad  versioncode=10
02-18 16:52:47.750  4870  5404 I System.out: name=com.storm.smart  versioncode=5230
02-18 16:52:47.760  4870  5404 I System.out: name=com.android.bluetooth  versioncode=21
02-18 16:52:47.770  4870  5404 I System.out: name=com.huawei.gamebox  versioncode=2602
02-18 16:52:47.780  4870  5404 I System.out: name=com.tencent.mobileqq  versioncode=272
02-18 16:52:47.780  4870  5404 I System.out: name=com.nuance.swype.emui  versioncode=35844
02-18 16:52:47.790  4870  5404 I System.out: name=org.mozilla.firefox  versioncode=2015052918
02-18 16:52:47.800  4870  5404 I System.out: name=com.android.printspooler  versioncode=1
02-18 16:52:47.810  4870  5404 I System.out: name=com.huawei.android.projectmenu  versioncode=20003
02-18 16:52:47.820  4870  5404 I System.out: name=com.android.smspush  versioncode=21
02-18 16:52:47.820  4870  5404 I System.out: name=com.huawei.floatMms  versioncode=1
02-18 16:52:47.830  4870  5404 I System.out: name=com.android.dreams.basic  versioncode=21
02-18 16:52:47.840  4870  5404 I System.out: name=com.android.contacts  versioncode=30004
02-18 16:52:47.850  4870  5404 I System.out: name=cn.cmvideo.isj  versioncode=32000005
02-18 16:52:47.860  4870  5404 I System.out: name=com.android.noisefield  versioncode=1
02-18 16:52:47.940  4870  5404 I art     : Explicit concurrent mark sweep GC freed 96226(5MB) AllocSpace objects, 18(292KB) LOS objects, 24% free, 24MB/32MB, paused 1.140ms total 77.850ms
02-18 16:52:47.940  4870  5404 I System.out: name=com.huawei.android.nff  versioncode=21
02-18 16:52:47.950  4870  5404 I System.out: name=com.android.vpndialogs  versioncode=21
02-18 16:52:47.960  4870  5404 I System.out: name=com.huawei.systemmanager  versioncode=330510
02-18 16:52:48.040 21125 21164 I art     : Explicit concurrent mark sweep GC freed 17487(740KB) AllocSpace objects, 2(32KB) LOS objects, 24% free, 19MB/26MB, paused 555us total 37.115ms
02-18 16:52:48.040  4870  5404 I System.out: name=com.huawei.hwstartupguide  versioncode=104
02-18 16:52:48.050  4870  5404 I System.out: name=com.hygl.greennote  versioncode=9
02-18 16:52:48.050  4870  5404 I System.out: name=com.sample.otherapplication  versioncode=1
02-18 16:52:48.060  4870  5404 I System.out: name=cn.com.fetion  versioncode=20140814
02-18 16:52:48.070  4870  5404 W ResourceType: ResTable_typeSpec entry count inconsistent: given 1, previously 1445
02-18 16:52:48.070  4870  5404 I System.out: name=com.huawei.android.totemweather  versioncode=51083
02-18 16:52:48.080  4870  5404 I System.out: name=com.huawei.privacymode  versioncode=1
02-18 16:52:48.090  4870  5404 I System.out: name=com.cootek.smartdialer_oem_module  versioncode=4700
02-18 16:52:48.100  4870  5404 I System.out: name=com.android.server.telecom  versioncode=21
02-18 16:52:48.110  4870  5404 I System.out: name=com.sohu.sohuvideo  versioncode=4350
02-18 16:52:48.120  4870  5404 I System.out: name=com.android.phasebeam  versioncode=1
02-18 16:52:48.130  4870  5404 I System.out: name=com.andreader.prein  versioncode=75
02-18 16:52:48.140  4870  5404 I System.out: name=com.android.email  versioncode=3100027
02-18 16:52:48.150  4870  5404 I System.out: name=com.android.defcontainer  versioncode=21
02-18 16:52:48.160  4870  5404 I System.out: name=kvpioneer.safecenter  versioncode=6
02-18 16:52:48.170  4870  5404 I System.out: name=com.kingoapp.root  versioncode=25
02-18 16:52:48.180  4870  5404 I System.out: name=com.huawei.android.wfdft  versioncode=6008
02-18 16:52:48.190  4870  5404 I System.out: name=com.dragon.android.pandaspace  versioncode=16786356
02-18 16:52:48.200  4870  5404 I System.out: name=com.android.systemui  versioncode=21
02-18 16:52:48.210  4870  5404 I System.out: name=com.android.phone  versioncode=21
02-18 16:52:48.220  4870  5404 I System.out: name=com.android.providers.calendar  versioncode=21
02-18 16:52:48.220  4870  5404 I System.out: name=com.android.webview  versioncode=199992
02-18 16:52:48.230  4870  5404 I System.out: name=com.android.certinstaller  versioncode=21
02-18 16:52:48.240  4870  5404 I System.out: name=android  versioncode=21
02-18 16:52:48.240  4870  5404 I System.out: name=com.huawei.phoneservice  versioncode=131010
02-18 16:52:48.250  4870  5404 I System.out: name=com.thinksky.itools.markets  versioncode=20141112
02-18 16:52:48.260  4870  5404 I System.out: name=com.android.providers.telephony  versioncode=21
02-18 16:52:48.270  4870  5404 I System.out: name=com.google.android.webview  versioncode=111201
02-18 16:52:48.280  4870  5404 I System.out: name=com.android.providers.downloads  versioncode=21
02-18 16:52:48.290  4870  5404 I System.out: name=com.EIM.test  versioncode=32
02-18 16:52:48.300  4870  5404 I System.out: name=ctrip.android.view  versioncode=54
02-18 16:52:48.320  4870  5404 I System.out: name=com.google.android.gsf  versioncode=21
02-18 16:52:48.330  4870  5404 I System.out: name=androidhwext  versioncode=21
02-18 16:52:48.340  4870  5404 I System.out: name=com.huawei.android.pushagent  versioncode=2555
02-18 16:52:48.340  4870  5404 I System.out: name=com.ijinshan.browser_fast  versioncode=309000
02-18 16:52:48.360  4870  5404 I System.out: name=com.huawei.vassistant  versioncode=66106
02-18 16:52:48.370  4870  5404 I System.out: name=com.huawei.hwvplayer  versioncode=1157
02-18 16:52:48.610  3125  3862 I art     : Explicit concurrent mark sweep GC freed 59072(3MB) AllocSpace objects, 9(180KB) LOS objects, 28% free, 39MB/55MB, paused 2.405ms total 232.797ms
02-18 16:52:48.610  4870  5404 I System.out: name=com.android.phone.common  versioncode=21
02-18 16:52:48.620  4870  5404 I System.out: name=com.android.htmlviewer  versioncode=21
02-18 16:52:48.630  4870  5404 I System.out: name=com.nd.assistance  versioncode=552
02-18 16:52:48.640  4870  5404 I System.out: name=com.iflytek.inputmethod.oem  versioncode=1541
02-18 16:52:48.640  4870  5404 W ResourceType: ResTable_typeSpec entry count inconsistent: given 1, previously 1445
02-18 16:52:48.650  4870  5404 I System.out: name=com.android.location.fused  versioncode=21
02-18 16:52:48.650  4870  5404 I System.out: name=com.android.supl  versioncode=2
02-18 16:52:48.660  4870  5404 I System.out: name=com.huawei.hidisk  versioncode=63100901
02-18 16:52:48.670  4870  5404 I System.out: name=com.android.providers.contacts  versioncode=30001
02-18 16:52:48.670  4870  5404 I System.out: name=cn.com.enersun.WorkHome  versioncode=1
02-18 16:52:48.680  4870  5404 I System.out: name=com.aspire.mm  versioncode=37
02-18 16:52:48.690  4870  5404 I System.out: name=com.vlife.huawei.wallpaper  versioncode=427
02-18 16:52:48.700  4870  5404 I System.out: name=com.huawei.ca  versioncode=1
02-18 16:52:48.700  4870  5404 I System.out: name=com.baidu.appsearch  versioncode=16784137
02-18 16:52:48.710  4870  5404 I System.out: name=com.huawei.lcagent  versioncode=11000
02-18 16:52:48.720  4870  5404 I System.out: name=com.whty.wicity.china  versioncode=1011
02-18 16:52:48.730  4870  5404 I System.out: name=com.shuame.sprite  versioncode=352063
02-18 16:52:48.740  4870  5404 I System.out: name=com.android.musicvis  versioncode=21
02-18 16:52:48.750  4870  5404 I System.out: name=com.android.keyguard  versioncode=30000
02-18 16:52:48.760  4870  5404 I System.out: name=com.android.exchange  versioncode=3100027
02-18 16:52:48.770  4870  5404 I System.out: name=com.android.documentsui  versioncode=21
02-18 16:52:48.770  4870  5404 I System.out: name=com.android.phone.recorder  versioncode=1
02-18 16:52:48.780  4870  5404 I System.out: name=com.android.settings  versioncode=21
02-18 16:52:48.790  4870  5404 I System.out: name=com.huawei.portal  versioncode=1
02-18 16:52:48.800  4870  5404 I System.out: name=com.android.sharedstoragebackup  versioncode=21
02-18 16:52:48.810  4870  5404 I System.out: name=com.taobao.taobao  versioncode=96
02-18 16:52:48.820  4870  5404 I System.out: name=org.simalliance.openmobileapi.service  versioncode=5
02-18 16:52:48.830  4870  5404 I System.out: name=com.android.wallpapercropper  versioncode=21
02-18 16:52:48.830  4870  5404 I System.out: name=com.comtop.mim  versioncode=1
02-18 16:52:48.840  4870  5404 I System.out: name=com.qihoo.permmgr  versioncode=354
02-18 16:52:48.930  4870  5404 I art     : Explicit concurrent mark sweep GC freed 74357(2MB) AllocSpace objects, 1(16KB) LOS objects, 24% free, 24MB/32MB, paused 1.593ms total 75.951ms
02-18 16:52:48.940  4870  5404 I System.out: name=com.huawei.android.launcher  versioncode=63021
02-18 16:52:48.980  4870  5404 I System.out: name=com.baidu.BaiduMap  versioncode=481
02-18 16:52:49.030 21125 21165 I art     : Explicit concurrent mark sweep GC freed 12204(418KB) AllocSpace objects, 0(0B) LOS objects, 25% free, 19MB/26MB, paused 715us total 36.589ms
02-18 16:52:49.030  4870  5404 I System.out: name=com.android.incallui  versioncode=21
02-18 16:52:49.040  4870  5404 I System.out: name=com.svox.pico  versioncode=1
02-18 16:52:49.050  4870  5404 I System.out: name=com.huawei.phonediagnose  versioncode=131000
02-18 16:52:49.060  4870  5404 I System.out: name=com.baidu.searchbox  versioncode=16783887
02-18 16:52:49.070  4870  5404 I System.out: name=com.huawei.android.hwaps  versioncode=20200
02-18 16:52:49.080  4870  5404 I System.out: name=com.huawei.motionservice  versioncode=91313
02-18 16:52:49.080  4870  5404 I System.out: name=com.qihoo360.mobilesafe  versioncode=241
02-18 16:52:49.090  4870  5404 I System.out: name=com.tencent.wstt.gt  versioncode=2202
02-18 16:52:49.100  4870  5404 I System.out: name=com.iflytek.speechcloud  versioncode=10054
02-18 16:52:49.110  4870  5404 I System.out: name=com.huawei.android.thememanager  versioncode=70102
02-18 16:52:49.120  4870  5404 I System.out: name=com.android.providers.settings  versioncode=21
02-18 16:52:49.130  4870  5404 I System.out: name=com.baidu.browser.apps  versioncode=72
02-18 16:52:49.140  4870  5404 I System.out: name=com.android.captiveportallogin  versioncode=21
02-18 16:52:49.150  4870  5404 I System.out: name=com.google.android.gms  versioncode=6599448
02-18 16:52:49.160  4870  5404 I System.out: name=com.huawei.camera  versioncode=1
02-18 16:52:49.170  4870  5404 I System.out: name=com.huawei.android.hwpay  versioncode=2011606
02-18 16:52:49.180  4870  5404 I System.out: name=com.huawei.android.FloatTasks  versioncode=1
02-18 16:52:49.190  4870  5404 I System.out: name=com.mgyun.shua.protector  versioncode=33
02-18 16:52:49.200  4870  5404 I System.out: name=com.alipay.mobile.scanx  versioncode=3
02-18 16:52:49.200  4870  5404 I System.out: name=com.tmall.wireless  versioncode=14
02-18 16:52:49.220  4870  5404 I System.out: name=com.mgyapp.android  versioncode=37
02-18 16:52:49.230  4870  5404 I System.out: name=com.huawei.android.karaokeeffect  versioncode=2
02-18 16:52:49.240  4870  5404 I System.out: name=com.android.pacprocessor  versioncode=21
02-18 16:52:49.250  4870  5404 I System.out: name=com.sogou.androidtool  versioncode=1355
02-18 16:52:49.270  4870  5404 I System.out: name=com.comtop.gva  versioncode=6944
02-18 16:52:49.280  4870  5404 I System.out: name=com.baidu.input_huawei  versioncode=69
02-18 16:52:49.290  4870  5404 I System.out: name=cn.emagsoftware.gamehall  versioncode=216
02-18 16:52:49.300  4870  5404 I System.out: name=com.qihoo.secstore  versioncode=202002600
02-18 16:52:49.330  4870  5404 I System.out: name=com.thinksky.itools  versioncode=34
02-18 16:52:49.340  4870  5404 I System.out: name=com.baidu.map.location  versioncode=30
02-18 16:52:49.350  4870  5404 I System.out: name=com.huawei.bd  versioncode=110
02-18 16:52:49.350  4870  5404 I System.out: name=com.huawei.android.powermonitor  versioncode=156
02-18 16:52:49.360  4870  5404 I System.out: name=com.huawei.mmifunction  versioncode=1
02-18 16:52:49.370  4870  5404 I System.out: name=com.android.deskclock  versioncode=6101
02-18 16:52:49.380  4870  5404 I System.out: name=com.huawei.internetaudioservice  versioncode=21
02-18 16:52:49.390  4870  5404 I System.out: name=com.android.wallpaper.holospiral  versioncode=21
02-18 16:52:49.390  4870  5404 I System.out: name=com.comtop.eim  versioncode=9607
02-18 16:52:49.400  4870  5404 I System.out: name=com.huawei.android.internal.app  versioncode=21
02-18 16:52:49.410  4870  5404 I System.out: name=com.vmall.client  versioncode=26
02-18 16:52:49.420  4870  5404 I System.out: name=com.sohu.inputmethod.sogou  versioncode=480
02-18 16:52:49.430  4870  5404 I System.out: name=com.huawei.intelligent  versioncode=1
02-18 16:52:49.440  4870  5404 I System.out: name=com.youba.barcode  versioncode=24
02-18 16:52:49.450  4870  5404 W ResourceType: ResTable_typeSpec entry count inconsistent: given 1, previously 1445
02-18 16:52:49.450  4870  5404 I System.out: name=com.android.mms.service  versioncode=21
02-18 16:52:49.460  4870  5404 I System.out: name=com.tudou.android  versioncode=45
02-18 16:52:49.470  4870  5404 I System.out: name=com.android.providers.media  versioncode=730
02-18 16:52:49.480  4870  5404 I System.out: name=com.huawei.android.FMRadio  versioncode=6101
02-18 16:52:49.500  4870  5404 I System.out: name=cn.cj.pe  versioncode=20140901
02-18 16:52:49.500  3125  3426 E WifiStateMachine:  ConnectedState !CMD_RSSI_POLL 26 0 "wifi-comtop" 04:18:d6:22:1a:c4 rssi=-54 f=2437 sc=100 link=72 tx=4.8, 0.0, 0.0  rx=45.8 bcn=0 [on:0 tx:0 rx:0 period:3005] from screen [on:0 period:-208343834] gl u24 rssi=-54 ag=0 hr ticks 0,0,0 ls-=0 [56,56,56,56,61] brc=0 lrc=0
02-18 16:52:49.510  3125  3426 E WifiStateMachine:  L2ConnectedState !CMD_RSSI_POLL 26 0 "wifi-comtop" 04:18:d6:22:1a:c4 rssi=-54 f=2437 sc=100 link=72 tx=4.8, 0.0, 0.0  rx=45.8 bcn=0 [on:0 tx:0 rx:0 period:2] from screen [on:0 period:-208343832] gl u24 rssi=-54 ag=0 hr ticks 0,0,0 ls-=0 [56,56,56,56,61] brc=0 lrc=0
02-18 16:52:49.510  3125  3426 E WifiStateMachine: fetchRssiLinkSpeedAndFrequencyNative rssi=-55 linkspeed=72 SSID="wifi-comtop"
02-18 16:52:49.510  3125  3426 E WifiStateMachine: calculateWifiScore freq=2437 speed=72 score=100 highRSSI  -> txbadrate=0.00 txgoodrate=2.38 txretriesrate=0.00 rxrate=48.39 userTriggerdPenalty0
02-18 16:52:49.510  3125  3426 E WifiStateMachine:  good link -> stuck count =0
02-18 16:52:49.510  3125  3426 E WifiStateMachine:  badRSSI count0 lowRSSI count0 --> score 56
02-18 16:52:49.510  3125  3426 E WifiStateMachine:  isHighRSSI       ---> score=61
02-18 16:52:49.510  4870  5404 I System.out: name=com.huawei.hwid  versioncode=1501
02-18 16:52:49.520  4870  5404 I System.out: name=com.qitu.market  versioncode=1170
02-18 16:52:49.530  4870  5404 I System.out: name=com.storm.market  versioncode=140
02-18 16:52:49.550  4870  5404 I System.out: name=com.android.soundrecorder  versioncode=6130
02-18 16:52:49.560  4870  5404 I System.out: name=com.founder.poetry  versioncode=6
02-18 16:52:49.570  4870  5404 I System.out: name=com.huawei.android.dsdscardmanager  versioncode=3050
02-18 16:52:49.590  4870  5404 I System.out: name=com.android.browser  versioncode=21
02-18 16:52:49.600  4870  5404 I System.out: name=com.android.stk  versioncode=21
02-18 16:52:49.610  4870  5404 I System.out: name=com.huawei.magnifier  versioncode=1
02-18 16:52:49.620  4870  5404 I System.out: name=com.google.android.gsf.login  versioncode=21
02-18 16:52:49.770  4870  5433 I art     : Explicit concurrent mark sweep GC freed 74626(2MB) AllocSpace objects, 3(48KB) LOS objects, 24% free, 24MB/32MB, paused 1.200ms total 76.326ms
02-18 16:52:49.820 21125 21145 I art     : Explicit concurrent mark sweep GC freed 8843(288KB) AllocSpace objects, 2(32KB) LOS objects, 25% free, 19MB/26MB, paused 683us total 35.020ms
02-18 16:52:50.270  4083  4083 I HwSystemManager: InputMethodStringPredicate:InputMethodStringPredicate :: inputMethods = [com.sohu.inputmethod.sogou, .SogouIME, com.android.inputmethod.latin]
02-18 16:52:50.280  4083  4083 I HwSystemManager: LauncherPredicate:get default launcher is null, set hwlauncher
02-18 16:52:50.290  4083  4083 I HwSystemManager: InputMethodStringPredicate:InputMethodStringPredicate :: inputMethods = [com.sohu.inputmethod.sogou, .SogouIME, com.android.inputmethod.latin]
02-18 16:52:50.300  4083  4083 I HwSystemManager: LauncherPredicate:get default launcher is null, set hwlauncher
02-18 16:52:50.300  4083  4083 I HwSystemManager: SMCSFilerBase:mFilterType=1
02-18 16:52:50.300  4083  4083 I HwSystemManager: SmartMemoryCleanService:SMCSDataManager.checkAvailMemory.: availMem 567656448 [332800000,437657600,542515200]
02-18 16:52:50.300  4083  4083 I HwSystemManager: SmartMemoryCleanService:SMCSFilerType1.filterTrimProcessBlacklist: begin blacklist filter.
02-18 16:52:50.300  4083  4083 I HwSystemManager: SmartMemoryCleanService:checkProcPkgs called
02-18 16:52:50.300  4083  4083 I HwSystemManager: SmartMemoryCleanService:hasPredicatePkgs :: pkg = com.qihoo.appstore
02-18 16:52:50.300  4083  4083 I HwSystemManager: SmartMemoryCleanService:SMCSFilerType1.filterTrimProcessBlacklist:  process com.qihoo.daemon is still in the blacklist and should be trimed:
02-18 16:52:50.300  4083  4083 I HwSystemManager: STProcessRecord: 
02-18 16:52:50.300  4083  4083 I HwSystemManager:     processName: com.qihoo.daemon
02-18 16:52:50.300  4083  4083 I HwSystemManager:     curAdj 8
02-18 16:52:50.300  4083  4083 I HwSystemManager:     pkgs: [com.qihoo.appstore]
02-18 16:52:50.300  4083  4083 I HwSystemManager:     uid 10130
02-18 16:52:50.300  4083  4083 I HwSystemManager:     pid 21125
02-18 16:52:50.300  4083  4083 I HwSystemManager: SmartMemoryCleanService:checkProcPkgs called
02-18 16:52:50.300  4083  4083 I HwSystemManager: SmartMemoryCleanService:hasPredicatePkgs :: pkg = com.qihoo.appstore
02-18 16:52:50.300  4083  4083 I HwSystemManager: SmartMemoryCleanService:SMCSFilerType1.filterTrimProcessBlacklist:  process com.qihoo.appstore is still in the blacklist and should be trimed:
02-18 16:52:50.300  4083  4083 I HwSystemManager: STProcessRecord: 
02-18 16:52:50.300  4083  4083 I HwSystemManager:     processName: com.qihoo.appstore
02-18 16:52:50.300  4083  4083 I HwSystemManager:     curAdj 5
02-18 16:52:50.300  4083  4083 I HwSystemManager:     pkgs: [com.qihoo.appstore]
02-18 16:52:50.300  4083  4083 I HwSystemManager:     uid 10130
02-18 16:52:50.300  4083  4083 I HwSystemManager:     pid 4870
02-18 16:52:50.300  4083  4083 I HwSystemManager: SmartMemoryCleanService:checkProcPkgs called
02-18 16:52:50.300  4083  4083 I HwSystemManager: SmartMemoryCleanService:hasPredicatePkgs :: pkg = com.qihoo.appstore
02-18 16:52:50.300  4083  4083 I HwSystemManager: SmartMemoryCleanService:SMCSFilerType1.filterTrimProcessBlacklist:  process com.qihoo.appstore:PluginP01 is still in the blacklist and should be trimed:
02-18 16:52:50.300  4083  4083 I HwSystemManager: STProcessRecord: 
02-18 16:52:50.300  4083  4083 I HwSystemManager:     processName: com.qihoo.appstore:PluginP01
02-18 16:52:50.300  4083  4083 I HwSystemManager:     curAdj 5
02-18 16:52:50.300  4083  4083 I HwSystemManager:     pkgs: [com.qihoo.appstore]
02-18 16:52:50.300  4083  4083 I HwSystemManager:     uid 10130
02-18 16:52:50.300  4083  4083 I HwSystemManager:     pid 31351
02-18 16:52:50.300  4083  4083 I HwSystemManager: SmartMemoryCleanService:checkProcPkgs called
02-18 16:52:50.300  4083  4083 I HwSystemManager: SmartMemoryCleanService:hasPredicatePkgs :: pkg = com.qihoo.appstore
02-18 16:52:50.300  4083  4083 I HwSystemManager: SmartMemoryCleanService:SMCSFilerType1.filterTrimProcessBlacklist:  process com.qihoo.appstore:PluginP06 is still in the blacklist and should be trimed:
02-18 16:52:50.300  4083  4083 I HwSystemManager: STProcessRecord: 
02-18 16:52:50.300  4083  4083 I HwSystemManager:     processName: com.qihoo.appstore:PluginP06
02-18 16:52:50.300  4083  4083 I HwSystemManager:     curAdj 8
02-18 16:52:50.300  4083  4083 I HwSystemManager:     pkgs: [com.qihoo.appstore]
02-18 16:52:50.300  4083  4083 I HwSystemManager:     uid 10130
02-18 16:52:50.300  4083  4083 I HwSystemManager:     pid 19032
02-18 16:52:50.300  4083  4083 I HwSystemManager: SmartMemoryCleanService:SMCSFilerType1.filterTrimProcessBlacklist: end blacklist filter.
02-18 16:52:50.300  4083  4083 I HwSystemManager: SmartMemoryCleanService:SMCSFilterTypeCondiForce.filterTrimProcessFirst: begin fist filter.
02-18 16:52:50.300  4083  4083 I HwSystemManager: SmartMemoryCleanService:checkProcPkgs called
02-18 16:52:50.300  4083  4083 I HwSystemManager: SmartMemoryCleanService:SMCSFilerBase.checkProcPkg:  package com.huawei.android.launcher is not in the trim list.
02-18 16:52:50.300  4083  4083 I HwSystemManager: SmartMemoryCleanService:checkProcPkgs called
02-18 16:52:50.300  4083  4083 I HwSystemManager: SmartMemoryCleanService:SMCSFilerBase.checkProcPkg:  package com.comtop.eim has notification.
02-18 16:52:50.300  4083  4083 I HwSystemManager: SmartMemoryCleanService:checkProcPkgs called
02-18 16:52:50.300  4083  4083 I HwSystemManager: SmartMemoryCleanService:SMCSFilerBase.checkProcPkg:  package com.comtop.eim has notification.
02-18 16:52:50.300  4083  4083 I HwSystemManager: SmartMemoryCleanService:checkProcPkgs called
02-18 16:52:50.300  4083  4083 I HwSystemManager: SmartMemoryCleanService:SMCSFilerBase.checkProcPkg:  package com.android.settings is not in the trim list.
02-18 16:52:50.300  4083  4083 I HwSystemManager: SmartMemoryCleanService:checkProcPkgs called
02-18 16:52:50.300  4083  4083 I HwSystemManager: SmartMemoryCleanService:SMCSFilerBase.checkProcPkg:  package com.google.android.gms is not in the trim list.
02-18 16:52:50.300  4083  4083 I HwSystemManager: SmartMemoryCleanService:checkProcPkgs called
02-18 16:52:50.300  4083  4083 I HwSystemManager: SmartMemoryCleanService:SMCSFilerBase.checkProcPkg:  package com.android.providers.userdictionary is not in the trim list.
02-18 16:52:50.300  4083  4083 I HwSystemManager: SmartMemoryCleanService:checkProcPkgs called
02-18 16:52:50.300  4083  4083 I HwSystemManager: SmartMemoryCleanService:SMCSFilerBase.checkProcPkg:  package com.huawei.systemmanager is not in the trim list.
02-18 16:52:50.300  4083  4083 I HwSystemManager: SmartMemoryCleanService:checkProcPkgs called
02-18 16:52:50.300  4083  4083 I HwSystemManager: SmartMemoryCleanService:SMCSFilerBase.checkProcPkg:  package com.huawei.android.karaokeeffect is not in the trim list.
02-18 16:52:50.300  4083  4083 I HwSystemManager: SmartMemoryCleanService:checkProcPkgs called
02-18 16:52:50.300  4083  4083 I HwSystemManager: SmartMemoryCleanService:hasPredicatePkgs :: pkg = com.sohu.inputmethod.sogou
02-18 16:52:50.300  4083  4083 I HwSystemManager: InputMethodStringPredicate:InputMethodStringPredicate :: getPackageName = com.sohu.inputmethod.sogou
02-18 16:52:50.300  4083  4083 I HwSystemManager: SmartMemoryCleanService:SMCSFilerBase.hasPredicatePkgs:  pkg  com.sohu.inputmethod.sogou
02-18 16:52:50.300  4083  4083 I HwSystemManager: SmartMemoryCleanService:checkProcPkgs called
02-18 16:52:50.300  4083  4083 I HwSystemManager: SmartMemoryCleanService:SMCSFilerBase.checkProcPkg:  package com.huawei.android.totemweather is not in the trim list.
02-18 16:52:50.300  4083  4083 I HwSystemManager: SmartMemoryCleanService:checkProcPkgs called
02-18 16:52:50.300  4083  4083 I HwSystemManager: SmartMemoryCleanService:SMCSFilerBase.checkProcPkg:  package com.huawei.motionservice is not in the trim list.
02-18 16:52:50.300  4083  4083 I HwSystemManager: SmartMemoryCleanService:checkProcPkgs called
02-18 16:52:50.300  4083  4083 I HwSystemManager: SmartMemoryCleanService:SMCSFilerBase.checkProcPkg:  package com.android.providers.media is not in the trim list.
02-18 16:52:50.300  4083  4083 I HwSystemManager: SmartMemoryCleanService:checkProcPkgs called
02-18 16:52:50.300  4083  4083 I HwSystemManager: SmartMemoryCleanService:SMCSFilerBase.checkProcPkg:  package com.huawei.android.airsharing is not in the trim list.
02-18 16:52:50.300  4083  4083 I HwSystemManager: SmartMemoryCleanService:checkProcPkgs called
02-18 16:52:50.300  4083  4083 I HwSystemManager: SmartMemoryCleanService:SMCSFilerBase.checkProcPkg:  package com.cootek.smartdialer_oem_module is not in the trim list.
02-18 16:52:50.300  4083  4083 I HwSystemManager: SmartMemoryCleanService:checkProcPkgs called
02-18 16:52:50.300  4083  4083 I HwSystemManager: SmartMemoryCleanService:SMCSFilerBase.checkProcPkg:  package com.huawei.bd is not in the trim list.
02-18 16:52:50.300  4083  4083 I HwSystemManager: SmartMemoryCleanService:checkProcPkgs called
02-18 16:52:50.300  4083  4083 I HwSystemManager: SmartMemoryCleanService:SMCSFilerBase.checkProcPkg:  package com.huawei.android.pushagent is not in the trim list.
02-18 16:52:50.300  4083  4083 I HwSystemManager: SmartMemoryCleanService:checkProcPkgs called
02-18 16:52:50.300  4083  4083 I HwSystemManager: SmartMemoryCleanService:SMCSFilerBase.checkProcPkg:  package com.google.android.gms is not in the trim list.
02-18 16:52:50.300  4083  4083 I HwSystemManager: SmartMemoryCleanService:checkProcPkgs called
02-18 16:52:50.300  4083  4083 I HwSystemManager: SmartMemoryCleanService:SMCSFilerBase.checkProcPkg:  pkg  com.comtop.mim has been used.
02-18 16:52:50.300  4083  4083 I HwSystemManager: SmartMemoryCleanService:checkProcPkgs called
02-18 16:52:50.300  4083  4083 I HwSystemManager: SmartMemoryCleanService:SMCSFilerBase.checkProcPkg:  package android is not in the trim list.
02-18 16:52:50.300  4083  4083 I HwSystemManager: SmartMemoryCleanService:SMCSFilerType1.filterTrimProcessFirst: end fist filter.
02-18 16:52:50.300  4083  4083 I HwSystemManager: SmartMemoryCleanService:SMCSTrimer.dumpGotProcessRelations: process com.qihoo.appstore has relations: 
02-18 16:52:50.300  4083  4083 I HwSystemManager: SmartMemoryCleanService:SMCSTrimer.dumpGotProcessRelations: process com.qihoo.appstore has relations: 
02-18 16:52:50.300  4083  4083 I HwSystemManager: com.qihoo.secstore.com.qihoo.daemon
02-18 16:52:50.300  4870  5433 I art     : Explicit concurrent mark sweep GC freed 26273(1098KB) AllocSpace objects, 1(12KB) LOS objects, 24% free, 24MB/32MB, paused 1.340ms total 61.599ms
02-18 16:52:50.410  2324  2324 E Thermal-daemon: [charger_ic] temp_new :33  temp_old :34
02-18 16:52:50.430  4083  4587 I HwSystemManager: BgPowerManagerService:onProcessDied uid = 10130
02-18 16:52:50.430  4083  4587 I HwSystemManager: NotificationListEditor:RemoveNotifyList []
02-18 16:52:50.430  4083  4803 I HwSystemManager: HoldService:uid:10130 pid:21125 died
02-18 16:52:50.430  4083  4803 I HwSystemManager: HoldService:key:10130,21125
02-18 16:52:50.430  3125  3862 E HsmCoreServiceImpl: onTransact in code is: 102
02-18 16:52:50.430  3125  3862 I MediaProcessHandler: processOp opType: 1, uid: 10130, pid: 21125
02-18 16:52:50.430  3125  3862 W MediaProcessHandler: remove target not exist, maybe the UI process: uid: 10130, pid: 21125
02-18 16:52:50.450  4083  4103 I HwSystemManager: HoldService:checkBeforeShowDialog: uid:10110 pid:19735, permissionType:4
02-18 16:52:50.450  4083  4103 I HwSystemManager: OverseaCfgHelper:permissionStatus is 0
02-18 16:52:50.490  4083  4103 I HwSystemManager: ShareLib:pkgNameList:1
02-18 16:52:50.490  4083  4103 I HwSystemManager: ShareLib:getApplication pkgName:com.wandoujia.phoenix2.usbproxy
02-18 16:52:50.500  4083  4103 I HwSystemManager: ShareLib:getAppInfo the final pkgName:com.wandoujia.phoenix2.usbproxy
02-18 16:52:50.500  4083  4103 I HwSystemManager: ShareLib:getAppInfo time consume:2
02-18 16:52:50.500  4083  4103 I HwSystemManager: ShareLib:getAppInfoByUidAndPid time consume:47
02-18 16:52:50.500  4083  4103 I HwSystemManager: HoldService:preHoldShow start!
02-18 16:52:50.500  4083  4103 I HwSystemManager: HoldService:The prePermissionType is: 1
02-18 16:52:50.690 21402 21402 I art     : Can not find class: Lcom/android/internal/policy/PhoneWindow$WindowManagerHolder;
02-18 16:52:50.740  3125  3426 E WifiStateMachine:  ConnectedState !CMD_START_SCAN -2 -2 ic=981 proc(ms):1 dur:282 rssi=-55 f=2437 sc=100 link=72 tx=2.4, 0.0, 0.0  rx=48.4 fiv=30000 [on:0 tx:0 rx:0 period:1226] from screen [on:0 period:-208342602]
02-18 16:52:50.740  3125  3426 E WifiStateMachine:  L2ConnectedState !CMD_START_SCAN -2 -2 ic=981 proc(ms):2 dur:282 rssi=-55 f=2437 sc=100 link=72 tx=2.4, 0.0, 0.0  rx=48.4 fiv=30000 [on:0 tx:0 rx:0 period:1] from screen [on:0 period:-208342601]
02-18 16:52:50.740  3125  3426 E WifiStateMachine: WifiStateMachine CMD_START_SCAN source -2 txSuccessRate=2.38 rxSuccessRate=48.39 targetRoamBSSID=04:18:d6:22:1a:c4 RSSI=-55
02-18 16:52:50.740  3125  3426 E WifiStateMachine: WifiStateMachine CMD_START_SCAN with age=299990 interval=30000 maxinterval=300000
02-18 16:52:50.740  3125  3426 E WifiStateMachine: WifiStateMachine CMD_START_SCAN try full band scan age=299990 interval=30000 maxinterval=300000
02-18 16:52:50.740  3125  3426 E WifiStateMachine: WifiStateMachine CMD_START_SCAN prevent full band scan due to pkt rate
02-18 16:52:50.740  3125  3426 E WifiStateMachine: WifiStateMachine CMD_START_SCAN full=false
02-18 16:52:50.930  3125  3838 I art     : Explicit concurrent mark sweep GC freed 13604(759KB) AllocSpace objects, 0(0B) LOS objects, 28% free, 39MB/55MB, paused 2.226ms total 228.480ms
02-18 16:52:50.950 21402 21402 I MultiDex: VM with version 2.1.0 has multidex support
02-18 16:52:51.390 25290 25290 I wpa_supplicant: wlan0: HEART-BEAT-ACK: 602
02-18 16:52:51.390  3125 25307 E WifiMonitor: WifiMonitor:wlan0 cnt=5007 dispatchEvent: HEART-BEAT-ACK: 602
02-18 16:52:51.390  3125  3426 E WifiStateMachine:  ConnectedState !what:147506 0 0
02-18 16:52:51.390  3125  3426 E WifiStateMachine:  L2ConnectedState !what:147506 0 0
02-18 16:52:51.390  3125  3426 E WifiStateMachine:  ConnectModeState !what:147506 0 0
02-18 16:52:51.390  3125  3426 E WifiStateMachine:  DriverStartedState !what:147506 0 0
02-18 16:52:51.390  3125  3426 E WifiStateMachine:  SupplicantStartedState !what:147506 0 0
02-18 16:52:51.480 21402 21450 I art     : Explicit concurrent mark sweep GC freed 106248(5MB) AllocSpace objects, 6(96KB) LOS objects, 24% free, 19MB/25MB, paused 1.384ms total 61.490ms
02-18 16:52:51.550  4870  5433 I art     : Explicit concurrent mark sweep GC freed 22290(889KB) AllocSpace objects, 1(18KB) LOS objects, 24% free, 24MB/32MB, paused 1.101ms total 62.573ms
02-18 16:52:51.660 12998 12998 I View    : ssignParent(ViewParent parent) parent is: null
02-18 16:52:51.670 12998 12998 I View    : ssignParent(ViewParent parent) parent is: null
02-18 16:52:51.870  4870  5433 I System  : core_booster, getBoosterConfig = false
02-18 16:52:52.510  3125  3426 E WifiStateMachine:  ConnectedState !CMD_RSSI_POLL 26 0 "wifi-comtop" 04:18:d6:22:1a:c4 rssi=-55 f=2437 sc=100 link=72 tx=2.4, 0.0, 0.0  rx=48.4 bcn=0 [on:0 tx:0 rx:0 period:1773] from screen [on:0 period:-208340827] gl u24 rssi=-55 ag=0 hr ticks 0,0,0 ls-=0 [56,56,56,56,61] brc=0 lrc=0
02-18 16:52:52.510  3125  3426 E WifiStateMachine:  L2ConnectedState !CMD_RSSI_POLL 26 0 "wifi-comtop" 04:18:d6:22:1a:c4 rssi=-55 f=2437 sc=100 link=72 tx=2.4, 0.0, 0.0  rx=48.4 bcn=0 [on:0 tx:0 rx:0 period:1] from screen [on:0 period:-208340826] gl u24 rssi=-55 ag=0 hr ticks 0,0,0 ls-=0 [56,56,56,56,61] brc=0 lrc=0
02-18 16:52:52.510  3125  3426 E WifiStateMachine: fetchRssiLinkSpeedAndFrequencyNative rssi=-56 linkspeed=72 SSID="wifi-comtop"
02-18 16:52:52.520  3125  3426 E WifiStateMachine: calculateWifiScore freq=2437 speed=72 score=100 highRSSI  -> txbadrate=0.00 txgoodrate=11.19 txretriesrate=0.00 rxrate=61.69 userTriggerdPenalty0
02-18 16:52:52.520  3125  3426 E WifiStateMachine:  good link -> stuck count =0
02-18 16:52:52.520  3125  3426 E WifiStateMachine:  badRSSI count0 lowRSSI count0 --> score 60
02-18 16:52:52.520  3125  3426 E WifiStateMachine:  isHighRSSI       ---> score=65
02-18 16:52:52.530  4870 11673 I System  : core_booster, getBoosterConfig = false
02-18 16:52:52.630 12998 12998 I View    : ssignParent(ViewParent parent) parent is: com.comtop.mobile.view.pulllistview.PullToRefreshListView$InternalListView{216cc8a4 VFED.VC. .F...... 0,0-720,929 #7f0a02d6 app:id/pull_to_refresh_listview}
02-18 16:52:52.690 12998 12998 I View    : ssignParent(ViewParent parent) parent is: com.comtop.mobile.view.pulllistview.PullToRefreshListView$InternalListView{216cc8a4 VFED.VC. .F....ID 0,0-720,929 #7f0a02d6 app:id/pull_to_refresh_listview}
02-18 16:52:52.740 12998 12998 I View    : ssignParent(ViewParent parent) parent is: com.comtop.mobile.view.pulllistview.PullToRefreshListView$InternalListView{216cc8a4 VFED.VC. .F....ID 0,0-720,929 #7f0a02d6 app:id/pull_to_refresh_listview}
02-18 16:52:52.810 12998 12998 I View    : ssignParent(ViewParent parent) parent is: com.comtop.mobile.view.pulllistview.PullToRefreshListView$InternalListView{216cc8a4 VFED.VC. .F....ID 0,0-720,929 #7f0a02d6 app:id/pull_to_refresh_listview}
02-18 16:52:54.000 21402 21441 I art     : Can not find class: Lcom/qihoo360/mobilesafe/telephonyfactory/DualModuleImpl;
02-18 16:52:54.000 21402 21441 I art     : Can not find class: Lcom/qihoo360/mobilesafe/dualphonesdk/eb;
02-18 16:52:54.000 21402 21441 I art     : Can not find class: Lcom/qihoo360/mobilesafe/dualphonesdk/ea;
02-18 16:52:54.000 21402 21441 I art     : Can not find class: Lcom/qihoo360/mobilesafe/dual/IHostAppUtils;
02-18 16:52:54.000 21402 21441 I art     : Can not find class: Lcom/qihoo360/mobilesafe/dualphonesdk/dz;
02-18 16:52:54.010 21402 21441 I art     : Can not find class: Lcom/qihoo360/mobilesafe/dual/IHostAppUtils;
02-18 16:52:54.010 21402 21441 I art     : Can not find class: Lcom/qihoo360/mobilesafe/dualphonesdk/ed;
02-18 16:52:54.010 21402 21441 I art     : Can not find class: Landroid/support/v4/content/LocalBroadcastManager;
02-18 16:52:54.010 21402 21441 I art     : Can not find class: Lcom/qihoo360/mobilesafe/dualphonesdk/ef;
02-18 16:52:54.010 21402 21441 I art     : Can not find class: Lcom/qihoo360/mobilesafe/dualphonesdk/ec;
02-18 16:52:54.010 21402 21441 I art     : Can not find class: Lcom/qihoo360/mobilesafe/dualphonesdk/ee;
02-18 16:52:54.010 21402 21441 I art     : Can not find class: Lcom/qihoo360/mobilesafe/dualphonesdk/eb$a;
02-18 16:52:54.020 21402 21441 I art     : Can not find class: Lcom/qihoo360/mobilesafe/dualphonesdk/ef$a;
02-18 16:52:54.020 21402 21441 I art     : Can not find class: Lcom/qihoo360/mobilesafe/dualphonesdk/eg;
02-18 16:52:54.030 21402 21441 I art     : Can not find class: Lcom/mediatek/common/telephony/ITelephonyEx;
02-18 16:52:54.030 21402 21441 I art     : Can not find class: Lcom/qihoo360/mobilesafe/dualphonesdk/dy;
02-18 16:52:54.040 21402 21441 I art     : Can not find class: Lcom/qihoo360/mobilesafe/dualphonesdk/dv;
02-18 16:52:54.040 21402 21441 I art     : Can not find class: Lcom/qihoo360/mobilesafe/dualphonesdk/bb;
02-18 16:52:54.040 21402 21441 I art     : Can not find class: Lcom/qihoo360/mobilesafe/dualphonesdk/ax;
02-18 16:52:54.040 21402 21441 I art     : Can not find class: Lcom/qihoo360/mobilesafe/dualphonesdk/an;
02-18 16:52:54.040 21402 21441 I art     : Can not find class: Lcom/qihoo360/mobilesafe/dualphonesdk/ak;
02-18 16:52:54.040 21402 21441 I art     : Can not find class: Lcom/qihoo360/mobilesafe/dualphonesdk/aj;
02-18 16:52:54.040 21402 21441 I art     : Can not find class: Lcom/qihoo360/mobilesafe/dualphonesdk/ag;
02-18 16:52:54.040 21402 21441 I art     : Can not find class: Lcom/qihoo360/mobilesafe/dualphonesdk/af;
02-18 16:52:54.040 21402 21441 I art     : Can not find class: Lcom/qihoo360/mobilesafe/dualphonesdk/ab;
02-18 16:52:54.040 21402 21441 I art     : Can not find class: Lcom/qihoo360/mobilesafe/dualphonesdk/cf;
02-18 16:52:54.040 21402 21441 I art     : Can not find class: Lcom/qihoo360/mobilesafe/dualphonesdk/cb;
02-18 16:52:54.040 21402 21441 I art     : Can not find class: Lcom/qihoo360/mobilesafe/dualphonesdk/du;
02-18 16:52:54.040 21402 21441 I art     : Can not find class: Lcom/qihoo360/mobilesafe/dualphonesdk/dp;
02-18 16:52:54.040 21402 21441 I art     : Can not find class: Lcom/qihoo360/mobilesafe/dualphonesdk/bt;
02-18 16:52:54.040 21402 21441 I art     : Can not find class: Lcom/qihoo360/mobilesafe/dualphonesdk/bm;
02-18 16:52:54.040 21402 21441 I art     : Can not find class: Lcom/qihoo360/mobilesafe/dualphonesdk/bz;
02-18 16:52:54.040 21402 21441 I art     : Can not find class: Lcom/qihoo360/mobilesafe/dualphonesdk/bv;
02-18 16:52:54.040 21402 21441 I art     : Can not find class: Lcom/qihoo360/mobilesafe/dualphonesdk/dj;
02-18 16:52:54.040 21402 21441 I art     : Can not find class: Lcom/qihoo360/mobilesafe/dualphonesdk/df;
02-18 16:52:54.040 21402 21441 I art     : Can not find class: Lcom/qihoo360/mobilesafe/dualphonesdk/de;
02-18 16:52:54.050 21402 21441 I art     : Can not find class: Lcom/qihoo360/mobilesafe/dualphonesdk/cz;
02-18 16:52:54.050 21402 21441 I art     : Can not find class: Lcom/qihoo360/mobilesafe/dualphonesdk/cy;
02-18 16:52:54.050 21402 21441 I art     : Can not find class: Lcom/qihoo360/mobilesafe/dualphonesdk/cs;
02-18 16:52:54.050 21402 21441 I art     : Can not find class: Lcom/qihoo360/mobilesafe/dualphonesdk/cr;
02-18 16:52:54.050 21402 21441 I art     : Can not find class: Lcom/qihoo360/mobilesafe/dualphonesdk/cn;
02-18 16:52:54.050 21402 21441 I art     : Can not find class: Lcom/qihoo360/mobilesafe/dualphonesdk/cm;
02-18 16:52:54.050 21402 21441 I art     : Can not find class: Lcom/qihoo360/mobilesafe/dualphonesdk/cg;
02-18 16:52:54.050 21402 21441 I art     : Can not find class: Lcom/qihoo360/mobilesafe/dualphonesdk/aw;
02-18 16:52:54.050 21402 21441 I art     : Can not find class: Lcom/qihoo360/mobilesafe/dualphonesdk/at;
02-18 16:52:54.050 21402 21441 I art     : Can not find class: Lcom/qihoo360/mobilesafe/dualphonesdk/bl;
02-18 16:52:54.050 21402 21441 I art     : Can not find class: Lcom/qihoo360/mobilesafe/dualphonesdk/bj;
02-18 16:52:54.050 21402 21441 I art     : Can not find class: Lcom/qihoo360/mobilesafe/dualphonesdk/bi;
02-18 16:52:54.050 21402 21441 I art     : Can not find class: Lcom/qihoo360/mobilesafe/dualphonesdk/bc;
02-18 16:52:54.060 21402 21441 I art     : Can not find class: Lcom/qihoo360/mobilesafe/dualphonesdk/as;
02-18 16:52:54.060 21402 21441 I art     : Can not find class: Lcom/qihoo360/mobilesafe/dualphonesdk/ao;
02-18 16:52:54.060 21402 21441 I art     : Can not find class: Lcom/qihoo360/mobilesafe/dualphonesdk/do;
02-18 16:52:54.060 21402 21441 I art     : Can not find class: Lcom/qihoo360/mobilesafe/dualphonesdk/dk;
02-18 16:52:54.060 21402 21441 I art     : Can not find class: Lcom/qihoo360/mobilesafe/dualphonesdk/s;
02-18 16:52:54.060 21402 21441 I art     : Can not find class: Lcom/qihoo360/mobilesafe/dualphonesdk/l;
02-18 16:52:54.060 21402 21441 I art     : Can not find class: Lcom/qihoo360/mobilesafe/dualphonesdk/z;
02-18 16:52:54.060 21402 21441 I art     : Can not find class: Lcom/qihoo360/mobilesafe/dualphonesdk/u;
02-18 16:52:54.070 21402 21441 I art     : Can not find class: Lcom/qihoo360/mobilesafe/dualphonesdk/t;
02-18 16:52:54.070 21402 21441 I art     : Can not find class: Lcom/qihoo360/mobilesafe/dualphonesdk/m;
02-18 16:52:54.070 21402 21441 I art     : Can not find class: Lcom/qihoo360/mobilesafe/dualphonesdk/n;
02-18 16:52:54.070 21402 21441 I art     : Can not find class: Lcom/qihoo360/mobilesafe/dualphonesdk/l$1;
02-18 16:52:54.080 21402 21441 I art     : Can not find class: Lcom/qihoo360/mobilesafe/dualphonesdk/l$a;
02-18 16:52:54.080 21402 21441 I art     : Can not find class: Lcom/qihoo360/mobilesafe/dualphonesdk/q;
02-18 16:52:54.080 21402 21441 I art     : Can not find class: Lcom/qihoo360/mobilesafe/dualphonesdk/p;
02-18 16:52:54.090 21402 21441 I art     : Can not find class: Lcom/qihoo360/mobilesafe/dualphonesdk/o;
02-18 16:52:54.100  4083  4102 I HwSystemManager: HoldService:checkBeforeShowDialog: uid:10130 pid:21402, permissionType:2
02-18 16:52:54.100  4083  4102 I HwSystemManager: OverseaCfgHelper:permissionStatus is 0
02-18 16:52:54.100  4083  4102 I HwSystemManager: ShareLib:pkgNameList:1
02-18 16:52:54.100  4083  4102 I HwSystemManager: ShareLib:getApplication pkgName:com.qihoo.appstore
02-18 16:52:54.100  4083  4102 I HwSystemManager: ShareLib:getAppInfo the final pkgName:com.qihoo.appstore
02-18 16:52:54.100  4083  4102 I HwSystemManager: ShareLib:getAppInfo time consume:2
02-18 16:52:54.100  4083  4102 I HwSystemManager: ShareLib:getAppInfoByUidAndPid time consume:4
02-18 16:52:54.100  4083  4102 I HwSystemManager: HoldService:preHoldShow start!
02-18 16:52:54.100  4083  4102 I HwSystemManager: HoldService:The prePermissionType is: 1
