02-18 16:53:10.470  4083  4083 I HwSystemManager: SmartMemoryCleanService:SMCSFilerType1.filterTrimProcessBlacklist:  process com.qihoo.appstore:PluginP01 is still in the blacklist and should be trimed:
02-18 16:53:10.470  4083  4083 I HwSystemManager: STProcessRecord: 
02-18 16:53:10.470  4083  4083 I HwSystemManager:     processName: com.qihoo.appstore:PluginP01
02-18 16:53:10.470  4083  4083 I HwSystemManager:     curAdj 5
02-18 16:53:10.470  4083  4083 I HwSystemManager:     pkgs: [com.qihoo.appstore]
02-18 16:53:10.470  4083  4083 I HwSystemManager:     uid 10130
02-18 16:53:10.470  4083  4083 I HwSystemManager:     pid 31351
02-18 16:53:10.470  4083  4083 I HwSystemManager: SmartMemoryCleanService:checkProcPkgs called
02-18 16:53:10.470  4083  4083 I HwSystemManager: SmartMemoryCleanService:hasPredicatePkgs :: pkg = com.qihoo.appstore
02-18 16:53:10.470  4083  4083 I HwSystemManager: SmartMemoryCleanService:SMCSFilerType1.filterTrimProcessBlacklist:  process com.qihoo.appstore:PluginP06 is still in the blacklist and should be trimed:
02-18 16:53:10.470  4083  4083 I HwSystemManager: STProcessRecord: 
02-18 16:53:10.470  4083  4083 I HwSystemManager:     processName: com.qihoo.appstore:PluginP06
02-18 16:53:10.470  4083  4083 I HwSystemManager:     curAdj 8
02-18 16:53:10.470  4083  4083 I HwSystemManager:     pkgs: [com.qihoo.appstore]
02-18 16:53:10.470  4083  4083 I HwSystemManager:     uid 10130
02-18 16:53:10.470  4083  4083 I HwSystemManager:     pid 19032
02-18 16:53:10.470  4083  4083 I HwSystemManager: SmartMemoryCleanService:SMCSFilerType1.filterTrimProcessBlacklist: end blacklist filter.
02-18 16:53:10.470  4083  4083 I HwSystemManager: SmartMemoryCleanService:SMCSFilterTypeCondiForce.filterTrimProcessFirst: begin fist filter.
02-18 16:53:10.470  4083  4083 I HwSystemManager: SmartMemoryCleanService:checkProcPkgs called
02-18 16:53:10.470  4083  4083 I HwSystemManager: SmartMemoryCleanService:SMCSFilerBase.checkProcPkg:  package com.huawei.android.launcher is not in the trim list.
02-18 16:53:10.470  4083  4083 I HwSystemManager: SmartMemoryCleanService:checkProcPkgs called
02-18 16:53:10.470  4083  4083 I HwSystemManager: SmartMemoryCleanService:SMCSFilerBase.checkProcPkg:  package com.comtop.eim has notification.
02-18 16:53:10.470  4083  4083 I HwSystemManager: SmartMemoryCleanService:checkProcPkgs called
02-18 16:53:10.470  4083  4083 I HwSystemManager: SmartMemoryCleanService:SMCSFilerBase.checkProcPkg:  package com.comtop.eim has notification.
02-18 16:53:10.470  4083  4083 I HwSystemManager: SmartMemoryCleanService:checkProcPkgs called
02-18 16:53:10.470  4083  4083 I HwSystemManager: SmartMemoryCleanService:SMCSFilerBase.checkProcPkg:  package com.android.settings is not in the trim list.
02-18 16:53:10.470  4083  4083 I HwSystemManager: SmartMemoryCleanService:checkProcPkgs called
02-18 16:53:10.470  4083  4083 I HwSystemManager: SmartMemoryCleanService:SMCSFilerBase.checkProcPkg:  package com.google.android.gms is not in the trim list.
02-18 16:53:10.470  4083  4083 I HwSystemManager: SmartMemoryCleanService:checkProcPkgs called
02-18 16:53:10.470  4083  4083 I HwSystemManager: SmartMemoryCleanService:SMCSFilerBase.checkProcPkg:  package com.android.providers.userdictionary is not in the trim list.
02-18 16:53:10.470  4083  4083 I HwSystemManager: SmartMemoryCleanService:checkProcPkgs called
02-18 16:53:10.470  4083  4083 I HwSystemManager: SmartMemoryCleanService:SMCSFilerBase.checkProcPkg:  package com.huawei.systemmanager is not in the trim list.
02-18 16:53:10.470  4083  4083 I HwSystemManager: SmartMemoryCleanService:checkProcPkgs called
02-18 16:53:10.470  4083  4083 I HwSystemManager: SmartMemoryCleanService:SMCSFilerBase.checkProcPkg:  package com.huawei.android.karaokeeffect is not in the trim list.
02-18 16:53:10.470  4083  4083 I HwSystemManager: SmartMemoryCleanService:checkProcPkgs called
02-18 16:53:10.470  4083  4083 I HwSystemManager: SmartMemoryCleanService:hasPredicatePkgs :: pkg = com.sohu.inputmethod.sogou
02-18 16:53:10.470  4083  4083 I HwSystemManager: InputMethodStringPredicate:InputMethodStringPredicate :: getPackageName = com.sohu.inputmethod.sogou
02-18 16:53:10.470  4083  4083 I HwSystemManager: SmartMemoryCleanService:SMCSFilerBase.hasPredicatePkgs:  pkg  com.sohu.inputmethod.sogou
02-18 16:53:10.470  4083  4083 I HwSystemManager: SmartMemoryCleanService:checkProcPkgs called
02-18 16:53:10.470  4083  4083 I HwSystemManager: SmartMemoryCleanService:SMCSFilerBase.checkProcPkg:  package com.huawei.android.totemweather is not in the trim list.
02-18 16:53:10.470  4083  4083 I HwSystemManager: SmartMemoryCleanService:checkProcPkgs called
02-18 16:53:10.470  4083  4083 I HwSystemManager: SmartMemoryCleanService:SMCSFilerBase.checkProcPkg:  package com.huawei.motionservice is not in the trim list.
02-18 16:53:10.470  4083  4083 I HwSystemManager: SmartMemoryCleanService:checkProcPkgs called
02-18 16:53:10.470  4083  4083 I HwSystemManager: SmartMemoryCleanService:SMCSFilerBase.checkProcPkg:  package com.android.providers.media is not in the trim list.
02-18 16:53:10.470  4083  4083 I HwSystemManager: SmartMemoryCleanService:checkProcPkgs called
02-18 16:53:10.470  4083  4083 I HwSystemManager: SmartMemoryCleanService:SMCSFilerBase.checkProcPkg:  package com.huawei.android.airsharing is not in the trim list.
02-18 16:53:10.470  4083  4083 I HwSystemManager: SmartMemoryCleanService:checkProcPkgs called
02-18 16:53:10.470  4083  4083 I HwSystemManager: SmartMemoryCleanService:SMCSFilerBase.checkProcPkg:  package com.cootek.smartdialer_oem_module is not in the trim list.
02-18 16:53:10.470  4083  4083 I HwSystemManager: SmartMemoryCleanService:checkProcPkgs called
02-18 16:53:10.470  4083  4083 I HwSystemManager: SmartMemoryCleanService:SMCSFilerBase.checkProcPkg:  package com.huawei.bd is not in the trim list.
02-18 16:53:10.470  4083  4083 I HwSystemManager: SmartMemoryCleanService:checkProcPkgs called
02-18 16:53:10.470  4083  4083 I HwSystemManager: SmartMemoryCleanService:SMCSFilerBase.checkProcPkg:  package com.huawei.android.pushagent is not in the trim list.
02-18 16:53:10.470  4083  4083 I HwSystemManager: SmartMemoryCleanService:checkProcPkgs called
02-18 16:53:10.470  4083  4083 I HwSystemManager: SmartMemoryCleanService:SMCSFilerBase.checkProcPkg:  package com.google.android.gms is not in the trim list.
02-18 16:53:10.470  4083  4083 I HwSystemManager: SmartMemoryCleanService:checkProcPkgs called
02-18 16:53:10.470  4083  4083 I HwSystemManager: SmartMemoryCleanService:SMCSFilerBase.checkProcPkg:  pkg  com.comtop.mim has been used.
02-18 16:53:10.470  4083  4083 I HwSystemManager: SmartMemoryCleanService:checkProcPkgs called
02-18 16:53:10.470  4083  4083 I HwSystemManager: SmartMemoryCleanService:SMCSFilerBase.checkProcPkg:  package android is not in the trim list.
02-18 16:53:10.470  4083  4083 I HwSystemManager: SmartMemoryCleanService:SMCSFilerType1.filterTrimProcessFirst: end fist filter.
02-18 16:53:10.470  4083  4083 I HwSystemManager: SmartMemoryCleanService:SMCSTrimer.dumpGotProcessRelations: process com.qihoo.appstore has relations: 
02-18 16:53:10.470  4083  4083 I HwSystemManager: SmartMemoryCleanService:SMCSTrimer.dumpGotProcessRelations: process com.qihoo.appstore has relations: 
02-18 16:53:10.470  4083  4083 I HwSystemManager: com.qihoo.secstore.com.qihoo.daemon
02-18 16:53:10.580  3125  3426 E WifiStateMachine:  ConnectedState !CMD_RSSI_POLL 26 0 "wifi-comtop" 04:18:d6:22:1a:c4 rssi=-52 f=2437 sc=100 link=72 tx=0.9, 0.0, 0.0  rx=120.9 bcn=0 [on:0 tx:0 rx:0 period:3004] from screen [on:0 period:-208322757] gl u24 rssi=-52 ag=0 hr ticks 0,0,0 ls-=0 [56,56,56,56,61] brc=0 lrc=0
02-18 16:53:10.580  3125  3426 E WifiStateMachine:  L2ConnectedState !CMD_RSSI_POLL 26 0 "wifi-comtop" 04:18:d6:22:1a:c4 rssi=-52 f=2437 sc=100 link=72 tx=0.9, 0.0, 0.0  rx=120.9 bcn=0 [on:0 tx:0 rx:0 period:2] from screen [on:0 period:-208322755] gl u24 rssi=-52 ag=0 hr ticks 0,0,0 ls-=0 [56,56,56,56,61] brc=0 lrc=0
02-18 16:53:10.590  3125  3426 E WifiStateMachine: fetchRssiLinkSpeedAndFrequencyNative rssi=-51 linkspeed=72 SSID="wifi-comtop"
02-18 16:53:10.590  3125  3426 E WifiStateMachine: calculateWifiScore freq=2437 speed=72 score=100 highRSSI  -> txbadrate=0.00 txgoodrate=0.46 txretriesrate=0.00 rxrate=130.45 userTriggerdPenalty0
02-18 16:53:10.590  3125  3426 E WifiStateMachine:  good link -> stuck count =0
02-18 16:53:10.590  3125  3426 E WifiStateMachine:  badRSSI count0 lowRSSI count0 --> score 56
02-18 16:53:10.590  3125  3426 E WifiStateMachine:  isHighRSSI       ---> score=61
02-18 16:53:10.590  4083  4110 I HwSystemManager: BgPowerManagerService:onProcessDied uid = 10130
02-18 16:53:10.590  4083  4110 I HwSystemManager: NotificationListEditor:RemoveNotifyList []
02-18 16:53:10.600  4083  4103 I HwSystemManager: HoldService:uid:10130 pid:21763 died
02-18 16:53:10.600  4083  4103 I HwSystemManager: HoldService:key:10130,21763
02-18 16:53:10.600  3125  3863 E HsmCoreServiceImpl: onTransact in code is: 102
02-18 16:53:10.600  3125  3863 I MediaProcessHandler: processOp opType: 1, uid: 10130, pid: 21763
02-18 16:53:10.600  3125  3863 W MediaProcessHandler: remove target not exist, maybe the UI process: uid: 10130, pid: 21763
02-18 16:53:10.740  3125  3426 E WifiStateMachine:  ConnectedState !CMD_START_SCAN -2 -2 ic=982 proc(ms):0 dur:282 rssi=-51 f=2437 sc=100 link=72 tx=0.5, 0.0, 0.0  rx=130.4 fiv=30000 [on:0 tx:0 rx:0 period:150] from screen [on:0 period:-208322599]
02-18 16:53:10.740  3125  3426 E WifiStateMachine:  L2ConnectedState !CMD_START_SCAN -2 -2 ic=982 proc(ms):1 dur:282 rssi=-51 f=2437 sc=100 link=72 tx=0.5, 0.0, 0.0  rx=130.4 fiv=30000 [on:0 tx:0 rx:0 period:1] from screen [on:0 period:-208322598]
02-18 16:53:10.740  3125  3426 E WifiStateMachine: WifiStateMachine CMD_START_SCAN source -2 txSuccessRate=0.46 rxSuccessRate=130.45 targetRoamBSSID=04:18:d6:22:1a:c4 RSSI=-51
02-18 16:53:10.740  3125  3426 E WifiStateMachine: WifiStateMachine CMD_START_SCAN with age=319993 interval=30000 maxinterval=300000
02-18 16:53:10.740  3125  3426 E WifiStateMachine: WifiStateMachine CMD_START_SCAN try full band scan age=319993 interval=30000 maxinterval=300000
02-18 16:53:10.740  3125  3426 E WifiStateMachine: WifiStateMachine CMD_START_SCAN prevent full band scan due to pkt rate
02-18 16:53:10.740  3125  3426 E WifiStateMachine: WifiStateMachine CMD_START_SCAN source -2 ...and ignore scans tx=0.46 rx=130.45
02-18 16:53:10.750  4083  4497 I HwSystemManager: HoldService:checkBeforeShowDialog: uid:10110 pid:19735, permissionType:4
02-18 16:53:10.750  4083  4497 I HwSystemManager: OverseaCfgHelper:permissionStatus is 0
02-18 16:53:10.750  4083  4497 I HwSystemManager: ShareLib:pkgNameList:1
02-18 16:53:10.750  4083  4497 I HwSystemManager: ShareLib:getApplication pkgName:com.wandoujia.phoenix2.usbproxy
02-18 16:53:10.750  4083  4497 I HwSystemManager: ShareLib:getAppInfo the final pkgName:com.wandoujia.phoenix2.usbproxy
02-18 16:53:10.750  4083  4497 I HwSystemManager: ShareLib:getAppInfo time consume:4
02-18 16:53:10.750  4083  4497 I HwSystemManager: ShareLib:getAppInfoByUidAndPid time consume:7
02-18 16:53:10.760  4083  4497 I HwSystemManager: HoldService:preHoldShow start!
02-18 16:53:10.760  4083  4497 I HwSystemManager: HoldService:The prePermissionType is: 1
02-18 16:53:10.870 21856 21856 I art     : Can not find class: Lcom/android/internal/policy/PhoneWindow$WindowManagerHolder;
02-18 16:53:11.130 21856 21856 I MultiDex: VM with version 2.1.0 has multidex support
02-18 16:53:12.380  3907  5904 I HwPowerMonitor.PowerExceptionObservable: unhandled onEvent actionID: 3002
02-18 16:53:12.380  4083  4486 I HwSystemManager: BgPowerManagerService:BgPowerManagerSerivce plugged =2 currentThreshold = 0 mRawLevel = 51mLastRawLevel51
02-18 16:53:12.380  4083  4486 I HwSystemManager: BgPowerManagerService: mTimes = 157481 firstTime = 25776074 firstmBatteryCapacity =1138
02-18 16:53:13.600  3125  3426 E WifiStateMachine:  ConnectedState !CMD_RSSI_POLL 26 0 "wifi-comtop" 04:18:d6:22:1a:c4 rssi=-51 f=2437 sc=100 link=72 tx=0.5, 0.0, 0.0  rx=130.4 bcn=0 [on:0 tx:0 rx:0 period:2855] from screen [on:0 period:-208319743] gl u24 rssi=-51 ag=0 hr ticks 0,0,0 ls-=0 [56,56,56,56,61] brc=0 lrc=0
02-18 16:53:13.600  3125  3426 E WifiStateMachine:  L2ConnectedState !CMD_RSSI_POLL 26 0 "wifi-comtop" 04:18:d6:22:1a:c4 rssi=-51 f=2437 sc=100 link=72 tx=0.5, 0.0, 0.0  rx=130.4 bcn=0 [on:0 tx:0 rx:0 period:4] from screen [on:0 period:-208319739] gl u24 rssi=-51 ag=0 hr ticks 0,0,0 ls-=0 [56,56,56,56,61] brc=0 lrc=0
02-18 16:53:13.600  3125  3426 E WifiStateMachine: fetchRssiLinkSpeedAndFrequencyNative rssi=-54 linkspeed=72 SSID="wifi-comtop"
02-18 16:53:13.610  3125  3426 E WifiStateMachine: calculateWifiScore freq=2437 speed=72 score=100 highRSSI  -> txbadrate=0.00 txgoodrate=1.73 txretriesrate=0.00 rxrate=128.22 userTriggerdPenalty0
02-18 16:53:13.610  3125  3426 E WifiStateMachine:  good link -> stuck count =0
02-18 16:53:13.610  3125  3426 E WifiStateMachine:  badRSSI count0 lowRSSI count0 --> score 56
02-18 16:53:13.610  3125  3426 E WifiStateMachine:  isHighRSSI       ---> score=61
02-18 16:53:14.180 21856 21885 I art     : Can not find class: Lcom/qihoo360/mobilesafe/telephonyfactory/DualModuleImpl;
02-18 16:53:14.180 21856 21885 I art     : Can not find class: Lcom/qihoo360/mobilesafe/dualphonesdk/eb;
02-18 16:53:14.180 21856 21885 I art     : Can not find class: Lcom/qihoo360/mobilesafe/dualphonesdk/ea;
02-18 16:53:14.190 21856 21885 I art     : Can not find class: Lcom/qihoo360/mobilesafe/dual/IHostAppUtils;
02-18 16:53:14.190 21856 21885 I art     : Can not find class: Lcom/qihoo360/mobilesafe/dualphonesdk/dz;
02-18 16:53:14.190 21856 21885 I art     : Can not find class: Lcom/qihoo360/mobilesafe/dual/IHostAppUtils;
02-18 16:53:14.190 21856 21885 I art     : Can not find class: Lcom/qihoo360/mobilesafe/dualphonesdk/ed;
02-18 16:53:14.190 21856 21885 I art     : Can not find class: Landroid/support/v4/content/LocalBroadcastManager;
02-18 16:53:14.190 21856 21885 I art     : Can not find class: Lcom/qihoo360/mobilesafe/dualphonesdk/ef;
02-18 16:53:14.190 21856 21885 I art     : Can not find class: Lcom/qihoo360/mobilesafe/dualphonesdk/ec;
02-18 16:53:14.190 21856 21885 I art     : Can not find class: Lcom/qihoo360/mobilesafe/dualphonesdk/ee;
02-18 16:53:14.200 21856 21885 I art     : Can not find class: Lcom/qihoo360/mobilesafe/dualphonesdk/eb$a;
02-18 16:53:14.200 21856 21885 I art     : Can not find class: Lcom/qihoo360/mobilesafe/dualphonesdk/ef$a;
02-18 16:53:14.210 21856 21885 I art     : Can not find class: Lcom/qihoo360/mobilesafe/dualphonesdk/eg;
02-18 16:53:14.210 21856 21885 I art     : Can not find class: Lcom/mediatek/common/telephony/ITelephonyEx;
02-18 16:53:14.220 21856 21885 I art     : Can not find class: Lcom/qihoo360/mobilesafe/dualphonesdk/dy;
02-18 16:53:14.220 21856 21885 I art     : Can not find class: Lcom/qihoo360/mobilesafe/dualphonesdk/dv;
02-18 16:53:14.220 21856 21885 I art     : Can not find class: Lcom/qihoo360/mobilesafe/dualphonesdk/bb;
02-18 16:53:14.220 21856 21885 I art     : Can not find class: Lcom/qihoo360/mobilesafe/dualphonesdk/ax;
02-18 16:53:14.220 21856 21885 I art     : Can not find class: Lcom/qihoo360/mobilesafe/dualphonesdk/an;
02-18 16:53:14.220 21856 21885 I art     : Can not find class: Lcom/qihoo360/mobilesafe/dualphonesdk/ak;
02-18 16:53:14.220 21856 21885 I art     : Can not find class: Lcom/qihoo360/mobilesafe/dualphonesdk/aj;
02-18 16:53:14.220 21856 21885 I art     : Can not find class: Lcom/qihoo360/mobilesafe/dualphonesdk/ag;
02-18 16:53:14.220 21856 21885 I art     : Can not find class: Lcom/qihoo360/mobilesafe/dualphonesdk/af;
02-18 16:53:14.220 21856 21885 I art     : Can not find class: Lcom/qihoo360/mobilesafe/dualphonesdk/ab;
02-18 16:53:14.220 21856 21885 I art     : Can not find class: Lcom/qihoo360/mobilesafe/dualphonesdk/cf;
02-18 16:53:14.220 21856 21885 I art     : Can not find class: Lcom/qihoo360/mobilesafe/dualphonesdk/cb;
02-18 16:53:14.220 21856 21885 I art     : Can not find class: Lcom/qihoo360/mobilesafe/dualphonesdk/du;
02-18 16:53:14.230 21856 21885 I art     : Can not find class: Lcom/qihoo360/mobilesafe/dualphonesdk/dp;
02-18 16:53:14.230 21856 21885 I art     : Can not find class: Lcom/qihoo360/mobilesafe/dualphonesdk/bt;
02-18 16:53:14.230 21856 21885 I art     : Can not find class: Lcom/qihoo360/mobilesafe/dualphonesdk/bm;
02-18 16:53:14.230 21856 21885 I art     : Can not find class: Lcom/qihoo360/mobilesafe/dualphonesdk/bz;
02-18 16:53:14.230 21856 21885 I art     : Can not find class: Lcom/qihoo360/mobilesafe/dualphonesdk/bv;
02-18 16:53:14.230 21856 21885 I art     : Can not find class: Lcom/qihoo360/mobilesafe/dualphonesdk/dj;
02-18 16:53:14.230 21856 21885 I art     : Can not find class: Lcom/qihoo360/mobilesafe/dualphonesdk/df;
02-18 16:53:14.230 21856 21885 I art     : Can not find class: Lcom/qihoo360/mobilesafe/dualphonesdk/de;
02-18 16:53:14.230 21856 21885 I art     : Can not find class: Lcom/qihoo360/mobilesafe/dualphonesdk/cz;
02-18 16:53:14.230 21856 21885 I art     : Can not find class: Lcom/qihoo360/mobilesafe/dualphonesdk/cy;
02-18 16:53:14.230 21856 21885 I art     : Can not find class: Lcom/qihoo360/mobilesafe/dualphonesdk/cs;
02-18 16:53:14.230 21856 21885 I art     : Can not find class: Lcom/qihoo360/mobilesafe/dualphonesdk/cr;
02-18 16:53:14.230 21856 21885 I art     : Can not find class: Lcom/qihoo360/mobilesafe/dualphonesdk/cn;
02-18 16:53:14.230 21856 21885 I art     : Can not find class: Lcom/qihoo360/mobilesafe/dualphonesdk/cm;
02-18 16:53:14.230 21856 21885 I art     : Can not find class: Lcom/qihoo360/mobilesafe/dualphonesdk/cg;
02-18 16:53:14.230 21856 21885 I art     : Can not find class: Lcom/qihoo360/mobilesafe/dualphonesdk/aw;
02-18 16:53:14.230 21856 21885 I art     : Can not find class: Lcom/qihoo360/mobilesafe/dualphonesdk/at;
02-18 16:53:14.230 21856 21885 I art     : Can not find class: Lcom/qihoo360/mobilesafe/dualphonesdk/bl;
02-18 16:53:14.230 21856 21885 I art     : Can not find class: Lcom/qihoo360/mobilesafe/dualphonesdk/bj;
02-18 16:53:14.230 21856 21885 I art     : Can not find class: Lcom/qihoo360/mobilesafe/dualphonesdk/bi;
02-18 16:53:14.230 21856 21885 I art     : Can not find class: Lcom/qihoo360/mobilesafe/dualphonesdk/bc;
02-18 16:53:14.240 21856 21885 I art     : Can not find class: Lcom/qihoo360/mobilesafe/dualphonesdk/as;
02-18 16:53:14.240 21856 21885 I art     : Can not find class: Lcom/qihoo360/mobilesafe/dualphonesdk/ao;
02-18 16:53:14.240 21856 21885 I art     : Can not find class: Lcom/qihoo360/mobilesafe/dualphonesdk/do;
02-18 16:53:14.250 21856 21885 I art     : Can not find class: Lcom/qihoo360/mobilesafe/dualphonesdk/dk;
02-18 16:53:14.250 21856 21885 I art     : Can not find class: Lcom/qihoo360/mobilesafe/dualphonesdk/s;
02-18 16:53:14.250 21856 21885 I art     : Can not find class: Lcom/qihoo360/mobilesafe/dualphonesdk/l;
02-18 16:53:14.250 21856 21885 I art     : Can not find class: Lcom/qihoo360/mobilesafe/dualphonesdk/z;
02-18 16:53:14.250 21856 21885 I art     : Can not find class: Lcom/qihoo360/mobilesafe/dualphonesdk/u;
02-18 16:53:14.250 21856 21885 I art     : Can not find class: Lcom/qihoo360/mobilesafe/dualphonesdk/t;
02-18 16:53:14.250 21856 21885 I art     : Can not find class: Lcom/qihoo360/mobilesafe/dualphonesdk/m;
02-18 16:53:14.250 21856 21885 I art     : Can not find class: Lcom/qihoo360/mobilesafe/dualphonesdk/n;
02-18 16:53:14.250 21856 21885 I art     : Can not find class: Lcom/qihoo360/mobilesafe/dualphonesdk/l$1;
02-18 16:53:14.260 21856 21885 I art     : Can not find class: Lcom/qihoo360/mobilesafe/dualphonesdk/l$a;
02-18 16:53:14.260 21856 21885 I art     : Can not find class: Lcom/qihoo360/mobilesafe/dualphonesdk/q;
02-18 16:53:14.260 21856 21885 I art     : Can not find class: Lcom/qihoo360/mobilesafe/dualphonesdk/p;
02-18 16:53:14.260 21856 21885 I art     : Can not find class: Lcom/qihoo360/mobilesafe/dualphonesdk/o;
02-18 16:53:14.280  4083  4587 I HwSystemManager: HoldService:checkBeforeShowDialog: uid:10130 pid:21856, permissionType:2
02-18 16:53:14.280  4083  4587 I HwSystemManager: OverseaCfgHelper:permissionStatus is 0
02-18 16:53:14.280  4083  4587 I HwSystemManager: ShareLib:pkgNameList:1
02-18 16:53:14.280  4083  4587 I HwSystemManager: ShareLib:getApplication pkgName:com.qihoo.appstore
02-18 16:53:14.280  4083  4587 I HwSystemManager: ShareLib:getAppInfo the final pkgName:com.qihoo.appstore
02-18 16:53:14.280  4083  4587 I HwSystemManager: ShareLib:getAppInfo time consume:1
02-18 16:53:14.280  4083  4587 I HwSystemManager: ShareLib:getAppInfoByUidAndPid time consume:3
02-18 16:53:14.280  4083  4587 I HwSystemManager: HoldService:preHoldShow start!
02-18 16:53:14.280  4083  4587 I HwSystemManager: HoldService:The prePermissionType is: 1
02-18 16:53:14.290 21856 21885 I PG Utils: acquire_providerpkg:[com.android.providers.contacts] pid:[]  maybe timeout , send to PG
02-18 16:53:14.300  4083  4497 I HwSystemManager: HoldService:checkBeforeShowDialog: uid:10130 pid:21856, permissionType:2
02-18 16:53:14.300  4083  4497 I HwSystemManager: OverseaCfgHelper:permissionStatus is 0
02-18 16:53:14.300  4083  4497 I HwSystemManager: ShareLib:pkgNameList:1
02-18 16:53:14.300  4083  4497 I HwSystemManager: ShareLib:getApplication pkgName:com.qihoo.appstore
02-18 16:53:14.300  4083  4497 I HwSystemManager: ShareLib:getAppInfo the final pkgName:com.qihoo.appstore
02-18 16:53:14.300  4083  4497 I HwSystemManager: ShareLib:getAppInfo time consume:1
02-18 16:53:14.300  4083  4497 I HwSystemManager: ShareLib:getAppInfoByUidAndPid time consume:3
02-18 16:53:14.310  4083  4497 I HwSystemManager: HoldService:preHoldShow start!
02-18 16:53:14.310  4083  4497 I HwSystemManager: HoldService:The prePermissionType is: 1
02-18 16:53:14.320  4083  4803 I HwSystemManager: HoldService:checkBeforeShowDialog: uid:10130 pid:21856, permissionType:4
02-18 16:53:14.320  4083  4803 I HwSystemManager: OverseaCfgHelper:permissionStatus is 0
02-18 16:53:14.320  4083  4803 I HwSystemManager: ShareLib:pkgNameList:1
02-18 16:53:14.320  4083  4803 I HwSystemManager: ShareLib:getApplication pkgName:com.qihoo.appstore
02-18 16:53:14.320  4083  4803 I HwSystemManager: ShareLib:getAppInfo the final pkgName:com.qihoo.appstore
02-18 16:53:14.320  4083  4803 I HwSystemManager: ShareLib:getAppInfo time consume:2
02-18 16:53:14.320  4083  4803 I HwSystemManager: ShareLib:getAppInfoByUidAndPid time consume:4
02-18 16:53:14.320  4083  4803 I HwSystemManager: HoldService:preHoldShow start!
02-18 16:53:14.320  4083  4803 I HwSystemManager: HoldService:The prePermissionType is: 2
02-18 16:53:14.320  4083  4803 I HwSystemManager: HoldService:showNotificationWhenBlocked uid:10130 pid:21856 pkgName:com.qihoo.appstore permissionType:4
02-18 16:53:14.320  4083 18947 I HwSystemManager: PermissionDbVisitor:insertHistoryRecord:HistoryRecord[packageName:com.qihoo.appstore,permissionType:4,action:10,dateStartTime:1455724800000,timeStamp:1455785594327]
02-18 16:53:14.320  4083  4803 I HwSystemManager: HoldService:showToastWhenBlocked permissionTypeList:true
02-18 16:53:14.320  4083  4803 W HwSystemManager: HoldService:showToast return because the blocked app is not foreground!
02-18 16:53:14.330  4083  4526 I HwSystemManager: HoldService:checkBeforeShowDialog: uid:10130 pid:21856, permissionType:2
02-18 16:53:14.330  4083  4526 I HwSystemManager: OverseaCfgHelper:permissionStatus is 0
02-18 16:53:14.350  4083  4526 I HwSystemManager: ShareLib:pkgNameList:1
02-18 16:53:14.350  4083  4526 I HwSystemManager: ShareLib:getApplication pkgName:com.qihoo.appstore
02-18 16:53:14.350  4083  4526 I HwSystemManager: ShareLib:getAppInfo the final pkgName:com.qihoo.appstore
02-18 16:53:14.350  4083  4526 I HwSystemManager: ShareLib:getAppInfo time consume:2
02-18 16:53:14.350  4083  4526 I HwSystemManager: ShareLib:getAppInfoByUidAndPid time consume:5
02-18 16:53:14.350  4083  4526 I HwSystemManager: HoldService:preHoldShow start!
02-18 16:53:14.350  4083  4526 I HwSystemManager: HoldService:The prePermissionType is: 1
02-18 16:53:14.700 21856 21871 W CursorWrapperInner: Cursor finalized without prior close()
02-18 16:53:14.700 21856 21871 W CursorWrapperInner: Cursor finalized without prior close()
02-18 16:53:14.740 21856 21885 I art     : Can not find class: Landroid/support/multidex/MultiDex;
02-18 16:53:14.740 21856 21885 W System.err: java.lang.ClassNotFoundException: android.support.multidex.MultiDex
02-18 16:53:14.740 21856 21885 W System.err: 	at java.lang.Class.classForName(Native Method)
02-18 16:53:14.740 21856 21885 W System.err: 	at java.lang.Class.forName(Class.java:308)
02-18 16:53:14.740 21856 21885 W System.err: 	at java.lang.Class.forName(Class.java:272)
02-18 16:53:14.740 21856 21885 W System.err: 	at com.qihoo.rtservice.MultiDexManager.a(Unknown Source)
02-18 16:53:14.740 21856 21885 W System.err: 	at com.qihoo.rtservice.MultiDexManager.a(Unknown Source)
02-18 16:53:14.740 21856 21885 W System.err: 	at com.qihoo.rtservice.MultiDexManager.getDexpath(Unknown Source)
02-18 16:53:14.740 21856 21885 W System.err: 	at com.qihoo.appstore.CoreDaemon.tryStart(Unknown Source)
02-18 16:53:14.740 21856 21885 W System.err: 	at com.qihoo.appstore.b.run(Unknown Source)
02-18 16:53:14.740 21856 21885 W System.err: 	at java.util.Timer$TimerImpl.run(Timer.java:284)
02-18 16:53:14.740 21856 21885 W System.err: Caused by: java.lang.ClassNotFoundException: Didn't find class "android.support.multidex.MultiDex" on path: DexPathList[[zip file "/data/app/com.qihoo.appstore-2/base.apk"],nativeLibraryDirectories=[/data/app/com.qihoo.appstore-2/lib/arm, /vendor/lib, /system/lib]]
02-18 16:53:14.740 21856 21885 W System.err: 	at dalvik.system.BaseDexClassLoader.findClass(BaseDexClassLoader.java:56)
02-18 16:53:14.740 21856 21885 W System.err: 	at java.lang.ClassLoader.loadClass(ClassLoader.java:511)
02-18 16:53:14.740 21856 21885 W System.err: 	at java.lang.ClassLoader.loadClass(ClassLoader.java:469)
02-18 16:53:14.740 21856 21885 W System.err: 	... 9 more
02-18 16:53:14.740 21856 21885 W System.err: 	Suppressed: java.lang.ClassNotFoundException: android.support.multidex.MultiDex
02-18 16:53:14.740 21856 21885 W System.err: 		at java.lang.Class.classForName(Native Method)
02-18 16:53:14.740 21856 21885 W System.err: 		at java.lang.BootClassLoader.findClass(ClassLoader.java:781)
02-18 16:53:14.740 21856 21885 W System.err: 		at java.lang.BootClassLoader.loadClass(ClassLoader.java:841)
02-18 16:53:14.740 21856 21885 W System.err: 		at java.lang.ClassLoader.loadClass(ClassLoader.java:504)
02-18 16:53:14.740 21856 21885 W System.err: 		... 10 more
02-18 16:53:14.740 21856 21885 W System.err: 	Caused by: java.lang.NoClassDefFoundError: Class not found using the boot class loader; no stack available
02-18 16:53:15.020 21955 21955 I appproc : CLASSPATH=:/data/app/com.qihoo.appstore-2/base.apk
02-18 16:53:15.020 21955 21955 I appproc : Command=app_process32 / com.qihoo.appstore.CoreDaemon --nice-name=com.qihoo.appstore_CoreDaemon --daemon 
02-18 16:53:15.020 21955 21955 I appproc : app_process:number,4,0
02-18 16:53:15.020 21955 21955 I AndroidRuntime: readDownloadBoosterConfig: 'false'
02-18 16:53:15.120 21955 21955 I         : power log dlsym ok
02-18 16:53:15.160 21955 21955 E android_hardware_fm.cpp: register_android_hardware_fm_fmradio
02-18 16:53:15.160 21955 21955 I android_hardware_fm.cpp: ========32bit long size = 4
02-18 16:53:15.160 21955 21955 E FM_HAL  : [FM_HAL], libname is libhisifm_if
02-18 16:53:15.160 21955 21955 I fm_hisi : FM::[fm_device_open:4673] fm_device_open
02-18 16:53:15.160 21955 21955 I fm_hisi : 
02-18 16:53:15.160 21955 21955 I fm_hisi : FM::[fm_device_open:4684] find the id:libhisifm_if and begins to open the device
02-18 16:53:15.160 21955 21955 I fm_hisi : 
02-18 16:53:15.160 21955 21955 I fm_hisi : FM::[fm_device_open:4728] device open sucess
02-18 16:53:15.160 21955 21955 I fm_hisi : 
02-18 16:53:15.160 21955 21955 E android_hardware_fm.cpp: register_android_hardware_fm_fmradio, ret is 0
02-18 16:53:15.200 21955 21955 I MultiDex: VM with version 2.1.0 has multidex support
02-18 16:53:15.260 21995 21995 E CoreDaemon: getProcessName com.qihoo.appstore_CoreDaemon
02-18 16:53:15.260 21994 21994 E CoreDaemon: getProcessName com.qihoo.appstore_CoreDaemon
02-18 16:53:15.490  4083  4083 I HwSystemManager: InputMethodStringPredicate:InputMethodStringPredicate :: inputMethods = [com.sohu.inputmethod.sogou, .SogouIME, com.android.inputmethod.latin]
02-18 16:53:15.510  4083  4083 I HwSystemManager: LauncherPredicate:get default launcher is null, set hwlauncher
02-18 16:53:15.520  4083  4083 I HwSystemManager: InputMethodStringPredicate:InputMethodStringPredicate :: inputMethods = [com.sohu.inputmethod.sogou, .SogouIME, com.android.inputmethod.latin]
02-18 16:53:15.530  4083  4083 I HwSystemManager: LauncherPredicate:get default launcher is null, set hwlauncher
02-18 16:53:15.530  4083  4083 I HwSystemManager: SMCSFilerBase:mFilterType=1
02-18 16:53:15.530  4083  4083 I HwSystemManager: SmartMemoryCleanService:SMCSDataManager.checkAvailMemory.: availMem 564224000 [332800000,437657600,542515200]
02-18 16:53:15.530  4083  4083 I HwSystemManager: SmartMemoryCleanService:SMCSFilerType1.filterTrimProcessBlacklist: begin blacklist filter.
02-18 16:53:15.530  4083  4083 I HwSystemManager: SmartMemoryCleanService:checkProcPkgs called
02-18 16:53:15.530  4083  4083 I HwSystemManager: SmartMemoryCleanService:hasPredicatePkgs :: pkg = com.qihoo.appstore
02-18 16:53:15.530  4083  4083 I HwSystemManager: SmartMemoryCleanService:SMCSFilerType1.filterTrimProcessBlacklist:  process com.qihoo.daemon is still in the blacklist and should be trimed:
02-18 16:53:15.530  4083  4083 I HwSystemManager: STProcessRecord: 
02-18 16:53:15.530  4083  4083 I HwSystemManager:     processName: com.qihoo.daemon
02-18 16:53:15.530  4083  4083 I HwSystemManager:     curAdj 8
02-18 16:53:15.530  4083  4083 I HwSystemManager:     pkgs: [com.qihoo.appstore]
02-18 16:53:15.530  4083  4083 I HwSystemManager:     uid 10130
02-18 16:53:15.530  4083  4083 I HwSystemManager:     pid 21856
02-18 16:53:15.530  4083  4083 I HwSystemManager: SmartMemoryCleanService:checkProcPkgs called
02-18 16:53:15.530  4083  4083 I HwSystemManager: SmartMemoryCleanService:hasPredicatePkgs :: pkg = com.qihoo.appstore
02-18 16:53:15.530  4083  4083 I HwSystemManager: SmartMemoryCleanService:SMCSFilerType1.filterTrimProcessBlacklist:  process com.qihoo.appstore is still in the blacklist and should be trimed:
02-18 16:53:15.530  4083  4083 I HwSystemManager: STProcessRecord: 
02-18 16:53:15.530  4083  4083 I HwSystemManager:     processName: com.qihoo.appstore
02-18 16:53:15.530  4083  4083 I HwSystemManager:     curAdj 5
02-18 16:53:15.530  4083  4083 I HwSystemManager:     pkgs: [com.qihoo.appstore]
02-18 16:53:15.530  4083  4083 I HwSystemManager:     uid 10130
02-18 16:53:15.530  4083  4083 I HwSystemManager:     pid 4870
02-18 16:53:15.530  4083  4083 I HwSystemManager: SmartMemoryCleanService:checkProcPkgs called
02-18 16:53:15.530  4083  4083 I HwSystemManager: SmartMemoryCleanService:hasPredicatePkgs :: pkg = com.qihoo.appstore
02-18 16:53:15.530  4083  4083 I HwSystemManager: SmartMemoryCleanService:SMCSFilerType1.filterTrimProcessBlacklist:  process com.qihoo.appstore:PluginP01 is still in the blacklist and should be trimed:
02-18 16:53:15.530  4083  4083 I HwSystemManager: STProcessRecord: 
02-18 16:53:15.530  4083  4083 I HwSystemManager:     processName: com.qihoo.appstore:PluginP01
02-18 16:53:15.530  4083  4083 I HwSystemManager:     curAdj 5
02-18 16:53:15.530  4083  4083 I HwSystemManager:     pkgs: [com.qihoo.appstore]
02-18 16:53:15.530  4083  4083 I HwSystemManager:     uid 10130
02-18 16:53:15.530  4083  4083 I HwSystemManager:     pid 31351
02-18 16:53:15.530  4083  4083 I HwSystemManager: SmartMemoryCleanService:checkProcPkgs called
02-18 16:53:15.530  4083  4083 I HwSystemManager: SmartMemoryCleanService:hasPredicatePkgs :: pkg = com.qihoo.appstore
02-18 16:53:15.530  4083  4083 I HwSystemManager: SmartMemoryCleanService:SMCSFilerType1.filterTrimProcessBlacklist:  process com.qihoo.appstore:PluginP06 is still in the blacklist and should be trimed:
02-18 16:53:15.530  4083  4083 I HwSystemManager: STProcessRecord: 
02-18 16:53:15.530  4083  4083 I HwSystemManager:     processName: com.qihoo.appstore:PluginP06
02-18 16:53:15.530  4083  4083 I HwSystemManager:     curAdj 8
02-18 16:53:15.530  4083  4083 I HwSystemManager:     pkgs: [com.qihoo.appstore]
02-18 16:53:15.530  4083  4083 I HwSystemManager:     uid 10130
02-18 16:53:15.530  4083  4083 I HwSystemManager:     pid 19032
02-18 16:53:15.530  4083  4083 I HwSystemManager: SmartMemoryCleanService:SMCSFilerType1.filterTrimProcessBlacklist: end blacklist filter.
02-18 16:53:15.530  4083  4083 I HwSystemManager: SmartMemoryCleanService:SMCSFilterTypeCondiForce.filterTrimProcessFirst: begin fist filter.
02-18 16:53:15.530  4083  4083 I HwSystemManager: SmartMemoryCleanService:checkProcPkgs called
02-18 16:53:15.530  4083  4083 I HwSystemManager: SmartMemoryCleanService:SMCSFilerBase.checkProcPkg:  package com.huawei.android.launcher is not in the trim list.
02-18 16:53:15.530  4083  4083 I HwSystemManager: SmartMemoryCleanService:checkProcPkgs called
02-18 16:53:15.530  4083  4083 I HwSystemManager: SmartMemoryCleanService:SMCSFilerBase.checkProcPkg:  package com.comtop.eim has notification.
02-18 16:53:15.530  4083  4083 I HwSystemManager: SmartMemoryCleanService:checkProcPkgs called
02-18 16:53:15.530  4083  4083 I HwSystemManager: SmartMemoryCleanService:SMCSFilerBase.checkProcPkg:  package com.comtop.eim has notification.
02-18 16:53:15.530  4083  4083 I HwSystemManager: SmartMemoryCleanService:checkProcPkgs called
02-18 16:53:15.530  4083  4083 I HwSystemManager: SmartMemoryCleanService:SMCSFilerBase.checkProcPkg:  package com.android.settings is not in the trim list.
02-18 16:53:15.530  4083  4083 I HwSystemManager: SmartMemoryCleanService:checkProcPkgs called
02-18 16:53:15.530  4083  4083 I HwSystemManager: SmartMemoryCleanService:SMCSFilerBase.checkProcPkg:  package com.google.android.gms is not in the trim list.
02-18 16:53:15.530  4083  4083 I HwSystemManager: SmartMemoryCleanService:checkProcPkgs called
02-18 16:53:15.530  4083  4083 I HwSystemManager: SmartMemoryCleanService:SMCSFilerBase.checkProcPkg:  package com.android.providers.userdictionary is not in the trim list.
02-18 16:53:15.530  4083  4083 I HwSystemManager: SmartMemoryCleanService:checkProcPkgs called
02-18 16:53:15.530  4083  4083 I HwSystemManager: SmartMemoryCleanService:SMCSFilerBase.checkProcPkg:  package com.huawei.systemmanager is not in the trim list.
02-18 16:53:15.530  4083  4083 I HwSystemManager: SmartMemoryCleanService:checkProcPkgs called
02-18 16:53:15.530  4083  4083 I HwSystemManager: SmartMemoryCleanService:SMCSFilerBase.checkProcPkg:  package com.huawei.android.karaokeeffect is not in the trim list.
02-18 16:53:15.530  4083  4083 I HwSystemManager: SmartMemoryCleanService:checkProcPkgs called
02-18 16:53:15.530  4083  4083 I HwSystemManager: SmartMemoryCleanService:hasPredicatePkgs :: pkg = com.sohu.inputmethod.sogou
02-18 16:53:15.530  4083  4083 I HwSystemManager: InputMethodStringPredicate:InputMethodStringPredicate :: getPackageName = com.sohu.inputmethod.sogou
02-18 16:53:15.530  4083  4083 I HwSystemManager: SmartMemoryCleanService:SMCSFilerBase.hasPredicatePkgs:  pkg  com.sohu.inputmethod.sogou
02-18 16:53:15.530  4083  4083 I HwSystemManager: SmartMemoryCleanService:checkProcPkgs called
02-18 16:53:15.530  4083  4083 I HwSystemManager: SmartMemoryCleanService:SMCSFilerBase.checkProcPkg:  package com.huawei.android.totemweather is not in the trim list.
02-18 16:53:15.530  4083  4083 I HwSystemManager: SmartMemoryCleanService:checkProcPkgs called
02-18 16:53:15.530  4083  4083 I HwSystemManager: SmartMemoryCleanService:SMCSFilerBase.checkProcPkg:  package com.huawei.motionservice is not in the trim list.
02-18 16:53:15.530  4083  4083 I HwSystemManager: SmartMemoryCleanService:checkProcPkgs called
02-18 16:53:15.530  4083  4083 I HwSystemManager: SmartMemoryCleanService:SMCSFilerBase.checkProcPkg:  package com.android.providers.media is not in the trim list.
02-18 16:53:15.530  4083  4083 I HwSystemManager: SmartMemoryCleanService:checkProcPkgs called
02-18 16:53:15.530  4083  4083 I HwSystemManager: SmartMemoryCleanService:SMCSFilerBase.checkProcPkg:  package com.huawei.android.airsharing is not in the trim list.
02-18 16:53:15.530  4083  4083 I HwSystemManager: SmartMemoryCleanService:checkProcPkgs called
02-18 16:53:15.530  4083  4083 I HwSystemManager: SmartMemoryCleanService:SMCSFilerBase.checkProcPkg:  package com.cootek.smartdialer_oem_module is not in the trim list.
02-18 16:53:15.530  4083  4083 I HwSystemManager: SmartMemoryCleanService:checkProcPkgs called
02-18 16:53:15.530  4083  4083 I HwSystemManager: SmartMemoryCleanService:SMCSFilerBase.checkProcPkg:  package com.huawei.bd is not in the trim list.
02-18 16:53:15.530  4083  4083 I HwSystemManager: SmartMemoryCleanService:checkProcPkgs called
02-18 16:53:15.530  4083  4083 I HwSystemManager: SmartMemoryCleanService:SMCSFilerBase.checkProcPkg:  package com.huawei.android.pushagent is not in the trim list.
02-18 16:53:15.530  4083  4083 I HwSystemManager: SmartMemoryCleanService:checkProcPkgs called
02-18 16:53:15.530  4083  4083 I HwSystemManager: SmartMemoryCleanService:SMCSFilerBase.checkProcPkg:  package com.google.android.gms is not in the trim list.
02-18 16:53:15.530  4083  4083 I HwSystemManager: SmartMemoryCleanService:checkProcPkgs called
02-18 16:53:15.530  4083  4083 I HwSystemManager: SmartMemoryCleanService:SMCSFilerBase.checkProcPkg:  pkg  com.comtop.mim has been used.
02-18 16:53:15.530  4083  4083 I HwSystemManager: SmartMemoryCleanService:checkProcPkgs called
02-18 16:53:15.530  4083  4083 I HwSystemManager: SmartMemoryCleanService:SMCSFilerBase.checkProcPkg:  package android is not in the trim list.
02-18 16:53:15.530  4083  4083 I HwSystemManager: SmartMemoryCleanService:SMCSFilerType1.filterTrimProcessFirst: end fist filter.
02-18 16:53:15.530  4083  4083 I HwSystemManager: SmartMemoryCleanService:SMCSTrimer.dumpGotProcessRelations: process com.qihoo.appstore has relations: 
02-18 16:53:15.530  4083  4083 I HwSystemManager: SmartMemoryCleanService:SMCSTrimer.dumpGotProcessRelations: process com.qihoo.appstore has relations: 
02-18 16:53:15.530  4083  4083 I HwSystemManager: com.qihoo.secstore.com.qihoo.daemon
02-18 16:53:15.660  4083  4497 I HwSystemManager: BgPowerManagerService:onProcessDied uid = 10130
02-18 16:53:15.660  4083  4497 I HwSystemManager: NotificationListEditor:RemoveNotifyList []
02-18 16:53:15.660  4083 27339 I HwSystemManager: HoldService:uid:10130 pid:21856 died
02-18 16:53:15.660  4083 27339 I HwSystemManager: HoldService:key:10130,21856
02-18 16:53:15.660  3125  3633 E HsmCoreServiceImpl: onTransact in code is: 102
02-18 16:53:15.660  3125  3633 I MediaProcessHandler: processOp opType: 1, uid: 10130, pid: 21856
02-18 16:53:15.660  3125  3633 W MediaProcessHandler: remove target not exist, maybe the UI process: uid: 10130, pid: 21856
02-18 16:53:15.750  4083  4497 I HwSystemManager: HoldService:checkBeforeShowDialog: uid:10110 pid:19735, permissionType:4
02-18 16:53:15.750  4083  4497 I HwSystemManager: OverseaCfgHelper:permissionStatus is 0
02-18 16:53:15.760  4083  4497 I HwSystemManager: ShareLib:pkgNameList:1
02-18 16:53:15.760  4083  4497 I HwSystemManager: ShareLib:getApplication pkgName:com.wandoujia.phoenix2.usbproxy
02-18 16:53:15.760  4083  4497 I HwSystemManager: ShareLib:getAppInfo the final pkgName:com.wandoujia.phoenix2.usbproxy
02-18 16:53:15.760  4083  4497 I HwSystemManager: ShareLib:getAppInfo time consume:2
02-18 16:53:15.760  4083  4497 I HwSystemManager: ShareLib:getAppInfoByUidAndPid time consume:4
02-18 16:53:15.760  4083  4497 I HwSystemManager: HoldService:preHoldShow start!
02-18 16:53:15.760  4083  4497 I HwSystemManager: HoldService:The prePermissionType is: 1
02-18 16:53:15.900 22001 22001 I art     : Can not find class: Lcom/android/internal/policy/PhoneWindow$WindowManagerHolder;
02-18 16:53:16.150 22001 22001 I MultiDex: VM with version 2.1.0 has multidex support
02-18 16:53:16.610  3125  3426 E WifiStateMachine:  ConnectedState !CMD_RSSI_POLL 26 0 "wifi-comtop" 04:18:d6:22:1a:c4 rssi=-54 f=2437 sc=100 link=72 tx=1.7, 0.0, 0.0  rx=128.2 bcn=0 [on:0 tx:0 rx:0 period:3002] from screen [on:0 period:-208316727] gl u24 rssi=-54 ag=0 hr ticks 0,0,0 ls-=0 [56,56,56,56,61] brc=0 lrc=0
02-18 16:53:16.610  3125  3426 E WifiStateMachine:  L2ConnectedState !CMD_RSSI_POLL 26 0 "wifi-comtop" 04:18:d6:22:1a:c4 rssi=-54 f=2437 sc=100 link=72 tx=1.7, 0.0, 0.0  rx=128.2 bcn=0 [on:0 tx:0 rx:0 period:1] from screen [on:0 period:-208316726] gl u24 rssi=-54 ag=0 hr ticks 0,0,0 ls-=0 [56,56,56,56,61] brc=0 lrc=0
02-18 16:53:16.610  3125  3426 E WifiStateMachine: fetchRssiLinkSpeedAndFrequencyNative rssi=-54 linkspeed=72 SSID="wifi-comtop"
02-18 16:53:16.610  3125  3426 E WifiStateMachine: calculateWifiScore freq=2437 speed=72 score=100 highRSSI  -> txbadrate=0.00 txgoodrate=0.86 txretriesrate=0.00 rxrate=105.61 userTriggerdPenalty0
02-18 16:53:16.610  3125  3426 E WifiStateMachine:  good link -> stuck count =0
02-18 16:53:16.620  3125  3426 E WifiStateMachine:  badRSSI count0 lowRSSI count0 --> score 56
02-18 16:53:16.620  3125  3426 E WifiStateMachine:  isHighRSSI       ---> score=61
02-18 16:53:19.210 22001 22029 I art     : Can not find class: Lcom/qihoo360/mobilesafe/telephonyfactory/DualModuleImpl;
02-18 16:53:19.210 22001 22029 I art     : Can not find class: Lcom/qihoo360/mobilesafe/dualphonesdk/eb;
02-18 16:53:19.210 22001 22029 I art     : Can not find class: Lcom/qihoo360/mobilesafe/dualphonesdk/ea;
02-18 16:53:19.210 22001 22029 I art     : Can not find class: Lcom/qihoo360/mobilesafe/dual/IHostAppUtils;
02-18 16:53:19.210 22001 22029 I art     : Can not find class: Lcom/qihoo360/mobilesafe/dualphonesdk/dz;
02-18 16:53:19.220 22001 22029 I art     : Can not find class: Lcom/qihoo360/mobilesafe/dual/IHostAppUtils;
02-18 16:53:19.220 22001 22029 I art     : Can not find class: Lcom/qihoo360/mobilesafe/dualphonesdk/ed;
02-18 16:53:19.220 22001 22029 I art     : Can not find class: Landroid/support/v4/content/LocalBroadcastManager;
02-18 16:53:19.220 22001 22029 I art     : Can not find class: Lcom/qihoo360/mobilesafe/dualphonesdk/ef;
02-18 16:53:19.220 22001 22029 I art     : Can not find class: Lcom/qihoo360/mobilesafe/dualphonesdk/ec;
02-18 16:53:19.220 22001 22029 I art     : Can not find class: Lcom/qihoo360/mobilesafe/dualphonesdk/ee;
02-18 16:53:19.220 22001 22029 I art     : Can not find class: Lcom/qihoo360/mobilesafe/dualphonesdk/eb$a;
02-18 16:53:19.230 22001 22029 I art     : Can not find class: Lcom/qihoo360/mobilesafe/dualphonesdk/ef$a;
02-18 16:53:19.230 22001 22029 I art     : Can not find class: Lcom/qihoo360/mobilesafe/dualphonesdk/eg;
02-18 16:53:19.240 22001 22029 I art     : Can not find class: Lcom/mediatek/common/telephony/ITelephonyEx;
02-18 16:53:19.250 22001 22029 I art     : Can not find class: Lcom/qihoo360/mobilesafe/dualphonesdk/dy;
02-18 16:53:19.250 22001 22029 I art     : Can not find class: Lcom/qihoo360/mobilesafe/dualphonesdk/dv;
02-18 16:53:19.250 22001 22029 I art     : Can not find class: Lcom/qihoo360/mobilesafe/dualphonesdk/bb;
02-18 16:53:19.250 22001 22029 I art     : Can not find class: Lcom/qihoo360/mobilesafe/dualphonesdk/ax;
02-18 16:53:19.250 22001 22029 I art     : Can not find class: Lcom/qihoo360/mobilesafe/dualphonesdk/an;
02-18 16:53:19.250 22001 22029 I art     : Can not find class: Lcom/qihoo360/mobilesafe/dualphonesdk/ak;
02-18 16:53:19.250 22001 22029 I art     : Can not find class: Lcom/qihoo360/mobilesafe/dualphonesdk/aj;
02-18 16:53:19.250 22001 22029 I art     : Can not find class: Lcom/qihoo360/mobilesafe/dualphonesdk/ag;
02-18 16:53:19.250 22001 22029 I art     : Can not find class: Lcom/qihoo360/mobilesafe/dualphonesdk/af;
02-18 16:53:19.250 22001 22029 I art     : Can not find class: Lcom/qihoo360/mobilesafe/dualphonesdk/ab;
02-18 16:53:19.250 22001 22029 I art     : Can not find class: Lcom/qihoo360/mobilesafe/dualphonesdk/cf;
02-18 16:53:19.250 22001 22029 I art     : Can not find class: Lcom/qihoo360/mobilesafe/dualphonesdk/cb;
02-18 16:53:19.250 22001 22029 I art     : Can not find class: Lcom/qihoo360/mobilesafe/dualphonesdk/du;
02-18 16:53:19.250 22001 22029 I art     : Can not find class: Lcom/qihoo360/mobilesafe/dualphonesdk/dp;
02-18 16:53:19.250 22001 22029 I art     : Can not find class: Lcom/qihoo360/mobilesafe/dualphonesdk/bt;
02-18 16:53:19.250 22001 22029 I art     : Can not find class: Lcom/qihoo360/mobilesafe/dualphonesdk/bm;
02-18 16:53:19.250 22001 22029 I art     : Can not find class: Lcom/qihoo360/mobilesafe/dualphonesdk/bz;
02-18 16:53:19.250 22001 22029 I art     : Can not find class: Lcom/qihoo360/mobilesafe/dualphonesdk/bv;
02-18 16:53:19.250 22001 22029 I art     : Can not find class: Lcom/qihoo360/mobilesafe/dualphonesdk/dj;
02-18 16:53:19.250 22001 22029 I art     : Can not find class: Lcom/qihoo360/mobilesafe/dualphonesdk/df;
02-18 16:53:19.250 22001 22029 I art     : Can not find class: Lcom/qihoo360/mobilesafe/dualphonesdk/de;
02-18 16:53:19.260 22001 22029 I art     : Can not find class: Lcom/qihoo360/mobilesafe/dualphonesdk/cz;
02-18 16:53:19.260 22001 22029 I art     : Can not find class: Lcom/qihoo360/mobilesafe/dualphonesdk/cy;
02-18 16:53:19.260 22001 22029 I art     : Can not find class: Lcom/qihoo360/mobilesafe/dualphonesdk/cs;
02-18 16:53:19.260 22001 22029 I art     : Can not find class: Lcom/qihoo360/mobilesafe/dualphonesdk/cr;
02-18 16:53:19.260 22001 22029 I art     : Can not find class: Lcom/qihoo360/mobilesafe/dualphonesdk/cn;
02-18 16:53:19.260 22001 22029 I art     : Can not find class: Lcom/qihoo360/mobilesafe/dualphonesdk/cm;
02-18 16:53:19.260 22001 22029 I art     : Can not find class: Lcom/qihoo360/mobilesafe/dualphonesdk/cg;
02-18 16:53:19.260 22001 22029 I art     : Can not find class: Lcom/qihoo360/mobilesafe/dualphonesdk/aw;
02-18 16:53:19.260 22001 22029 I art     : Can not find class: Lcom/qihoo360/mobilesafe/dualphonesdk/at;
02-18 16:53:19.260 22001 22029 I art     : Can not find class: Lcom/qihoo360/mobilesafe/dualphonesdk/bl;
02-18 16:53:19.260 22001 22029 I art     : Can not find class: Lcom/qihoo360/mobilesafe/dualphonesdk/bj;
02-18 16:53:19.260 22001 22029 I art     : Can not find class: Lcom/qihoo360/mobilesafe/dualphonesdk/bi;
02-18 16:53:19.260 22001 22029 I art     : Can not find class: Lcom/qihoo360/mobilesafe/dualphonesdk/bc;
02-18 16:53:19.270 22001 22029 I art     : Can not find class: Lcom/qihoo360/mobilesafe/dualphonesdk/as;
02-18 16:53:19.270 22001 22029 I art     : Can not find class: Lcom/qihoo360/mobilesafe/dualphonesdk/ao;
02-18 16:53:19.270 22001 22029 I art     : Can not find class: Lcom/qihoo360/mobilesafe/dualphonesdk/do;
02-18 16:53:19.270 22001 22029 I art     : Can not find class: Lcom/qihoo360/mobilesafe/dualphonesdk/dk;
02-18 16:53:19.270 22001 22029 I art     : Can not find class: Lcom/qihoo360/mobilesafe/dualphonesdk/s;
02-18 16:53:19.270 22001 22029 I art     : Can not find class: Lcom/qihoo360/mobilesafe/dualphonesdk/l;
02-18 16:53:19.270 22001 22029 I art     : Can not find class: Lcom/qihoo360/mobilesafe/dualphonesdk/z;
02-18 16:53:19.270 22001 22029 I art     : Can not find class: Lcom/qihoo360/mobilesafe/dualphonesdk/u;
02-18 16:53:19.280 22001 22029 I art     : Can not find class: Lcom/qihoo360/mobilesafe/dualphonesdk/t;
02-18 16:53:19.280 22001 22029 I art     : Can not find class: Lcom/qihoo360/mobilesafe/dualphonesdk/m;
02-18 16:53:19.280 22001 22029 I art     : Can not find class: Lcom/qihoo360/mobilesafe/dualphonesdk/n;
02-18 16:53:19.280 22001 22029 I art     : Can not find class: Lcom/qihoo360/mobilesafe/dualphonesdk/l$1;
02-18 16:53:19.280 22001 22029 I art     : Can not find class: Lcom/qihoo360/mobilesafe/dualphonesdk/l$a;
02-18 16:53:19.280 22001 22029 I art     : Can not find class: Lcom/qihoo360/mobilesafe/dualphonesdk/q;
02-18 16:53:19.280 22001 22029 I art     : Can not find class: Lcom/qihoo360/mobilesafe/dualphonesdk/p;
02-18 16:53:19.290 22001 22029 I art     : Can not find class: Lcom/qihoo360/mobilesafe/dualphonesdk/o;
02-18 16:53:19.300  4083  4103 I HwSystemManager: HoldService:checkBeforeShowDialog: uid:10130 pid:22001, permissionType:2
02-18 16:53:19.300  4083  4103 I HwSystemManager: OverseaCfgHelper:permissionStatus is 0
02-18 16:53:19.310  4083  4103 I HwSystemManager: ShareLib:pkgNameList:1
02-18 16:53:19.310  4083  4103 I HwSystemManager: ShareLib:getApplication pkgName:com.qihoo.appstore
02-18 16:53:19.310  4083  4103 I HwSystemManager: ShareLib:getAppInfo the final pkgName:com.qihoo.appstore
02-18 16:53:19.310  4083  4103 I HwSystemManager: ShareLib:getAppInfo time consume:1
02-18 16:53:19.310  4083  4103 I HwSystemManager: ShareLib:getAppInfoByUidAndPid time consume:3
02-18 16:53:19.310  4083  4103 I HwSystemManager: HoldService:preHoldShow start!
02-18 16:53:19.310  4083  4103 I HwSystemManager: HoldService:The prePermissionType is: 1
02-18 16:53:19.320 22001 22029 I PG Utils: acquire_providerpkg:[com.android.providers.contacts] pid:[]  maybe timeout , send to PG
02-18 16:53:19.570  3125  3145 I art     : Explicit concurrent mark sweep GC freed 163082(8MB) AllocSpace objects, 48(960KB) LOS objects, 28% free, 39MB/55MB, paused 2.260ms total 245.826ms
02-18 16:53:19.580  4083  4526 I HwSystemManager: HoldService:checkBeforeShowDialog: uid:10130 pid:22001, permissionType:2
02-18 16:53:19.580  4083  4526 I HwSystemManager: OverseaCfgHelper:permissionStatus is 0
02-18 16:53:19.580  4083  4526 I HwSystemManager: ShareLib:pkgNameList:1
02-18 16:53:19.580  4083  4526 I HwSystemManager: ShareLib:getApplication pkgName:com.qihoo.appstore
