02-18 16:53:01.540  3125  3426 E WifiStateMachine:  ConnectedState !CMD_RSSI_POLL 26 0 "wifi-comtop" 04:18:d6:22:1a:c4 rssi=-53 f=2437 sc=100 link=72 tx=5.3, 0.0, 0.0  rx=57.2 bcn=0 [on:0 tx:0 rx:0 period:3005] from screen [on:0 period:-208331799] gl u24 rssi=-53 ag=0 hr ticks 0,0,0 ls-=0 [56,56,60,60,65] brc=0 lrc=0
02-18 16:53:01.540  3125  3426 E WifiStateMachine:  L2ConnectedState !CMD_RSSI_POLL 26 0 "wifi-comtop" 04:18:d6:22:1a:c4 rssi=-53 f=2437 sc=100 link=72 tx=5.3, 0.0, 0.0  rx=57.2 bcn=0 [on:0 tx:0 rx:0 period:3] from screen [on:0 period:-208331796] gl u24 rssi=-53 ag=0 hr ticks 0,0,0 ls-=0 [56,56,60,60,65] brc=0 lrc=0
02-18 16:53:01.550  3125  3426 E WifiStateMachine: fetchRssiLinkSpeedAndFrequencyNative rssi=-51 linkspeed=72 SSID="wifi-comtop"
02-18 16:53:01.550  3125  3426 E WifiStateMachine: calculateWifiScore freq=2437 speed=72 score=100 highRSSI  -> txbadrate=0.00 txgoodrate=2.65 txretriesrate=0.00 rxrate=56.59 userTriggerdPenalty0
02-18 16:53:01.550  3125  3426 E WifiStateMachine:  good link -> stuck count =0
02-18 16:53:01.550  3125  3426 E WifiStateMachine:  badRSSI count0 lowRSSI count0 --> score 56
02-18 16:53:01.550  3125  3426 E WifiStateMachine:  isHighRSSI       ---> score=61
02-18 16:53:04.070 21637 21669 I art     : Can not find class: Lcom/qihoo360/mobilesafe/telephonyfactory/DualModuleImpl;
02-18 16:53:04.070 21637 21669 I art     : Can not find class: Lcom/qihoo360/mobilesafe/dualphonesdk/eb;
02-18 16:53:04.070 21637 21669 I art     : Can not find class: Lcom/qihoo360/mobilesafe/dualphonesdk/ea;
02-18 16:53:04.080 21637 21669 I art     : Can not find class: Lcom/qihoo360/mobilesafe/dual/IHostAppUtils;
02-18 16:53:04.080 21637 21669 I art     : Can not find class: Lcom/qihoo360/mobilesafe/dualphonesdk/dz;
02-18 16:53:04.080 21637 21669 I art     : Can not find class: Lcom/qihoo360/mobilesafe/dual/IHostAppUtils;
02-18 16:53:04.080 21637 21669 I art     : Can not find class: Lcom/qihoo360/mobilesafe/dualphonesdk/ed;
02-18 16:53:04.080 21637 21669 I art     : Can not find class: Landroid/support/v4/content/LocalBroadcastManager;
02-18 16:53:04.080 21637 21669 I art     : Can not find class: Lcom/qihoo360/mobilesafe/dualphonesdk/ef;
02-18 16:53:04.080 21637 21669 I art     : Can not find class: Lcom/qihoo360/mobilesafe/dualphonesdk/ec;
02-18 16:53:04.080 21637 21669 I art     : Can not find class: Lcom/qihoo360/mobilesafe/dualphonesdk/ee;
02-18 16:53:04.090 21637 21669 I art     : Can not find class: Lcom/qihoo360/mobilesafe/dualphonesdk/eb$a;
02-18 16:53:04.090 21637 21669 I art     : Can not find class: Lcom/qihoo360/mobilesafe/dualphonesdk/ef$a;
02-18 16:53:04.090 21637 21669 I art     : Can not find class: Lcom/qihoo360/mobilesafe/dualphonesdk/eg;
02-18 16:53:04.100 21637 21669 I art     : Can not find class: Lcom/mediatek/common/telephony/ITelephonyEx;
02-18 16:53:04.110 21637 21669 I art     : Can not find class: Lcom/qihoo360/mobilesafe/dualphonesdk/dy;
02-18 16:53:04.110 21637 21669 I art     : Can not find class: Lcom/qihoo360/mobilesafe/dualphonesdk/dv;
02-18 16:53:04.110 21637 21669 I art     : Can not find class: Lcom/qihoo360/mobilesafe/dualphonesdk/bb;
02-18 16:53:04.110 21637 21669 I art     : Can not find class: Lcom/qihoo360/mobilesafe/dualphonesdk/ax;
02-18 16:53:04.110 21637 21669 I art     : Can not find class: Lcom/qihoo360/mobilesafe/dualphonesdk/an;
02-18 16:53:04.110 21637 21669 I art     : Can not find class: Lcom/qihoo360/mobilesafe/dualphonesdk/ak;
02-18 16:53:04.110 21637 21669 I art     : Can not find class: Lcom/qihoo360/mobilesafe/dualphonesdk/aj;
02-18 16:53:04.110 21637 21669 I art     : Can not find class: Lcom/qihoo360/mobilesafe/dualphonesdk/ag;
02-18 16:53:04.110 21637 21669 I art     : Can not find class: Lcom/qihoo360/mobilesafe/dualphonesdk/af;
02-18 16:53:04.110 21637 21669 I art     : Can not find class: Lcom/qihoo360/mobilesafe/dualphonesdk/ab;
02-18 16:53:04.110 21637 21669 I art     : Can not find class: Lcom/qihoo360/mobilesafe/dualphonesdk/cf;
02-18 16:53:04.110 21637 21669 I art     : Can not find class: Lcom/qihoo360/mobilesafe/dualphonesdk/cb;
02-18 16:53:04.110 21637 21669 I art     : Can not find class: Lcom/qihoo360/mobilesafe/dualphonesdk/du;
02-18 16:53:04.110 21637 21669 I art     : Can not find class: Lcom/qihoo360/mobilesafe/dualphonesdk/dp;
02-18 16:53:04.120 21637 21669 I art     : Can not find class: Lcom/qihoo360/mobilesafe/dualphonesdk/bt;
02-18 16:53:04.120 21637 21669 I art     : Can not find class: Lcom/qihoo360/mobilesafe/dualphonesdk/bm;
02-18 16:53:04.120 21637 21669 I art     : Can not find class: Lcom/qihoo360/mobilesafe/dualphonesdk/bz;
02-18 16:53:04.120 21637 21669 I art     : Can not find class: Lcom/qihoo360/mobilesafe/dualphonesdk/bv;
02-18 16:53:04.120 21637 21669 I art     : Can not find class: Lcom/qihoo360/mobilesafe/dualphonesdk/dj;
02-18 16:53:04.120 21637 21669 I art     : Can not find class: Lcom/qihoo360/mobilesafe/dualphonesdk/df;
02-18 16:53:04.120 21637 21669 I art     : Can not find class: Lcom/qihoo360/mobilesafe/dualphonesdk/de;
02-18 16:53:04.120 21637 21669 I art     : Can not find class: Lcom/qihoo360/mobilesafe/dualphonesdk/cz;
02-18 16:53:04.120 21637 21669 I art     : Can not find class: Lcom/qihoo360/mobilesafe/dualphonesdk/cy;
02-18 16:53:04.120 21637 21669 I art     : Can not find class: Lcom/qihoo360/mobilesafe/dualphonesdk/cs;
02-18 16:53:04.120 21637 21669 I art     : Can not find class: Lcom/qihoo360/mobilesafe/dualphonesdk/cr;
02-18 16:53:04.120 21637 21669 I art     : Can not find class: Lcom/qihoo360/mobilesafe/dualphonesdk/cn;
02-18 16:53:04.120 21637 21669 I art     : Can not find class: Lcom/qihoo360/mobilesafe/dualphonesdk/cm;
02-18 16:53:04.120 21637 21669 I art     : Can not find class: Lcom/qihoo360/mobilesafe/dualphonesdk/cg;
02-18 16:53:04.120 21637 21669 I art     : Can not find class: Lcom/qihoo360/mobilesafe/dualphonesdk/aw;
02-18 16:53:04.120 21637 21669 I art     : Can not find class: Lcom/qihoo360/mobilesafe/dualphonesdk/at;
02-18 16:53:04.120 21637 21669 I art     : Can not find class: Lcom/qihoo360/mobilesafe/dualphonesdk/bl;
02-18 16:53:04.120 21637 21669 I art     : Can not find class: Lcom/qihoo360/mobilesafe/dualphonesdk/bj;
02-18 16:53:04.120 21637 21669 I art     : Can not find class: Lcom/qihoo360/mobilesafe/dualphonesdk/bi;
02-18 16:53:04.120 21637 21669 I art     : Can not find class: Lcom/qihoo360/mobilesafe/dualphonesdk/bc;
02-18 16:53:04.140 21637 21669 I art     : Can not find class: Lcom/qihoo360/mobilesafe/dualphonesdk/as;
02-18 16:53:04.140 21637 21669 I art     : Can not find class: Lcom/qihoo360/mobilesafe/dualphonesdk/ao;
02-18 16:53:04.140 21637 21669 I art     : Can not find class: Lcom/qihoo360/mobilesafe/dualphonesdk/do;
02-18 16:53:04.140 21637 21669 I art     : Can not find class: Lcom/qihoo360/mobilesafe/dualphonesdk/dk;
02-18 16:53:04.140 21637 21669 I art     : Can not find class: Lcom/qihoo360/mobilesafe/dualphonesdk/s;
02-18 16:53:04.140 21637 21669 I art     : Can not find class: Lcom/qihoo360/mobilesafe/dualphonesdk/l;
02-18 16:53:04.140 21637 21669 I art     : Can not find class: Lcom/qihoo360/mobilesafe/dualphonesdk/z;
02-18 16:53:04.140 21637 21669 I art     : Can not find class: Lcom/qihoo360/mobilesafe/dualphonesdk/u;
02-18 16:53:04.140 21637 21669 I art     : Can not find class: Lcom/qihoo360/mobilesafe/dualphonesdk/t;
02-18 16:53:04.140 21637 21669 I art     : Can not find class: Lcom/qihoo360/mobilesafe/dualphonesdk/m;
02-18 16:53:04.150 21637 21669 I art     : Can not find class: Lcom/qihoo360/mobilesafe/dualphonesdk/n;
02-18 16:53:04.150 21637 21669 I art     : Can not find class: Lcom/qihoo360/mobilesafe/dualphonesdk/l$1;
02-18 16:53:04.150 21637 21669 I art     : Can not find class: Lcom/qihoo360/mobilesafe/dualphonesdk/l$a;
02-18 16:53:04.150 21637 21669 I art     : Can not find class: Lcom/qihoo360/mobilesafe/dualphonesdk/q;
02-18 16:53:04.150 21637 21669 I art     : Can not find class: Lcom/qihoo360/mobilesafe/dualphonesdk/p;
02-18 16:53:04.160 21637 21669 I art     : Can not find class: Lcom/qihoo360/mobilesafe/dualphonesdk/o;
02-18 16:53:04.170  4083  4103 I HwSystemManager: HoldService:checkBeforeShowDialog: uid:10130 pid:21637, permissionType:2
02-18 16:53:04.170  4083  4103 I HwSystemManager: OverseaCfgHelper:permissionStatus is 0
02-18 16:53:04.170  4083  4103 I HwSystemManager: ShareLib:pkgNameList:1
02-18 16:53:04.170  4083  4103 I HwSystemManager: ShareLib:getApplication pkgName:com.qihoo.appstore
02-18 16:53:04.170  4083  4103 I HwSystemManager: ShareLib:getAppInfo the final pkgName:com.qihoo.appstore
02-18 16:53:04.170  4083  4103 I HwSystemManager: ShareLib:getAppInfo time consume:2
02-18 16:53:04.170  4083  4103 I HwSystemManager: ShareLib:getAppInfoByUidAndPid time consume:4
02-18 16:53:04.180  4083  4103 I HwSystemManager: HoldService:preHoldShow start!
02-18 16:53:04.180  4083  4103 I HwSystemManager: HoldService:The prePermissionType is: 1
02-18 16:53:04.190 21637 21669 I PG Utils: acquire_providerpkg:[com.android.providers.contacts] pid:[]  maybe timeout , send to PG
02-18 16:53:04.200  4083  4497 I HwSystemManager: HoldService:checkBeforeShowDialog: uid:10130 pid:21637, permissionType:2
02-18 16:53:04.200  4083  4497 I HwSystemManager: OverseaCfgHelper:permissionStatus is 0
02-18 16:53:04.200  4083  4497 I HwSystemManager: ShareLib:pkgNameList:1
02-18 16:53:04.200  4083  4497 I HwSystemManager: ShareLib:getApplication pkgName:com.qihoo.appstore
02-18 16:53:04.200  4083  4497 I HwSystemManager: ShareLib:getAppInfo the final pkgName:com.qihoo.appstore
02-18 16:53:04.200  4083  4497 I HwSystemManager: ShareLib:getAppInfo time consume:1
02-18 16:53:04.200  4083  4497 I HwSystemManager: ShareLib:getAppInfoByUidAndPid time consume:3
02-18 16:53:04.200  4083  4497 I HwSystemManager: HoldService:preHoldShow start!
02-18 16:53:04.200  4083  4497 I HwSystemManager: HoldService:The prePermissionType is: 1
02-18 16:53:04.210  4083  4110 I HwSystemManager: HoldService:checkBeforeShowDialog: uid:10130 pid:21637, permissionType:4
02-18 16:53:04.210  4083  4110 I HwSystemManager: OverseaCfgHelper:permissionStatus is 0
02-18 16:53:04.210  4083  4110 I HwSystemManager: ShareLib:pkgNameList:1
02-18 16:53:04.210  4083  4110 I HwSystemManager: ShareLib:getApplication pkgName:com.qihoo.appstore
02-18 16:53:04.210  4083  4110 I HwSystemManager: ShareLib:getAppInfo the final pkgName:com.qihoo.appstore
02-18 16:53:04.220  4083  4110 I HwSystemManager: ShareLib:getAppInfo time consume:2
02-18 16:53:04.220  4083  4110 I HwSystemManager: ShareLib:getAppInfoByUidAndPid time consume:4
02-18 16:53:04.220  4083  4110 I HwSystemManager: HoldService:preHoldShow start!
02-18 16:53:04.220  4083  4110 I HwSystemManager: HoldService:The prePermissionType is: 2
02-18 16:53:04.220  4083  4110 I HwSystemManager: HoldService:showNotificationWhenBlocked uid:10130 pid:21637 pkgName:com.qihoo.appstore permissionType:4
02-18 16:53:04.220  4083 30351 I HwSystemManager: PermissionDbVisitor:insertHistoryRecord:HistoryRecord[packageName:com.qihoo.appstore,permissionType:4,action:10,dateStartTime:1455724800000,timeStamp:1455785584223]
02-18 16:53:04.220  4083  4110 I HwSystemManager: HoldService:showToastWhenBlocked permissionTypeList:true
02-18 16:53:04.220  4083  4110 W HwSystemManager: HoldService:showToast return because the blocked app is not foreground!
02-18 16:53:04.230  4083  4103 I HwSystemManager: HoldService:checkBeforeShowDialog: uid:10130 pid:21637, permissionType:2
02-18 16:53:04.230  4083  4103 I HwSystemManager: OverseaCfgHelper:permissionStatus is 0
02-18 16:53:04.250  4083  4103 I HwSystemManager: ShareLib:pkgNameList:1
02-18 16:53:04.250  4083  4103 I HwSystemManager: ShareLib:getApplication pkgName:com.qihoo.appstore
02-18 16:53:04.250  4083  4103 I HwSystemManager: ShareLib:getAppInfo the final pkgName:com.qihoo.appstore
02-18 16:53:04.250  4083  4103 I HwSystemManager: ShareLib:getAppInfo time consume:2
02-18 16:53:04.250  4083  4103 I HwSystemManager: ShareLib:getAppInfoByUidAndPid time consume:4
02-18 16:53:04.250  4083  4103 I HwSystemManager: HoldService:preHoldShow start!
02-18 16:53:04.250  4083  4103 I HwSystemManager: HoldService:The prePermissionType is: 1
02-18 16:53:04.550  3125  3426 E WifiStateMachine:  ConnectedState !CMD_RSSI_POLL 26 0 "wifi-comtop" 04:18:d6:22:1a:c4 rssi=-51 f=2437 sc=100 link=72 tx=2.6, 0.0, 0.0  rx=56.6 bcn=0 [on:0 tx:0 rx:0 period:3003] from screen [on:0 period:-208328785] gl u24 rssi=-51 ag=0 hr ticks 0,0,0 ls-=0 [56,56,56,56,61] brc=0 lrc=0
02-18 16:53:04.560  3125  3426 E WifiStateMachine:  L2ConnectedState !CMD_RSSI_POLL 26 0 "wifi-comtop" 04:18:d6:22:1a:c4 rssi=-51 f=2437 sc=100 link=72 tx=2.6, 0.0, 0.0  rx=56.6 bcn=0 [on:0 tx:0 rx:0 period:2] from screen [on:0 period:-208328783] gl u24 rssi=-51 ag=0 hr ticks 0,0,0 ls-=0 [56,56,56,56,61] brc=0 lrc=0
02-18 16:53:04.560  3125  3426 E WifiStateMachine: fetchRssiLinkSpeedAndFrequencyNative rssi=-51 linkspeed=72 SSID="wifi-comtop"
02-18 16:53:04.560  3125  3426 E WifiStateMachine: calculateWifiScore freq=2437 speed=72 score=100 highRSSI  -> txbadrate=0.00 txgoodrate=1.82 txretriesrate=0.00 rxrate=66.79 userTriggerdPenalty0
02-18 16:53:04.560  3125  3426 E WifiStateMachine:  good link -> stuck count =0
02-18 16:53:04.560  3125  3426 E WifiStateMachine:  badRSSI count0 lowRSSI count0 --> score 56
02-18 16:53:04.560  3125  3426 E WifiStateMachine:  isHighRSSI       ---> score=61
02-18 16:53:04.640 21637 21653 W CursorWrapperInner: Cursor finalized without prior close()
02-18 16:53:04.640 21637 21653 W CursorWrapperInner: Cursor finalized without prior close()
02-18 16:53:04.670 21637 21669 I art     : Can not find class: Landroid/support/multidex/MultiDex;
02-18 16:53:04.670 21637 21669 W System.err: java.lang.ClassNotFoundException: android.support.multidex.MultiDex
02-18 16:53:04.670 21637 21669 W System.err: 	at java.lang.Class.classForName(Native Method)
02-18 16:53:04.670 21637 21669 W System.err: 	at java.lang.Class.forName(Class.java:308)
02-18 16:53:04.670 21637 21669 W System.err: 	at java.lang.Class.forName(Class.java:272)
02-18 16:53:04.670 21637 21669 W System.err: 	at com.qihoo.rtservice.MultiDexManager.a(Unknown Source)
02-18 16:53:04.670 21637 21669 W System.err: 	at com.qihoo.rtservice.MultiDexManager.a(Unknown Source)
02-18 16:53:04.670 21637 21669 W System.err: 	at com.qihoo.rtservice.MultiDexManager.getDexpath(Unknown Source)
02-18 16:53:04.670 21637 21669 W System.err: 	at com.qihoo.appstore.CoreDaemon.tryStart(Unknown Source)
02-18 16:53:04.670 21637 21669 W System.err: 	at com.qihoo.appstore.b.run(Unknown Source)
02-18 16:53:04.670 21637 21669 W System.err: 	at java.util.Timer$TimerImpl.run(Timer.java:284)
02-18 16:53:04.670 21637 21669 W System.err: Caused by: java.lang.ClassNotFoundException: Didn't find class "android.support.multidex.MultiDex" on path: DexPathList[[zip file "/data/app/com.qihoo.appstore-2/base.apk"],nativeLibraryDirectories=[/data/app/com.qihoo.appstore-2/lib/arm, /vendor/lib, /system/lib]]
02-18 16:53:04.670 21637 21669 W System.err: 	at dalvik.system.BaseDexClassLoader.findClass(BaseDexClassLoader.java:56)
02-18 16:53:04.670 21637 21669 W System.err: 	at java.lang.ClassLoader.loadClass(ClassLoader.java:511)
02-18 16:53:04.670 21637 21669 W System.err: 	at java.lang.ClassLoader.loadClass(ClassLoader.java:469)
02-18 16:53:04.670 21637 21669 W System.err: 	... 9 more
02-18 16:53:04.670 21637 21669 W System.err: 	Suppressed: java.lang.ClassNotFoundException: android.support.multidex.MultiDex
02-18 16:53:04.670 21637 21669 W System.err: 		at java.lang.Class.classForName(Native Method)
02-18 16:53:04.670 21637 21669 W System.err: 		at java.lang.BootClassLoader.findClass(ClassLoader.java:781)
02-18 16:53:04.670 21637 21669 W System.err: 		at java.lang.BootClassLoader.loadClass(ClassLoader.java:841)
02-18 16:53:04.670 21637 21669 W System.err: 		at java.lang.ClassLoader.loadClass(ClassLoader.java:504)
02-18 16:53:04.670 21637 21669 W System.err: 		... 10 more
02-18 16:53:04.670 21637 21669 W System.err: 	Caused by: java.lang.NoClassDefFoundError: Class not found using the boot class loader; no stack available
02-18 16:53:04.930 21728 21728 I appproc : CLASSPATH=:/data/app/com.qihoo.appstore-2/base.apk
02-18 16:53:04.930 21728 21728 I appproc : Command=app_process32 / com.qihoo.appstore.CoreDaemon --nice-name=com.qihoo.appstore_CoreDaemon --daemon 
02-18 16:53:04.930 21728 21728 I appproc : app_process:number,4,0
02-18 16:53:04.940 21728 21728 I AndroidRuntime: readDownloadBoosterConfig: 'false'
02-18 16:53:05.030 21728 21728 I         : power log dlsym ok
02-18 16:53:05.080 21728 21728 E android_hardware_fm.cpp: register_android_hardware_fm_fmradio
02-18 16:53:05.080 21728 21728 I android_hardware_fm.cpp: ========32bit long size = 4
02-18 16:53:05.080 21728 21728 E FM_HAL  : [FM_HAL], libname is libhisifm_if
02-18 16:53:05.080 21728 21728 I fm_hisi : FM::[fm_device_open:4673] fm_device_open
02-18 16:53:05.080 21728 21728 I fm_hisi : 
02-18 16:53:05.080 21728 21728 I fm_hisi : FM::[fm_device_open:4684] find the id:libhisifm_if and begins to open the device
02-18 16:53:05.080 21728 21728 I fm_hisi : 
02-18 16:53:05.080 21728 21728 I fm_hisi : FM::[fm_device_open:4728] device open sucess
02-18 16:53:05.080 21728 21728 I fm_hisi : 
02-18 16:53:05.080 21728 21728 E android_hardware_fm.cpp: register_android_hardware_fm_fmradio, ret is 0
02-18 16:53:05.120 21728 21728 I MultiDex: VM with version 2.1.0 has multidex support
02-18 16:53:05.180 21750 21750 E CoreDaemon: getProcessName com.qihoo.appstore_CoreDaemon
02-18 16:53:05.180 21749 21749 E CoreDaemon: getProcessName com.qihoo.appstore_CoreDaemon
02-18 16:53:05.410  4083  4083 I HwSystemManager: InputMethodStringPredicate:InputMethodStringPredicate :: inputMethods = [com.sohu.inputmethod.sogou, .SogouIME, com.android.inputmethod.latin]
02-18 16:53:05.420  4083  4083 I HwSystemManager: LauncherPredicate:get default launcher is null, set hwlauncher
02-18 16:53:05.430  4083  4083 I HwSystemManager: InputMethodStringPredicate:InputMethodStringPredicate :: inputMethods = [com.sohu.inputmethod.sogou, .SogouIME, com.android.inputmethod.latin]
02-18 16:53:05.440  4083  4083 I HwSystemManager: LauncherPredicate:get default launcher is null, set hwlauncher
02-18 16:53:05.440  4083  4083 I HwSystemManager: SMCSFilerBase:mFilterType=1
02-18 16:53:05.440  4083  4083 I HwSystemManager: SmartMemoryCleanService:SMCSDataManager.checkAvailMemory.: availMem 565268480 [332800000,437657600,542515200]
02-18 16:53:05.440  4083  4083 I HwSystemManager: SmartMemoryCleanService:SMCSFilerType1.filterTrimProcessBlacklist: begin blacklist filter.
02-18 16:53:05.440  4083  4083 I HwSystemManager: SmartMemoryCleanService:checkProcPkgs called
02-18 16:53:05.440  4083  4083 I HwSystemManager: SmartMemoryCleanService:hasPredicatePkgs :: pkg = com.qihoo.appstore
02-18 16:53:05.440  4083  4083 I HwSystemManager: SmartMemoryCleanService:SMCSFilerType1.filterTrimProcessBlacklist:  process com.qihoo.daemon is still in the blacklist and should be trimed:
02-18 16:53:05.440  4083  4083 I HwSystemManager: STProcessRecord: 
02-18 16:53:05.440  4083  4083 I HwSystemManager:     processName: com.qihoo.daemon
02-18 16:53:05.440  4083  4083 I HwSystemManager:     curAdj 8
02-18 16:53:05.440  4083  4083 I HwSystemManager:     pkgs: [com.qihoo.appstore]
02-18 16:53:05.440  4083  4083 I HwSystemManager:     uid 10130
02-18 16:53:05.440  4083  4083 I HwSystemManager:     pid 21637
02-18 16:53:05.440  4083  4083 I HwSystemManager: SmartMemoryCleanService:checkProcPkgs called
02-18 16:53:05.440  4083  4083 I HwSystemManager: SmartMemoryCleanService:hasPredicatePkgs :: pkg = com.qihoo.appstore
02-18 16:53:05.440  4083  4083 I HwSystemManager: SmartMemoryCleanService:SMCSFilerType1.filterTrimProcessBlacklist:  process com.qihoo.appstore is still in the blacklist and should be trimed:
02-18 16:53:05.440  4083  4083 I HwSystemManager: STProcessRecord: 
02-18 16:53:05.440  4083  4083 I HwSystemManager:     processName: com.qihoo.appstore
02-18 16:53:05.440  4083  4083 I HwSystemManager:     curAdj 5
02-18 16:53:05.440  4083  4083 I HwSystemManager:     pkgs: [com.qihoo.appstore]
02-18 16:53:05.440  4083  4083 I HwSystemManager:     uid 10130
02-18 16:53:05.440  4083  4083 I HwSystemManager:     pid 4870
02-18 16:53:05.440  4083  4083 I HwSystemManager: SmartMemoryCleanService:checkProcPkgs called
02-18 16:53:05.440  4083  4083 I HwSystemManager: SmartMemoryCleanService:hasPredicatePkgs :: pkg = com.qihoo.appstore
02-18 16:53:05.440  4083  4083 I HwSystemManager: SmartMemoryCleanService:SMCSFilerType1.filterTrimProcessBlacklist:  process com.qihoo.appstore:PluginP01 is still in the blacklist and should be trimed:
02-18 16:53:05.440  4083  4083 I HwSystemManager: STProcessRecord: 
02-18 16:53:05.440  4083  4083 I HwSystemManager:     processName: com.qihoo.appstore:PluginP01
02-18 16:53:05.440  4083  4083 I HwSystemManager:     curAdj 5
02-18 16:53:05.440  4083  4083 I HwSystemManager:     pkgs: [com.qihoo.appstore]
02-18 16:53:05.440  4083  4083 I HwSystemManager:     uid 10130
02-18 16:53:05.440  4083  4083 I HwSystemManager:     pid 31351
02-18 16:53:05.440  4083  4083 I HwSystemManager: SmartMemoryCleanService:checkProcPkgs called
02-18 16:53:05.440  4083  4083 I HwSystemManager: SmartMemoryCleanService:hasPredicatePkgs :: pkg = com.qihoo.appstore
02-18 16:53:05.440  4083  4083 I HwSystemManager: SmartMemoryCleanService:SMCSFilerType1.filterTrimProcessBlacklist:  process com.qihoo.appstore:PluginP06 is still in the blacklist and should be trimed:
02-18 16:53:05.440  4083  4083 I HwSystemManager: STProcessRecord: 
02-18 16:53:05.440  4083  4083 I HwSystemManager:     processName: com.qihoo.appstore:PluginP06
02-18 16:53:05.440  4083  4083 I HwSystemManager:     curAdj 8
02-18 16:53:05.440  4083  4083 I HwSystemManager:     pkgs: [com.qihoo.appstore]
02-18 16:53:05.440  4083  4083 I HwSystemManager:     uid 10130
02-18 16:53:05.440  4083  4083 I HwSystemManager:     pid 19032
02-18 16:53:05.440  4083  4083 I HwSystemManager: SmartMemoryCleanService:SMCSFilerType1.filterTrimProcessBlacklist: end blacklist filter.
02-18 16:53:05.440  4083  4083 I HwSystemManager: SmartMemoryCleanService:SMCSFilterTypeCondiForce.filterTrimProcessFirst: begin fist filter.
02-18 16:53:05.440  4083  4083 I HwSystemManager: SmartMemoryCleanService:checkProcPkgs called
02-18 16:53:05.440  4083  4083 I HwSystemManager: SmartMemoryCleanService:SMCSFilerBase.checkProcPkg:  package com.huawei.android.launcher is not in the trim list.
02-18 16:53:05.440  4083  4083 I HwSystemManager: SmartMemoryCleanService:checkProcPkgs called
02-18 16:53:05.440  4083  4083 I HwSystemManager: SmartMemoryCleanService:SMCSFilerBase.checkProcPkg:  package com.comtop.eim has notification.
02-18 16:53:05.440  4083  4083 I HwSystemManager: SmartMemoryCleanService:checkProcPkgs called
02-18 16:53:05.450  4083  4083 I HwSystemManager: SmartMemoryCleanService:SMCSFilerBase.checkProcPkg:  package com.comtop.eim has notification.
02-18 16:53:05.450  4083  4083 I HwSystemManager: SmartMemoryCleanService:checkProcPkgs called
02-18 16:53:05.450  4083  4083 I HwSystemManager: SmartMemoryCleanService:SMCSFilerBase.checkProcPkg:  package com.android.settings is not in the trim list.
02-18 16:53:05.450  4083  4083 I HwSystemManager: SmartMemoryCleanService:checkProcPkgs called
02-18 16:53:05.450  4083  4083 I HwSystemManager: SmartMemoryCleanService:SMCSFilerBase.checkProcPkg:  package com.google.android.gms is not in the trim list.
02-18 16:53:05.450  4083  4083 I HwSystemManager: SmartMemoryCleanService:checkProcPkgs called
02-18 16:53:05.450  4083  4083 I HwSystemManager: SmartMemoryCleanService:SMCSFilerBase.checkProcPkg:  package com.android.providers.userdictionary is not in the trim list.
02-18 16:53:05.450  4083  4083 I HwSystemManager: SmartMemoryCleanService:checkProcPkgs called
02-18 16:53:05.450  4083  4083 I HwSystemManager: SmartMemoryCleanService:SMCSFilerBase.checkProcPkg:  package com.huawei.systemmanager is not in the trim list.
02-18 16:53:05.450  4083  4083 I HwSystemManager: SmartMemoryCleanService:checkProcPkgs called
02-18 16:53:05.450  4083  4083 I HwSystemManager: SmartMemoryCleanService:SMCSFilerBase.checkProcPkg:  package com.huawei.android.karaokeeffect is not in the trim list.
02-18 16:53:05.450  4083  4083 I HwSystemManager: SmartMemoryCleanService:checkProcPkgs called
02-18 16:53:05.450  4083  4083 I HwSystemManager: SmartMemoryCleanService:hasPredicatePkgs :: pkg = com.sohu.inputmethod.sogou
02-18 16:53:05.450  4083  4083 I HwSystemManager: InputMethodStringPredicate:InputMethodStringPredicate :: getPackageName = com.sohu.inputmethod.sogou
02-18 16:53:05.450  4083  4083 I HwSystemManager: SmartMemoryCleanService:SMCSFilerBase.hasPredicatePkgs:  pkg  com.sohu.inputmethod.sogou
02-18 16:53:05.450  4083  4083 I HwSystemManager: SmartMemoryCleanService:checkProcPkgs called
02-18 16:53:05.450  4083  4083 I HwSystemManager: SmartMemoryCleanService:SMCSFilerBase.checkProcPkg:  package com.huawei.android.totemweather is not in the trim list.
02-18 16:53:05.450  4083  4083 I HwSystemManager: SmartMemoryCleanService:checkProcPkgs called
02-18 16:53:05.450  4083  4083 I HwSystemManager: SmartMemoryCleanService:SMCSFilerBase.checkProcPkg:  package com.huawei.motionservice is not in the trim list.
02-18 16:53:05.450  4083  4083 I HwSystemManager: SmartMemoryCleanService:checkProcPkgs called
02-18 16:53:05.450  4083  4083 I HwSystemManager: SmartMemoryCleanService:SMCSFilerBase.checkProcPkg:  package com.android.providers.media is not in the trim list.
02-18 16:53:05.450  4083  4083 I HwSystemManager: SmartMemoryCleanService:checkProcPkgs called
02-18 16:53:05.450  4083  4083 I HwSystemManager: SmartMemoryCleanService:SMCSFilerBase.checkProcPkg:  package com.huawei.android.airsharing is not in the trim list.
02-18 16:53:05.450  4083  4083 I HwSystemManager: SmartMemoryCleanService:checkProcPkgs called
02-18 16:53:05.450  4083  4083 I HwSystemManager: SmartMemoryCleanService:SMCSFilerBase.checkProcPkg:  package com.cootek.smartdialer_oem_module is not in the trim list.
02-18 16:53:05.450  4083  4083 I HwSystemManager: SmartMemoryCleanService:checkProcPkgs called
02-18 16:53:05.450  4083  4083 I HwSystemManager: SmartMemoryCleanService:SMCSFilerBase.checkProcPkg:  package com.huawei.bd is not in the trim list.
02-18 16:53:05.450  4083  4083 I HwSystemManager: SmartMemoryCleanService:checkProcPkgs called
02-18 16:53:05.450  4083  4083 I HwSystemManager: SmartMemoryCleanService:SMCSFilerBase.checkProcPkg:  package com.huawei.android.pushagent is not in the trim list.
02-18 16:53:05.450  4083  4083 I HwSystemManager: SmartMemoryCleanService:checkProcPkgs called
02-18 16:53:05.450  4083  4083 I HwSystemManager: SmartMemoryCleanService:SMCSFilerBase.checkProcPkg:  package com.google.android.gms is not in the trim list.
02-18 16:53:05.450  4083  4083 I HwSystemManager: SmartMemoryCleanService:checkProcPkgs called
02-18 16:53:05.450  4083  4083 I HwSystemManager: SmartMemoryCleanService:SMCSFilerBase.checkProcPkg:  pkg  com.comtop.mim has been used.
02-18 16:53:05.450  4083  4083 I HwSystemManager: SmartMemoryCleanService:checkProcPkgs called
02-18 16:53:05.450  4083  4083 I HwSystemManager: SmartMemoryCleanService:SMCSFilerBase.checkProcPkg:  package android is not in the trim list.
02-18 16:53:05.450  4083  4083 I HwSystemManager: SmartMemoryCleanService:SMCSFilerType1.filterTrimProcessFirst: end fist filter.
02-18 16:53:05.450  4083  4083 I HwSystemManager: SmartMemoryCleanService:SMCSTrimer.dumpGotProcessRelations: process com.qihoo.appstore has relations: 
02-18 16:53:05.450  4083  4083 I HwSystemManager: SmartMemoryCleanService:SMCSTrimer.dumpGotProcessRelations: process com.qihoo.appstore has relations: 
02-18 16:53:05.450  4083  4083 I HwSystemManager: com.qihoo.secstore.com.qihoo.daemon
02-18 16:53:05.670  4083  4803 I HwSystemManager: BgPowerManagerService:onProcessDied uid = 10130
02-18 16:53:05.670  4083  4803 I HwSystemManager: NotificationListEditor:RemoveNotifyList []
02-18 16:53:05.670  4083  4526 I HwSystemManager: HoldService:uid:10130 pid:21637 died
02-18 16:53:05.670  4083  4526 I HwSystemManager: HoldService:key:10130,21637
02-18 16:53:05.670  3125  3788 E HsmCoreServiceImpl: onTransact in code is: 102
02-18 16:53:05.670  3125  3788 I MediaProcessHandler: processOp opType: 1, uid: 10130, pid: 21637
02-18 16:53:05.670  3125  3788 W MediaProcessHandler: remove target not exist, maybe the UI process: uid: 10130, pid: 21637
02-18 16:53:05.740  4083  4803 I HwSystemManager: HoldService:checkBeforeShowDialog: uid:10110 pid:19735, permissionType:4
02-18 16:53:05.740  4083  4803 I HwSystemManager: OverseaCfgHelper:permissionStatus is 0
02-18 16:53:05.740  4083  4803 I HwSystemManager: ShareLib:pkgNameList:1
02-18 16:53:05.740  4083  4803 I HwSystemManager: ShareLib:getApplication pkgName:com.wandoujia.phoenix2.usbproxy
02-18 16:53:05.740  4083  4803 I HwSystemManager: ShareLib:getAppInfo the final pkgName:com.wandoujia.phoenix2.usbproxy
02-18 16:53:05.740  4083  4803 I HwSystemManager: ShareLib:getAppInfo time consume:1
02-18 16:53:05.740  4083  4803 I HwSystemManager: ShareLib:getAppInfoByUidAndPid time consume:3
02-18 16:53:05.750  4083  4803 I HwSystemManager: HoldService:preHoldShow start!
02-18 16:53:05.750  4083  4803 I HwSystemManager: HoldService:The prePermissionType is: 1
02-18 16:53:05.930 21763 21763 I art     : Can not find class: Lcom/android/internal/policy/PhoneWindow$WindowManagerHolder;
02-18 16:53:06.180 21763 21763 I MultiDex: VM with version 2.1.0 has multidex support
02-18 16:53:06.310  2856  3059 I OAM     : [check_file_size:402]/data/hwlogdir/wifi_log/wifi_log_1 log file beyond size=10240Byte, creat new file
02-18 16:53:06.310  2856  3059 I OAM     : [rename_old_file:107]rename_old_file
02-18 16:53:06.310  2856  3059 I OAM     : 
02-18 16:53:06.400 25290 25290 I wpa_supplicant: wlan0: HEART-BEAT-ACK: 603
02-18 16:53:06.400  3125 25307 E WifiMonitor: WifiMonitor:wlan0 cnt=5008 dispatchEvent: HEART-BEAT-ACK: 603
02-18 16:53:06.400  3125  3426 E WifiStateMachine:  ConnectedState !what:147506 0 0
02-18 16:53:06.400  3125  3426 E WifiStateMachine:  L2ConnectedState !what:147506 0 0
02-18 16:53:06.400  3125  3426 E WifiStateMachine:  ConnectModeState !what:147506 0 0
02-18 16:53:06.400  3125  3426 E WifiStateMachine:  DriverStartedState !what:147506 0 0
02-18 16:53:06.400  3125  3426 E WifiStateMachine:  SupplicantStartedState !what:147506 0 0
02-18 16:53:07.560  3125  3426 E WifiStateMachine:  ConnectedState !CMD_RSSI_POLL 26 0 "wifi-comtop" 04:18:d6:22:1a:c4 rssi=-51 f=2437 sc=100 link=72 tx=1.8, 0.0, 0.0  rx=66.8 bcn=0 [on:0 tx:0 rx:0 period:3005] from screen [on:0 period:-208325775] gl u24 rssi=-51 ag=0 hr ticks 0,0,0 ls-=0 [56,56,56,56,61] brc=0 lrc=0
02-18 16:53:07.570  3125  3426 E WifiStateMachine:  L2ConnectedState !CMD_RSSI_POLL 26 0 "wifi-comtop" 04:18:d6:22:1a:c4 rssi=-51 f=2437 sc=100 link=72 tx=1.8, 0.0, 0.0  rx=66.8 bcn=0 [on:0 tx:0 rx:0 period:4] from screen [on:0 period:-208325771] gl u24 rssi=-51 ag=0 hr ticks 0,0,0 ls-=0 [56,56,56,56,61] brc=0 lrc=0
02-18 16:53:07.570  3125  3426 E WifiStateMachine: fetchRssiLinkSpeedAndFrequencyNative rssi=-52 linkspeed=72 SSID="wifi-comtop"
02-18 16:53:07.580  3125  3426 E WifiStateMachine: calculateWifiScore freq=2437 speed=72 score=100 highRSSI  -> txbadrate=0.00 txgoodrate=0.91 txretriesrate=0.00 rxrate=120.90 userTriggerdPenalty0
02-18 16:53:07.580  3125  3426 E WifiStateMachine:  good link -> stuck count =0
02-18 16:53:07.580  3125  3426 E WifiStateMachine:  badRSSI count0 lowRSSI count0 --> score 56
02-18 16:53:07.580  3125  3426 E WifiStateMachine:  isHighRSSI       ---> score=61
02-18 16:53:07.900 12998 12998 E textview: initAddtionalStyle default
02-18 16:53:09.240 21763 21793 I art     : Can not find class: Lcom/qihoo360/mobilesafe/telephonyfactory/DualModuleImpl;
02-18 16:53:09.240 21763 21793 I art     : Can not find class: Lcom/qihoo360/mobilesafe/dualphonesdk/eb;
02-18 16:53:09.240 21763 21793 I art     : Can not find class: Lcom/qihoo360/mobilesafe/dualphonesdk/ea;
02-18 16:53:09.240 21763 21793 I art     : Can not find class: Lcom/qihoo360/mobilesafe/dual/IHostAppUtils;
02-18 16:53:09.240 21763 21793 I art     : Can not find class: Lcom/qihoo360/mobilesafe/dualphonesdk/dz;
02-18 16:53:09.250 21763 21793 I art     : Can not find class: Lcom/qihoo360/mobilesafe/dual/IHostAppUtils;
02-18 16:53:09.250 21763 21793 I art     : Can not find class: Lcom/qihoo360/mobilesafe/dualphonesdk/ed;
02-18 16:53:09.250 21763 21793 I art     : Can not find class: Landroid/support/v4/content/LocalBroadcastManager;
02-18 16:53:09.250 21763 21793 I art     : Can not find class: Lcom/qihoo360/mobilesafe/dualphonesdk/ef;
02-18 16:53:09.250 21763 21793 I art     : Can not find class: Lcom/qihoo360/mobilesafe/dualphonesdk/ec;
02-18 16:53:09.250 21763 21793 I art     : Can not find class: Lcom/qihoo360/mobilesafe/dualphonesdk/ee;
02-18 16:53:09.260 21763 21793 I art     : Can not find class: Lcom/qihoo360/mobilesafe/dualphonesdk/eb$a;
02-18 16:53:09.260 21763 21793 I art     : Can not find class: Lcom/qihoo360/mobilesafe/dualphonesdk/ef$a;
02-18 16:53:09.260 21763 21793 I art     : Can not find class: Lcom/qihoo360/mobilesafe/dualphonesdk/eg;
02-18 16:53:09.270 21763 21793 I art     : Can not find class: Lcom/mediatek/common/telephony/ITelephonyEx;
02-18 16:53:09.280 21763 21793 I art     : Can not find class: Lcom/qihoo360/mobilesafe/dualphonesdk/dy;
02-18 16:53:09.280 21763 21793 I art     : Can not find class: Lcom/qihoo360/mobilesafe/dualphonesdk/dv;
02-18 16:53:09.280 21763 21793 I art     : Can not find class: Lcom/qihoo360/mobilesafe/dualphonesdk/bb;
02-18 16:53:09.280 21763 21793 I art     : Can not find class: Lcom/qihoo360/mobilesafe/dualphonesdk/ax;
02-18 16:53:09.280 21763 21793 I art     : Can not find class: Lcom/qihoo360/mobilesafe/dualphonesdk/an;
02-18 16:53:09.280 21763 21793 I art     : Can not find class: Lcom/qihoo360/mobilesafe/dualphonesdk/ak;
02-18 16:53:09.290 21763 21793 I art     : Can not find class: Lcom/qihoo360/mobilesafe/dualphonesdk/aj;
02-18 16:53:09.290 21763 21793 I art     : Can not find class: Lcom/qihoo360/mobilesafe/dualphonesdk/ag;
02-18 16:53:09.290 21763 21793 I art     : Can not find class: Lcom/qihoo360/mobilesafe/dualphonesdk/af;
02-18 16:53:09.290 21763 21793 I art     : Can not find class: Lcom/qihoo360/mobilesafe/dualphonesdk/ab;
02-18 16:53:09.290 21763 21793 I art     : Can not find class: Lcom/qihoo360/mobilesafe/dualphonesdk/cf;
02-18 16:53:09.290 21763 21793 I art     : Can not find class: Lcom/qihoo360/mobilesafe/dualphonesdk/cb;
02-18 16:53:09.290 21763 21793 I art     : Can not find class: Lcom/qihoo360/mobilesafe/dualphonesdk/du;
02-18 16:53:09.290 21763 21793 I art     : Can not find class: Lcom/qihoo360/mobilesafe/dualphonesdk/dp;
02-18 16:53:09.290 21763 21793 I art     : Can not find class: Lcom/qihoo360/mobilesafe/dualphonesdk/bt;
02-18 16:53:09.290 21763 21793 I art     : Can not find class: Lcom/qihoo360/mobilesafe/dualphonesdk/bm;
02-18 16:53:09.290 21763 21793 I art     : Can not find class: Lcom/qihoo360/mobilesafe/dualphonesdk/bz;
02-18 16:53:09.290 21763 21793 I art     : Can not find class: Lcom/qihoo360/mobilesafe/dualphonesdk/bv;
02-18 16:53:09.290 21763 21793 I art     : Can not find class: Lcom/qihoo360/mobilesafe/dualphonesdk/dj;
02-18 16:53:09.290 21763 21793 I art     : Can not find class: Lcom/qihoo360/mobilesafe/dualphonesdk/df;
02-18 16:53:09.290 21763 21793 I art     : Can not find class: Lcom/qihoo360/mobilesafe/dualphonesdk/de;
02-18 16:53:09.300 21763 21793 I art     : Can not find class: Lcom/qihoo360/mobilesafe/dualphonesdk/cz;
02-18 16:53:09.300 21763 21793 I art     : Can not find class: Lcom/qihoo360/mobilesafe/dualphonesdk/cy;
02-18 16:53:09.300 21763 21793 I art     : Can not find class: Lcom/qihoo360/mobilesafe/dualphonesdk/cs;
02-18 16:53:09.300 21763 21793 I art     : Can not find class: Lcom/qihoo360/mobilesafe/dualphonesdk/cr;
02-18 16:53:09.300 21763 21793 I art     : Can not find class: Lcom/qihoo360/mobilesafe/dualphonesdk/cn;
02-18 16:53:09.300 21763 21793 I art     : Can not find class: Lcom/qihoo360/mobilesafe/dualphonesdk/cm;
02-18 16:53:09.300 21763 21793 I art     : Can not find class: Lcom/qihoo360/mobilesafe/dualphonesdk/cg;
02-18 16:53:09.300 21763 21793 I art     : Can not find class: Lcom/qihoo360/mobilesafe/dualphonesdk/aw;
02-18 16:53:09.300 21763 21793 I art     : Can not find class: Lcom/qihoo360/mobilesafe/dualphonesdk/at;
02-18 16:53:09.300 21763 21793 I art     : Can not find class: Lcom/qihoo360/mobilesafe/dualphonesdk/bl;
02-18 16:53:09.300 21763 21793 I art     : Can not find class: Lcom/qihoo360/mobilesafe/dualphonesdk/bj;
02-18 16:53:09.300 21763 21793 I art     : Can not find class: Lcom/qihoo360/mobilesafe/dualphonesdk/bi;
02-18 16:53:09.300 21763 21793 I art     : Can not find class: Lcom/qihoo360/mobilesafe/dualphonesdk/bc;
02-18 16:53:09.310 21763 21793 I art     : Can not find class: Lcom/qihoo360/mobilesafe/dualphonesdk/as;
02-18 16:53:09.310 21763 21793 I art     : Can not find class: Lcom/qihoo360/mobilesafe/dualphonesdk/ao;
02-18 16:53:09.310 21763 21793 I art     : Can not find class: Lcom/qihoo360/mobilesafe/dualphonesdk/do;
02-18 16:53:09.310 21763 21793 I art     : Can not find class: Lcom/qihoo360/mobilesafe/dualphonesdk/dk;
02-18 16:53:09.310 21763 21793 I art     : Can not find class: Lcom/qihoo360/mobilesafe/dualphonesdk/s;
02-18 16:53:09.310 21763 21793 I art     : Can not find class: Lcom/qihoo360/mobilesafe/dualphonesdk/l;
02-18 16:53:09.320 21763 21793 I art     : Can not find class: Lcom/qihoo360/mobilesafe/dualphonesdk/z;
02-18 16:53:09.320 21763 21793 I art     : Can not find class: Lcom/qihoo360/mobilesafe/dualphonesdk/u;
02-18 16:53:09.320 21763 21793 I art     : Can not find class: Lcom/qihoo360/mobilesafe/dualphonesdk/t;
02-18 16:53:09.320 21763 21793 I art     : Can not find class: Lcom/qihoo360/mobilesafe/dualphonesdk/m;
02-18 16:53:09.320 21763 21793 I art     : Can not find class: Lcom/qihoo360/mobilesafe/dualphonesdk/n;
02-18 16:53:09.320 21763 21793 I art     : Can not find class: Lcom/qihoo360/mobilesafe/dualphonesdk/l$1;
02-18 16:53:09.330 21763 21793 I art     : Can not find class: Lcom/qihoo360/mobilesafe/dualphonesdk/l$a;
02-18 16:53:09.330 21763 21793 I art     : Can not find class: Lcom/qihoo360/mobilesafe/dualphonesdk/q;
02-18 16:53:09.330 21763 21793 I art     : Can not find class: Lcom/qihoo360/mobilesafe/dualphonesdk/p;
02-18 16:53:09.340 21763 21793 I art     : Can not find class: Lcom/qihoo360/mobilesafe/dualphonesdk/o;
02-18 16:53:09.350  4083  4526 I HwSystemManager: HoldService:checkBeforeShowDialog: uid:10130 pid:21763, permissionType:2
02-18 16:53:09.350  4083  4526 I HwSystemManager: OverseaCfgHelper:permissionStatus is 0
02-18 16:53:09.350  4083  4526 I HwSystemManager: ShareLib:pkgNameList:1
02-18 16:53:09.350  4083  4526 I HwSystemManager: ShareLib:getApplication pkgName:com.qihoo.appstore
02-18 16:53:09.350  4083  4526 I HwSystemManager: ShareLib:getAppInfo the final pkgName:com.qihoo.appstore
02-18 16:53:09.370  4083  4526 I HwSystemManager: ShareLib:getAppInfo time consume:20
02-18 16:53:09.370  4083  4526 I HwSystemManager: ShareLib:getAppInfoByUidAndPid time consume:22
02-18 16:53:09.370  4083  4526 I HwSystemManager: HoldService:preHoldShow start!
02-18 16:53:09.370  4083  4526 I HwSystemManager: HoldService:The prePermissionType is: 1
02-18 16:53:09.380 21763 21793 I PG Utils: acquire_providerpkg:[com.android.providers.contacts] pid:[]  maybe timeout , send to PG
02-18 16:53:09.400  4083  4102 I HwSystemManager: HoldService:checkBeforeShowDialog: uid:10130 pid:21763, permissionType:2
02-18 16:53:09.400  4083  4102 I HwSystemManager: OverseaCfgHelper:permissionStatus is 0
02-18 16:53:09.400  4083  4102 I HwSystemManager: ShareLib:pkgNameList:1
02-18 16:53:09.400  4083  4102 I HwSystemManager: ShareLib:getApplication pkgName:com.qihoo.appstore
02-18 16:53:09.400  4083  4102 I HwSystemManager: ShareLib:getAppInfo the final pkgName:com.qihoo.appstore
02-18 16:53:09.400  4083  4102 I HwSystemManager: ShareLib:getAppInfo time consume:1
02-18 16:53:09.400  4083  4102 I HwSystemManager: ShareLib:getAppInfoByUidAndPid time consume:3
02-18 16:53:09.400  4083  4102 I HwSystemManager: HoldService:preHoldShow start!
02-18 16:53:09.400  4083  4102 I HwSystemManager: HoldService:The prePermissionType is: 1
02-18 16:53:09.410  4083  4803 I HwSystemManager: HoldService:checkBeforeShowDialog: uid:10130 pid:21763, permissionType:4
02-18 16:53:09.410  4083  4803 I HwSystemManager: OverseaCfgHelper:permissionStatus is 0
02-18 16:53:09.420  4083  4803 I HwSystemManager: ShareLib:pkgNameList:1
02-18 16:53:09.420  4083  4803 I HwSystemManager: ShareLib:getApplication pkgName:com.qihoo.appstore
02-18 16:53:09.420  4083  4803 I HwSystemManager: ShareLib:getAppInfo the final pkgName:com.qihoo.appstore
02-18 16:53:09.420  4083  4803 I HwSystemManager: ShareLib:getAppInfo time consume:2
02-18 16:53:09.420  4083  4803 I HwSystemManager: ShareLib:getAppInfoByUidAndPid time consume:4
02-18 16:53:09.420  4083  4803 I HwSystemManager: HoldService:preHoldShow start!
02-18 16:53:09.420  4083  4803 I HwSystemManager: HoldService:The prePermissionType is: 2
02-18 16:53:09.420  4083  4803 I HwSystemManager: HoldService:showNotificationWhenBlocked uid:10130 pid:21763 pkgName:com.qihoo.appstore permissionType:4
02-18 16:53:09.420  4083 16509 I HwSystemManager: PermissionDbVisitor:insertHistoryRecord:HistoryRecord[packageName:com.qihoo.appstore,permissionType:4,action:10,dateStartTime:1455724800000,timeStamp:1455785589426]
02-18 16:53:09.420  4083  4803 I HwSystemManager: HoldService:showToastWhenBlocked permissionTypeList:true
02-18 16:53:09.420  4083  4803 W HwSystemManager: HoldService:showToast return because the blocked app is not foreground!
02-18 16:53:09.430  4083  4110 I HwSystemManager: HoldService:checkBeforeShowDialog: uid:10130 pid:21763, permissionType:2
02-18 16:53:09.430  4083  4110 I HwSystemManager: OverseaCfgHelper:permissionStatus is 0
02-18 16:53:09.450  4083  4110 I HwSystemManager: ShareLib:pkgNameList:1
02-18 16:53:09.450  4083  4110 I HwSystemManager: ShareLib:getApplication pkgName:com.qihoo.appstore
02-18 16:53:09.450  4083  4110 I HwSystemManager: ShareLib:getAppInfo the final pkgName:com.qihoo.appstore
02-18 16:53:09.450  4083  4110 I HwSystemManager: ShareLib:getAppInfo time consume:1
02-18 16:53:09.450  4083  4110 I HwSystemManager: ShareLib:getAppInfoByUidAndPid time consume:3
02-18 16:53:09.450  4083  4110 I HwSystemManager: HoldService:preHoldShow start!
02-18 16:53:09.450  4083  4110 I HwSystemManager: HoldService:The prePermissionType is: 1
02-18 16:53:09.850 21763 21779 W CursorWrapperInner: Cursor finalized without prior close()
02-18 16:53:09.850 21763 21779 W CursorWrapperInner: Cursor finalized without prior close()
02-18 16:53:09.900 21763 21793 I art     : Can not find class: Landroid/support/multidex/MultiDex;
02-18 16:53:09.900 21763 21793 W System.err: java.lang.ClassNotFoundException: android.support.multidex.MultiDex
02-18 16:53:09.900 21763 21793 W System.err: 	at java.lang.Class.classForName(Native Method)
02-18 16:53:09.900 21763 21793 W System.err: 	at java.lang.Class.forName(Class.java:308)
02-18 16:53:09.900 21763 21793 W System.err: 	at java.lang.Class.forName(Class.java:272)
02-18 16:53:09.900 21763 21793 W System.err: 	at com.qihoo.rtservice.MultiDexManager.a(Unknown Source)
02-18 16:53:09.900 21763 21793 W System.err: 	at com.qihoo.rtservice.MultiDexManager.a(Unknown Source)
02-18 16:53:09.900 21763 21793 W System.err: 	at com.qihoo.rtservice.MultiDexManager.getDexpath(Unknown Source)
02-18 16:53:09.900 21763 21793 W System.err: 	at com.qihoo.appstore.CoreDaemon.tryStart(Unknown Source)
02-18 16:53:09.900 21763 21793 W System.err: 	at com.qihoo.appstore.b.run(Unknown Source)
02-18 16:53:09.900 21763 21793 W System.err: 	at java.util.Timer$TimerImpl.run(Timer.java:284)
02-18 16:53:09.900 21763 21793 W System.err: Caused by: java.lang.ClassNotFoundException: Didn't find class "android.support.multidex.MultiDex" on path: DexPathList[[zip file "/data/app/com.qihoo.appstore-2/base.apk"],nativeLibraryDirectories=[/data/app/com.qihoo.appstore-2/lib/arm, /vendor/lib, /system/lib]]
02-18 16:53:09.900 21763 21793 W System.err: 	at dalvik.system.BaseDexClassLoader.findClass(BaseDexClassLoader.java:56)
02-18 16:53:09.900 21763 21793 W System.err: 	at java.lang.ClassLoader.loadClass(ClassLoader.java:511)
02-18 16:53:09.900 21763 21793 W System.err: 	at java.lang.ClassLoader.loadClass(ClassLoader.java:469)
02-18 16:53:09.900 21763 21793 W System.err: 	... 9 more
02-18 16:53:09.900 21763 21793 W System.err: 	Suppressed: java.lang.ClassNotFoundException: android.support.multidex.MultiDex
02-18 16:53:09.900 21763 21793 W System.err: 		at java.lang.Class.classForName(Native Method)
02-18 16:53:09.900 21763 21793 W System.err: 		at java.lang.BootClassLoader.findClass(ClassLoader.java:781)
02-18 16:53:09.900 21763 21793 W System.err: 		at java.lang.BootClassLoader.loadClass(ClassLoader.java:841)
02-18 16:53:09.900 21763 21793 W System.err: 		at java.lang.ClassLoader.loadClass(ClassLoader.java:504)
02-18 16:53:09.900 21763 21793 W System.err: 		... 10 more
02-18 16:53:09.900 21763 21793 W System.err: 	Caused by: java.lang.NoClassDefFoundError: Class not found using the boot class loader; no stack available
02-18 16:53:10.190 21832 21832 I appproc : CLASSPATH=:/data/app/com.qihoo.appstore-2/base.apk
02-18 16:53:10.190 21832 21832 I appproc : Command=app_process32 / com.qihoo.appstore.CoreDaemon --nice-name=com.qihoo.appstore_CoreDaemon --daemon 
02-18 16:53:10.190 21832 21832 I appproc : app_process:number,4,0
02-18 16:53:10.190 21832 21832 I AndroidRuntime: readDownloadBoosterConfig: 'false'
02-18 16:53:10.290 21832 21832 I         : power log dlsym ok
02-18 16:53:10.350 21832 21832 E android_hardware_fm.cpp: register_android_hardware_fm_fmradio
02-18 16:53:10.350 21832 21832 I android_hardware_fm.cpp: ========32bit long size = 4
02-18 16:53:10.350 21832 21832 E FM_HAL  : [FM_HAL], libname is libhisifm_if
02-18 16:53:10.350 21832 21832 I fm_hisi : FM::[fm_device_open:4673] fm_device_open
02-18 16:53:10.350 21832 21832 I fm_hisi : 
02-18 16:53:10.350 21832 21832 I fm_hisi : FM::[fm_device_open:4684] find the id:libhisifm_if and begins to open the device
02-18 16:53:10.350 21832 21832 I fm_hisi : 
02-18 16:53:10.350 21832 21832 I fm_hisi : FM::[fm_device_open:4728] device open sucess
02-18 16:53:10.350 21832 21832 I fm_hisi : 
02-18 16:53:10.350 21832 21832 E android_hardware_fm.cpp: register_android_hardware_fm_fmradio, ret is 0
02-18 16:53:10.380 21832 21832 I MultiDex: VM with version 2.1.0 has multidex support
02-18 16:53:10.450 21850 21850 E CoreDaemon: getProcessName com.qihoo.appstore_CoreDaemon
02-18 16:53:10.450 21849 21849 E CoreDaemon: getProcessName com.qihoo.appstore_CoreDaemon
02-18 16:53:10.460  4083  4083 I HwSystemManager: InputMethodStringPredicate:InputMethodStringPredicate :: inputMethods = [com.sohu.inputmethod.sogou, .SogouIME, com.android.inputmethod.latin]
02-18 16:53:10.460  4083  4083 I HwSystemManager: LauncherPredicate:get default launcher is null, set hwlauncher
02-18 16:53:10.470  4083  4083 I HwSystemManager: InputMethodStringPredicate:InputMethodStringPredicate :: inputMethods = [com.sohu.inputmethod.sogou, .SogouIME, com.android.inputmethod.latin]
02-18 16:53:10.470  4083  4083 I HwSystemManager: LauncherPredicate:get default launcher is null, set hwlauncher
02-18 16:53:10.470  4083  4083 I HwSystemManager: SMCSFilerBase:mFilterType=1
02-18 16:53:10.470  4083  4083 I HwSystemManager: SmartMemoryCleanService:SMCSDataManager.checkAvailMemory.: availMem 563105792 [332800000,437657600,542515200]
02-18 16:53:10.470  4083  4083 I HwSystemManager: SmartMemoryCleanService:SMCSFilerType1.filterTrimProcessBlacklist: begin blacklist filter.
02-18 16:53:10.470  4083  4083 I HwSystemManager: SmartMemoryCleanService:checkProcPkgs called
02-18 16:53:10.470  4083  4083 I HwSystemManager: SmartMemoryCleanService:hasPredicatePkgs :: pkg = com.qihoo.appstore
02-18 16:53:10.470  4083  4083 I HwSystemManager: SmartMemoryCleanService:SMCSFilerType1.filterTrimProcessBlacklist:  process com.qihoo.daemon is still in the blacklist and should be trimed:
02-18 16:53:10.470  4083  4083 I HwSystemManager: STProcessRecord: 
02-18 16:53:10.470  4083  4083 I HwSystemManager:     processName: com.qihoo.daemon
02-18 16:53:10.470  4083  4083 I HwSystemManager:     curAdj 8
02-18 16:53:10.470  4083  4083 I HwSystemManager:     pkgs: [com.qihoo.appstore]
02-18 16:53:10.470  4083  4083 I HwSystemManager:     uid 10130
02-18 16:53:10.470  4083  4083 I HwSystemManager:     pid 21763
02-18 16:53:10.470  4083  4083 I HwSystemManager: SmartMemoryCleanService:checkProcPkgs called
02-18 16:53:10.470  4083  4083 I HwSystemManager: SmartMemoryCleanService:hasPredicatePkgs :: pkg = com.qihoo.appstore
02-18 16:53:10.470  4083  4083 I HwSystemManager: SmartMemoryCleanService:SMCSFilerType1.filterTrimProcessBlacklist:  process com.qihoo.appstore is still in the blacklist and should be trimed:
02-18 16:53:10.470  4083  4083 I HwSystemManager: STProcessRecord: 
02-18 16:53:10.470  4083  4083 I HwSystemManager:     processName: com.qihoo.appstore
02-18 16:53:10.470  4083  4083 I HwSystemManager:     curAdj 5
02-18 16:53:10.470  4083  4083 I HwSystemManager:     pkgs: [com.qihoo.appstore]
02-18 16:53:10.470  4083  4083 I HwSystemManager:     uid 10130
02-18 16:53:10.470  4083  4083 I HwSystemManager:     pid 4870
02-18 16:53:10.470  4083  4083 I HwSystemManager: SmartMemoryCleanService:checkProcPkgs called
02-18 16:53:10.470  4083  4083 I HwSystemManager: SmartMemoryCleanService:hasPredicatePkgs :: pkg = com.qihoo.appstore
