02-18 16:53:19.580  4083  4526 I HwSystemManager: ShareLib:getAppInfo the final pkgName:com.qihoo.appstore
02-18 16:53:19.580  4083  4526 I HwSystemManager: ShareLib:getAppInfo time consume:2
02-18 16:53:19.580  4083  4526 I HwSystemManager: ShareLib:getAppInfoByUidAndPid time consume:3
02-18 16:53:19.580  4083  4526 I HwSystemManager: HoldService:preHoldShow start!
02-18 16:53:19.580  4083  4526 I HwSystemManager: HoldService:The prePermissionType is: 1
02-18 16:53:19.590  4083  4102 I HwSystemManager: HoldService:checkBeforeShowDialog: uid:10130 pid:22001, permissionType:4
02-18 16:53:19.590  4083  4102 I HwSystemManager: OverseaCfgHelper:permissionStatus is 0
02-18 16:53:19.590  4083  4102 I HwSystemManager: ShareLib:pkgNameList:1
02-18 16:53:19.590  4083  4102 I HwSystemManager: ShareLib:getApplication pkgName:com.qihoo.appstore
02-18 16:53:19.590  4083  4102 I HwSystemManager: ShareLib:getAppInfo the final pkgName:com.qihoo.appstore
02-18 16:53:19.600  4083  4102 I HwSystemManager: ShareLib:getAppInfo time consume:1
02-18 16:53:19.600  4083  4102 I HwSystemManager: ShareLib:getAppInfoByUidAndPid time consume:3
02-18 16:53:19.600  4083  4102 I HwSystemManager: HoldService:preHoldShow start!
02-18 16:53:19.600  4083  4102 I HwSystemManager: HoldService:The prePermissionType is: 2
02-18 16:53:19.600  4083  4102 I HwSystemManager: HoldService:showNotificationWhenBlocked uid:10130 pid:22001 pkgName:com.qihoo.appstore permissionType:4
02-18 16:53:19.600  4083 16649 I HwSystemManager: PermissionDbVisitor:insertHistoryRecord:HistoryRecord[packageName:com.qihoo.appstore,permissionType:4,action:10,dateStartTime:1455724800000,timeStamp:1455785599601]
02-18 16:53:19.600  4083  4102 I HwSystemManager: HoldService:showToastWhenBlocked permissionTypeList:true
02-18 16:53:19.600  4083  4102 W HwSystemManager: HoldService:showToast return because the blocked app is not foreground!
02-18 16:53:19.600  4083  4518 I HwSystemManager: HoldService:checkBeforeShowDialog: uid:10130 pid:22001, permissionType:2
02-18 16:53:19.600  4083  4518 I HwSystemManager: OverseaCfgHelper:permissionStatus is 0
02-18 16:53:19.610  4083  4518 I HwSystemManager: ShareLib:pkgNameList:1
02-18 16:53:19.610  4083  4518 I HwSystemManager: ShareLib:getApplication pkgName:com.qihoo.appstore
02-18 16:53:19.620  4083  4518 I HwSystemManager: ShareLib:getAppInfo the final pkgName:com.qihoo.appstore
02-18 16:53:19.620  4083  4518 I HwSystemManager: ShareLib:getAppInfo time consume:2
02-18 16:53:19.620  4083  4518 I HwSystemManager: ShareLib:getAppInfoByUidAndPid time consume:4
02-18 16:53:19.620  4083  4518 I HwSystemManager: HoldService:preHoldShow start!
02-18 16:53:19.620  4083  4518 I HwSystemManager: HoldService:The prePermissionType is: 1
02-18 16:53:19.620  3125  3426 E WifiStateMachine:  ConnectedState !CMD_RSSI_POLL 26 0 "wifi-comtop" 04:18:d6:22:1a:c4 rssi=-54 f=2437 sc=100 link=72 tx=0.9, 0.0, 0.0  rx=105.6 bcn=0 [on:0 tx:0 rx:0 period:3004] from screen [on:0 period:-208313719] gl u24 rssi=-54 ag=0 hr ticks 0,0,0 ls-=0 [56,56,56,56,61] brc=0 lrc=0
02-18 16:53:19.620  3125  3426 E WifiStateMachine:  L2ConnectedState !CMD_RSSI_POLL 26 0 "wifi-comtop" 04:18:d6:22:1a:c4 rssi=-54 f=2437 sc=100 link=72 tx=0.9, 0.0, 0.0  rx=105.6 bcn=0 [on:0 tx:0 rx:0 period:3] from screen [on:0 period:-208313716] gl u24 rssi=-54 ag=0 hr ticks 0,0,0 ls-=0 [56,56,56,56,61] brc=0 lrc=0
02-18 16:53:19.620  3125  3426 E WifiStateMachine: fetchRssiLinkSpeedAndFrequencyNative rssi=-54 linkspeed=72 SSID="wifi-comtop"
02-18 16:53:19.630  3125  3426 E WifiStateMachine: calculateWifiScore freq=2437 speed=72 score=100 highRSSI  -> txbadrate=0.00 txgoodrate=0.43 txretriesrate=0.00 rxrate=86.31 userTriggerdPenalty0
02-18 16:53:19.630  3125  3426 E WifiStateMachine:  good link -> stuck count =0
02-18 16:53:19.630  3125  3426 E WifiStateMachine:  badRSSI count0 lowRSSI count0 --> score 56
02-18 16:53:19.630  3125  3426 E WifiStateMachine:  isHighRSSI       ---> score=61
02-18 16:53:19.970 22001 22016 W CursorWrapperInner: Cursor finalized without prior close()
02-18 16:53:19.970 22001 22016 W CursorWrapperInner: Cursor finalized without prior close()
02-18 16:53:20.000 22001 22029 I art     : Can not find class: Landroid/support/multidex/MultiDex;
02-18 16:53:20.000 22001 22029 W System.err: java.lang.ClassNotFoundException: android.support.multidex.MultiDex
02-18 16:53:20.000 22001 22029 W System.err: 	at java.lang.Class.classForName(Native Method)
02-18 16:53:20.000 22001 22029 W System.err: 	at java.lang.Class.forName(Class.java:308)
02-18 16:53:20.000 22001 22029 W System.err: 	at java.lang.Class.forName(Class.java:272)
02-18 16:53:20.000 22001 22029 W System.err: 	at com.qihoo.rtservice.MultiDexManager.a(Unknown Source)
02-18 16:53:20.000 22001 22029 W System.err: 	at com.qihoo.rtservice.MultiDexManager.a(Unknown Source)
02-18 16:53:20.000 22001 22029 W System.err: 	at com.qihoo.rtservice.MultiDexManager.getDexpath(Unknown Source)
02-18 16:53:20.000 22001 22029 W System.err: 	at com.qihoo.appstore.CoreDaemon.tryStart(Unknown Source)
02-18 16:53:20.000 22001 22029 W System.err: 	at com.qihoo.appstore.b.run(Unknown Source)
02-18 16:53:20.000 22001 22029 W System.err: 	at java.util.Timer$TimerImpl.run(Timer.java:284)
02-18 16:53:20.000 22001 22029 W System.err: Caused by: java.lang.ClassNotFoundException: Didn't find class "android.support.multidex.MultiDex" on path: DexPathList[[zip file "/data/app/com.qihoo.appstore-2/base.apk"],nativeLibraryDirectories=[/data/app/com.qihoo.appstore-2/lib/arm, /vendor/lib, /system/lib]]
02-18 16:53:20.000 22001 22029 W System.err: 	at dalvik.system.BaseDexClassLoader.findClass(BaseDexClassLoader.java:56)
02-18 16:53:20.000 22001 22029 W System.err: 	at java.lang.ClassLoader.loadClass(ClassLoader.java:511)
02-18 16:53:20.000 22001 22029 W System.err: 	at java.lang.ClassLoader.loadClass(ClassLoader.java:469)
02-18 16:53:20.000 22001 22029 W System.err: 	... 9 more
02-18 16:53:20.000 22001 22029 W System.err: 	Suppressed: java.lang.ClassNotFoundException: android.support.multidex.MultiDex
02-18 16:53:20.000 22001 22029 W System.err: 		at java.lang.Class.classForName(Native Method)
02-18 16:53:20.000 22001 22029 W System.err: 		at java.lang.BootClassLoader.findClass(ClassLoader.java:781)
02-18 16:53:20.000 22001 22029 W System.err: 		at java.lang.BootClassLoader.loadClass(ClassLoader.java:841)
02-18 16:53:20.000 22001 22029 W System.err: 		at java.lang.ClassLoader.loadClass(ClassLoader.java:504)
02-18 16:53:20.000 22001 22029 W System.err: 		... 10 more
02-18 16:53:20.000 22001 22029 W System.err: 	Caused by: java.lang.NoClassDefFoundError: Class not found using the boot class loader; no stack available
02-18 16:53:20.270 22055 22055 I appproc : CLASSPATH=:/data/app/com.qihoo.appstore-2/base.apk
02-18 16:53:20.270 22055 22055 I appproc : Command=app_process32 / com.qihoo.appstore.CoreDaemon --nice-name=com.qihoo.appstore_CoreDaemon --daemon 
02-18 16:53:20.270 22055 22055 I appproc : app_process:number,4,0
02-18 16:53:20.270 22055 22055 I AndroidRuntime: readDownloadBoosterConfig: 'false'
02-18 16:53:20.360 22055 22055 I         : power log dlsym ok
02-18 16:53:20.410 22055 22055 E android_hardware_fm.cpp: register_android_hardware_fm_fmradio
02-18 16:53:20.410 22055 22055 I android_hardware_fm.cpp: ========32bit long size = 4
02-18 16:53:20.410 22055 22055 E FM_HAL  : [FM_HAL], libname is libhisifm_if
02-18 16:53:20.410 22055 22055 I fm_hisi : FM::[fm_device_open:4673] fm_device_open
02-18 16:53:20.410 22055 22055 I fm_hisi : 
02-18 16:53:20.410 22055 22055 I fm_hisi : FM::[fm_device_open:4684] find the id:libhisifm_if and begins to open the device
02-18 16:53:20.410 22055 22055 I fm_hisi : 
02-18 16:53:20.410 22055 22055 I fm_hisi : FM::[fm_device_open:4728] device open sucess
02-18 16:53:20.410 22055 22055 I fm_hisi : 
02-18 16:53:20.410 22055 22055 E android_hardware_fm.cpp: register_android_hardware_fm_fmradio, ret is 0
02-18 16:53:20.440 22055 22055 I MultiDex: VM with version 2.1.0 has multidex support
02-18 16:53:20.500 22074 22074 E CoreDaemon: getProcessName com.qihoo.appstore_CoreDaemon
02-18 16:53:20.500 22075 22075 E CoreDaemon: getProcessName com.qihoo.appstore_CoreDaemon
02-18 16:53:20.550  4083  4083 I HwSystemManager: InputMethodStringPredicate:InputMethodStringPredicate :: inputMethods = [com.sohu.inputmethod.sogou, .SogouIME, com.android.inputmethod.latin]
02-18 16:53:20.560  4083  4083 I HwSystemManager: LauncherPredicate:get default launcher is null, set hwlauncher
02-18 16:53:20.580  4083  4083 I HwSystemManager: InputMethodStringPredicate:InputMethodStringPredicate :: inputMethods = [com.sohu.inputmethod.sogou, .SogouIME, com.android.inputmethod.latin]
02-18 16:53:20.590  4083  4083 I HwSystemManager: LauncherPredicate:get default launcher is null, set hwlauncher
02-18 16:53:20.590  4083  4083 I HwSystemManager: SMCSFilerBase:mFilterType=1
02-18 16:53:20.590  4083  4083 I HwSystemManager: SmartMemoryCleanService:SMCSDataManager.checkAvailMemory.: availMem 564649984 [332800000,437657600,542515200]
02-18 16:53:20.590  4083  4083 I HwSystemManager: SmartMemoryCleanService:SMCSFilerType1.filterTrimProcessBlacklist: begin blacklist filter.
02-18 16:53:20.590  4083  4083 I HwSystemManager: SmartMemoryCleanService:checkProcPkgs called
02-18 16:53:20.590  4083  4083 I HwSystemManager: SmartMemoryCleanService:hasPredicatePkgs :: pkg = com.qihoo.appstore
02-18 16:53:20.590  4083  4083 I HwSystemManager: SmartMemoryCleanService:SMCSFilerType1.filterTrimProcessBlacklist:  process com.qihoo.daemon is still in the blacklist and should be trimed:
02-18 16:53:20.590  4083  4083 I HwSystemManager: STProcessRecord: 
02-18 16:53:20.590  4083  4083 I HwSystemManager:     processName: com.qihoo.daemon
02-18 16:53:20.590  4083  4083 I HwSystemManager:     curAdj 8
02-18 16:53:20.590  4083  4083 I HwSystemManager:     pkgs: [com.qihoo.appstore]
02-18 16:53:20.590  4083  4083 I HwSystemManager:     uid 10130
02-18 16:53:20.590  4083  4083 I HwSystemManager:     pid 22001
02-18 16:53:20.590  4083  4083 I HwSystemManager: SmartMemoryCleanService:checkProcPkgs called
02-18 16:53:20.590  4083  4083 I HwSystemManager: SmartMemoryCleanService:hasPredicatePkgs :: pkg = com.qihoo.appstore
02-18 16:53:20.590  4083  4083 I HwSystemManager: SmartMemoryCleanService:SMCSFilerType1.filterTrimProcessBlacklist:  process com.qihoo.appstore is still in the blacklist and should be trimed:
02-18 16:53:20.590  4083  4083 I HwSystemManager: STProcessRecord: 
02-18 16:53:20.590  4083  4083 I HwSystemManager:     processName: com.qihoo.appstore
02-18 16:53:20.590  4083  4083 I HwSystemManager:     curAdj 5
02-18 16:53:20.590  4083  4083 I HwSystemManager:     pkgs: [com.qihoo.appstore]
02-18 16:53:20.590  4083  4083 I HwSystemManager:     uid 10130
02-18 16:53:20.590  4083  4083 I HwSystemManager:     pid 4870
02-18 16:53:20.590  4083  4083 I HwSystemManager: SmartMemoryCleanService:checkProcPkgs called
02-18 16:53:20.590  4083  4083 I HwSystemManager: SmartMemoryCleanService:hasPredicatePkgs :: pkg = com.qihoo.appstore
02-18 16:53:20.590  4083  4083 I HwSystemManager: SmartMemoryCleanService:SMCSFilerType1.filterTrimProcessBlacklist:  process com.qihoo.appstore:PluginP01 is still in the blacklist and should be trimed:
02-18 16:53:20.590  4083  4083 I HwSystemManager: STProcessRecord: 
02-18 16:53:20.590  4083  4083 I HwSystemManager:     processName: com.qihoo.appstore:PluginP01
02-18 16:53:20.590  4083  4083 I HwSystemManager:     curAdj 5
02-18 16:53:20.590  4083  4083 I HwSystemManager:     pkgs: [com.qihoo.appstore]
02-18 16:53:20.590  4083  4083 I HwSystemManager:     uid 10130
02-18 16:53:20.590  4083  4083 I HwSystemManager:     pid 31351
02-18 16:53:20.590  4083  4083 I HwSystemManager: SmartMemoryCleanService:checkProcPkgs called
02-18 16:53:20.590  4083  4083 I HwSystemManager: SmartMemoryCleanService:hasPredicatePkgs :: pkg = com.qihoo.appstore
02-18 16:53:20.590  4083  4083 I HwSystemManager: SmartMemoryCleanService:SMCSFilerType1.filterTrimProcessBlacklist:  process com.qihoo.appstore:PluginP06 is still in the blacklist and should be trimed:
02-18 16:53:20.590  4083  4083 I HwSystemManager: STProcessRecord: 
02-18 16:53:20.590  4083  4083 I HwSystemManager:     processName: com.qihoo.appstore:PluginP06
02-18 16:53:20.590  4083  4083 I HwSystemManager:     curAdj 8
02-18 16:53:20.590  4083  4083 I HwSystemManager:     pkgs: [com.qihoo.appstore]
02-18 16:53:20.590  4083  4083 I HwSystemManager:     uid 10130
02-18 16:53:20.590  4083  4083 I HwSystemManager:     pid 19032
02-18 16:53:20.590  4083  4083 I HwSystemManager: SmartMemoryCleanService:SMCSFilerType1.filterTrimProcessBlacklist: end blacklist filter.
02-18 16:53:20.590  4083  4083 I HwSystemManager: SmartMemoryCleanService:SMCSFilterTypeCondiForce.filterTrimProcessFirst: begin fist filter.
02-18 16:53:20.590  4083  4083 I HwSystemManager: SmartMemoryCleanService:checkProcPkgs called
02-18 16:53:20.590  4083  4083 I HwSystemManager: SmartMemoryCleanService:SMCSFilerBase.checkProcPkg:  package com.huawei.android.launcher is not in the trim list.
02-18 16:53:20.590  4083  4083 I HwSystemManager: SmartMemoryCleanService:checkProcPkgs called
02-18 16:53:20.590  4083  4083 I HwSystemManager: SmartMemoryCleanService:SMCSFilerBase.checkProcPkg:  package com.comtop.eim has notification.
02-18 16:53:20.590  4083  4083 I HwSystemManager: SmartMemoryCleanService:checkProcPkgs called
02-18 16:53:20.590  4083  4083 I HwSystemManager: SmartMemoryCleanService:SMCSFilerBase.checkProcPkg:  package com.comtop.eim has notification.
02-18 16:53:20.590  4083  4083 I HwSystemManager: SmartMemoryCleanService:checkProcPkgs called
02-18 16:53:20.590  4083  4083 I HwSystemManager: SmartMemoryCleanService:SMCSFilerBase.checkProcPkg:  package com.android.settings is not in the trim list.
02-18 16:53:20.590  4083  4083 I HwSystemManager: SmartMemoryCleanService:checkProcPkgs called
02-18 16:53:20.590  4083  4083 I HwSystemManager: SmartMemoryCleanService:SMCSFilerBase.checkProcPkg:  package com.google.android.gms is not in the trim list.
02-18 16:53:20.590  4083  4083 I HwSystemManager: SmartMemoryCleanService:checkProcPkgs called
02-18 16:53:20.590  4083  4083 I HwSystemManager: SmartMemoryCleanService:SMCSFilerBase.checkProcPkg:  package com.android.providers.userdictionary is not in the trim list.
02-18 16:53:20.590  4083  4083 I HwSystemManager: SmartMemoryCleanService:checkProcPkgs called
02-18 16:53:20.590  4083  4083 I HwSystemManager: SmartMemoryCleanService:SMCSFilerBase.checkProcPkg:  package com.huawei.systemmanager is not in the trim list.
02-18 16:53:20.590  4083  4083 I HwSystemManager: SmartMemoryCleanService:checkProcPkgs called
02-18 16:53:20.590  4083  4083 I HwSystemManager: SmartMemoryCleanService:SMCSFilerBase.checkProcPkg:  package com.huawei.android.karaokeeffect is not in the trim list.
02-18 16:53:20.590  4083  4083 I HwSystemManager: SmartMemoryCleanService:checkProcPkgs called
02-18 16:53:20.590  4083  4083 I HwSystemManager: SmartMemoryCleanService:hasPredicatePkgs :: pkg = com.sohu.inputmethod.sogou
02-18 16:53:20.590  4083  4083 I HwSystemManager: InputMethodStringPredicate:InputMethodStringPredicate :: getPackageName = com.sohu.inputmethod.sogou
02-18 16:53:20.590  4083  4083 I HwSystemManager: SmartMemoryCleanService:SMCSFilerBase.hasPredicatePkgs:  pkg  com.sohu.inputmethod.sogou
02-18 16:53:20.590  4083  4083 I HwSystemManager: SmartMemoryCleanService:checkProcPkgs called
02-18 16:53:20.590  4083  4083 I HwSystemManager: SmartMemoryCleanService:SMCSFilerBase.checkProcPkg:  package com.huawei.android.totemweather is not in the trim list.
02-18 16:53:20.590  4083  4083 I HwSystemManager: SmartMemoryCleanService:checkProcPkgs called
02-18 16:53:20.590  4083  4083 I HwSystemManager: SmartMemoryCleanService:SMCSFilerBase.checkProcPkg:  package com.huawei.motionservice is not in the trim list.
02-18 16:53:20.590  4083  4083 I HwSystemManager: SmartMemoryCleanService:checkProcPkgs called
02-18 16:53:20.590  4083  4083 I HwSystemManager: SmartMemoryCleanService:SMCSFilerBase.checkProcPkg:  package com.android.providers.media is not in the trim list.
02-18 16:53:20.590  4083  4083 I HwSystemManager: SmartMemoryCleanService:checkProcPkgs called
02-18 16:53:20.590  4083  4083 I HwSystemManager: SmartMemoryCleanService:SMCSFilerBase.checkProcPkg:  package com.huawei.android.airsharing is not in the trim list.
02-18 16:53:20.590  4083  4083 I HwSystemManager: SmartMemoryCleanService:checkProcPkgs called
02-18 16:53:20.590  4083  4083 I HwSystemManager: SmartMemoryCleanService:SMCSFilerBase.checkProcPkg:  package com.cootek.smartdialer_oem_module is not in the trim list.
02-18 16:53:20.590  4083  4083 I HwSystemManager: SmartMemoryCleanService:checkProcPkgs called
02-18 16:53:20.590  4083  4083 I HwSystemManager: SmartMemoryCleanService:SMCSFilerBase.checkProcPkg:  package com.huawei.bd is not in the trim list.
02-18 16:53:20.590  4083  4083 I HwSystemManager: SmartMemoryCleanService:checkProcPkgs called
02-18 16:53:20.590  4083  4083 I HwSystemManager: SmartMemoryCleanService:SMCSFilerBase.checkProcPkg:  package com.huawei.android.pushagent is not in the trim list.
02-18 16:53:20.590  4083  4083 I HwSystemManager: SmartMemoryCleanService:checkProcPkgs called
02-18 16:53:20.590  4083  4083 I HwSystemManager: SmartMemoryCleanService:SMCSFilerBase.checkProcPkg:  package com.google.android.gms is not in the trim list.
02-18 16:53:20.590  4083  4083 I HwSystemManager: SmartMemoryCleanService:checkProcPkgs called
02-18 16:53:20.590  4083  4083 I HwSystemManager: SmartMemoryCleanService:SMCSFilerBase.checkProcPkg:  pkg  com.comtop.mim has been used.
02-18 16:53:20.590  4083  4083 I HwSystemManager: SmartMemoryCleanService:checkProcPkgs called
02-18 16:53:20.590  4083  4083 I HwSystemManager: SmartMemoryCleanService:SMCSFilerBase.checkProcPkg:  package android is not in the trim list.
02-18 16:53:20.590  4083  4083 I HwSystemManager: SmartMemoryCleanService:SMCSFilerType1.filterTrimProcessFirst: end fist filter.
02-18 16:53:20.590  4083  4083 I HwSystemManager: SmartMemoryCleanService:SMCSTrimer.dumpGotProcessRelations: process com.qihoo.appstore has relations: 
02-18 16:53:20.590  4083  4083 I HwSystemManager: SmartMemoryCleanService:SMCSTrimer.dumpGotProcessRelations: process com.qihoo.appstore has relations: 
02-18 16:53:20.590  4083  4083 I HwSystemManager: com.qihoo.secstore.com.qihoo.daemon
02-18 16:53:20.720  4083  4803 I HwSystemManager: BgPowerManagerService:onProcessDied uid = 10130
02-18 16:53:20.720  4083  4803 I HwSystemManager: NotificationListEditor:RemoveNotifyList []
02-18 16:53:20.720  4083  4587 I HwSystemManager: HoldService:uid:10130 pid:22001 died
02-18 16:53:20.720  4083  4587 I HwSystemManager: HoldService:key:10130,22001
02-18 16:53:20.720  3125  3862 E HsmCoreServiceImpl: onTransact in code is: 102
02-18 16:53:20.720  3125  3862 I MediaProcessHandler: processOp opType: 1, uid: 10130, pid: 22001
02-18 16:53:20.720  3125  3862 W MediaProcessHandler: remove target not exist, maybe the UI process: uid: 10130, pid: 22001
02-18 16:53:20.790  4083 27339 I HwSystemManager: HoldService:checkBeforeShowDialog: uid:10110 pid:19735, permissionType:4
02-18 16:53:20.790  4083 27339 I HwSystemManager: OverseaCfgHelper:permissionStatus is 0
02-18 16:53:20.790  4083 27339 I HwSystemManager: ShareLib:pkgNameList:1
02-18 16:53:20.790  4083 27339 I HwSystemManager: ShareLib:getApplication pkgName:com.wandoujia.phoenix2.usbproxy
02-18 16:53:20.790  4083 27339 I HwSystemManager: ShareLib:getAppInfo the final pkgName:com.wandoujia.phoenix2.usbproxy
02-18 16:53:20.790  4083 27339 I HwSystemManager: ShareLib:getAppInfo time consume:2
02-18 16:53:20.790  4083 27339 I HwSystemManager: ShareLib:getAppInfoByUidAndPid time consume:4
02-18 16:53:20.790  4083 27339 I HwSystemManager: HoldService:preHoldShow start!
02-18 16:53:20.800  4083 27339 I HwSystemManager: HoldService:The prePermissionType is: 1
02-18 16:53:20.970 22081 22081 I art     : Can not find class: Lcom/android/internal/policy/PhoneWindow$WindowManagerHolder;
02-18 16:53:21.220 22081 22081 I MultiDex: VM with version 2.1.0 has multidex support
02-18 16:53:21.410 25290 25290 I wpa_supplicant: wlan0: HEART-BEAT-ACK: 604
02-18 16:53:21.410  3125 25307 E WifiMonitor: WifiMonitor:wlan0 cnt=5009 dispatchEvent: HEART-BEAT-ACK: 604
02-18 16:53:21.410  3125  3426 E WifiStateMachine:  ConnectedState !what:147506 0 0
02-18 16:53:21.410  3125  3426 E WifiStateMachine:  L2ConnectedState !what:147506 0 0
02-18 16:53:21.410  3125  3426 E WifiStateMachine:  ConnectModeState !what:147506 0 0
02-18 16:53:21.410  3125  3426 E WifiStateMachine:  DriverStartedState !what:147506 0 0
02-18 16:53:21.410  3125  3426 E WifiStateMachine:  SupplicantStartedState !what:147506 0 0
02-18 16:53:22.630  3125  3426 E WifiStateMachine:  ConnectedState !CMD_RSSI_POLL 26 0 "wifi-comtop" 04:18:d6:22:1a:c4 rssi=-54 f=2437 sc=100 link=72 tx=0.4, 0.0, 0.0  rx=86.3 bcn=0 [on:0 tx:0 rx:0 period:3003] from screen [on:0 period:-208310709] gl u24 rssi=-54 ag=0 hr ticks 0,0,0 ls-=0 [56,56,56,56,61] brc=0 lrc=0
02-18 16:53:22.630  3125  3426 E WifiStateMachine:  L2ConnectedState !CMD_RSSI_POLL 26 0 "wifi-comtop" 04:18:d6:22:1a:c4 rssi=-54 f=2437 sc=100 link=72 tx=0.4, 0.0, 0.0  rx=86.3 bcn=0 [on:0 tx:0 rx:0 period:4] from screen [on:0 period:-208310705] gl u24 rssi=-54 ag=0 hr ticks 0,0,0 ls-=0 [56,56,56,56,61] brc=0 lrc=0
02-18 16:53:22.640  3125  3426 E WifiStateMachine: fetchRssiLinkSpeedAndFrequencyNative rssi=-52 linkspeed=72 SSID="wifi-comtop"
02-18 16:53:22.640  3125  3426 E WifiStateMachine: calculateWifiScore freq=2437 speed=72 score=100 highRSSI  -> txbadrate=0.00 txgoodrate=0.22 txretriesrate=0.00 rxrate=68.15 userTriggerdPenalty0
02-18 16:53:22.640  3125  3426 E WifiStateMachine:  good link -> stuck count =0
02-18 16:53:22.640  3125  3426 E WifiStateMachine:  badRSSI count0 lowRSSI count0 --> score 56
02-18 16:53:22.640  3125  3426 E WifiStateMachine:  isHighRSSI       ---> score=61
02-18 16:53:23.430  2324  2324 E Thermal-daemon: [charger_ic] temp_new :33  temp_old :34
02-18 16:53:23.930  2324  2324 E Thermal-daemon: [ap] temp_new :33  temp_old :34
02-18 16:53:24.260 22081 22109 I art     : Can not find class: Lcom/qihoo360/mobilesafe/telephonyfactory/DualModuleImpl;
02-18 16:53:24.260 22081 22109 I art     : Can not find class: Lcom/qihoo360/mobilesafe/dualphonesdk/eb;
02-18 16:53:24.260 22081 22109 I art     : Can not find class: Lcom/qihoo360/mobilesafe/dualphonesdk/ea;
02-18 16:53:24.260 22081 22109 I art     : Can not find class: Lcom/qihoo360/mobilesafe/dual/IHostAppUtils;
02-18 16:53:24.270 22081 22109 I art     : Can not find class: Lcom/qihoo360/mobilesafe/dualphonesdk/dz;
02-18 16:53:24.270 22081 22109 I art     : Can not find class: Lcom/qihoo360/mobilesafe/dual/IHostAppUtils;
02-18 16:53:24.270 22081 22109 I art     : Can not find class: Lcom/qihoo360/mobilesafe/dualphonesdk/ed;
02-18 16:53:24.270 22081 22109 I art     : Can not find class: Landroid/support/v4/content/LocalBroadcastManager;
02-18 16:53:24.270 22081 22109 I art     : Can not find class: Lcom/qihoo360/mobilesafe/dualphonesdk/ef;
02-18 16:53:24.270 22081 22109 I art     : Can not find class: Lcom/qihoo360/mobilesafe/dualphonesdk/ec;
02-18 16:53:24.270 22081 22109 I art     : Can not find class: Lcom/qihoo360/mobilesafe/dualphonesdk/ee;
02-18 16:53:24.280 22081 22109 I art     : Can not find class: Lcom/qihoo360/mobilesafe/dualphonesdk/eb$a;
02-18 16:53:24.280 22081 22109 I art     : Can not find class: Lcom/qihoo360/mobilesafe/dualphonesdk/ef$a;
02-18 16:53:24.280 22081 22109 I art     : Can not find class: Lcom/qihoo360/mobilesafe/dualphonesdk/eg;
02-18 16:53:24.290 22081 22109 I art     : Can not find class: Lcom/mediatek/common/telephony/ITelephonyEx;
02-18 16:53:24.300 22081 22109 I art     : Can not find class: Lcom/qihoo360/mobilesafe/dualphonesdk/dy;
02-18 16:53:24.300 22081 22109 I art     : Can not find class: Lcom/qihoo360/mobilesafe/dualphonesdk/dv;
02-18 16:53:24.300 22081 22109 I art     : Can not find class: Lcom/qihoo360/mobilesafe/dualphonesdk/bb;
02-18 16:53:24.300 22081 22109 I art     : Can not find class: Lcom/qihoo360/mobilesafe/dualphonesdk/ax;
02-18 16:53:24.300 22081 22109 I art     : Can not find class: Lcom/qihoo360/mobilesafe/dualphonesdk/an;
02-18 16:53:24.300 22081 22109 I art     : Can not find class: Lcom/qihoo360/mobilesafe/dualphonesdk/ak;
02-18 16:53:24.300 22081 22109 I art     : Can not find class: Lcom/qihoo360/mobilesafe/dualphonesdk/aj;
02-18 16:53:24.300 22081 22109 I art     : Can not find class: Lcom/qihoo360/mobilesafe/dualphonesdk/ag;
02-18 16:53:24.300 22081 22109 I art     : Can not find class: Lcom/qihoo360/mobilesafe/dualphonesdk/af;
02-18 16:53:24.300 22081 22109 I art     : Can not find class: Lcom/qihoo360/mobilesafe/dualphonesdk/ab;
02-18 16:53:24.300 22081 22109 I art     : Can not find class: Lcom/qihoo360/mobilesafe/dualphonesdk/cf;
02-18 16:53:24.300 22081 22109 I art     : Can not find class: Lcom/qihoo360/mobilesafe/dualphonesdk/cb;
02-18 16:53:24.300 22081 22109 I art     : Can not find class: Lcom/qihoo360/mobilesafe/dualphonesdk/du;
02-18 16:53:24.300 22081 22109 I art     : Can not find class: Lcom/qihoo360/mobilesafe/dualphonesdk/dp;
02-18 16:53:24.300 22081 22109 I art     : Can not find class: Lcom/qihoo360/mobilesafe/dualphonesdk/bt;
02-18 16:53:24.300 22081 22109 I art     : Can not find class: Lcom/qihoo360/mobilesafe/dualphonesdk/bm;
02-18 16:53:24.300 22081 22109 I art     : Can not find class: Lcom/qihoo360/mobilesafe/dualphonesdk/bz;
02-18 16:53:24.300 22081 22109 I art     : Can not find class: Lcom/qihoo360/mobilesafe/dualphonesdk/bv;
02-18 16:53:24.310 22081 22109 I art     : Can not find class: Lcom/qihoo360/mobilesafe/dualphonesdk/dj;
02-18 16:53:24.310 22081 22109 I art     : Can not find class: Lcom/qihoo360/mobilesafe/dualphonesdk/df;
02-18 16:53:24.310 22081 22109 I art     : Can not find class: Lcom/qihoo360/mobilesafe/dualphonesdk/de;
02-18 16:53:24.310 22081 22109 I art     : Can not find class: Lcom/qihoo360/mobilesafe/dualphonesdk/cz;
02-18 16:53:24.310 22081 22109 I art     : Can not find class: Lcom/qihoo360/mobilesafe/dualphonesdk/cy;
02-18 16:53:24.310 22081 22109 I art     : Can not find class: Lcom/qihoo360/mobilesafe/dualphonesdk/cs;
02-18 16:53:24.310 22081 22109 I art     : Can not find class: Lcom/qihoo360/mobilesafe/dualphonesdk/cr;
02-18 16:53:24.310 22081 22109 I art     : Can not find class: Lcom/qihoo360/mobilesafe/dualphonesdk/cn;
02-18 16:53:24.310 22081 22109 I art     : Can not find class: Lcom/qihoo360/mobilesafe/dualphonesdk/cm;
02-18 16:53:24.310 22081 22109 I art     : Can not find class: Lcom/qihoo360/mobilesafe/dualphonesdk/cg;
02-18 16:53:24.310 22081 22109 I art     : Can not find class: Lcom/qihoo360/mobilesafe/dualphonesdk/aw;
02-18 16:53:24.310 22081 22109 I art     : Can not find class: Lcom/qihoo360/mobilesafe/dualphonesdk/at;
02-18 16:53:24.310 22081 22109 I art     : Can not find class: Lcom/qihoo360/mobilesafe/dualphonesdk/bl;
02-18 16:53:24.310 22081 22109 I art     : Can not find class: Lcom/qihoo360/mobilesafe/dualphonesdk/bj;
02-18 16:53:24.310 22081 22109 I art     : Can not find class: Lcom/qihoo360/mobilesafe/dualphonesdk/bi;
02-18 16:53:24.310 22081 22109 I art     : Can not find class: Lcom/qihoo360/mobilesafe/dualphonesdk/bc;
02-18 16:53:24.320 22081 22109 I art     : Can not find class: Lcom/qihoo360/mobilesafe/dualphonesdk/as;
02-18 16:53:24.320 22081 22109 I art     : Can not find class: Lcom/qihoo360/mobilesafe/dualphonesdk/ao;
02-18 16:53:24.320 22081 22109 I art     : Can not find class: Lcom/qihoo360/mobilesafe/dualphonesdk/do;
02-18 16:53:24.320 22081 22109 I art     : Can not find class: Lcom/qihoo360/mobilesafe/dualphonesdk/dk;
02-18 16:53:24.320 22081 22109 I art     : Can not find class: Lcom/qihoo360/mobilesafe/dualphonesdk/s;
02-18 16:53:24.320 22081 22109 I art     : Can not find class: Lcom/qihoo360/mobilesafe/dualphonesdk/l;
02-18 16:53:24.320 22081 22109 I art     : Can not find class: Lcom/qihoo360/mobilesafe/dualphonesdk/z;
02-18 16:53:24.320 22081 22109 I art     : Can not find class: Lcom/qihoo360/mobilesafe/dualphonesdk/u;
02-18 16:53:24.330 22081 22109 I art     : Can not find class: Lcom/qihoo360/mobilesafe/dualphonesdk/t;
02-18 16:53:24.330 22081 22109 I art     : Can not find class: Lcom/qihoo360/mobilesafe/dualphonesdk/m;
02-18 16:53:24.330 22081 22109 I art     : Can not find class: Lcom/qihoo360/mobilesafe/dualphonesdk/n;
02-18 16:53:24.330 22081 22109 I art     : Can not find class: Lcom/qihoo360/mobilesafe/dualphonesdk/l$1;
02-18 16:53:24.330 22081 22109 I art     : Can not find class: Lcom/qihoo360/mobilesafe/dualphonesdk/l$a;
02-18 16:53:24.340 22081 22109 I art     : Can not find class: Lcom/qihoo360/mobilesafe/dualphonesdk/q;
02-18 16:53:24.340 22081 22109 I art     : Can not find class: Lcom/qihoo360/mobilesafe/dualphonesdk/p;
02-18 16:53:24.340 22081 22109 I art     : Can not find class: Lcom/qihoo360/mobilesafe/dualphonesdk/o;
02-18 16:53:24.350  4083  4102 I HwSystemManager: HoldService:checkBeforeShowDialog: uid:10130 pid:22081, permissionType:2
02-18 16:53:24.350  4083  4102 I HwSystemManager: OverseaCfgHelper:permissionStatus is 0
02-18 16:53:24.360  4083  4102 I HwSystemManager: ShareLib:pkgNameList:1
02-18 16:53:24.360  4083  4102 I HwSystemManager: ShareLib:getApplication pkgName:com.qihoo.appstore
02-18 16:53:24.360  4083  4102 I HwSystemManager: ShareLib:getAppInfo the final pkgName:com.qihoo.appstore
02-18 16:53:24.360  4083  4102 I HwSystemManager: ShareLib:getAppInfo time consume:2
02-18 16:53:24.360  4083  4102 I HwSystemManager: ShareLib:getAppInfoByUidAndPid time consume:4
02-18 16:53:24.360  4083  4102 I HwSystemManager: HoldService:preHoldShow start!
02-18 16:53:24.360  4083  4102 I HwSystemManager: HoldService:The prePermissionType is: 1
02-18 16:53:24.370 22081 22109 I PG Utils: acquire_providerpkg:[com.android.providers.contacts] pid:[]  maybe timeout , send to PG
02-18 16:53:24.380  4083  4803 I HwSystemManager: HoldService:checkBeforeShowDialog: uid:10130 pid:22081, permissionType:2
02-18 16:53:24.380  4083  4803 I HwSystemManager: OverseaCfgHelper:permissionStatus is 0
02-18 16:53:24.380  4083  4803 I HwSystemManager: ShareLib:pkgNameList:1
02-18 16:53:24.380  4083  4803 I HwSystemManager: ShareLib:getApplication pkgName:com.qihoo.appstore
02-18 16:53:24.380  4083  4803 I HwSystemManager: ShareLib:getAppInfo the final pkgName:com.qihoo.appstore
02-18 16:53:24.380  4083  4803 I HwSystemManager: ShareLib:getAppInfo time consume:1
02-18 16:53:24.380  4083  4803 I HwSystemManager: ShareLib:getAppInfoByUidAndPid time consume:3
02-18 16:53:24.380  4083  4803 I HwSystemManager: HoldService:preHoldShow start!
02-18 16:53:24.380  4083  4803 I HwSystemManager: HoldService:The prePermissionType is: 1
02-18 16:53:24.390  4083  4518 I HwSystemManager: HoldService:checkBeforeShowDialog: uid:10130 pid:22081, permissionType:4
02-18 16:53:24.390  4083  4518 I HwSystemManager: OverseaCfgHelper:permissionStatus is 0
02-18 16:53:24.400  4083  4518 I HwSystemManager: ShareLib:pkgNameList:1
02-18 16:53:24.400  4083  4518 I HwSystemManager: ShareLib:getApplication pkgName:com.qihoo.appstore
02-18 16:53:24.400  4083  4518 I HwSystemManager: ShareLib:getAppInfo the final pkgName:com.qihoo.appstore
02-18 16:53:24.400  4083  4518 I HwSystemManager: ShareLib:getAppInfo time consume:2
02-18 16:53:24.400  4083  4518 I HwSystemManager: ShareLib:getAppInfoByUidAndPid time consume:4
02-18 16:53:24.400  4083  4518 I HwSystemManager: HoldService:preHoldShow start!
02-18 16:53:24.400  4083  4518 I HwSystemManager: HoldService:The prePermissionType is: 2
02-18 16:53:24.400  4083  4518 I HwSystemManager: HoldService:showNotificationWhenBlocked uid:10130 pid:22081 pkgName:com.qihoo.appstore permissionType:4
02-18 16:53:24.400  4083 15970 I HwSystemManager: PermissionDbVisitor:insertHistoryRecord:HistoryRecord[packageName:com.qihoo.appstore,permissionType:4,action:10,dateStartTime:1455724800000,timeStamp:1455785604406]
02-18 16:53:24.400  4083  4518 I HwSystemManager: HoldService:showToastWhenBlocked permissionTypeList:true
02-18 16:53:24.400  4083  4518 W HwSystemManager: HoldService:showToast return because the blocked app is not foreground!
02-18 16:53:24.410  4083  4110 I HwSystemManager: HoldService:checkBeforeShowDialog: uid:10130 pid:22081, permissionType:2
02-18 16:53:24.410  4083  4110 I HwSystemManager: OverseaCfgHelper:permissionStatus is 0
02-18 16:53:24.430  4083  4110 I HwSystemManager: ShareLib:pkgNameList:1
02-18 16:53:24.430  4083  4110 I HwSystemManager: ShareLib:getApplication pkgName:com.qihoo.appstore
02-18 16:53:24.430  4083  4110 I HwSystemManager: ShareLib:getAppInfo the final pkgName:com.qihoo.appstore
02-18 16:53:24.430  4083  4110 I HwSystemManager: ShareLib:getAppInfo time consume:2
02-18 16:53:24.430  4083  4110 I HwSystemManager: ShareLib:getAppInfoByUidAndPid time consume:5
02-18 16:53:24.430  4083  4110 I HwSystemManager: HoldService:preHoldShow start!
02-18 16:53:24.430  4083  4110 I HwSystemManager: HoldService:The prePermissionType is: 1
02-18 16:53:24.800 22081 22097 W CursorWrapperInner: Cursor finalized without prior close()
02-18 16:53:24.800 22081 22097 W CursorWrapperInner: Cursor finalized without prior close()
02-18 16:53:24.830 22081 22109 I art     : Can not find class: Landroid/support/multidex/MultiDex;
02-18 16:53:24.830 22081 22109 W System.err: java.lang.ClassNotFoundException: android.support.multidex.MultiDex
02-18 16:53:24.830 22081 22109 W System.err: 	at java.lang.Class.classForName(Native Method)
02-18 16:53:24.830 22081 22109 W System.err: 	at java.lang.Class.forName(Class.java:308)
02-18 16:53:24.830 22081 22109 W System.err: 	at java.lang.Class.forName(Class.java:272)
02-18 16:53:24.830 22081 22109 W System.err: 	at com.qihoo.rtservice.MultiDexManager.a(Unknown Source)
02-18 16:53:24.830 22081 22109 W System.err: 	at com.qihoo.rtservice.MultiDexManager.a(Unknown Source)
02-18 16:53:24.830 22081 22109 W System.err: 	at com.qihoo.rtservice.MultiDexManager.getDexpath(Unknown Source)
02-18 16:53:24.830 22081 22109 W System.err: 	at com.qihoo.appstore.CoreDaemon.tryStart(Unknown Source)
02-18 16:53:24.830 22081 22109 W System.err: 	at com.qihoo.appstore.b.run(Unknown Source)
02-18 16:53:24.830 22081 22109 W System.err: 	at java.util.Timer$TimerImpl.run(Timer.java:284)
02-18 16:53:24.830 22081 22109 W System.err: Caused by: java.lang.ClassNotFoundException: Didn't find class "android.support.multidex.MultiDex" on path: DexPathList[[zip file "/data/app/com.qihoo.appstore-2/base.apk"],nativeLibraryDirectories=[/data/app/com.qihoo.appstore-2/lib/arm, /vendor/lib, /system/lib]]
02-18 16:53:24.830 22081 22109 W System.err: 	at dalvik.system.BaseDexClassLoader.findClass(BaseDexClassLoader.java:56)
02-18 16:53:24.830 22081 22109 W System.err: 	at java.lang.ClassLoader.loadClass(ClassLoader.java:511)
02-18 16:53:24.830 22081 22109 W System.err: 	at java.lang.ClassLoader.loadClass(ClassLoader.java:469)
02-18 16:53:24.830 22081 22109 W System.err: 	... 9 more
02-18 16:53:24.830 22081 22109 W System.err: 	Suppressed: java.lang.ClassNotFoundException: android.support.multidex.MultiDex
02-18 16:53:24.830 22081 22109 W System.err: 		at java.lang.Class.classForName(Native Method)
02-18 16:53:24.830 22081 22109 W System.err: 		at java.lang.BootClassLoader.findClass(ClassLoader.java:781)
02-18 16:53:24.830 22081 22109 W System.err: 		at java.lang.BootClassLoader.loadClass(ClassLoader.java:841)
02-18 16:53:24.830 22081 22109 W System.err: 		at java.lang.ClassLoader.loadClass(ClassLoader.java:504)
02-18 16:53:24.830 22081 22109 W System.err: 		... 10 more
02-18 16:53:24.830 22081 22109 W System.err: 	Caused by: java.lang.NoClassDefFoundError: Class not found using the boot class loader; no stack available
02-18 16:53:25.110 22159 22159 I appproc : CLASSPATH=:/data/app/com.qihoo.appstore-2/base.apk
02-18 16:53:25.110 22159 22159 I appproc : Command=app_process32 / com.qihoo.appstore.CoreDaemon --nice-name=com.qihoo.appstore_CoreDaemon --daemon 
02-18 16:53:25.110 22159 22159 I appproc : app_process:number,4,0
02-18 16:53:25.120 22159 22159 I AndroidRuntime: readDownloadBoosterConfig: 'false'
02-18 16:53:25.210 22159 22159 I         : power log dlsym ok
02-18 16:53:25.250 22159 22159 E android_hardware_fm.cpp: register_android_hardware_fm_fmradio
02-18 16:53:25.260 22159 22159 I android_hardware_fm.cpp: ========32bit long size = 4
02-18 16:53:25.260 22159 22159 E FM_HAL  : [FM_HAL], libname is libhisifm_if
02-18 16:53:25.260 22159 22159 I fm_hisi : FM::[fm_device_open:4673] fm_device_open
02-18 16:53:25.260 22159 22159 I fm_hisi : 
02-18 16:53:25.260 22159 22159 I fm_hisi : FM::[fm_device_open:4684] find the id:libhisifm_if and begins to open the device
02-18 16:53:25.260 22159 22159 I fm_hisi : 
02-18 16:53:25.260 22159 22159 I fm_hisi : FM::[fm_device_open:4728] device open sucess
02-18 16:53:25.260 22159 22159 I fm_hisi : 
02-18 16:53:25.260 22159 22159 E android_hardware_fm.cpp: register_android_hardware_fm_fmradio, ret is 0
02-18 16:53:25.290 22159 22159 I MultiDex: VM with version 2.1.0 has multidex support
02-18 16:53:25.360 22196 22196 E CoreDaemon: getProcessName com.qihoo.appstore_CoreDaemon
02-18 16:53:25.360 22197 22197 E CoreDaemon: getProcessName com.qihoo.appstore_CoreDaemon
02-18 16:53:25.620  4083  4083 I HwSystemManager: InputMethodStringPredicate:InputMethodStringPredicate :: inputMethods = [com.sohu.inputmethod.sogou, .SogouIME, com.android.inputmethod.latin]
02-18 16:53:25.630  4083  4083 I HwSystemManager: LauncherPredicate:get default launcher is null, set hwlauncher
02-18 16:53:25.640  4083  4083 I HwSystemManager: InputMethodStringPredicate:InputMethodStringPredicate :: inputMethods = [com.sohu.inputmethod.sogou, .SogouIME, com.android.inputmethod.latin]
02-18 16:53:25.640  4083  4083 I HwSystemManager: LauncherPredicate:get default launcher is null, set hwlauncher
02-18 16:53:25.640  4083  4083 I HwSystemManager: SMCSFilerBase:mFilterType=1
02-18 16:53:25.650  4083  4083 I HwSystemManager: SmartMemoryCleanService:SMCSDataManager.checkAvailMemory.: availMem 565948416 [332800000,437657600,542515200]
02-18 16:53:25.650  4083  4083 I HwSystemManager: SmartMemoryCleanService:SMCSFilerType1.filterTrimProcessBlacklist: begin blacklist filter.
02-18 16:53:25.650  4083  4083 I HwSystemManager: SmartMemoryCleanService:checkProcPkgs called
02-18 16:53:25.650  4083  4083 I HwSystemManager: SmartMemoryCleanService:hasPredicatePkgs :: pkg = com.qihoo.appstore
02-18 16:53:25.650  4083  4083 I HwSystemManager: SmartMemoryCleanService:SMCSFilerType1.filterTrimProcessBlacklist:  process com.qihoo.daemon is still in the blacklist and should be trimed:
02-18 16:53:25.650  4083  4083 I HwSystemManager: STProcessRecord: 
02-18 16:53:25.650  4083  4083 I HwSystemManager:     processName: com.qihoo.daemon
02-18 16:53:25.650  4083  4083 I HwSystemManager:     curAdj 8
02-18 16:53:25.650  4083  4083 I HwSystemManager:     pkgs: [com.qihoo.appstore]
02-18 16:53:25.650  4083  4083 I HwSystemManager:     uid 10130
02-18 16:53:25.650  4083  4083 I HwSystemManager:     pid 22081
02-18 16:53:25.650  4083  4083 I HwSystemManager: SmartMemoryCleanService:checkProcPkgs called
02-18 16:53:25.650  4083  4083 I HwSystemManager: SmartMemoryCleanService:hasPredicatePkgs :: pkg = com.qihoo.appstore
02-18 16:53:25.650  4083  4083 I HwSystemManager: SmartMemoryCleanService:SMCSFilerType1.filterTrimProcessBlacklist:  process com.qihoo.appstore is still in the blacklist and should be trimed:
02-18 16:53:25.650  4083  4083 I HwSystemManager: STProcessRecord: 
02-18 16:53:25.650  4083  4083 I HwSystemManager:     processName: com.qihoo.appstore
02-18 16:53:25.650  4083  4083 I HwSystemManager:     curAdj 5
02-18 16:53:25.650  4083  4083 I HwSystemManager:     pkgs: [com.qihoo.appstore]
02-18 16:53:25.650  4083  4083 I HwSystemManager:     uid 10130
02-18 16:53:25.650  4083  4083 I HwSystemManager:     pid 4870
02-18 16:53:25.650  4083  4083 I HwSystemManager: SmartMemoryCleanService:checkProcPkgs called
02-18 16:53:25.650  4083  4083 I HwSystemManager: SmartMemoryCleanService:hasPredicatePkgs :: pkg = com.qihoo.appstore
02-18 16:53:25.650  4083  4083 I HwSystemManager: SmartMemoryCleanService:SMCSFilerType1.filterTrimProcessBlacklist:  process com.qihoo.appstore:PluginP01 is still in the blacklist and should be trimed:
02-18 16:53:25.650  4083  4083 I HwSystemManager: STProcessRecord: 
02-18 16:53:25.650  4083  4083 I HwSystemManager:     processName: com.qihoo.appstore:PluginP01
02-18 16:53:25.650  4083  4083 I HwSystemManager:     curAdj 5
02-18 16:53:25.650  4083  4083 I HwSystemManager:     pkgs: [com.qihoo.appstore]
02-18 16:53:25.650  4083  4083 I HwSystemManager:     uid 10130
02-18 16:53:25.650  4083  4083 I HwSystemManager:     pid 31351
02-18 16:53:25.650  4083  4083 I HwSystemManager: SmartMemoryCleanService:checkProcPkgs called
02-18 16:53:25.650  4083  4083 I HwSystemManager: SmartMemoryCleanService:hasPredicatePkgs :: pkg = com.qihoo.appstore
02-18 16:53:25.650  4083  4083 I HwSystemManager: SmartMemoryCleanService:SMCSFilerType1.filterTrimProcessBlacklist:  process com.qihoo.appstore:PluginP06 is still in the blacklist and should be trimed:
02-18 16:53:25.650  4083  4083 I HwSystemManager: STProcessRecord: 
02-18 16:53:25.650  4083  4083 I HwSystemManager:     processName: com.qihoo.appstore:PluginP06
02-18 16:53:25.650  4083  4083 I HwSystemManager:     curAdj 8
02-18 16:53:25.650  4083  4083 I HwSystemManager:     pkgs: [com.qihoo.appstore]
02-18 16:53:25.650  4083  4083 I HwSystemManager:     uid 10130
02-18 16:53:25.650  4083  4083 I HwSystemManager:     pid 19032
02-18 16:53:25.650  4083  4083 I HwSystemManager: SmartMemoryCleanService:SMCSFilerType1.filterTrimProcessBlacklist: end blacklist filter.
02-18 16:53:25.650  4083  4083 I HwSystemManager: SmartMemoryCleanService:SMCSFilterTypeCondiForce.filterTrimProcessFirst: begin fist filter.
02-18 16:53:25.650  4083  4083 I HwSystemManager: SmartMemoryCleanService:checkProcPkgs called
02-18 16:53:25.650  3125  3426 E WifiStateMachine:  ConnectedState !CMD_RSSI_POLL 26 0 "wifi-comtop" 04:18:d6:22:1a:c4 rssi=-52 f=2437 sc=100 link=72 tx=0.2, 0.0, 0.0  rx=68.2 bcn=0 [on:0 tx:0 rx:0 period:3001] from screen [on:0 period:-208307691] gl u24 rssi=-52 ag=0 hr ticks 0,0,0 ls-=0 [56,56,56,56,61] brc=0 lrc=0
02-18 16:53:25.650  4083  4083 I HwSystemManager: SmartMemoryCleanService:SMCSFilerBase.checkProcPkg:  package com.huawei.android.launcher is not in the trim list.
02-18 16:53:25.650  4083  4083 I HwSystemManager: SmartMemoryCleanService:checkProcPkgs called
02-18 16:53:25.650  4083  4083 I HwSystemManager: SmartMemoryCleanService:SMCSFilerBase.checkProcPkg:  package com.comtop.eim has notification.
02-18 16:53:25.650  4083  4083 I HwSystemManager: SmartMemoryCleanService:checkProcPkgs called
02-18 16:53:25.650  4083  4083 I HwSystemManager: SmartMemoryCleanService:SMCSFilerBase.checkProcPkg:  package com.comtop.eim has notification.
02-18 16:53:25.650  4083  4083 I HwSystemManager: SmartMemoryCleanService:checkProcPkgs called
02-18 16:53:25.650  4083  4083 I HwSystemManager: SmartMemoryCleanService:SMCSFilerBase.checkProcPkg:  package com.android.settings is not in the trim list.
02-18 16:53:25.650  4083  4083 I HwSystemManager: SmartMemoryCleanService:checkProcPkgs called
02-18 16:53:25.650  4083  4083 I HwSystemManager: SmartMemoryCleanService:SMCSFilerBase.checkProcPkg:  package com.google.android.gms is not in the trim list.
02-18 16:53:25.650  4083  4083 I HwSystemManager: SmartMemoryCleanService:checkProcPkgs called
02-18 16:53:25.650  4083  4083 I HwSystemManager: SmartMemoryCleanService:SMCSFilerBase.checkProcPkg:  package com.android.providers.userdictionary is not in the trim list.
02-18 16:53:25.650  4083  4083 I HwSystemManager: SmartMemoryCleanService:checkProcPkgs called
02-18 16:53:25.650  4083  4083 I HwSystemManager: SmartMemoryCleanService:SMCSFilerBase.checkProcPkg:  package com.huawei.systemmanager is not in the trim list.
02-18 16:53:25.650  4083  4083 I HwSystemManager: SmartMemoryCleanService:checkProcPkgs called
02-18 16:53:25.650  4083  4083 I HwSystemManager: SmartMemoryCleanService:SMCSFilerBase.checkProcPkg:  package com.huawei.android.karaokeeffect is not in the trim list.
02-18 16:53:25.650  4083  4083 I HwSystemManager: SmartMemoryCleanService:checkProcPkgs called
02-18 16:53:25.650  4083  4083 I HwSystemManager: SmartMemoryCleanService:hasPredicatePkgs :: pkg = com.sohu.inputmethod.sogou
02-18 16:53:25.650  4083  4083 I HwSystemManager: InputMethodStringPredicate:InputMethodStringPredicate :: getPackageName = com.sohu.inputmethod.sogou
02-18 16:53:25.650  4083  4083 I HwSystemManager: SmartMemoryCleanService:SMCSFilerBase.hasPredicatePkgs:  pkg  com.sohu.inputmethod.sogou
02-18 16:53:25.650  4083  4083 I HwSystemManager: SmartMemoryCleanService:checkProcPkgs called
02-18 16:53:25.650  4083  4083 I HwSystemManager: SmartMemoryCleanService:SMCSFilerBase.checkProcPkg:  package com.huawei.android.totemweather is not in the trim list.
02-18 16:53:25.650  4083  4083 I HwSystemManager: SmartMemoryCleanService:checkProcPkgs called
02-18 16:53:25.650  4083  4083 I HwSystemManager: SmartMemoryCleanService:SMCSFilerBase.checkProcPkg:  package com.huawei.motionservice is not in the trim list.
02-18 16:53:25.650  4083  4083 I HwSystemManager: SmartMemoryCleanService:checkProcPkgs called
02-18 16:53:25.650  4083  4083 I HwSystemManager: SmartMemoryCleanService:SMCSFilerBase.checkProcPkg:  package com.android.providers.media is not in the trim list.
02-18 16:53:25.650  4083  4083 I HwSystemManager: SmartMemoryCleanService:checkProcPkgs called
02-18 16:53:25.650  4083  4083 I HwSystemManager: SmartMemoryCleanService:SMCSFilerBase.checkProcPkg:  package com.huawei.android.airsharing is not in the trim list.
02-18 16:53:25.650  4083  4083 I HwSystemManager: SmartMemoryCleanService:checkProcPkgs called
02-18 16:53:25.650  4083  4083 I HwSystemManager: SmartMemoryCleanService:SMCSFilerBase.checkProcPkg:  package com.cootek.smartdialer_oem_module is not in the trim list.
02-18 16:53:25.650  4083  4083 I HwSystemManager: SmartMemoryCleanService:checkProcPkgs called
02-18 16:53:25.650  4083  4083 I HwSystemManager: SmartMemoryCleanService:SMCSFilerBase.checkProcPkg:  package com.huawei.bd is not in the trim list.
02-18 16:53:25.650  4083  4083 I HwSystemManager: SmartMemoryCleanService:checkProcPkgs called
02-18 16:53:25.650  4083  4083 I HwSystemManager: SmartMemoryCleanService:SMCSFilerBase.checkProcPkg:  package com.huawei.android.pushagent is not in the trim list.
02-18 16:53:25.650  4083  4083 I HwSystemManager: SmartMemoryCleanService:checkProcPkgs called
02-18 16:53:25.650  4083  4083 I HwSystemManager: SmartMemoryCleanService:SMCSFilerBase.checkProcPkg:  package com.google.android.gms is not in the trim list.
02-18 16:53:25.650  4083  4083 I HwSystemManager: SmartMemoryCleanService:checkProcPkgs called
02-18 16:53:25.650  4083  4083 I HwSystemManager: SmartMemoryCleanService:SMCSFilerBase.checkProcPkg:  pkg  com.comtop.mim has been used.
02-18 16:53:25.650  4083  4083 I HwSystemManager: SmartMemoryCleanService:checkProcPkgs called
02-18 16:53:25.650  4083  4083 I HwSystemManager: SmartMemoryCleanService:SMCSFilerBase.checkProcPkg:  package android is not in the trim list.
02-18 16:53:25.650  4083  4083 I HwSystemManager: SmartMemoryCleanService:SMCSFilerType1.filterTrimProcessFirst: end fist filter.
02-18 16:53:25.650  4083  4083 I HwSystemManager: SmartMemoryCleanService:SMCSTrimer.dumpGotProcessRelations: process com.qihoo.appstore has relations: 
02-18 16:53:25.650  4083  4083 I HwSystemManager: SmartMemoryCleanService:SMCSTrimer.dumpGotProcessRelations: process com.qihoo.appstore has relations: 
02-18 16:53:25.650  4083  4083 I HwSystemManager: com.qihoo.secstore.com.qihoo.daemon
02-18 16:53:25.650  3125  3426 E WifiStateMachine:  L2ConnectedState !CMD_RSSI_POLL 26 0 "wifi-comtop" 04:18:d6:22:1a:c4 rssi=-52 f=2437 sc=100 link=72 tx=0.2, 0.0, 0.0  rx=68.2 bcn=0 [on:0 tx:0 rx:0 period:2] from screen [on:0 period:-208307689] gl u24 rssi=-52 ag=0 hr ticks 0,0,0 ls-=0 [56,56,56,56,61] brc=0 lrc=0
02-18 16:53:25.650  3125  3426 E WifiStateMachine: fetchRssiLinkSpeedAndFrequencyNative rssi=-53 linkspeed=72 SSID="wifi-comtop"
02-18 16:53:25.650  3125  3426 E WifiStateMachine: calculateWifiScore freq=2437 speed=72 score=100 highRSSI  -> txbadrate=0.00 txgoodrate=1.61 txretriesrate=0.00 rxrate=70.58 userTriggerdPenalty0
02-18 16:53:25.650  3125  3426 E WifiStateMachine:  good link -> stuck count =0
02-18 16:53:25.650  3125  3426 E WifiStateMachine:  badRSSI count0 lowRSSI count0 --> score 56
02-18 16:53:25.650  3125  3426 E WifiStateMachine:  isHighRSSI       ---> score=61
02-18 16:53:25.770  4083  4803 I HwSystemManager: BgPowerManagerService:onProcessDied uid = 10130
02-18 16:53:25.770  4083  4803 I HwSystemManager: NotificationListEditor:RemoveNotifyList []
02-18 16:53:25.770  4083  4102 I HwSystemManager: HoldService:uid:10130 pid:22081 died
02-18 16:53:25.770  4083  4102 I HwSystemManager: HoldService:key:10130,22081
02-18 16:53:25.770  3125  3864 E HsmCoreServiceImpl: onTransact in code is: 102
02-18 16:53:25.770  3125  3864 I MediaProcessHandler: processOp opType: 1, uid: 10130, pid: 22081
02-18 16:53:25.770  3125  3864 W MediaProcessHandler: remove target not exist, maybe the UI process: uid: 10130, pid: 22081
02-18 16:53:25.840  4083  4518 I HwSystemManager: HoldService:checkBeforeShowDialog: uid:10110 pid:19735, permissionType:4
02-18 16:53:25.840  4083  4518 I HwSystemManager: OverseaCfgHelper:permissionStatus is 0
02-18 16:53:25.850  4083  4518 I HwSystemManager: ShareLib:pkgNameList:1
02-18 16:53:25.850  4083  4518 I HwSystemManager: ShareLib:getApplication pkgName:com.wandoujia.phoenix2.usbproxy
