02-19 16:33:12.721 32434-32492/com.comtop.mim D/DataBaseUtils: doContentResolverQueryWrapper uri=content://com.comtop.mim.aliwxprovider/atMessages
02-19 16:33:12.721 32434-32434/com.comtop.mim D/WxConversationFragment@kiked off:  WXAPI.getInstance(): com.alibaba.mobileim.WXAPI@41fff110
02-19 16:33:12.721 32434-32434/com.comtop.mim D/WxConversationFragment@kiked off:  WXAPI.getInstance().getLoginUserId(): 000150888766a901
02-19 16:33:12.721 32434-32434/com.comtop.mim D/WxConversationFragment@kiked off:    WXAPI.getInstance().getConversationManager(): com.alibaba.mobileim.lib.presenter.conversation.YWConversationManagerImpl@41f759b8
02-19 16:33:12.722 32434-32492/com.comtop.mim D/DataBaseUtils: doContentResolverQueryWrapper uri=content://com.comtop.mim.aliwxprovider/atMessages
02-19 16:33:12.723 32434-32434/com.comtop.mim D/WxConversationFragment@kiked off:   WXAPI.getInstance().getConversationManager().getConversationList(): [com.alibaba.mobileim.lib.presenter.conversation.TribeConversation@41fd7ef0, com.alibaba.mobileim.lib.presenter.conversation.P2PConversation@422263a8, com.alibaba.mobileim.lib.presenter.conversation.P2PConversation@42229818, com.alibaba.mobileim.lib.presenter.conversation.P2PConversation@4222c1c0, com.alibaba.mobileim.lib.presenter.conversation.P2PConversation@4222e9e0, com.alibaba.mobileim.lib.presenter.conversation.P2PConversation@42200ba0, com.alibaba.mobileim.lib.presenter.conversation.P2PConversation@422039f0, com.alibaba.mobileim.lib.presenter.conversation.P2PConversation@42206440, com.alibaba.mobileim.lib.presenter.conversation.P2PConversation@42240430, com.alibaba.mobileim.lib.presenter.conversation.P2PConversation@422444d0, com.alibaba.mobileim.lib.presenter.conversation.P2PConversation@422479d0, com.alibaba.mobileim.lib.presenter.conversation.P2PConversation@4224a700, com.alibaba.mobileim.lib.presenter.conversation.P2PConversation@4200b510, com.alibaba.mobileim.lib.presenter.conversation.TribeConversation@4200def0, com.alibaba.mobileim.lib.presenter.conversation.TribeConversation@42010ca0, com.alibaba.mobileim.lib.presenter.conversation.TribeConversation@420138f0, com.alibaba.mobileim.lib.presenter.conversation.TribeConversation@42016520, com.alibaba.mobileim.lib.presenter.conversation.P2PConversation@41ffd028, com.alibaba.mobileim.lib.presenter.conversation.P2PConversation@41fffb18, com.alibaba.mobileim.lib.presenter.conversation.P2PConversation@42002430]
02-19 16:33:12.724 32434-32492/com.comtop.mim D/DataBaseUtils: doContentResolverQueryWrapper uri=content://com.comtop.mim.aliwxprovider/atMessages
02-19 16:33:12.724 32434-32434/com.comtop.mim D/WxConversationFragment@kiked off:  mConversations: [com.alibaba.mobileim.lib.presenter.conversation.TribeConversation@41fd7ef0, com.alibaba.mobileim.lib.presenter.conversation.P2PConversation@422263a8, com.alibaba.mobileim.lib.presenter.conversation.P2PConversation@42229818, com.alibaba.mobileim.lib.presenter.conversation.P2PConversation@4222c1c0, com.alibaba.mobileim.lib.presenter.conversation.P2PConversation@4222e9e0, com.alibaba.mobileim.lib.presenter.conversation.P2PConversation@42200ba0, com.alibaba.mobileim.lib.presenter.conversation.P2PConversation@422039f0, com.alibaba.mobileim.lib.presenter.conversation.P2PConversation@42206440, com.alibaba.mobileim.lib.presenter.conversation.P2PConversation@42240430, com.alibaba.mobileim.lib.presenter.conversation.P2PConversation@422444d0, com.alibaba.mobileim.lib.presenter.conversation.P2PConversation@422479d0, com.alibaba.mobileim.lib.presenter.conversation.P2PConversation@4224a700, com.alibaba.mobileim.lib.presenter.conversation.P2PConversation@4200b510, com.alibaba.mobileim.lib.presenter.conversation.TribeConversation@4200def0, com.alibaba.mobileim.lib.presenter.conversation.TribeConversation@42010ca0, com.alibaba.mobileim.lib.presenter.conversation.TribeConversation@420138f0, com.alibaba.mobileim.lib.presenter.conversation.TribeConversation@42016520, com.alibaba.mobileim.lib.presenter.conversation.P2PConversation@41ffd028, com.alibaba.mobileim.lib.presenter.conversation.P2PConversation@41fffb18, com.alibaba.mobileim.lib.presenter.conversation.P2PConversation@42002430]
02-19 16:33:12.725 32434-32434/com.comtop.mim D/WxConversationFragment@kiked off:   mConversations.hashCode(): 201dc011
02-19 16:33:12.725 32434-32434/com.comtop.mim D/WxConversationFragment@kiked off:   WXAPI.getInstance().getConversationManager().getConversationList().hashCode(): 201dc011
02-19 16:33:12.725 32434-32492/com.comtop.mim D/DataBaseUtils: doContentResolverQueryWrapper uri=content://com.comtop.mim.aliwxprovider/atMessages
02-19 16:33:12.726 32434-32492/com.comtop.mim D/DataBaseUtils: doContentResolverQueryWrapper uri=content://com.comtop.mim.aliwxprovider/atMessages
02-19 16:33:12.728 32434-32492/com.comtop.mim D/DataBaseUtils: doContentResolverQueryWrapper uri=content://com.comtop.mim.aliwxprovider/atMessages
02-19 16:33:12.730 32434-32492/com.comtop.mim D/DataBaseUtils: doContentResolverQueryWrapper uri=content://com.comtop.mim.aliwxprovider/atMessages
02-19 16:33:12.731 32434-32492/com.comtop.mim D/DataBaseUtils: doContentResolverQueryWrapper uri=content://com.comtop.mim.aliwxprovider/atMessages
02-19 16:33:12.732 32434-823/com.comtop.mim I/HttpRequestResolveImpl: result parser is:com.comtop.mim.parser.AppDefaultJSONParser
02-19 16:33:12.732 32434-823/com.comtop.mim D/HttpRequestResolveImpl: result class is: com.comtop.mim.result.HomeListResult
02-19 16:33:12.733 32434-32758/com.comtop.mim I/HttpRequestResolveImpl: result parser is:com.comtop.mim.parser.PlugAppInfoParser
02-19 16:33:12.733 32434-32758/com.comtop.mim D/HttpRequestResolveImpl: result class is: com.comtop.mim.result.PluglistResult
02-19 16:33:12.734 32434-823/com.comtop.mim D/AppCommJSONParser: ---->result: HomeListResult, {"errorToken":"@@$-ERROR_TOKEN$-@@","code":"19","message":"无效的timestamp参数","solution":"无效的timestamp,请获取合法的timestamp","subErrors":null}
02-19 16:33:12.734 32434-823/com.comtop.mim D/HttpRequestResolveImpl: handle send message.
02-19 16:33:12.734 32434-32492/com.comtop.mim D/DataBaseUtils: doContentResolverQueryWrapper uri=content://com.comtop.mim.aliwxprovider/atMessages
02-19 16:33:12.736 32434-32492/com.comtop.mim D/DataBaseUtils: doContentResolverQueryWrapper uri=content://com.comtop.mim.aliwxprovider/atMessages
02-19 16:33:12.736 32434-488/com.comtop.mim I/HttpRequestResolveImpl: result parser is:com.comtop.mim.parser.AppDefaultJSONParser
02-19 16:33:12.736 32434-488/com.comtop.mim D/HttpRequestResolveImpl: result class is: com.comtop.mim.result.BannerResult
02-19 16:33:12.737 32434-32758/com.comtop.mim D/AppCommJSONParser: ---->result: PluglistResult, {"errorToken":"@@$-ERROR_TOKEN$-@@","code":"19","message":"无效的timestamp参数","solution":"无效的timestamp,请获取合法的timestamp","subErrors":null}
02-19 16:33:12.737 32434-488/com.comtop.mim D/AppCommJSONParser: ---->result: BannerResult, {"errorToken":"@@$-ERROR_TOKEN$-@@","code":"19","message":"无效的timestamp参数","solution":"无效的timestamp,请获取合法的timestamp","subErrors":null}
02-19 16:33:12.738 32434-488/com.comtop.mim D/HttpRequestResolveImpl: handle send message.
02-19 16:33:12.738 32434-32758/com.comtop.mim D/HttpRequestResolveImpl: handle send message.
02-19 16:33:12.771 32434-32434/com.comtop.mim D/AsyncTaskLoader: callback: com.comtop.cmf.framework.net.impl.AsyncTaskCallbackProxy@42235b20, onPost result: com.comtop.mim.result.HomeListResult
02-19 16:33:12.771 32434-32434/com.comtop.mim D/AsyncTaskLoader: callback: com.comtop.cmf.framework.net.impl.AsyncTaskCallbackProxy@42235b20, onPost result: com.comtop.mim.result.BannerResult
02-19 16:33:12.771 32434-32434/com.comtop.mim D/AsyncTaskLoader: callback: com.comtop.cmf.framework.net.impl.AsyncTaskCallbackProxy@42235b20, onPost result: com.comtop.mim.result.PluglistResult
02-19 16:33:13.118 32434-32434/com.comtop.mim D/IMChannel: onActivityStopped:com.alibaba.mobileim.ui.WxChattingActvity
02-19 16:33:13.122 32434-32434/com.comtop.mim D/IMChannel: onActivityDestroyed:com.alibaba.mobileim.ui.WxChattingActvity
02-19 16:33:13.128 32434-32434/com.comtop.mim D/myg: start watch!
02-19 16:33:13.132 32434-32434/com.comtop.mim D/myg: com.squareup.leakcanary.RefWatcher
02-19 16:33:13.136 32434-32434/com.comtop.mim I/YWConversationManagerImpl: removeConversationListener
02-19 16:33:13.141 32434-32434/com.comtop.mim D/CloudMessageManager: recycleManager, mPNotify = null
02-19 16:33:13.144 32434-32434/com.comtop.mim D/YWContactManagerImpl: removeProfileUpdateListener = com.alibaba.mobileim.kit.chat.ChattingDetailAdapter@429abb88
02-19 16:33:13.168 32434-32434/com.comtop.mim D/myg: start watch!
02-19 16:33:13.171 32434-32434/com.comtop.mim D/myg: com.squareup.leakcanary.RefWatcher
02-19 16:33:13.173 32434-32434/com.comtop.mim I/ChattingFragment: onDestroy
02-19 16:33:13.175 32434-32434/com.comtop.mim D/IMBaseActivity: onDestroy
02-19 16:33:13.176 32434-32434/com.comtop.mim I/WxChattingActvity: onDestroy
02-19 16:33:13.815 32434-32434/com.comtop.mim D/setting: onReleaseToRefresh
02-19 16:33:14.086 32434-32434/com.comtop.mim D/setting: refreshing
02-19 16:33:14.089 32434-32434/com.comtop.mim D/setting: refreshing
02-19 16:33:14.401 32434-32434/com.comtop.mim I/ConversationManager: sync recent conversation
02-19 16:33:14.406 32434-32434/com.comtop.mim D/CloudBaseRequest: oToken:null
02-19 16:33:14.418 32434-32434/com.comtop.mim D/CloudBaseRequest: token:#$@~%/^K_*nullwx_android1455870799idvj1r4l000150888766a901
02-19 16:33:14.421 32434-32434/com.comtop.mim D/CloudBaseRequest: token md5:719d39c2f7942c37c44421dc8725eceb
02-19 16:33:14.436 32434-32434/com.comtop.mim D/CloudRequestCallback: param:{"site":"cntaobao,cnalichn,enaliint","optype":1,"count":20,"now":1455870799,"token":"719d39c2f7942c37c44421dc8725eceb","btime":1455867945,"device":82,"appid":100817,"actor":"idvj1r4l000150888766a901","out":"mobile"} cmd:4100
02-19 16:33:14.439 32434-32434/com.comtop.mim D/SocketChannel: reqCommonCmd, cmdid = 4100reqPara = {"site":"cntaobao,cnalichn,enaliint","optype":1,"count":20,"now":1455870799,"token":"719d39c2f7942c37c44421dc8725eceb","btime":1455867945,"device":82,"appid":100817,"actor":"idvj1r4l000150888766a901","out":"mobile"}
02-19 16:33:14.455 32434-32434/com.comtop.mim I/Native: InetIO_ngetLoginState
02-19 16:33:14.458 32434-32434/com.comtop.mim I/Native: current user idvj1r4l000150888766a901
02-19 16:33:14.465 32434-32434/com.comtop.mim I/EgoAccount.api: getLoginState:3
02-19 16:33:14.479 32434-32492/com.comtop.mim D/InetIO: asyncCall，  cmdid：16778240 appId:100817 bizId:0
02-19 16:33:14.480 32434-32434/com.comtop.mim D/test: cmdId:4100
02-19 16:33:14.480 32434-32492/com.comtop.mim I/Native: InetIO_asyncCall
02-19 16:33:14.481 32434-32434/com.comtop.mim I/SocketChannel.api: reqCommonCmd
02-19 16:33:14.481 32434-32434/com.comtop.mim I/HttpChannel.api: getLatestContacts
02-19 16:33:14.488 32434-32492/com.comtop.mim I/imservice@native@im@msg@send: 压缩消息体, src paramdata.size=232
02-19 16:33:14.489 32434-32492/com.comtop.mim I/imservice@native@im@msg@send: 压缩消息体, bCommpress:1, dst paramdata.size=191
02-19 16:33:14.500 32434-32492/com.comtop.mim I/WXContext@idvj1r4l000150888766a901@login: extrahead:idvj1r4l000150888766a901, reserved:1
02-19 16:33:14.503 32434-32492/com.comtop.mim I/inetimpl@native@im@msg: PostMsg,cmdid=0x1000400,seqid=41,cmdtype=1,compress=1,encrypted=28
02-19 16:33:14.505 32434-32492/com.comtop.mim D/packagesize: headerlen:52, bodylen:192, extraheadlen:24
02-19 16:33:14.507 32434-32699/com.comtop.mim I/inetimpl@native@im@msg@sendbytes: 250,fd=72,error=11
02-19 16:33:14.516 32506-32673/com.comtop.mim:TcmsService I/LocalSocketServer@native@tcms: poll fd:58, event:1
02-19 16:33:14.520 32506-32673/com.comtop.mim:TcmsService I/jni/inet/android/native/common/calljava.cpp: nativeLog
02-19 16:33:14.526 32506-32550/com.comtop.mim:TcmsService W/tcminetimpl@native@tcms@msgmynative: PostMsg,interface=wx,method=s,seqid=47,sessionid:2,cmdtype=2,compress=0,encrypted=0
02-19 16:33:14.529 32506-32550/com.comtop.mim:TcmsService I/nativeLog: begin native log
02-19 16:33:14.571 32506-32673/com.comtop.mim:TcmsService I/tcminetimpl@native@tcms: postData2Server, seqid:47, data.len:268
02-19 16:33:14.574 32506-32673/com.comtop.mim:TcmsService I/tcminetimpl@native@tcms: postData2Server, m_seqtsMap.len:0
02-19 16:33:14.579 32506-32572/com.comtop.mim:TcmsService I/jni/inet/android/native/common/calljava.cpp: nativeLog
02-19 16:33:14.603 32506-32550/com.comtop.mim:TcmsService W/tcminetimpl@native@tcms@msg@sendbytesmynative: 268,fd=56,error=11
02-19 16:33:14.608 32506-32550/com.comtop.mim:TcmsService I/nativeLog: begin native log
02-19 16:33:14.635 32506-32572/com.comtop.mim:TcmsService I/jni/inet/android/native/common/calljava.cpp: nativeLog
02-19 16:33:14.637 32506-32550/com.comtop.mim:TcmsService W/tcminetimpl@native@tcms@msg@recvbytesmynative: 147,fd=56,bufsize=147
02-19 16:33:14.639 32506-32550/com.comtop.mim:TcmsService I/nativeLog: begin native log
02-19 16:33:14.646 32506-32572/com.comtop.mim:TcmsService I/SccomHelper@native: 包未加密
02-19 16:33:14.711 32506-32572/com.comtop.mim:TcmsService I/jni/inet/android/native/common/calljava.cpp: nativeLog
02-19 16:33:14.713 32506-32575/com.comtop.mim:TcmsService I/TcmInet@native@tcms: INetImpl::GetMsg, seqid=0,interface=wx,method=s, errcode=0,msgtype=2
02-19 16:33:14.715 32506-32573/com.comtop.mim:TcmsService I/TcmInet@native@tcms: clientServiceThrFunc get one notify,interface=wx, method=s, sessionId=2, seqid=0
02-19 16:33:14.716 32506-32550/com.comtop.mim:TcmsService W/tcminetimpl@native@tcms@msgmynative: SaveRspMsg,interface=wx,method=s,seqid=0,sessionId=2,cmdtype=2
02-19 16:33:14.717 32506-32550/com.comtop.mim:TcmsService I/nativeLog: begin native log
02-19 16:33:14.720 32506-32573/com.comtop.mim:TcmsService D/tcmsposix@native@tcms: get a notify, sessionId:2, interface:wx, method:s, 
02-19 16:33:14.721 32434-32699/com.comtop.mim I/inetimpl@native@im@msg@recvbytes: 128,fd=72,bufsize=128
02-19 16:33:14.723 32434-32699/com.comtop.mim I/inetimpl@native@im@msg@recv: 接收到消息, seqid=41
02-19 16:33:14.724 32434-32699/com.comtop.mim I/inetimpl@native@im@msg: SaveRspMsg,cmdid=0x1010400,seqid=41,cmdtype=0,compress=1,encrypted=6921
02-19 16:33:14.725 32434-32701/com.comtop.mim I/InetIO: ResponseSuccess, cmdid:16778240
02-19 16:33:14.727 32434-32701/com.comtop.mim D/WXServiceCallbackDefault.api: cmdid:16778240 state: true
02-19 16:33:14.729 32434-32701/com.comtop.mim I/CloudPref: getLatestContact use tcp time cost(ms):301
02-19 16:33:14.730 32434-32701/com.comtop.mim I/CloudPref: getlatestcontact use tcp avg cost:196 count=2
02-19 16:33:14.732 32434-32701/com.comtop.mim D/LatestContactCallback: LatestContactCallback:{"code":0,"result":{"actor":"idvj1r4l000150888766a901","cnts":[],"timestamp":1455867946}}
02-19 16:33:14.734 32434-32701/com.comtop.mim D/myg: 获取最近联系人成功，开始获取最近联系人会话，count = 0
02-19 16:33:14.736 32506-32573/com.comtop.mim:TcmsService I/LocalSocketServer@native@tcms: exitPoll
02-19 16:33:14.768 32434-32434/com.comtop.mim D/myg: 开始合并最近联系人会话，count = 0
02-19 16:33:16.118 32434-32553/com.comtop.mim D/Tracker: start dump task. size:2
02-19 16:33:16.142 32434-32553/com.comtop.mim D/Tracker: {"result":0,"time":"02-19 16:33:10.143","steps":[{"result":0,"consume":73,"name":"clickConversationItem"},{"result":0,"consume":5,"name":"onCreate"},{"result":0,"consume":1,"name":"onCreate"},{"result":0,"consume":267,"name":"onCreateView"},{"result":0,"consume":5,"name":"onResume@ChattingFragment"},{"result":0,"consume":0,"name":"getCustomView@ChattingFragment"},{"result":0,"consume":0,"name":"adapterNotifyDataSetChanged@ChattingFragment"},{"result":0,"consume":1,"name":"presenter.onResume@ChattingFragment"}],"consume":968,"name":"openChattingActivity"}
02-19 16:33:16.163 32434-32553/com.comtop.mim D/Tracker: {"time":"02-19 16:33:10.249","steps":[],"consume":1455870790250,"name":"com.alibaba.mobileim.ui.WxChattingActvity@42a73f60"}
02-19 16:33:16.165 32434-32553/com.comtop.mim D/Tracker: dump completed, sSessionMap.size=0
02-19 16:33:17.505 32434-32434/com.comtop.mim D/setting: reset
02-19 16:33:17.554 32434-32434/com.comtop.mim D/YWContactManagerImpl: getContactProfileInfo userId=0001523dfa8b66fb appkey=23232985
02-19 16:33:17.557 32434-32434/com.comtop.mim I/IMProfileCacheUtil: getDefaultProfileCallback
02-19 16:33:17.570 32434-32434/com.comtop.mim I/IMProfileCacheUtil: geDefaultCrossProfileCallback
02-19 16:33:17.583 32434-32434/com.comtop.mim D/YWContactManagerImpl: defaultCallbak called
02-19 16:33:17.595 32434-32434/com.comtop.mim D/YWContactManagerImpl: result nick=不怕神一样的对手，只怕猪一样的队友啊 headUrl=http://7xn4wo.com1.z0.glb.clouddn.com/user/avatar/0001523dfa8b66fb/webp?t=1454052903.597343 appkey=null
02-19 16:33:17.609 32434-32434/com.comtop.mim D/YWContactManagerImpl: getContactProfileInfo userId=0001523dfa8b66fb appkey=23232985
02-19 16:33:17.611 32434-32434/com.comtop.mim I/IMProfileCacheUtil: getDefaultProfileCallback
02-19 16:33:17.614 32434-32434/com.comtop.mim I/IMProfileCacheUtil: geDefaultCrossProfileCallback
02-19 16:33:17.615 32434-32434/com.comtop.mim D/YWContactManagerImpl: defaultCallbak called
02-19 16:33:17.617 32434-32434/com.comtop.mim D/YWContactManagerImpl: result nick=不怕神一样的对手，只怕猪一样的队友啊 headUrl=http://7xn4wo.com1.z0.glb.clouddn.com/user/avatar/0001523dfa8b66fb/webp?t=1454052903.597343 appkey=null
02-19 16:33:17.621 32434-32434/com.comtop.mim D/WxPerf: getview time:66
02-19 16:33:18.720 32434-32434/com.comtop.mim D/Tracker: startSession:openChattingActivity
02-19 16:33:18.723 32434-32434/com.comtop.mim D/may: userId: 
02-19 16:33:18.760 32434-32434/com.comtop.mim D/may: ===>msg: null
02-19 16:33:18.806 32434-32434/com.comtop.mim D/IMChannel: onActivityPaused:ui.MainActivity
02-19 16:33:18.809 32434-32434/com.comtop.mim I/YWConversationManagerImpl: removeTotalUnreadChangeListener
02-19 16:33:18.834 32434-32434/com.comtop.mim D/Tracker: startSession:com.alibaba.mobileim.ui.WxChattingActvity@431db880
02-19 16:33:18.834 32434-32434/com.comtop.mim D/IMChannel: onActivityCreated:com.alibaba.mobileim.ui.WxChattingActvity
02-19 16:33:18.841 32434-32434/com.comtop.mim I/WxChattingActvity: createFragment
02-19 16:33:18.842 32434-32434/com.comtop.mim D/may: ChattingOperationCustomSample constructor.
02-19 16:33:18.842 32434-32434/com.comtop.mim I/WxChattingActvity: oncreate
02-19 16:33:18.843 32434-32434/com.comtop.mim D/IMChannel: onActivityStarted:com.alibaba.mobileim.ui.WxChattingActvity
02-19 16:33:18.844 32434-32434/com.comtop.mim I/ChattingFragment: init, mIsInitCalled = true
02-19 16:33:18.846 32434-32512/com.comtop.mim D/DataBaseUtils: doContentResolverQueryWrapper uri=content://com.comtop.mim.aliwxprovider/wwTribeUser
02-19 16:33:18.853 32434-32434/com.comtop.mim I/ChattingFragment: onCreate
02-19 16:33:18.898 32434-32434/com.comtop.mim I/Native: InetIO_ngetLoginState
02-19 16:33:18.899 32434-32434/com.comtop.mim I/Native: current user idvj1r4l000150888766a901
02-19 16:33:18.900 32434-32434/com.comtop.mim I/EgoAccount.api: getLoginState:3
02-19 16:33:18.900 32434-32434/com.comtop.mim D/SocketChannel: doTribeOperation:::reqData:{"tid":1900123729}
02-19 16:33:18.900 32434-32434/com.comtop.mim I/openimprotocol@native: ImReqTribe_packData
02-19 16:33:18.900 32434-32434/com.comtop.mim I/openimprotocol@native: ImReqTribe_packData success!
02-19 16:33:18.900 32434-32434/com.comtop.mim D/test: cmdId:16777473
02-19 16:33:18.900 32434-32492/com.comtop.mim D/InetIO: asyncCall，  cmdid：16777473 appId:100817 bizId:0
02-19 16:33:18.900 32434-32492/com.comtop.mim I/Native: InetIO_asyncCall
02-19 16:33:18.900 32434-32492/com.comtop.mim I/WXContext@idvj1r4l000150888766a901@login: extrahead:idvj1r4l000150888766a901, reserved:1
02-19 16:33:18.901 32434-32434/com.comtop.mim D/SocketChanneldoAsyncCall: reqCmdId:16777473 reqData:[B@43206268 sAppId:100817
02-19 16:33:18.901 32434-32492/com.comtop.mim I/inetimpl@native@im@msg: PostMsg,cmdid=0x1000101,seqid=42,cmdtype=0,compress=1,encrypted=28
02-19 16:33:18.901 32434-32434/com.comtop.mim D/test: cmdId:16777473
02-19 16:33:18.901 32434-32492/com.comtop.mim D/packagesize: headerlen:52, bodylen:56, extraheadlen:24
02-19 16:33:18.901 32434-32699/com.comtop.mim I/inetimpl@native@im@msg@sendbytes: 114,fd=72,error=11
02-19 16:33:18.901 32506-32673/com.comtop.mim:TcmsService I/LocalSocketServer@native@tcms: poll fd:58, event:1
02-19 16:33:18.901 32506-32673/com.comtop.mim:TcmsService I/jni/inet/android/native/common/calljava.cpp: nativeLog
02-19 16:33:18.901 32506-32550/com.comtop.mim:TcmsService W/tcminetimpl@native@tcms@msgmynative: PostMsg,interface=wx,method=s,seqid=48,sessionid:2,cmdtype=2,compress=0,encrypted=0
02-19 16:33:18.902 32506-32550/com.comtop.mim:TcmsService I/nativeLog: begin native log
02-19 16:33:18.902 32506-32673/com.comtop.mim:TcmsService I/tcminetimpl@native@tcms: postData2Server, seqid:48, data.len:130
02-19 16:33:18.902 32506-32673/com.comtop.mim:TcmsService I/tcminetimpl@native@tcms: postData2Server, m_seqtsMap.len:0
02-19 16:33:18.902 32506-32572/com.comtop.mim:TcmsService I/jni/inet/android/native/common/calljava.cpp: nativeLog
02-19 16:33:18.903 32506-32550/com.comtop.mim:TcmsService W/tcminetimpl@native@tcms@msg@sendbytesmynative: 130,fd=56,error=11
02-19 16:33:18.903 32506-32550/com.comtop.mim:TcmsService I/nativeLog: begin native log
02-19 16:33:18.906 32434-32434/com.comtop.mim I/Native: InetIO_ngetLoginState
02-19 16:33:18.906 32434-32434/com.comtop.mim I/Native: current user idvj1r4l000150888766a901
02-19 16:33:18.906 32434-32434/com.comtop.mim I/EgoAccount.api: getLoginState:3
02-19 16:33:18.906 32434-32434/com.comtop.mim D/SocketChannel: doTribeOperation:::reqData:{"tid":1900123729}
02-19 16:33:18.906 32434-32434/com.comtop.mim I/openimprotocol@native: ImReqTribe_packData
02-19 16:33:18.906 32434-32434/com.comtop.mim I/openimprotocol@native: ImReqTribe_packData success!
02-19 16:33:18.907 32434-32492/com.comtop.mim D/InetIO: asyncCall，  cmdid：16777473 appId:100817 bizId:0
02-19 16:33:18.907 32434-32492/com.comtop.mim I/Native: InetIO_asyncCall
02-19 16:33:18.907 32434-32492/com.comtop.mim I/WXContext@idvj1r4l000150888766a901@login: extrahead:idvj1r4l000150888766a901, reserved:1
02-19 16:33:18.907 32434-32492/com.comtop.mim I/inetimpl@native@im@msg: PostMsg,cmdid=0x1000101,seqid=43,cmdtype=0,compress=1,encrypted=28
02-19 16:33:18.907 32434-32492/com.comtop.mim D/packagesize: headerlen:52, bodylen:56, extraheadlen:24
02-19 16:33:18.908 32434-32699/com.comtop.mim I/inetimpl@native@im@msg@sendbytes: 114,fd=72,error=11
02-19 16:33:18.908 32506-32673/com.comtop.mim:TcmsService I/LocalSocketServer@native@tcms: poll fd:58, event:1
02-19 16:33:18.908 32506-32673/com.comtop.mim:TcmsService I/jni/inet/android/native/common/calljava.cpp: nativeLog
02-19 16:33:18.908 32434-32434/com.comtop.mim D/test: cmdId:16777473
02-19 16:33:18.908 32434-32434/com.comtop.mim D/SocketChanneldoAsyncCall: reqCmdId:16777473 reqData:[B@43209ff0 sAppId:100817
02-19 16:33:18.908 32434-32434/com.comtop.mim D/test: cmdId:16777473
02-19 16:33:18.908 32506-32550/com.comtop.mim:TcmsService W/tcminetimpl@native@tcms@msgmynative: PostMsg,interface=wx,method=s,seqid=49,sessionid:2,cmdtype=2,compress=0,encrypted=0
02-19 16:33:18.909 32506-32550/com.comtop.mim:TcmsService I/nativeLog: begin native log
02-19 16:33:18.909 32506-32673/com.comtop.mim:TcmsService I/tcminetimpl@native@tcms: postData2Server, seqid:49, data.len:130
02-19 16:33:18.909 32506-32673/com.comtop.mim:TcmsService I/tcminetimpl@native@tcms: postData2Server, m_seqtsMap.len:0
02-19 16:33:18.909 32506-32572/com.comtop.mim:TcmsService I/jni/inet/android/native/common/calljava.cpp: nativeLog
02-19 16:33:18.909 32506-32550/com.comtop.mim:TcmsService W/tcminetimpl@native@tcms@msg@sendbytesmynative: 130,fd=56,error=11
02-19 16:33:18.911 32506-32550/com.comtop.mim:TcmsService I/nativeLog: begin native log
02-19 16:33:18.997 32506-32572/com.comtop.mim:TcmsService I/jni/inet/android/native/common/calljava.cpp: nativeLog
02-19 16:33:19.041 32506-32550/com.comtop.mim:TcmsService W/tcminetimpl@native@tcms@msg@recvbytesmynative: 180,fd=56,bufsize=180
02-19 16:33:19.043 32506-32550/com.comtop.mim:TcmsService I/nativeLog: begin native log
02-19 16:33:19.045 32506-32572/com.comtop.mim:TcmsService I/SccomHelper@native: 包未加密
02-19 16:33:19.047 32506-32572/com.comtop.mim:TcmsService I/jni/inet/android/native/common/calljava.cpp: nativeLog
02-19 16:33:19.050 32506-32575/com.comtop.mim:TcmsService I/TcmInet@native@tcms: INetImpl::GetMsg, seqid=0,interface=wx,method=s, errcode=0,msgtype=2
02-19 16:33:19.052 32506-32573/com.comtop.mim:TcmsService I/TcmInet@native@tcms: clientServiceThrFunc get one notify,interface=wx, method=s, sessionId=2, seqid=0
02-19 16:33:19.055 32506-32573/com.comtop.mim:TcmsService D/tcmsposix@native@tcms: get a notify, sessionId:2, interface:wx, method:s, 
02-19 16:33:19.057 32434-32699/com.comtop.mim I/inetimpl@native@im@msg@recvbytes: 160,fd=72,bufsize=160
02-19 16:33:19.059 32434-32699/com.comtop.mim I/inetimpl@native@im@msg@recv: 接收到消息, seqid=42
02-19 16:33:19.061 32434-32699/com.comtop.mim I/inetimpl@native@im@msg: SaveRspMsg,cmdid=0x1010101,seqid=42,cmdtype=1,compress=1,encrypted=14010
02-19 16:33:19.062 32506-32573/com.comtop.mim:TcmsService I/LocalSocketServer@native@tcms: exitPoll
02-19 16:33:19.064 32434-32701/com.comtop.mim I/InetIO: ResponseSuccess, cmdid:16777473
02-19 16:33:19.064 32434-32701/com.comtop.mim D/WXServiceCallbackDefault.api: cmdid:16777473 state: true
02-19 16:33:19.065 32434-32701/com.comtop.mim I/openimprotocol@native: ImRspTribe_unpackData
02-19 16:33:19.084 32434-32701/com.comtop.mim I/openimprotocol@native: ImRspTribe_unpackData success!
02-19 16:33:19.084 32434-32701/com.comtop.mim D/TribeManager: getRspData:{"atFlag":1,"atall":1,"checkMode":0,"name":"测试组","nick":"","recvFlag":2,"role":"normal","tribeType":1}
02-19 16:33:19.085 32434-32701/com.comtop.mim D/DataBaseUtils: replaceValue uri=content://com.comtop.mim.aliwxprovider/wwTribe
02-19 16:33:19.085 32434-32701/com.comtop.mim D/WXServiceCallbackDefault@tribe: Retcode = 0
02-19 16:33:19.085 32434-32701/com.comtop.mim D/WXServiceCallbackDefault@tribe: RspData = {"atFlag":1,"atall":1,"checkMode":0,"name":"测试组","nick":"","recvFlag":2,"role":"normal","tribeType":1}
02-19 16:33:19.085 32434-32701/com.comtop.mim D/WXServiceCallbackDefault@tribe: Operation = getMySelfInfoInTribe
02-19 16:33:19.109 32506-32550/com.comtop.mim:TcmsService W/tcminetimpl@native@tcms@msgmynative: SaveRspMsg,interface=wx,method=s,seqid=0,sessionId=2,cmdtype=2
02-19 16:33:19.111 32506-32550/com.comtop.mim:TcmsService I/nativeLog: begin native log
02-19 16:33:19.111 32434-32434/com.comtop.mim D/setting: reset
02-19 16:33:19.111 32506-32572/com.comtop.mim:TcmsService I/jni/inet/android/native/common/calljava.cpp: resetRTCWakeup
02-19 16:33:19.112 32506-32550/com.comtop.mim:TcmsService W/JNIUtil: resetRTCWakeup
02-19 16:33:19.112 32506-32550/com.comtop.mim:TcmsService D/XPushJNI@Native: com_alibaba_tcms_service_TCMPush_getHeartbeatInterval
02-19 16:33:19.119 32434-32434/com.comtop.mim D/setting: reset
02-19 16:33:19.123 32506-32550/com.comtop.mim:TcmsService I/WakeupAlarmManager: alarm setExact rtc_wakeup 298000
02-19 16:33:19.123 32506-32550/com.comtop.mim:TcmsService I/TCMStaticDelegate: call resetRTCWakeup
02-19 16:33:19.123 32506-32572/com.comtop.mim:TcmsService I/jni/inet/android/native/common/calljava.cpp: nativeLog
02-19 16:33:19.123 32506-32550/com.comtop.mim:TcmsService W/tcminetimpl@native@tcms@msg@recvbytesmynative: 180,fd=56,bufsize=180
02-19 16:33:19.123 32506-32550/com.comtop.mim:TcmsService I/nativeLog: begin native log
02-19 16:33:19.124 32506-32572/com.comtop.mim:TcmsService I/SccomHelper@native: 包未加密
02-19 16:33:19.124 32506-32572/com.comtop.mim:TcmsService I/jni/inet/android/native/common/calljava.cpp: nativeLog
02-19 16:33:19.124 32506-32575/com.comtop.mim:TcmsService I/TcmInet@native@tcms: INetImpl::GetMsg, seqid=0,interface=wx,method=s, errcode=0,msgtype=2
02-19 16:33:19.124 32506-32573/com.comtop.mim:TcmsService I/TcmInet@native@tcms: clientServiceThrFunc get one notify,interface=wx, method=s, sessionId=2, seqid=0
02-19 16:33:19.124 32506-32573/com.comtop.mim:TcmsService D/tcmsposix@native@tcms: get a notify, sessionId:2, interface:wx, method:s, 
02-19 16:33:19.124 32434-32699/com.comtop.mim I/inetimpl@native@im@msg@recvbytes: 160,fd=72,bufsize=160
02-19 16:33:19.124 32434-32699/com.comtop.mim I/inetimpl@native@im@msg@recv: 接收到消息, seqid=43
02-19 16:33:19.124 32434-32699/com.comtop.mim I/inetimpl@native@im@msg: SaveRspMsg,cmdid=0x1010101,seqid=43,cmdtype=1,compress=1,encrypted=14010
02-19 16:33:19.124 32434-32701/com.comtop.mim I/InetIO: ResponseSuccess, cmdid:16777473
02-19 16:33:19.124 32434-32701/com.comtop.mim D/WXServiceCallbackDefault.api: cmdid:16777473 state: true
02-19 16:33:19.124 32434-32701/com.comtop.mim I/openimprotocol@native: ImRspTribe_unpackData
02-19 16:33:19.124 32434-32701/com.comtop.mim I/openimprotocol@native: ImRspTribe_unpackData success!
02-19 16:33:19.125 32506-32550/com.comtop.mim:TcmsService W/tcminetimpl@native@tcms@msgmynative: SaveRspMsg,interface=wx,method=s,seqid=0,sessionId=2,cmdtype=2
02-19 16:33:19.125 32506-32550/com.comtop.mim:TcmsService I/nativeLog: begin native log
02-19 16:33:19.125 32434-32701/com.comtop.mim D/TribeManager: getRspData:{"atFlag":1,"atall":1,"checkMode":0,"name":"测试组","nick":"","recvFlag":2,"role":"normal","tribeType":1}
02-19 16:33:19.125 32434-32701/com.comtop.mim D/DataBaseUtils: replaceValue uri=content://com.comtop.mim.aliwxprovider/wwTribe
02-19 16:33:19.125 32434-32701/com.comtop.mim D/WXServiceCallbackDefault@tribe: Retcode = 0
02-19 16:33:19.125 32434-32701/com.comtop.mim D/WXServiceCallbackDefault@tribe: RspData = {"atFlag":1,"atall":1,"checkMode":0,"name":"测试组","nick":"","recvFlag":2,"role":"normal","tribeType":1}
02-19 16:33:19.125 32434-32701/com.comtop.mim D/WXServiceCallbackDefault@tribe: Operation = getMySelfInfoInTribe
02-19 16:33:19.125 32434-32434/com.comtop.mim D/setting: reset
02-19 16:33:19.125 32506-32573/com.comtop.mim:TcmsService I/LocalSocketServer@native@tcms: exitPoll
02-19 16:33:19.133 32434-32434/com.comtop.mim D/setting: reset
02-19 16:33:19.138 32434-32434/com.comtop.mim I/YWConversationManagerImpl: addConversationListener
02-19 16:33:19.142 32434-32434/com.comtop.mim D/CloudMessageManager: getCloudMessages: mIsAlwaysGetFromLocal = false
02-19 16:33:19.142 32434-32434/com.comtop.mim D/CloudMessageManager: initManagerCallback, notify = com.alibaba.mobileim.lib.presenter.message.MessageList@41fda748, mPNotify = java.lang.ref.WeakReference@4324af18
02-19 16:33:19.142 32434-32434/com.comtop.mim D/ChattingFragment: unReadAtMsg:null msgId:null
02-19 16:33:19.142 32434-2040/com.comtop.mim D/CloudMessageManager: mIsBatchSuccess = true打开聊天窗口，开始从本地获取漫游消息
02-19 16:33:19.142 32434-2040/com.comtop.mim D/DataBaseUtils: doContentResolverQueryWrapper uri=content://com.comtop.mim.aliwxprovider/message
02-19 16:33:19.144 32434-32434/com.comtop.mim D/YWContactManagerImpl: addProfileUpdateListener = com.alibaba.mobileim.kit.chat.ChattingDetailAdapter@4324bb50
02-19 16:33:19.145 32434-32434/com.comtop.mim D/YWContactManagerImpl: addProfileUpdateListener = com.alibaba.mobileim.kit.chat.ChattingFragment$5@4324e9b8
02-19 16:33:19.145 32434-32434/com.comtop.mim I/ChattingFragment: onCreateView
02-19 16:33:19.146 32434-32434/com.comtop.mim D/IMChannel: onActivityResumed:com.alibaba.mobileim.ui.WxChattingActvity
02-19 16:33:19.146 32434-32434/com.comtop.mim I/Native: InetIO_SetForeground 1
02-19 16:33:19.206 32434-2040/com.comtop.mim D/CloudMessageManager: 开始从本地获取漫游消息！
02-19 16:33:19.214 32434-32434/com.comtop.mim D/PersistManager: get, list properties.
02-19 16:33:19.215 32434-32434/com.comtop.mim D/PersistManager: key:op.mim":"{\"clientPriority\":14464800,\"disable\":false,\"regTime\":1450233171304,\"callCount\":1,\"appKey\":\"23015524\"}"} value:
02-19 16:33:19.220 32434-32434/com.comtop.mim D/PersistManager: key:\":1,\"appKey\":\"23015524\"}"} value:
02-19 16:33:19.220 32434-32434/com.comtop.mim D/PersistManager: key:ec value:18 23:40:39 GMT+08:00 2015
02-19 16:33:19.220 32434-32434/com.comtop.mim D/PersistManager: key:23015524\"}"} value:
02-19 16:33:19.220 32434-32434/com.comtop.mim D/PersistManager: key:XPUSH_SDK_INFO_V2 value:{"com.comtop.mim":"{\"clientPriority\":14464800,\"disable\":false,\"regTime\":1453802782350,\"callCount\":1,\"appKey\":\"23232985\"}"}
02-19 16:33:19.221 32434-32434/com.comtop.mim D/PersistManager: key:push_device_id_key_v1 value:a06aw2vraf44895d___qbu732n7iuxj45e7
02-19 16:33:19.221 32434-32434/com.comtop.mim D/PersistManager: key:":1,\"appKey\":\"23015524\"}"} value:
02-19 16:33:19.221 32434-32434/com.comtop.mim D/PersistManager: key:"appKey\":\"23015524\"}"} value:
02-19 16:33:19.221 32434-32434/com.comtop.mim D/PersistManager: key:2015 value:
02-19 16:33:19.221 32434-32434/com.comtop.mim D/PersistManager: key::"{\"clientPriority\":14464800,\"disable\":false,\"regTime\":1450233171304,\"callCount\":1,\"appKey\":\"23015524\"}"} value:
02-19 16:33:19.221 32434-32434/com.comtop.mim D/PersistManager: key:304,\"callCount\":1,\"appKey\":\"23015524\"}"} value:
02-19 16:33:19.222 32434-32434/com.comtop.mim D/PersistManager: key:xpushClient__xpush_push_maxmsgid value:37565136467969
02-19 16:33:19.222 32434-32434/com.comtop.mim D/PersistManager: key:mtop.mim":"{\"clientPriority\":14464800,\"disable\":false,\"regTime\":1450233171304,\"callCount\":1,\"appKey\":\"23015524\"}"} value:
02-19 16:33:19.222 32434-32434/com.comtop.mim D/PersistManager: key:14464800,\"disable\":false,\"regTime\":1450233171304,\"callCount\":1,\"appKey\":\"23015524\"}"} value:
02-19 16:33:19.222 32434-32434/com.comtop.mim D/PersistManager: key:iority\":14464800,\"disable\":false,\"regTime\":1450233171304,\"callCount\":1,\"appKey\":\"23015524\"}"} value:
02-19 16:33:19.222 32434-32434/com.comtop.mim D/PersistManager: key:push_heart_freq_key value:{"\"lenew\"":304,"\"wifi-comtop\"":180,"\"MM_AP\"":298,"\"jacpy\"":800,"\"wifi-confine\"":180,"\".lenew-T\"":243}
02-19 16:33:19.222 32434-32434/com.comtop.mim D/PersistManager: key:push_tcms_client_id_key value:a0d0jhk6neij6wka
02-19 16:33:19.223 32434-32434/com.comtop.mim D/PersistManager: key:\"23015524\"}"} value:
02-19 16:33:19.285 32506-32506/com.comtop.mim:TcmsService D/TCMSService: onStart----
02-19 16:33:19.286 32506-32528/com.comtop.mim:TcmsService D/TCMSService: onHandleIntent, ------- command=xpushnative://xpush/clearWearyCheck?
02-19 16:33:19.286 32506-32528/com.comtop.mim:TcmsService D/TCMSService: clearWearyCheck
02-19 16:33:19.344 32434-32434/com.comtop.mim D/Tracker: endSession:openChattingActivity
02-19 16:33:19.344 32434-32585/com.comtop.mim D/DataBaseUtils: doContentResolverQueryWrapper uri=content://com.comtop.mim.aliwxprovider/atMessages
02-19 16:33:19.388 32434-32434/com.comtop.mim D/Tracker: call dump task.
02-19 16:33:19.389 32434-32434/com.comtop.mim I/ChattingFragment: onResume
02-19 16:33:19.532 32434-32434/com.comtop.mim I/Choreographer: Skipped 41 frames!  The application may be doing too much work on its main thread.
02-19 16:33:19.612 32434-32434/com.comtop.mim D/CloudMessageManager: 获取漫游消息成功, resultCode = 16
02-19 16:33:19.613 32434-32434/com.comtop.mim D/CloudMessageManager: msgSize = 0
02-19 16:33:19.616 32434-32434/com.comtop.mim D/MessageList: yiqiu.wsh onFinishSync:16 tribe1900123729
02-19 16:33:19.630 32434-32434/com.comtop.mim D/CloudMessageManager: postFinishMessages, mPNotify = null
02-19 16:33:19.712 32434-32434/com.comtop.mim D/IMChannel: onActivityStopped:ui.MainActivity
02-19 16:33:20.299 32434-32434/com.comtop.mim D/setting: onReleaseToRefresh
02-19 16:33:20.415 32434-32434/com.comtop.mim D/setting: refreshing
02-19 16:33:20.622 32434-32434/com.comtop.mim D/CloudMessageManager: getCloudMessages: mIsAlwaysGetFromLocal = false
02-19 16:33:20.624 32434-32434/com.comtop.mim D/CloudMessageManager: initManagerCallback, notify = com.alibaba.mobileim.lib.presenter.message.MessageList@41fda748, mPNotify = java.lang.ref.WeakReference@4329a7e0
02-19 16:33:20.628 32434-32434/com.comtop.mim D/YWConversationManagerImpl: ----------------------执行网络请求查询@消息-----------------------
02-19 16:33:20.628 32434-2040/com.comtop.mim D/CloudMessageManager: mIsBatchSuccess = true没有开始第一次下拉 || 第一次下拉没成功，设定OffsetTime
02-19 16:33:20.628 32434-32492/com.comtop.mim D/DataBaseUtils: doContentResolverQueryWrapper uri=content://com.comtop.mim.aliwxprovider/atMessages
02-19 16:33:20.630 32434-2040/com.comtop.mim D/CloudMessageManager: mNextKey = null, mOffsetTime = 2016/2/19/16:33:23
02-19 16:33:20.631 32434-2040/com.comtop.mim D/CloudMessageManager: 漫游开启时间：1970/1/1/8:0:0
02-19 16:33:20.632 32434-32492/com.comtop.mim D/CloudBaseRequest: oToken:null
02-19 16:33:20.633 32434-32492/com.comtop.mim D/CloudBaseRequest: token:#$@~%/^K_*nullwx_android1455870805idvj1r4l000150888766a901
02-19 16:33:20.633 32434-32492/com.comtop.mim D/CloudBaseRequest: token md5:666bdaa71e3e1b2918b539dfce065b81
02-19 16:33:20.633 32434-2040/com.comtop.mim D/CloudMessageManager@mList: start in getFromLocal():  2016/2/19/16:33:23 mStartTimeInMsgList:1970/1/1/8:0:0
02-19 16:33:20.634 32434-32492/com.comtop.mim D/CloudRequestCallback: quanyun.wqy syncFastAtMessages {optype=auto, count=20, btime=1455266005, charset=UTF-8, appid=wx_android, actor=idvj1r4l000150888766a901, mode=unread, version=2, order=1, etime=1455870805, token=666bdaa71e3e1b2918b539dfce065b81, now=1455870805, tribeid=1900123729, autoflag=1, key=null, out=mobile}
02-19 16:33:20.634 32434-2040/com.comtop.mim D/DataBaseUtils: doContentResolverQueryWrapper uri=content://com.comtop.mim.aliwxprovider/message
02-19 16:33:20.635 32434-32492/com.comtop.mim D/CloudRequestCallback: param:{"optype":1,"count":20,"etime":1455870805,"token":"666bdaa71e3e1b2918b539dfce065b81","now":1455870805,"btime":1455266005,"device":82,"appid":100817,"tribeid":"1900123729","actor":"idvj1r4l000150888766a901","out":"mobile"} cmd:4110
02-19 16:33:20.635 32434-32492/com.comtop.mim D/SocketChannel: reqCommonCmd, cmdid = 4110reqPara = {"optype":1,"count":20,"etime":1455870805,"token":"666bdaa71e3e1b2918b539dfce065b81","now":1455870805,"btime":1455266005,"device":82,"appid":100817,"tribeid":"1900123729","actor":"idvj1r4l000150888766a901","out":"mobile"}
02-19 16:33:20.635 32434-32492/com.comtop.mim I/Native: InetIO_ngetLoginState
02-19 16:33:20.635 32434-32492/com.comtop.mim I/Native: current user idvj1r4l000150888766a901
02-19 16:33:20.635 32434-32492/com.comtop.mim I/EgoAccount.api: getLoginState:3
02-19 16:33:20.635 32434-32492/com.comtop.mim D/test: cmdId:4110
02-19 16:33:20.635 32434-32492/com.comtop.mim I/SocketChannel.api: reqCommonCmd
02-19 16:33:20.635 32434-32492/com.comtop.mim I/HttpChannel.api: syncTribeAtMessages
02-19 16:33:20.636 32434-32492/com.comtop.mim D/InetIO: asyncCall，  cmdid：16778240 appId:100817 bizId:0
02-19 16:33:20.636 32434-32492/com.comtop.mim I/Native: InetIO_asyncCall
02-19 16:33:20.636 32434-32492/com.comtop.mim I/imservice@native@im@msg@send: 压缩消息体, src paramdata.size=240
02-19 16:33:20.641 32434-2040/com.comtop.mim D/CloudMessageManager: fixTimeLineHole, offsetTime = 2016/2/19/16:33:23
02-19 16:33:20.641 32434-32492/com.comtop.mim I/imservice@native@im@msg@send: 压缩消息体, bCommpress:1, dst paramdata.size=191
02-19 16:33:20.641 32434-32492/com.comtop.mim I/WXContext@idvj1r4l000150888766a901@login: extrahead:idvj1r4l000150888766a901, reserved:1
02-19 16:33:20.641 32434-32492/com.comtop.mim I/inetimpl@native@im@msg: PostMsg,cmdid=0x1000400,seqid=44,cmdtype=1,compress=1,encrypted=28
02-19 16:33:20.641 32434-32492/com.comtop.mim D/packagesize: headerlen:52, bodylen:192, extraheadlen:24
02-19 16:33:20.641 32434-32699/com.comtop.mim I/inetimpl@native@im@msg@sendbytes: 250,fd=72,error=11
02-19 16:33:20.641 32506-32673/com.comtop.mim:TcmsService I/LocalSocketServer@native@tcms: poll fd:58, event:1
02-19 16:33:20.642 32506-32673/com.comtop.mim:TcmsService I/jni/inet/android/native/common/calljava.cpp: nativeLog
02-19 16:33:20.642 32506-32550/com.comtop.mim:TcmsService W/tcminetimpl@native@tcms@msgmynative: PostMsg,interface=wx,method=s,seqid=50,sessionid:2,cmdtype=2,compress=0,encrypted=0
02-19 16:33:20.642 32434-2040/com.comtop.mim D/CloudMessageManager: fixTimeLineHole, startTime = 2016/1/19/15:15:16, endTime = 1970/1/1/7:59:59
02-19 16:33:20.643 32506-32550/com.comtop.mim:TcmsService I/nativeLog: begin native log
02-19 16:33:20.643 32506-32673/com.comtop.mim:TcmsService I/tcminetimpl@native@tcms: postData2Server, seqid:50, data.len:268
02-19 16:33:20.643 32506-32673/com.comtop.mim:TcmsService I/tcminetimpl@native@tcms: postData2Server, m_seqtsMap.len:0
02-19 16:33:20.643 32506-32572/com.comtop.mim:TcmsService I/jni/inet/android/native/common/calljava.cpp: nativeLog
02-19 16:33:20.644 32506-32550/com.comtop.mim:TcmsService W/tcminetimpl@native@tcms@msg@sendbytesmynative: 268,fd=56,error=11
02-19 16:33:20.644 32506-32550/com.comtop.mim:TcmsService I/nativeLog: begin native log
02-19 16:33:20.644 32434-2040/com.comtop.mim D/CloudMessageManager: fixTimeLineHole, MONTH = 2016/1/20/16:33:23
02-19 16:33:20.644 32434-2040/com.comtop.mim D/CloudMessageManager: 漫游开启时间：1970/1/1/8:0:0
02-19 16:33:20.645 32434-2040/com.comtop.mim D/CloudMessageManager: 开始从本地漫游消息，type = 3
02-19 16:33:20.645 32434-2040/com.comtop.mim D/CloudMessageManager@mList: start in getFromLocal():  2016/2/19/16:33:23 mStartTimeInMsgList:1970/1/1/8:0:0
02-19 16:33:20.645 32434-2040/com.comtop.mim D/DataBaseUtils: doContentResolverQueryWrapper uri=content://com.comtop.mim.aliwxprovider/message
02-19 16:33:20.650 32434-2040/com.comtop.mim D/CloudMessageManager: mOffsetTime = 1455870803
02-19 16:33:20.650 32434-2040/com.comtop.mim D/CloudMessageManager: 超出服务器缓存时间，开始从本地获取消息
02-19 16:33:20.651 32434-32434/com.comtop.mim D/CloudMessageManager: 获取漫游消息成功, resultCode = 1
02-19 16:33:20.652 32434-32434/com.comtop.mim D/CloudMessageManager: msgSize = 0
02-19 16:33:20.726 32506-32572/com.comtop.mim:TcmsService I/jni/inet/android/native/common/calljava.cpp: nativeLog
02-19 16:33:20.727 32506-32550/com.comtop.mim:TcmsService W/tcminetimpl@native@tcms@msg@recvbytesmynative: 892,fd=56,bufsize=892
02-19 16:33:20.727 32506-32550/com.comtop.mim:TcmsService I/nativeLog: begin native log
02-19 16:33:20.728 32506-32572/com.comtop.mim:TcmsService I/SccomHelper@native: 包未加密
02-19 16:33:20.728 32506-32572/com.comtop.mim:TcmsService I/jni/inet/android/native/common/calljava.cpp: nativeLog
02-19 16:33:20.729 32506-32550/com.comtop.mim:TcmsService W/tcminetimpl@native@tcms@msgmynative: SaveRspMsg,interface=wx,method=s,seqid=0,sessionId=2,cmdtype=2
02-19 16:33:20.729 32506-32575/com.comtop.mim:TcmsService I/TcmInet@native@tcms: INetImpl::GetMsg, seqid=0,interface=wx,method=s, errcode=0,msgtype=2
02-19 16:33:20.729 32506-32573/com.comtop.mim:TcmsService I/TcmInet@native@tcms: clientServiceThrFunc get one notify,interface=wx, method=s, sessionId=2, seqid=0
02-19 16:33:20.729 32506-32573/com.comtop.mim:TcmsService D/tcmsposix@native@tcms: get a notify, sessionId:2, interface:wx, method:s, 
02-19 16:33:20.730 32434-32699/com.comtop.mim I/inetimpl@native@im@msg@recvbytes: 872,fd=72,bufsize=872
02-19 16:33:20.730 32434-32699/com.comtop.mim I/inetimpl@native@im@msg@recv: 接收到消息, seqid=44
02-19 16:33:20.730 32434-32699/com.comtop.mim I/inetimpl@native@im@msg: SaveRspMsg,cmdid=0x1010400,seqid=44,cmdtype=1,compress=1,encrypted=45030
02-19 16:33:20.730 32506-32550/com.comtop.mim:TcmsService I/nativeLog: begin native log
02-19 16:33:20.731 32506-32573/com.comtop.mim:TcmsService I/LocalSocketServer@native@tcms: exitPoll
02-19 16:33:20.733 32434-32701/com.comtop.mim I/InetIO: ResponseSuccess, cmdid:16778240
02-19 16:33:20.733 32434-32701/com.comtop.mim D/WXServiceCallbackDefault.api: cmdid:16778240 state: true
02-19 16:33:20.735 32434-32701/com.comtop.mim I/CloudPref: fastSyncTribeAtMessage use tcp time cost(ms):101
02-19 16:33:20.735 32434-32701/com.comtop.mim D/CloudRequestCallback: yiqiu.wsh BinaryLogResponse {"code":0,"result":{"msgs":[{"atflag":1,"direction":1,"msg":[["T","@000152e838f7358c1 @0001527cf616f2434f @0001529fd77ad9f51 @0001523e00878c10a @0001529ac23ea08d @0001523dfa8b66fb @000150888766a901 @0001528ca8ca542ff "],["Z","eyJhdG1lbWJlcnMiOlt7ImRpc3BsYXlOYW1lIjoiMDAwMTUyN2NmNjE2ZjI0MzRmIiwidWlkIjoiaWR2ajFyNGwwMDAxNTI3Y2Y2MTZmMjQzNGYifSx7ImRpc3BsYXlOYW1lIjoiMDAwMTUyZTgzOGY3MzU4YzEiLCJ1aWQiOiJpZHZqMXI0bDAwMDE1MmU4MzhmNzM1OGMxIn0seyJkaXNwbGF5TmFtZSI6IjAwMDE1MjNlMDA4NzhjMTBhIiwidWlkIjoiaWR2ajFyNGwwMDAxNTIzZTAwODc4YzEwYSJ9LHsiZGlzcGxheU5hbWUiOiIwMDAxNTI5ZmQ3N2FkOWY1MSIsInVpZCI6ImlkdmoxcjRsMDAwMTUyOWZkNzdhZDlmNTEifSx7ImRpc3BsYXlOYW1lIjoiMDAwMTUwODg4NzY2YTkwMSIsInVpZCI6ImlkdmoxcjRsMDAwMTUwODg4NzY2YTkwMSJ9LHsiZGlzcGxheU5hbWUiOiIwMDAxNTIzZGZhOGI2NmZiIiwidWlkIjoiaWR2ajFyNGwwMDAxNTIzZGZhOGI2NmZiIn0seyJkaXNwbGF5TmFtZSI6IjAwMDE1MjlhYzIzZWEwOGQiLCJ1aWQiOiJpZHZqMXI0bDAwMDE1MjlhYzIzZWEwOGQifSx7ImRpc3BsYXlOYW1lIjoiMDAwMTUyOGNhOGNhNTQyZmYiLCJ1aWQiOiJpZHZqMXI0bDAwMDE1MjhjYThjYTU0MmZmIn1dLCJleHREYXRhIjoie30ifQ=="]],"time":1455869873,"uid":"idvj1r4l0001529addb1b71d7","uuid":6269106093187661833,"uuid_str":"6269106093187661833"},{"atflag":1,"direction":1,"msg":[["T","@0001527cf616f2434f @0001528ca8ca542ff @000150888766a901 啊旅途了/:Q/:Q/:Q/:Q"],["Z","eyJhdG1lbWJlcnMiOlt7ImRpc3BsYXlOYW1lIjoiMDAwMTUyN2NmNjE2ZjI0MzRmIiwidWlkIjoiaWR2ajFyNGwwMDAxNTI3Y2Y2MTZmMjQzNGYifSx7ImRpc3BsYXlOYW1lIjoiMDAwMTUyOGNhOGNhNTQyZmYiLCJ1aWQiOiJpZHZqMXI0bDAwMDE1MjhjYThjYTU0MmZmIn0seyJkaXNwbGF5TmFtZSI6IjAwMDE1MDg4ODc2NmE5MDEiLCJ1aWQiOiJpZHZqMXI0bDAwMDE1MDg4ODc2NmE5MDEifV0sImV4dERhdGEiOiJ7fSJ9"]],"time":1455869492,"uid":"idvj1r4l0001529addb1b71d7","uuid":6269106093162692610,"uuid_str":"6269106093162692610"},{"atflag":1,"direction":0,"msg":[["T","@0001527cf616f2434f 休息休息"],["Z","eyJhdG1lbWJlcnMiOlt7ImRpc3BsYXlOYW1lIjoiMDAwMTUyN2NmNjE2ZjI0MzRmIiwidWlkIjoiaWR2ajFyNGwwMDAxNTI3Y2Y2MTZmMjQzNGYifV0sImV4dERhdGEiOiJ7fSJ9"]],"time":1455865166,"uid":"idvj1r4l000150888766a901","uuid":6269106092878921732,"uuid_str":"6269106092878921732"},{"atflag":1,"direction":0,"msg":[["T","@0001527cf616f2434f 反反复复发"],["Z","eyJhdG1lbWJlcnMiOlt7ImRpc3BsYXlOYW1lIjoiMDAwMTUyN2NmNjE2ZjI0MzRmIiwidWlkIjoiaWR2ajFyNGwwMDAxNTI3Y2Y2MTZmMjQzNGYifV0sImV4dERhdGEiOiJ7fSJ9"]],"time":1455864672,"uid":"idvj1r4l000150888766a901","uuid":6269106092846481410,"uuid_str":"6269106092846481410"},{"atflag":1,"direction":0,"msg":[["T","@0001527cf616f2434f 你好啊"],["Z","eyJhdG1lbWJlcnMiOlt7ImRpc3BsYXlOYW1lIjoiMDAwMTUyN2NmNjE2ZjI0MzRmIiwidWlkIjoiaWR2ajFyNGwwMDAxNTI3Y2Y2MTZmMjQzNGYifV0sImV4dERhdGEiOiJ7fSJ9"]],"time":1455864402,"uid":"idvj1r4l000150888766a901","uuid":6269106092828852225,"uuid_str":"6269106092828852225"}],"next_key":""}}
02-19 16:33:20.753 32434-32492/com.comtop.mim D/DataBaseUtils: doContentResolverQueryWrapper uri=content://com.comtop.mim.aliwxprovider/atMessages
02-19 16:33:20.847 32434-32492/com.comtop.mim D/CloudAtMessageManager@tribe: values length:4
02-19 16:33:20.847 32434-32492/com.comtop.mim D/DataBaseUtils: replaceValue uri=content://com.comtop.mim.aliwxprovider/atMessages ContentValues[]
02-19 16:33:20.852 32434-32492/com.comtop.mim D/CloudMessageManager: msgContent = @000152e838f7358c1 @0001527cf616f2434f @0001529fd77ad9f51 @0001523e00878c10a @0001529ac23ea08d @0001523dfa8b66fb @000150888766a901 @0001528ca8ca542ff, msgId = 6269106093187661833
02-19 16:33:20.852 32434-32492/com.comtop.mim D/CloudMessageManager: msgContent = @0001527cf616f2434f @0001528ca8ca542ff @000150888766a901 啊旅途了/:Q/:Q/:Q/:Q, msgId = 6269106093162692610
02-19 16:33:20.852 32434-32492/com.comtop.mim D/CloudMessageManager: msgContent = @0001527cf616f2434f 休息休息, msgId = 6269106092878921732
02-19 16:33:20.853 32434-32492/com.comtop.mim D/CloudMessageManager: msgContent = @0001527cf616f2434f 反反复复发, msgId = 6269106092846481410
02-19 16:33:20.853 32434-32492/com.comtop.mim D/CloudMessageManager: msgContent = @0001527cf616f2434f 你好啊, msgId = 6269106092828852225
02-19 16:33:20.854 32434-32492/com.comtop.mim D/DataBaseUtils: doContentResolverQueryWrapper uri=content://com.comtop.mim.aliwxprovider/message
02-19 16:33:21.114 32434-32492/com.comtop.mim D/CloudAtMessageManager@tribe: checkAtMsgIsReallyRead()---list:[[cntaobaoidvj1r4l0001529addb1b71d7, 6269106093187661833], [cntaobaoidvj1r4l0001529addb1b71d7, 6269106093162692610], [cntaobaoidvj1r4l000150888766a901, 6269106092878921732], [cntaobaoidvj1r4l000150888766a901, 6269106092846481410], [cntaobaoidvj1r4l000150888766a901, 6269106092828852225]]
02-19 16:33:21.116 32434-32492/com.comtop.mim I/dalvikvm: Could not find method com.taobao.statistic.TBS$Ext.commitEvent, referenced from method com.alibaba.mobileim.channel.cloud.message.SyncTribeAtMsgUnReadCountCallback.parseResult
02-19 16:33:21.116 32434-32492/com.comtop.mim W/dalvikvm: VFY: unable to resolve static method 47611: Lcom/taobao/statistic/TBS$Ext;.commitEvent (ILjava/lang/Object;Ljava/lang/Object;Ljava/lang/Object;)V
02-19 16:33:21.116 32434-32492/com.comtop.mim D/dalvikvm: VFY: replacing opcode 0x71 at 0x0062
02-19 16:33:21.116 32434-32492/com.comtop.mim I/dalvikvm: Could not find method com.taobao.statistic.TBS$Ext.commitEvent, referenced from method com.alibaba.mobileim.channel.cloud.message.SyncTribeAtMsgUnReadCountCallback.parseResult
02-19 16:33:21.128 32434-32434/com.comtop.mim D/CloudMessageManager: 获取漫游消息成功, resultCode = 1
02-19 16:33:21.128 32434-32434/com.comtop.mim D/CloudMessageManager: msgSize = 0
02-19 16:33:21.128 32434-32434/com.comtop.mim D/MessageList: yiqiu.wsh onFinishSync:1 tribe1900123729
02-19 16:33:21.129 32434-32434/com.comtop.mim D/setting: reset
02-19 16:33:21.130 32434-32434/com.comtop.mim D/CloudMessageManager: postFinishMessages, mPNotify = null
02-19 16:33:21.145 32434-32492/com.comtop.mim W/dalvikvm: VFY: unable to resolve static method 47611: Lcom/taobao/statistic/TBS$Ext;.commitEvent (ILjava/lang/Object;Ljava/lang/Object;Ljava/lang/Object;)V
02-19 16:33:21.146 32434-32492/com.comtop.mim D/dalvikvm: VFY: replacing opcode 0x71 at 0x0083
