02-19 16:33:21.148 32434-32492/com.comtop.mim D/@tribe: unread count request -> msgs:[["cntaobaoidvj1r4l0001529addb1b71d7",6269106093187661833],["cntaobaoidvj1r4l0001529addb1b71d7",6269106093162692610],["cntaobaoidvj1r4l000150888766a901",6269106092878921732],["cntaobaoidvj1r4l000150888766a901",6269106092846481410],["cntaobaoidvj1r4l000150888766a901",6269106092828852225]]
02-19 16:33:21.148 32434-32492/com.comtop.mim D/CloudBaseRequest: oToken:null
02-19 16:33:21.149 32434-32492/com.comtop.mim D/CloudBaseRequest: token:#$@~%/^K_*nullwx_android1455870805idvj1r4l000150888766a901
02-19 16:33:21.149 32434-32492/com.comtop.mim D/CloudBaseRequest: token md5:666bdaa71e3e1b2918b539dfce065b81
02-19 16:33:21.151 32434-32492/com.comtop.mim D/CloudRequestCallback: param:{"msgs":[["cntaobaoidvj1r4l0001529addb1b71d7",6269106093187661833],["cntaobaoidvj1r4l0001529addb1b71d7",6269106093162692610],["cntaobaoidvj1r4l000150888766a901",6269106092878921732],["cntaobaoidvj1r4l000150888766a901",6269106092846481410],["cntaobaoidvj1r4l000150888766a901",6269106092828852225]],"optype":0,"token":"666bdaa71e3e1b2918b539dfce065b81","now":1455870805,"device":82,"appid":100817,"tribeid":"1900123729","actor":"idvj1r4l000150888766a901","out":"mobile"} cmd:4111
02-19 16:33:21.155 32434-32492/com.comtop.mim D/SocketChannel: reqCommonCmd, cmdid = 4111reqPara = {"msgs":[["cntaobaoidvj1r4l0001529addb1b71d7",6269106093187661833],["cntaobaoidvj1r4l0001529addb1b71d7",6269106093162692610],["cntaobaoidvj1r4l000150888766a901",6269106092878921732],["cntaobaoidvj1r4l000150888766a901",6269106092846481410],["cntaobaoidvj1r4l000150888766a901",6269106092828852225]],"optype":0,"token":"666bdaa71e3e1b2918b539dfce065b81","now":1455870805,"device":82,"appid":100817,"tribeid":"1900123729","actor":"idvj1r4l000150888766a901","out":"mobile"}
02-19 16:33:21.156 32434-32492/com.comtop.mim I/Native: InetIO_ngetLoginState
02-19 16:33:21.181 32434-32492/com.comtop.mim I/Native: current user idvj1r4l000150888766a901
02-19 16:33:21.181 32434-32492/com.comtop.mim I/EgoAccount.api: getLoginState:3
02-19 16:33:21.192 32434-32492/com.comtop.mim D/test: cmdId:4111
02-19 16:33:21.197 32434-32492/com.comtop.mim I/SocketChannel.api: reqCommonCmd
02-19 16:33:21.201 32434-32492/com.comtop.mim I/HttpChannel.api: syncTribeAtMsgUnReadCount
02-19 16:33:21.202 32434-32492/com.comtop.mim D/InetIO: asyncCall，  cmdid：16778240 appId:100817 bizId:0
02-19 16:33:21.204 32434-32492/com.comtop.mim I/Native: InetIO_asyncCall
02-19 16:33:21.205 32434-32492/com.comtop.mim I/imservice@native@im@msg@send: 压缩消息体, src paramdata.size=488
02-19 16:33:21.207 32434-32492/com.comtop.mim I/imservice@native@im@msg@send: 压缩消息体, bCommpress:1, dst paramdata.size=245
02-19 16:33:21.211 32434-32492/com.comtop.mim I/WXContext@idvj1r4l000150888766a901@login: extrahead:idvj1r4l000150888766a901, reserved:1
02-19 16:33:21.213 32434-32492/com.comtop.mim I/inetimpl@native@im@msg: PostMsg,cmdid=0x1000400,seqid=45,cmdtype=1,compress=1,encrypted=28
02-19 16:33:21.215 32434-32492/com.comtop.mim D/packagesize: headerlen:52, bodylen:248, extraheadlen:24
02-19 16:33:21.234 32434-32699/com.comtop.mim I/inetimpl@native@im@msg@sendbytes: 306,fd=72,error=11
02-19 16:33:21.252 32506-32673/com.comtop.mim:TcmsService I/LocalSocketServer@native@tcms: poll fd:58, event:1
02-19 16:33:21.257 32506-32673/com.comtop.mim:TcmsService I/jni/inet/android/native/common/calljava.cpp: nativeLog
02-19 16:33:21.277 32506-32550/com.comtop.mim:TcmsService W/tcminetimpl@native@tcms@msgmynative: PostMsg,interface=wx,method=s,seqid=51,sessionid:2,cmdtype=2,compress=0,encrypted=0
02-19 16:33:21.297 32506-32550/com.comtop.mim:TcmsService I/nativeLog: begin native log
02-19 16:33:21.302 32506-32673/com.comtop.mim:TcmsService I/tcminetimpl@native@tcms: postData2Server, seqid:51, data.len:324
02-19 16:33:21.303 32506-32673/com.comtop.mim:TcmsService I/tcminetimpl@native@tcms: postData2Server, m_seqtsMap.len:0
02-19 16:33:21.304 32506-32572/com.comtop.mim:TcmsService I/jni/inet/android/native/common/calljava.cpp: nativeLog
02-19 16:33:21.305 32506-32550/com.comtop.mim:TcmsService W/tcminetimpl@native@tcms@msg@sendbytesmynative: 324,fd=56,error=11
02-19 16:33:21.334 32506-32550/com.comtop.mim:TcmsService I/nativeLog: begin native log
02-19 16:33:21.406 32506-32572/com.comtop.mim:TcmsService I/jni/inet/android/native/common/calljava.cpp: nativeLog
02-19 16:33:21.410 32506-32550/com.comtop.mim:TcmsService W/tcminetimpl@native@tcms@msg@recvbytesmynative: 89,fd=56,bufsize=89
02-19 16:33:21.415 32506-32550/com.comtop.mim:TcmsService I/nativeLog: begin native log
02-19 16:33:21.438 32506-32572/com.comtop.mim:TcmsService I/SccomHelper@native: 包未加密
02-19 16:33:21.441 32506-32572/com.comtop.mim:TcmsService I/jni/inet/android/native/common/calljava.cpp: nativeLog
02-19 16:33:21.441 32506-32575/com.comtop.mim:TcmsService I/TcmInet@native@tcms: INetImpl::GetMsg, seqid=0,interface=wx,method=s, errcode=0,msgtype=2
02-19 16:33:21.444 32506-32550/com.comtop.mim:TcmsService W/tcminetimpl@native@tcms@msgmynative: SaveRspMsg,interface=wx,method=s,seqid=0,sessionId=2,cmdtype=2
02-19 16:33:21.451 32506-32550/com.comtop.mim:TcmsService I/nativeLog: begin native log
02-19 16:33:21.458 32506-32573/com.comtop.mim:TcmsService I/TcmInet@native@tcms: clientServiceThrFunc get one notify,interface=wx, method=s, sessionId=2, seqid=0
02-19 16:33:21.461 32506-32573/com.comtop.mim:TcmsService D/tcmsposix@native@tcms: get a notify, sessionId:2, interface:wx, method:s, 
02-19 16:33:21.466 32434-32699/com.comtop.mim I/inetimpl@native@im@msg@recvbytes: 72,fd=72,bufsize=72
02-19 16:33:21.466 32434-32699/com.comtop.mim I/inetimpl@native@im@msg@recv: 接收到消息, seqid=45
02-19 16:33:21.466 32434-32699/com.comtop.mim I/inetimpl@native@im@msg: SaveRspMsg,cmdid=0x1010400,seqid=45,cmdtype=0,compress=1,encrypted=2777
02-19 16:33:21.467 32434-32701/com.comtop.mim I/InetIO: ResponseSuccess, cmdid:16778240
02-19 16:33:21.471 32506-32573/com.comtop.mim:TcmsService I/LocalSocketServer@native@tcms: exitPoll
02-19 16:33:21.472 32434-32701/com.comtop.mim D/WXServiceCallbackDefault.api: cmdid:16778240 state: true
02-19 16:33:21.473 32434-32701/com.comtop.mim D/CloudAtMessageManager@tribe: result[0].toString():{"code":0,"result":{"msgs":[]}}
02-19 16:33:21.475 32434-32701/com.comtop.mim D/CloudAtMessageManager@tribe: 漫游消息成功回调执行:resultCallback.onSuccess(msgList)：
02-19 16:33:21.476 32434-32434/com.comtop.mim D/SyncAtMessageCallback@tribe: result:[com.alibaba.mobileim.channel.message.MessageItem@432bae00, com.alibaba.mobileim.channel.message.MessageItem@432bda98, com.alibaba.mobileim.channel.message.MessageItem@432beea8, com.alibaba.mobileim.channel.message.MessageItem@432bfa18, com.alibaba.mobileim.channel.message.MessageItem@432c0588]  result.length:1
02-19 16:33:21.477 32434-32492/com.comtop.mim D/DataBaseUtils: doContentResolverQueryWrapper uri=content://com.comtop.mim.aliwxprovider/atMessages
02-19 16:33:21.479 32434-32492/com.comtop.mim D/DataBaseUtils: doContentResolverQueryWrapper uri=content://com.comtop.mim.aliwxprovider/message
02-19 16:33:21.824 32434-32434/com.comtop.mim D/setting: onReleaseToRefresh
02-19 16:33:21.890 32434-32434/com.comtop.mim D/setting: refreshing
02-19 16:33:22.095 32434-32434/com.comtop.mim D/CloudMessageManager: getCloudMessages: mIsAlwaysGetFromLocal = false
02-19 16:33:22.097 32434-32434/com.comtop.mim D/CloudMessageManager: initManagerCallback, notify = com.alibaba.mobileim.lib.presenter.message.MessageList@41fda748, mPNotify = java.lang.ref.WeakReference@432f6728
02-19 16:33:22.104 32434-2040/com.comtop.mim D/CloudMessageManager: mIsBatchSuccess = true第一次下拉成功完成，开始走正常的云端化消息收取逻辑
02-19 16:33:22.105 32434-2040/com.comtop.mim D/CloudMessageManager: 漫游开启时间：1970/1/1/8:0:0
02-19 16:33:22.107 32434-2040/com.comtop.mim D/CloudMessageManager: 开始从本地漫游消息，type = 3
02-19 16:33:22.110 32434-2040/com.comtop.mim D/CloudMessageManager@mList: start in getFromLocal():  2016/2/19/16:33:23 mStartTimeInMsgList:1970/1/1/8:0:0
02-19 16:33:22.113 32434-2040/com.comtop.mim D/DataBaseUtils: doContentResolverQueryWrapper uri=content://com.comtop.mim.aliwxprovider/message
02-19 16:33:22.127 32434-2040/com.comtop.mim D/CloudMessageManager: mOffsetTime = 1455870803
02-19 16:33:22.128 32434-2040/com.comtop.mim D/CloudMessageManager: 超出服务器缓存时间，开始从本地获取消息
02-19 16:33:22.132 32434-32434/com.comtop.mim D/YWConversationManagerImpl: ----------------------执行网络请求查询@消息-----------------------
02-19 16:33:22.136 32434-32492/com.comtop.mim D/DataBaseUtils: doContentResolverQueryWrapper uri=content://com.comtop.mim.aliwxprovider/atMessages
02-19 16:33:22.140 32434-32492/com.comtop.mim D/CloudBaseRequest: oToken:null
02-19 16:33:22.141 32434-32492/com.comtop.mim D/CloudBaseRequest: token:#$@~%/^K_*nullwx_android1455870806idvj1r4l000150888766a901
02-19 16:33:22.143 32434-32492/com.comtop.mim D/CloudBaseRequest: token md5:f05705e787ccce8977de374230dd9289
02-19 16:33:22.144 32434-32492/com.comtop.mim D/CloudRequestCallback: quanyun.wqy syncFastAtMessages {optype=auto, count=20, btime=1455266006, charset=UTF-8, appid=wx_android, actor=idvj1r4l000150888766a901, mode=unread, version=2, order=1, etime=1455870806, token=f05705e787ccce8977de374230dd9289, now=1455870806, tribeid=1900123729, autoflag=1, key=null, out=mobile}
02-19 16:33:22.146 32434-32492/com.comtop.mim D/CloudRequestCallback: param:{"optype":1,"count":20,"etime":1455870806,"token":"f05705e787ccce8977de374230dd9289","now":1455870806,"btime":1455266006,"device":82,"appid":100817,"tribeid":"1900123729","actor":"idvj1r4l000150888766a901","out":"mobile"} cmd:4110
02-19 16:33:22.147 32434-32492/com.comtop.mim D/SocketChannel: reqCommonCmd, cmdid = 4110reqPara = {"optype":1,"count":20,"etime":1455870806,"token":"f05705e787ccce8977de374230dd9289","now":1455870806,"btime":1455266006,"device":82,"appid":100817,"tribeid":"1900123729","actor":"idvj1r4l000150888766a901","out":"mobile"}
02-19 16:33:22.149 32434-32492/com.comtop.mim I/Native: InetIO_ngetLoginState
02-19 16:33:22.150 32434-32492/com.comtop.mim I/Native: current user idvj1r4l000150888766a901
02-19 16:33:22.151 32434-32492/com.comtop.mim I/EgoAccount.api: getLoginState:3
02-19 16:33:22.153 32434-32492/com.comtop.mim D/test: cmdId:4110
02-19 16:33:22.170 32434-32492/com.comtop.mim I/SocketChannel.api: reqCommonCmd
02-19 16:33:22.172 32434-32492/com.comtop.mim I/HttpChannel.api: syncTribeAtMessages
02-19 16:33:22.174 32434-32492/com.comtop.mim D/InetIO: asyncCall，  cmdid：16778240 appId:100817 bizId:0
02-19 16:33:22.177 32434-32492/com.comtop.mim I/Native: InetIO_asyncCall
02-19 16:33:22.179 32434-32492/com.comtop.mim I/imservice@native@im@msg@send: 压缩消息体, src paramdata.size=240
02-19 16:33:22.181 32434-32492/com.comtop.mim I/imservice@native@im@msg@send: 压缩消息体, bCommpress:1, dst paramdata.size=190
02-19 16:33:22.184 32434-32492/com.comtop.mim I/WXContext@idvj1r4l000150888766a901@login: extrahead:idvj1r4l000150888766a901, reserved:1
02-19 16:33:22.187 32434-32492/com.comtop.mim I/inetimpl@native@im@msg: PostMsg,cmdid=0x1000400,seqid=46,cmdtype=1,compress=1,encrypted=28
02-19 16:33:22.189 32434-32492/com.comtop.mim D/packagesize: headerlen:52, bodylen:192, extraheadlen:24
02-19 16:33:22.189 32434-32699/com.comtop.mim I/inetimpl@native@im@msg@sendbytes: 250,fd=72,error=11
02-19 16:33:22.206 32506-32673/com.comtop.mim:TcmsService I/LocalSocketServer@native@tcms: poll fd:58, event:1
02-19 16:33:22.208 32506-32673/com.comtop.mim:TcmsService I/jni/inet/android/native/common/calljava.cpp: nativeLog
02-19 16:33:22.208 32434-32434/com.comtop.mim D/CloudMessageManager: 获取漫游消息成功, resultCode = 3
02-19 16:33:22.209 32434-32434/com.comtop.mim D/CloudMessageManager: msgSize = 0
02-19 16:33:22.216 32506-32550/com.comtop.mim:TcmsService W/tcminetimpl@native@tcms@msgmynative: PostMsg,interface=wx,method=s,seqid=52,sessionid:2,cmdtype=2,compress=0,encrypted=0
02-19 16:33:22.218 32506-32550/com.comtop.mim:TcmsService I/nativeLog: begin native log
02-19 16:33:22.226 32506-32673/com.comtop.mim:TcmsService I/tcminetimpl@native@tcms: postData2Server, seqid:52, data.len:268
02-19 16:33:22.231 32506-32673/com.comtop.mim:TcmsService I/tcminetimpl@native@tcms: postData2Server, m_seqtsMap.len:0
02-19 16:33:22.236 32506-32572/com.comtop.mim:TcmsService I/jni/inet/android/native/common/calljava.cpp: nativeLog
02-19 16:33:22.240 32506-32550/com.comtop.mim:TcmsService W/tcminetimpl@native@tcms@msg@sendbytesmynative: 268,fd=56,error=11
02-19 16:33:22.245 32506-32550/com.comtop.mim:TcmsService I/nativeLog: begin native log
02-19 16:33:22.404 32506-32572/com.comtop.mim:TcmsService I/jni/inet/android/native/common/calljava.cpp: nativeLog
02-19 16:33:22.405 32506-32550/com.comtop.mim:TcmsService W/tcminetimpl@native@tcms@msg@recvbytesmynative: 892,fd=56,bufsize=892
02-19 16:33:22.409 32506-32550/com.comtop.mim:TcmsService I/nativeLog: begin native log
02-19 16:33:22.415 32506-32572/com.comtop.mim:TcmsService I/SccomHelper@native: 包未加密
02-19 16:33:22.422 32506-32572/com.comtop.mim:TcmsService I/jni/inet/android/native/common/calljava.cpp: nativeLog
02-19 16:33:22.425 32506-32575/com.comtop.mim:TcmsService I/TcmInet@native@tcms: INetImpl::GetMsg, seqid=0,interface=wx,method=s, errcode=0,msgtype=2
02-19 16:33:22.430 32506-32573/com.comtop.mim:TcmsService I/TcmInet@native@tcms: clientServiceThrFunc get one notify,interface=wx, method=s, sessionId=2, seqid=0
02-19 16:33:22.435 32506-32550/com.comtop.mim:TcmsService W/tcminetimpl@native@tcms@msgmynative: SaveRspMsg,interface=wx,method=s,seqid=0,sessionId=2,cmdtype=2
02-19 16:33:22.438 32506-32573/com.comtop.mim:TcmsService D/tcmsposix@native@tcms: get a notify, sessionId:2, interface:wx, method:s, 
02-19 16:33:22.442 32434-32699/com.comtop.mim I/inetimpl@native@im@msg@recvbytes: 872,fd=72,bufsize=872
02-19 16:33:22.446 32434-32699/com.comtop.mim I/inetimpl@native@im@msg@recv: 接收到消息, seqid=46
02-19 16:33:22.450 32434-32699/com.comtop.mim I/inetimpl@native@im@msg: SaveRspMsg,cmdid=0x1010400,seqid=46,cmdtype=1,compress=1,encrypted=45030
02-19 16:33:22.453 32506-32573/com.comtop.mim:TcmsService I/LocalSocketServer@native@tcms: exitPoll
02-19 16:33:22.456 32434-32701/com.comtop.mim I/InetIO: ResponseSuccess, cmdid:16778240
02-19 16:33:22.457 32434-32701/com.comtop.mim D/WXServiceCallbackDefault.api: cmdid:16778240 state: true
02-19 16:33:22.457 32434-32701/com.comtop.mim I/CloudPref: fastSyncTribeAtMessage use tcp time cost(ms):312
02-19 16:33:22.458 32434-32701/com.comtop.mim D/CloudRequestCallback: yiqiu.wsh BinaryLogResponse {"code":0,"result":{"msgs":[{"atflag":1,"direction":1,"msg":[["T","@000152e838f7358c1 @0001527cf616f2434f @0001529fd77ad9f51 @0001523e00878c10a @0001529ac23ea08d @0001523dfa8b66fb @000150888766a901 @0001528ca8ca542ff "],["Z","eyJhdG1lbWJlcnMiOlt7ImRpc3BsYXlOYW1lIjoiMDAwMTUyN2NmNjE2ZjI0MzRmIiwidWlkIjoiaWR2ajFyNGwwMDAxNTI3Y2Y2MTZmMjQzNGYifSx7ImRpc3BsYXlOYW1lIjoiMDAwMTUyZTgzOGY3MzU4YzEiLCJ1aWQiOiJpZHZqMXI0bDAwMDE1MmU4MzhmNzM1OGMxIn0seyJkaXNwbGF5TmFtZSI6IjAwMDE1MjNlMDA4NzhjMTBhIiwidWlkIjoiaWR2ajFyNGwwMDAxNTIzZTAwODc4YzEwYSJ9LHsiZGlzcGxheU5hbWUiOiIwMDAxNTI5ZmQ3N2FkOWY1MSIsInVpZCI6ImlkdmoxcjRsMDAwMTUyOWZkNzdhZDlmNTEifSx7ImRpc3BsYXlOYW1lIjoiMDAwMTUwODg4NzY2YTkwMSIsInVpZCI6ImlkdmoxcjRsMDAwMTUwODg4NzY2YTkwMSJ9LHsiZGlzcGxheU5hbWUiOiIwMDAxNTIzZGZhOGI2NmZiIiwidWlkIjoiaWR2ajFyNGwwMDAxNTIzZGZhOGI2NmZiIn0seyJkaXNwbGF5TmFtZSI6IjAwMDE1MjlhYzIzZWEwOGQiLCJ1aWQiOiJpZHZqMXI0bDAwMDE1MjlhYzIzZWEwOGQifSx7ImRpc3BsYXlOYW1lIjoiMDAwMTUyOGNhOGNhNTQyZmYiLCJ1aWQiOiJpZHZqMXI0bDAwMDE1MjhjYThjYTU0MmZmIn1dLCJleHREYXRhIjoie30ifQ=="]],"time":1455869873,"uid":"idvj1r4l0001529addb1b71d7","uuid":6269106093187661833,"uuid_str":"6269106093187661833"},{"atflag":1,"direction":1,"msg":[["T","@0001527cf616f2434f @0001528ca8ca542ff @000150888766a901 啊旅途了/:Q/:Q/:Q/:Q"],["Z","eyJhdG1lbWJlcnMiOlt7ImRpc3BsYXlOYW1lIjoiMDAwMTUyN2NmNjE2ZjI0MzRmIiwidWlkIjoiaWR2ajFyNGwwMDAxNTI3Y2Y2MTZmMjQzNGYifSx7ImRpc3BsYXlOYW1lIjoiMDAwMTUyOGNhOGNhNTQyZmYiLCJ1aWQiOiJpZHZqMXI0bDAwMDE1MjhjYThjYTU0MmZmIn0seyJkaXNwbGF5TmFtZSI6IjAwMDE1MDg4ODc2NmE5MDEiLCJ1aWQiOiJpZHZqMXI0bDAwMDE1MDg4ODc2NmE5MDEifV0sImV4dERhdGEiOiJ7fSJ9"]],"time":1455869492,"uid":"idvj1r4l0001529addb1b71d7","uuid":6269106093162692610,"uuid_str":"6269106093162692610"},{"atflag":1,"direction":0,"msg":[["T","@0001527cf616f2434f 休息休息"],["Z","eyJhdG1lbWJlcnMiOlt7ImRpc3BsYXlOYW1lIjoiMDAwMTUyN2NmNjE2ZjI0MzRmIiwidWlkIjoiaWR2ajFyNGwwMDAxNTI3Y2Y2MTZmMjQzNGYifV0sImV4dERhdGEiOiJ7fSJ9"]],"time":1455865166,"uid":"idvj1r4l000150888766a901","uuid":6269106092878921732,"uuid_str":"6269106092878921732"},{"atflag":1,"direction":0,"msg":[["T","@0001527cf616f2434f 反反复复发"],["Z","eyJhdG1lbWJlcnMiOlt7ImRpc3BsYXlOYW1lIjoiMDAwMTUyN2NmNjE2ZjI0MzRmIiwidWlkIjoiaWR2ajFyNGwwMDAxNTI3Y2Y2MTZmMjQzNGYifV0sImV4dERhdGEiOiJ7fSJ9"]],"time":1455864672,"uid":"idvj1r4l000150888766a901","uuid":6269106092846481410,"uuid_str":"6269106092846481410"},{"atflag":1,"direction":0,"msg":[["T","@0001527cf616f2434f 你好啊"],["Z","eyJhdG1lbWJlcnMiOlt7ImRpc3BsYXlOYW1lIjoiMDAwMTUyN2NmNjE2ZjI0MzRmIiwidWlkIjoiaWR2ajFyNGwwMDAxNTI3Y2Y2MTZmMjQzNGYifV0sImV4dERhdGEiOiJ7fSJ9"]],"time":1455864402,"uid":"idvj1r4l000150888766a901","uuid":6269106092828852225,"uuid_str":"6269106092828852225"}],"next_key":""}}
02-19 16:33:22.472 32434-32492/com.comtop.mim D/DataBaseUtils: doContentResolverQueryWrapper uri=content://com.comtop.mim.aliwxprovider/atMessages
02-19 16:33:22.474 32434-32492/com.comtop.mim D/CloudAtMessageManager@tribe: values length:4
02-19 16:33:22.474 32434-32492/com.comtop.mim D/DataBaseUtils: replaceValue uri=content://com.comtop.mim.aliwxprovider/atMessages ContentValues[]
02-19 16:33:22.480 32434-32492/com.comtop.mim D/CloudMessageManager: msgContent = @000152e838f7358c1 @0001527cf616f2434f @0001529fd77ad9f51 @0001523e00878c10a @0001529ac23ea08d @0001523dfa8b66fb @000150888766a901 @0001528ca8ca542ff, msgId = 6269106093187661833
02-19 16:33:22.481 32434-32492/com.comtop.mim D/CloudMessageManager: msgContent = @0001527cf616f2434f @0001528ca8ca542ff @000150888766a901 啊旅途了/:Q/:Q/:Q/:Q, msgId = 6269106093162692610
02-19 16:33:22.482 32434-32492/com.comtop.mim D/CloudMessageManager: msgContent = @0001527cf616f2434f 休息休息, msgId = 6269106092878921732
02-19 16:33:22.483 32434-32492/com.comtop.mim D/CloudMessageManager: msgContent = @0001527cf616f2434f 反反复复发, msgId = 6269106092846481410
02-19 16:33:22.484 32434-32492/com.comtop.mim D/CloudMessageManager: msgContent = @0001527cf616f2434f 你好啊, msgId = 6269106092828852225
02-19 16:33:22.485 32434-32492/com.comtop.mim D/DataBaseUtils: doContentResolverQueryWrapper uri=content://com.comtop.mim.aliwxprovider/message
02-19 16:33:22.479 32506-32550/com.comtop.mim:TcmsService I/nativeLog: begin native log
02-19 16:33:22.604 32434-32434/com.comtop.mim D/CloudMessageManager: 获取漫游消息成功, resultCode = 3
02-19 16:33:22.604 32434-32434/com.comtop.mim D/CloudMessageManager: msgSize = 0
02-19 16:33:22.604 32434-32434/com.comtop.mim D/MessageList: yiqiu.wsh onFinishSync:3 tribe1900123729
02-19 16:33:22.605 32434-32434/com.comtop.mim D/setting: reset
02-19 16:33:22.608 32434-32434/com.comtop.mim D/CloudMessageManager: postFinishMessages, mPNotify = null
02-19 16:33:22.698 32434-32492/com.comtop.mim D/CloudAtMessageManager@tribe: checkAtMsgIsReallyRead()---list:[[cntaobaoidvj1r4l0001529addb1b71d7, 6269106093187661833], [cntaobaoidvj1r4l0001529addb1b71d7, 6269106093162692610], [cntaobaoidvj1r4l000150888766a901, 6269106092878921732], [cntaobaoidvj1r4l000150888766a901, 6269106092846481410], [cntaobaoidvj1r4l000150888766a901, 6269106092828852225]]
02-19 16:33:22.700 32434-32492/com.comtop.mim D/@tribe: unread count request -> msgs:[["cntaobaoidvj1r4l0001529addb1b71d7",6269106093187661833],["cntaobaoidvj1r4l0001529addb1b71d7",6269106093162692610],["cntaobaoidvj1r4l000150888766a901",6269106092878921732],["cntaobaoidvj1r4l000150888766a901",6269106092846481410],["cntaobaoidvj1r4l000150888766a901",6269106092828852225]]
02-19 16:33:22.729 32434-32492/com.comtop.mim D/CloudBaseRequest: oToken:null
02-19 16:33:22.731 32434-32492/com.comtop.mim D/CloudBaseRequest: token:#$@~%/^K_*nullwx_android1455870807idvj1r4l000150888766a901
02-19 16:33:22.735 32434-32492/com.comtop.mim D/CloudBaseRequest: token md5:ef1a76ba39ebd274d27ccb18286af40e
02-19 16:33:22.745 32434-32492/com.comtop.mim D/CloudRequestCallback: param:{"msgs":[["cntaobaoidvj1r4l0001529addb1b71d7",6269106093187661833],["cntaobaoidvj1r4l0001529addb1b71d7",6269106093162692610],["cntaobaoidvj1r4l000150888766a901",6269106092878921732],["cntaobaoidvj1r4l000150888766a901",6269106092846481410],["cntaobaoidvj1r4l000150888766a901",6269106092828852225]],"optype":0,"token":"ef1a76ba39ebd274d27ccb18286af40e","now":1455870807,"device":82,"appid":100817,"tribeid":"1900123729","actor":"idvj1r4l000150888766a901","out":"mobile"} cmd:4111
02-19 16:33:22.745 32434-32492/com.comtop.mim D/SocketChannel: reqCommonCmd, cmdid = 4111reqPara = {"msgs":[["cntaobaoidvj1r4l0001529addb1b71d7",6269106093187661833],["cntaobaoidvj1r4l0001529addb1b71d7",6269106093162692610],["cntaobaoidvj1r4l000150888766a901",6269106092878921732],["cntaobaoidvj1r4l000150888766a901",6269106092846481410],["cntaobaoidvj1r4l000150888766a901",6269106092828852225]],"optype":0,"token":"ef1a76ba39ebd274d27ccb18286af40e","now":1455870807,"device":82,"appid":100817,"tribeid":"1900123729","actor":"idvj1r4l000150888766a901","out":"mobile"}
02-19 16:33:22.769 32434-32492/com.comtop.mim I/Native: InetIO_ngetLoginState
02-19 16:33:22.793 32434-32492/com.comtop.mim I/Native: current user idvj1r4l000150888766a901
02-19 16:33:22.793 32434-32492/com.comtop.mim I/EgoAccount.api: getLoginState:3
02-19 16:33:22.798 32434-32492/com.comtop.mim D/test: cmdId:4111
02-19 16:33:22.798 32434-32492/com.comtop.mim I/SocketChannel.api: reqCommonCmd
02-19 16:33:22.798 32434-32492/com.comtop.mim I/HttpChannel.api: syncTribeAtMsgUnReadCount
02-19 16:33:22.800 32434-32492/com.comtop.mim D/InetIO: asyncCall，  cmdid：16778240 appId:100817 bizId:0
02-19 16:33:22.800 32434-32492/com.comtop.mim I/Native: InetIO_asyncCall
02-19 16:33:22.800 32434-32492/com.comtop.mim I/imservice@native@im@msg@send: 压缩消息体, src paramdata.size=488
02-19 16:33:22.802 32434-32492/com.comtop.mim I/imservice@native@im@msg@send: 压缩消息体, bCommpress:1, dst paramdata.size=245
02-19 16:33:22.802 32434-32492/com.comtop.mim I/WXContext@idvj1r4l000150888766a901@login: extrahead:idvj1r4l000150888766a901, reserved:1
02-19 16:33:22.802 32434-32492/com.comtop.mim I/inetimpl@native@im@msg: PostMsg,cmdid=0x1000400,seqid=47,cmdtype=1,compress=1,encrypted=28
02-19 16:33:22.815 32434-32492/com.comtop.mim D/packagesize: headerlen:52, bodylen:248, extraheadlen:24
02-19 16:33:22.816 32434-32699/com.comtop.mim I/inetimpl@native@im@msg@sendbytes: 306,fd=72,error=11
02-19 16:33:22.820 32506-32673/com.comtop.mim:TcmsService I/LocalSocketServer@native@tcms: poll fd:58, event:1
02-19 16:33:22.825 32506-32673/com.comtop.mim:TcmsService I/jni/inet/android/native/common/calljava.cpp: nativeLog
02-19 16:33:22.826 32506-32550/com.comtop.mim:TcmsService W/tcminetimpl@native@tcms@msgmynative: PostMsg,interface=wx,method=s,seqid=53,sessionid:2,cmdtype=2,compress=0,encrypted=0
02-19 16:33:22.828 32506-32550/com.comtop.mim:TcmsService I/nativeLog: begin native log
02-19 16:33:22.829 32506-32673/com.comtop.mim:TcmsService I/tcminetimpl@native@tcms: postData2Server, seqid:53, data.len:324
02-19 16:33:22.830 32506-32673/com.comtop.mim:TcmsService I/tcminetimpl@native@tcms: postData2Server, m_seqtsMap.len:0
02-19 16:33:22.831 32506-32572/com.comtop.mim:TcmsService I/jni/inet/android/native/common/calljava.cpp: nativeLog
02-19 16:33:22.832 32506-32550/com.comtop.mim:TcmsService W/tcminetimpl@native@tcms@msg@sendbytesmynative: 324,fd=56,error=11
02-19 16:33:22.833 32506-32550/com.comtop.mim:TcmsService I/nativeLog: begin native log
02-19 16:33:22.925 32506-32572/com.comtop.mim:TcmsService I/jni/inet/android/native/common/calljava.cpp: nativeLog
02-19 16:33:22.928 32506-32550/com.comtop.mim:TcmsService W/tcminetimpl@native@tcms@msg@recvbytesmynative: 89,fd=56,bufsize=89
02-19 16:33:22.933 32506-32550/com.comtop.mim:TcmsService I/nativeLog: begin native log
02-19 16:33:22.939 32506-32572/com.comtop.mim:TcmsService I/SccomHelper@native: 包未加密
02-19 16:33:22.943 32506-32572/com.comtop.mim:TcmsService I/jni/inet/android/native/common/calljava.cpp: nativeLog
02-19 16:33:22.947 32506-32575/com.comtop.mim:TcmsService I/TcmInet@native@tcms: INetImpl::GetMsg, seqid=0,interface=wx,method=s, errcode=0,msgtype=2
02-19 16:33:22.951 32506-32573/com.comtop.mim:TcmsService I/TcmInet@native@tcms: clientServiceThrFunc get one notify,interface=wx, method=s, sessionId=2, seqid=0
02-19 16:33:22.956 32506-32573/com.comtop.mim:TcmsService D/tcmsposix@native@tcms: get a notify, sessionId:2, interface:wx, method:s, 
02-19 16:33:22.958 32434-32699/com.comtop.mim I/inetimpl@native@im@msg@recvbytes: 72,fd=72,bufsize=72
02-19 16:33:22.958 32434-32699/com.comtop.mim I/inetimpl@native@im@msg@recv: 接收到消息, seqid=47
02-19 16:33:22.959 32434-32699/com.comtop.mim I/inetimpl@native@im@msg: SaveRspMsg,cmdid=0x1010400,seqid=47,cmdtype=0,compress=1,encrypted=2777
02-19 16:33:22.960 32434-32701/com.comtop.mim I/InetIO: ResponseSuccess, cmdid:16778240
02-19 16:33:22.961 32434-32701/com.comtop.mim D/WXServiceCallbackDefault.api: cmdid:16778240 state: true
02-19 16:33:22.962 32434-32701/com.comtop.mim D/CloudAtMessageManager@tribe: result[0].toString():{"code":0,"result":{"msgs":[]}}
02-19 16:33:22.962 32434-32701/com.comtop.mim D/CloudAtMessageManager@tribe: 漫游消息成功回调执行:resultCallback.onSuccess(msgList)：
02-19 16:33:22.963 32506-32573/com.comtop.mim:TcmsService I/LocalSocketServer@native@tcms: exitPoll
02-19 16:33:22.963 32506-32550/com.comtop.mim:TcmsService W/tcminetimpl@native@tcms@msgmynative: SaveRspMsg,interface=wx,method=s,seqid=0,sessionId=2,cmdtype=2
02-19 16:33:22.963 32434-32434/com.comtop.mim D/SyncAtMessageCallback@tribe: result:[com.alibaba.mobileim.channel.message.MessageItem@4330e8a8, com.alibaba.mobileim.channel.message.MessageItem@433114f0, com.alibaba.mobileim.channel.message.MessageItem@43312900, com.alibaba.mobileim.channel.message.MessageItem@43313470, com.alibaba.mobileim.channel.message.MessageItem@43313fe0]  result.length:1
02-19 16:33:22.974 32434-32492/com.comtop.mim D/DataBaseUtils: doContentResolverQueryWrapper uri=content://com.comtop.mim.aliwxprovider/atMessages
02-19 16:33:22.977 32434-32492/com.comtop.mim D/DataBaseUtils: doContentResolverQueryWrapper uri=content://com.comtop.mim.aliwxprovider/message
02-19 16:33:22.980 32506-32550/com.comtop.mim:TcmsService I/nativeLog: begin native log
02-19 16:33:24.394 32434-32553/com.comtop.mim D/Tracker: start dump task. size:2
02-19 16:33:24.423 32434-32553/com.comtop.mim D/Tracker: {"time":"02-19 16:33:18.834","steps":[],"consume":1455870798834,"name":"com.alibaba.mobileim.ui.WxChattingActvity@431db880"}
02-19 16:33:24.446 32434-32553/com.comtop.mim D/Tracker: {"result":0,"time":"02-19 16:33:18.722","steps":[{"result":0,"consume":72,"name":"clickConversationItem"},{"result":0,"consume":9,"name":"onCreate"},{"result":0,"consume":9,"name":"onCreate"},{"result":0,"consume":292,"name":"onCreateView"},{"result":0,"consume":2,"name":"onResume@ChattingFragment"},{"result":0,"consume":0,"name":"getCustomView@ChattingFragment"},{"result":0,"consume":0,"name":"adapterNotifyDataSetChanged@ChattingFragment"},{"result":0,"consume":0,"name":"presenter.onResume@ChattingFragment"}],"consume":622,"name":"openChattingActivity"}
02-19 16:33:24.449 32434-32553/com.comtop.mim D/Tracker: dump completed, sSessionMap.size=0
02-19 16:34:10.932 32434-32434/com.comtop.mim I/YWConversationManagerImpl: removeConversationListener
02-19 16:34:10.936 32434-32434/com.comtop.mim D/IMChannel: onActivityPaused:com.alibaba.mobileim.ui.WxChattingActvity
02-19 16:34:10.957 32434-32434/com.comtop.mim I/YWConversationManagerImpl: removeConversationListener
02-19 16:34:10.960 32434-32434/com.comtop.mim D/YWContactManagerImpl: removeProfileUpdateListener = com.alibaba.mobileim.kit.chat.ChattingFragment$5@4324e9b8
02-19 16:34:10.972 32434-32434/com.comtop.mim D/IMChannel: onActivityStarted:ui.MainActivity
02-19 16:34:10.973 32434-32434/com.comtop.mim D/IMChannel: onActivityResumed:ui.MainActivity
02-19 16:34:10.973 32434-32434/com.comtop.mim I/Native: InetIO_SetForeground 1
02-19 16:34:10.978 32434-32747/com.comtop.mim I/Native: InetIO_ngetLoginState
02-19 16:34:10.978 32434-32747/com.comtop.mim I/Native: current user idvj1r4l000150888766a901
02-19 16:34:10.979 32434-32747/com.comtop.mim I/EgoAccount.api: getLoginState:3
02-19 16:34:10.979 32434-32747/com.comtop.mim D/may: =====>im login state: success
02-19 16:34:10.979 32434-32747/com.comtop.mim I/Native: InetIO_ngetLoginState
02-19 16:34:10.979 32434-32747/com.comtop.mim I/Native: current user idvj1r4l000150888766a901
02-19 16:34:10.979 32434-32747/com.comtop.mim I/EgoAccount.api: getLoginState:3
02-19 16:34:11.247 32434-32434/com.comtop.mim D/PersistManager: get, list properties.
02-19 16:34:11.248 32434-32434/com.comtop.mim D/PersistManager: key:op.mim":"{\"clientPriority\":14464800,\"disable\":false,\"regTime\":1450233171304,\"callCount\":1,\"appKey\":\"23015524\"}"} value:
02-19 16:34:11.249 32434-32434/com.comtop.mim D/PersistManager: key:\":1,\"appKey\":\"23015524\"}"} value:
02-19 16:34:11.253 32434-32434/com.comtop.mim D/PersistManager: key:ec value:18 23:40:39 GMT+08:00 2015
02-19 16:34:11.257 32434-32434/com.comtop.mim D/PersistManager: key:23015524\"}"} value:
02-19 16:34:11.262 32434-32434/com.comtop.mim D/PersistManager: key:XPUSH_SDK_INFO_V2 value:{"com.comtop.mim":"{\"clientPriority\":14464800,\"disable\":false,\"regTime\":1453802782350,\"callCount\":1,\"appKey\":\"23232985\"}"}
02-19 16:34:11.266 32434-32434/com.comtop.mim D/PersistManager: key:push_device_id_key_v1 value:a06aw2vraf44895d___qbu732n7iuxj45e7
02-19 16:34:11.271 32434-32434/com.comtop.mim D/PersistManager: key:":1,\"appKey\":\"23015524\"}"} value:
02-19 16:34:11.275 32434-32434/com.comtop.mim D/PersistManager: key:"appKey\":\"23015524\"}"} value:
02-19 16:34:11.280 32434-32434/com.comtop.mim D/PersistManager: key:2015 value:
02-19 16:34:11.284 32434-32434/com.comtop.mim D/PersistManager: key::"{\"clientPriority\":14464800,\"disable\":false,\"regTime\":1450233171304,\"callCount\":1,\"appKey\":\"23015524\"}"} value:
02-19 16:34:11.289 32434-32434/com.comtop.mim D/PersistManager: key:304,\"callCount\":1,\"appKey\":\"23015524\"}"} value:
02-19 16:34:11.294 32434-32434/com.comtop.mim D/PersistManager: key:xpushClient__xpush_push_maxmsgid value:37565136467969
02-19 16:34:11.297 32434-32434/com.comtop.mim D/PersistManager: key:mtop.mim":"{\"clientPriority\":14464800,\"disable\":false,\"regTime\":1450233171304,\"callCount\":1,\"appKey\":\"23015524\"}"} value:
02-19 16:34:11.300 32434-32434/com.comtop.mim D/PersistManager: key:14464800,\"disable\":false,\"regTime\":1450233171304,\"callCount\":1,\"appKey\":\"23015524\"}"} value:
02-19 16:34:11.304 32434-32434/com.comtop.mim D/PersistManager: key:iority\":14464800,\"disable\":false,\"regTime\":1450233171304,\"callCount\":1,\"appKey\":\"23015524\"}"} value:
02-19 16:34:11.308 32434-32434/com.comtop.mim D/PersistManager: key:push_heart_freq_key value:{"\"lenew\"":304,"\"wifi-comtop\"":180,"\"MM_AP\"":298,"\"jacpy\"":800,"\"wifi-confine\"":180,"\".lenew-T\"":243}
02-19 16:34:11.313 32434-32434/com.comtop.mim D/PersistManager: key:push_tcms_client_id_key value:a0d0jhk6neij6wka
02-19 16:34:11.316 32434-32434/com.comtop.mim D/PersistManager: key:\"23015524\"}"} value:
02-19 16:34:11.334 32434-32434/com.comtop.mim I/YWConversationManagerImpl: addTotalUnreadChangeListener
02-19 16:34:11.334 32506-32506/com.comtop.mim:TcmsService D/TCMSService: onStart----
02-19 16:34:11.336 32506-32528/com.comtop.mim:TcmsService D/TCMSService: onHandleIntent, ------- command=xpushnative://xpush/clearWearyCheck?
02-19 16:34:11.336 32434-32434/com.comtop.mim D/may: change title used time: 0
02-19 16:34:11.337 32506-32528/com.comtop.mim:TcmsService D/TCMSService: clearWearyCheck
02-19 16:34:11.338 32434-32434/com.comtop.mim I/Native: InetIO_ngetLoginState
02-19 16:34:11.338 32434-32434/com.comtop.mim I/Native: current user idvj1r4l000150888766a901
02-19 16:34:11.338 32434-32434/com.comtop.mim I/EgoAccount.api: getLoginState:3
02-19 16:34:11.338 32434-32434/com.comtop.mim D/may: =====>im login state: success
02-19 16:34:11.338 32434-32434/com.comtop.mim I/Native: InetIO_ngetLoginState
02-19 16:34:11.338 32434-32434/com.comtop.mim I/Native: current user idvj1r4l000150888766a901
02-19 16:34:11.338 32434-32434/com.comtop.mim I/EgoAccount.api: getLoginState:3
02-19 16:34:11.338 32434-32434/com.comtop.mim D/may: ======>unread count: 13, service: com.alibaba.mobileim.lib.presenter.conversation.YWConversationManagerImpl@41f759b8
02-19 16:34:11.338 32434-32434/com.comtop.mim D/may: update msg used time: 2
02-19 16:34:11.339 32434-32434/com.comtop.mim D/may: check update used time: 0
02-19 16:34:11.339 32434-32434/com.comtop.mim D/may: locale: zh_CN
02-19 16:34:11.341 32434-32434/com.comtop.mim D/AbsHttpRequestResolver: http://msp.szcomtop.com:6888/msp-cms/router?
02-19 16:34:11.346 32434-32434/com.comtop.mim I/System.out: ---->sign=11E18A06BEE795A07DBAEF5F105234E8A796FE9F
02-19 16:34:11.346 32434-32434/com.comtop.mim I/System.out: ---->timestamp=2911658271780
02-19 16:34:11.347 32434-32434/com.comtop.mim I/System.out: ---->v=1.0
02-19 16:34:11.347 32434-32434/com.comtop.mim I/System.out: ---->nonce=2911658271780
02-19 16:34:11.347 32434-32434/com.comtop.mim I/System.out: ---->sessionId=d0f5053c-0094-4c31-8835-5d3a2b08afcb
02-19 16:34:11.347 32434-32434/com.comtop.mim I/System.out: ---->locale=zh_CN
02-19 16:34:11.348 32434-32434/com.comtop.mim I/System.out: ---->method=banner.list
02-19 16:34:11.348 32434-32434/com.comtop.mim I/System.out: ---->format=json
02-19 16:34:11.348 32434-32434/com.comtop.mim I/System.out: ---->appKey=000150888766a901
02-19 16:34:11.348 32434-32434/com.comtop.mim D/may: ---->&sign=11E18A06BEE795A07DBAEF5F105234E8A796FE9F&timestamp=2911658271780&v=1.0&nonce=2911658271780&sessionId=d0f5053c-0094-4c31-8835-5d3a2b08afcb&locale=zh_CN&method=banner.list&format=json&appKey=000150888766a901
02-19 16:34:11.350 32434-32434/com.comtop.mim D/may: locale: zh_CN
02-19 16:34:11.353 32434-32434/com.comtop.mim D/AbsHttpRequestResolver: http://msp.szcomtop.com:6888/msp-cms/router?
02-19 16:34:11.360 32434-32434/com.comtop.mim I/System.out: ---->sign=656E3C97DE39180BA165F54E5DE96713EE39F625
02-19 16:34:11.360 32434-32434/com.comtop.mim I/System.out: ---->timestamp=2911658271791
02-19 16:34:11.360 32434-32434/com.comtop.mim I/System.out: ---->v=1.0
02-19 16:34:11.361 32434-32434/com.comtop.mim I/System.out: ---->nonce=2911658271791
02-19 16:34:11.361 32434-32434/com.comtop.mim I/System.out: ---->sessionId=d0f5053c-0094-4c31-8835-5d3a2b08afcb
02-19 16:34:11.361 32434-32434/com.comtop.mim I/System.out: ---->curPage=0
02-19 16:34:11.361 32434-32434/com.comtop.mim I/System.out: ---->tag=
02-19 16:34:11.361 32434-32434/com.comtop.mim I/System.out: ---->locale=zh_CN
02-19 16:34:11.361 32434-32434/com.comtop.mim I/System.out: ---->pageSize=10
02-19 16:34:11.361 32434-32434/com.comtop.mim I/System.out: ---->method=news.page
02-19 16:34:11.361 32434-32434/com.comtop.mim I/System.out: ---->format=json
02-19 16:34:11.361 32434-32434/com.comtop.mim I/System.out: ---->appKey=000150888766a901
02-19 16:34:11.362 32434-32434/com.comtop.mim D/may: ---->&sign=656E3C97DE39180BA165F54E5DE96713EE39F625&timestamp=2911658271791&v=1.0&nonce=2911658271791&sessionId=d0f5053c-0094-4c31-8835-5d3a2b08afcb&curPage=0&tag=&locale=zh_CN&pageSize=10&method=news.page&format=json&appKey=000150888766a901
02-19 16:34:11.364 32434-32434/com.comtop.mim D/may: locale: zh_CN
02-19 16:34:11.366 32434-32434/com.comtop.mim D/AbsHttpRequestResolver: http://msp.szcomtop.com:6888/msp-ams/router?
02-19 16:34:11.369 32434-32434/com.comtop.mim I/System.out: ---->sign=61016AB03C7C853522D5D4396EA5602B9D216BFB
02-19 16:34:11.369 32434-32434/com.comtop.mim I/System.out: ---->timestamp=2911658271804
02-19 16:34:11.369 32434-32434/com.comtop.mim I/System.out: ---->v=1.0
02-19 16:34:11.369 32434-32434/com.comtop.mim I/System.out: ---->platform=android
02-19 16:34:11.369 32434-32434/com.comtop.mim I/System.out: ---->nonce=2911658271804
02-19 16:34:11.369 32434-32434/com.comtop.mim I/System.out: ---->sessionId=d0f5053c-0094-4c31-8835-5d3a2b08afcb
02-19 16:34:11.369 32434-32434/com.comtop.mim I/System.out: ---->locale=zh_CN
02-19 16:34:11.369 32434-32434/com.comtop.mim I/System.out: ---->method=workcircle.app.list
02-19 16:34:11.369 32434-32434/com.comtop.mim I/System.out: ---->format=json
02-19 16:34:11.369 32434-32434/com.comtop.mim I/System.out: ---->appKey=000150888766a901
02-19 16:34:11.369 32434-32434/com.comtop.mim D/may: ---->&sign=61016AB03C7C853522D5D4396EA5602B9D216BFB&timestamp=2911658271804&v=1.0&platform=android&nonce=2911658271804&sessionId=d0f5053c-0094-4c31-8835-5d3a2b08afcb&locale=zh_CN&method=workcircle.app.list&format=json&appKey=000150888766a901
02-19 16:34:11.372 32434-32492/com.comtop.mim D/DataBaseUtils: doContentResolverQueryWrapper uri=content://com.comtop.mim.aliwxprovider/atMessages
02-19 16:34:11.374 32434-32434/com.comtop.mim D/WxConversationFragment@kiked off:  WXAPI.getInstance(): com.alibaba.mobileim.WXAPI@41fff110
02-19 16:34:11.374 32434-32434/com.comtop.mim D/WxConversationFragment@kiked off:  WXAPI.getInstance().getLoginUserId(): 000150888766a901
02-19 16:34:11.374 32434-32434/com.comtop.mim D/WxConversationFragment@kiked off:    WXAPI.getInstance().getConversationManager(): com.alibaba.mobileim.lib.presenter.conversation.YWConversationManagerImpl@41f759b8
02-19 16:34:11.375 32434-32434/com.comtop.mim D/WxConversationFragment@kiked off:   WXAPI.getInstance().getConversationManager().getConversationList(): [com.alibaba.mobileim.lib.presenter.conversation.TribeConversation@41fd7ef0, com.alibaba.mobileim.lib.presenter.conversation.P2PConversation@422263a8, com.alibaba.mobileim.lib.presenter.conversation.P2PConversation@42229818, com.alibaba.mobileim.lib.presenter.conversation.P2PConversation@4222c1c0, com.alibaba.mobileim.lib.presenter.conversation.P2PConversation@4222e9e0, com.alibaba.mobileim.lib.presenter.conversation.P2PConversation@42200ba0, com.alibaba.mobileim.lib.presenter.conversation.P2PConversation@422039f0, com.alibaba.mobileim.lib.presenter.conversation.P2PConversation@42206440, com.alibaba.mobileim.lib.presenter.conversation.P2PConversation@42240430, com.alibaba.mobileim.lib.presenter.conversation.P2PConversation@422444d0, com.alibaba.mobileim.lib.presenter.conversation.P2PConversation@422479d0, com.alibaba.mobileim.lib.presenter.conversation.P2PConversation@4224a700, com.alibaba.mobileim.lib.presenter.conversation.P2PConversation@4200b510, com.alibaba.mobileim.lib.presenter.conversation.TribeConversation@4200def0, com.alibaba.mobileim.lib.presenter.conversation.TribeConversation@42010ca0, com.alibaba.mobileim.lib.presenter.conversation.TribeConversation@420138f0, com.alibaba.mobileim.lib.presenter.conversation.TribeConversation@42016520, com.alibaba.mobileim.lib.presenter.conversation.P2PConversation@41ffd028, com.alibaba.mobileim.lib.presenter.conversation.P2PConversation@41fffb18, com.alibaba.mobileim.lib.presenter.conversation.P2PConversation@42002430]
02-19 16:34:11.376 32434-32492/com.comtop.mim D/DataBaseUtils: doContentResolverQueryWrapper uri=content://com.comtop.mim.aliwxprovider/message
02-19 16:34:11.379 32434-32434/com.comtop.mim D/WxConversationFragment@kiked off:  mConversations: [com.alibaba.mobileim.lib.presenter.conversation.TribeConversation@41fd7ef0, com.alibaba.mobileim.lib.presenter.conversation.P2PConversation@422263a8, com.alibaba.mobileim.lib.presenter.conversation.P2PConversation@42229818, com.alibaba.mobileim.lib.presenter.conversation.P2PConversation@4222c1c0, com.alibaba.mobileim.lib.presenter.conversation.P2PConversation@4222e9e0, com.alibaba.mobileim.lib.presenter.conversation.P2PConversation@42200ba0, com.alibaba.mobileim.lib.presenter.conversation.P2PConversation@422039f0, com.alibaba.mobileim.lib.presenter.conversation.P2PConversation@42206440, com.alibaba.mobileim.lib.presenter.conversation.P2PConversation@42240430, com.alibaba.mobileim.lib.presenter.conversation.P2PConversation@422444d0, com.alibaba.mobileim.lib.presenter.conversation.P2PConversation@422479d0, com.alibaba.mobileim.lib.presenter.conversation.P2PConversation@4224a700, com.alibaba.mobileim.lib.presenter.conversation.P2PConversation@4200b510, com.alibaba.mobileim.lib.presenter.conversation.TribeConversation@4200def0, com.alibaba.mobileim.lib.presenter.conversation.TribeConversation@42010ca0, com.alibaba.mobileim.lib.presenter.conversation.TribeConversation@420138f0, com.alibaba.mobileim.lib.presenter.conversation.TribeConversation@42016520, com.alibaba.mobileim.lib.presenter.conversation.P2PConversation@41ffd028, com.alibaba.mobileim.lib.presenter.conversation.P2PConversation@41fffb18, com.alibaba.mobileim.lib.presenter.conversation.P2PConversation@42002430]
02-19 16:34:11.379 32434-32434/com.comtop.mim D/WxConversationFragment@kiked off:   mConversations.hashCode(): 201dc011
02-19 16:34:11.380 32434-32434/com.comtop.mim D/WxConversationFragment@kiked off:   WXAPI.getInstance().getConversationManager().getConversationList().hashCode(): 201dc011
02-19 16:34:11.437 32434-32492/com.comtop.mim D/dalvikvm: GC_FOR_ALLOC freed 4440K, 24% free 24720K/32372K, paused 54ms, total 55ms
02-19 16:34:11.439 32434-32492/com.comtop.mim D/DataBaseUtils: doContentResolverQueryWrapper uri=content://com.comtop.mim.aliwxprovider/atMessages
02-19 16:34:11.444 32434-32492/com.comtop.mim D/DataBaseUtils: doContentResolverQueryWrapper uri=content://com.comtop.mim.aliwxprovider/atMessages
02-19 16:34:11.447 32434-32492/com.comtop.mim D/DataBaseUtils: doContentResolverQueryWrapper uri=content://com.comtop.mim.aliwxprovider/atMessages
02-19 16:34:11.450 32434-32492/com.comtop.mim D/DataBaseUtils: doContentResolverQueryWrapper uri=content://com.comtop.mim.aliwxprovider/atMessages
02-19 16:34:11.452 32434-32492/com.comtop.mim D/DataBaseUtils: doContentResolverQueryWrapper uri=content://com.comtop.mim.aliwxprovider/atMessages
02-19 16:34:11.452 32434-823/com.comtop.mim I/HttpRequestResolveImpl: result parser is:com.comtop.mim.parser.PlugAppInfoParser
02-19 16:34:11.452 32434-823/com.comtop.mim D/HttpRequestResolveImpl: result class is: com.comtop.mim.result.PluglistResult
02-19 16:34:11.453 32434-823/com.comtop.mim D/AppCommJSONParser: ---->result: PluglistResult, {"errorToken":"@@$-ERROR_TOKEN$-@@","code":"19","message":"无效的timestamp参数","solution":"无效的timestamp,请获取合法的timestamp","subErrors":null}
02-19 16:34:11.453 32434-823/com.comtop.mim D/HttpRequestResolveImpl: handle send message.
02-19 16:34:11.455 32434-32492/com.comtop.mim D/DataBaseUtils: doContentResolverQueryWrapper uri=content://com.comtop.mim.aliwxprovider/message
02-19 16:34:11.459 32434-32492/com.comtop.mim D/DataBaseUtils: doContentResolverQueryWrapper uri=content://com.comtop.mim.aliwxprovider/atMessages
02-19 16:34:11.461 32434-32492/com.comtop.mim D/DataBaseUtils: doContentResolverQueryWrapper uri=content://com.comtop.mim.aliwxprovider/atMessages
02-19 16:34:11.462 32434-32492/com.comtop.mim D/DataBaseUtils: doContentResolverQueryWrapper uri=content://com.comtop.mim.aliwxprovider/atMessages
02-19 16:34:11.464 32434-32492/com.comtop.mim D/DataBaseUtils: doContentResolverQueryWrapper uri=content://com.comtop.mim.aliwxprovider/atMessages
02-19 16:34:11.478 32434-32446/com.comtop.mim W/MediaPlayer-JNI: MediaPlayer finalized without being released
02-19 16:34:11.486 32434-32434/com.comtop.mim D/AsyncTaskLoader: callback: com.comtop.cmf.framework.net.impl.AsyncTaskCallbackProxy@42235b20, onPost result: com.comtop.mim.result.PluglistResult
02-19 16:34:11.689 32434-32446/com.comtop.mim W/MediaPlayer-JNI: MediaPlayer finalized without being released
02-19 16:34:11.840 32434-32434/com.comtop.mim D/IMChannel: onActivityStopped:com.alibaba.mobileim.ui.WxChattingActvity
02-19 16:34:11.842 32434-32434/com.comtop.mim D/IMChannel: onActivityDestroyed:com.alibaba.mobileim.ui.WxChattingActvity
02-19 16:34:11.856 32434-32434/com.comtop.mim D/myg: start watch!
02-19 16:34:11.858 32434-32434/com.comtop.mim D/myg: com.squareup.leakcanary.RefWatcher
02-19 16:34:11.863 32434-32434/com.comtop.mim I/YWConversationManagerImpl: removeConversationListener
02-19 16:34:11.868 32434-32434/com.comtop.mim D/CloudMessageManager: recycleManager, mPNotify = null
02-19 16:34:11.871 32434-32434/com.comtop.mim D/YWContactManagerImpl: removeProfileUpdateListener = com.alibaba.mobileim.kit.chat.ChattingDetailAdapter@4324bb50
02-19 16:34:11.876 32434-32434/com.comtop.mim D/myg: start watch!
02-19 16:34:11.884 32434-32434/com.comtop.mim D/myg: com.squareup.leakcanary.RefWatcher
02-19 16:34:11.888 32434-32434/com.comtop.mim I/ChattingFragment: onDestroy
02-19 16:34:11.888 32434-32434/com.comtop.mim D/IMBaseActivity: onDestroy
02-19 16:34:11.889 32434-32434/com.comtop.mim I/WxChattingActvity: onDestroy
02-19 16:34:12.368 32434-32758/com.comtop.mim I/HttpRequestResolveImpl: result parser is:com.comtop.mim.parser.AppDefaultJSONParser
02-19 16:34:12.368 32434-32758/com.comtop.mim D/HttpRequestResolveImpl: result class is: com.comtop.mim.result.BannerResult
02-19 16:34:12.373 32434-488/com.comtop.mim I/HttpRequestResolveImpl: result parser is:com.comtop.mim.parser.AppDefaultJSONParser
02-19 16:34:12.380 32434-488/com.comtop.mim D/HttpRequestResolveImpl: result class is: com.comtop.mim.result.HomeListResult
02-19 16:34:12.390 32434-32758/com.comtop.mim D/AppCommJSONParser: ---->result: BannerResult, {"errorToken":"@@$-ERROR_TOKEN$-@@","code":"19","message":"无效的timestamp参数","solution":"无效的timestamp,请获取合法的timestamp","subErrors":null}
02-19 16:34:12.391 32434-488/com.comtop.mim D/AppCommJSONParser: ---->result: HomeListResult, {"errorToken":"@@$-ERROR_TOKEN$-@@","code":"19","message":"无效的timestamp参数","solution":"无效的timestamp,请获取合法的timestamp","subErrors":null}
02-19 16:34:12.396 32434-488/com.comtop.mim D/HttpRequestResolveImpl: handle send message.
02-19 16:34:12.400 32434-32434/com.comtop.mim D/AsyncTaskLoader: callback: com.comtop.cmf.framework.net.impl.AsyncTaskCallbackProxy@42235b20, onPost result: com.comtop.mim.result.HomeListResult
02-19 16:34:12.411 32434-32758/com.comtop.mim D/HttpRequestResolveImpl: handle send message.
02-19 16:34:12.413 32434-32434/com.comtop.mim D/AsyncTaskLoader: callback: com.comtop.cmf.framework.net.impl.AsyncTaskCallbackProxy@42235b20, onPost result: com.comtop.mim.result.BannerResult
02-19 16:34:14.355 32434-32434/com.comtop.mim D/Tracker: startSession:openChattingActivity
02-19 16:34:14.358 32434-32434/com.comtop.mim D/may: userId: 000151ecdc97a10b@ps
02-19 16:34:14.421 32434-32434/com.comtop.mim D/IMChannel: onActivityPaused:ui.MainActivity
02-19 16:34:14.424 32434-32434/com.comtop.mim I/YWConversationManagerImpl: removeTotalUnreadChangeListener
02-19 16:34:14.466 32434-32434/com.comtop.mim D/IMChannel: onActivityCreated:ui.ServiceIMActivity
02-19 16:34:14.469 32434-32434/com.comtop.mim D/may: locale: zh_CN
02-19 16:34:14.470 32434-32434/com.comtop.mim D/AbsHttpRequestResolver: http://msp.szcomtop.com:6888/msp-pubservice/router?
02-19 16:34:14.472 32434-32434/com.comtop.mim I/System.out: ---->sign=3C980DCEE06141CD7494FEF6E3BCB1AC191E7118
02-19 16:34:14.472 32434-32434/com.comtop.mim I/System.out: ---->timestamp=2911658274910
02-19 16:34:14.472 32434-32434/com.comtop.mim I/System.out: ---->pubserviceId=000151ecdc97a10b@ps
02-19 16:34:14.472 32434-32434/com.comtop.mim I/System.out: ---->v=1.0
02-19 16:34:14.473 32434-32434/com.comtop.mim I/System.out: ---->nonce=2911658274910
02-19 16:34:14.473 32434-32434/com.comtop.mim I/System.out: ---->sessionId=d0f5053c-0094-4c31-8835-5d3a2b08afcb
02-19 16:34:14.473 32434-32434/com.comtop.mim I/System.out: ---->locale=zh_CN
02-19 16:34:14.473 32434-32434/com.comtop.mim I/System.out: ---->method=pubservice.info
02-19 16:34:14.473 32434-32434/com.comtop.mim I/System.out: ---->format=json
02-19 16:34:14.473 32434-32434/com.comtop.mim I/System.out: ---->appKey=000150888766a901
02-19 16:34:14.474 32434-32434/com.comtop.mim D/may: ---->&sign=3C980DCEE06141CD7494FEF6E3BCB1AC191E7118&timestamp=2911658274910&pubserviceId=000151ecdc97a10b@ps&v=1.0&nonce=2911658274910&sessionId=d0f5053c-0094-4c31-8835-5d3a2b08afcb&locale=zh_CN&method=pubservice.info&format=json&appKey=000150888766a901
02-19 16:34:14.475 32434-32434/com.comtop.mim D/IMChannel: onActivityStarted:ui.ServiceIMActivity
02-19 16:34:14.475 32434-32434/com.comtop.mim D/IMChannel: onActivityResumed:ui.ServiceIMActivity
02-19 16:34:14.475 32434-32434/com.comtop.mim I/Native: InetIO_SetForeground 1
02-19 16:34:14.516 32434-32758/com.comtop.mim I/HttpRequestResolveImpl: result parser is:com.comtop.mim.parser.AppDefaultJSONParser
02-19 16:34:14.516 32434-32758/com.comtop.mim D/HttpRequestResolveImpl: result class is: com.comtop.mim.result.ServiceNoInfoResult
02-19 16:34:14.517 32434-32758/com.comtop.mim D/AppCommJSONParser: ---->result: ServiceNoInfoResult, {"state":"0","message":"服务号信息获取成功","data":{"createDate":"2015-12-29 16:30:58","updateDate":"2015-12-29 16:30:58","pubserviceId":"000151ecdc97a10b@ps","pubserviceName":"投票系统","recommend":"投票系统","isOpenServer":"1","subscribeByOrg":"0"}}
02-19 16:34:14.550 32434-32758/com.comtop.mim D/HttpRequestResolveImpl: handle send message.
02-19 16:34:14.626 32434-32434/com.comtop.mim D/PersistManager: get, list properties.
02-19 16:34:14.630 32434-32434/com.comtop.mim D/PersistManager: key:op.mim":"{\"clientPriority\":14464800,\"disable\":false,\"regTime\":1450233171304,\"callCount\":1,\"appKey\":\"23015524\"}"} value:
02-19 16:34:14.634 32434-32434/com.comtop.mim D/PersistManager: key:\":1,\"appKey\":\"23015524\"}"} value:
02-19 16:34:14.637 32434-32434/com.comtop.mim D/PersistManager: key:ec value:18 23:40:39 GMT+08:00 2015
02-19 16:34:14.640 32434-32434/com.comtop.mim D/PersistManager: key:23015524\"}"} value:
