02-19 16:34:14.643 32434-32434/com.comtop.mim D/PersistManager: key:XPUSH_SDK_INFO_V2 value:{"com.comtop.mim":"{\"clientPriority\":14464800,\"disable\":false,\"regTime\":1453802782350,\"callCount\":1,\"appKey\":\"23232985\"}"}
02-19 16:34:14.645 32434-32434/com.comtop.mim D/PersistManager: key:push_device_id_key_v1 value:a06aw2vraf44895d___qbu732n7iuxj45e7
02-19 16:34:14.646 32434-32434/com.comtop.mim D/PersistManager: key:":1,\"appKey\":\"23015524\"}"} value:
02-19 16:34:14.646 32434-32434/com.comtop.mim D/PersistManager: key:"appKey\":\"23015524\"}"} value:
02-19 16:34:14.654 32434-32434/com.comtop.mim D/PersistManager: key:2015 value:
02-19 16:34:14.654 32434-32434/com.comtop.mim D/PersistManager: key::"{\"clientPriority\":14464800,\"disable\":false,\"regTime\":1450233171304,\"callCount\":1,\"appKey\":\"23015524\"}"} value:
02-19 16:34:14.654 32434-32434/com.comtop.mim D/PersistManager: key:304,\"callCount\":1,\"appKey\":\"23015524\"}"} value:
02-19 16:34:14.659 32434-32434/com.comtop.mim D/PersistManager: key:xpushClient__xpush_push_maxmsgid value:37565136467969
02-19 16:34:14.660 32434-32434/com.comtop.mim D/PersistManager: key:mtop.mim":"{\"clientPriority\":14464800,\"disable\":false,\"regTime\":1450233171304,\"callCount\":1,\"appKey\":\"23015524\"}"} value:
02-19 16:34:14.660 32434-32434/com.comtop.mim D/PersistManager: key:14464800,\"disable\":false,\"regTime\":1450233171304,\"callCount\":1,\"appKey\":\"23015524\"}"} value:
02-19 16:34:14.668 32434-32434/com.comtop.mim D/PersistManager: key:iority\":14464800,\"disable\":false,\"regTime\":1450233171304,\"callCount\":1,\"appKey\":\"23015524\"}"} value:
02-19 16:34:14.668 32434-32434/com.comtop.mim D/PersistManager: key:push_heart_freq_key value:{"\"lenew\"":304,"\"wifi-comtop\"":180,"\"MM_AP\"":298,"\"jacpy\"":800,"\"wifi-confine\"":180,"\".lenew-T\"":243}
02-19 16:34:14.669 32434-32434/com.comtop.mim D/PersistManager: key:push_tcms_client_id_key value:a0d0jhk6neij6wka
02-19 16:34:14.673 32434-32434/com.comtop.mim D/PersistManager: key:\"23015524\"}"} value:
02-19 16:34:14.706 32506-32506/com.comtop.mim:TcmsService D/TCMSService: onStart----
02-19 16:34:14.707 32506-32528/com.comtop.mim:TcmsService D/TCMSService: onHandleIntent, ------- command=xpushnative://xpush/clearWearyCheck?
02-19 16:34:14.707 32506-32528/com.comtop.mim:TcmsService D/TCMSService: clearWearyCheck
02-19 16:34:14.729 32434-32434/com.comtop.mim D/AsyncTaskLoader: callback: com.comtop.cmf.framework.net.impl.AsyncTaskCallbackProxy@42cfa1e0, onPost result: com.comtop.mim.result.ServiceNoInfoResult
02-19 16:34:14.729 32434-32434/com.comtop.mim D/may: ChattingOperationCustomSample constructor.
02-19 16:34:14.747 32434-32434/com.comtop.mim I/ChattingFragment: init, mIsInitCalled = true
02-19 16:34:14.747 32434-32434/com.comtop.mim I/ChattingFragment: onCreate
02-19 16:34:14.788 32434-32434/com.comtop.mim D/YWConversationManagerImpl: getConversationByUserId prefix=idvj1r4l
02-19 16:34:14.788 32434-32434/com.comtop.mim D/YWContactManagerImpl: getContactProfileInfo userId=000151ecdc97a10b@ps appkey=23232985
02-19 16:34:14.789 32434-32434/com.comtop.mim I/IMProfileCacheUtil: getDefaultProfileCallback
02-19 16:34:14.789 32434-32434/com.comtop.mim I/IMProfileCacheUtil: geDefaultCrossProfileCallback
02-19 16:34:14.789 32434-32434/com.comtop.mim D/YWContactManagerImpl: defaultCallbak called
02-19 16:34:14.789 32434-32434/com.comtop.mim D/YWContactManagerImpl: result is null
02-19 16:34:14.793 32434-32434/com.comtop.mim D/YWConversationManagerImpl: getConversationByUserId prefix=idvj1r4l
02-19 16:34:14.794 32434-32434/com.comtop.mim D/YWContactManagerImpl: getContactProfileInfo userId=000151ecdc97a10b@ps appkey=23232985
02-19 16:34:14.794 32434-32434/com.comtop.mim I/IMProfileCacheUtil: getDefaultProfileCallback
02-19 16:34:14.794 32434-32434/com.comtop.mim I/IMProfileCacheUtil: geDefaultCrossProfileCallback
02-19 16:34:14.794 32434-32434/com.comtop.mim D/YWContactManagerImpl: defaultCallbak called
02-19 16:34:14.794 32434-32434/com.comtop.mim D/YWContactManagerImpl: result is null
02-19 16:34:14.802 32434-32434/com.comtop.mim I/YWContactManagerImpl: getCrossContactProfileCallback, temp = null
02-19 16:34:14.802 32434-32434/com.comtop.mim I/IMProfileCacheUtil: geDefaultCrossProfileCallback
02-19 16:34:14.907 32434-32434/com.comtop.mim D/setting: reset
02-19 16:34:14.920 32434-32434/com.comtop.mim D/setting: reset
02-19 16:34:14.931 32434-32434/com.comtop.mim D/setting: reset
02-19 16:34:14.943 32434-32434/com.comtop.mim D/setting: reset
02-19 16:34:14.954 32434-32434/com.comtop.mim I/YWConversationManagerImpl: addConversationListener
02-19 16:34:14.958 32434-32434/com.comtop.mim D/CloudMessageManager: getCloudMessages: mIsAlwaysGetFromLocal = false
02-19 16:34:14.962 32434-32434/com.comtop.mim D/CloudMessageManager: initManagerCallback, notify = com.alibaba.mobileim.lib.presenter.message.MessageList@422264e0, mPNotify = java.lang.ref.WeakReference@42d3fd20
02-19 16:34:14.965 32434-32434/com.comtop.mim I/YWConversationManagerImpl: markReaded
02-19 16:34:14.976 32434-32434/com.comtop.mim I/openimprotocol@native: ImReqMessageRead_packData
02-19 16:34:14.979 32434-32434/com.comtop.mim I/openimprotocol@native: ImReqMessageRead_packData success!
02-19 16:34:14.983 32434-3221/com.comtop.mim D/CloudMessageManager: mIsBatchSuccess = true打开聊天窗口，开始从本地获取漫游消息
02-19 16:34:14.988 32434-3221/com.comtop.mim D/DataBaseUtils: doContentResolverQueryWrapper uri=content://com.comtop.mim.aliwxprovider/message
02-19 16:34:14.993 32434-3221/com.comtop.mim D/MessageLoader: cursor count2
02-19 16:34:15.004 32434-3221/com.comtop.mim D/CloudMessageManager: 开始从本地获取漫游消息！
02-19 16:34:15.007 32434-32434/com.comtop.mim D/test: cmdId:16777746
02-19 16:34:15.007 32434-32434/com.comtop.mim I/SocketChannel.api: readP2PMessage invalid
02-19 16:34:15.008 32434-32434/com.comtop.mim D/ConversationModel: this.unReadCount = 1, unReadCount = 0
02-19 16:34:15.008 32434-32434/com.comtop.mim D/DataBaseUtils: updateValue uri=content://com.comtop.mim.aliwxprovider/conversation ContentValues
02-19 16:34:15.009 32434-32434/com.comtop.mim D/IMPushNotificationHandler: yiqiu.wang cancelNotification
02-19 16:34:15.009 32434-32492/com.comtop.mim D/InetIO: asyncCall，  cmdid：16777746 appId:100817 bizId:0
02-19 16:34:15.013 32434-32434/com.comtop.mim D/ChattingFragment: unReadAtMsg:null msgId:null
02-19 16:34:15.016 32434-32492/com.comtop.mim I/Native: InetIO_asyncCall
02-19 16:34:15.018 32434-32492/com.comtop.mim I/WXContext@idvj1r4l000150888766a901@login: extrahead:idvj1r4l000150888766a901, reserved:1
02-19 16:34:15.021 32434-32492/com.comtop.mim I/inetimpl@native@im@msg: PostMsg,cmdid=0x1000212,seqid=48,cmdtype=0,compress=1,encrypted=28
02-19 16:34:15.024 32434-32492/com.comtop.mim D/packagesize: headerlen:52, bodylen:64, extraheadlen:24
02-19 16:34:15.026 32434-32492/com.comtop.mim D/IMPushNotificationHandler: yiqiu.wang cancelNotifyInternal
02-19 16:34:15.026 32434-32699/com.comtop.mim I/inetimpl@native@im@msg@sendbytes: 122,fd=72,error=11
02-19 16:34:15.050 32506-32673/com.comtop.mim:TcmsService I/LocalSocketServer@native@tcms: poll fd:58, event:1
02-19 16:34:15.052 32506-32673/com.comtop.mim:TcmsService I/jni/inet/android/native/common/calljava.cpp: nativeLog
02-19 16:34:15.055 32506-32550/com.comtop.mim:TcmsService W/tcminetimpl@native@tcms@msgmynative: PostMsg,interface=wx,method=s,seqid=54,sessionid:2,cmdtype=2,compress=0,encrypted=0
02-19 16:34:15.057 32506-32550/com.comtop.mim:TcmsService I/nativeLog: begin native log
02-19 16:34:15.061 32506-32673/com.comtop.mim:TcmsService I/tcminetimpl@native@tcms: postData2Server, seqid:54, data.len:138
02-19 16:34:15.064 32506-32673/com.comtop.mim:TcmsService I/tcminetimpl@native@tcms: postData2Server, m_seqtsMap.len:0
02-19 16:34:15.068 32434-32434/com.comtop.mim D/YWContactManagerImpl: addProfileUpdateListener = com.alibaba.mobileim.kit.chat.ChattingDetailAdapter@42509d00
02-19 16:34:15.069 32434-32434/com.comtop.mim D/YWContactManagerImpl: addProfileUpdateListener = com.alibaba.mobileim.kit.chat.ChattingFragment$5@42d47dd0
02-19 16:34:15.070 32434-32434/com.comtop.mim I/ChattingFragment: onCreateView
02-19 16:34:15.070 32506-32572/com.comtop.mim:TcmsService I/jni/inet/android/native/common/calljava.cpp: nativeLog
02-19 16:34:15.071 32506-32550/com.comtop.mim:TcmsService W/tcminetimpl@native@tcms@msg@sendbytesmynative: 138,fd=56,error=11
02-19 16:34:15.071 32506-32550/com.comtop.mim:TcmsService I/nativeLog: begin native log
02-19 16:34:15.121 32506-32572/com.comtop.mim:TcmsService I/jni/inet/android/native/common/calljava.cpp: nativeLog
02-19 16:34:15.121 32506-32550/com.comtop.mim:TcmsService W/tcminetimpl@native@tcms@msg@recvbytesmynative: 49,fd=56,bufsize=49
02-19 16:34:15.121 32506-32550/com.comtop.mim:TcmsService I/nativeLog: begin native log
02-19 16:34:15.121 32506-32572/com.comtop.mim:TcmsService I/SccomHelper@native: 包未加密
02-19 16:34:15.121 32506-32572/com.comtop.mim:TcmsService I/jni/inet/android/native/common/calljava.cpp: nativeLog
02-19 16:34:15.121 32506-32575/com.comtop.mim:TcmsService I/TcmInet@native@tcms: INetImpl::GetMsg, seqid=0,interface=wx,method=s, errcode=0,msgtype=2
02-19 16:34:15.121 32506-32573/com.comtop.mim:TcmsService I/TcmInet@native@tcms: clientServiceThrFunc get one notify,interface=wx, method=s, sessionId=2, seqid=0
02-19 16:34:15.122 32506-32573/com.comtop.mim:TcmsService D/tcmsposix@native@tcms: get a notify, sessionId:2, interface:wx, method:s, 
02-19 16:34:15.122 32506-32573/com.comtop.mim:TcmsService I/LocalSocketServer@native@tcms: exitPoll
02-19 16:34:15.122 32434-32699/com.comtop.mim I/inetimpl@native@im@msg@recvbytes: 32,fd=72,bufsize=32
02-19 16:34:15.122 32434-32699/com.comtop.mim I/inetimpl@native@im@msg@recv: 接收到消息, seqid=48
02-19 16:34:15.122 32434-32699/com.comtop.mim I/inetimpl@native@im@msg: SaveRspMsg,cmdid=0x1010212,seqid=4294967344,cmdtype=0,compress=0,encrypted=7
02-19 16:34:15.122 32506-32550/com.comtop.mim:TcmsService W/tcminetimpl@native@tcms@msgmynative: SaveRspMsg,interface=wx,method=s,seqid=0,sessionId=2,cmdtype=2
02-19 16:34:15.122 32434-32701/com.comtop.mim I/InetIO: ResponseSuccess, cmdid:16777746
02-19 16:34:15.122 32506-32550/com.comtop.mim:TcmsService I/nativeLog: begin native log
02-19 16:34:15.122 32434-32701/com.comtop.mim D/WXServiceCallbackDefault.api: cmdid:16777746 state: true
02-19 16:34:15.122 32506-32572/com.comtop.mim:TcmsService I/jni/inet/android/native/common/calljava.cpp: resetRTCWakeup
02-19 16:34:15.123 32506-32550/com.comtop.mim:TcmsService W/JNIUtil: resetRTCWakeup
02-19 16:34:15.123 32506-32550/com.comtop.mim:TcmsService D/XPushJNI@Native: com_alibaba_tcms_service_TCMPush_getHeartbeatInterval
02-19 16:34:15.133 32506-32550/com.comtop.mim:TcmsService I/WakeupAlarmManager: alarm setExact rtc_wakeup 298000
02-19 16:34:15.133 32506-32550/com.comtop.mim:TcmsService I/TCMStaticDelegate: call resetRTCWakeup
02-19 16:34:15.180 32434-32434/com.comtop.mim D/may: locale: zh_CN
02-19 16:34:15.181 32434-32434/com.comtop.mim D/AbsHttpRequestResolver: http://msp.szcomtop.com:6888/msp-pubservice/router?
02-19 16:34:15.183 32434-32434/com.comtop.mim I/System.out: ---->sign=6424239D3F8B336960D9D157B254463CAB7CF235
02-19 16:34:15.183 32434-32434/com.comtop.mim I/System.out: ---->timestamp=2911658275621
02-19 16:34:15.183 32434-32434/com.comtop.mim I/System.out: ---->pubserviceId=000151ecdc97a10b@ps
02-19 16:34:15.183 32434-32434/com.comtop.mim I/System.out: ---->v=1.0
02-19 16:34:15.183 32434-32434/com.comtop.mim I/System.out: ---->nonce=2911658275621
02-19 16:34:15.183 32434-32434/com.comtop.mim I/System.out: ---->sessionId=d0f5053c-0094-4c31-8835-5d3a2b08afcb
02-19 16:34:15.183 32434-32434/com.comtop.mim I/System.out: ---->locale=zh_CN
02-19 16:34:15.183 32434-32434/com.comtop.mim I/System.out: ---->method=pubservice.menuconf
02-19 16:34:15.183 32434-32434/com.comtop.mim I/System.out: ---->format=json
02-19 16:34:15.183 32434-32434/com.comtop.mim I/System.out: ---->appKey=000150888766a901
02-19 16:34:15.183 32434-32434/com.comtop.mim D/may: ---->&sign=6424239D3F8B336960D9D157B254463CAB7CF235&timestamp=2911658275621&pubserviceId=000151ecdc97a10b@ps&v=1.0&nonce=2911658275621&sessionId=d0f5053c-0094-4c31-8835-5d3a2b08afcb&locale=zh_CN&method=pubservice.menuconf&format=json&appKey=000150888766a901
02-19 16:34:15.191 32434-32434/com.comtop.mim D/YWContactManagerImpl: getContactProfileInfo userId=000151ecdc97a10b@ps appkey=23232985
02-19 16:34:15.191 32434-32434/com.comtop.mim I/IMProfileCacheUtil: getDefaultProfileCallback
02-19 16:34:15.191 32434-32434/com.comtop.mim I/IMProfileCacheUtil: geDefaultCrossProfileCallback
02-19 16:34:15.191 32434-32434/com.comtop.mim D/YWContactManagerImpl: defaultCallbak called
02-19 16:34:15.191 32434-32434/com.comtop.mim D/YWContactManagerImpl: result is null
02-19 16:34:15.192 32434-32434/com.comtop.mim D/Tracker: endSession:openChattingActivity
02-19 16:34:15.192 32434-32434/com.comtop.mim D/Tracker: call dump task.
02-19 16:34:15.193 32434-32434/com.comtop.mim I/ChattingFragment: onResume
02-19 16:34:15.212 32434-32758/com.comtop.mim I/HttpRequestResolveImpl: result parser is:com.comtop.mim.parser.AppDefaultJSONParser
02-19 16:34:15.212 32434-32758/com.comtop.mim D/HttpRequestResolveImpl: result class is: com.comtop.mim.result.ServiceNoMenuResult
02-19 16:34:15.319 32434-32758/com.comtop.mim D/AppCommJSONParser: ---->result: ServiceNoMenuResult, {"state":"0","message":"获取子定义菜单成功","data":[]}
02-19 16:34:15.459 32434-32758/com.comtop.mim D/HttpRequestResolveImpl: handle send message.
02-19 16:34:15.466 32434-32434/com.comtop.mim D/ConversationAdapter: hasUnreadAtMsg:false
02-19 16:34:15.468 32434-32434/com.comtop.mim D/AndroidRuntime: Shutting down VM
02-19 16:34:15.472 32434-32434/com.comtop.mim W/dalvikvm: threadid=1: thread exiting with uncaught exception (group=0x41674d40)
                                                          java.lang.NullPointerException
                                                              at com.alibaba.mobileim.kit.conversation.ConversationAdapter.getView(ConversationAdapter.java:414)
                                                              at android.widget.HeaderViewListAdapter.getView(HeaderViewListAdapter.java:220)
                                                              at android.widget.AbsListView.obtainView(AbsListView.java:2255)
                                                              at android.widget.ListView.makeAndAddView(ListView.java:1790)
                                                              at android.widget.ListView.fillDown(ListView.java:691)
                                                              at android.widget.ListView.fillSpecific(ListView.java:1349)
                                                              at android.widget.ListView.layoutChildren(ListView.java:1608)
                                                              at com.alibaba.mobileim.fundamental.widget.refreshlist.PullToRefreshListView$InternalListView.layoutChildren(PullToRefreshListView.java:305)
                                                              at android.widget.AbsListView.onLayout(AbsListView.java:2087)
                                                              at android.view.View.layout(View.java:14860)
                                                              at android.view.ViewGroup.layout(ViewGroup.java:4643)
                                                              at android.widget.FrameLayout.layoutChildren(FrameLayout.java:453)
                                                              at android.widget.FrameLayout.onLayout(FrameLayout.java:388)
                                                              at android.view.View.layout(View.java:14860)
                                                              at android.view.ViewGroup.layout(ViewGroup.java:4643)
                                                              at android.widget.LinearLayout.setChildFrame(LinearLayout.java:1671)
                                                              at android.widget.LinearLayout.layoutVertical(LinearLayout.java:1525)
                                                              at android.widget.LinearLayout.onLayout(LinearLayout.java:1434)
                                                              at android.view.View.layout(View.java:14860)
                                                              at android.view.ViewGroup.layout(ViewGroup.java:4643)
                                                              at android.widget.RelativeLayout.onLayout(RelativeLayout.java:1055)
                                                              at android.view.View.layout(View.java:14860)
                                                              at android.view.ViewGroup.layout(ViewGroup.java:4643)
                                                              at android.widget.FrameLayout.layoutChildren(FrameLayout.java:453)
                                                              at android.widget.FrameLayout.onLayout(FrameLayout.java:388)
                                                              at android.view.View.layout(View.java:14860)
                                                              at android.view.ViewGroup.layout(ViewGroup.java:4643)
                                                              at android.widget.FrameLayout.layoutChildren(FrameLayout.java:453)
                                                              at android.widget.FrameLayout.onLayout(FrameLayout.java:388)
                                                              at android.view.View.layout(View.java:14860)
                                                              at android.view.ViewGroup.layout(ViewGroup.java:4643)
                                                              at android.widget.FrameLayout.layoutChildren(FrameLayout.java:453)
                                                              at android.widget.FrameLayout.onLayout(FrameLayout.java:388)
                                                              at android.view.View.layout(View.java:14860)
                                                              at android.view.ViewGroup.layout(ViewGroup.java:4643)
                                                              at android.widget.FrameLayout.layoutChildren(FrameLayout.java:453)
                                                              at android.widget.FrameLayout.onLayout(FrameLayout.java:388)
                                                              at android.view.View.layout(View.java:14860)
                                                              at android.view.ViewGroup.layout(ViewGroup.java:4643)
                                                              at android.widget.RelativeLayout.onLayout(RelativeLayout.java:1055)
                                                              at android.view.View.layout(View.java:14860)
                                                              at android.view.ViewGroup.layout(ViewGroup.java:4643)
                                                              at android.widget.LinearLayout.setChildFrame(LinearLayout.java:1671)
                                                              at android.widget.LinearLayout.layoutVertical(LinearLayout.java:1525)
                                                              at android.widget.LinearLayout.onLayout(LinearLayout.java:1434)
                                                              at android.view.View.layout(View.java:14860)
                                                              at android.view.ViewGroup.layout(ViewGroup.java:4643)
                                                              at android.widget.FrameLayout.layoutChildren(FrameLayout.java:453)
                                                              at android.widget.FrameLayout.onLayout(FrameLayout.java:388)
                                                              at android.view.View.layout(View.java:14860)
                                                              at android.view.ViewGroup.layout(ViewGroup.java:4643)
                                                              at android.widget.LinearLayout.setChildFrame(LinearLayout.java:1671)
                                                              at android.widget.LinearLayout.layoutVertical(LinearLayout.java:1525)
                                                              at android.widget.LinearLayout.onLayout(LinearLayout.java:1434)
                                                              at android.view.View.layout(View.java:14860)
                                                              at android.view.ViewGroup.layout(ViewGroup.java:4643)
                                                              at android.widget.FrameLayout.layoutChildren(FrameLayout.java:453)
                                                              at android.widget.FrameLayout.onLayout(FrameLayout.java:388)
                                                              at android.view.View.layout(View.java:14860)
                                                              at android.view.ViewGroup.layout(ViewGroup.java:4643)
                                                              at android.view.ViewRootImpl.performLayout(ViewRootImpl.java:2013)
                                                              at android.view.ViewRootImpl.performTraversals(ViewRootImpl.java:1770)
                                                              at android.view.ViewRootImpl.doTraversal(ViewRootImpl.java:1019)
                                                          	at android.view.ViewRootImpl$Traversa
02-19 16:34:18.532 32434-32434/com.comtop.mim I/Process: Sending signal. PID: 32434 SIG: 9
02-19 16:34:18.644 32506-32673/com.comtop.mim:TcmsService I/LocalSocketServer@native@tcms: poll fd:58, event:11
02-19 16:34:18.647 32506-32673/com.comtop.mim:TcmsService I/LocalSocketServer@native@tcms: session 2 have closed by TcpClient, fd:58, what:11
02-19 16:34:18.656 32506-32673/com.comtop.mim:TcmsService I/jni/inet/android/native/common/calljava.cpp: nativeLog
02-19 16:34:18.659 32506-32550/com.comtop.mim:TcmsService W/TcpClient@native@tcmsmynative: TcpClient sessionId:2 stoping.
02-19 16:34:18.660 32506-32550/com.comtop.mim:TcmsService I/nativeLog: begin native log
02-19 16:34:18.660 32506-32673/com.comtop.mim:TcmsService I/tcmsposix@native@tcms: destroyVConn 2
02-19 16:34:18.660 32506-32673/com.comtop.mim:TcmsService I/tcmsposix@native@tcms: delete session 2.
02-19 16:34:18.660 32506-32673/com.comtop.mim:TcmsService I/tcmsposix@native@tcms: delete session 2 from mHandleBySid
02-19 16:34:18.660 32506-32673/com.comtop.mim:TcmsService I/tcmsposix@native@tcms: delSessionId session 2.
02-19 16:34:18.660 32506-32673/com.comtop.mim:TcmsService I/jni/inet/android/native/common/calljava.cpp: nativeLog
02-19 16:34:18.660 32506-32550/com.comtop.mim:TcmsService W/tcmsposix@native@tcmsmynative: mSessionMap reset:2
02-19 16:34:18.661 32506-32550/com.comtop.mim:TcmsService I/nativeLog: begin native log
02-19 16:34:18.661 32506-32673/com.comtop.mim:TcmsService I/tcminetimpl@native@tcms: enter INetImpl::closeFd,fd=58
02-19 16:34:18.661 32506-32673/com.comtop.mim:TcmsService I/LocalSocketServer@native@tcms: delClientByFd, close fd:-1
02-19 16:34:22.820 32506-32572/com.comtop.mim:TcmsService I/jni/inet/android/native/common/calljava.cpp: nativeLog
02-19 16:34:22.851 32506-32550/com.comtop.mim:TcmsService W/tcminetimpl@native@tcms@msg@recvbytesmynative: 308,fd=56,bufsize=308
02-19 16:34:22.853 32506-32550/com.comtop.mim:TcmsService I/nativeLog: begin native log
02-19 16:34:22.868 32506-32572/com.comtop.mim:TcmsService I/SccomHelper@native: 包未加密
02-19 16:34:22.881 32506-32572/com.comtop.mim:TcmsService I/jni/inet/android/native/common/calljava.cpp: nativeLog
02-19 16:34:22.892 32506-32575/com.comtop.mim:TcmsService I/TcmInet@native@tcms: INetImpl::GetMsg, seqid=0,interface=wx,method=s, errcode=0,msgtype=2
02-19 16:34:22.908 32506-32573/com.comtop.mim:TcmsService I/TcmInet@native@tcms: clientServiceThrFunc get one notify,interface=wx, method=s, sessionId=2, seqid=0
02-19 16:34:22.911 32506-32573/com.comtop.mim:TcmsService D/tcmsposix@native@tcms: get a notify, sessionId:2, interface:wx, method:s, 
02-19 16:34:22.913 32506-32573/com.comtop.mim:TcmsService I/jni/inet/android/native/common/calljava.cpp: nativeLog
02-19 16:34:22.917 32506-32550/com.comtop.mim:TcmsService W/tcminetimpl@native@tcms@msgmynative: SaveRspMsg,interface=wx,method=s,seqid=0,sessionId=2,cmdtype=2
02-19 16:34:22.929 32506-32550/com.comtop.mim:TcmsService I/nativeLog: begin native log
02-19 16:34:22.936 32506-32550/com.comtop.mim:TcmsService W/tcmsposix@native@tcmsmynative: get a notify, sessionId:2 , ClientHandlePtr is null.
02-19 16:34:22.941 32506-32550/com.comtop.mim:TcmsService I/nativeLog: begin native log
02-19 16:34:26.916 32506-32572/com.comtop.mim:TcmsService I/jni/inet/android/native/common/calljava.cpp: nativeLog
02-19 16:34:26.942 32506-32550/com.comtop.mim:TcmsService W/tcminetimpl@native@tcms@msg@recvbytesmynative: 118,fd=56,bufsize=118